Solver command line: ['/share/apps/gurobi/12.0.0/bin/gurobi.sh']

Set parameter TokenServer to value "10.1.1.1"
Read LP format model from file /mnt/beegfs/users/ehsanno/openempire/tmphhtxqriw.pyomo.lp
Reading time = 12.13 seconds
x1: 4862832 rows, 4413963 columns, 16400776 nonzeros
Set parameter QCPDual to value 1
Set parameter Method to value 2
Set parameter Crossover to value 0
Set parameter Presolve to value -1
Gurobi Optimizer version 12.0.0 build v12.0.0rc1 (linux64 - "CentOS Linux 7 (Core)")

CPU model: Intel(R) Xeon(R) Gold 6244 CPU @ 3.60GHz, instruction set [SSE2|AVX|AVX2|AVX512]
Thread count: 16 physical cores, 32 logical processors, using up to 32 threads

Non-default parameters:
Method  2
Crossover  0
QCPDual  1

Optimize a model with 4862832 rows, 4413963 columns and 16400776 nonzeros
Model fingerprint: 0xc6dd7fb9
Coefficient statistics:
  Matrix range     [1e-03, 3e+01]
  Objective range  [4e-03, 5e+06]
  Bounds range     [1e+00, 1e+00]
  RHS range        [1e+00, 6e+08]
Presolve removed 1109494 rows and 754869 columns (presolve time = 5s)...
Presolve removed 1111330 rows and 754869 columns (presolve time = 10s)...
Presolve removed 1111330 rows and 754869 columns
Presolve time: 10.49s
Presolved: 3751502 rows, 3659094 columns, 13169610 nonzeros
Elapsed ordering time = 5s
Ordering time: 12.03s

Barrier statistics:
 Dense cols : 1092
 AA' NZ     : 1.083e+07
 Factor NZ  : 1.083e+08 (roughly 4.0 GB of memory)
 Factor Ops : 4.518e+10 (less than 1 second per iteration)
 Threads    : 16

                  Objective                Residual
Iter       Primal          Dual         Primal    Dual     Compl     Time
   0   3.28080600e+17 -6.06818113e+15  9.08e+11 4.58e+04  1.32e+13    29s
   1   2.62961762e+17 -8.56169915e+15  6.92e+11 4.77e+05  8.38e+12    32s
   2   2.36434298e+17 -3.69895085e+16  6.09e+11 3.69e+05  7.37e+12    34s
   3   2.01475691e+17 -9.62019290e+16  5.04e+11 2.18e+05  5.96e+12    37s
   4   1.51923698e+17 -1.53624076e+17  3.73e+11 5.42e+04  4.20e+12    40s
   5   1.11755570e+17 -1.73302037e+17  2.72e+11 1.88e+04  3.15e+12    43s
   6   6.44081458e+16 -1.76835891e+17  1.54e+11 7.37e+03  1.82e+12    46s
   7   3.19765002e+16 -1.68558043e+17  7.57e+10 3.64e+03  9.06e+11    48s
   8   2.25188342e+16 -1.43526232e+17  5.28e+10 3.62e+02  6.31e+11    50s
   9   2.00288843e+16 -1.00851387e+17  4.68e+10 1.92e+02  5.51e+11    52s
  10   1.12199529e+16 -7.74085668e+16  2.57e+10 6.34e+01  3.05e+11    54s
  11   7.25013971e+15 -7.17439127e+16  1.63e+10 4.88e+01  1.96e+11    56s
  12   2.05113645e+15 -4.28685242e+16  4.27e+09 4.85e-02  5.27e+10    58s
  13   6.60248553e+14 -1.95088068e+16  1.17e+09 2.47e-03  1.51e+10    61s
  14   2.23909653e+14 -1.36318317e+16  2.66e+08 2.19e-03  4.53e+09    64s
  15   1.12157603e+14 -7.76992573e+15  5.65e+07 8.29e-04  1.53e+09    66s
  16   1.00326291e+14 -3.77684108e+15  3.90e+07 6.10e-04  7.32e+08    68s
  17   8.19502363e+13 -3.42185494e+15  1.71e+07 5.47e-04  5.70e+08    70s
  18   7.37703831e+13 -2.39967136e+15  1.07e+07 3.56e-04  3.86e+08    72s
  19   5.56505035e+13 -1.17423707e+15  3.25e+06 1.59e-04  1.80e+08    75s
  20   5.22704267e+13 -9.30969844e+14  2.77e+06 2.71e-04  1.44e+08    77s
  21   4.15537699e+13 -7.07502948e+14  1.33e+06 1.40e-04  1.08e+08    80s
  22   3.76718883e+13 -6.13677040e+14  9.99e+05 1.13e-04  9.31e+07    82s
  23   3.42091381e+13 -3.12591293e+14  7.81e+05 3.00e-04  4.96e+07    84s
  24   2.84822381e+13 -2.34124166e+14  4.97e+05 5.15e-04  3.74e+07    87s
  25   2.56672191e+13 -1.23196363e+14  4.25e+05 2.41e-04  2.12e+07    91s
  26   2.12278926e+13 -6.72013371e+13  3.40e+05 1.20e-03  1.26e+07    95s
  27   1.47943678e+13 -4.63443539e+13  2.24e+05 4.15e-04  8.68e+06    99s
  28   9.52754684e+12 -2.79553160e+13  1.30e+05 1.47e-04  5.31e+06   103s
  29   7.82186886e+12 -2.08503353e+13  1.01e+05 1.86e-04  4.06e+06   107s
  30   6.46395744e+12 -1.92443887e+13  7.94e+04 1.70e-04  3.64e+06   111s
  31   5.74422577e+12 -1.63406637e+13  6.81e+04 1.31e-04  3.12e+06   113s
  32   5.08313974e+12 -1.14400500e+13  5.78e+04 8.89e-05  2.34e+06   116s
  33   4.50459661e+12 -8.48341125e+12  4.91e+04 2.50e-05  1.83e+06   121s
  34   3.82943877e+12 -7.05024632e+12  3.96e+04 2.22e-05  1.54e+06   125s
  35   3.38675402e+12 -5.58237317e+12  3.33e+04 6.80e-05  1.27e+06   127s
  36   2.97818162e+12 -5.15561844e+12  2.79e+04 6.04e-05  1.15e+06   131s
  37   2.67218360e+12 -3.95248467e+12  2.41e+04 3.12e-05  9.35e+05   135s
  38   2.46582629e+12 -3.43437971e+12  2.13e+04 2.80e-05  8.32e+05   139s
  39   2.41154105e+12 -3.20354441e+12  2.06e+04 2.89e-05  7.92e+05   142s
  40   2.25403744e+12 -2.80423426e+12  1.86e+04 2.80e-05  7.14e+05   146s
  41   2.03227032e+12 -2.05068304e+12  1.56e+04 2.29e-05  5.76e+05   150s
  42   1.86274697e+12 -1.60900234e+12  1.35e+04 1.88e-05  4.90e+05   154s
  43   1.69625332e+12 -1.11694484e+12  1.15e+04 1.81e-05  3.97e+05   158s
  44   1.48508992e+12 -5.76046066e+11  9.04e+03 1.80e-05  2.91e+05   162s
  45   1.39048228e+12 -3.41795988e+11  7.99e+03 1.35e-05  2.44e+05   166s
  46   1.27634729e+12 -1.37002700e+11  6.79e+03 9.82e-06  1.99e+05   170s
  47   1.13061235e+12  2.20215918e+10  5.45e+03 8.05e-06  1.56e+05   174s
  48   1.07641172e+12  1.27864850e+11  4.99e+03 5.12e-06  1.34e+05   179s
  49   1.01973865e+12  1.97123177e+11  4.50e+03 4.57e-06  1.16e+05   183s
  50   9.02235168e+11  2.43160315e+11  3.45e+03 4.28e-06  9.29e+04   187s
  51   8.69196983e+11  2.88282609e+11  3.18e+03 3.38e-06  8.19e+04   191s
  52   8.06623378e+11  3.32714612e+11  2.64e+03 2.65e-06  6.68e+04   195s
  53   7.72381339e+11  3.60653431e+11  2.35e+03 2.29e-06  5.80e+04   199s
  54   7.35293272e+11  3.82393989e+11  2.05e+03 1.91e-06  4.97e+04   203s
  55   7.03279271e+11  3.97995647e+11  1.79e+03 1.68e-06  4.30e+04   207s
  56   6.77151970e+11  4.11232502e+11  1.57e+03 1.48e-06  3.75e+04   211s
  57   6.45861866e+11  4.25291499e+11  1.32e+03 1.16e-06  3.11e+04   215s
  58   6.23475724e+11  4.38597849e+11  1.13e+03 8.36e-07  2.60e+04   219s
  59   6.03326293e+11  4.48315689e+11  9.75e+02 6.80e-07  2.18e+04   223s
  60   5.89602387e+11  4.53032825e+11  8.66e+02 5.90e-07  1.92e+04   227s
  61   5.77889895e+11  4.56024486e+11  7.69e+02 5.53e-07  1.72e+04   231s
  62   5.67630962e+11  4.61716686e+11  6.83e+02 6.08e-07  1.49e+04   235s
  63   5.54377288e+11  4.66008773e+11  5.74e+02 5.69e-07  1.24e+04   239s
  64   5.45289949e+11  4.68980261e+11  4.94e+02 5.11e-07  1.08e+04   243s
  65   5.38548457e+11  4.71238680e+11  4.36e+02 5.05e-07  9.48e+03   247s
  66   5.34666930e+11  4.73192257e+11  4.00e+02 4.20e-07  8.66e+03   251s
  67   5.28808549e+11  4.75350785e+11  3.48e+02 4.16e-07  7.53e+03   255s
  68   5.23086774e+11  4.79615987e+11  2.95e+02 2.50e-07  6.12e+03   259s
  69   5.18865188e+11  4.82152900e+11  2.58e+02 4.92e-07  5.17e+03   263s
  70   5.15274348e+11  4.83866637e+11  2.24e+02 6.38e-07  4.42e+03   267s
  71   5.10995680e+11  4.85210015e+11  1.85e+02 8.01e-07  3.63e+03   271s
  72   5.08353025e+11  4.86850569e+11  1.60e+02 5.59e-08  3.03e+03   275s
  73   5.04853661e+11  4.88081462e+11  1.27e+02 4.00e-08  2.36e+03   280s
  74   5.01796988e+11  4.88858967e+11  9.79e+01 4.07e-08  1.82e+03   284s
  75   5.00162807e+11  4.89650539e+11  8.24e+01 2.61e-08  1.48e+03   288s
  76   4.98512144e+11  4.89825880e+11  6.78e+01 3.21e-08  1.22e+03   291s
  77   4.98375332e+11  4.89940773e+11  6.65e+01 2.26e-08  1.19e+03   294s
  78   4.97509442e+11  4.90153769e+11  5.87e+01 3.91e-07  1.04e+03   298s
  79   4.97057738e+11  4.90470875e+11  5.45e+01 4.93e-07  9.28e+02   303s
  80   4.95871878e+11  4.90708067e+11  4.33e+01 1.67e-07  7.27e+02   307s
  81   4.95229056e+11  4.90830812e+11  3.71e+01 7.20e-07  6.20e+02   311s
  82   4.94839323e+11  4.90909821e+11  3.33e+01 5.03e-07  5.54e+02   314s
  83   4.94241295e+11  4.91012002e+11  2.73e+01 1.28e-06  4.55e+02   318s
  84   4.93814513e+11  4.91079226e+11  2.31e+01 1.18e-06  3.85e+02   322s
  85   4.93693271e+11  4.91143714e+11  2.19e+01 1.59e-06  3.59e+02   326s
  86   4.93540421e+11  4.91200521e+11  2.03e+01 2.39e-06  3.30e+02   330s
  87   4.93441728e+11  4.91235444e+11  1.93e+01 1.64e-06  3.11e+02   334s
  88   4.93292272e+11  4.91269811e+11  1.78e+01 1.13e-06  2.85e+02   338s
  89   4.92998088e+11  4.91307440e+11  1.48e+01 1.28e-06  2.38e+02   342s
  90   4.92872591e+11  4.91338990e+11  1.35e+01 4.08e-07  2.16e+02   346s
  91   4.92639876e+11  4.91399790e+11  1.10e+01 4.12e-08  1.75e+02   350s
  92   4.92496458e+11  4.91446098e+11  9.48e+00 2.85e-08  1.48e+02   354s
  93   4.92363071e+11  4.91486089e+11  8.07e+00 2.17e-08  1.24e+02   358s
  94   4.92112608e+11  4.91511936e+11  5.46e+00 2.07e-08  8.46e+01   362s
  95   4.92016754e+11  4.91538234e+11  4.39e+00 2.33e-08  6.74e+01   366s
  96   4.91920114e+11  4.91552908e+11  3.35e+00 2.97e-08  5.17e+01   370s
  97   4.91837591e+11  4.91565838e+11  2.52e+00 2.54e-08  3.83e+01   374s
  98   4.91785932e+11  4.91581765e+11  1.96e+00 5.91e-08  2.88e+01   378s
  99   4.91725947e+11  4.91587469e+11  1.31e+00 7.50e-08  1.95e+01   382s
 100   4.91684273e+11  4.91590191e+11  8.82e-01 7.22e-08  1.33e+01   386s
 101   4.91668566e+11  4.91592844e+11  7.09e-01 5.94e-08  1.07e+01   390s
 102   4.91643945e+11  4.91594484e+11  4.30e-01 4.56e-08  6.97e+00   394s
 103   4.91638360e+11  4.91595595e+11  3.70e-01 5.87e-08  6.02e+00   398s
 104   4.91632007e+11  4.91597083e+11  2.98e-01 3.73e-08  4.92e+00   401s
 105   4.91620532e+11  4.91598809e+11  1.83e-01 7.08e-08  3.06e+00   405s
 106   4.91613674e+11  4.91599899e+11  1.13e-01 6.66e-08  1.94e+00   409s
 107   4.91610733e+11  4.91600958e+11  8.31e-02 1.29e-07  1.38e+00   414s
 108   4.91607878e+11  4.91601291e+11  5.53e-02 8.66e-08  9.28e-01   417s
 109   4.91605773e+11  4.91601517e+11  3.38e-02 3.86e-08  6.00e-01   419s
 110   4.91605491e+11  4.91601693e+11  3.11e-02 7.96e-08  5.35e-01   421s
 111   4.91604641e+11  4.91601841e+11  2.31e-02 7.50e-08  3.94e-01   423s
 112   4.91604290e+11  4.91601886e+11  1.95e-02 5.56e-08  3.39e-01   425s
 113   4.91603883e+11  4.91602021e+11  1.53e-02 5.03e-08  2.62e-01   427s
 114   4.91603232e+11  4.91602087e+11  8.74e-03 9.36e-08  1.61e-01   429s
 115   4.91602855e+11  4.91602131e+11  5.26e-03 5.54e-08  1.02e-01   431s
 116   4.91602668e+11  4.91602161e+11  3.57e-03 4.98e-08  7.14e-02   433s
 117   4.91602458e+11  4.91602190e+11  1.72e-03 2.91e-08  3.78e-02   435s
 118   4.91602372e+11  4.91602229e+11  9.69e-04 7.38e-08  2.00e-02   437s
 119   4.91602333e+11  4.91602236e+11  6.39e-04 3.84e-08  1.37e-02   440s
 120   4.91602311e+11  4.91602238e+11  4.44e-04 3.42e-08  1.03e-02   442s
 121   4.91602293e+11  4.91602249e+11  2.96e-04 1.09e-08  6.19e-03   445s
 122   4.91602275e+11  4.91602253e+11  1.57e-04 4.19e-09  3.02e-03   448s
 123   4.91602262e+11  4.91602255e+11  1.21e-04 7.45e-09  1.03e-03   451s
 124   4.91602260e+11  4.91602255e+11  8.16e-05 6.05e-09  6.69e-04   454s

Barrier solved model in 124 iterations and 453.57 seconds (361.84 work units)
Optimal objective 4.91602260e+11


