Solver command line: ['/share/apps/gurobi/12.0.0/bin/gurobi.sh']

Set parameter TokenServer to value "10.1.1.1"
Read LP format model from file /mnt/beegfs/users/ehsanno/openempire/tmpxx6wfx1h.pyomo.lp
Reading time = 13.85 seconds
x1: 5472257 rows, 5023647 columns, 18840596 nonzeros
Set parameter QCPDual to value 1
Set parameter Method to value 2
Set parameter Crossover to value 0
Set parameter Presolve to value -1
Gurobi Optimizer version 12.0.0 build v12.0.0rc1 (linux64 - "CentOS Linux 7 (Core)")

CPU model: Intel(R) Xeon(R) Gold 6244 CPU @ 3.60GHz, instruction set [SSE2|AVX|AVX2|AVX512]
Thread count: 16 physical cores, 32 logical processors, using up to 32 threads

Non-default parameters:
Method  2
Crossover  0
QCPDual  1

Optimize a model with 5472257 rows, 5023647 columns and 18840596 nonzeros
Model fingerprint: 0x626602a8
Coefficient statistics:
  Matrix range     [1e-03, 3e+01]
  Objective range  [4e-03, 5e+06]
  Bounds range     [1e+00, 1e+00]
  RHS range        [1e+00, 6e+08]
Presolve removed 1714585 rows and 1373192 columns (presolve time = 5s)...
Presolve removed 1716421 rows and 1373192 columns (presolve time = 11s)...
Presolve removed 1716421 rows and 1373192 columns
Presolve time: 10.94s
Presolved: 3755836 rows, 3650455 columns, 13161340 nonzeros
Elapsed ordering time = 5s
Ordering time: 12.05s

Barrier statistics:
 Dense cols : 1093
 AA' NZ     : 1.084e+07
 Factor NZ  : 1.086e+08 (roughly 4.0 GB of memory)
 Factor Ops : 4.518e+10 (less than 1 second per iteration)
 Threads    : 16

                  Objective                Residual
Iter       Primal          Dual         Primal    Dual     Compl     Time
   0   3.28077865e+17 -9.06486284e+15  9.08e+11 1.11e+05  2.06e+13    30s
   1   3.16272465e+17 -1.39943207e+16  8.70e+11 7.71e+05  1.52e+13    32s
   2   2.55863386e+17 -1.92516825e+16  6.72e+11 6.05e+05  1.20e+13    34s
   3   2.23700687e+17 -8.47829549e+16  5.74e+11 3.62e+05  1.07e+13    38s
   4   1.64394222e+17 -1.23588858e+17  4.06e+11 1.72e+05  7.33e+12    40s
   5   1.15994700e+17 -1.57303247e+17  2.78e+11 3.72e+04  4.94e+12    44s
   6   8.01788889e+16 -1.64894184e+17  1.90e+11 1.62e+04  3.45e+12    48s
   7   2.64768048e+16 -1.65275263e+17  6.09e+10 9.00e+03  1.14e+12    51s
   8   1.49809817e+16 -7.21012328e+16  3.35e+10 7.03e+02  6.36e+11    53s
   9   1.13392780e+16 -6.28140359e+16  2.51e+10 4.42e-02  4.94e+11    55s
  10   1.90347672e+15 -5.73633159e+16  3.44e+09 3.37e-02  7.49e+10    57s
  11   1.74156272e+15 -3.15371758e+16  3.11e+09 5.61e-03  6.30e+10    59s
  12   6.91404379e+14 -2.33895020e+16  1.15e+09 3.96e-03  2.37e+10    61s
  13   3.09532362e+14 -2.16797189e+16  4.30e+08 3.73e-03  1.05e+10    63s
  14   1.12079727e+14 -1.53706568e+16  7.14e+07 2.78e-03  3.22e+09    65s
  15   8.65413748e+13 -6.94987399e+15  3.35e+07 1.29e-03  1.30e+09    67s
  16   6.85833897e+13 -3.89842184e+15  1.50e+07 1.43e-03  6.61e+08    69s
  17   6.16308215e+13 -2.11741705e+15  1.04e+07 1.71e-03  3.62e+08    71s
  18   5.47238416e+13 -1.88452148e+15  8.02e+06 1.34e-03  3.13e+08    73s
  19   4.68268533e+13 -1.41741874e+15  5.75e+06 9.17e-04  2.32e+08    75s
  20   4.00683483e+13 -1.06048807e+15  4.59e+06 1.25e-03  1.74e+08    77s
  21   3.61285440e+13 -8.16890344e+14  3.89e+06 9.20e-04  1.35e+08    80s
  22   2.93885413e+13 -5.70984594e+14  2.94e+06 1.15e-03  9.45e+07    83s
  23   2.28563560e+13 -1.91611506e+14  2.03e+06 3.81e-03  3.54e+07    87s
  24   1.67613700e+13 -1.33875639e+14  1.41e+06 2.41e-03  2.46e+07    91s
  25   1.25744623e+13 -6.51982260e+13  1.02e+06 8.60e-04  1.29e+07    94s
  26   9.68234438e+12 -4.75190304e+13  7.19e+05 5.21e-04  9.33e+06    97s
  27   8.88114558e+12 -3.71772316e+13  6.40e+05 7.10e-04  7.54e+06    99s
  28   7.77584091e+12 -2.87061250e+13  5.35e+05 3.88e-04  5.95e+06   100s
  29   6.09073576e+12 -2.00870485e+13  3.86e+05 7.44e-04  4.21e+06   103s
  30   5.74275780e+12 -1.70315809e+13  3.61e+05 4.49e-04  3.64e+06   106s
  31   5.13813744e+12 -1.08622024e+13  3.07e+05 1.46e-04  2.54e+06   110s
  32   4.46122733e+12 -1.02274365e+13  2.55e+05 1.34e-04  2.30e+06   114s
  33   3.92358716e+12 -7.70032102e+12  2.15e+05 1.15e-04  1.80e+06   118s
  34   3.23871085e+12 -6.25823489e+12  1.63e+05 8.55e-05  1.45e+06   122s
  35   2.87821710e+12 -4.91909337e+12  1.38e+05 5.82e-05  1.18e+06   126s
  36   2.57495019e+12 -3.21430454e+12  1.16e+05 4.17e-05  8.70e+05   130s
  37   2.43637449e+12 -2.85418043e+12  1.06e+05 3.83e-05  7.92e+05   133s
  38   2.20568648e+12 -2.49270419e+12  9.02e+04 3.52e-05  6.99e+05   137s
  39   2.10084473e+12 -2.02622981e+12  8.27e+04 2.99e-05  6.11e+05   141s
  40   1.88137010e+12 -1.42311877e+12  7.06e+04 2.72e-05  4.86e+05   145s
  41   1.68069972e+12 -1.08493130e+12  5.81e+04 2.77e-05  4.04e+05   149s
  42   1.49313925e+12 -6.18755369e+11  4.63e+04 1.99e-05  3.07e+05   153s
  43   1.36658454e+12 -3.97178007e+11  3.90e+04 1.60e-05  2.55e+05   157s
  44   1.23128696e+12 -2.14774665e+11  3.19e+04 1.38e-05  2.08e+05   161s
  45   1.13505708e+12 -2.48402805e+10  2.73e+04 1.13e-05  1.67e+05   165s
  46   1.07135662e+12  8.36057276e+10  2.42e+04 8.89e-06  1.42e+05   168s
  47   1.00107671e+12  1.79056176e+11  2.14e+04 7.36e-06  1.18e+05   172s
  48   9.24537565e+11  2.55701179e+11  1.81e+04 5.44e-06  9.55e+04   176s
  49   8.51093690e+11  3.04966502e+11  1.51e+04 4.49e-06  7.78e+04   180s
  50   7.96287472e+11  3.52595595e+11  1.28e+04 3.19e-06  6.31e+04   184s
  51   7.58525279e+11  3.78678336e+11  1.13e+04 2.62e-06  5.40e+04   188s
  52   7.12657514e+11  4.06273942e+11  9.51e+03 1.94e-06  4.35e+04   192s
  53   6.76423227e+11  4.23108860e+11  8.04e+03 1.57e-06  3.59e+04   196s
  54   6.48220250e+11  4.38882053e+11  6.83e+03 1.24e-06  2.97e+04   200s
  55   6.25324927e+11  4.51281105e+11  5.83e+03 9.65e-07  2.47e+04   204s
  56   6.07627936e+11  4.60763996e+11  5.06e+03 7.35e-07  2.08e+04   208s
  57   6.01257245e+11  4.62517137e+11  4.77e+03 7.13e-07  1.96e+04   212s
  58   5.88444725e+11  4.68679710e+11  4.17e+03 5.70e-07  1.69e+04   215s
  59   5.75182363e+11  4.74150958e+11  3.61e+03 4.74e-07  1.43e+04   219s
  60   5.63197267e+11  4.80267463e+11  3.05e+03 3.39e-07  1.17e+04   223s
  61   5.50168012e+11  4.84799669e+11  2.45e+03 2.55e-07  9.24e+03   227s
  62   5.42041664e+11  4.87964209e+11  2.06e+03 2.04e-07  7.64e+03   231s
  63   5.36088314e+11  4.91629833e+11  1.76e+03 1.52e-07  6.28e+03   235s
  64   5.30475988e+11  4.93602243e+11  1.49e+03 1.11e-07  5.21e+03   239s
  65   5.26131983e+11  4.94628208e+11  1.29e+03 9.64e-08  4.45e+03   243s
  66   5.22123585e+11  4.95882505e+11  1.08e+03 3.96e-07  3.71e+03   247s
  67   5.19138761e+11  4.96998118e+11  9.32e+02 3.60e-07  3.13e+03   251s
  68   5.15895741e+11  4.98084727e+11  7.64e+02 4.10e-08  2.52e+03   255s
  69   5.13138336e+11  4.98858580e+11  6.26e+02 3.01e-08  2.02e+03   259s
  70   5.10776966e+11  4.99355957e+11  5.05e+02 2.38e-07  1.61e+03   263s
  71   5.09377618e+11  4.99847770e+11  4.31e+02 1.17e-07  1.35e+03   267s
  72   5.08173566e+11  5.00200206e+11  3.67e+02 2.92e-07  1.13e+03   271s
  73   5.07065367e+11  5.00472877e+11  3.06e+02 1.86e-08  9.31e+02   275s
  74   5.05926729e+11  5.00702968e+11  2.46e+02 6.07e-08  7.38e+02   279s
  75   5.05295344e+11  5.00867901e+11  2.12e+02 9.69e-08  6.25e+02   284s
  76   5.04659619e+11  5.01028515e+11  1.77e+02 2.96e-08  5.13e+02   288s
  77   5.04087330e+11  5.01128006e+11  1.45e+02 2.09e-07  4.18e+02   292s
  78   5.03833989e+11  5.01195827e+11  1.32e+02 7.79e-08  3.73e+02   296s
  79   5.03593320e+11  5.01211337e+11  1.19e+02 8.67e-08  3.36e+02   300s
  80   5.03111676e+11  5.01253863e+11  9.15e+01 1.18e-06  2.62e+02   304s
  81   5.02725144e+11  5.01324789e+11  6.96e+01 1.50e-06  1.98e+02   308s
  82   5.02397283e+11  5.01363075e+11  5.14e+01 6.36e-07  1.46e+02   312s
  83   5.02247273e+11  5.01392618e+11  4.30e+01 2.32e-06  1.21e+02   316s
  84   5.02010272e+11  5.01418886e+11  3.02e+01 6.22e-07  8.35e+01   320s
  85   5.01945231e+11  5.01429199e+11  2.65e+01 1.03e-06  7.29e+01   324s
  86   5.01844760e+11  5.01442750e+11  2.02e+01 6.70e-07  5.68e+01   328s
  87   5.01772941e+11  5.01460199e+11  1.61e+01 7.15e-07  4.42e+01   332s
  88   5.01693575e+11  5.01465465e+11  1.17e+01 1.54e-06  3.22e+01   336s
  89   5.01646540e+11  5.01471646e+11  9.01e+00 7.73e-06  2.47e+01   340s
  90   5.01616494e+11  5.01474867e+11  7.32e+00 6.28e-06  2.00e+01   344s
  91   5.01603759e+11  5.01477150e+11  6.62e+00 1.46e-05  1.79e+01   348s
  92   5.01593756e+11  5.01479535e+11  6.10e+00 1.32e-05  1.61e+01   352s
  93   5.01560883e+11  5.01481349e+11  4.16e+00 1.14e-05  1.12e+01   356s
  94   5.01540493e+11  5.01483635e+11  3.13e+00 8.64e-06  8.03e+00   360s
  95   5.01521879e+11  5.01484607e+11  2.06e+00 6.16e-06  5.26e+00   364s
  96   5.01517905e+11  5.01485554e+11  1.82e+00 1.21e-05  4.57e+00   368s
  97   5.01511334e+11  5.01486002e+11  1.42e+00 1.02e-05  3.58e+00   372s
  98   5.01503042e+11  5.01486698e+11  9.17e-01 1.13e-05  2.31e+00   376s
  99   5.01498139e+11  5.01486970e+11  6.15e-01 1.55e-05  1.58e+00   380s
 100   5.01494431e+11  5.01487525e+11  3.84e-01 4.25e-06  9.75e-01   384s
 101   5.01491404e+11  5.01487574e+11  2.07e-01 3.64e-06  5.41e-01   388s
 102   5.01490325e+11  5.01487644e+11  1.42e-01 2.57e-06  3.79e-01   390s
 103   5.01489746e+11  5.01487710e+11  1.08e-01 1.65e-06  2.88e-01   392s
 104   5.01489219e+11  5.01487730e+11  7.72e-02 8.99e-07  2.10e-01   394s
 105   5.01488546e+11  5.01487775e+11  3.87e-02 2.06e-04  1.09e-01   396s
 106   5.01488272e+11  5.01487800e+11  2.32e-02 2.69e-04  6.66e-02   398s
 107   5.01488205e+11  5.01487807e+11  1.95e-02 2.49e-04  5.62e-02   400s
 108   5.01488045e+11  5.01487825e+11  1.07e-02 1.46e-04  3.10e-02   402s
 109   5.01487958e+11  5.01487831e+11  5.90e-03 1.13e-04  1.79e-02   404s
 110   5.01487886e+11  5.01487840e+11  2.06e-03 4.62e-05  6.55e-03   406s
 111   5.01487872e+11  5.01487843e+11  1.33e-03 1.24e-05  4.01e-03   408s
 112   5.01487851e+11  5.01487844e+11  3.06e-04 3.52e-06  9.31e-04   410s
 113   5.01487846e+11  5.01487844e+11  6.31e-05 8.36e-07  2.08e-04   412s
 114   5.01487844e+11  5.01487844e+11  2.52e-06 1.82e-07  5.23e-07   414s
 115   5.01487844e+11  5.01487844e+11  1.58e-05 2.80e-07  9.19e-09   416s

Barrier solved model in 115 iterations and 416.19 seconds (334.48 work units)
Optimal objective 5.01487844e+11


