Solver command line: ['/share/apps/gurobi/12.0.0/bin/gurobi.sh']

Set parameter TokenServer to value "10.1.1.1"
Read LP format model from file /mnt/beegfs/users/ehsanno/openempire/tmpf_wtqynw.pyomo.lp
Reading time = 49.96 seconds
x1: 18224521 rows, 16737321 columns, 62780711 nonzeros
Set parameter QCPDual to value 1
Set parameter Method to value 2
Set parameter Crossover to value 0
Set parameter Presolve to value -1
Gurobi Optimizer version 12.0.0 build v12.0.0rc1 (linux64 - "CentOS Linux 7 (Core)")

CPU model: Intel(R) Xeon(R) Gold 6244 CPU @ 3.60GHz, instruction set [SSE2|AVX|AVX2|AVX512]
Thread count: 16 physical cores, 32 logical processors, using up to 32 threads

Non-default parameters:
Method  2
Crossover  0
QCPDual  1

Optimize a model with 18224521 rows, 16737321 columns and 62780711 nonzeros
Model fingerprint: 0xa108a8a9
Coefficient statistics:
  Matrix range     [1e-03, 3e+01]
  Objective range  [1e-03, 5e+06]
  Bounds range     [1e+00, 1e+00]
  RHS range        [1e+00, 6e+08]
Presolve removed 5688123 rows and 4560774 columns (presolve time = 8s)...
Presolve removed 5688123 rows and 4560774 columns (presolve time = 11s)...
Presolve removed 5697645 rows and 4570294 columns (presolve time = 22s)...
Presolve removed 5697645 rows and 4570294 columns (presolve time = 29s)...
Presolve removed 5697645 rows and 4570294 columns (presolve time = 33s)...
Presolve removed 5697645 rows and 4570294 columns (presolve time = 36s)...
Presolve removed 5703765 rows and 4570294 columns (presolve time = 41s)...
Presolve removed 5703765 rows and 4570294 columns (presolve time = 48s)...
Presolve removed 5703765 rows and 4570294 columns
Presolve time: 48.74s
Presolved: 12520756 rows, 12167027 columns, 43881940 nonzeros
Elapsed ordering time = 5s
Elapsed ordering time = 10s
Elapsed ordering time = 20s
Elapsed ordering time = 25s
Elapsed ordering time = 30s
Elapsed ordering time = 35s
Elapsed ordering time = 40s
Elapsed ordering time = 45s
Ordering time: 46.00s

Barrier statistics:
 Dense cols : 1093
 AA' NZ     : 3.615e+07
 Factor NZ  : 3.886e+08 (roughly 13.0 GB of memory)
 Factor Ops : 1.968e+11 (roughly 2 seconds per iteration)
 Threads    : 16

                  Objective                Residual
Iter       Primal          Dual         Primal    Dual     Compl     Time
   0   4.82863220e+17 -1.05899521e+16  1.34e+12 3.48e+04  1.36e+13   124s
   1   4.70896283e+17 -1.66185528e+16  1.30e+12 3.45e+05  9.79e+12   134s
   2   3.91560101e+17 -2.09132364e+16  1.05e+12 2.52e+05  7.57e+12   145s
   3   3.15342525e+17 -6.15890042e+16  8.34e+11 1.97e+05  6.55e+12   161s
   4   2.78022082e+17 -1.75897248e+17  7.24e+11 1.16e+05  5.68e+12   172s
   5   1.90152630e+17 -2.54596834e+17  4.81e+11 2.09e+06  3.88e+12   184s
   6   6.73440234e+16 -2.71147210e+17  1.64e+11 4.27e+06  1.36e+12   202s
   7   4.45918517e+16 -2.46766858e+17  1.07e+11 2.82e+08  9.02e+11   213s
   8   1.89743692e+16 -2.06033461e+17  4.48e+10 4.88e+08  3.83e+11   224s
   9   1.55336760e+16 -1.86340278e+17  3.64e+10 4.71e+08  3.11e+11   234s
  10   1.04417874e+16 -7.64875674e+16  2.41e+10 8.98e+07  2.06e+11   242s
  11   3.28572487e+15 -6.94808976e+16  6.97e+09 7.27e+07  6.16e+10   252s
  12   1.29849441e+15 -4.77292878e+16  2.42e+09 3.78e+08  2.19e+10   260s
  13   6.57455472e+14 -3.41173777e+16  1.10e+09 2.62e+07  1.01e+10   268s
  14   3.78722277e+14 -2.48237812e+16  5.72e+08 6.26e+06  5.11e+09   278s
  15   3.46713795e+14 -2.34353184e+16  5.12e+08 5.37e+06  4.54e+09   287s
  16   1.48744365e+14 -2.10859775e+16  1.50e+08 3.94e+06  1.89e+09   297s
  17   1.25146146e+14 -1.45131648e+16  1.10e+08 2.29e+06  1.20e+09   308s
  18   7.97519807e+13 -9.84299061e+15  3.66e+07 1.35e+06  5.74e+08   317s
  19   7.02904590e+13 -5.99242220e+15  2.52e+07 7.28e+05  3.37e+08   326s
  20   6.03105204e+13 -4.40710261e+15  1.55e+07 9.38e+05  2.31e+08   337s
  21   5.72928805e+13 -3.72948742e+15  1.30e+07 7.72e+05  1.93e+08   347s
  22   5.32299837e+13 -2.41159018e+15  1.02e+07 4.68e+05  1.25e+08   360s
  23   4.16041289e+13 -1.64550986e+15  6.58e+06 3.04e+05  8.32e+07   375s
  24   3.68226709e+13 -1.21309307e+15  5.00e+06 2.20e+05  6.09e+07   394s
  25   3.23041439e+13 -6.92162072e+14  3.76e+06 1.17e+05  3.57e+07   417s
  26   2.75059159e+13 -4.58775905e+14  2.87e+06 8.61e+04  2.40e+07   434s
  27   2.20065357e+13 -3.23524374e+14  2.05e+06 5.95e+04  1.69e+07   461s
  28   1.69704072e+13 -2.01503807e+14  1.49e+06 8.29e+04  1.07e+07   485s
  29   1.35355242e+13 -7.02942826e+13  1.12e+06 4.22e+04  4.42e+06   510s
  30   1.04315063e+13 -4.42404746e+13  8.10e+05 8.95e+04  2.86e+06   532s
  31   9.06816115e+12 -3.42951796e+13  6.95e+05 6.36e+04  2.27e+06   555s
  32   7.60827797e+12 -2.47623288e+13  5.69e+05 4.59e+04  1.68e+06   573s
  33   7.01918363e+12 -1.93842051e+13  5.17e+05 3.25e+04  1.37e+06   586s
  34   6.49516715e+12 -1.73803339e+13  4.72e+05 2.92e+04  1.23e+06   599s
  35   5.65538504e+12 -1.52505451e+13  4.03e+05 2.72e+04  1.06e+06   614s
  36   4.80057730e+12 -1.36467414e+13  3.26e+05 2.35e+04  9.13e+05   627s
  37   4.42732702e+12 -1.12084359e+13  2.89e+05 1.96e+04  7.67e+05   642s
  38   4.18817008e+12 -9.79302901e+12  2.66e+05 1.71e+04  6.80e+05   656s
  39   3.72133299e+12 -8.15388139e+12  2.20e+05 1.54e+04  5.68e+05   670s
  40   3.41168473e+12 -7.59511271e+12  1.93e+05 1.44e+04  5.20e+05   681s
  41   3.12986608e+12 -6.31017685e+12  1.69e+05 1.21e+04  4.42e+05   692s
  42   3.00350781e+12 -5.35083998e+12  1.59e+05 1.04e+04  3.89e+05   703s
  43   2.67656833e+12 -4.89580534e+12  1.32e+05 9.63e+03  3.48e+05   714s
  44   2.44639029e+12 -4.12829175e+12  1.15e+05 8.29e+03  3.00e+05   724s
  45   2.29705090e+12 -3.47465380e+12  1.03e+05 7.13e+03  2.62e+05   733s
  46   2.10511902e+12 -2.91532770e+12  8.91e+04 6.15e+03  2.26e+05   744s
  47   1.96620137e+12 -2.64158629e+12  7.87e+04 5.68e+03  2.06e+05   754s
  48   1.88142501e+12 -2.32333536e+12  7.25e+04 5.15e+03  1.88e+05   765s
  49   1.85388911e+12 -2.05904936e+12  7.04e+04 4.68e+03  1.74e+05   776s
  50   1.69659025e+12 -1.89233254e+12  5.97e+04 4.39e+03  1.59e+05   787s
  51   1.66375145e+12 -1.61261049e+12  5.74e+04 3.94e+03  1.45e+05   797s
  52   1.61178025e+12 -1.33005317e+12  5.38e+04 3.48e+03  1.30e+05   808s
  53   1.50968011e+12 -1.23128338e+12  4.71e+04 3.30e+03  1.20e+05   820s
  54   1.43482849e+12 -1.03345204e+12  4.26e+04 2.95e+03  1.08e+05   831s
  55   1.40721679e+12 -6.55575400e+11  4.10e+04 2.33e+03  9.01e+04   841s
  56   1.34526395e+12 -4.80664537e+11  3.73e+04 2.01e+03  7.95e+04   853s
  57   1.25167287e+12 -4.43808194e+11  3.20e+04 1.94e+03  7.36e+04   864s
  58   1.20028343e+12 -3.12699208e+11  2.94e+04 1.68e+03  6.56e+04   875s
  59   1.13156437e+12 -2.00826069e+11  2.58e+04 1.46e+03  5.76e+04   886s
  60   1.08509040e+12 -8.65800895e+10  2.35e+04 1.26e+03  5.06e+04   896s
  61   1.03776424e+12 -2.38709520e+09  2.14e+04 1.09e+03  4.49e+04   907s
  62   9.86557763e+11  5.72315572e+10  1.89e+04 9.68e+02  4.00e+04   918s
  63   9.51099866e+11  1.35077540e+11  1.73e+04 8.09e+02  3.51e+04   930s
  64   9.15238775e+11  1.76112739e+11  1.57e+04 7.33e+02  3.18e+04   941s
  65   8.95894971e+11  2.39025919e+11  1.48e+04 6.14e+02  2.82e+04   953s
  66   8.78625980e+11  2.72328038e+11  1.40e+04 5.45e+02  2.60e+04   963s
  67   8.57329778e+11  2.98551299e+11  1.30e+04 4.90e+02  2.39e+04   973s
  68   8.24892714e+11  3.34010013e+11  1.16e+04 4.17e+02  2.10e+04   985s
  69   8.00854634e+11  3.53603647e+11  1.06e+04 3.77e+02  1.91e+04   995s
  70   7.78411175e+11  3.75578960e+11  9.65e+03 3.35e+02  1.72e+04  1007s
  71   7.66545309e+11  3.95349879e+11  9.16e+03 2.94e+02  1.58e+04  1017s
  72   7.44559470e+11  4.20059561e+11  8.26e+03 2.42e+02  1.38e+04  1028s
  73   7.12853229e+11  4.33957886e+11  6.96e+03 2.15e+02  1.19e+04  1042s
  74   7.02122264e+11  4.62162945e+11  6.53e+03 1.61e+02  1.02e+04  1057s
  75   6.87192273e+11  4.76540344e+11  5.92e+03 1.32e+02  8.97e+03  1072s
  76   6.72928140e+11  4.87045596e+11  5.33e+03 1.11e+02  7.91e+03  1086s
  77   6.61715515e+11  4.91015193e+11  4.86e+03 1.04e+02  7.26e+03  1100s
  78   6.50117406e+11  5.00564732e+11  4.39e+03 8.51e+01  6.36e+03  1112s
  79   6.34854530e+11  5.08918052e+11  3.76e+03 6.91e+01  5.35e+03  1125s
  80   6.29538800e+11  5.12322384e+11  3.54e+03 6.27e+01  4.98e+03  1139s
  81   6.18816592e+11  5.14469709e+11  3.10e+03 5.89e+01  4.43e+03  1154s
  82   6.14542480e+11  5.16230332e+11  2.92e+03 5.56e+01  4.17e+03  1169s
  83   6.07849762e+11  5.19999179e+11  2.62e+03 4.86e+01  3.73e+03  1182s
  84   6.02967110e+11  5.24210941e+11  2.41e+03 4.09e+01  3.34e+03  1196s
  85   5.96970868e+11  5.25678348e+11  2.16e+03 3.83e+01  3.03e+03  1211s
  86   5.94343181e+11  5.26930212e+11  2.04e+03 3.60e+01  2.86e+03  1226s
  87   5.91246098e+11  5.28206682e+11  1.91e+03 3.38e+01  2.68e+03  1240s
  88   5.89043376e+11  5.29535590e+11  1.81e+03 3.16e+01  2.53e+03  1254s
  89   5.87210396e+11  5.31173480e+11  1.73e+03 2.89e+01  2.38e+03  1267s
  90   5.84570574e+11  5.32086100e+11  1.62e+03 2.73e+01  2.23e+03  1281s
  91   5.81445240e+11  5.33568631e+11  1.48e+03 2.48e+01  2.03e+03  1295s
  92   5.79234601e+11  5.35255281e+11  1.39e+03 2.20e+01  1.87e+03  1309s
  93   5.76822081e+11  5.35578321e+11  1.28e+03 2.15e+01  1.75e+03  1322s
  94   5.74906624e+11  5.38055735e+11  1.19e+03 1.74e+01  1.56e+03  1337s
  95   5.72593217e+11  5.38489790e+11  1.09e+03 1.66e+01  1.45e+03  1351s
  96   5.69908867e+11  5.40196793e+11  9.71e+02 1.38e+01  1.26e+03  1365s
  97   5.67160245e+11  5.41318006e+11  8.50e+02 1.19e+01  1.10e+03  1378s
  98   5.64849164e+11  5.41728745e+11  7.45e+02 1.13e+01  9.80e+02  1392s
  99   5.64328959e+11  5.42845630e+11  7.21e+02 9.50e+00  9.11e+02  1407s
 100   5.62172301e+11  5.43372987e+11  6.23e+02 8.66e+00  7.97e+02  1420s
 101   5.61774524e+11  5.43871777e+11  6.04e+02 7.87e+00  7.59e+02  1435s
 102   5.60181330e+11  5.44196257e+11  5.31e+02 7.38e+00  6.78e+02  1449s
 103   5.59698939e+11  5.44714203e+11  5.07e+02 6.57e+00  6.35e+02  1463s
 104   5.58800909e+11  5.44979606e+11  4.65e+02 6.17e+00  5.86e+02  1477s
 105   5.58504396e+11  5.45252582e+11  4.51e+02 5.74e+00  5.62e+02  1487s
 106   5.58177124e+11  5.45418616e+11  4.36e+02 5.49e+00  5.41e+02  1502s
 107   5.57728608e+11  5.45518411e+11  4.14e+02 5.34e+00  5.18e+02  1517s
 108   5.57327256e+11  5.45660645e+11  3.95e+02 5.13e+00  4.94e+02  1530s
 109   5.56263720e+11  5.45891042e+11  3.45e+02 4.77e+00  4.40e+02  1545s
 110   5.55842786e+11  5.46143762e+11  3.25e+02 4.41e+00  4.11e+02  1558s
 111   5.55616770e+11  5.46277837e+11  3.14e+02 4.21e+00  3.96e+02  1571s
 112   5.55117267e+11  5.46462348e+11  2.90e+02 3.95e+00  3.67e+02  1584s
 113   5.54985930e+11  5.46523174e+11  2.84e+02 3.86e+00  3.59e+02  1597s
 114   5.54574732e+11  5.46680461e+11  2.64e+02 3.64e+00  3.35e+02  1611s
 115   5.54260396e+11  5.46845648e+11  2.48e+02 3.42e+00  3.14e+02  1624s
 116   5.54075370e+11  5.47187802e+11  2.37e+02 2.98e+00  2.92e+02  1638s
 117   5.53552337e+11  5.47361780e+11  2.09e+02 2.78e+00  2.62e+02  1653s
 118   5.53323663e+11  5.47481657e+11  1.97e+02 2.64e+00  2.48e+02  1668s
 119   5.53161318e+11  5.47521489e+11  1.89e+02 2.59e+00  2.39e+02  1682s
 120   5.52881221e+11  5.47744889e+11  1.73e+02 2.33e+00  2.18e+02  1696s
 121   5.52561936e+11  5.47835265e+11  1.56e+02 2.21e+00  2.00e+02  1710s
 122   5.52328561e+11  5.47935606e+11  1.45e+02 2.06e+00  1.86e+02  1724s
 123   5.52159435e+11  5.48123423e+11  1.36e+02 1.81e+00  1.71e+02  1738s
 124   5.51892236e+11  5.48213492e+11  1.22e+02 1.70e+00  1.56e+02  1751s
 125   5.51637358e+11  5.48363776e+11  1.08e+02 1.52e+00  1.39e+02  1764s
 126   5.51443618e+11  5.48427656e+11  9.81e+01 1.44e+00  1.28e+02  1776s
 127   5.51379893e+11  5.48487538e+11  9.48e+01 1.36e+00  1.23e+02  1791s
 128   5.51314624e+11  5.48504130e+11  9.15e+01 1.33e+00  1.19e+02  1803s
 129   5.51273006e+11  5.48560816e+11  8.95e+01 1.26e+00  1.15e+02  1815s
 130   5.51208400e+11  5.48585521e+11  8.63e+01 1.22e+00  1.11e+02  1828s
 131   5.51142138e+11  5.48613544e+11  8.27e+01 1.19e+00  1.07e+02  1841s
 132   5.51090541e+11  5.48646424e+11  8.01e+01 1.15e+00  1.04e+02  1853s
 133   5.51013972e+11  5.48675054e+11  7.61e+01 1.11e+00  9.91e+01  1868s
 134   5.50931216e+11  5.48713635e+11  7.19e+01 1.06e+00  9.40e+01  1881s
 135   5.50884080e+11  5.48741454e+11  6.96e+01 1.02e+00  9.08e+01  1896s
 136   5.50830224e+11  5.48780598e+11  6.70e+01 9.66e-01  8.69e+01  1908s
 137   5.50797370e+11  5.48805072e+11  6.54e+01 9.32e-01  8.44e+01  1924s
 138   5.50703647e+11  5.48829804e+11  6.08e+01 8.98e-01  7.94e+01  1938s
 139   5.50656223e+11  5.48879241e+11  5.83e+01 8.38e-01  7.53e+01  1953s
 140   5.50582399e+11  5.48922301e+11  5.42e+01 7.86e-01  7.03e+01  1967s
 141   5.50451730e+11  5.48929281e+11  4.74e+01 7.75e-01  6.45e+01  1979s
 142   5.50414697e+11  5.48943733e+11  4.55e+01 7.56e-01  6.23e+01  1992s
 143   5.50347283e+11  5.48993603e+11  4.22e+01 6.91e-01  5.74e+01  2006s
 144   5.50320683e+11  5.49016807e+11  4.09e+01 6.58e-01  5.53e+01  2020s
 145   5.50272452e+11  5.49039425e+11  3.85e+01 6.27e-01  5.22e+01  2035s
 146   5.50253530e+11  5.49068673e+11  3.76e+01 5.86e-01  5.02e+01  2049s
 147   5.50199925e+11  5.49089376e+11  3.50e+01 5.57e-01  4.71e+01  2062s
 148   5.50164277e+11  5.49109756e+11  3.32e+01 5.30e-01  4.47e+01  2075s
 149   5.50146490e+11  5.49118991e+11  3.23e+01 5.18e-01  4.35e+01  2089s
 150   5.50142559e+11  5.49127153e+11  3.21e+01 5.07e-01  4.30e+01  2101s
 151   5.50125082e+11  5.49142005e+11  3.12e+01 4.88e-01  4.17e+01  2114s
 152   5.50118128e+11  5.49149185e+11  3.08e+01 4.78e-01  4.11e+01  2128s
 153   5.50095457e+11  5.49159303e+11  2.97e+01 4.65e-01  3.97e+01  2143s
 154   5.50071677e+11  5.49165760e+11  2.85e+01 4.57e-01  3.84e+01  2158s
 155   5.50062582e+11  5.49172609e+11  2.80e+01 4.48e-01  3.77e+01  2172s
 156   5.50058106e+11  5.49182920e+11  2.78e+01 4.34e-01  3.71e+01  2183s
 157   5.50051378e+11  5.49188577e+11  2.74e+01 4.26e-01  3.66e+01  2197s
 158   5.50040159e+11  5.49202021e+11  2.69e+01 4.09e-01  3.55e+01  2208s
 159   5.50007244e+11  5.49210782e+11  2.52e+01 3.97e-01  3.37e+01  2222s
 160   5.49996358e+11  5.49221751e+11  2.47e+01 3.82e-01  3.28e+01  2236s
 161   5.49976559e+11  5.49236636e+11  2.37e+01 3.61e-01  3.14e+01  2250s
 162   5.49958817e+11  5.49247161e+11  2.29e+01 3.46e-01  3.02e+01  2263s
 163   5.49936135e+11  5.49253860e+11  2.18e+01 3.36e-01  2.89e+01  2277s
 164   5.49915289e+11  5.49262205e+11  2.08e+01 3.24e-01  2.77e+01  2290s
 165   5.49890145e+11  5.49269559e+11  1.96e+01 3.13e-01  2.63e+01  2302s
 166   5.49873450e+11  5.49280230e+11  1.88e+01 2.97e-01  2.51e+01  2314s
 167   5.49860409e+11  5.49293089e+11  1.82e+01 2.77e-01  2.40e+01  2327s
 168   5.49851627e+11  5.49304175e+11  1.78e+01 2.60e-01  2.32e+01  2339s
 169   5.49828820e+11  5.49307725e+11  1.67e+01 2.55e-01  2.21e+01  2351s
 170   5.49822639e+11  5.49310428e+11  1.64e+01 2.51e-01  2.17e+01  2361s
 171   5.49809717e+11  5.49317592e+11  1.58e+01 2.40e-01  2.09e+01  2373s
 172   5.49792592e+11  5.49323464e+11  1.50e+01 2.31e-01  1.99e+01  2385s
 173   5.49785472e+11  5.49331508e+11  1.47e+01 2.19e-01  1.92e+01  2398s
 174   5.49775617e+11  5.49334895e+11  1.42e+01 2.13e-01  1.87e+01  2412s
 175   5.49765853e+11  5.49338478e+11  1.37e+01 2.08e-01  1.81e+01  2425s
 176   5.49750820e+11  5.49346718e+11  1.30e+01 1.95e-01  1.71e+01  2438s
 177   5.49740298e+11  5.49350360e+11  1.25e+01 1.90e-01  1.65e+01  2452s
 178   5.49729642e+11  5.49353877e+11  1.20e+01 1.84e-01  1.59e+01  2465s
 179   5.49723654e+11  5.49356721e+11  1.18e+01 1.80e-01  1.55e+01  2478s
 180   5.49714843e+11  5.49359600e+11  1.13e+01 1.75e-01  1.51e+01  2492s
 181   5.49704670e+11  5.49363461e+11  1.09e+01 1.69e-01  1.45e+01  2505s
 182   5.49694393e+11  5.49369971e+11  1.04e+01 1.60e-01  1.37e+01  2519s
 183   5.49684654e+11  5.49373618e+11  9.91e+00 1.54e-01  1.32e+01  2532s
 184   5.49683640e+11  5.49374326e+11  9.87e+00 1.53e-01  1.31e+01  2543s
 185   5.49681494e+11  5.49375698e+11  9.77e+00 1.51e-01  1.30e+01  2554s
 186   5.49678745e+11  5.49380608e+11  9.64e+00 1.43e-01  1.26e+01  2567s
 187   5.49668917e+11  5.49382722e+11  9.17e+00 1.40e-01  1.21e+01  2581s
 188   5.49658113e+11  5.49388383e+11  8.66e+00 1.31e-01  1.14e+01  2594s
 189   5.49653288e+11  5.49391536e+11  8.43e+00 1.26e-01  1.11e+01  2607s
 190   5.49647637e+11  5.49393166e+11  8.17e+00 1.24e-01  1.08e+01  2621s
 191   5.49640526e+11  5.49397421e+11  7.84e+00 1.17e-01  1.03e+01  2634s
 192   5.49629366e+11  5.49401626e+11  7.32e+00 1.11e-01  9.65e+00  2648s
 193   5.49625737e+11  5.49407686e+11  7.14e+00 1.01e-01  9.24e+00  2662s
 194   5.49622996e+11  5.49409522e+11  7.01e+00 9.85e-02  9.05e+00  2673s
 195   5.49620344e+11  5.49409962e+11  6.88e+00 9.79e-02  8.91e+00  2684s
 196   5.49618701e+11  5.49412078e+11  6.81e+00 9.47e-02  8.76e+00  2695s
 197   5.49610019e+11  5.49413359e+11  6.40e+00 9.28e-02  8.33e+00  2708s
 198   5.49607327e+11  5.49415247e+11  6.27e+00 8.99e-02  8.14e+00  2721s
 199   5.49604372e+11  5.49417069e+11  6.14e+00 8.70e-02  7.94e+00  2734s
 200   5.49600903e+11  5.49420099e+11  5.98e+00 8.23e-02  7.66e+00  2747s
 201   5.49592075e+11  5.49422654e+11  5.57e+00 7.82e-02  7.18e+00  2761s
 202   5.49591647e+11  5.49425231e+11  5.55e+00 7.42e-02  7.05e+00  2772s
 203   5.49589244e+11  5.49426898e+11  5.44e+00 7.18e-02  6.88e+00  2785s
 204   5.49588260e+11  5.49427754e+11  5.39e+00 7.04e-02  6.80e+00  2798s
 205   5.49586102e+11  5.49429192e+11  5.29e+00 6.82e-02  6.65e+00  2812s
 206   5.49585787e+11  5.49429761e+11  5.27e+00 6.74e-02  6.61e+00  2825s
 207   5.49577810e+11  5.49431337e+11  4.90e+00 6.49e-02  6.21e+00  2839s
 208   5.49576262e+11  5.49432895e+11  4.83e+00 6.24e-02  6.08e+00  2849s
 209   5.49571435e+11  5.49434540e+11  4.60e+00 5.99e-02  5.80e+00  2862s
 210   5.49570086e+11  5.49435149e+11  4.54e+00 5.89e-02  5.72e+00  2876s
 211   5.49566661e+11  5.49437150e+11  4.38e+00 5.58e-02  5.49e+00  2889s
 212   5.49564562e+11  5.49438092e+11  4.28e+00 5.43e-02  5.36e+00  2900s
 213   5.49562788e+11  5.49439209e+11  4.20e+00 5.26e-02  5.24e+00  2913s
 214   5.49560298e+11  5.49440370e+11  4.09e+00 5.07e-02  5.08e+00  2927s
 215   5.49557282e+11  5.49441700e+11  3.95e+00 4.86e-02  4.90e+00  2941s
 216   5.49554603e+11  5.49442415e+11  3.82e+00 4.75e-02  4.75e+00  2954s
 217   5.49550595e+11  5.49443873e+11  3.64e+00 4.52e-02  4.52e+00  2968s
 218   5.49547897e+11  5.49444501e+11  3.51e+00 4.42e-02  4.38e+00  2981s
 219   5.49542475e+11  5.49445736e+11  3.26e+00 4.23e-02  4.10e+00  2994s
 220   5.49539526e+11  5.49446710e+11  3.12e+00 4.07e-02  3.93e+00  3008s
 221   5.49536467e+11  5.49448525e+11  2.98e+00 3.78e-02  3.73e+00  3021s
 222   5.49534643e+11  5.49449040e+11  2.90e+00 3.70e-02  3.63e+00  3035s
 223   5.49532474e+11  5.49450002e+11  2.80e+00 3.55e-02  3.49e+00  3049s
 224   5.49529338e+11  5.49451392e+11  2.65e+00 3.33e-02  3.30e+00  3062s
 225   5.49526267e+11  5.49452107e+11  2.51e+00 3.20e-02  3.14e+00  3075s
 226   5.49523144e+11  5.49452748e+11  2.37e+00 3.09e-02  2.98e+00  3090s
 227   5.49518130e+11  5.49453518e+11  2.14e+00 2.96e-02  2.74e+00  3103s
 228   5.49516151e+11  5.49454934e+11  2.05e+00 2.73e-02  2.59e+00  3117s
 229   5.49513264e+11  5.49455546e+11  1.92e+00 2.63e-02  2.45e+00  3130s
 230   5.49511041e+11  5.49456834e+11  1.81e+00 2.42e-02  2.30e+00  3143s
 231   5.49510071e+11  5.49457834e+11  1.77e+00 2.25e-02  2.21e+00  3156s
 232   5.49508003e+11  5.49458227e+11  1.68e+00 2.19e-02  2.11e+00  3170s
 233   5.49506861e+11  5.49459117e+11  1.62e+00 2.05e-02  2.02e+00  3182s
 234   5.49506000e+11  5.49459574e+11  1.58e+00 1.97e-02  1.97e+00  3194s
 235   5.49504746e+11  5.49459873e+11  1.53e+00 1.92e-02  1.90e+00  3206s
 236   5.49504402e+11  5.49460243e+11  1.51e+00 1.86e-02  1.87e+00  3218s
 237   5.49502747e+11  5.49460604e+11  1.43e+00 1.81e-02  1.79e+00  3230s
 238   5.49501504e+11  5.49461112e+11  1.38e+00 1.72e-02  1.71e+00  3242s
 239   5.49500795e+11  5.49461659e+11  1.34e+00 1.63e-02  1.66e+00  3255s
 240   5.49499851e+11  5.49462198e+11  1.30e+00 1.55e-02  1.60e+00  3267s
 241   5.49499209e+11  5.49462361e+11  1.27e+00 1.52e-02  1.56e+00  3279s
 242   5.49497620e+11  5.49462705e+11  1.20e+00 1.47e-02  1.48e+00  3291s
 243   5.49497448e+11  5.49462822e+11  1.19e+00 1.45e-02  1.47e+00  3302s
 244   5.49495482e+11  5.49463655e+11  1.10e+00 1.31e-02  1.35e+00  3314s
 245   5.49495070e+11  5.49463873e+11  1.08e+00 1.27e-02  1.32e+00  3326s
 246   5.49493253e+11  5.49464231e+11  1.01e+00 1.21e-02  1.23e+00  3338s
 247   5.49492050e+11  5.49464882e+11  9.51e-01 1.10e-02  1.15e+00  3350s
 248   5.49490985e+11  5.49465050e+11  8.99e-01 1.08e-02  1.10e+00  3362s
 249   5.49489491e+11  5.49465534e+11  8.30e-01 9.96e-03  1.02e+00  3375s
 250   5.49488956e+11  5.49465773e+11  8.02e-01 9.56e-03  9.82e-01  3388s
 251   5.49488283e+11  5.49466059e+11  7.70e-01 9.09e-03  9.42e-01  3401s
 252   5.49487905e+11  5.49466262e+11  7.53e-01 8.76e-03  9.17e-01  3415s
 253   5.49487254e+11  5.49466470e+11  7.23e-01 8.42e-03  8.81e-01  3428s
 254   5.49486520e+11  5.49466793e+11  6.89e-01 7.88e-03  8.36e-01  3441s
 255   5.49485682e+11  5.49466947e+11  6.51e-01 7.63e-03  7.94e-01  3454s
 256   5.49485123e+11  5.49467202e+11  6.25e-01 7.21e-03  7.59e-01  3468s
 257   5.49484792e+11  5.49467306e+11  6.10e-01 7.03e-03  7.41e-01  3487s
 258   5.49484162e+11  5.49467546e+11  5.81e-01 6.64e-03  7.04e-01  3500s
 259   5.49483524e+11  5.49467684e+11  5.52e-01 6.41e-03  6.71e-01  3514s
 260   5.49482847e+11  5.49467834e+11  5.21e-01 6.16e-03  6.36e-01  3527s
 261   5.49482224e+11  5.49468016e+11  4.92e-01 5.86e-03  6.02e-01  3539s
 262   5.49481683e+11  5.49468180e+11  4.67e-01 5.59e-03  5.72e-01  3553s
 263   5.49481303e+11  5.49468290e+11  4.50e-01 5.40e-03  5.51e-01  3563s
 264   5.49480809e+11  5.49468448e+11  4.28e-01 5.13e-03  5.24e-01  3579s
 265   5.49479894e+11  5.49468701e+11  3.86e-01 4.71e-03  4.74e-01  3593s
 266   5.49479601e+11  5.49468863e+11  3.72e-01 4.44e-03  4.55e-01  3605s
 267   5.49478847e+11  5.49469045e+11  3.38e-01 4.13e-03  4.15e-01  3618s
 268   5.49478653e+11  5.49469330e+11  3.29e-01 3.66e-03  3.95e-01  3631s
 269   5.49478117e+11  5.49469481e+11  3.04e-01 3.41e-03  3.66e-01  3644s
 270   5.49477675e+11  5.49469655e+11  2.84e-01 3.11e-03  3.40e-01  3657s
 271   5.49477258e+11  5.49469750e+11  2.65e-01 2.96e-03  3.18e-01  3670s
 272   5.49476712e+11  5.49469939e+11  2.40e-01 2.64e-03  2.87e-01  3684s
 273   5.49476274e+11  5.49470210e+11  2.19e-01 2.19e-03  2.57e-01  3697s
 274   5.49475882e+11  5.49470252e+11  2.01e-01 2.11e-03  2.39e-01  3715s
 275   5.49475145e+11  5.49470362e+11  1.67e-01 1.92e-03  2.03e-01  3729s
 276   5.49474805e+11  5.49470477e+11  1.51e-01 1.73e-03  1.83e-01  3742s
 277   5.49474625e+11  5.49470544e+11  1.43e-01 1.62e-03  1.73e-01  3755s
 278   5.49474422e+11  5.49470605e+11  1.34e-01 1.52e-03  1.62e-01  3769s
 279   5.49474192e+11  5.49470651e+11  1.23e-01 1.44e-03  1.50e-01  3782s
 280   5.49474067e+11  5.49470800e+11  1.17e-01 1.19e-03  1.38e-01  3796s
 281   5.49473900e+11  5.49470860e+11  1.10e-01 1.09e-03  1.29e-01  3809s
 282   5.49473780e+11  5.49470912e+11  1.04e-01 1.00e-03  1.22e-01  3823s
 283   5.49473536e+11  5.49470962e+11  9.30e-02 9.22e-04  1.09e-01  3837s
 284   5.49473494e+11  5.49470987e+11  9.11e-02 8.80e-04  1.06e-01  3853s
 285   5.49473465e+11  5.49471005e+11  8.98e-02 8.50e-04  1.04e-01  3867s
 286   5.49473405e+11  5.49471024e+11  8.71e-02 8.16e-04  1.01e-01  3887s
 287   5.49473324e+11  5.49471052e+11  8.32e-02 7.70e-04  9.63e-02  3904s
 288   5.49473213e+11  5.49471077e+11  7.81e-02 7.26e-04  9.05e-02  3916s
 289   5.49473086e+11  5.49471105e+11  7.23e-02 6.80e-04  8.39e-02  3934s
 290   5.49473010e+11  5.49471125e+11  6.88e-02 6.46e-04  7.99e-02  3952s
 291   5.49472921e+11  5.49471153e+11  6.48e-02 6.01e-04  7.49e-02  3970s
 292   5.49472813e+11  5.49471171e+11  5.98e-02 5.71e-04  6.95e-02  3987s
 293   5.49472737e+11  5.49471193e+11  5.63e-02 5.34e-04  6.54e-02  4006s
 294   5.49472620e+11  5.49471222e+11  5.09e-02 4.87e-04  5.92e-02  4026s
 295   5.49472534e+11  5.49471268e+11  4.69e-02 4.11e-04  5.37e-02  4041s
 296   5.49472486e+11  5.49471278e+11  4.46e-02 3.93e-04  5.12e-02  4057s
 297   5.49472466e+11  5.49471287e+11  4.37e-02 3.78e-04  5.00e-02  4070s
 298   5.49472442e+11  5.49471306e+11  4.26e-02 3.45e-04  4.81e-02  4084s
 299   5.49472333e+11  5.49471315e+11  3.76e-02 3.29e-04  4.31e-02  4101s
 300   5.49472285e+11  5.49471363e+11  3.54e-02 2.50e-04  3.91e-02  4117s
 301   5.49472197e+11  5.49471375e+11  3.14e-02 2.30e-04  3.49e-02  4130s
 302   5.49472154e+11  5.49471399e+11  2.95e-02 1.90e-04  3.20e-02  4144s
 303   5.49472034e+11  5.49471420e+11  2.39e-02 1.57e-04  2.60e-02  4159s
 304   5.49471977e+11  5.49471429e+11  2.12e-02 1.40e-04  2.32e-02  4172s
 305   5.49471923e+11  5.49471449e+11  1.87e-02 1.09e-04  2.01e-02  4189s
 306   5.49471829e+11  5.49471457e+11  1.43e-02 9.46e-05  1.58e-02  4204s
 307   5.49471759e+11  5.49471467e+11  1.10e-02 7.72e-05  1.24e-02  4221s
 308   5.49471726e+11  5.49471480e+11  9.54e-03 5.71e-05  1.04e-02  4239s
 309   5.49471711e+11  5.49471483e+11  8.84e-03 5.25e-05  9.68e-03  4257s
 310   5.49471684e+11  5.49471486e+11  7.58e-03 4.66e-05  8.37e-03  4272s
 311   5.49471630e+11  5.49471496e+11  5.10e-03 3.06e-05  5.70e-03  4287s
 312   5.49471614e+11  5.49471499e+11  4.35e-03 2.63e-05  4.87e-03  4302s
 313   5.49471601e+11  5.49471500e+11  3.77e-03 2.43e-05  4.27e-03  4318s
 314   5.49471586e+11  5.49471503e+11  3.09e-03 1.89e-05  3.50e-03  4334s
 315   5.49471577e+11  5.49471507e+11  2.72e-03 1.41e-05  3.00e-03  4352s
 316   5.49471574e+11  5.49471508e+11  2.56e-03 1.26e-05  2.82e-03  4373s
 317   5.49471564e+11  5.49471509e+11  2.10e-03 9.69e-06  2.31e-03  4389s
 318   5.49471560e+11  5.49471511e+11  1.93e-03 7.49e-06  2.08e-03  4405s
 319   5.49471546e+11  5.49471512e+11  1.32e-03 5.13e-06  1.42e-03  4427s
 320   5.49471544e+11  5.49471513e+11  1.24e-03 4.10e-06  1.32e-03  4444s
 321   5.49471536e+11  5.49471514e+11  8.48e-04 3.20e-06  9.15e-04  4461s
 322   5.49471531e+11  5.49471515e+11  6.31e-04 3.65e-06  6.54e-04  4481s
 323   5.49471529e+11  5.49471515e+11  5.49e-04 2.33e-06  5.60e-04  4503s
 324   5.49471528e+11  5.49471516e+11  4.97e-04 2.06e-06  5.09e-04  4520s
 325   5.49471523e+11  5.49471516e+11  2.79e-04 1.85e-06  2.95e-04  4538s

Barrier solved model in 325 iterations and 4537.80 seconds (2955.30 work units)
Optimal objective 5.49471523e+11


