Solver command line: ['/share/apps/gurobi/12.0.0/bin/gurobi.sh']

Set parameter TokenServer to value "10.1.1.1"
Read LP format model from file /mnt/beegfs/users/ehsanno/openempire/tmpd9vgjh9x.pyomo.lp
Reading time = 12.14 seconds
x1: 4862832 rows, 4413963 columns, 16400776 nonzeros
Set parameter QCPDual to value 1
Set parameter Method to value 2
Set parameter Crossover to value 0
Set parameter Presolve to value -1
Gurobi Optimizer version 12.0.0 build v12.0.0rc1 (linux64 - "CentOS Linux 7 (Core)")

CPU model: Intel(R) Xeon(R) Gold 6244 CPU @ 3.60GHz, instruction set [SSE2|AVX|AVX2|AVX512]
Thread count: 16 physical cores, 32 logical processors, using up to 32 threads

Non-default parameters:
Method  2
Crossover  0
QCPDual  1

Optimize a model with 4862832 rows, 4413963 columns and 16400776 nonzeros
Model fingerprint: 0x8ef000a4
Coefficient statistics:
  Matrix range     [1e-03, 3e+01]
  Objective range  [4e-03, 5e+06]
  Bounds range     [1e+00, 1e+00]
  RHS range        [1e+00, 6e+08]
Presolve removed 945126 rows and 677037 columns (presolve time = 5s)...
Presolve removed 951282 rows and 677038 columns (presolve time = 10s)...
Presolve removed 951282 rows and 677038 columns
Presolve time: 10.67s
Presolved: 3911550 rows, 3736925 columns, 13701570 nonzeros
Elapsed ordering time = 5s
Ordering time: 12.87s

Barrier statistics:
 Dense cols : 1139
 AA' NZ     : 1.144e+07
 Factor NZ  : 1.114e+08 (roughly 4.0 GB of memory)
 Factor Ops : 4.952e+10 (less than 1 second per iteration)
 Threads    : 16

                  Objective                Residual
Iter       Primal          Dual         Primal    Dual     Compl     Time
   0   3.28243968e+17 -5.69230732e+15  9.08e+11 5.25e+04  1.42e+13    31s
   1   2.62591543e+17 -8.39915828e+15  6.86e+11 5.02e+05  8.71e+12    33s
   2   2.39558276e+17 -3.96961567e+16  6.12e+11 3.90e+05  7.71e+12    35s
   3   2.09923671e+17 -8.95634830e+16  5.23e+11 2.07e+05  6.02e+12    39s
   4   1.59883254e+17 -1.41474150e+17  3.87e+11 5.84e+04  4.25e+12    42s
   5   1.02646442e+17 -1.57626862e+17  2.43e+11 1.73e+04  2.66e+12    45s
   6   6.67602117e+16 -1.62796335e+17  1.56e+11 8.04e+03  1.73e+12    49s
   7   2.35162914e+16 -1.48525555e+17  5.37e+10 9.47e+02  6.07e+11    53s
   8   1.77349414e+16 -1.07128896e+17  4.00e+10 1.97e+02  4.48e+11    55s
   9   1.17856322e+16 -7.87255071e+16  2.62e+10 1.02e+02  2.93e+11    57s
  10   5.62663026e+15 -7.36453024e+16  1.20e+10 8.23e+01  1.39e+11    59s
  11   1.66222755e+15 -4.02027714e+16  3.16e+09 3.81e-03  3.81e+10    61s
  12   1.00149618e+15 -2.02685060e+16  1.77e+09 2.88e-03  2.00e+10    63s
  13   5.68631071e+14 -1.47037722e+16  9.08e+08 3.03e-03  1.04e+10    65s
  14   2.71014513e+14 -1.31844249e+16  3.21e+08 2.49e-03  4.69e+09    68s
  15   1.76426246e+14 -8.20253996e+15  1.50e+08 1.74e-03  2.22e+09    70s
  16   1.41047875e+14 -4.32292335e+15  9.03e+07 1.56e-03  1.08e+09    72s
  17   1.22519713e+14 -3.25252970e+15  6.53e+07 1.06e-03  7.44e+08    74s
  18   1.20170979e+14 -2.09284069e+15  6.22e+07 6.61e-04  5.04e+08    76s
  19   7.42054977e+13 -1.77477088e+15  1.14e+07 5.14e-04  2.88e+08    78s
  20   6.67948263e+13 -9.99700582e+14  7.81e+06 2.69e-04  1.62e+08    80s
  21   6.22960121e+13 -6.53603490e+14  6.73e+06 1.73e-04  1.08e+08    82s
  22   5.65250706e+13 -5.98046254e+14  5.63e+06 1.57e-04  9.75e+07    84s
  23   4.69246639e+13 -3.39759690e+14  3.94e+06 8.53e-05  5.67e+07    87s
  24   3.26924319e+13 -1.44603185e+14  2.23e+06 1.05e-04  2.54e+07    90s
  25   2.17211039e+13 -1.12267988e+14  1.32e+06 4.37e-05  1.89e+07    95s
  26   1.99689633e+13 -7.55061638e+13  1.18e+06 2.93e-05  1.35e+07    98s
  27   1.51493932e+13 -4.90256622e+13  8.61e+05 6.60e-05  9.02e+06   100s
  28   1.36029151e+13 -4.04611883e+13  7.56e+05 5.51e-05  7.58e+06   102s
  29   1.07225456e+13 -2.74077321e+13  5.68e+05 5.44e-05  5.33e+06   105s
  30   8.63451913e+12 -2.55948687e+13  4.39e+05 5.78e-05  4.77e+06   108s
  31   7.12241516e+12 -1.58668570e+13  3.49e+05 5.12e-05  3.20e+06   113s
  32   5.44570800e+12 -9.70989307e+12  2.49e+05 1.70e-05  2.11e+06   117s
  33   4.38452911e+12 -7.93261455e+12  1.89e+05 1.37e-05  1.71e+06   121s
  34   3.64264184e+12 -7.04576671e+12  1.50e+05 1.27e-05  1.48e+06   125s
  35   3.24208997e+12 -5.55367537e+12  1.29e+05 1.02e-05  1.22e+06   129s
  36   2.91333385e+12 -4.03306671e+12  1.11e+05 9.21e-06  9.62e+05   133s
  37   2.58423183e+12 -3.04642958e+12  9.35e+04 6.78e-06  7.79e+05   137s
  38   2.32184454e+12 -2.26625419e+12  8.04e+04 4.02e-06  6.35e+05   141s
  39   1.94274538e+12 -1.57548539e+12  6.05e+04 3.32e-06  4.86e+05   145s
  40   1.78567161e+12 -1.22861644e+12  5.22e+04 2.83e-06  4.17e+05   149s
  41   1.53976549e+12 -6.31289968e+11  3.99e+04 2.52e-05  3.00e+05   154s
  42   1.39798812e+12 -3.29445674e+11  3.34e+04 1.72e-05  2.39e+05   158s
  43   1.26142219e+12 -1.00095476e+11  2.76e+04 5.72e-06  1.88e+05   162s
  44   1.15673754e+12 -1.47992626e+10  2.34e+04 1.16e-06  1.62e+05   166s
  45   1.08705579e+12  7.63614541e+10  2.07e+04 1.01e-06  1.39e+05   170s
  46   1.01052779e+12  1.69662025e+11  1.82e+04 6.65e-07  1.16e+05   174s
  47   9.29089200e+11  2.48468377e+11  1.54e+04 5.18e-07  9.39e+04   178s
  48   8.61057214e+11  2.76983646e+11  1.30e+04 4.54e-07  8.06e+04   182s
  49   8.04441820e+11  3.33447130e+11  1.10e+04 3.31e-07  6.50e+04   186s
  50   7.53078617e+11  3.71851049e+11  9.30e+03 2.68e-07  5.26e+04   191s
  51   7.15495327e+11  3.85665266e+11  8.07e+03 2.04e-07  4.55e+04   195s
  52   6.77208389e+11  4.06356056e+11  6.81e+03 1.51e-07  3.74e+04   199s
  53   6.43456052e+11  4.21971776e+11  5.71e+03 1.15e-07  3.05e+04   203s
  54   6.30549252e+11  4.33540725e+11  5.25e+03 5.18e-07  2.72e+04   207s
  55   6.04729711e+11  4.39361476e+11  4.38e+03 5.36e-07  2.28e+04   211s
  56   5.86173123e+11  4.48134915e+11  3.72e+03 4.88e-07  1.90e+04   215s
  57   5.70769917e+11  4.55681511e+11  3.17e+03 3.65e-07  1.59e+04   219s
  58   5.56712675e+11  4.60029441e+11  2.66e+03 2.89e-07  1.33e+04   223s
  59   5.50724196e+11  4.63562195e+11  2.44e+03 2.79e-07  1.20e+04   227s
  60   5.45426469e+11  4.66055801e+11  2.25e+03 2.18e-07  1.09e+04   231s
  61   5.36837725e+11  4.68273131e+11  1.93e+03 1.94e-07  9.45e+03   235s
  62   5.28885760e+11  4.71153248e+11  1.64e+03 1.25e-07  7.96e+03   239s
  63   5.23266041e+11  4.73696275e+11  1.42e+03 1.12e-07  6.83e+03   243s
  64   5.16960212e+11  4.75486291e+11  1.18e+03 1.02e-07  5.72e+03   247s
  65   5.13938029e+11  4.77118735e+11  1.07e+03 8.01e-08  5.08e+03   251s
  66   5.09947904e+11  4.79810454e+11  9.08e+02 4.66e-08  4.15e+03   255s
  67   5.06696565e+11  4.80671568e+11  7.78e+02 3.96e-08  3.59e+03   259s
  68   5.04205503e+11  4.81526142e+11  6.80e+02 3.96e-08  3.13e+03   263s
  69   5.02094492e+11  4.81959812e+11  5.98e+02 3.42e-08  2.78e+03   267s
  70   5.00211026e+11  4.82798743e+11  5.21e+02 3.28e-08  2.40e+03   271s
  71   4.99346784e+11  4.83331596e+11  4.86e+02 3.26e-08  2.21e+03   275s
  72   4.97154978e+11  4.83912278e+11  3.98e+02 3.19e-08  1.83e+03   279s
  73   4.95849478e+11  4.84198220e+11  3.46e+02 2.98e-08  1.61e+03   283s
  74   4.95138428e+11  4.84592096e+11  3.17e+02 2.93e-08  1.45e+03   287s
  75   4.94426756e+11  4.85135125e+11  2.88e+02 3.19e-08  1.28e+03   292s
  76   4.93034731e+11  4.85434860e+11  2.32e+02 3.75e-08  1.05e+03   296s
  77   4.92186179e+11  4.85670081e+11  1.97e+02 5.75e-08  8.98e+02   300s
  78   4.91725380e+11  4.86006548e+11  1.78e+02 5.03e-08  7.88e+02   304s
  79   4.91051673e+11  4.86231479e+11  1.50e+02 3.14e-08  6.64e+02   308s
  80   4.90507570e+11  4.86372931e+11  1.27e+02 4.24e-08  5.70e+02   312s
  81   4.90138853e+11  4.86562593e+11  1.11e+02 3.80e-08  4.93e+02   316s
  82   4.89720028e+11  4.86659684e+11  9.34e+01 3.93e-08  4.22e+02   320s
  83   4.89498993e+11  4.86758428e+11  8.42e+01 2.19e-08  3.78e+02   324s
  84   4.89223200e+11  4.86842380e+11  7.26e+01 2.72e-08  3.28e+02   327s
  85   4.89153840e+11  4.86863644e+11  6.97e+01 2.40e-08  3.16e+02   331s
  86   4.88939402e+11  4.87007899e+11  6.05e+01 3.00e-08  2.66e+02   335s
  87   4.88648515e+11  4.87103732e+11  4.81e+01 5.15e-08  2.13e+02   339s
  88   4.88370709e+11  4.87138664e+11  3.66e+01 3.63e-08  1.70e+02   343s
  89   4.88341386e+11  4.87230342e+11  3.54e+01 3.61e-08  1.53e+02   347s
  90   4.88252979e+11  4.87236662e+11  3.16e+01 3.56e-08  1.40e+02   350s
  91   4.88126175e+11  4.87282679e+11  2.63e+01 3.86e-08  1.16e+02   354s
  92   4.88052536e+11  4.87327056e+11  2.32e+01 3.96e-08  1.00e+02   357s
  93   4.87912316e+11  4.87363661e+11  1.72e+01 4.54e-08  7.56e+01   361s
  94   4.87819745e+11  4.87404143e+11  1.33e+01 5.45e-08  5.73e+01   365s
  95   4.87748293e+11  4.87437874e+11  1.03e+01 2.79e-08  4.28e+01   369s
  96   4.87665619e+11  4.87457337e+11  6.85e+00 3.77e-08  2.87e+01   374s
  97   4.87618471e+11  4.87469738e+11  4.88e+00 3.70e-08  2.05e+01   378s
  98   4.87596196e+11  4.87476999e+11  3.98e+00 4.49e-08  1.64e+01   381s
  99   4.87575176e+11  4.87482814e+11  3.15e+00 5.47e-08  1.27e+01   384s
 100   4.87557245e+11  4.87486434e+11  2.43e+00 5.96e-08  9.76e+00   388s
 101   4.87530556e+11  4.87489232e+11  1.37e+00 8.27e-08  5.70e+00   391s
 102   4.87521123e+11  4.87491218e+11  9.92e-01 1.19e-07  4.12e+00   394s
 103   4.87515088e+11  4.87492842e+11  7.49e-01 9.06e-08  3.07e+00   398s
 104   4.87507852e+11  4.87493826e+11  4.60e-01 7.50e-08  1.93e+00   401s
 105   4.87504413e+11  4.87494431e+11  3.25e-01 7.03e-08  1.38e+00   404s
 106   4.87502725e+11  4.87494932e+11  2.58e-01 1.06e-07  1.07e+00   406s
 107   4.87500851e+11  4.87495258e+11  1.86e-01 1.05e-07  7.71e-01   408s
 108   4.87499375e+11  4.87495393e+11  1.29e-01 6.66e-08  5.49e-01   410s
 109   4.87498896e+11  4.87495502e+11  1.11e-01 6.19e-08  4.68e-01   412s
 110   4.87498522e+11  4.87495571e+11  9.62e-02 7.50e-08  4.07e-01   414s
 111   4.87497625e+11  4.87495690e+11  6.32e-02 9.83e-08  2.67e-01   416s
 112   4.87497299e+11  4.87495716e+11  5.08e-02 7.08e-08  2.18e-01   418s
 113   4.87497185e+11  4.87495733e+11  4.65e-02 5.49e-08  2.00e-01   420s
 114   4.87496876e+11  4.87495765e+11  3.49e-02 3.77e-08  1.53e-01   422s
 115   4.87496714e+11  4.87495814e+11  2.91e-02 6.29e-08  1.24e-01   424s
 116   4.87496613e+11  4.87495829e+11  2.54e-02 5.31e-08  1.08e-01   426s
 117   4.87496498e+11  4.87495844e+11  2.11e-02 3.39e-08  9.02e-02   428s
 118   4.87496347e+11  4.87495853e+11  1.56e-02 4.33e-08  6.80e-02   430s
 119   4.87496182e+11  4.87495864e+11  9.52e-03 4.94e-08  4.38e-02   432s
 120   4.87496098e+11  4.87495879e+11  6.51e-03 4.37e-08  3.02e-02   434s
 121   4.87496066e+11  4.87495881e+11  5.38e-03 4.40e-08  2.55e-02   436s
 122   4.87496031e+11  4.87495891e+11  4.12e-03 1.83e-08  1.93e-02   438s
 123   4.87496009e+11  4.87495894e+11  3.34e-03 1.91e-08  1.58e-02   440s
 124   4.87495979e+11  4.87495895e+11  2.32e-03 1.98e-08  1.16e-02   443s
 125   4.87495963e+11  4.87495902e+11  1.80e-03 2.19e-08  8.48e-03   445s
 126   4.87495945e+11  4.87495906e+11  1.20e-03 4.89e-08  5.49e-03   447s
 127   4.87495924e+11  4.87495908e+11  4.42e-04 2.04e-08  2.22e-03   449s
 128   4.87495917e+11  4.87495909e+11  2.11e-04 9.06e-08  1.00e-03   452s
 129   4.87495917e+11  4.87495909e+11  2.11e-04 8.01e-08  9.90e-04   454s

Barrier solved model in 129 iterations and 454.01 seconds (365.24 work units)
Optimal objective 4.87495917e+11


