This is Ipopt version 3.14.19, running with linear solver ma57.

Number of nonzeros in equality constraint Jacobian...:    13237
Number of nonzeros in inequality constraint Jacobian.:     3120
Number of nonzeros in Lagrangian Hessian.............:      454

Total number of variables............................:     5094
                     variables with only lower bounds:        0
                variables with lower and upper bounds:     3858
                     variables with only upper bounds:        0
Total number of equality constraints.................:     3582
Total number of inequality constraints...............:     1560
        inequality constraints with only lower bounds:        0
   inequality constraints with lower and upper bounds:     1560
        inequality constraints with only upper bounds:        0

iter    objective    inf_pr   inf_du lg(mu)  ||d||  lg(rg) alpha_du alpha_pr  ls
   0  1.2457831e+07 1.88e+01 8.21e+01  -1.0 0.00e+00    -  0.00e+00 0.00e+00   0
   1  1.2458727e+07 1.88e+01 8.19e+01  -1.0 2.32e+01    -  9.70e-03 2.06e-05f  1
   2  1.0102335e+07 1.85e+01 8.18e+01  -1.0 4.41e+02    -  1.23e-03 1.57e-02f  1
   3  9.7765146e+06 1.79e+01 8.06e+01  -1.0 1.55e+01  -4.0 1.74e-02 2.86e-02f  1
   4  8.9884620e+06 1.69e+01 7.54e+01  -1.0 1.42e+01  -4.5 6.29e-02 5.62e-02f  1
   5  6.8212045e+06 1.39e+01 6.13e+01  -1.0 1.36e+01    -  1.86e-01 1.79e-01f  1
   6  3.0658414e+06 6.71e+00 3.97e+01  -1.0 1.11e+01  -5.0 3.82e-01 5.17e-01f  1
   7  2.0489306e+06 2.89e+00 1.21e+01  -1.0 7.78e+00    -  8.15e-01 5.69e-01f  1
   8  2.0385879e+06 2.84e+00 2.59e+01  -1.0 2.90e+02    -  1.11e-01 1.90e-02h  1
   9  2.0370894e+06 2.83e+00 3.82e+03  -1.0 2.25e+00  -5.4 6.22e-01 2.25e-03h  1
iter    objective    inf_pr   inf_du lg(mu)  ||d||  lg(rg) alpha_du alpha_pr  ls
  10  2.0335550e+06 2.82e+00 1.38e+05  -1.0 2.37e+00  -5.9 8.40e-02 2.30e-03h  1
  11  2.0334455e+06 2.82e+00 3.42e+08  -1.0 5.25e+02    -  1.23e-01 5.04e-05h  1
  12  1.7919948e+06 1.23e+00 4.55e+07  -1.0 1.87e+02    -  9.90e-01 6.63e-01f  1
  13  1.7904547e+06 1.22e+00 1.26e+08  -1.0 8.96e-01  -6.4 1.00e+00 1.98e-02h  1
  14  1.7887015e+06 1.22e+00 1.26e+08  -1.0 3.29e+02    -  4.19e-02 2.64e-03h  1
  15r 1.7887015e+06 1.22e+00 1.00e+03   0.1 0.00e+00    -  0.00e+00 3.60e-07R  4
  16r 1.8069012e+06 1.21e+00 9.98e+02   0.1 6.14e+02    -  9.25e-03 1.48e-03f  1
  17r 1.9316106e+06 1.21e+00 9.90e+02   0.1 2.73e+01    -  1.67e-01 9.34e-03f  1
  18r 4.6447511e+06 1.15e+00 8.12e+02   0.1 3.58e+00    -  8.24e-01 1.78e-01f  1
  19r 5.9753310e+07 8.34e-01 7.69e+01   0.1 3.75e+00    -  5.54e-01 1.00e+00f  1
iter    objective    inf_pr   inf_du lg(mu)  ||d||  lg(rg) alpha_du alpha_pr  ls
  20  5.4160647e+07 8.32e-01 9.86e+01  -1.0 9.93e+01  -6.9 2.53e-02 2.48e-03f  1
  21  5.3673908e+07 8.32e-01 3.99e+02  -1.0 2.89e+02    -  1.08e-02 2.86e-04f  1
  22  5.3644448e+07 8.32e-01 1.84e+05  -1.0 4.20e+02    -  9.45e-03 2.10e-05f  1
  23r 5.3644448e+07 8.32e-01 9.99e+02  -0.1 0.00e+00  -7.3 0.00e+00 1.50e-07R  2
  24r 5.4396278e+07 8.31e-01 9.80e+02  -0.1 2.32e+00    -  6.67e-01 1.91e-02f  1
  25r 1.3077928e+08 7.60e-01 9.08e+01  -0.1 6.86e+00    -  7.03e-01 1.00e+00f  1
  26r 1.2471475e+08 7.59e-01 8.10e-01  -0.1 1.17e+00    -  9.91e-01 1.00e+00f  1
  27r 1.0931304e+08 7.73e-01 2.03e+01  -1.5 2.46e+00    -  6.24e-01 9.68e-01f  1
  28r 1.0658045e+08 7.76e-01 8.81e-01  -1.5 3.88e-01    -  9.65e-01 1.00e+00f  1
  29r 8.9419302e+07 8.00e-01 6.89e-01  -2.2 1.72e+00    -  7.68e-01 1.00e+00f  1
iter    objective    inf_pr   inf_du lg(mu)  ||d||  lg(rg) alpha_du alpha_pr  ls
  30r 8.6323982e+07 8.05e-01 6.07e-08  -2.2 2.15e-01    -  1.00e+00 1.00e+00f  1
  31r 7.0889900e+07 8.23e-01 1.24e-01  -5.0 1.29e+00    -  7.47e-01 1.00e+00f  1
  32r 6.9882163e+07 8.25e-01 3.77e-03  -5.0 5.35e-02    -  9.70e-01 1.00e+00f  1

Number of Iterations....: 32

                                   (scaled)                 (unscaled)
Objective...............:   6.2360761235095297e+03    6.2360761235095292e+07
Dual infeasibility......:   1.0000002533196573e+02    1.0000002533196573e+06
Constraint violation....:   8.2995054972018623e-01    8.2995054972018623e-01
Variable bound violation:   1.1259699306265247e-07    1.1259699306265247e-07
Complementarity.........:   3.5388708296412015e-05    3.5388708296412014e-01
Overall NLP error.......:   1.0000002533196573e+02    1.0000002533196573e+06


Number of objective function evaluations             = 40
Number of objective gradient evaluations             = 22
Number of equality constraint evaluations            = 40
Number of inequality constraint evaluations          = 40
Number of equality constraint Jacobian evaluations   = 1
Number of inequality constraint Jacobian evaluations = 1
Number of Lagrangian Hessian evaluations             = 2
Total seconds in IPOPT                               = 0.275

EXIT: Converged to a point of local infeasibility. Problem may be infeasible.
