This is Ipopt version 3.14.19, running with linear solver ma57.

Number of nonzeros in equality constraint Jacobian...:    13682
Number of nonzeros in inequality constraint Jacobian.:     3120
Number of nonzeros in Lagrangian Hessian.............:      899

Total number of variables............................:     5539
                     variables with only lower bounds:        0
                variables with lower and upper bounds:     4303
                     variables with only upper bounds:        0
Total number of equality constraints.................:     3582
Total number of inequality constraints...............:     1560
        inequality constraints with only lower bounds:        0
   inequality constraints with lower and upper bounds:     1560
        inequality constraints with only upper bounds:        0

iter    objective    inf_pr   inf_du lg(mu)  ||d||  lg(rg) alpha_du alpha_pr  ls
   0  2.4464269e+07 1.50e+01 8.51e+01  -1.0 0.00e+00    -  0.00e+00 0.00e+00   0
   1  2.4464171e+07 1.50e+01 8.48e+01  -1.0 1.92e+01    -  9.26e-03 2.82e-05f  1
   2  2.1265944e+07 1.48e+01 8.47e+01  -1.0 2.80e+01  -4.0 6.73e-04 1.77e-02f  1
   3  2.0845615e+07 1.44e+01 8.41e+01  -1.0 2.54e+01  -4.5 9.68e-03 2.09e-02f  1
   4  1.9676849e+07 1.39e+01 8.26e+01  -1.0 2.36e+01  -5.0 2.13e-02 3.90e-02f  1
   5  1.7416309e+07 1.28e+01 7.76e+01  -1.0 2.24e+01  -5.4 6.38e-02 8.08e-02f  1
   6  1.2513136e+07 1.02e+01 5.78e+01  -1.0 2.06e+01  -5.9 2.47e-01 2.03e-01f  1
   7  4.1214686e+06 3.58e+00 3.09e+01  -1.0 1.69e+01    -  4.96e-01 6.47e-01f  1
   8  2.8258230e+06 2.20e+00 1.14e+01  -1.0 9.68e+00  -6.4 8.42e-01 3.86e-01f  1
   9  2.8000738e+06 2.18e+00 5.43e+01  -1.0 1.02e+01    -  1.32e-01 1.09e-02f  1
iter    objective    inf_pr   inf_du lg(mu)  ||d||  lg(rg) alpha_du alpha_pr  ls
  10  2.7934089e+06 2.17e+00 2.06e+03  -1.0 1.03e+01  -6.9 1.32e-01 2.56e-03h  1
  11  2.7878305e+06 2.17e+00 1.39e+05  -1.0 1.03e+01  -7.3 1.08e-01 1.60e-03h  1
  12  2.7875920e+06 2.17e+00 7.13e+08  -1.0 1.04e+01  -7.8 2.93e-01 5.75e-05h  1
  13  1.3490513e+06 7.57e-01 1.94e+07  -1.0 1.06e+01    -  9.77e-01 9.53e-01f  1
  14  1.3336182e+06 7.20e-01 5.35e+07  -1.0 7.97e-01  -8.3 1.00e+00 5.64e-01f  1
  15  1.3207555e+06 6.95e-01 1.80e+07  -1.0 4.09e-01  -8.8 1.00e+00 8.53e-01h  1
  16  1.3187533e+06 6.91e-01 4.56e-08  -1.0 1.22e-01    -  1.00e+00 1.00e+00f  1
  17  6.1173384e+05 6.91e-01 4.26e+07  -1.7 1.02e+00  -9.2 1.00e+00 7.68e-01f  1
  18  3.4592674e+05 6.91e-01 1.16e-07  -1.7 7.43e-01    -  1.00e+00 1.00e+00f  1
  19  3.4592601e+05 6.91e-01 1.84e+08  -1.7 4.66e-02  -9.7 1.00e+00 2.44e-04h 13
iter    objective    inf_pr   inf_du lg(mu)  ||d||  lg(rg) alpha_du alpha_pr  ls
  20  3.4516706e+05 6.91e-01 1.38e+08  -1.7 4.76e-02    -  1.00e+00 2.50e-01h  3
  21  3.4293939e+05 6.91e-01 5.75e-08  -1.7 4.98e-01    -  1.00e+00 1.00e+00s 22
  22r 3.4293939e+05 6.91e-01 1.00e+03  -0.2 0.00e+00 -10.2 0.00e+00 0.00e+00R  1
  23r 1.3933827e+06 6.91e-01 9.08e+02  -0.2 2.90e+01    -  9.75e-01 9.13e-02f  1
  24r 7.3973324e+07 6.95e-01 4.02e+02  -0.2 1.94e+01    -  2.18e-01 5.58e-01f  1
  25r 1.3002191e+08 6.98e-01 6.59e+01  -0.2 1.00e+01    -  5.90e-01 8.37e-01f  1
  26r 1.4658834e+08 6.98e-01 1.28e+01  -0.2 6.84e+00    -  1.00e+00 8.04e-01f  1
  27r 1.2616084e+08 6.96e-01 8.79e+00  -0.9 4.66e+00    -  7.28e-01 1.00e+00f  1
  28r 1.2667820e+08 6.96e-01 1.38e-06  -0.9 6.20e+00    -  1.00e+00 1.00e+00f  1
  29r 9.6561099e+07 6.93e-01 4.84e+00  -2.3 5.17e+00    -  5.03e-01 1.00e+00f  1
iter    objective    inf_pr   inf_du lg(mu)  ||d||  lg(rg) alpha_du alpha_pr  ls
  30r 9.3305330e+07 6.93e-01 4.63e-01  -2.3 1.29e+00    -  9.74e-01 1.00e+00f  1
  31r 8.0007944e+07 6.92e-01 4.59e-08  -2.3 1.90e+00    -  1.00e+00 1.00e+00f  1
  32r 5.3694180e+07 6.91e-01 5.13e-01  -5.0 4.15e+00    -  5.54e-01 1.00e+00f  1
  33r 5.2682316e+07 6.91e-01 5.86e-02  -5.0 2.81e-01    -  9.62e-01 1.00e+00f  1
  34r 4.1857688e+07 6.91e-01 2.11e-02  -5.0 1.25e+00    -  7.17e-01 1.00e+00f  1
  35r 3.2556897e+07 6.91e-01 4.30e-03  -5.0 9.28e-01    -  8.65e-01 1.00e+00f  1

Number of Iterations....: 35

                                   (scaled)                 (unscaled)
Objective...............:   2.6978460912590408e+03    2.6978460912590407e+07
Dual infeasibility......:   9.9999999999984851e+01    9.9999999999984854e+05
Constraint violation....:   6.9070165115056392e-01    6.9070165115056392e-01
Variable bound violation:   1.1379808917411083e-07    1.1379808917411083e-07
Complementarity.........:   1.1936674147550403e-05    1.1936674147550402e-01
Overall NLP error.......:   9.9999999999984851e+01    9.9999999999984854e+05


Number of objective function evaluations             = 73
Number of objective gradient evaluations             = 24
Number of equality constraint evaluations            = 73
Number of inequality constraint evaluations          = 73
Number of equality constraint Jacobian evaluations   = 1
Number of inequality constraint Jacobian evaluations = 1
Number of Lagrangian Hessian evaluations             = 2
Total seconds in IPOPT                               = 0.434

EXIT: Converged to a point of local infeasibility. Problem may be infeasible.
