This is Ipopt version 3.14.19, running with linear solver ma57.

Number of nonzeros in equality constraint Jacobian...:    13682
Number of nonzeros in inequality constraint Jacobian.:     3120
Number of nonzeros in Lagrangian Hessian.............:      899

Total number of variables............................:     5539
                     variables with only lower bounds:        0
                variables with lower and upper bounds:     4303
                     variables with only upper bounds:        0
Total number of equality constraints.................:     3582
Total number of inequality constraints...............:     1560
        inequality constraints with only lower bounds:        0
   inequality constraints with lower and upper bounds:     1560
        inequality constraints with only upper bounds:        0

iter    objective    inf_pr   inf_du lg(mu)  ||d||  lg(rg) alpha_du alpha_pr  ls
   0  1.2357532e+07 1.85e+01 8.53e+01  -1.0 0.00e+00    -  0.00e+00 0.00e+00   0
   1  1.2357972e+07 1.85e+01 8.51e+01  -1.0 2.47e+01    -  1.03e-02 2.32e-05f  1
   2  9.6509927e+06 1.82e+01 8.50e+01  -1.0 4.50e+01    -  1.85e-03 1.53e-02f  1
   3  9.6012731e+06 1.75e+01 8.39e+01  -1.0 1.70e+01  -4.0 1.61e-02 3.72e-02f  1
   4  8.6237265e+06 1.66e+01 8.02e+01  -1.0 1.57e+01    -  4.55e-02 5.05e-02f  1
   5  6.9485943e+06 1.39e+01 6.25e+01  -1.0 1.45e+01  -4.5 2.12e-01 1.62e-01f  1
   6  2.9120640e+06 6.92e+00 4.55e+01  -1.0 2.59e+01    -  3.06e-01 5.03e-01f  1
   7  1.9799146e+06 2.81e+00 1.13e+01  -1.0 5.92e+00  -5.0 8.02e-01 5.94e-01f  1
   8  1.9705993e+06 2.76e+00 2.17e+01  -1.0 4.11e+00    -  9.07e-02 1.78e-02h  1
   9  1.9687162e+06 2.75e+00 3.41e+03  -1.0 7.87e+00    -  9.17e-01 3.18e-03h  1
iter    objective    inf_pr   inf_du lg(mu)  ||d||  lg(rg) alpha_du alpha_pr  ls
  10  1.9651383e+06 2.74e+00 5.38e+04  -1.0 5.71e+01    -  4.03e-02 2.53e-03h  1
  11  1.9650176e+06 2.74e+00 8.98e+07  -1.0 1.41e+01    -  9.12e-02 5.75e-05h  1
  12  1.7375715e+06 1.15e+00 3.71e+07  -1.0 2.96e+00    -  9.81e-01 7.02e-01f  1
  13  1.7321632e+06 1.09e+00 1.10e+08  -1.0 5.89e+00    -  1.00e+00 1.32e-01h  1
  14  1.7316778e+06 1.09e+00 1.13e+08  -1.0 4.23e+01    -  1.63e-01 2.35e-03h  1
  15  1.7293500e+06 1.09e+00 1.14e+08  -1.0 7.38e-01  -5.4 1.25e-01 4.57e-03h  1
  16r 1.7293500e+06 1.09e+00 1.00e+03   0.0 0.00e+00    -  0.00e+00 3.63e-07R  4
  17r 1.7476390e+06 1.09e+00 9.98e+02   0.0 4.17e+02    -  2.51e-02 1.67e-03f  1
  18r 2.0731556e+06 1.08e+00 9.74e+02   0.0 1.13e+01    -  2.25e-01 2.47e-02f  1
  19r 5.8894418e+06 1.01e+00 7.24e+02   0.0 2.99e+00    -  7.74e-01 2.56e-01f  1
iter    objective    inf_pr   inf_du lg(mu)  ||d||  lg(rg) alpha_du alpha_pr  ls
  20r 5.2018688e+07 7.95e-01 7.61e+01   0.0 7.37e+00    -  6.22e-01 1.00e+00f  1
  21  4.6638830e+07 7.93e-01 9.86e+01  -1.0 1.66e+02    -  2.31e-02 2.28e-03f  1
  22  4.6285177e+07 7.93e-01 1.31e+03  -1.0 1.45e+02    -  2.88e-02 2.36e-04f  1
  23  4.6270036e+07 7.93e-01 6.41e+06  -1.0 6.89e+01  -5.9 8.49e-02 1.73e-05h  1
  24r 4.6270036e+07 7.93e-01 1.00e+03  -0.1 0.00e+00    -  0.00e+00 1.06e-07R  2
  25r 4.6865444e+07 7.92e-01 9.79e+02  -0.1 1.75e+00    -  8.02e-01 2.05e-02f  1
  26r 1.2688724e+08 7.41e-01 2.41e+01  -0.1 7.60e+00    -  7.21e-01 1.00e+00f  1
  27r 1.3754979e+08 7.41e-01 1.86e-01  -0.1 1.02e+00    -  9.92e-01 1.00e+00f  1
  28r 1.1905606e+08 7.50e-01 1.96e+01  -1.5 2.47e+00    -  5.53e-01 9.82e-01f  1
  29r 1.1613657e+08 7.52e-01 7.67e-01  -1.5 7.92e-01    -  9.66e-01 1.00e+00f  1
iter    objective    inf_pr   inf_du lg(mu)  ||d||  lg(rg) alpha_du alpha_pr  ls
  30r 9.5529494e+07 7.69e-01 3.72e-01  -2.2 1.94e+00    -  8.45e-01 1.00e+00f  1
  31r 9.0777134e+07 7.73e-01 5.65e-08  -2.2 1.93e-01    -  1.00e+00 1.00e+00f  1
  32r 7.1856998e+07 7.86e-01 9.10e-02  -5.0 1.22e+00    -  7.55e-01 1.00e+00f  1
  33r 7.0693375e+07 7.87e-01 7.13e-03  -5.0 4.34e-02    -  9.58e-01 1.00e+00f  1

Number of Iterations....: 33

                                   (scaled)                 (unscaled)
Objective...............:   6.1881903533914137e+03    6.1881903533914134e+07
Dual infeasibility......:   1.0000001828535083e+02    1.0000001828535084e+06
Constraint violation....:   7.9093864301573147e-01    7.9093864301573147e-01
Variable bound violation:   1.1379809450318135e-07    1.1379809450318135e-07
Complementarity.........:   3.5930243494592521e-05    3.5930243494592518e-01
Overall NLP error.......:   1.0000001828535083e+02    1.0000001828535084e+06


Number of objective function evaluations             = 41
Number of objective gradient evaluations             = 23
Number of equality constraint evaluations            = 41
Number of inequality constraint evaluations          = 41
Number of equality constraint Jacobian evaluations   = 1
Number of inequality constraint Jacobian evaluations = 1
Number of Lagrangian Hessian evaluations             = 2
Total seconds in IPOPT                               = 0.465

EXIT: Converged to a point of local infeasibility. Problem may be infeasible.
