This is Ipopt version 3.14.19, running with linear solver ma57.

Number of nonzeros in equality constraint Jacobian...:    13682
Number of nonzeros in inequality constraint Jacobian.:     3120
Number of nonzeros in Lagrangian Hessian.............:      899

Total number of variables............................:     5539
                     variables with only lower bounds:        0
                variables with lower and upper bounds:     4303
                     variables with only upper bounds:        0
Total number of equality constraints.................:     3582
Total number of inequality constraints...............:     1560
        inequality constraints with only lower bounds:        0
   inequality constraints with lower and upper bounds:     1560
        inequality constraints with only upper bounds:        0

iter    objective    inf_pr   inf_du lg(mu)  ||d||  lg(rg) alpha_du alpha_pr  ls
   0  1.4028203e+07 1.50e+01 8.46e+01  -1.0 0.00e+00    -  0.00e+00 0.00e+00   0
   1  1.4028266e+07 1.50e+01 8.43e+01  -1.0 1.96e+01    -  1.07e-02 2.43e-05f  1
   2  1.1173383e+07 1.48e+01 8.43e+01  -1.0 1.02e+02    -  1.60e-03 1.60e-02f  1
   3  1.1096969e+07 1.42e+01 8.32e+01  -1.0 1.81e+01    -  1.70e-02 3.72e-02f  1
   4  9.9631570e+06 1.35e+01 7.94e+01  -1.0 1.62e+01  -4.0 4.61e-02 5.27e-02f  1
   5  8.0543561e+06 1.13e+01 6.04e+01  -1.0 1.54e+01  -4.5 2.28e-01 1.64e-01f  1
   6  3.2446410e+06 5.24e+00 4.52e+01  -1.0 9.36e+01    -  2.99e-01 5.35e-01f  1
   7  2.0603016e+06 2.26e+00 1.13e+01  -1.0 8.23e+00  -5.0 8.17e-01 5.69e-01f  1
   8  2.0433864e+06 2.23e+00 2.40e+01  -1.0 6.59e+00  -5.4 8.92e-02 1.53e-02f  1
   9  2.0397167e+06 2.22e+00 4.16e+03  -1.0 6.76e+00  -5.9 9.24e-01 3.07e-03h  1
iter    objective    inf_pr   inf_du lg(mu)  ||d||  lg(rg) alpha_du alpha_pr  ls
  10  2.0346178e+06 2.21e+00 5.63e+04  -1.0 4.88e+01    -  3.33e-02 2.44e-03h  1
  11  2.0344809e+06 2.21e+00 1.41e+08  -1.0 1.44e+01    -  1.19e-01 5.05e-05h  1
  12  1.4190662e+06 1.10e+00 3.38e+07  -1.0 7.23e+00  -6.4 9.75e-01 7.34e-01f  1
  13  1.4152100e+06 1.09e+00 1.22e+08  -1.0 3.01e+00    -  1.00e+00 2.78e-02h  1
  14  1.4135604e+06 1.08e+00 1.22e+08  -1.0 1.75e+00    -  6.74e-02 2.89e-03h  1
  15  1.4117546e+06 1.08e+00 1.23e+08  -1.0 1.75e+00    -  1.52e-01 3.03e-03h  1
  16  1.4108153e+06 1.08e+00 1.25e+08  -1.0 1.74e+00  -6.9 1.00e+00 6.98e-03h  1
  17  1.3103053e+06 7.12e-01 1.22e+06  -1.0 1.73e+00  -7.3 1.00e+00 9.90e-01f  1
  18  1.3092902e+06 7.09e-01 1.56e+07  -1.0 2.80e-02  -7.8 1.00e+00 8.76e-01h  1
  19  1.3091374e+06 7.09e-01 5.96e-08  -1.0 1.83e-02    -  1.00e+00 1.00e+00f  1
iter    objective    inf_pr   inf_du lg(mu)  ||d||  lg(rg) alpha_du alpha_pr  ls
  20  6.4847259e+05 7.09e-01 5.15e+07  -1.7 7.65e-01    -  1.00e+00 7.27e-01f  1
  21  3.4566688e+05 7.09e-01 1.19e-07  -1.7 8.31e-01    -  1.00e+00 1.00e+00f  1
  22  3.4412271e+05 7.09e-01 1.19e-07  -1.7 4.41e-02  -8.3 1.00e+00 1.00e+00s 22
  23  3.4407530e+05 7.09e-01 2.38e-07  -1.7 1.21e-03  -8.8 1.00e+00 1.00e+00s 22
  24r 3.4407530e+05 7.09e-01 1.00e+03  -0.1 0.00e+00  -9.2 0.00e+00 0.00e+00R  1
  25r 1.2733697e+06 7.09e-01 9.04e+02  -0.1 1.01e+01    -  1.10e-01 9.61e-02f  1
  26r 3.4737222e+06 7.11e-01 6.85e+02  -0.1 3.80e+00    -  9.51e-01 2.41e-01f  1
  27r 8.1558768e+07 7.16e-01 9.73e+01  -0.1 6.10e+00    -  2.47e-01 8.66e-01f  1
  28r 1.1751289e+08 7.17e-01 3.22e+00  -0.1 7.27e+00    -  8.56e-01 1.00e+00f  1
  29r 1.0016479e+08 7.14e-01 2.27e+01  -1.5 4.02e+00    -  3.62e-01 9.93e-01f  1
iter    objective    inf_pr   inf_du lg(mu)  ||d||  lg(rg) alpha_du alpha_pr  ls
  30r 9.8966517e+07 7.13e-01 2.68e+00  -1.5 9.98e-01    -  9.28e-01 1.00e+00f  1
  31r 9.5000925e+07 7.12e-01 2.83e-07  -1.5 1.67e+00    -  1.00e+00 1.00e+00f  1
  32r 6.9541768e+07 7.10e-01 1.13e+00  -3.5 2.95e+00    -  5.82e-01 1.00e+00f  1
  33r 6.7339747e+07 7.10e-01 1.95e-01  -3.5 2.69e-01    -  9.50e-01 1.00e+00f  1
  34r 5.5018634e+07 7.09e-01 3.30e-09  -3.5 1.28e+00    -  1.00e+00 1.00e+00f  1
  35r 3.5610758e+07 7.09e-01 5.50e-02  -5.0 1.72e+00    -  5.87e-01 1.00e+00f  1
  36r 3.3802594e+07 7.09e-01 1.90e-03  -5.0 1.22e-01    -  9.86e-01 1.00e+00f  1

Number of Iterations....: 36

                                   (scaled)                 (unscaled)
Objective...............:   2.6467798522489556e+03    2.6467798522489555e+07
Dual infeasibility......:   9.9999999999988759e+01    9.9999999999988754e+05
Constraint violation....:   7.0859174433936511e-01    7.0859174433936511e-01
Variable bound violation:   1.1379809450318135e-07    1.1379809450318135e-07
Complementarity.........:   1.2055798466511507e-05    1.2055798466511507e-01
Overall NLP error.......:   9.9999999999988759e+01    9.9999999999988754e+05


Number of objective function evaluations             = 60
Number of objective gradient evaluations             = 26
Number of equality constraint evaluations            = 60
Number of inequality constraint evaluations          = 60
Number of equality constraint Jacobian evaluations   = 1
Number of inequality constraint Jacobian evaluations = 1
Number of Lagrangian Hessian evaluations             = 2
Total seconds in IPOPT                               = 0.324

EXIT: Converged to a point of local infeasibility. Problem may be infeasible.
