This is Ipopt version 3.14.19, running with linear solver ma57.

Number of nonzeros in equality constraint Jacobian...:    13237
Number of nonzeros in inequality constraint Jacobian.:     3120
Number of nonzeros in Lagrangian Hessian.............:      454

Total number of variables............................:     5094
                     variables with only lower bounds:        0
                variables with lower and upper bounds:     3858
                     variables with only upper bounds:        0
Total number of equality constraints.................:     3582
Total number of inequality constraints...............:     1560
        inequality constraints with only lower bounds:        0
   inequality constraints with lower and upper bounds:     1560
        inequality constraints with only upper bounds:        0

iter    objective    inf_pr   inf_du lg(mu)  ||d||  lg(rg) alpha_du alpha_pr  ls
   0  1.5558883e+07 1.88e+01 8.25e+01  -1.0 0.00e+00    -  0.00e+00 0.00e+00   0
   1  1.5561432e+07 1.88e+01 8.25e+01  -1.0 6.31e+01    -  8.22e-03 2.53e-05f  1
   2  1.2772068e+07 1.85e+01 8.24e+01  -1.0 7.51e+01    -  9.70e-04 1.42e-02f  1
   3  1.2267013e+07 1.81e+01 8.10e+01  -1.0 1.67e+01  -4.0 1.82e-02 2.18e-02f  1
   4  1.1378041e+07 1.71e+01 7.50e+01  -1.0 1.13e+02    -  7.07e-02 5.43e-02f  1
   5  8.1901852e+06 1.38e+01 6.60e+01  -1.0 1.39e+01  -4.5 1.32e-01 1.92e-01f  1
   6  4.1885251e+06 7.86e+00 3.27e+01  -1.0 5.73e+01    -  5.30e-01 4.31e-01f  1
   7  2.4053051e+06 2.83e+00 1.18e+01  -1.0 7.27e+01    -  8.07e-01 6.39e-01f  1
   8  2.3930247e+06 2.77e+00 1.93e+01  -1.0 1.05e+01    -  1.03e-01 2.40e-02h  1
   9  2.3912891e+06 2.76e+00 2.43e+03  -1.0 9.10e+01    -  7.44e-01 3.06e-03h  1
iter    objective    inf_pr   inf_du lg(mu)  ||d||  lg(rg) alpha_du alpha_pr  ls
  10  2.3876552e+06 2.75e+00 6.54e+04  -1.0 2.80e+00  -5.0 6.94e-02 2.55e-03h  1
  11  2.3874969e+06 2.75e+00 7.56e+07  -1.0 9.86e+01    -  8.17e-02 7.26e-05h  1
  12  2.2106704e+06 1.34e+00 5.47e+07  -1.0 2.80e+00  -5.4 9.91e-01 5.59e-01f  1
  13  2.2097379e+06 1.34e+00 1.24e+08  -1.0 3.80e+01    -  1.00e+00 1.28e-02h  1
  14r 2.2097379e+06 1.34e+00 1.00e+03   0.1 0.00e+00    -  0.00e+00 3.27e-07R  4
  15r 2.2306217e+06 1.33e+00 9.98e+02   0.1 8.88e+02    -  9.50e-03 1.33e-03f  1
  16r 2.3635952e+06 1.33e+00 9.90e+02   0.1 6.50e+01    -  6.88e-02 8.43e-03f  1
  17r 3.6221785e+06 1.30e+00 9.12e+02   0.1 7.57e+00    -  2.19e-01 7.81e-02f  1
  18r 9.5201203e+06 1.18e+00 6.15e+02   0.1 1.95e+00    -  6.94e-01 3.25e-01f  1
  19  8.8966568e+06 1.18e+00 9.57e+01  -1.0 1.03e+01    -  5.13e-02 1.14e-03f  1
iter    objective    inf_pr   inf_du lg(mu)  ||d||  lg(rg) alpha_du alpha_pr  ls
  20  8.8883385e+06 1.18e+00 6.50e+04  -1.0 2.48e+00    -  9.05e-02 6.93e-05h  1
  21r 8.8883385e+06 1.18e+00 1.00e+03   0.1 0.00e+00    -  0.00e+00 2.76e-07R  4
  22r 1.0697071e+07 1.17e+00 9.76e+02   0.1 1.56e+00    -  8.32e-01 2.30e-02f  1
  23r 1.4802760e+08 8.71e-01 1.84e+02   0.1 1.30e+01    -  2.06e-01 8.11e-01f  1
  24  1.4638939e+08 8.71e-01 9.96e+01  -1.0 5.74e+01  -5.9 1.48e-02 5.21e-04f  1
  25  1.4134449e+08 8.69e-01 9.94e+01  -1.0 1.15e+02  -6.4 1.05e-03 1.57e-03f  1
  26  1.4080492e+08 8.69e-01 2.69e+02  -1.0 1.97e+02  -6.9 3.27e-03 1.68e-04f  1
  27  1.4076059e+08 8.69e-01 1.22e+04  -1.0 1.42e+03    -  4.99e-04 1.19e-05f  1
  28  1.4038412e+08 8.69e-01 1.81e+05  -1.0 1.51e+03    -  1.45e-03 1.00e-04f  1
  29r 1.4038412e+08 8.69e-01 9.99e+02  -0.1 0.00e+00  -7.3 0.00e+00 9.78e-10R  2
iter    objective    inf_pr   inf_du lg(mu)  ||d||  lg(rg) alpha_du alpha_pr  ls
  30r 1.4025014e+08 8.69e-01 9.96e+02  -0.1 2.01e+01    -  5.29e-02 3.10e-03f  1
  31r 1.4105346e+08 8.56e-01 8.88e+02  -0.1 1.30e+00    -  9.05e-01 1.08e-01f  1
  32r 1.7501703e+08 7.46e-01 7.82e-01  -0.1 2.33e+00    -  9.91e-01 1.00e+00f  1
  33  1.7453163e+08 7.46e-01 9.96e+01  -1.0 6.16e+01  -7.8 1.73e-02 1.42e-04f  1
  34  1.6745574e+08 7.45e-01 9.95e+01  -1.0 1.27e+03  -8.3 6.37e-04 1.73e-03f  1
  35  1.6670509e+08 7.45e-01 3.25e+02  -1.0 1.75e+03    -  3.95e-03 1.75e-04f  1
  36  1.6666224e+08 7.45e-01 5.91e+05  -1.0 1.67e+03    -  1.76e-02 1.04e-05f  1
  37r 1.6666224e+08 7.45e-01 9.99e+02  -0.1 0.00e+00  -8.8 0.00e+00 6.41e-08R  2
  38r 1.6675393e+08 7.44e-01 9.95e+02  -0.1 1.58e+00    -  9.82e-01 3.60e-03f  1
  39r 1.8531777e+08 7.23e-01 7.24e-02  -0.1 1.28e+00    -  9.94e-01 1.00e+00f  1
iter    objective    inf_pr   inf_du lg(mu)  ||d||  lg(rg) alpha_du alpha_pr  ls
  40r 1.7751604e+08 7.27e-01 7.35e+00  -1.5 5.42e-01    -  8.13e-01 9.86e-01f  1
  41r 1.7596974e+08 7.29e-01 2.98e-07  -1.5 2.25e-01    -  1.00e+00 1.00e+00f  1
  42r 1.7027779e+08 7.38e-01 2.06e-01  -3.4 3.87e-01    -  8.87e-01 1.00e+00f  1
  43r 1.6952048e+08 7.40e-01 3.68e-09  -3.4 4.46e-02    -  1.00e+00 1.00e+00f  1
  44r 1.6778256e+08 7.44e-01 3.97e-03  -5.0 8.35e-02    -  8.25e-01 1.00e+00f  1

Number of Iterations....: 44

                                   (scaled)                 (unscaled)
Objective...............:   1.6763454260942744e+04    1.6763454260942742e+08
Dual infeasibility......:   1.0000001066350147e+02    1.0000001066350148e+06
Constraint violation....:   7.4405032984359698e-01    7.4405032984359698e-01
Variable bound violation:   1.1379809627953819e-07    1.1379809627953819e-07
Complementarity.........:   9.8571710788105645e-06    9.8571710788105643e-02
Overall NLP error.......:   1.0000001066350147e+02    1.0000001066350148e+06


Number of objective function evaluations             = 58
Number of objective gradient evaluations             = 33
Number of equality constraint evaluations            = 58
Number of inequality constraint evaluations          = 58
Number of equality constraint Jacobian evaluations   = 1
Number of inequality constraint Jacobian evaluations = 1
Number of Lagrangian Hessian evaluations             = 2
Total seconds in IPOPT                               = 0.302

EXIT: Converged to a point of local infeasibility. Problem may be infeasible.
