This is Ipopt version 3.14.19, running with linear solver ma57.

Number of nonzeros in equality constraint Jacobian...:    13682
Number of nonzeros in inequality constraint Jacobian.:     3120
Number of nonzeros in Lagrangian Hessian.............:      899

Total number of variables............................:     5539
                     variables with only lower bounds:        0
                variables with lower and upper bounds:     4303
                     variables with only upper bounds:        0
Total number of equality constraints.................:     3582
Total number of inequality constraints...............:     1560
        inequality constraints with only lower bounds:        0
   inequality constraints with lower and upper bounds:     1560
        inequality constraints with only upper bounds:        0

iter    objective    inf_pr   inf_du lg(mu)  ||d||  lg(rg) alpha_du alpha_pr  ls
   0  9.5317828e+06 1.88e+01 8.45e+01  -1.0 0.00e+00    -  0.00e+00 0.00e+00   0
   1  9.5314850e+06 1.88e+01 8.40e+01  -1.0 1.86e+01    -  1.21e-02 1.94e-05f  1
   2  7.2384427e+06 1.84e+01 8.39e+01  -1.0 1.97e+01  -4.0 2.40e-03 1.72e-02f  1
   3  7.2494584e+06 1.75e+01 8.32e+01  -1.0 9.98e+01    -  1.60e-02 4.94e-02f  1
   4  6.4048740e+06 1.66e+01 7.98e+01  -1.0 1.67e+01    -  4.18e-02 5.16e-02f  1
   5  5.2509566e+06 1.38e+01 6.85e+01  -1.0 4.41e+01    -  1.46e-01 1.71e-01f  1
   6  2.8364747e+06 8.70e+00 4.12e+01  -1.0 1.96e+01    -  3.94e-01 3.68e-01f  1
   7  1.6829661e+06 2.93e+00 1.16e+01  -1.0 3.09e+01    -  7.55e-01 6.63e-01f  1
   8  1.6718794e+06 2.86e+00 2.36e+01  -1.0 2.25e+01    -  1.46e-01 2.57e-02h  1
   9  1.6706342e+06 2.85e+00 3.59e+03  -1.0 1.16e+01    -  7.52e-01 2.39e-03h  1
iter    objective    inf_pr   inf_du lg(mu)  ||d||  lg(rg) alpha_du alpha_pr  ls
  10  1.6672727e+06 2.84e+00 1.06e+05  -1.0 2.63e+00  -4.5 7.69e-02 2.57e-03h  1
  11  1.6671580e+06 2.84e+00 2.48e+08  -1.0 1.71e+01    -  1.34e-01 5.87e-05h  1
  12  1.4607546e+06 1.01e+00 3.04e+07  -1.0 2.62e+00  -5.0 9.51e-01 8.11e-01f  1
  13  1.4598760e+06 1.00e+00 1.24e+08  -1.0 6.43e+00    -  1.00e+00 4.30e-02h  1
  14r 1.4598760e+06 1.00e+00 1.00e+03   0.0 0.00e+00    -  0.00e+00 3.83e-07R  5
  15r 1.4789281e+06 1.00e+00 9.97e+02   0.0 2.51e+02    -  1.97e-02 2.03e-03f  1
  16r 1.7308380e+06 9.98e-01 9.76e+02   0.0 6.02e+00    -  3.44e-01 2.17e-02f  1
  17r 7.3719560e+06 9.21e-01 6.10e+02   0.0 1.99e+00    -  7.51e-01 3.75e-01f  1
  18r 4.7515216e+07 7.94e-01 3.38e+00   0.0 2.97e+00    -  9.81e-01 1.00e+00f  1
  19  4.3055356e+07 7.92e-01 9.84e+01  -1.0 2.91e+01    -  2.60e-02 2.06e-03f  1
iter    objective    inf_pr   inf_du lg(mu)  ||d||  lg(rg) alpha_du alpha_pr  ls
  20  4.2774014e+07 7.92e-01 9.69e+02  -1.0 3.21e+01  -5.4 1.50e-02 2.08e-04f  1
  21  4.2754439e+07 7.92e-01 1.48e+06  -1.0 3.08e+01  -5.9 3.01e-02 1.98e-05h  1
  22r 4.2754439e+07 7.92e-01 1.00e+03  -0.1 0.00e+00  -6.4 0.00e+00 7.71e-08R  2
  23r 4.3655474e+07 7.91e-01 9.81e+02  -0.1 2.51e+00    -  7.67e-01 1.78e-02f  1
  24r 1.1557911e+08 7.56e-01 2.04e+00  -0.1 6.32e+00    -  9.90e-01 1.00e+00f  1
  25r 1.0373857e+08 7.61e-01 1.68e+01  -0.8 1.77e+00    -  6.71e-01 1.00e+00f  1
  26r 1.0077766e+08 7.62e-01 1.58e-06  -0.8 6.07e-01    -  1.00e+00 1.00e+00f  1
  27r 8.6430306e+07 7.72e-01 4.60e+00  -3.4 2.48e+00    -  6.49e-01 9.89e-01f  1
  28r 8.5224190e+07 7.74e-01 2.76e-01  -3.4 1.60e-01    -  9.44e-01 1.00e+00f  1
  29r 7.5825070e+07 7.81e-01 2.96e-02  -3.4 6.53e-01    -  8.93e-01 1.00e+00f  1
iter    objective    inf_pr   inf_du lg(mu)  ||d||  lg(rg) alpha_du alpha_pr  ls
  30r 6.4699640e+07 7.87e-01 4.23e-09  -3.4 5.78e-01    -  1.00e+00 1.00e+00f  1
  31r 5.3921745e+07 7.91e-01 7.81e-03  -5.0 5.82e-01    -  7.88e-01 1.00e+00f  1

Number of Iterations....: 31

                                   (scaled)                 (unscaled)
Objective...............:   5.2360243240998325e+03    5.2360243240998320e+07
Dual infeasibility......:   1.0000001721979488e+02    1.0000001721979488e+06
Constraint violation....:   7.9117536994986903e-01    7.9117536994986903e-01
Variable bound violation:   1.1379809450318135e-07    1.1379809450318135e-07
Complementarity.........:   1.8551274644012918e-05    1.8551274644012916e-01
Overall NLP error.......:   1.0000001721979488e+02    1.0000001721979488e+06


Number of objective function evaluations             = 40
Number of objective gradient evaluations             = 21
Number of equality constraint evaluations            = 40
Number of inequality constraint evaluations          = 40
Number of equality constraint Jacobian evaluations   = 1
Number of inequality constraint Jacobian evaluations = 1
Number of Lagrangian Hessian evaluations             = 2
Total seconds in IPOPT                               = 0.343

EXIT: Converged to a point of local infeasibility. Problem may be infeasible.
