This is Ipopt version 3.14.19, running with linear solver ma57.

Number of nonzeros in equality constraint Jacobian...:    13237
Number of nonzeros in inequality constraint Jacobian.:     3120
Number of nonzeros in Lagrangian Hessian.............:      454

Total number of variables............................:     5094
                     variables with only lower bounds:        0
                variables with lower and upper bounds:     3858
                     variables with only upper bounds:        0
Total number of equality constraints.................:     3582
Total number of inequality constraints...............:     1560
        inequality constraints with only lower bounds:        0
   inequality constraints with lower and upper bounds:     1560
        inequality constraints with only upper bounds:        0

iter    objective    inf_pr   inf_du lg(mu)  ||d||  lg(rg) alpha_du alpha_pr  ls
   0  9.3309743e+06 1.88e+01 8.06e+01  -1.0 0.00e+00    -  0.00e+00 0.00e+00   0
   1  9.3311413e+06 1.88e+01 8.02e+01  -1.0 2.11e+01    -  1.13e-02 1.73e-05f  1
   2  7.3613492e+06 1.84e+01 8.02e+01  -1.0 1.85e+01  -4.0 1.58e-03 1.74e-02f  1
   3  7.1464722e+06 1.77e+01 7.92e+01  -1.0 1.53e+01  -4.5 1.68e-02 3.73e-02f  1
   4  6.5422289e+06 1.68e+01 7.50e+01  -1.0 1.43e+01  -5.0 5.45e-02 5.61e-02f  1
   5  5.1447883e+06 1.38e+01 5.77e+01  -1.0 1.37e+01  -5.4 2.80e-01 1.74e-01f  1
   6  1.9168076e+06 4.51e+00 4.08e+01  -1.0 1.15e+01    -  3.15e-01 6.75e-01f  1
   7  1.6811688e+06 2.91e+00 1.22e+01  -1.0 3.81e+00    -  8.80e-01 3.54e-01f  1
   8  1.6770726e+06 2.88e+00 4.40e+01  -1.0 2.51e+00  -5.9 7.63e-02 9.85e-03h  1
   9  1.6757923e+06 2.88e+00 3.55e+03  -1.0 2.50e+00  -6.4 2.25e-01 1.82e-03h  1
iter    objective    inf_pr   inf_du lg(mu)  ||d||  lg(rg) alpha_du alpha_pr  ls
  10  1.6729713e+06 2.87e+00 2.41e+05  -1.0 2.50e+00  -6.9 1.18e-01 1.72e-03h  1
  11  1.6721430e+06 2.87e+00 1.27e+08  -1.0 2.50e+00  -7.3 9.90e-01 1.88e-03h  1
  12  1.5124852e+06 1.47e+00 6.34e+07  -1.0 2.50e+00  -7.8 1.00e+00 5.19e-01f  1
  13  1.5111363e+06 1.46e+00 1.30e+08  -1.0 1.21e+00  -8.3 1.00e+00 1.10e-02h  1
  14  1.5086972e+06 1.46e+00 1.30e+08  -1.0 1.39e+02    -  2.42e-02 2.40e-03h  1
  15  1.5083273e+06 1.46e+00 1.30e+08  -1.0 1.20e+00  -8.8 2.24e-01 5.66e-04h  1
  16  1.4988294e+06 1.39e+00 1.19e+08  -1.0 2.55e+01    -  1.00e+00 9.49e-02h  1
  17  1.4529293e+06 7.82e-01 8.42e+06  -1.0 1.09e+00  -9.2 1.00e+00 9.36e-01h  1
  18  1.4520547e+06 7.47e-01 2.06e+07  -1.0 7.94e-02  -9.7 1.00e+00 8.44e-01h  1
  19  1.4518781e+06 7.41e-01 5.96e-08  -1.0 2.10e-01    -  1.00e+00 1.00e+00f  1
iter    objective    inf_pr   inf_du lg(mu)  ||d||  lg(rg) alpha_du alpha_pr  ls
  20  8.2346134e+05 7.41e-01 5.14e+07  -1.7 6.44e-01    -  1.00e+00 7.39e-01f  1
  21  5.4656141e+05 7.41e-01 1.19e-07  -1.7 8.68e-01    -  1.00e+00 1.00e+00f  1
  22  5.4682918e+05 7.41e-01 1.19e-07  -1.7 1.27e-01    -  1.00e+00 1.00e+00s 22
  23  5.4683070e+05 7.41e-01 2.38e-07  -1.7 5.93e-02    -  1.00e+00 1.00e+00s 22
  24r 5.4683070e+05 7.41e-01 1.00e+03  -0.1 0.00e+00    -  0.00e+00 0.00e+00R  1
  25r 1.1739520e+06 7.41e-01 9.34e+02  -0.1 6.25e+00    -  7.42e-02 6.63e-02f  1
  26r 3.0400603e+06 7.43e-01 7.42e+02  -0.1 7.66e+00    -  9.45e-01 2.04e-01f  1
  27r 3.5257704e+07 7.46e-01 4.24e+02  -0.1 7.99e+00    -  2.36e-01 4.28e-01f  1
  28r 7.9211235e+07 7.50e-01 6.74e+01  -0.1 7.71e+00    -  6.85e-01 8.42e-01f  1
  29r 9.8037947e+07 7.50e-01 7.41e-06  -0.1 4.19e+00    -  1.00e+00 1.00e+00f  1
iter    objective    inf_pr   inf_du lg(mu)  ||d||  lg(rg) alpha_du alpha_pr  ls
  30r 8.4653739e+07 7.47e-01 2.86e+01  -1.5 3.54e+00    -  5.13e-01 9.63e-01f  1
  31r 8.2210182e+07 7.47e-01 8.66e+00  -1.5 5.17e-01    -  7.49e-01 1.00e+00f  1
  32r 7.6798587e+07 7.46e-01 2.96e-07  -1.5 1.42e+00    -  1.00e+00 1.00e+00f  1
  33r 5.6672139e+07 7.44e-01 1.90e+00  -3.4 2.52e+00    -  3.40e-01 1.00e+00f  1
  34r 5.5181456e+07 7.43e-01 7.37e-02  -3.4 2.17e-01    -  9.62e-01 1.00e+00f  1
  35r 4.4624878e+07 7.42e-01 3.64e-09  -3.4 1.02e+00    -  1.00e+00 1.00e+00f  1
  36r 2.9858865e+07 7.41e-01 1.26e-02  -5.0 1.29e+00    -  6.51e-01 1.00e+00f  1
  37r 2.8319737e+07 7.41e-01 4.72e-04  -5.0 1.02e-01    -  9.69e-01 1.00e+00f  1

Number of Iterations....: 37

                                   (scaled)                 (unscaled)
Objective...............:   2.2270487794366927e+03    2.2270487794366926e+07
Dual infeasibility......:   9.9999999999994344e+01    9.9999999999994342e+05
Constraint violation....:   7.4092582023720321e-01    7.4092582023720321e-01
Variable bound violation:   1.1379809450318135e-07    1.1379809450318135e-07
Complementarity.........:   1.3973538421589184e-05    1.3973538421589182e-01
Overall NLP error.......:   9.9999999999994344e+01    9.9999999999994342e+05


Number of objective function evaluations             = 61
Number of objective gradient evaluations             = 26
Number of equality constraint evaluations            = 61
Number of inequality constraint evaluations          = 61
Number of equality constraint Jacobian evaluations   = 1
Number of inequality constraint Jacobian evaluations = 1
Number of Lagrangian Hessian evaluations             = 2
Total seconds in IPOPT                               = 0.356

EXIT: Converged to a point of local infeasibility. Problem may be infeasible.
