This is Ipopt version 3.14.19, running with linear solver ma57.

Number of nonzeros in equality constraint Jacobian...:    13237
Number of nonzeros in inequality constraint Jacobian.:     3120
Number of nonzeros in Lagrangian Hessian.............:      454

Total number of variables............................:     5094
                     variables with only lower bounds:        0
                variables with lower and upper bounds:     3858
                     variables with only upper bounds:        0
Total number of equality constraints.................:     3582
Total number of inequality constraints...............:     1560
        inequality constraints with only lower bounds:        0
   inequality constraints with lower and upper bounds:     1560
        inequality constraints with only upper bounds:        0

iter    objective    inf_pr   inf_du lg(mu)  ||d||  lg(rg) alpha_du alpha_pr  ls
   0  1.5468494e+07 1.88e+01 8.26e+01  -1.0 0.00e+00    -  0.00e+00 0.00e+00   0
   1  1.5471034e+07 1.88e+01 8.26e+01  -1.0 1.84e+01    -  8.25e-03 2.56e-05f  1
   2  1.2658036e+07 1.85e+01 8.25e+01  -1.0 7.43e+01    -  9.73e-04 1.43e-02f  1
   3  1.2161399e+07 1.81e+01 8.10e+01  -1.0 4.28e+01    -  1.81e-02 2.19e-02f  1
   4  1.1282275e+07 1.71e+01 7.51e+01  -1.0 1.43e+01  -4.0 7.00e-02 5.43e-02f  1
   5  8.1588451e+06 1.38e+01 6.60e+01  -1.0 1.33e+01  -4.5 1.34e-01 1.91e-01f  1
   6  4.1810513e+06 7.86e+00 3.27e+01  -1.0 2.66e+01    -  5.23e-01 4.32e-01f  1
   7  2.4025886e+06 2.83e+00 1.18e+01  -1.0 1.88e+02    -  7.97e-01 6.40e-01f  1
   8  2.3897467e+06 2.76e+00 1.94e+01  -1.0 1.14e+02    -  1.07e-01 2.49e-02h  1
   9  2.3881074e+06 2.75e+00 2.71e+03  -1.0 2.73e+00  -5.0 7.77e-01 2.85e-03h  1
iter    objective    inf_pr   inf_du lg(mu)  ||d||  lg(rg) alpha_du alpha_pr  ls
  10  2.3844884e+06 2.75e+00 8.67e+04  -1.0 2.84e+00  -5.4 8.03e-02 2.48e-03h  1
  11  2.3843420e+06 2.75e+00 1.29e+08  -1.0 9.52e+01    -  9.78e-02 6.73e-05h  1
  12  2.2057950e+06 1.35e+00 5.55e+07  -1.0 3.21e+02    -  9.91e-01 5.56e-01f  1
  13  2.2048275e+06 1.34e+00 1.23e+08  -1.0 2.86e+02    -  1.00e+00 1.27e-02h  1
  14  2.2026176e+06 1.34e+00 1.23e+08  -1.0 1.34e+00  -5.9 3.89e-02 2.57e-03h  1
  15r 2.2026176e+06 1.34e+00 1.00e+03   0.1 0.00e+00    -  0.00e+00 3.30e-07R  5
  16r 2.2220988e+06 1.34e+00 9.99e+02   0.1 9.01e+02    -  1.08e-02 1.30e-03f  1
  17r 2.3682549e+06 1.33e+00 9.90e+02   0.1 5.16e+01    -  6.36e-02 9.31e-03f  1
  18r 3.5506888e+06 1.31e+00 9.18e+02   0.1 5.83e+00    -  2.12e-01 7.35e-02f  1
  19r 9.1580336e+06 1.19e+00 6.32e+02   0.1 1.85e+00    -  6.80e-01 3.11e-01f  1
iter    objective    inf_pr   inf_du lg(mu)  ||d||  lg(rg) alpha_du alpha_pr  ls
  20  8.5819494e+06 1.19e+00 9.55e+01  -1.0 9.41e+00  -6.4 5.32e-02 1.10e-03f  1
  21  8.5748013e+06 1.19e+00 8.41e+04  -1.0 2.19e+00  -6.9 1.01e-01 6.48e-05h  1
  22r 8.5748013e+06 1.19e+00 1.00e+03   0.1 0.00e+00  -7.3 0.00e+00 4.95e-07R  3
  23r 1.0312289e+07 1.18e+00 9.75e+02   0.1 1.49e+00    -  9.19e-01 2.36e-02f  1
  24r 3.7776610e+07 1.14e+00 8.68e+02   0.1 1.35e+01    -  1.07e-01 1.10e-01f  1
  25r 1.5005417e+08 8.89e-01 2.31e+02   0.1 1.17e+01    -  7.99e-01 7.34e-01f  1
  26  1.4978311e+08 8.89e-01 9.96e+01  -1.0 5.75e+01  -7.8 1.46e-02 8.19e-05f  1
  27  1.4358739e+08 8.87e-01 9.95e+01  -1.0 1.10e+02  -8.3 1.41e-03 1.88e-03f  1
  28  1.4297255e+08 8.87e-01 2.33e+02  -1.0 2.22e+02    -  2.93e-03 1.87e-04f  1
  29  1.4293367e+08 8.87e-01 1.24e+04  -1.0 1.48e+03    -  4.94e-04 1.02e-05f  1
iter    objective    inf_pr   inf_du lg(mu)  ||d||  lg(rg) alpha_du alpha_pr  ls
  30  1.4254343e+08 8.87e-01 2.49e+06  -1.0 1.56e+03    -  1.99e-02 1.02e-04f  1
  31  1.3572124e+08 8.87e-01 2.31e+06  -1.0 1.15e+03    -  7.77e-04 2.19e-03f  1
  32r 1.3572124e+08 8.87e-01 9.99e+02  -0.1 0.00e+00  -8.8 0.00e+00 1.05e-09R  2
  33r 1.3586795e+08 8.86e-01 9.96e+02  -0.1 2.89e+00    -  9.23e-01 3.22e-03f  1
  34r 1.7682640e+08 7.48e-01 4.87e-01  -0.1 2.29e+00    -  9.91e-01 1.00e+00f  1
  35  1.7623925e+08 7.48e-01 9.96e+01  -1.0 9.39e+01    -  1.78e-02 1.67e-04f  1
  36  1.6877978e+08 7.46e-01 9.94e+01  -1.0 1.50e+03  -9.2 1.15e-03 1.74e-03f  1
  37  1.6799981e+08 7.46e-01 5.68e+02  -1.0 1.74e+03  -9.7 5.80e-03 1.80e-04f  1
  38  1.6795953e+08 7.46e-01 9.40e+05  -1.0 1.63e+03 -10.2 1.56e-02 9.85e-06f  1
  39  1.6030474e+08 7.46e-01 1.20e+06  -1.0 1.37e+03    -  4.29e-03 2.17e-03f  1
iter    objective    inf_pr   inf_du lg(mu)  ||d||  lg(rg) alpha_du alpha_pr  ls
  40r 1.6030474e+08 7.46e-01 9.99e+02  -0.1 0.00e+00    -  0.00e+00 4.09e-08R  2
  41r 1.6044431e+08 7.46e-01 9.95e+02  -0.1 2.75e+00    -  9.56e-01 3.73e-03f  1
  42r 1.8445067e+08 7.22e-01 7.67e-02  -0.1 2.40e+00    -  9.92e-01 1.00e+00f  1
  43r 1.7544969e+08 7.27e-01 7.25e+00  -1.5 1.35e+00    -  8.16e-01 9.85e-01f  1
  44r 1.7358052e+08 7.29e-01 2.98e-07  -1.5 1.43e-01    -  1.00e+00 1.00e+00f  1
  45r 1.6632956e+08 7.38e-01 1.60e-01  -3.4 7.16e-01    -  9.13e-01 1.00e+00f  1
  46r 1.6499856e+08 7.41e-01 3.70e-09  -3.4 6.15e-02    -  1.00e+00 1.00e+00f  1
  47r 1.6231187e+08 7.45e-01 7.68e-04  -5.0 1.44e-01    -  9.67e-01 1.00e+00f  1

Number of Iterations....: 47

                                   (scaled)                 (unscaled)
Objective...............:   1.6169185401076968e+04    1.6169185401076967e+08
Dual infeasibility......:   1.0000001393430799e+02    1.0000001393430799e+06
Constraint violation....:   7.4552075029359333e-01    7.4552075029359333e-01
Variable bound violation:   1.1379809627953819e-07    1.1379809627953819e-07
Complementarity.........:   9.9418988258006095e-06    9.9418988258006089e-02
Overall NLP error.......:   1.0000001393430799e+02    1.0000001393430799e+06


Number of objective function evaluations             = 61
Number of objective gradient evaluations             = 36
Number of equality constraint evaluations            = 61
Number of inequality constraint evaluations          = 61
Number of equality constraint Jacobian evaluations   = 1
Number of inequality constraint Jacobian evaluations = 1
Number of Lagrangian Hessian evaluations             = 2
Total seconds in IPOPT                               = 0.419

EXIT: Converged to a point of local infeasibility. Problem may be infeasible.
