This is Ipopt version 3.14.19, running with linear solver ma57.

Number of nonzeros in equality constraint Jacobian...:    13682
Number of nonzeros in inequality constraint Jacobian.:     3120
Number of nonzeros in Lagrangian Hessian.............:      899

Total number of variables............................:     5539
                     variables with only lower bounds:        0
                variables with lower and upper bounds:     4303
                     variables with only upper bounds:        0
Total number of equality constraints.................:     3582
Total number of inequality constraints...............:     1560
        inequality constraints with only lower bounds:        0
   inequality constraints with lower and upper bounds:     1560
        inequality constraints with only upper bounds:        0

iter    objective    inf_pr   inf_du lg(mu)  ||d||  lg(rg) alpha_du alpha_pr  ls
   0  2.0328501e+07 1.50e+01 8.46e+01  -1.0 0.00e+00    -  0.00e+00 0.00e+00   0
   1  2.0328295e+07 1.50e+01 8.43e+01  -1.0 1.87e+01    -  9.61e-03 2.54e-05f  1
   2  1.7418261e+07 1.48e+01 8.42e+01  -1.0 8.46e+01    -  7.16e-04 1.79e-02f  1
   3  1.7121404e+07 1.44e+01 8.34e+01  -1.0 2.46e+01  -4.0 1.14e-02 2.24e-02f  1
   4  1.6067879e+07 1.38e+01 8.19e+01  -1.0 2.29e+01    -  2.18e-02 4.32e-02f  1
   5  1.4150966e+07 1.26e+01 7.66e+01  -1.0 3.53e+01    -  6.86e-02 8.60e-02f  1
   6  9.9386462e+06 9.87e+00 5.43e+01  -1.0 2.00e+01  -4.5 2.79e-01 2.17e-01f  1
   7  2.9692592e+06 2.81e+00 2.82e+01  -1.0 2.73e+01    -  5.21e-01 7.16e-01f  1
   8  2.5149292e+06 2.22e+00 1.57e+01  -1.0 7.31e+00  -5.0 8.69e-01 2.09e-01f  1
   9  2.5033900e+06 2.21e+00 6.87e+01  -1.0 3.87e+01    -  5.30e-02 5.78e-03f  1
iter    objective    inf_pr   inf_du lg(mu)  ||d||  lg(rg) alpha_du alpha_pr  ls
  10  2.4974275e+06 2.20e+00 7.26e+03  -1.0 8.63e+00  -5.4 3.12e-01 2.59e-03h  1
  11  2.4936852e+06 2.20e+00 8.74e+05  -1.0 8.68e+00    -  1.33e-01 1.10e-03h  1
  12  2.4936069e+06 2.20e+00 4.53e+09  -1.0 8.69e+00    -  1.10e-01 2.11e-05h  1
  13  1.3055310e+06 7.84e-01 4.89e+07  -1.0 2.80e+01    -  9.90e-01 9.45e-01f  1
  14  1.2962652e+06 7.29e-01 3.97e+07  -1.0 5.57e-01    -  1.00e+00 6.83e-01f  1
  15  1.2885559e+06 7.05e-01 5.56e+06  -1.0 2.01e-01    -  1.00e+00 9.56e-01h  1
  16  1.2881355e+06 7.04e-01 5.13e-08  -1.0 9.54e-03  -5.9 1.00e+00 1.00e+00f  1
  17  5.8451083e+05 7.04e-01 4.09e+07  -1.7 6.86e-01    -  1.00e+00 7.81e-01f  1
  18  3.3871738e+05 7.04e-01 2.15e-07  -1.7 5.22e-01  -6.4 1.00e+00 1.00e+00f  1
  19  3.3871724e+05 7.04e-01 1.87e+08  -1.7 1.12e-01    -  1.00e+00 6.10e-05h 15
iter    objective    inf_pr   inf_du lg(mu)  ||d||  lg(rg) alpha_du alpha_pr  ls
  20  3.3857506e+05 7.04e-01 1.75e+08  -1.7 5.06e-02    -  1.00e+00 6.25e-02h  5
  21  3.3857493e+05 7.04e-01 1.87e+08  -1.7 3.29e-02  -6.9 1.00e+00 6.10e-05h 15
  22  3.3857480e+05 7.04e-01 1.87e+08  -1.7 3.29e-02    -  1.00e+00 6.10e-05h 15
  23  3.3857467e+05 7.04e-01 1.87e+08  -1.7 1.30e-01    -  1.00e+00 6.10e-05h 15
  24  3.3857454e+05 7.04e-01 1.87e+08  -1.7 3.29e-02  -7.3 1.00e+00 6.10e-05h 15
  25  3.3857441e+05 7.04e-01 1.87e+08  -1.7 7.03e-02    -  1.00e+00 6.10e-05h 15
  26  3.3857428e+05 7.04e-01 1.87e+08  -1.7 3.29e-02  -7.8 1.00e+00 6.10e-05h 15
  27  3.3857415e+05 7.04e-01 1.87e+08  -1.7 3.29e-02    -  1.00e+00 6.10e-05h 15
  28  3.3857402e+05 7.04e-01 1.87e+08  -1.7 3.29e-02    -  1.00e+00 6.10e-05h 15
  29  3.3648412e+05 7.04e-01 1.02e-07  -1.7 3.29e-02    -  1.00e+00 1.00e+00w  1
iter    objective    inf_pr   inf_du lg(mu)  ||d||  lg(rg) alpha_du alpha_pr  ls
  30  3.3648412e+05 7.04e-01 2.38e-07  -1.7 6.26e-10  -8.3 1.00e+00 1.00e+00w  1
  31  3.3648412e+05 7.04e-01 1.37e-07  -1.7 1.86e-09  -8.8 1.00e+00 1.00e+00w  1
  32  3.3857389e+05 7.04e-01 1.87e+08  -1.7 1.86e-09  -9.2 1.00e+00 6.10e-05h 14
  33  3.3857376e+05 7.04e-01 1.87e+08  -1.7 8.19e-02    -  1.00e+00 6.10e-05h 15
  34  3.3857363e+05 7.04e-01 1.87e+08  -1.7 4.11e-02    -  1.00e+00 6.10e-05h 15
  35  3.3857350e+05 7.04e-01 1.87e+08  -1.7 3.29e-02  -9.7 1.00e+00 6.10e-05h 15
  36  3.3857337e+05 7.04e-01 1.87e+08  -1.7 7.28e-02    -  1.00e+00 6.10e-05h 15
  37  3.3857324e+05 7.04e-01 1.87e+08  -1.7 3.29e-02 -10.2 1.00e+00 6.10e-05h 15
  38  3.3857311e+05 7.04e-01 1.87e+08  -1.7 1.32e-01    -  1.00e+00 6.10e-05h 15
  39  3.3857298e+05 7.04e-01 1.87e+08  -1.7 4.80e-02    -  1.00e+00 6.10e-05h 15
iter    objective    inf_pr   inf_du lg(mu)  ||d||  lg(rg) alpha_du alpha_pr  ls
  40  3.3857285e+05 7.04e-01 1.87e+08  -1.7 3.29e-02 -10.7 1.00e+00 6.10e-05h 15
  41  3.3857272e+05 7.04e-01 1.87e+08  -1.7 3.29e-02    -  1.00e+00 6.10e-05h 15
  42  3.3648412e+05 7.04e-01 9.28e-08  -1.7 3.43e-02    -  1.00e+00 1.00e+00w  1
  43  3.3648412e+05 7.04e-01 2.76e-07  -1.7 1.86e-09 -11.2 1.00e+00 1.00e+00w  1
  44  3.3648412e+05 7.04e-01 1.37e-07  -1.7 6.20e-09 -11.6 1.00e+00 1.00e+00w  1
  45  3.3857259e+05 7.04e-01 1.87e+08  -1.7 2.12e-08 -12.1 1.00e+00 6.10e-05h 14
  46  3.3857246e+05 7.04e-01 1.87e+08  -1.7 3.29e-02 -12.6 1.00e+00 6.10e-05h 15
  47  3.3857233e+05 7.04e-01 1.87e+08  -1.7 3.29e-02 -13.1 1.00e+00 6.10e-05h 15
  48  3.3857220e+05 7.04e-01 1.87e+08  -1.7 3.29e-02 -13.5 1.00e+00 6.10e-05h 15
  49  3.3857207e+05 7.04e-01 1.87e+08  -1.7 9.75e-02    -  1.00e+00 6.10e-05h 15
iter    objective    inf_pr   inf_du lg(mu)  ||d||  lg(rg) alpha_du alpha_pr  ls
  50  3.3857194e+05 7.04e-01 1.87e+08  -1.7 6.65e-02    -  1.00e+00 6.10e-05h 15
  51  3.3857181e+05 7.04e-01 1.87e+08  -1.7 3.29e-02 -14.0 1.00e+00 6.10e-05h 15
  52  3.3857168e+05 7.04e-01 1.87e+08  -1.7 3.29e-02 -14.5 1.00e+00 6.10e-05h 15
  53  3.3857155e+05 7.04e-01 1.87e+08  -1.7 7.16e-02    -  1.00e+00 6.10e-05h 15
  54  3.3857142e+05 7.04e-01 1.87e+08  -1.7 3.29e-02 -15.0 1.00e+00 6.10e-05h 15
  55  3.3648412e+05 7.04e-01 1.19e-07  -1.7 7.51e-02    -  1.00e+00 1.00e+00w  1
  56  3.3648412e+05 7.04e-01 2.76e-07  -1.7 4.81e-02    -  1.00e+00 1.00e+00w  1
  57  3.3648412e+05 7.04e-01 2.35e-07  -1.7 1.21e-04 -15.5 1.00e+00 1.00e+00w  1
  58  3.3857129e+05 7.04e-01 1.87e+08  -1.7 2.01e-05 -15.9 1.00e+00 6.10e-05h 14
  59  3.3857116e+05 7.04e-01 1.87e+08  -1.7 3.29e-02 -16.4 1.00e+00 6.10e-05h 15
iter    objective    inf_pr   inf_du lg(mu)  ||d||  lg(rg) alpha_du alpha_pr  ls
  60  3.3857103e+05 7.04e-01 1.87e+08  -1.7 8.31e-02    -  1.00e+00 6.10e-05h 15
  61  3.3857090e+05 7.04e-01 1.87e+08  -1.7 3.29e-02 -16.9 1.00e+00 6.10e-05h 15
  62  3.3857077e+05 7.04e-01 1.87e+08  -1.7 3.29e-02    -  1.00e+00 6.10e-05h 15
  63  3.3857064e+05 7.04e-01 1.87e+08  -1.7 3.29e-02 -17.4 1.00e+00 6.10e-05h 15
  64  3.3857051e+05 7.04e-01 1.87e+08  -1.7 3.23e+00 -17.8 1.00e+00 6.10e-05h 15
  65  3.3857038e+05 7.04e-01 1.87e+08  -1.7 4.86e-02    -  1.00e+00 6.10e-05h 15
  66  3.3857025e+05 7.04e-01 1.87e+08  -1.7 3.29e-02    -  1.00e+00 6.10e-05h 15
  67  3.3857012e+05 7.04e-01 1.87e+08  -1.7 1.98e+00 -18.3 1.00e+00 6.10e-05h 15
  68  3.3648412e+05 7.04e-01 6.13e-08  -1.7 3.29e-02 -17.0 1.00e+00 1.00e+00w  1
  69  3.3648412e+05 7.04e-01 2.38e-07  -1.7 4.60e-03 -16.6 1.00e+00 1.00e+00w  1
iter    objective    inf_pr   inf_du lg(mu)  ||d||  lg(rg) alpha_du alpha_pr  ls
  70  3.3648412e+05 7.04e-01 1.02e-07  -1.7 3.82e-03 -17.0 1.00e+00 1.00e+00w  1
  71  3.3856999e+05 7.04e-01 1.87e+08  -1.7 1.26e-03 -16.6 1.00e+00 6.10e-05h 14
  72  3.3856986e+05 7.04e-01 1.87e+08  -1.7 3.29e-02 -17.1 1.00e+00 6.10e-05h 15
  73  3.3856973e+05 7.04e-01 1.87e+08  -1.7 1.64e-01    -  1.00e+00 6.10e-05h 15
  74r 3.3856973e+05 7.04e-01 1.00e+03  -0.2 0.00e+00    -  0.00e+00 4.09e-07R  8
  75r 1.5390713e+06 7.04e-01 8.92e+02  -0.2 1.65e+01    -  9.79e-01 1.07e-01f  1
  76r 6.9969572e+07 7.08e-01 4.26e+02  -0.2 1.43e+01    -  2.61e-01 5.22e-01f  1
  77r 9.9552787e+07 7.10e-01 2.31e+02  -0.2 1.43e+01    -  1.00e+00 4.57e-01f  1
  78r 1.4421001e+08 7.12e-01 7.04e-06  -0.2 4.94e+00    -  1.00e+00 1.00e+00f  1
  79r 1.1721924e+08 7.08e-01 2.24e+01  -2.3 6.20e+00    -  4.10e-01 9.61e-01f  1
iter    objective    inf_pr   inf_du lg(mu)  ||d||  lg(rg) alpha_du alpha_pr  ls
  80r 1.1471069e+08 7.08e-01 8.72e+00  -2.3 6.86e-01    -  8.53e-01 1.00e+00f  1
  81r 1.0388095e+08 7.07e-01 2.07e+00  -2.3 2.12e+00    -  7.77e-01 1.00e+00f  1
  82r 8.6965648e+07 7.06e-01 4.99e-01  -2.3 2.03e+00    -  8.22e-01 1.00e+00f  1
  83r 7.4195793e+07 7.05e-01 4.72e-08  -2.3 1.16e+00    -  1.00e+00 1.00e+00f  1
  84r 4.9946501e+07 7.04e-01 4.97e-01  -5.0 2.86e+00    -  5.39e-01 1.00e+00f  1
  85r 4.9025182e+07 7.04e-01 1.34e-01  -5.0 3.56e-01    -  9.15e-01 1.00e+00f  1
  86r 4.2474051e+07 7.04e-01 2.93e-02  -5.0 7.08e-01    -  7.98e-01 1.00e+00f  1
  87r 3.2903314e+07 7.04e-01 6.03e-03  -5.0 9.95e-01    -  8.58e-01 1.00e+00f  1

Number of Iterations....: 87

                                   (scaled)                 (unscaled)
Objective...............:   2.6033635835414125e+03    2.6033635835414123e+07
Dual infeasibility......:   9.9999999999987821e+01    9.9999999999987823e+05
Constraint violation....:   7.0367904844818363e-01    7.0367904844818363e-01
Variable bound violation:   1.1379808917411083e-07    1.1379808917411083e-07
Complementarity.........:   1.3278774866652688e-05    1.3278774866652687e-01
Overall NLP error.......:   9.9999999999987821e+01    9.9999999999987823e+05


Number of objective function evaluations             = 690
Number of objective gradient evaluations             = 76
Number of equality constraint evaluations            = 690
Number of inequality constraint evaluations          = 690
Number of equality constraint Jacobian evaluations   = 1
Number of inequality constraint Jacobian evaluations = 1
Number of Lagrangian Hessian evaluations             = 2
Total seconds in IPOPT                               = 1.153

EXIT: Converged to a point of local infeasibility. Problem may be infeasible.
