This is Ipopt version 3.14.19, running with linear solver ma57.

Number of nonzeros in equality constraint Jacobian...:    13237
Number of nonzeros in inequality constraint Jacobian.:     3120
Number of nonzeros in Lagrangian Hessian.............:      454

Total number of variables............................:     5094
                     variables with only lower bounds:        0
                variables with lower and upper bounds:     3858
                     variables with only upper bounds:        0
Total number of equality constraints.................:     3582
Total number of inequality constraints...............:     1560
        inequality constraints with only lower bounds:        0
   inequality constraints with lower and upper bounds:     1560
        inequality constraints with only upper bounds:        0

iter    objective    inf_pr   inf_du lg(mu)  ||d||  lg(rg) alpha_du alpha_pr  ls
   0  1.2678941e+07 1.88e+01 8.29e+01  -1.0 0.00e+00    -  0.00e+00 0.00e+00   0
   1  1.2679811e+07 1.88e+01 8.27e+01  -1.0 7.05e+01    -  9.73e-03 2.05e-05f  1
   2  1.0329768e+07 1.85e+01 8.27e+01  -1.0 3.02e+02    -  1.24e-03 1.58e-02f  1
   3  1.0005006e+07 1.79e+01 8.14e+01  -1.0 1.59e+01    -  1.76e-02 2.88e-02f  1
   4  9.1901298e+06 1.69e+01 7.62e+01  -1.0 1.50e+01  -4.0 6.26e-02 5.67e-02f  1
   5  6.9958241e+06 1.39e+01 6.03e+01  -1.0 1.36e+01  -4.5 2.04e-01 1.78e-01f  1
   6  2.9897717e+06 6.27e+00 4.05e+01  -1.0 1.29e+02    -  3.67e-01 5.49e-01f  1
   7  2.0813837e+06 2.89e+00 1.21e+01  -1.0 5.03e+00  -5.0 8.27e-01 5.40e-01f  1
   8  2.0709794e+06 2.84e+00 2.62e+01  -1.0 4.43e+01    -  9.88e-02 1.72e-02h  1
   9  2.0693502e+06 2.83e+00 3.78e+03  -1.0 6.86e+01    -  5.85e-01 2.23e-03h  1
iter    objective    inf_pr   inf_du lg(mu)  ||d||  lg(rg) alpha_du alpha_pr  ls
  10  2.0657189e+06 2.82e+00 1.38e+05  -1.0 4.22e+01    -  8.24e-02 2.23e-03h  1
  11  2.0656062e+06 2.82e+00 3.37e+08  -1.0 6.77e+01    -  1.19e-01 4.99e-05h  1
  12  1.8251227e+06 1.41e+00 6.10e+07  -1.0 3.59e+00  -5.4 9.90e-01 5.43e-01f  1
  13  1.8232870e+06 1.40e+00 1.28e+08  -1.0 1.80e+00  -5.9 1.00e+00 1.20e-02h  1
  14  1.8209064e+06 1.40e+00 1.27e+08  -1.0 1.83e+00  -6.4 2.91e-02 2.40e-03h  1
  15r 1.8209064e+06 1.40e+00 1.00e+03   0.1 0.00e+00    -  0.00e+00 3.29e-07R  5
  16r 1.8461920e+06 1.40e+00 9.99e+02   0.1 9.06e+02    -  5.92e-03 1.37e-03f  1
  17r 1.9283300e+06 1.39e+00 9.93e+02   0.1 6.87e+01    -  7.17e-02 5.68e-03f  1
  18r 3.1648554e+06 1.36e+00 9.17e+02   0.1 5.90e+00    -  4.07e-01 7.75e-02f  1
  19r 1.4662388e+07 1.16e+00 4.51e+02   0.1 2.10e+00    -  9.65e-01 5.07e-01f  1
iter    objective    inf_pr   inf_du lg(mu)  ||d||  lg(rg) alpha_du alpha_pr  ls
  20  1.3241822e+07 1.15e+00 9.71e+01  -1.0 1.61e+01    -  3.67e-02 1.61e-03f  1
  21  1.3203746e+07 1.15e+00 1.68e+04  -1.0 5.42e+00    -  9.30e-02 1.35e-04f  1
  22r 1.3203746e+07 1.15e+00 1.00e+03   0.1 0.00e+00    -  0.00e+00 3.57e-07R  5
  23r 1.4300444e+07 1.15e+00 9.85e+02   0.1 1.81e+00    -  5.73e-01 1.45e-02f  1
  24r 1.0096554e+08 8.53e-01 5.64e+01   0.1 7.76e+00    -  9.90e-01 9.43e-01f  1
  25  1.0089610e+08 8.53e-01 9.94e+01  -1.0 5.12e+01  -6.9 1.67e-02 2.61e-05f  1
  26  9.5063808e+07 8.51e-01 9.92e+01  -1.0 9.46e+01    -  1.69e-03 2.22e-03f  1
  27  9.4446794e+07 8.51e-01 3.07e+02  -1.0 1.58e+02    -  4.98e-03 2.39e-04f  1
  28  9.4394074e+07 8.51e-01 1.54e+04  -1.0 9.86e+02    -  8.91e-04 1.91e-05f  1
  29r 9.4394074e+07 8.51e-01 9.99e+02  -0.1 0.00e+00    -  0.00e+00 9.91e-08R  2
iter    objective    inf_pr   inf_du lg(mu)  ||d||  lg(rg) alpha_du alpha_pr  ls
  30r 9.4254186e+07 8.50e-01 9.96e+02  -0.1 5.92e+00    -  8.33e-01 2.62e-03f  1
  31r 1.4175957e+08 7.63e-01 2.43e+01  -0.1 3.08e+00    -  8.50e-01 1.00e+00f  1
  32  1.4157651e+08 7.63e-01 9.95e+01  -1.0 6.15e+01    -  1.78e-02 6.17e-05f  1
  33  1.3538810e+08 7.62e-01 9.94e+01  -1.0 9.15e+02  -7.3 5.15e-04 1.72e-03f  1
  34  1.3477653e+08 7.62e-01 3.74e+02  -1.0 1.49e+03    -  4.07e-03 1.60e-04f  1
  35  1.3473853e+08 7.62e-01 4.74e+05  -1.0 1.41e+03    -  1.24e-02 1.04e-05f  1
  36r 1.3473853e+08 7.62e-01 9.99e+02  -0.1 0.00e+00    -  0.00e+00 6.11e-08R  2
  37r 1.3477900e+08 7.61e-01 9.96e+02  -0.1 1.61e+00    -  9.76e-01 2.85e-03f  1
  38r 1.4286537e+08 7.44e-01 1.22e-01  -0.1 1.08e+00    -  9.93e-01 1.00e+00f  1
  39r 1.3919954e+08 7.48e-01 1.22e+01  -1.5 6.01e-01    -  7.49e-01 9.72e-01f  1
iter    objective    inf_pr   inf_du lg(mu)  ||d||  lg(rg) alpha_du alpha_pr  ls
  40r 1.3854506e+08 7.49e-01 3.05e-07  -1.5 2.38e-01    -  1.00e+00 1.00e+00f  1
  41r 1.3618476e+08 7.56e-01 3.12e-01  -3.4 3.08e-01    -  8.68e-01 1.00e+00f  1
  42r 1.3598654e+08 7.58e-01 3.88e-09  -3.4 3.13e-02    -  1.00e+00 1.00e+00f  1
  43r 1.3537181e+08 7.61e-01 1.07e-02  -5.0 7.49e-02    -  6.52e-01 1.00e+00f  1

Number of Iterations....: 43

                                   (scaled)                 (unscaled)
Objective...............:   1.3532940353769372e+04    1.3532940353769371e+08
Dual infeasibility......:   1.0000003212547539e+02    1.0000003212547539e+06
Constraint violation....:   7.6114318993559471e-01    7.6114318993559471e-01
Variable bound violation:   1.1379809627953819e-07    1.1379809627953819e-07
Complementarity.........:   1.1282380564945605e-05    1.1282380564945604e-01
Overall NLP error.......:   1.0000003212547539e+02    1.0000003212547539e+06


Number of objective function evaluations             = 59
Number of objective gradient evaluations             = 33
Number of equality constraint evaluations            = 59
Number of inequality constraint evaluations          = 59
Number of equality constraint Jacobian evaluations   = 1
Number of inequality constraint Jacobian evaluations = 1
Number of Lagrangian Hessian evaluations             = 2
Total seconds in IPOPT                               = 0.445

EXIT: Converged to a point of local infeasibility. Problem may be infeasible.
