This is Ipopt version 3.14.19, running with linear solver ma57.

Number of nonzeros in equality constraint Jacobian...:    13682
Number of nonzeros in inequality constraint Jacobian.:     3120
Number of nonzeros in Lagrangian Hessian.............:      899

Total number of variables............................:     5539
                     variables with only lower bounds:        0
                variables with lower and upper bounds:     4303
                     variables with only upper bounds:        0
Total number of equality constraints.................:     3582
Total number of inequality constraints...............:     1560
        inequality constraints with only lower bounds:        0
   inequality constraints with lower and upper bounds:     1560
        inequality constraints with only upper bounds:        0

iter    objective    inf_pr   inf_du lg(mu)  ||d||  lg(rg) alpha_du alpha_pr  ls
   0  2.9093553e+07 1.50e+01 8.46e+01  -1.0 0.00e+00    -  0.00e+00 0.00e+00   0
   1  2.9093777e+07 1.50e+01 8.44e+01  -1.0 1.88e+01    -  8.70e-03 2.89e-05f  1
   2  2.5890911e+07 1.48e+01 8.42e+01  -1.0 3.02e+01  -4.0 5.76e-04 1.74e-02f  1
   3  2.5272019e+07 1.45e+01 8.35e+01  -1.0 2.76e+01    -  9.17e-03 1.86e-02f  1
   4  2.3984003e+07 1.40e+01 8.22e+01  -1.0 2.56e+01  -4.5 1.90e-02 3.67e-02f  1
   5  2.1331890e+07 1.29e+01 7.79e+01  -1.0 2.43e+01  -5.0 5.63e-02 7.40e-02f  1
   6  1.5816833e+07 1.06e+01 6.11e+01  -1.0 2.25e+01  -5.4 2.11e-01 1.82e-01f  1
   7  5.7364496e+06 4.59e+00 3.30e+01  -1.0 1.89e+01    -  4.78e-01 5.65e-01f  1
   8  1.7976488e+06 2.51e-12 6.84e+00  -1.0 1.21e+01  -5.9 8.23e-01 1.00e+00f  1
   9  1.3441396e+06 1.84e-12 1.92e+00  -1.0 5.46e+00  -6.4 7.47e-01 9.08e-01f  1
iter    objective    inf_pr   inf_du lg(mu)  ||d||  lg(rg) alpha_du alpha_pr  ls
  10  1.3417803e+06 2.91e-12 2.14e-02  -1.0 1.07e+00    -  9.91e-01 1.00e+00f  1
  11  1.3265988e+06 2.46e-10 6.12e-08  -1.0 4.46e-01  -6.9 1.00e+00 1.00e+00f  1
  12  2.1293935e+05 5.06e-10 4.23e-02  -2.5 1.15e+00  -7.3 8.51e-01 1.00e+00f  1
  13  1.3354747e+05 2.37e-12 1.46e-02  -2.5 7.17e-01    -  9.05e-01 1.00e+00f  1
  14  8.4153642e+04 2.80e-12 2.33e-02  -3.8 4.50e-01  -7.8 7.36e-01 1.00e+00f  1
  15  7.9709012e+04 2.40e-12 5.10e-03  -3.8 1.95e-01  -8.3 9.11e-01 1.00e+00f  1
  16  7.8514859e+04 4.00e-12 1.65e-10  -3.8 9.73e-02  -8.8 1.00e+00 1.00e+00f  1
  17  7.6230619e+04 3.14e-12 2.88e-03  -5.7 4.54e-01    -  8.08e-01 1.00e+00f  1
  18  7.6104333e+04 1.67e-12 1.38e-03  -5.7 3.13e-02    -  8.59e-01 1.00e+00f  1
  19  7.6068542e+04 1.68e-12 9.43e-12  -5.7 1.67e-02  -9.2 1.00e+00 1.00e+00f  1
iter    objective    inf_pr   inf_du lg(mu)  ||d||  lg(rg) alpha_du alpha_pr  ls
  20  7.6032563e+04 1.92e-12 1.69e-04  -8.6 1.12e-02  -9.7 9.32e-01 1.00e+00f  1
  21  7.6028966e+04 2.01e-12 3.19e-13  -8.6 5.08e-03 -10.2 1.00e+00 1.00e+00f  1
  22  7.6027919e+04 2.26e-12 1.90e-14  -8.6 2.10e-03    -  1.00e+00 1.00e+00f  1
  23  7.6027703e+04 2.01e-12 1.83e-14  -8.6 4.65e-04    -  1.00e+00 1.00e+00f  1
  24  7.6027677e+04 3.16e-12 2.03e-14  -8.6 1.53e-04    -  1.00e+00 1.00e+00h  1
  25  7.6027649e+04 2.09e-12 1.97e-14  -9.0 7.56e-05    -  1.00e+00 1.00e+00h  1

Number of Iterations....: 25

                                   (scaled)                 (unscaled)
Objective...............:   7.6027649044580023e+00    7.6027649044580015e+04
Dual infeasibility......:   1.9660540930523429e-14    1.9660540930523429e-10
Constraint violation....:   1.2779759541051875e-13    2.0894258545567368e-12
Variable bound violation:   9.9909090867527562e-09    9.9909090867527562e-09
Complementarity.........:   3.0702083891971281e-09    3.0702083891971283e-05
Overall NLP error.......:   3.0702083891971281e-09    3.0702083891971283e-05


Number of objective function evaluations             = 26
Number of objective gradient evaluations             = 26
Number of equality constraint evaluations            = 26
Number of inequality constraint evaluations          = 26
Number of equality constraint Jacobian evaluations   = 1
Number of inequality constraint Jacobian evaluations = 1
Number of Lagrangian Hessian evaluations             = 1
Total seconds in IPOPT                               = 0.189

EXIT: Optimal Solution Found.
