This is Ipopt version 3.14.19, running with linear solver ma57.

Number of nonzeros in equality constraint Jacobian...:    13682
Number of nonzeros in inequality constraint Jacobian.:     3120
Number of nonzeros in Lagrangian Hessian.............:      899

Total number of variables............................:     5539
                     variables with only lower bounds:        0
                variables with lower and upper bounds:     4303
                     variables with only upper bounds:        0
Total number of equality constraints.................:     3582
Total number of inequality constraints...............:     1560
        inequality constraints with only lower bounds:        0
   inequality constraints with lower and upper bounds:     1560
        inequality constraints with only upper bounds:        0

iter    objective    inf_pr   inf_du lg(mu)  ||d||  lg(rg) alpha_du alpha_pr  ls
   0  1.2481340e+07 1.50e+01 8.45e+01  -1.0 0.00e+00    -  0.00e+00 0.00e+00   0
   1  1.2481625e+07 1.50e+01 8.42e+01  -1.0 1.65e+01    -  1.04e-02 2.37e-05f  1
   2  9.7306727e+06 1.48e+01 8.42e+01  -1.0 1.91e+01  -4.0 1.81e-03 1.56e-02f  1
   3  9.6604742e+06 1.42e+01 8.32e+01  -1.0 1.50e+01  -4.5 1.54e-02 3.73e-02f  1
   4  8.6684944e+06 1.35e+01 7.97e+01  -1.0 4.60e+01    -  4.35e-02 5.04e-02f  1
   5  7.0682495e+06 1.15e+01 6.32e+01  -1.0 1.30e+01  -5.0 1.99e-01 1.53e-01f  1
   6  2.9597161e+06 5.87e+00 4.60e+01  -1.0 1.10e+01    -  3.06e-01 4.88e-01f  1
   7  1.8348161e+06 2.28e+00 1.13e+01  -1.0 2.12e+01    -  7.93e-01 6.12e-01f  1
   8  1.8224087e+06 2.24e+00 2.20e+01  -1.0 8.05e+00    -  9.86e-02 1.83e-02f  1
   9  1.8200167e+06 2.23e+00 3.38e+03  -1.0 2.27e+01    -  9.14e-01 3.22e-03h  1
iter    objective    inf_pr   inf_du lg(mu)  ||d||  lg(rg) alpha_du alpha_pr  ls
  10  1.8160038e+06 2.22e+00 4.51e+04  -1.0 1.01e+02    -  3.50e-02 2.59e-03h  1
  11  1.8158736e+06 2.22e+00 7.23e+07  -1.0 4.19e+01    -  8.76e-02 5.81e-05h  1
  12  1.5310185e+06 1.35e+00 5.30e+07  -1.0 4.38e+00  -5.4 9.68e-01 5.67e-01f  1
  13  1.4748669e+06 1.05e+00 6.75e+07  -1.0 5.04e+00    -  1.00e+00 4.66e-01h  1
  14  1.4743017e+06 1.05e+00 1.25e+08  -1.0 1.42e+01    -  1.00e+00 9.02e-03h  1
  15  1.4718463e+06 1.05e+00 1.25e+08  -1.0 9.48e-01  -5.9 7.07e-02 5.26e-03h  1
  16  1.4714067e+06 1.04e+00 1.26e+08  -1.0 9.44e-01  -6.4 7.42e-01 1.40e-03h  1
  17  1.4597320e+06 9.52e-01 9.13e+07  -1.0 9.41e-01  -6.9 1.00e+00 2.78e-01h  1
  18  1.4394796e+06 7.12e-01 5.96e-08  -1.0 6.79e-01  -7.3 1.00e+00 1.00e+00h  1
  19  9.6934444e+05 7.12e-01 9.33e+07  -1.7 5.67e-01    -  1.00e+00 5.07e-01f  1
iter    objective    inf_pr   inf_du lg(mu)  ||d||  lg(rg) alpha_du alpha_pr  ls
  20  4.4585581e+05 7.12e-01 1.19e-07  -1.7 8.53e-01  -7.8 1.00e+00 1.00e+00f  1
  21  4.4424222e+05 7.12e-01 9.46e+07  -1.7 4.94e-02  -8.3 1.00e+00 5.00e-01h  2
  22  4.4259282e+05 7.12e-01 1.19e-07  -1.7 2.58e-02  -8.8 1.00e+00 1.00e+00s 22
  23r 4.4259282e+05 7.12e-01 1.00e+03  -0.1 0.00e+00  -9.2 0.00e+00 0.00e+00R  1
  24r 1.0887058e+06 7.12e-01 9.36e+02  -0.1 7.79e+00    -  1.32e-01 6.34e-02f  1
  25r 2.0387619e+06 7.13e-01 8.40e+02  -0.1 4.53e+00    -  8.55e-01 1.03e-01f  1
  26r 4.5561450e+07 7.21e-01 9.04e+00  -0.1 7.61e+00    -  5.00e-01 1.00e+00f  1
  27r 5.3174298e+07 7.18e-01 3.27e+00  -0.8 4.81e+00    -  8.89e-01 1.00e+00f  1
  28r 9.3095102e+07 7.18e-01 1.46e+00  -0.8 2.80e+00    -  6.47e-01 1.00e+00f  1
  29r 8.5495884e+07 7.16e-01 1.10e+00  -1.5 1.79e+00    -  8.66e-01 1.00e+00f  1
iter    objective    inf_pr   inf_du lg(mu)  ||d||  lg(rg) alpha_du alpha_pr  ls
  30r 9.1917016e+07 7.16e-01 2.85e-07  -1.5 6.03e-01    -  1.00e+00 1.00e+00f  1
  31r 6.9534476e+07 7.14e-01 5.08e-01  -3.5 2.34e+00    -  7.10e-01 1.00e+00f  1
  32r 6.7415351e+07 7.13e-01 3.33e-09  -3.5 1.07e-01    -  1.00e+00 1.00e+00f  1
  33r 4.3690045e+07 7.12e-01 2.87e-02  -5.0 1.19e+00    -  6.40e-01 1.00e+00f  1
  34r 4.0998996e+07 7.12e-01 2.96e-03  -5.0 9.57e-02    -  9.61e-01 1.00e+00f  1

Number of Iterations....: 34

                                   (scaled)                 (unscaled)
Objective...............:   3.1190747123216020e+03    3.1190747123216018e+07
Dual infeasibility......:   9.9999999999989768e+01    9.9999999999989767e+05
Constraint violation....:   7.1165173839546192e-01    7.1165173839546192e-01
Variable bound violation:   1.1379809450318135e-07    1.1379809450318135e-07
Complementarity.........:   5.3263879414087194e-05    5.3263879414087190e-01
Overall NLP error.......:   9.9999999999989768e+01    9.9999999999989767e+05


Number of objective function evaluations             = 59
Number of objective gradient evaluations             = 25
Number of equality constraint evaluations            = 59
Number of inequality constraint evaluations          = 59
Number of equality constraint Jacobian evaluations   = 1
Number of inequality constraint Jacobian evaluations = 1
Number of Lagrangian Hessian evaluations             = 2
Total seconds in IPOPT                               = 0.660

EXIT: Converged to a point of local infeasibility. Problem may be infeasible.
