This is Ipopt version 3.14.19, running with linear solver ma57.

Number of nonzeros in equality constraint Jacobian...:    13682
Number of nonzeros in inequality constraint Jacobian.:     3120
Number of nonzeros in Lagrangian Hessian.............:      899

Total number of variables............................:     5539
                     variables with only lower bounds:        0
                variables with lower and upper bounds:     4303
                     variables with only upper bounds:        0
Total number of equality constraints.................:     3582
Total number of inequality constraints...............:     1560
        inequality constraints with only lower bounds:        0
   inequality constraints with lower and upper bounds:     1560
        inequality constraints with only upper bounds:        0

iter    objective    inf_pr   inf_du lg(mu)  ||d||  lg(rg) alpha_du alpha_pr  ls
   0  9.1708459e+06 1.88e+01 8.51e+01  -1.0 0.00e+00    -  0.00e+00 0.00e+00   0
   1  9.1705312e+06 1.88e+01 8.45e+01  -1.0 1.83e+01    -  1.27e-02 1.77e-05f  1
   2  7.0911153e+06 1.84e+01 8.44e+01  -1.0 1.89e+01  -4.0 2.42e-03 1.80e-02f  1
   3  7.0575854e+06 1.75e+01 8.37e+01  -1.0 1.57e+01    -  1.57e-02 5.13e-02f  1
   4  6.2662859e+06 1.66e+01 8.03e+01  -1.0 1.62e+01    -  4.20e-02 5.22e-02f  1
   5  5.1299779e+06 1.37e+01 6.79e+01  -1.0 2.50e+01    -  1.57e-01 1.71e-01f  1
   6  2.7337983e+06 8.41e+00 4.12e+01  -1.0 1.15e+01    -  3.93e-01 3.88e-01f  1
   7  1.6719144e+06 2.95e+00 1.17e+01  -1.0 7.07e+00    -  7.63e-01 6.49e-01f  1
   8  1.6611565e+06 2.88e+00 2.58e+01  -1.0 2.56e+00  -4.5 1.52e-01 2.48e-02h  1
   9  1.6600076e+06 2.87e+00 3.30e+03  -1.0 2.52e+00  -5.0 5.56e-01 2.09e-03h  1
iter    objective    inf_pr   inf_du lg(mu)  ||d||  lg(rg) alpha_du alpha_pr  ls
  10  1.6567130e+06 2.87e+00 1.25e+05  -1.0 2.52e+00  -5.4 9.27e-02 2.41e-03h  1
  11  1.6565944e+06 2.87e+00 1.87e+08  -1.0 2.52e+00  -5.9 8.59e-02 5.86e-05h  1
  12  1.4331467e+06 9.19e-01 1.79e+07  -1.0 2.52e+00  -6.4 9.61e-01 8.81e-01f  1
  13  1.4320357e+06 9.06e-01 1.21e+08  -1.0 3.06e-01  -6.9 9.97e-01 7.40e-02h  1
  14  1.4314638e+06 9.05e-01 1.22e+08  -1.0 2.99e-01  -7.3 1.35e-01 3.30e-03h  1
  15  1.4292199e+06 9.04e-01 1.27e+08  -1.0 1.67e+01    -  6.34e-01 1.02e-02h  1
  16r 1.4292199e+06 9.04e-01 1.00e+03  -0.0 0.00e+00    -  0.00e+00 4.10e-07R  4
  17r 1.4557820e+06 9.03e-01 9.97e+02  -0.0 1.05e+02    -  3.58e-02 2.94e-03f  1
  18r 1.8713513e+06 8.98e-01 9.55e+02  -0.0 4.55e+00    -  7.76e-01 4.08e-02f  1
  19r 2.8837804e+07 7.98e-01 1.51e+02  -0.0 3.86e+00    -  4.62e-01 8.46e-01f  1
iter    objective    inf_pr   inf_du lg(mu)  ||d||  lg(rg) alpha_du alpha_pr  ls
  20  2.6432934e+07 7.97e-01 9.82e+01  -1.0 2.35e+01    -  2.64e-02 1.60e-03f  1
  21  2.6326410e+07 7.97e-01 9.27e+03  -1.0 1.39e+01    -  6.78e-02 1.32e-04f  1
  22r 2.6326410e+07 7.97e-01 1.00e+03  -0.1 0.00e+00    -  0.00e+00 3.81e-07R  5
  23r 3.0304205e+07 7.94e-01 9.17e+02  -0.1 1.58e+00    -  5.86e-01 8.19e-02f  1
  24r 8.9845967e+07 7.64e-01 4.63e+01  -0.1 7.44e+00    -  9.85e-01 9.50e-01f  1
  25r 1.0137997e+08 7.61e-01 3.27e-01  -0.1 1.46e+00    -  1.00e+00 9.93e-01f  1
  26r 8.9021709e+07 7.67e-01 3.18e+01  -2.2 3.38e+00    -  4.77e-01 9.31e-01f  1
  27r 8.7328044e+07 7.68e-01 5.07e+00  -2.2 8.82e-01    -  8.76e-01 1.00e+00f  1
  28r 8.0155433e+07 7.73e-01 7.51e-01  -2.2 1.26e+00    -  8.47e-01 1.00e+00f  1
  29r 6.9742491e+07 7.80e-01 1.92e-02  -2.2 1.50e+00    -  9.75e-01 1.00e+00f  1
iter    objective    inf_pr   inf_du lg(mu)  ||d||  lg(rg) alpha_du alpha_pr  ls
  30r 5.4763518e+07 7.90e-01 2.21e-01  -3.4 1.62e+00    -  5.88e-01 1.00e+00f  1
  31r 5.2968908e+07 7.91e-01 4.29e-09  -3.4 8.70e-02    -  1.00e+00 1.00e+00f  1
  32r 4.1293755e+07 7.96e-01 1.41e-02  -5.0 9.72e-01    -  6.63e-01 1.00e+00f  1

Number of Iterations....: 32

                                   (scaled)                 (unscaled)
Objective...............:   3.9978535592152084e+03    3.9978535592152081e+07
Dual infeasibility......:   1.0000001364890504e+02    1.0000001364890503e+06
Constraint violation....:   7.9568653924790200e-01    7.9568653924790200e-01
Variable bound violation:   1.1379809272682451e-07    1.1379809272682451e-07
Complementarity.........:   2.3755775607567336e-05    2.3755775607567337e-01
Overall NLP error.......:   1.0000001364890504e+02    1.0000001364890503e+06


Number of objective function evaluations             = 43
Number of objective gradient evaluations             = 22
Number of equality constraint evaluations            = 43
Number of inequality constraint evaluations          = 43
Number of equality constraint Jacobian evaluations   = 1
Number of inequality constraint Jacobian evaluations = 1
Number of Lagrangian Hessian evaluations             = 2
Total seconds in IPOPT                               = 0.288

EXIT: Converged to a point of local infeasibility. Problem may be infeasible.
