This is Ipopt version 3.14.19, running with linear solver ma57.

Number of nonzeros in equality constraint Jacobian...:    13682
Number of nonzeros in inequality constraint Jacobian.:     3120
Number of nonzeros in Lagrangian Hessian.............:      899

Total number of variables............................:     5539
                     variables with only lower bounds:        0
                variables with lower and upper bounds:     4303
                     variables with only upper bounds:        0
Total number of equality constraints.................:     3582
Total number of inequality constraints...............:     1560
        inequality constraints with only lower bounds:        0
   inequality constraints with lower and upper bounds:     1560
        inequality constraints with only upper bounds:        0

iter    objective    inf_pr   inf_du lg(mu)  ||d||  lg(rg) alpha_du alpha_pr  ls
   0  1.3859117e+07 1.50e+01 8.46e+01  -1.0 0.00e+00    -  0.00e+00 0.00e+00   0
   1  1.3859141e+07 1.50e+01 8.42e+01  -1.0 1.68e+01    -  1.07e-02 2.43e-05f  1
   2  1.1006242e+07 1.48e+01 8.42e+01  -1.0 1.95e+01  -4.0 1.63e-03 1.60e-02f  1
   3  1.0943441e+07 1.42e+01 8.32e+01  -1.0 9.58e+01    -  1.62e-02 3.77e-02f  1
   4  9.8453032e+06 1.35e+01 7.95e+01  -1.0 1.60e+01  -4.5 4.55e-02 5.12e-02f  1
   5  8.0052074e+06 1.13e+01 6.12e+01  -1.0 4.85e+01    -  2.20e-01 1.62e-01f  1
   6  3.3347968e+06 5.45e+00 4.54e+01  -1.0 1.78e+02    -  3.01e-01 5.17e-01f  1
   7  2.0653359e+06 2.27e+00 1.13e+01  -1.0 8.02e+00  -5.0 8.09e-01 5.85e-01f  1
   8  2.0469169e+06 2.23e+00 2.32e+01  -1.0 6.41e+00    -  9.42e-02 1.67e-02f  1
   9  2.0432389e+06 2.22e+00 3.86e+03  -1.0 6.57e+00  -5.4 9.21e-01 3.11e-03h  1
iter    objective    inf_pr   inf_du lg(mu)  ||d||  lg(rg) alpha_du alpha_pr  ls
  10  2.0380806e+06 2.22e+00 5.72e+04  -1.0 7.11e+00    -  3.74e-02 2.49e-03h  1
  11  2.0379360e+06 2.22e+00 1.19e+08  -1.0 2.04e+02    -  1.06e-01 5.35e-05h  1
  12  1.4166689e+06 1.09e+00 3.23e+07  -1.0 7.08e+00    -  9.74e-01 7.42e-01f  1
  13  1.4127568e+06 1.07e+00 1.22e+08  -1.0 7.57e+00    -  1.00e+00 2.89e-02h  1
  14  1.4111631e+06 1.07e+00 1.22e+08  -1.0 1.67e+00  -5.9 6.98e-02 2.89e-03h  1
  15  1.4092983e+06 1.07e+00 1.22e+08  -1.0 4.79e+00    -  1.60e-01 3.22e-03h  1
  16  1.4083897e+06 1.07e+00 1.25e+08  -1.0 1.66e+00    -  1.00e+00 6.91e-03h  1
  17  1.3084699e+06 7.12e-01 9.54e+05  -1.0 1.07e+01    -  1.00e+00 9.92e-01f  1
  18  1.3074243e+06 7.09e-01 4.34e-08  -1.0 2.09e-02  -6.4 1.00e+00 1.00e+00h  1
  19  5.8812123e+05 7.09e-01 3.90e+07  -1.7 7.69e-01  -6.9 1.00e+00 7.93e-01f  1
iter    objective    inf_pr   inf_du lg(mu)  ||d||  lg(rg) alpha_du alpha_pr  ls
  20  3.4556897e+05 7.09e-01 1.19e-07  -1.7 7.56e-01    -  1.00e+00 1.00e+00f  1
  21  3.4539660e+05 7.09e-01 1.65e+08  -1.7 4.18e-02  -7.3 1.00e+00 1.25e-01h  4
  22  3.4531913e+05 7.09e-01 1.77e+08  -1.7 3.58e-02  -7.8 1.00e+00 6.25e-02h  5
  23  3.4531906e+05 7.09e-01 1.88e+08  -1.7 3.36e-02  -8.3 1.00e+00 6.10e-05h 15
  24  3.4531899e+05 7.09e-01 1.88e+08  -1.7 3.43e-02    -  1.00e+00 6.10e-05h 15
  25  3.4531892e+05 7.09e-01 1.88e+08  -1.7 1.52e-01    -  1.00e+00 6.10e-05h 15
  26  3.4531885e+05 7.09e-01 1.88e+08  -1.7 8.83e-02    -  1.00e+00 6.10e-05h 15
  27  3.4531877e+05 7.09e-01 1.88e+08  -1.7 3.36e-02  -8.8 1.00e+00 6.10e-05h 15
  28  3.4531870e+05 7.09e-01 1.88e+08  -1.7 7.29e-02    -  1.00e+00 6.10e-05h 15
  29  3.4531863e+05 7.09e-01 1.88e+08  -1.7 3.36e-02  -9.2 1.00e+00 6.10e-05h 15
iter    objective    inf_pr   inf_du lg(mu)  ||d||  lg(rg) alpha_du alpha_pr  ls
  30  3.4531856e+05 7.09e-01 1.88e+08  -1.7 6.44e-02    -  1.00e+00 6.10e-05h 15
  31  3.4418952e+05 7.09e-01 8.50e-08  -1.7 7.88e-02    -  1.00e+00 1.00e+00w  1
  32  3.4418952e+05 7.09e-01 2.38e-07  -1.7 3.76e-09  -9.7 1.00e+00 1.00e+00w  1
  33  3.4418952e+05 7.09e-01 1.16e-07  -1.7 7.45e-09 -10.2 1.00e+00 1.00e+00w  1
  34  3.4531849e+05 7.09e-01 1.88e+08  -1.7 3.73e-09 -10.7 1.00e+00 6.10e-05h 14
  35  3.4531842e+05 7.09e-01 1.88e+08  -1.7 3.36e-02    -  1.00e+00 6.10e-05h 15
  36  3.4531835e+05 7.09e-01 1.88e+08  -1.7 3.36e-02 -11.2 1.00e+00 6.10e-05h 15
  37  3.4531828e+05 7.09e-01 1.88e+08  -1.7 3.36e-02 -11.6 1.00e+00 6.10e-05h 15
  38  3.4531821e+05 7.09e-01 1.88e+08  -1.7 4.35e-02    -  1.00e+00 6.10e-05h 15
  39  3.4531814e+05 7.09e-01 1.88e+08  -1.7 3.36e-02 -12.1 1.00e+00 6.10e-05h 15
iter    objective    inf_pr   inf_du lg(mu)  ||d||  lg(rg) alpha_du alpha_pr  ls
  40  3.4531807e+05 7.09e-01 1.88e+08  -1.7 3.36e-02    -  1.00e+00 6.10e-05h 15
  41  3.4531800e+05 7.09e-01 1.88e+08  -1.7 3.36e-02    -  1.00e+00 6.10e-05h 15
  42  3.4531792e+05 7.09e-01 1.88e+08  -1.7 3.36e-02    -  1.00e+00 6.10e-05h 15
  43  3.4531785e+05 7.09e-01 1.88e+08  -1.7 1.11e-01    -  1.00e+00 6.10e-05h 15
  44  3.4418952e+05 7.09e-01 7.45e-08  -1.7 3.36e-02    -  1.00e+00 1.00e+00w  1
  45  3.4418952e+05 7.09e-01 2.04e-07  -1.7 5.01e-07 -12.6 1.00e+00 1.00e+00w  1
  46  3.4418952e+05 7.09e-01 1.16e-07  -1.7 4.44e-02    -  1.00e+00 1.00e+00w  1
  47  3.4531778e+05 7.09e-01 1.88e+08  -1.7 9.67e-07 -13.1 1.00e+00 6.10e-05h 14
  48  3.4531771e+05 7.09e-01 1.88e+08  -1.7 3.36e-02 -13.5 1.00e+00 6.10e-05h 15
  49  3.4531764e+05 7.09e-01 1.88e+08  -1.7 3.36e-02 -14.0 1.00e+00 6.10e-05h 15
iter    objective    inf_pr   inf_du lg(mu)  ||d||  lg(rg) alpha_du alpha_pr  ls
  50  3.4531757e+05 7.09e-01 1.88e+08  -1.7 7.34e-02    -  1.00e+00 6.10e-05h 15
  51  3.4531750e+05 7.09e-01 1.88e+08  -1.7 3.36e-02 -14.5 1.00e+00 6.10e-05h 15
  52  3.4531743e+05 7.09e-01 1.88e+08  -1.7 3.35e-02 -15.0 1.00e+00 6.10e-05h 15
  53  3.4531736e+05 7.09e-01 1.88e+08  -1.7 3.35e-02 -15.5 1.00e+00 6.10e-05h 15
  54  3.4531729e+05 7.09e-01 1.88e+08  -1.7 1.16e-01    -  1.00e+00 6.10e-05h 15
  55  3.4531722e+05 7.09e-01 1.88e+08  -1.7 1.67e-01    -  1.00e+00 6.10e-05h 15
  56  3.4531715e+05 7.09e-01 1.88e+08  -1.7 3.35e-02 -15.9 1.00e+00 6.10e-05h 15
  57  3.4418952e+05 7.09e-01 4.60e-08  -1.7 1.88e-01    -  1.00e+00 1.00e+00w  1
  58  3.4418952e+05 7.09e-01 2.04e-07  -1.7 2.30e-02    -  1.00e+00 1.00e+00w  1
  59  3.4418952e+05 7.09e-01 1.94e-07  -1.7 2.87e-01    -  1.00e+00 1.00e+00w  1
iter    objective    inf_pr   inf_du lg(mu)  ||d||  lg(rg) alpha_du alpha_pr  ls
  60  3.4531708e+05 7.09e-01 1.88e+08  -1.7 1.17e-03 -16.4 1.00e+00 6.10e-05h 14
  61  3.4531701e+05 7.09e-01 1.88e+08  -1.7 8.44e-02    -  1.00e+00 6.10e-05h 15
  62  3.4531693e+05 7.09e-01 1.88e+08  -1.7 3.35e-02 -16.9 1.00e+00 6.10e-05h 15
  63  3.4531686e+05 7.09e-01 1.88e+08  -1.7 3.35e-02 -17.4 1.00e+00 6.10e-05h 15
  64  3.4531679e+05 7.09e-01 1.88e+08  -1.7 3.35e-02 -16.9 1.00e+00 6.10e-05h 15
  65  3.4531672e+05 7.09e-01 1.88e+08  -1.7 3.35e-02 -17.4 1.00e+00 6.10e-05h 15
  66  3.4531665e+05 7.09e-01 1.88e+08  -1.7 4.49e-02    -  1.00e+00 6.10e-05h 15
  67  3.4531658e+05 7.09e-01 1.88e+08  -1.7 1.04e-01    -  1.00e+00 6.10e-05h 15
  68  3.4531651e+05 7.09e-01 1.88e+08  -1.7 3.62e-01 -17.9 1.00e+00 6.10e-05h 15
  69  3.4531644e+05 7.09e-01 1.88e+08  -1.7 3.63e-01    -  1.00e+00 6.10e-05h 15
iter    objective    inf_pr   inf_du lg(mu)  ||d||  lg(rg) alpha_du alpha_pr  ls
  70  3.4418952e+05 7.09e-01 8.50e-08  -1.7 3.35e-02 -16.6 1.00e+00 1.00e+00w  1
  71  3.4418952e+05 7.09e-01 2.38e-07  -1.7 8.45e-03 -17.0 1.00e+00 1.00e+00w  1
  72  3.4418952e+05 7.09e-01 1.65e-07  -1.7 7.58e-05 -16.6 1.00e+00 1.00e+00w  1
  73  3.4531637e+05 7.09e-01 1.88e+08  -1.7 1.22e-02 -17.1 1.00e+00 6.10e-05h 14
  74  3.4531630e+05 7.09e-01 1.88e+08  -1.7 3.35e-02 -16.7 1.00e+00 6.10e-05h 15
  75  3.4531623e+05 7.09e-01 1.88e+08  -1.7 3.35e-02 -17.1 1.00e+00 6.10e-05h 15
  76  3.4531616e+05 7.09e-01 1.88e+08  -1.7 3.35e-02 -16.7 1.00e+00 6.10e-05h 15
  77  3.4531609e+05 7.09e-01 1.88e+08  -1.7 3.35e-02 -17.2 1.00e+00 6.10e-05h 15
  78  3.4531602e+05 7.09e-01 1.88e+08  -1.7 3.35e-02 -17.7 1.00e+00 6.10e-05h 15
  79  3.4531595e+05 7.09e-01 1.88e+08  -1.7 3.35e-02    -  1.00e+00 6.10e-05h 15
iter    objective    inf_pr   inf_du lg(mu)  ||d||  lg(rg) alpha_du alpha_pr  ls
  80  3.4531587e+05 7.09e-01 1.88e+08  -1.7 1.03e+01 -18.1 1.00e+00 6.10e-05h 15
  81  3.4531580e+05 7.09e-01 1.88e+08  -1.7 3.35e-02    -  1.00e+00 6.10e-05h 15
  82  3.4531573e+05 7.09e-01 1.88e+08  -1.7 3.35e-02 -16.8 1.00e+00 6.10e-05h 15
  83  3.4418952e+05 7.09e-01 8.50e-08  -1.7 5.82e-02    -  1.00e+00 1.00e+00w  1
  84  3.4418952e+05 7.09e-01 2.38e-07  -1.7 2.88e-02 -17.3 1.00e+00 1.00e+00w  1
  85  3.4418952e+05 7.09e-01 1.65e-07  -1.7 3.74e-03    -  1.00e+00 1.00e+00w  1
  86  3.4531566e+05 7.09e-01 1.88e+08  -1.7 2.62e+00 -17.8 1.00e+00 6.10e-05h 14
  87  3.4531559e+05 7.09e-01 1.88e+08  -1.7 4.54e-02    -  1.00e+00 6.10e-05h 15
  88  3.4531552e+05 7.09e-01 1.88e+08  -1.7 3.35e-02 -17.3 1.00e+00 6.10e-05h 15
  89r 3.4531552e+05 7.09e-01 1.00e+03  -0.1 0.00e+00    -  0.00e+00 3.77e-07R  8
iter    objective    inf_pr   inf_du lg(mu)  ||d||  lg(rg) alpha_du alpha_pr  ls
  90r 1.2649352e+06 7.10e-01 9.06e+02  -0.1 1.55e+01    -  1.22e-01 9.39e-02f  1
  91r 3.7374464e+06 7.12e-01 6.62e+02  -0.1 3.68e+00    -  9.61e-01 2.68e-01f  1
  92r 6.1071643e+07 7.15e-01 2.98e+02  -0.1 7.47e+00    -  2.07e-01 5.49e-01f  1
  93r 1.1609433e+08 7.17e-01 2.89e+01  -0.1 1.06e+01    -  7.36e-01 9.08e-01f  1
  94r 1.0569600e+08 7.14e-01 1.63e+01  -0.8 3.18e+00    -  4.51e-01 1.00e+00f  1
  95r 1.0866509e+08 7.14e-01 1.42e-06  -0.8 2.69e+00    -  1.00e+00 1.00e+00f  1
  96r 8.6284548e+07 7.12e-01 3.45e+00  -2.3 3.58e+00    -  5.80e-01 1.00e+00f  1
  97r 8.3901931e+07 7.11e-01 7.17e-01  -2.3 5.32e-01    -  9.37e-01 1.00e+00f  1
  98r 7.5288508e+07 7.11e-01 4.77e-08  -2.3 1.75e+00    -  1.00e+00 1.00e+00f  1
  99r 5.2172394e+07 7.09e-01 2.84e-01  -5.0 2.57e+00    -  6.48e-01 1.00e+00f  1
iter    objective    inf_pr   inf_du lg(mu)  ||d||  lg(rg) alpha_du alpha_pr  ls
 100r 5.1149351e+07 7.09e-01 2.46e-02  -5.0 9.71e-02    -  9.75e-01 1.00e+00f  1
 101r 3.8566898e+07 7.09e-01 6.89e-03  -5.0 1.05e+00    -  8.17e-01 1.00e+00f  1

Number of Iterations....: 101

                                   (scaled)                 (unscaled)
Objective...............:   2.9146574284169501e+03    2.9146574284169499e+07
Dual infeasibility......:   9.9999999999990479e+01    9.9999999999990477e+05
Constraint violation....:   7.0888976762455203e-01    7.0888976762455203e-01
Variable bound violation:   1.1379809272682451e-07    1.1379809272682451e-07
Complementarity.........:   1.7455877027631733e-05    1.7455877027631733e-01
Overall NLP error.......:   9.9999999999990479e+01    9.9999999999990477e+05


Number of objective function evaluations             = 833
Number of objective gradient evaluations             = 91
Number of equality constraint evaluations            = 833
Number of inequality constraint evaluations          = 833
Number of equality constraint Jacobian evaluations   = 1
Number of inequality constraint Jacobian evaluations = 1
Number of Lagrangian Hessian evaluations             = 2
Total seconds in IPOPT                               = 1.375

EXIT: Converged to a point of local infeasibility. Problem may be infeasible.
