
Gurobi 13.0.2 (win64) logging started Tue Jul  7 16:08:25 2026

Set parameter LogFile to value "C:\Users\ehsanno\DataspellProjects\Spanish_Power_System\results\NECPEssentials\ipopt_logs\2024-12-02_bal.log"

Gurobi 13.0.2 (win64) logging started Tue Jul  7 16:08:25 2026

Set parameter LogFile to value "C:\Users\ehsanno\DataspellProjects\Spanish_Power_System\results\NECPEssentials\ipopt_logs\2024-12-02_bal.log"
Gurobi Optimizer version 13.0.2 build v13.0.2rc1 (win64 - Windows 11+.0 (26200.2))

CPU model: 11th Gen Intel(R) Core(TM) i5-1145G7 @ 2.60GHz, instruction set [SSE2|AVX|AVX2|AVX512]
Thread count: 4 physical cores, 8 logical processors, using up to 8 threads

Non-default parameters:
LogToConsole  0

Optimize a model with 49905 rows, 148442 columns and 205249 nonzeros (Min)
Model fingerprint: 0x027485cd
Model has 47857 linear objective coefficients
Coefficient statistics:
  Matrix range     [1e+00, 5e+03]
  Objective range  [4e-01, 1e+06]
  Bounds range     [2e-06, 1e+04]
  RHS range        [1e-13, 1e+09]
Warning: Model contains large rhs
         Consider reformulating model or setting NumericFocus parameter
         to avoid numerical issues.

Presolve removed 49383 rows and 147421 columns
Presolve time: 0.07s
Presolved: 522 rows, 1021 columns, 7538 nonzeros

Concurrent LP optimizer: dual simplex and barrier
Showing barrier log only...

Ordering time: 0.00s

Barrier statistics:
 AA' NZ     : 1.216e+04
 Factor NZ  : 1.810e+04 (roughly 1 MB of memory)
 Factor Ops : 6.751e+05 (less than 1 second per iteration)
 Threads    : 1

                  Objective                Residual
Iter       Primal          Dual         Primal    Dual     Compl     Time
   0   8.11337533e+10 -3.20247818e+07  2.80e+06 8.52e+01  3.52e+09     0s
   1   3.43100685e+09 -8.97188985e+07  6.49e+04 2.14e+02  8.17e+07     0s

Barrier performed 1 iterations in 0.08 seconds (0.07 work units)
Barrier solve interrupted - model solved by another algorithm


Solved with dual simplex
Iteration    Objective       Primal Inf.    Dual Inf.      Time
     434    8.9515943e+06   0.000000e+00   0.000000e+00      0s

Solved in 434 iterations and 0.12 seconds (0.08 work units)
Optimal objective  8.951594298e+06

User-callback calls 59, time in user-callback 0.00 sec
Gurobi Optimizer version 13.0.2 build v13.0.2rc1 (win64 - Windows 11+.0 (26200.2))

CPU model: 11th Gen Intel(R) Core(TM) i5-1145G7 @ 2.60GHz, instruction set [SSE2|AVX|AVX2|AVX512]
Thread count: 4 physical cores, 8 logical processors, using up to 8 threads

Non-default parameters:
LogToConsole  0

Optimize a model with 49906 rows, 148442 columns and 253106 nonzeros (Min)
Model has 98640 linear objective coefficients
Coefficient statistics:
  Matrix range     [4e-01, 1e+06]
  Objective range  [1e+00, 1e+00]
  Bounds range     [2e-06, 1e+04]
  RHS range        [1e-13, 1e+09]
Warning: Model contains large rhs
         Consider reformulating model or setting NumericFocus parameter
         to avoid numerical issues.

LP warm-start: use basis

Iteration    Objective       Primal Inf.    Dual Inf.      Time
       0   -2.1908752e+04   1.919296e+06   0.000000e+00      0s
    1548    8.7286403e+02   0.000000e+00   0.000000e+00      0s

Solved in 1548 iterations and 0.22 seconds (0.41 work units)
Optimal objective  8.728640308e+02

User-callback calls 28, time in user-callback 0.00 sec

Gurobi 13.0.2 (win64) logging started Tue Jul  7 16:32:15 2026

Set parameter LogFile to value "C:\Users\ehsanno\DataspellProjects\Spanish_Power_System\results\NECPEssentials\ipopt_logs\2024-12-02_bal.log"

Gurobi 13.0.2 (win64) logging started Tue Jul  7 16:32:15 2026

Set parameter LogFile to value "C:\Users\ehsanno\DataspellProjects\Spanish_Power_System\results\NECPEssentials\ipopt_logs\2024-12-02_bal.log"
Gurobi Optimizer version 13.0.2 build v13.0.2rc1 (win64 - Windows 11+.0 (26200.2))

CPU model: 11th Gen Intel(R) Core(TM) i5-1145G7 @ 2.60GHz, instruction set [SSE2|AVX|AVX2|AVX512]
Thread count: 4 physical cores, 8 logical processors, using up to 8 threads

Non-default parameters:
LogToConsole  0

Optimize a model with 49905 rows, 148442 columns and 205249 nonzeros (Min)
Model fingerprint: 0x027485cd
Model has 47857 linear objective coefficients
Coefficient statistics:
  Matrix range     [1e+00, 5e+03]
  Objective range  [4e-01, 1e+06]
  Bounds range     [2e-06, 1e+04]
  RHS range        [1e-13, 1e+09]
Warning: Model contains large rhs
         Consider reformulating model or setting NumericFocus parameter
         to avoid numerical issues.

Presolve removed 49383 rows and 147421 columns
Presolve time: 0.05s
Presolved: 522 rows, 1021 columns, 7538 nonzeros

Concurrent LP optimizer: dual simplex and barrier
Showing barrier log only...

Ordering time: 0.00s

Barrier statistics:
 AA' NZ     : 1.216e+04
 Factor NZ  : 1.810e+04 (roughly 1 MB of memory)
 Factor Ops : 6.751e+05 (less than 1 second per iteration)
 Threads    : 1

                  Objective                Residual
Iter       Primal          Dual         Primal    Dual     Compl     Time
   0   8.11337533e+10 -3.20247818e+07  2.80e+06 8.52e+01  3.52e+09     0s
   1   3.43100685e+09 -8.97188985e+07  6.49e+04 2.14e+02  8.17e+07     0s

Barrier performed 1 iterations in 0.06 seconds (0.07 work units)
Barrier solve interrupted - model solved by another algorithm


Solved with dual simplex
Iteration    Objective       Primal Inf.    Dual Inf.      Time
     434    8.9515943e+06   0.000000e+00   0.000000e+00      0s

Solved in 434 iterations and 0.09 seconds (0.08 work units)
Optimal objective  8.951594298e+06

User-callback calls 59, time in user-callback 0.00 sec
Gurobi Optimizer version 13.0.2 build v13.0.2rc1 (win64 - Windows 11+.0 (26200.2))

CPU model: 11th Gen Intel(R) Core(TM) i5-1145G7 @ 2.60GHz, instruction set [SSE2|AVX|AVX2|AVX512]
Thread count: 4 physical cores, 8 logical processors, using up to 8 threads

Non-default parameters:
LogToConsole  0

Optimize a model with 49906 rows, 148442 columns and 253106 nonzeros (Min)
Model has 98640 linear objective coefficients
Coefficient statistics:
  Matrix range     [4e-01, 1e+06]
  Objective range  [1e+00, 1e+00]
  Bounds range     [2e-06, 1e+04]
  RHS range        [1e-13, 1e+09]
Warning: Model contains large rhs
         Consider reformulating model or setting NumericFocus parameter
         to avoid numerical issues.

LP warm-start: use basis

Iteration    Objective       Primal Inf.    Dual Inf.      Time
       0   -2.1908752e+04   1.919296e+06   0.000000e+00      0s
    1548    8.7286403e+02   0.000000e+00   0.000000e+00      0s

Solved in 1548 iterations and 0.21 seconds (0.41 work units)
Optimal objective  8.728640308e+02

User-callback calls 28, time in user-callback 0.00 sec

Gurobi 13.0.2 (win64) logging started Tue Jul  7 16:49:10 2026

Set parameter LogFile to value "C:\Users\ehsanno\DataspellProjects\Spanish_Power_System\results\NECPEssentials\ipopt_logs\2024-12-02_bal.log"

Gurobi 13.0.2 (win64) logging started Tue Jul  7 16:49:11 2026

Set parameter LogFile to value "C:\Users\ehsanno\DataspellProjects\Spanish_Power_System\results\NECPEssentials\ipopt_logs\2024-12-02_bal.log"
Gurobi Optimizer version 13.0.2 build v13.0.2rc1 (win64 - Windows 11+.0 (26200.2))

CPU model: 11th Gen Intel(R) Core(TM) i5-1145G7 @ 2.60GHz, instruction set [SSE2|AVX|AVX2|AVX512]
Thread count: 4 physical cores, 8 logical processors, using up to 8 threads

Non-default parameters:
LogToConsole  0

Optimize a model with 49905 rows, 148442 columns and 205249 nonzeros (Min)
Model fingerprint: 0x027485cd
Model has 47857 linear objective coefficients
Coefficient statistics:
  Matrix range     [1e+00, 5e+03]
  Objective range  [4e-01, 1e+06]
  Bounds range     [2e-06, 1e+04]
  RHS range        [1e-13, 1e+09]
Warning: Model contains large rhs
         Consider reformulating model or setting NumericFocus parameter
         to avoid numerical issues.

Presolve removed 49383 rows and 147421 columns
Presolve time: 0.05s
Presolved: 522 rows, 1021 columns, 7538 nonzeros

Concurrent LP optimizer: dual simplex and barrier
Showing barrier log only...

Ordering time: 0.00s

Barrier statistics:
 AA' NZ     : 1.216e+04
 Factor NZ  : 1.810e+04 (roughly 1 MB of memory)
 Factor Ops : 6.751e+05 (less than 1 second per iteration)
 Threads    : 1

                  Objective                Residual
Iter       Primal          Dual         Primal    Dual     Compl     Time
   0   8.11337533e+10 -3.20247818e+07  2.80e+06 8.52e+01  3.52e+09     0s
   1   3.43100685e+09 -8.97188985e+07  6.49e+04 2.14e+02  8.17e+07     0s

Barrier performed 1 iterations in 0.06 seconds (0.07 work units)
Barrier solve interrupted - model solved by another algorithm


Solved with dual simplex
Iteration    Objective       Primal Inf.    Dual Inf.      Time
     434    8.9515943e+06   0.000000e+00   0.000000e+00      0s

Solved in 434 iterations and 0.09 seconds (0.08 work units)
Optimal objective  8.951594298e+06

User-callback calls 58, time in user-callback 0.00 sec
Gurobi Optimizer version 13.0.2 build v13.0.2rc1 (win64 - Windows 11+.0 (26200.2))

CPU model: 11th Gen Intel(R) Core(TM) i5-1145G7 @ 2.60GHz, instruction set [SSE2|AVX|AVX2|AVX512]
Thread count: 4 physical cores, 8 logical processors, using up to 8 threads

Non-default parameters:
LogToConsole  0

Optimize a model with 49906 rows, 148442 columns and 253106 nonzeros (Min)
Model has 98640 linear objective coefficients
Coefficient statistics:
  Matrix range     [4e-01, 1e+06]
  Objective range  [1e+00, 1e+00]
  Bounds range     [2e-06, 1e+04]
  RHS range        [1e-13, 1e+09]
Warning: Model contains large rhs
         Consider reformulating model or setting NumericFocus parameter
         to avoid numerical issues.

LP warm-start: use basis

Iteration    Objective       Primal Inf.    Dual Inf.      Time
       0   -2.1908752e+04   1.919296e+06   0.000000e+00      0s
    1548    8.7286403e+02   0.000000e+00   0.000000e+00      0s

Solved in 1548 iterations and 0.24 seconds (0.41 work units)
Optimal objective  8.728640308e+02

User-callback calls 28, time in user-callback 0.00 sec

Gurobi 13.0.2 (win64) logging started Tue Jul  7 17:00:53 2026

Set parameter LogFile to value "C:\Users\ehsanno\DataspellProjects\Spanish_Power_System\results\NECPEssentials\ipopt_logs\2024-12-02_bal.log"

Gurobi 13.0.2 (win64) logging started Tue Jul  7 17:00:53 2026

Set parameter LogFile to value "C:\Users\ehsanno\DataspellProjects\Spanish_Power_System\results\NECPEssentials\ipopt_logs\2024-12-02_bal.log"
Gurobi Optimizer version 13.0.2 build v13.0.2rc1 (win64 - Windows 11+.0 (26200.2))

CPU model: 11th Gen Intel(R) Core(TM) i5-1145G7 @ 2.60GHz, instruction set [SSE2|AVX|AVX2|AVX512]
Thread count: 4 physical cores, 8 logical processors, using up to 8 threads

Non-default parameters:
LogToConsole  0

Optimize a model with 49905 rows, 148442 columns and 205249 nonzeros (Min)
Model fingerprint: 0x027485cd
Model has 47857 linear objective coefficients
Coefficient statistics:
  Matrix range     [1e+00, 5e+03]
  Objective range  [4e-01, 1e+06]
  Bounds range     [2e-06, 1e+04]
  RHS range        [1e-13, 1e+09]
Warning: Model contains large rhs
         Consider reformulating model or setting NumericFocus parameter
         to avoid numerical issues.

Presolve removed 49383 rows and 147421 columns
Presolve time: 0.06s
Presolved: 522 rows, 1021 columns, 7538 nonzeros

Concurrent LP optimizer: dual simplex and barrier
Showing barrier log only...

Ordering time: 0.00s

Barrier statistics:
 AA' NZ     : 1.216e+04
 Factor NZ  : 1.810e+04 (roughly 1 MB of memory)
 Factor Ops : 6.751e+05 (less than 1 second per iteration)
 Threads    : 1

                  Objective                Residual
Iter       Primal          Dual         Primal    Dual     Compl     Time
   0   8.11337533e+10 -3.20247818e+07  2.80e+06 8.52e+01  3.52e+09     0s
   1   3.43100685e+09 -8.97188985e+07  6.49e+04 2.14e+02  8.17e+07     0s
   2   7.94783257e+07 -3.81611258e+07  4.50e+02 2.55e-11  6.10e+05     0s

Barrier performed 2 iterations in 0.07 seconds (0.07 work units)
Barrier solve interrupted - model solved by another algorithm


Solved with dual simplex
Iteration    Objective       Primal Inf.    Dual Inf.      Time
     434    8.9515943e+06   0.000000e+00   0.000000e+00      0s

Solved in 434 iterations and 0.11 seconds (0.08 work units)
Optimal objective  8.951594298e+06

User-callback calls 60, time in user-callback 0.00 sec
Gurobi Optimizer version 13.0.2 build v13.0.2rc1 (win64 - Windows 11+.0 (26200.2))

CPU model: 11th Gen Intel(R) Core(TM) i5-1145G7 @ 2.60GHz, instruction set [SSE2|AVX|AVX2|AVX512]
Thread count: 4 physical cores, 8 logical processors, using up to 8 threads

Non-default parameters:
LogToConsole  0

Optimize a model with 49906 rows, 148442 columns and 253106 nonzeros (Min)
Model has 98640 linear objective coefficients
Coefficient statistics:
  Matrix range     [4e-01, 1e+06]
  Objective range  [1e+00, 1e+00]
  Bounds range     [2e-06, 1e+04]
  RHS range        [1e-13, 1e+09]
Warning: Model contains large rhs
         Consider reformulating model or setting NumericFocus parameter
         to avoid numerical issues.

LP warm-start: use basis

Iteration    Objective       Primal Inf.    Dual Inf.      Time
       0   -2.1908752e+04   1.919296e+06   0.000000e+00      0s
    1548    8.7286403e+02   0.000000e+00   0.000000e+00      0s

Solved in 1548 iterations and 0.30 seconds (0.41 work units)
Optimal objective  8.728640308e+02

User-callback calls 28, time in user-callback 0.00 sec

Gurobi 13.0.2 (win64) logging started Tue Jul  7 20:25:07 2026

Set parameter LogFile to value "C:\Users\ehsanno\DataspellProjects\Spanish_Power_System\results\NECPEssentials\ipopt_logs\2024-12-02_bal.log"

Gurobi 13.0.2 (win64) logging started Tue Jul  7 20:25:07 2026

Set parameter LogFile to value "C:\Users\ehsanno\DataspellProjects\Spanish_Power_System\results\NECPEssentials\ipopt_logs\2024-12-02_bal.log"
Gurobi Optimizer version 13.0.2 build v13.0.2rc1 (win64 - Windows 11+.0 (26200.2))

CPU model: 11th Gen Intel(R) Core(TM) i5-1145G7 @ 2.60GHz, instruction set [SSE2|AVX|AVX2|AVX512]
Thread count: 4 physical cores, 8 logical processors, using up to 8 threads

Non-default parameters:
LogToConsole  0

Optimize a model with 49905 rows, 148442 columns and 205249 nonzeros (Min)
Model fingerprint: 0x151c7cd4
Model has 47857 linear objective coefficients
Coefficient statistics:
  Matrix range     [1e+00, 5e+03]
  Objective range  [4e-01, 1e+06]
  Bounds range     [1e-06, 1e+04]
  RHS range        [3e-13, 3e+09]
Warning: Model contains large rhs
         Consider reformulating model or setting NumericFocus parameter
         to avoid numerical issues.

Presolve removed 49377 rows and 147421 columns
Presolve time: 0.06s
Presolved: 528 rows, 1021 columns, 7550 nonzeros

Concurrent LP optimizer: dual simplex and barrier
Showing barrier log only...

Ordering time: 0.00s

Barrier statistics:
 AA' NZ     : 1.228e+04
 Factor NZ  : 1.823e+04 (roughly 1 MB of memory)
 Factor Ops : 6.779e+05 (less than 1 second per iteration)
 Threads    : 1

Barrier performed 0 iterations in 0.06 seconds (0.07 work units)
Barrier solve interrupted - model solved by another algorithm


Solved with dual simplex
Iteration    Objective       Primal Inf.    Dual Inf.      Time
     303    9.0467845e+06   0.000000e+00   0.000000e+00      0s

Solved in 303 iterations and 0.10 seconds (0.08 work units)
Optimal objective  9.046784465e+06

User-callback calls 53, time in user-callback 0.00 sec
Gurobi Optimizer version 13.0.2 build v13.0.2rc1 (win64 - Windows 11+.0 (26200.2))

CPU model: 11th Gen Intel(R) Core(TM) i5-1145G7 @ 2.60GHz, instruction set [SSE2|AVX|AVX2|AVX512]
Thread count: 4 physical cores, 8 logical processors, using up to 8 threads

Non-default parameters:
LogToConsole  0

Optimize a model with 49906 rows, 148442 columns and 253106 nonzeros (Min)
Model has 98640 linear objective coefficients
Coefficient statistics:
  Matrix range     [4e-01, 1e+06]
  Objective range  [1e+00, 1e+00]
  Bounds range     [1e-06, 1e+04]
  RHS range        [3e-13, 3e+09]
Warning: Model contains large rhs
         Consider reformulating model or setting NumericFocus parameter
         to avoid numerical issues.

LP warm-start: use basis

Iteration    Objective       Primal Inf.    Dual Inf.      Time
       0   -2.2987957e+02   4.550898e+03   0.000000e+00      0s
    2559    8.0472362e+02   0.000000e+00   0.000000e+00      0s

Solved in 2559 iterations and 0.22 seconds (0.32 work units)
Optimal objective  8.047236191e+02

User-callback calls 28, time in user-callback 0.00 sec

Gurobi 13.0.2 (win64) logging started Tue Jul  7 20:34:09 2026

Set parameter LogFile to value "C:\Users\ehsanno\DataspellProjects\Spanish_Power_System\results\NECPEssentials\ipopt_logs\2024-12-02_bal.log"

Gurobi 13.0.2 (win64) logging started Tue Jul  7 20:34:10 2026

Set parameter LogFile to value "C:\Users\ehsanno\DataspellProjects\Spanish_Power_System\results\NECPEssentials\ipopt_logs\2024-12-02_bal.log"
Gurobi Optimizer version 13.0.2 build v13.0.2rc1 (win64 - Windows 11+.0 (26200.2))

CPU model: 11th Gen Intel(R) Core(TM) i5-1145G7 @ 2.60GHz, instruction set [SSE2|AVX|AVX2|AVX512]
Thread count: 4 physical cores, 8 logical processors, using up to 8 threads

Non-default parameters:
LogToConsole  0

Optimize a model with 49905 rows, 148442 columns and 205249 nonzeros (Min)
Model fingerprint: 0x151c7cd4
Model has 47857 linear objective coefficients
Coefficient statistics:
  Matrix range     [1e+00, 5e+03]
  Objective range  [4e-01, 1e+06]
  Bounds range     [1e-06, 1e+04]
  RHS range        [3e-13, 3e+09]
Warning: Model contains large rhs
         Consider reformulating model or setting NumericFocus parameter
         to avoid numerical issues.

Presolve removed 49377 rows and 147421 columns
Presolve time: 0.06s
Presolved: 528 rows, 1021 columns, 7550 nonzeros

Concurrent LP optimizer: dual simplex and barrier
Showing barrier log only...

Ordering time: 0.00s

Barrier statistics:
 AA' NZ     : 1.228e+04
 Factor NZ  : 1.823e+04 (roughly 1 MB of memory)
 Factor Ops : 6.779e+05 (less than 1 second per iteration)
 Threads    : 1

Barrier performed 0 iterations in 0.07 seconds (0.07 work units)
Barrier solve interrupted - model solved by another algorithm


Solved with dual simplex
Iteration    Objective       Primal Inf.    Dual Inf.      Time
     303    9.0467845e+06   0.000000e+00   0.000000e+00      0s

Solved in 303 iterations and 0.11 seconds (0.08 work units)
Optimal objective  9.046784465e+06

User-callback calls 53, time in user-callback 0.00 sec
Gurobi Optimizer version 13.0.2 build v13.0.2rc1 (win64 - Windows 11+.0 (26200.2))

CPU model: 11th Gen Intel(R) Core(TM) i5-1145G7 @ 2.60GHz, instruction set [SSE2|AVX|AVX2|AVX512]
Thread count: 4 physical cores, 8 logical processors, using up to 8 threads

Non-default parameters:
LogToConsole  0

Optimize a model with 49906 rows, 148442 columns and 253106 nonzeros (Min)
Model has 98640 linear objective coefficients
Coefficient statistics:
  Matrix range     [4e-01, 1e+06]
  Objective range  [1e+00, 1e+00]
  Bounds range     [1e-06, 1e+04]
  RHS range        [3e-13, 3e+09]
Warning: Model contains large rhs
         Consider reformulating model or setting NumericFocus parameter
         to avoid numerical issues.

LP warm-start: use basis

Iteration    Objective       Primal Inf.    Dual Inf.      Time
       0   -2.2987957e+02   4.550898e+03   0.000000e+00      0s
    2559    8.0472362e+02   0.000000e+00   0.000000e+00      0s

Solved in 2559 iterations and 0.24 seconds (0.32 work units)
Optimal objective  8.047236191e+02

User-callback calls 28, time in user-callback 0.00 sec

Gurobi 13.0.2 (win64) logging started Tue Jul  7 21:13:13 2026

Set parameter LogFile to value "C:\Users\ehsanno\DataspellProjects\Spanish_Power_System\results\NECPEssentials\ipopt_logs\2024-12-02_bal.log"

Gurobi 13.0.2 (win64) logging started Tue Jul  7 21:13:14 2026

Set parameter LogFile to value "C:\Users\ehsanno\DataspellProjects\Spanish_Power_System\results\NECPEssentials\ipopt_logs\2024-12-02_bal.log"
Gurobi Optimizer version 13.0.2 build v13.0.2rc1 (win64 - Windows 11+.0 (26200.2))

CPU model: 11th Gen Intel(R) Core(TM) i5-1145G7 @ 2.60GHz, instruction set [SSE2|AVX|AVX2|AVX512]
Thread count: 4 physical cores, 8 logical processors, using up to 8 threads

Non-default parameters:
LogToConsole  0

Optimize a model with 49905 rows, 148442 columns and 205249 nonzeros (Min)
Model fingerprint: 0x2fc9d702
Model has 47857 linear objective coefficients
Coefficient statistics:
  Matrix range     [1e+00, 5e+03]
  Objective range  [4e-01, 1e+06]
  Bounds range     [1e-06, 1e+04]
  RHS range        [1e-06, 3e+09]
Warning: Model contains large rhs
         Consider reformulating model or setting NumericFocus parameter
         to avoid numerical issues.

Presolve removed 49377 rows and 147424 columns
Presolve time: 0.07s
Presolved: 528 rows, 1018 columns, 7547 nonzeros

Concurrent LP optimizer: dual simplex and barrier
Showing barrier log only...

Ordering time: 0.00s

Barrier statistics:
 AA' NZ     : 1.228e+04
 Factor NZ  : 1.823e+04 (roughly 1 MB of memory)
 Factor Ops : 6.779e+05 (less than 1 second per iteration)
 Threads    : 1

Barrier performed 0 iterations in 0.08 seconds (0.07 work units)
Barrier solve interrupted - model solved by another algorithm


Solved with dual simplex
Iteration    Objective       Primal Inf.    Dual Inf.      Time
     436    9.1517834e+06   0.000000e+00   0.000000e+00      0s

Solved in 436 iterations and 0.12 seconds (0.08 work units)
Optimal objective  9.151783398e+06

User-callback calls 53, time in user-callback 0.00 sec
Gurobi Optimizer version 13.0.2 build v13.0.2rc1 (win64 - Windows 11+.0 (26200.2))

CPU model: 11th Gen Intel(R) Core(TM) i5-1145G7 @ 2.60GHz, instruction set [SSE2|AVX|AVX2|AVX512]
Thread count: 4 physical cores, 8 logical processors, using up to 8 threads

Non-default parameters:
LogToConsole  0

Optimize a model with 49906 rows, 148442 columns and 253106 nonzeros (Min)
Model has 98640 linear objective coefficients
Coefficient statistics:
  Matrix range     [4e-01, 1e+06]
  Objective range  [1e+00, 1e+00]
  Bounds range     [1e-06, 1e+04]
  RHS range        [1e-06, 3e+09]
Warning: Model contains large rhs
         Consider reformulating model or setting NumericFocus parameter
         to avoid numerical issues.

LP warm-start: use basis

Iteration    Objective       Primal Inf.    Dual Inf.      Time
       0   -2.8435516e+28   1.094246e+29   2.843552e-02      0s
    1203    7.9352830e+02   0.000000e+00   0.000000e+00      0s

Solved in 1203 iterations and 0.27 seconds (0.37 work units)
Optimal objective  7.935282983e+02

User-callback calls 28, time in user-callback 0.00 sec

Gurobi 13.0.2 (win64) logging started Tue Jul  7 21:58:08 2026

Set parameter LogFile to value "C:\Users\ehsanno\DataspellProjects\Spanish_Power_System\results\NECPEssentials\ipopt_logs\2024-12-02_bal.log"

Gurobi 13.0.2 (win64) logging started Tue Jul  7 21:58:09 2026

Set parameter LogFile to value "C:\Users\ehsanno\DataspellProjects\Spanish_Power_System\results\NECPEssentials\ipopt_logs\2024-12-02_bal.log"
Gurobi Optimizer version 13.0.2 build v13.0.2rc1 (win64 - Windows 11+.0 (26200.2))

CPU model: 11th Gen Intel(R) Core(TM) i5-1145G7 @ 2.60GHz, instruction set [SSE2|AVX|AVX2|AVX512]
Thread count: 4 physical cores, 8 logical processors, using up to 8 threads

Non-default parameters:
LogToConsole  0

Optimize a model with 49905 rows, 148442 columns and 205249 nonzeros (Min)
Model fingerprint: 0x2fc9d702
Model has 47857 linear objective coefficients
Coefficient statistics:
  Matrix range     [1e+00, 5e+03]
  Objective range  [4e-01, 1e+06]
  Bounds range     [1e-06, 1e+04]
  RHS range        [1e-06, 3e+09]
Warning: Model contains large rhs
         Consider reformulating model or setting NumericFocus parameter
         to avoid numerical issues.

Presolve removed 49377 rows and 147424 columns
Presolve time: 0.08s
Presolved: 528 rows, 1018 columns, 7547 nonzeros

Concurrent LP optimizer: dual simplex and barrier
Showing barrier log only...

Ordering time: 0.00s

Barrier statistics:
 AA' NZ     : 1.228e+04
 Factor NZ  : 1.823e+04 (roughly 1 MB of memory)
 Factor Ops : 6.779e+05 (less than 1 second per iteration)
 Threads    : 1

Barrier performed 0 iterations in 0.08 seconds (0.07 work units)
Barrier solve interrupted - model solved by another algorithm


Solved with dual simplex
Iteration    Objective       Primal Inf.    Dual Inf.      Time
     436    9.1517834e+06   0.000000e+00   0.000000e+00      0s

Solved in 436 iterations and 0.13 seconds (0.08 work units)
Optimal objective  9.151783398e+06

User-callback calls 53, time in user-callback 0.00 sec
Gurobi Optimizer version 13.0.2 build v13.0.2rc1 (win64 - Windows 11+.0 (26200.2))

CPU model: 11th Gen Intel(R) Core(TM) i5-1145G7 @ 2.60GHz, instruction set [SSE2|AVX|AVX2|AVX512]
Thread count: 4 physical cores, 8 logical processors, using up to 8 threads

Non-default parameters:
LogToConsole  0

Optimize a model with 49906 rows, 148442 columns and 253106 nonzeros (Min)
Model has 98640 linear objective coefficients
Coefficient statistics:
  Matrix range     [4e-01, 1e+06]
  Objective range  [1e+00, 1e+00]
  Bounds range     [1e-06, 1e+04]
  RHS range        [1e-06, 3e+09]
Warning: Model contains large rhs
         Consider reformulating model or setting NumericFocus parameter
         to avoid numerical issues.

LP warm-start: use basis

Iteration    Objective       Primal Inf.    Dual Inf.      Time
       0   -2.8435516e+28   1.094246e+29   2.843552e-02      0s
    1203    7.9352830e+02   0.000000e+00   0.000000e+00      0s

Solved in 1203 iterations and 0.30 seconds (0.37 work units)
Optimal objective  7.935282983e+02

User-callback calls 28, time in user-callback 0.00 sec

Gurobi 13.0.2 (win64) logging started Thu Jul  9 14:03:13 2026

Set parameter LogFile to value "C:\Users\ehsanno\DataspellProjects\Spanish_Power_System\results\NECPEssentials\ipopt_logs\2024-12-02_bal.log"

Gurobi 13.0.2 (win64) logging started Thu Jul  9 14:03:13 2026

Set parameter LogFile to value "C:\Users\ehsanno\DataspellProjects\Spanish_Power_System\results\NECPEssentials\ipopt_logs\2024-12-02_bal.log"
Gurobi Optimizer version 13.0.2 build v13.0.2rc1 (win64 - Windows 11+.0 (26200.2))

CPU model: 11th Gen Intel(R) Core(TM) i5-1145G7 @ 2.60GHz, instruction set [SSE2|AVX|AVX2|AVX512]
Thread count: 4 physical cores, 8 logical processors, using up to 8 threads

Non-default parameters:
LogToConsole  0

Optimize a model with 49905 rows, 148442 columns and 205249 nonzeros (Min)
Model fingerprint: 0x2fc9d702
Model has 47857 linear objective coefficients
Coefficient statistics:
  Matrix range     [1e+00, 5e+03]
  Objective range  [4e-01, 1e+06]
  Bounds range     [1e-06, 1e+04]
  RHS range        [1e-06, 3e+09]
Warning: Model contains large rhs
         Consider reformulating model or setting NumericFocus parameter
         to avoid numerical issues.

Presolve removed 49377 rows and 147424 columns
Presolve time: 0.05s
Presolved: 528 rows, 1018 columns, 7547 nonzeros

Concurrent LP optimizer: dual simplex and barrier
Showing barrier log only...

Ordering time: 0.00s

Barrier statistics:
 AA' NZ     : 1.228e+04
 Factor NZ  : 1.823e+04 (roughly 1 MB of memory)
 Factor Ops : 6.779e+05 (less than 1 second per iteration)
 Threads    : 1

Barrier performed 0 iterations in 0.05 seconds (0.07 work units)
Barrier solve interrupted - model solved by another algorithm


Solved with dual simplex
Iteration    Objective       Primal Inf.    Dual Inf.      Time
     436    9.1517834e+06   0.000000e+00   0.000000e+00      0s

Solved in 436 iterations and 0.09 seconds (0.08 work units)
Optimal objective  9.151783398e+06

User-callback calls 54, time in user-callback 0.00 sec
Gurobi Optimizer version 13.0.2 build v13.0.2rc1 (win64 - Windows 11+.0 (26200.2))

CPU model: 11th Gen Intel(R) Core(TM) i5-1145G7 @ 2.60GHz, instruction set [SSE2|AVX|AVX2|AVX512]
Thread count: 4 physical cores, 8 logical processors, using up to 8 threads

Non-default parameters:
LogToConsole  0

Optimize a model with 49906 rows, 148442 columns and 253106 nonzeros (Min)
Model has 98640 linear objective coefficients
Coefficient statistics:
  Matrix range     [4e-01, 1e+06]
  Objective range  [1e+00, 1e+00]
  Bounds range     [1e-06, 1e+04]
  RHS range        [1e-06, 3e+09]
Warning: Model contains large rhs
         Consider reformulating model or setting NumericFocus parameter
         to avoid numerical issues.

LP warm-start: use basis

Iteration    Objective       Primal Inf.    Dual Inf.      Time
       0   -2.8435516e+28   1.094246e+29   2.843552e-02      0s
    1203    7.9352830e+02   0.000000e+00   0.000000e+00      0s

Solved in 1203 iterations and 0.19 seconds (0.37 work units)
Optimal objective  7.935282983e+02

User-callback calls 28, time in user-callback 0.00 sec

Gurobi 13.0.2 (win64) logging started Fri Jul 10 11:20:06 2026

Set parameter LogFile to value "C:\Users\ehsanno\DataspellProjects\Spanish_Power_System\results\NECPEssentials\ipopt_logs\2024-12-02_bal.log"

Gurobi 13.0.2 (win64) logging started Fri Jul 10 11:20:08 2026

Set parameter LogFile to value "C:\Users\ehsanno\DataspellProjects\Spanish_Power_System\results\NECPEssentials\ipopt_logs\2024-12-02_bal.log"
Gurobi Optimizer version 13.0.2 build v13.0.2rc1 (win64 - Windows 11+.0 (26200.2))

CPU model: 11th Gen Intel(R) Core(TM) i5-1145G7 @ 2.60GHz, instruction set [SSE2|AVX|AVX2|AVX512]
Thread count: 4 physical cores, 8 logical processors, using up to 8 threads

Non-default parameters:
LogToConsole  0

Optimize a model with 49905 rows, 148442 columns and 205249 nonzeros (Min)
Model fingerprint: 0x2fc9d702
Model has 47857 linear objective coefficients
Coefficient statistics:
  Matrix range     [1e+00, 5e+03]
  Objective range  [4e-01, 1e+06]
  Bounds range     [1e-06, 1e+04]
  RHS range        [1e-06, 3e+09]
Warning: Model contains large rhs
         Consider reformulating model or setting NumericFocus parameter
         to avoid numerical issues.

Presolve removed 49377 rows and 147424 columns
Presolve time: 0.10s
Presolved: 528 rows, 1018 columns, 7547 nonzeros

Concurrent LP optimizer: dual simplex and barrier
Showing barrier log only...

Ordering time: 0.00s

Barrier statistics:
 AA' NZ     : 1.228e+04
 Factor NZ  : 1.823e+04 (roughly 1 MB of memory)
 Factor Ops : 6.779e+05 (less than 1 second per iteration)
 Threads    : 1

                  Objective                Residual
Iter       Primal          Dual         Primal    Dual     Compl     Time
   0   4.32771121e+10  1.30926960e+06  1.76e+06 0.00e+00  2.53e+08     0s

Barrier performed 0 iterations in 0.10 seconds (0.07 work units)
Barrier solve interrupted - model solved by another algorithm


Solved with dual simplex
Iteration    Objective       Primal Inf.    Dual Inf.      Time
     436    9.1517834e+06   0.000000e+00   0.000000e+00      0s

Solved in 436 iterations and 0.16 seconds (0.08 work units)
Optimal objective  9.151783398e+06

User-callback calls 58, time in user-callback 0.00 sec
Gurobi Optimizer version 13.0.2 build v13.0.2rc1 (win64 - Windows 11+.0 (26200.2))

CPU model: 11th Gen Intel(R) Core(TM) i5-1145G7 @ 2.60GHz, instruction set [SSE2|AVX|AVX2|AVX512]
Thread count: 4 physical cores, 8 logical processors, using up to 8 threads

Non-default parameters:
LogToConsole  0

Optimize a model with 49906 rows, 148442 columns and 253106 nonzeros (Min)
Model has 98640 linear objective coefficients
Coefficient statistics:
  Matrix range     [4e-01, 1e+06]
  Objective range  [1e+00, 1e+00]
  Bounds range     [1e-06, 1e+04]
  RHS range        [1e-06, 3e+09]
Warning: Model contains large rhs
         Consider reformulating model or setting NumericFocus parameter
         to avoid numerical issues.

LP warm-start: use basis

Iteration    Objective       Primal Inf.    Dual Inf.      Time
       0   -2.8435516e+28   1.094246e+29   2.843552e-02      0s
    1203    7.9352830e+02   0.000000e+00   0.000000e+00      0s

Solved in 1203 iterations and 0.41 seconds (0.37 work units)
Optimal objective  7.935282983e+02

User-callback calls 28, time in user-callback 0.00 sec

Gurobi 13.0.2 (win64) logging started Fri Jul 10 11:20:34 2026

Set parameter LogFile to value "C:\Users\ehsanno\DataspellProjects\Spanish_Power_System\results\NECPEssentials\ipopt_logs\2024-12-02_bal.log"

Gurobi 13.0.2 (win64) logging started Fri Jul 10 11:20:34 2026

Set parameter LogFile to value "C:\Users\ehsanno\DataspellProjects\Spanish_Power_System\results\NECPEssentials\ipopt_logs\2024-12-02_bal.log"
Gurobi Optimizer version 13.0.2 build v13.0.2rc1 (win64 - Windows 11+.0 (26200.2))

CPU model: 11th Gen Intel(R) Core(TM) i5-1145G7 @ 2.60GHz, instruction set [SSE2|AVX|AVX2|AVX512]
Thread count: 4 physical cores, 8 logical processors, using up to 8 threads

Non-default parameters:
LogToConsole  0

Optimize a model with 49905 rows, 148442 columns and 205249 nonzeros (Min)
Model fingerprint: 0x2fc9d702
Model has 47857 linear objective coefficients
Coefficient statistics:
  Matrix range     [1e+00, 5e+03]
  Objective range  [4e-01, 1e+06]
  Bounds range     [1e-06, 1e+04]
  RHS range        [1e-06, 3e+09]
Warning: Model contains large rhs
         Consider reformulating model or setting NumericFocus parameter
         to avoid numerical issues.

Presolve removed 49377 rows and 147424 columns
Presolve time: 0.12s
Presolved: 528 rows, 1018 columns, 7547 nonzeros

Concurrent LP optimizer: dual simplex and barrier
Showing barrier log only...

Ordering time: 0.00s

Barrier statistics:
 AA' NZ     : 1.228e+04
 Factor NZ  : 1.823e+04 (roughly 1 MB of memory)
 Factor Ops : 6.779e+05 (less than 1 second per iteration)
 Threads    : 1

Barrier performed 0 iterations in 0.12 seconds (0.07 work units)
Barrier solve interrupted - model solved by another algorithm


Solved with dual simplex
Iteration    Objective       Primal Inf.    Dual Inf.      Time
     436    9.1517834e+06   0.000000e+00   0.000000e+00      0s

Solved in 436 iterations and 0.18 seconds (0.08 work units)
Optimal objective  9.151783398e+06

User-callback calls 55, time in user-callback 0.00 sec
Gurobi Optimizer version 13.0.2 build v13.0.2rc1 (win64 - Windows 11+.0 (26200.2))

CPU model: 11th Gen Intel(R) Core(TM) i5-1145G7 @ 2.60GHz, instruction set [SSE2|AVX|AVX2|AVX512]
Thread count: 4 physical cores, 8 logical processors, using up to 8 threads

Non-default parameters:
LogToConsole  0

Optimize a model with 49906 rows, 148442 columns and 253106 nonzeros (Min)
Model has 98640 linear objective coefficients
Coefficient statistics:
  Matrix range     [4e-01, 1e+06]
  Objective range  [1e+00, 1e+00]
  Bounds range     [1e-06, 1e+04]
  RHS range        [1e-06, 3e+09]
Warning: Model contains large rhs
         Consider reformulating model or setting NumericFocus parameter
         to avoid numerical issues.

LP warm-start: use basis

Iteration    Objective       Primal Inf.    Dual Inf.      Time
       0   -2.8435516e+28   1.094246e+29   2.843552e-02      0s
    1203    7.9352830e+02   0.000000e+00   0.000000e+00      1s

Solved in 1203 iterations and 0.51 seconds (0.37 work units)
Optimal objective  7.935282983e+02

User-callback calls 28, time in user-callback 0.00 sec

Gurobi 13.0.2 (win64) logging started Fri Jul 10 11:28:03 2026

Set parameter LogFile to value "C:\Users\ehsanno\DataspellProjects\Spanish_Power_System\results\NECPEssentials\ipopt_logs\2024-12-02_bal.log"

Gurobi 13.0.2 (win64) logging started Fri Jul 10 11:28:03 2026

Set parameter LogFile to value "C:\Users\ehsanno\DataspellProjects\Spanish_Power_System\results\NECPEssentials\ipopt_logs\2024-12-02_bal.log"
Gurobi Optimizer version 13.0.2 build v13.0.2rc1 (win64 - Windows 11+.0 (26200.2))

CPU model: 11th Gen Intel(R) Core(TM) i5-1145G7 @ 2.60GHz, instruction set [SSE2|AVX|AVX2|AVX512]
Thread count: 4 physical cores, 8 logical processors, using up to 8 threads

Non-default parameters:
LogToConsole  0

Optimize a model with 49905 rows, 148442 columns and 205249 nonzeros (Min)
Model fingerprint: 0x2fc9d702
Model has 47857 linear objective coefficients
Coefficient statistics:
  Matrix range     [1e+00, 5e+03]
  Objective range  [4e-01, 1e+06]
  Bounds range     [1e-06, 1e+04]
  RHS range        [1e-06, 3e+09]
Warning: Model contains large rhs
         Consider reformulating model or setting NumericFocus parameter
         to avoid numerical issues.

Presolve removed 49377 rows and 147424 columns
Presolve time: 0.05s
Presolved: 528 rows, 1018 columns, 7547 nonzeros

Concurrent LP optimizer: dual simplex and barrier
Showing barrier log only...

Ordering time: 0.00s

Barrier statistics:
 AA' NZ     : 1.228e+04
 Factor NZ  : 1.823e+04 (roughly 1 MB of memory)
 Factor Ops : 6.779e+05 (less than 1 second per iteration)
 Threads    : 1

                  Objective                Residual
Iter       Primal          Dual         Primal    Dual     Compl     Time
   0   4.32771121e+10  1.30926960e+06  1.76e+06 0.00e+00  2.53e+08     0s

Barrier performed 0 iterations in 0.06 seconds (0.07 work units)
Barrier solve interrupted - model solved by another algorithm


Solved with dual simplex
Iteration    Objective       Primal Inf.    Dual Inf.      Time
     436    9.1517834e+06   0.000000e+00   0.000000e+00      0s

Solved in 436 iterations and 0.10 seconds (0.08 work units)
Optimal objective  9.151783398e+06

User-callback calls 57, time in user-callback 0.00 sec
Gurobi Optimizer version 13.0.2 build v13.0.2rc1 (win64 - Windows 11+.0 (26200.2))

CPU model: 11th Gen Intel(R) Core(TM) i5-1145G7 @ 2.60GHz, instruction set [SSE2|AVX|AVX2|AVX512]
Thread count: 4 physical cores, 8 logical processors, using up to 8 threads

Non-default parameters:
LogToConsole  0

Optimize a model with 49906 rows, 148442 columns and 253106 nonzeros (Min)
Model has 98640 linear objective coefficients
Coefficient statistics:
  Matrix range     [4e-01, 1e+06]
  Objective range  [1e+00, 1e+00]
  Bounds range     [1e-06, 1e+04]
  RHS range        [1e-06, 3e+09]
Warning: Model contains large rhs
         Consider reformulating model or setting NumericFocus parameter
         to avoid numerical issues.

LP warm-start: use basis

Iteration    Objective       Primal Inf.    Dual Inf.      Time
       0   -2.8435516e+28   1.094246e+29   2.843552e-02      0s
    1203    7.9352830e+02   0.000000e+00   0.000000e+00      0s

Solved in 1203 iterations and 0.24 seconds (0.37 work units)
Optimal objective  7.935282983e+02

User-callback calls 28, time in user-callback 0.00 sec

Gurobi 13.0.2 (win64) logging started Fri Jul 10 11:37:25 2026

Set parameter LogFile to value "C:\Users\ehsanno\DataspellProjects\Spanish_Power_System\results\NECPEssentials\ipopt_logs\2024-12-02_bal.log"

Gurobi 13.0.2 (win64) logging started Fri Jul 10 11:37:26 2026

Set parameter LogFile to value "C:\Users\ehsanno\DataspellProjects\Spanish_Power_System\results\NECPEssentials\ipopt_logs\2024-12-02_bal.log"
Gurobi Optimizer version 13.0.2 build v13.0.2rc1 (win64 - Windows 11+.0 (26200.2))

CPU model: 11th Gen Intel(R) Core(TM) i5-1145G7 @ 2.60GHz, instruction set [SSE2|AVX|AVX2|AVX512]
Thread count: 4 physical cores, 8 logical processors, using up to 8 threads

Non-default parameters:
LogToConsole  0

Optimize a model with 49905 rows, 148442 columns and 205249 nonzeros (Min)
Model fingerprint: 0x2fc9d702
Model has 47857 linear objective coefficients
Coefficient statistics:
  Matrix range     [1e+00, 5e+03]
  Objective range  [4e-01, 1e+06]
  Bounds range     [1e-06, 1e+04]
  RHS range        [1e-06, 3e+09]
Warning: Model contains large rhs
         Consider reformulating model or setting NumericFocus parameter
         to avoid numerical issues.

Presolve removed 49377 rows and 147424 columns
Presolve time: 0.05s
Presolved: 528 rows, 1018 columns, 7547 nonzeros

Concurrent LP optimizer: dual simplex and barrier
Showing barrier log only...

Ordering time: 0.00s

Barrier statistics:
 AA' NZ     : 1.228e+04
 Factor NZ  : 1.823e+04 (roughly 1 MB of memory)
 Factor Ops : 6.779e+05 (less than 1 second per iteration)
 Threads    : 1

                  Objective                Residual
Iter       Primal          Dual         Primal    Dual     Compl     Time
   0   4.32771121e+10  1.30926960e+06  1.76e+06 0.00e+00  2.53e+08     0s

Barrier performed 0 iterations in 0.06 seconds (0.07 work units)
Barrier solve interrupted - model solved by another algorithm


Solved with dual simplex
Iteration    Objective       Primal Inf.    Dual Inf.      Time
     436    9.1517834e+06   0.000000e+00   0.000000e+00      0s

Solved in 436 iterations and 0.10 seconds (0.08 work units)
Optimal objective  9.151783398e+06

User-callback calls 58, time in user-callback 0.00 sec
Gurobi Optimizer version 13.0.2 build v13.0.2rc1 (win64 - Windows 11+.0 (26200.2))

CPU model: 11th Gen Intel(R) Core(TM) i5-1145G7 @ 2.60GHz, instruction set [SSE2|AVX|AVX2|AVX512]
Thread count: 4 physical cores, 8 logical processors, using up to 8 threads

Non-default parameters:
LogToConsole  0

Optimize a model with 49906 rows, 148442 columns and 253106 nonzeros (Min)
Model has 98640 linear objective coefficients
Coefficient statistics:
  Matrix range     [4e-01, 1e+06]
  Objective range  [1e+00, 1e+00]
  Bounds range     [1e-06, 1e+04]
  RHS range        [1e-06, 3e+09]
Warning: Model contains large rhs
         Consider reformulating model or setting NumericFocus parameter
         to avoid numerical issues.

LP warm-start: use basis

Iteration    Objective       Primal Inf.    Dual Inf.      Time
       0   -2.8435516e+28   1.094246e+29   2.843552e-02      0s
    1203    7.9352830e+02   0.000000e+00   0.000000e+00      0s

Solved in 1203 iterations and 0.21 seconds (0.37 work units)
Optimal objective  7.935282983e+02

User-callback calls 28, time in user-callback 0.00 sec

Gurobi 13.0.2 (win64) logging started Fri Jul 10 11:48:57 2026

Set parameter LogFile to value "C:\Users\ehsanno\DataspellProjects\Spanish_Power_System\results\NECPEssentials\ipopt_logs\2024-12-02_bal.log"

Gurobi 13.0.2 (win64) logging started Fri Jul 10 11:48:57 2026

Set parameter LogFile to value "C:\Users\ehsanno\DataspellProjects\Spanish_Power_System\results\NECPEssentials\ipopt_logs\2024-12-02_bal.log"
Gurobi Optimizer version 13.0.2 build v13.0.2rc1 (win64 - Windows 11+.0 (26200.2))

CPU model: 11th Gen Intel(R) Core(TM) i5-1145G7 @ 2.60GHz, instruction set [SSE2|AVX|AVX2|AVX512]
Thread count: 4 physical cores, 8 logical processors, using up to 8 threads

Non-default parameters:
LogToConsole  0

Optimize a model with 49905 rows, 148442 columns and 205249 nonzeros (Min)
Model fingerprint: 0x2fc9d702
Model has 47857 linear objective coefficients
Coefficient statistics:
  Matrix range     [1e+00, 5e+03]
  Objective range  [4e-01, 1e+06]
  Bounds range     [1e-06, 1e+04]
  RHS range        [1e-06, 3e+09]
Warning: Model contains large rhs
         Consider reformulating model or setting NumericFocus parameter
         to avoid numerical issues.

Presolve removed 49377 rows and 147424 columns
Presolve time: 0.05s
Presolved: 528 rows, 1018 columns, 7547 nonzeros

Concurrent LP optimizer: dual simplex and barrier
Showing barrier log only...

Ordering time: 0.00s

Barrier statistics:
 AA' NZ     : 1.228e+04
 Factor NZ  : 1.823e+04 (roughly 1 MB of memory)
 Factor Ops : 6.779e+05 (less than 1 second per iteration)
 Threads    : 1

                  Objective                Residual
Iter       Primal          Dual         Primal    Dual     Compl     Time
   0   4.32771121e+10  1.30926960e+06  1.76e+06 0.00e+00  2.53e+08     0s

Barrier performed 0 iterations in 0.05 seconds (0.07 work units)
Barrier solve interrupted - model solved by another algorithm


Solved with dual simplex
Iteration    Objective       Primal Inf.    Dual Inf.      Time
     436    9.1517834e+06   0.000000e+00   0.000000e+00      0s

Solved in 436 iterations and 0.08 seconds (0.08 work units)
Optimal objective  9.151783398e+06

User-callback calls 57, time in user-callback 0.00 sec
Gurobi Optimizer version 13.0.2 build v13.0.2rc1 (win64 - Windows 11+.0 (26200.2))

CPU model: 11th Gen Intel(R) Core(TM) i5-1145G7 @ 2.60GHz, instruction set [SSE2|AVX|AVX2|AVX512]
Thread count: 4 physical cores, 8 logical processors, using up to 8 threads

Non-default parameters:
LogToConsole  0

Optimize a model with 49906 rows, 148442 columns and 253106 nonzeros (Min)
Model has 98640 linear objective coefficients
Coefficient statistics:
  Matrix range     [4e-01, 1e+06]
  Objective range  [1e+00, 1e+00]
  Bounds range     [1e-06, 1e+04]
  RHS range        [1e-06, 3e+09]
Warning: Model contains large rhs
         Consider reformulating model or setting NumericFocus parameter
         to avoid numerical issues.

LP warm-start: use basis

Iteration    Objective       Primal Inf.    Dual Inf.      Time
       0   -2.8435516e+28   1.094246e+29   2.843552e-02      0s
    1203    7.9352830e+02   0.000000e+00   0.000000e+00      0s

Solved in 1203 iterations and 0.21 seconds (0.37 work units)
Optimal objective  7.935282983e+02

User-callback calls 28, time in user-callback 0.00 sec

Gurobi 13.0.2 (win64) logging started Fri Jul 10 12:13:43 2026

Set parameter LogFile to value "C:\Users\ehsanno\DataspellProjects\Spanish_Power_System\results\NECPEssentials\ipopt_logs\2024-12-02_bal.log"

Gurobi 13.0.2 (win64) logging started Fri Jul 10 12:13:43 2026

Set parameter LogFile to value "C:\Users\ehsanno\DataspellProjects\Spanish_Power_System\results\NECPEssentials\ipopt_logs\2024-12-02_bal.log"
Gurobi Optimizer version 13.0.2 build v13.0.2rc1 (win64 - Windows 11+.0 (26200.2))

CPU model: 11th Gen Intel(R) Core(TM) i5-1145G7 @ 2.60GHz, instruction set [SSE2|AVX|AVX2|AVX512]
Thread count: 4 physical cores, 8 logical processors, using up to 8 threads

Non-default parameters:
LogToConsole  0

Optimize a model with 49905 rows, 148442 columns and 205249 nonzeros (Min)
Model fingerprint: 0x2fc9d702
Model has 47857 linear objective coefficients
Coefficient statistics:
  Matrix range     [1e+00, 5e+03]
  Objective range  [4e-01, 1e+06]
  Bounds range     [1e-06, 1e+04]
  RHS range        [1e-06, 3e+09]
Warning: Model contains large rhs
         Consider reformulating model or setting NumericFocus parameter
         to avoid numerical issues.

Presolve removed 49377 rows and 147424 columns
Presolve time: 0.08s
Presolved: 528 rows, 1018 columns, 7547 nonzeros

Concurrent LP optimizer: dual simplex and barrier
Showing barrier log only...

Ordering time: 0.00s

Barrier statistics:
 AA' NZ     : 1.228e+04
 Factor NZ  : 1.823e+04 (roughly 1 MB of memory)
 Factor Ops : 6.779e+05 (less than 1 second per iteration)
 Threads    : 1

Barrier performed 0 iterations in 0.09 seconds (0.07 work units)
Barrier solve interrupted - model solved by another algorithm


Solved with dual simplex
Iteration    Objective       Primal Inf.    Dual Inf.      Time
     436    9.1517834e+06   0.000000e+00   0.000000e+00      0s

Solved in 436 iterations and 0.14 seconds (0.08 work units)
Optimal objective  9.151783398e+06

User-callback calls 53, time in user-callback 0.00 sec
Gurobi Optimizer version 13.0.2 build v13.0.2rc1 (win64 - Windows 11+.0 (26200.2))

CPU model: 11th Gen Intel(R) Core(TM) i5-1145G7 @ 2.60GHz, instruction set [SSE2|AVX|AVX2|AVX512]
Thread count: 4 physical cores, 8 logical processors, using up to 8 threads

Non-default parameters:
LogToConsole  0

Optimize a model with 49906 rows, 148442 columns and 253106 nonzeros (Min)
Model has 98640 linear objective coefficients
Coefficient statistics:
  Matrix range     [4e-01, 1e+06]
  Objective range  [1e+00, 1e+00]
  Bounds range     [1e-06, 1e+04]
  RHS range        [1e-06, 3e+09]
Warning: Model contains large rhs
         Consider reformulating model or setting NumericFocus parameter
         to avoid numerical issues.

LP warm-start: use basis

Iteration    Objective       Primal Inf.    Dual Inf.      Time
       0   -2.8435516e+28   1.094246e+29   2.843552e-02      0s
    1203    7.9352830e+02   0.000000e+00   0.000000e+00      0s

Solved in 1203 iterations and 0.33 seconds (0.37 work units)
Optimal objective  7.935282983e+02

User-callback calls 28, time in user-callback 0.00 sec

Gurobi 13.0.2 (win64) logging started Fri Jul 10 12:28:46 2026

Set parameter LogFile to value "C:\Users\ehsanno\DataspellProjects\Spanish_Power_System\results\NECPEssentials\ipopt_logs\2024-12-02_bal.log"

Gurobi 13.0.2 (win64) logging started Fri Jul 10 12:28:46 2026

Set parameter LogFile to value "C:\Users\ehsanno\DataspellProjects\Spanish_Power_System\results\NECPEssentials\ipopt_logs\2024-12-02_bal.log"
Gurobi Optimizer version 13.0.2 build v13.0.2rc1 (win64 - Windows 11+.0 (26200.2))

CPU model: 11th Gen Intel(R) Core(TM) i5-1145G7 @ 2.60GHz, instruction set [SSE2|AVX|AVX2|AVX512]
Thread count: 4 physical cores, 8 logical processors, using up to 8 threads

Non-default parameters:
LogToConsole  0

Optimize a model with 49905 rows, 148442 columns and 205249 nonzeros (Min)
Model fingerprint: 0x2fc9d702
Model has 47857 linear objective coefficients
Coefficient statistics:
  Matrix range     [1e+00, 5e+03]
  Objective range  [4e-01, 1e+06]
  Bounds range     [1e-06, 1e+04]
  RHS range        [1e-06, 3e+09]
Warning: Model contains large rhs
         Consider reformulating model or setting NumericFocus parameter
         to avoid numerical issues.

Presolve removed 49377 rows and 147424 columns
Presolve time: 0.05s
Presolved: 528 rows, 1018 columns, 7547 nonzeros

Concurrent LP optimizer: dual simplex and barrier
Showing barrier log only...

Ordering time: 0.00s

Barrier statistics:
 AA' NZ     : 1.228e+04
 Factor NZ  : 1.823e+04 (roughly 1 MB of memory)
 Factor Ops : 6.779e+05 (less than 1 second per iteration)
 Threads    : 1

Barrier performed 0 iterations in 0.05 seconds (0.07 work units)
Barrier solve interrupted - model solved by another algorithm


Solved with dual simplex
Iteration    Objective       Primal Inf.    Dual Inf.      Time
     436    9.1517834e+06   0.000000e+00   0.000000e+00      0s

Solved in 436 iterations and 0.09 seconds (0.08 work units)
Optimal objective  9.151783398e+06

User-callback calls 53, time in user-callback 0.00 sec
Gurobi Optimizer version 13.0.2 build v13.0.2rc1 (win64 - Windows 11+.0 (26200.2))

CPU model: 11th Gen Intel(R) Core(TM) i5-1145G7 @ 2.60GHz, instruction set [SSE2|AVX|AVX2|AVX512]
Thread count: 4 physical cores, 8 logical processors, using up to 8 threads

Non-default parameters:
LogToConsole  0

Optimize a model with 49906 rows, 148442 columns and 253106 nonzeros (Min)
Model has 98640 linear objective coefficients
Coefficient statistics:
  Matrix range     [4e-01, 1e+06]
  Objective range  [1e+00, 1e+00]
  Bounds range     [1e-06, 1e+04]
  RHS range        [1e-06, 3e+09]
Warning: Model contains large rhs
         Consider reformulating model or setting NumericFocus parameter
         to avoid numerical issues.

LP warm-start: use basis

Iteration    Objective       Primal Inf.    Dual Inf.      Time
       0   -2.8435516e+28   1.094246e+29   2.843552e-02      0s
    1203    7.9352830e+02   0.000000e+00   0.000000e+00      0s

Solved in 1203 iterations and 0.20 seconds (0.37 work units)
Optimal objective  7.935282983e+02

User-callback calls 28, time in user-callback 0.00 sec

Gurobi 13.0.2 (win64) logging started Fri Jul 10 16:56:21 2026

Set parameter LogFile to value "C:\Users\ehsanno\DataspellProjects\Spanish_Power_System\results\NECPEssentials\ipopt_logs\2024-12-02_bal.log"

Gurobi 13.0.2 (win64) logging started Fri Jul 10 16:56:22 2026

Set parameter LogFile to value "C:\Users\ehsanno\DataspellProjects\Spanish_Power_System\results\NECPEssentials\ipopt_logs\2024-12-02_bal.log"
Gurobi Optimizer version 13.0.2 build v13.0.2rc1 (win64 - Windows 11+.0 (26200.2))

CPU model: 11th Gen Intel(R) Core(TM) i5-1145G7 @ 2.60GHz, instruction set [SSE2|AVX|AVX2|AVX512]
Thread count: 4 physical cores, 8 logical processors, using up to 8 threads

Non-default parameters:
LogToConsole  0

Optimize a model with 49905 rows, 148442 columns and 205249 nonzeros (Min)
Model fingerprint: 0x2fc9d702
Model has 47857 linear objective coefficients
Coefficient statistics:
  Matrix range     [1e+00, 5e+03]
  Objective range  [4e-01, 1e+06]
  Bounds range     [1e-06, 1e+04]
  RHS range        [1e-06, 3e+09]
Warning: Model contains large rhs
         Consider reformulating model or setting NumericFocus parameter
         to avoid numerical issues.

Presolve removed 49377 rows and 147424 columns
Presolve time: 0.05s
Presolved: 528 rows, 1018 columns, 7547 nonzeros

Concurrent LP optimizer: dual simplex and barrier
Showing barrier log only...

Ordering time: 0.00s

Barrier statistics:
 AA' NZ     : 1.228e+04
 Factor NZ  : 1.823e+04 (roughly 1 MB of memory)
 Factor Ops : 6.779e+05 (less than 1 second per iteration)
 Threads    : 1

                  Objective                Residual
Iter       Primal          Dual         Primal    Dual     Compl     Time
   0   4.32771121e+10  1.30926960e+06  1.76e+06 0.00e+00  2.53e+08     0s

Barrier performed 0 iterations in 0.05 seconds (0.07 work units)
Barrier solve interrupted - model solved by another algorithm


Solved with dual simplex
Iteration    Objective       Primal Inf.    Dual Inf.      Time
     436    9.1517834e+06   0.000000e+00   0.000000e+00      0s

Solved in 436 iterations and 0.08 seconds (0.08 work units)
Optimal objective  9.151783398e+06

User-callback calls 58, time in user-callback 0.00 sec
Gurobi Optimizer version 13.0.2 build v13.0.2rc1 (win64 - Windows 11+.0 (26200.2))

CPU model: 11th Gen Intel(R) Core(TM) i5-1145G7 @ 2.60GHz, instruction set [SSE2|AVX|AVX2|AVX512]
Thread count: 4 physical cores, 8 logical processors, using up to 8 threads

Non-default parameters:
LogToConsole  0

Optimize a model with 49906 rows, 148442 columns and 253106 nonzeros (Min)
Model has 98640 linear objective coefficients
Coefficient statistics:
  Matrix range     [4e-01, 1e+06]
  Objective range  [1e+00, 1e+00]
  Bounds range     [1e-06, 1e+04]
  RHS range        [1e-06, 3e+09]
Warning: Model contains large rhs
         Consider reformulating model or setting NumericFocus parameter
         to avoid numerical issues.

LP warm-start: use basis

Iteration    Objective       Primal Inf.    Dual Inf.      Time
       0   -2.8435516e+28   1.094246e+29   2.843552e-02      0s
    1203    7.9352830e+02   0.000000e+00   0.000000e+00      0s

Solved in 1203 iterations and 0.25 seconds (0.37 work units)
Optimal objective  7.935282983e+02

User-callback calls 28, time in user-callback 0.00 sec

Gurobi 13.0.2 (win64) logging started Fri Jul 10 17:08:25 2026

Set parameter LogFile to value "C:\Users\ehsanno\DataspellProjects\Spanish_Power_System\results\NECPEssentials\ipopt_logs\2024-12-02_bal.log"

Gurobi 13.0.2 (win64) logging started Fri Jul 10 17:08:25 2026

Set parameter LogFile to value "C:\Users\ehsanno\DataspellProjects\Spanish_Power_System\results\NECPEssentials\ipopt_logs\2024-12-02_bal.log"
Gurobi Optimizer version 13.0.2 build v13.0.2rc1 (win64 - Windows 11+.0 (26200.2))

CPU model: 11th Gen Intel(R) Core(TM) i5-1145G7 @ 2.60GHz, instruction set [SSE2|AVX|AVX2|AVX512]
Thread count: 4 physical cores, 8 logical processors, using up to 8 threads

Non-default parameters:
LogToConsole  0

Optimize a model with 49905 rows, 148442 columns and 205249 nonzeros (Min)
Model fingerprint: 0x2fc9d702
Model has 47857 linear objective coefficients
Coefficient statistics:
  Matrix range     [1e+00, 5e+03]
  Objective range  [4e-01, 1e+06]
  Bounds range     [1e-06, 1e+04]
  RHS range        [1e-06, 3e+09]
Warning: Model contains large rhs
         Consider reformulating model or setting NumericFocus parameter
         to avoid numerical issues.

Presolve removed 49377 rows and 147424 columns
Presolve time: 0.05s
Presolved: 528 rows, 1018 columns, 7547 nonzeros

Concurrent LP optimizer: dual simplex and barrier
Showing barrier log only...

Ordering time: 0.00s

Barrier statistics:
 AA' NZ     : 1.228e+04
 Factor NZ  : 1.823e+04 (roughly 1 MB of memory)
 Factor Ops : 6.779e+05 (less than 1 second per iteration)
 Threads    : 1

                  Objective                Residual
Iter       Primal          Dual         Primal    Dual     Compl     Time
   0   4.32771121e+10  1.30926960e+06  1.76e+06 0.00e+00  2.53e+08     0s

Barrier performed 0 iterations in 0.06 seconds (0.07 work units)
Barrier solve interrupted - model solved by another algorithm


Solved with dual simplex
Iteration    Objective       Primal Inf.    Dual Inf.      Time
     436    9.1517834e+06   0.000000e+00   0.000000e+00      0s

Solved in 436 iterations and 0.09 seconds (0.08 work units)
Optimal objective  9.151783398e+06

User-callback calls 57, time in user-callback 0.00 sec
Gurobi Optimizer version 13.0.2 build v13.0.2rc1 (win64 - Windows 11+.0 (26200.2))

CPU model: 11th Gen Intel(R) Core(TM) i5-1145G7 @ 2.60GHz, instruction set [SSE2|AVX|AVX2|AVX512]
Thread count: 4 physical cores, 8 logical processors, using up to 8 threads

Non-default parameters:
LogToConsole  0

Optimize a model with 49906 rows, 148442 columns and 253106 nonzeros (Min)
Model has 98640 linear objective coefficients
Coefficient statistics:
  Matrix range     [4e-01, 1e+06]
  Objective range  [1e+00, 1e+00]
  Bounds range     [1e-06, 1e+04]
  RHS range        [1e-06, 3e+09]
Warning: Model contains large rhs
         Consider reformulating model or setting NumericFocus parameter
         to avoid numerical issues.

LP warm-start: use basis

Iteration    Objective       Primal Inf.    Dual Inf.      Time
       0   -2.8435516e+28   1.094246e+29   2.843552e-02      0s
    1203    7.9352830e+02   0.000000e+00   0.000000e+00      0s

Solved in 1203 iterations and 0.27 seconds (0.37 work units)
Optimal objective  7.935282983e+02

User-callback calls 28, time in user-callback 0.00 sec

Gurobi 13.0.2 (win64) logging started Fri Jul 10 17:11:11 2026

Set parameter LogFile to value "C:\Users\ehsanno\DataspellProjects\Spanish_Power_System\results\NECPEssentials\ipopt_logs\2024-12-02_bal.log"

Gurobi 13.0.2 (win64) logging started Fri Jul 10 17:11:11 2026

Set parameter LogFile to value "C:\Users\ehsanno\DataspellProjects\Spanish_Power_System\results\NECPEssentials\ipopt_logs\2024-12-02_bal.log"
Gurobi Optimizer version 13.0.2 build v13.0.2rc1 (win64 - Windows 11+.0 (26200.2))

CPU model: 11th Gen Intel(R) Core(TM) i5-1145G7 @ 2.60GHz, instruction set [SSE2|AVX|AVX2|AVX512]
Thread count: 4 physical cores, 8 logical processors, using up to 8 threads

Non-default parameters:
LogToConsole  0

Optimize a model with 49905 rows, 148442 columns and 205249 nonzeros (Min)
Model fingerprint: 0x2fc9d702
Model has 47857 linear objective coefficients
Coefficient statistics:
  Matrix range     [1e+00, 5e+03]
  Objective range  [4e-01, 1e+06]
  Bounds range     [1e-06, 1e+04]
  RHS range        [1e-06, 3e+09]
Warning: Model contains large rhs
         Consider reformulating model or setting NumericFocus parameter
         to avoid numerical issues.

Presolve removed 49377 rows and 147424 columns
Presolve time: 0.05s
Presolved: 528 rows, 1018 columns, 7547 nonzeros

Concurrent LP optimizer: dual simplex and barrier
Showing barrier log only...

Ordering time: 0.00s

Barrier statistics:
 AA' NZ     : 1.228e+04
 Factor NZ  : 1.823e+04 (roughly 1 MB of memory)
 Factor Ops : 6.779e+05 (less than 1 second per iteration)
 Threads    : 1

                  Objective                Residual
Iter       Primal          Dual         Primal    Dual     Compl     Time
   0   4.32771121e+10  1.30926960e+06  1.76e+06 0.00e+00  2.53e+08     0s

Barrier performed 0 iterations in 0.05 seconds (0.07 work units)
Barrier solve interrupted - model solved by another algorithm


Solved with dual simplex
Iteration    Objective       Primal Inf.    Dual Inf.      Time
     436    9.1517834e+06   0.000000e+00   0.000000e+00      0s

Solved in 436 iterations and 0.09 seconds (0.08 work units)
Optimal objective  9.151783398e+06

User-callback calls 57, time in user-callback 0.00 sec
Gurobi Optimizer version 13.0.2 build v13.0.2rc1 (win64 - Windows 11+.0 (26200.2))

CPU model: 11th Gen Intel(R) Core(TM) i5-1145G7 @ 2.60GHz, instruction set [SSE2|AVX|AVX2|AVX512]
Thread count: 4 physical cores, 8 logical processors, using up to 8 threads

Non-default parameters:
LogToConsole  0

Optimize a model with 49906 rows, 148442 columns and 253106 nonzeros (Min)
Model has 98640 linear objective coefficients
Coefficient statistics:
  Matrix range     [4e-01, 1e+06]
  Objective range  [1e+00, 1e+00]
  Bounds range     [1e-06, 1e+04]
  RHS range        [1e-06, 3e+09]
Warning: Model contains large rhs
         Consider reformulating model or setting NumericFocus parameter
         to avoid numerical issues.

LP warm-start: use basis

Iteration    Objective       Primal Inf.    Dual Inf.      Time
       0   -2.8435516e+28   1.094246e+29   2.843552e-02      0s
    1203    7.9352830e+02   0.000000e+00   0.000000e+00      0s

Solved in 1203 iterations and 0.23 seconds (0.37 work units)
Optimal objective  7.935282983e+02

User-callback calls 28, time in user-callback 0.00 sec

Gurobi 13.0.2 (win64) logging started Fri Jul 10 17:13:53 2026

Set parameter LogFile to value "C:\Users\ehsanno\DataspellProjects\Spanish_Power_System\results\NECPEssentials\ipopt_logs\2024-12-02_bal.log"

Gurobi 13.0.2 (win64) logging started Fri Jul 10 17:13:54 2026

Set parameter LogFile to value "C:\Users\ehsanno\DataspellProjects\Spanish_Power_System\results\NECPEssentials\ipopt_logs\2024-12-02_bal.log"
Gurobi Optimizer version 13.0.2 build v13.0.2rc1 (win64 - Windows 11+.0 (26200.2))

CPU model: 11th Gen Intel(R) Core(TM) i5-1145G7 @ 2.60GHz, instruction set [SSE2|AVX|AVX2|AVX512]
Thread count: 4 physical cores, 8 logical processors, using up to 8 threads

Non-default parameters:
LogToConsole  0

Optimize a model with 49905 rows, 148442 columns and 205249 nonzeros (Min)
Model fingerprint: 0x2fc9d702
Model has 47857 linear objective coefficients
Coefficient statistics:
  Matrix range     [1e+00, 5e+03]
  Objective range  [4e-01, 1e+06]
  Bounds range     [1e-06, 1e+04]
  RHS range        [1e-06, 3e+09]
Warning: Model contains large rhs
         Consider reformulating model or setting NumericFocus parameter
         to avoid numerical issues.

Presolve removed 49377 rows and 147424 columns
Presolve time: 0.06s
Presolved: 528 rows, 1018 columns, 7547 nonzeros

Concurrent LP optimizer: dual simplex and barrier
Showing barrier log only...

Ordering time: 0.00s

Barrier statistics:
 AA' NZ     : 1.228e+04
 Factor NZ  : 1.823e+04 (roughly 1 MB of memory)
 Factor Ops : 6.779e+05 (less than 1 second per iteration)
 Threads    : 1

Barrier performed 0 iterations in 0.07 seconds (0.07 work units)
Barrier solve interrupted - model solved by another algorithm


Solved with dual simplex
Iteration    Objective       Primal Inf.    Dual Inf.      Time
     436    9.1517834e+06   0.000000e+00   0.000000e+00      0s

Solved in 436 iterations and 0.10 seconds (0.08 work units)
Optimal objective  9.151783398e+06

User-callback calls 54, time in user-callback 0.00 sec
Gurobi Optimizer version 13.0.2 build v13.0.2rc1 (win64 - Windows 11+.0 (26200.2))

CPU model: 11th Gen Intel(R) Core(TM) i5-1145G7 @ 2.60GHz, instruction set [SSE2|AVX|AVX2|AVX512]
Thread count: 4 physical cores, 8 logical processors, using up to 8 threads

Non-default parameters:
LogToConsole  0

Optimize a model with 49906 rows, 148442 columns and 253106 nonzeros (Min)
Model has 98640 linear objective coefficients
Coefficient statistics:
  Matrix range     [4e-01, 1e+06]
  Objective range  [1e+00, 1e+00]
  Bounds range     [1e-06, 1e+04]
  RHS range        [1e-06, 3e+09]
Warning: Model contains large rhs
         Consider reformulating model or setting NumericFocus parameter
         to avoid numerical issues.

LP warm-start: use basis

Iteration    Objective       Primal Inf.    Dual Inf.      Time
       0   -2.8435516e+28   1.094246e+29   2.843552e-02      0s
    1203    7.9352830e+02   0.000000e+00   0.000000e+00      0s

Solved in 1203 iterations and 0.23 seconds (0.37 work units)
Optimal objective  7.935282983e+02

User-callback calls 28, time in user-callback 0.00 sec
