This is Ipopt version 3.14.19, running with linear solver ma57.

Number of nonzeros in equality constraint Jacobian...:    13682
Number of nonzeros in inequality constraint Jacobian.:     3120
Number of nonzeros in Lagrangian Hessian.............:      899

Total number of variables............................:     5539
                     variables with only lower bounds:        0
                variables with lower and upper bounds:     4303
                     variables with only upper bounds:        0
Total number of equality constraints.................:     3582
Total number of inequality constraints...............:     1560
        inequality constraints with only lower bounds:        0
   inequality constraints with lower and upper bounds:     1560
        inequality constraints with only upper bounds:        0

iter    objective    inf_pr   inf_du lg(mu)  ||d||  lg(rg) alpha_du alpha_pr  ls
   0  2.7821503e+07 1.50e+01 8.53e+01  -1.0 0.00e+00    -  0.00e+00 0.00e+00   0
   1  2.7821752e+07 1.50e+01 8.50e+01  -1.0 1.91e+01    -  8.75e-03 2.89e-05f  1
   2  2.4590989e+07 1.48e+01 8.49e+01  -1.0 2.99e+01    -  5.92e-04 1.75e-02f  1
   3  2.4052236e+07 1.45e+01 8.42e+01  -1.0 2.72e+01    -  9.12e-03 1.87e-02f  1
   4  2.2815158e+07 1.39e+01 8.29e+01  -1.0 2.52e+01  -4.0 1.92e-02 3.68e-02f  1
   5  2.0319108e+07 1.29e+01 7.84e+01  -1.0 1.05e+02    -  5.77e-02 7.46e-02f  1
   6  1.5014611e+07 1.05e+01 6.16e+01  -1.0 2.21e+01    -  2.10e-01 1.86e-01f  1
   7  5.5647193e+06 4.56e+00 3.31e+01  -1.0 9.50e+01    -  4.80e-01 5.66e-01f  1
   8  1.8037923e+06 8.67e-12 7.04e+00  -1.0 1.93e+01    -  8.17e-01 1.00e+00f  1
   9  1.3421054e+06 2.72e-08 2.15e+00  -1.0 5.56e+00  -4.5 7.27e-01 9.18e-01f  1
iter    objective    inf_pr   inf_du lg(mu)  ||d||  lg(rg) alpha_du alpha_pr  ls
  10  1.3394016e+06 1.29e-11 2.36e-02  -1.0 1.10e+00    -  9.91e-01 1.00e+00f  1
  11  1.3230711e+06 4.96e-12 5.21e-06  -1.0 4.69e-01  -5.0 1.00e+00 1.00e+00f  1
  12  2.1093000e+05 4.08e-12 4.01e-02  -2.5 1.21e+00  -5.4 8.50e-01 1.00e+00f  1
  13  1.3266639e+05 1.30e-11 1.43e-02  -2.5 7.67e-01    -  9.05e-01 1.00e+00f  1
  14  8.3884734e+04 9.64e-12 2.32e-02  -3.8 4.71e-01  -5.9 7.36e-01 1.00e+00f  1
  15  7.9623357e+04 4.35e-12 4.93e-03  -3.8 2.01e-01    -  9.16e-01 1.00e+00f  1
  16  7.8485607e+04 5.67e-12 4.15e-08  -3.8 1.01e-01  -6.4 1.00e+00 1.00e+00f  1
  17  7.6225907e+04 4.25e-12 2.90e-03  -5.7 2.49e-01    -  8.09e-01 1.00e+00f  1
  18  7.6104599e+04 6.93e-12 1.50e-03  -5.7 3.26e-02  -6.9 8.48e-01 1.00e+00f  1
  19  7.6070193e+04 7.08e-12 8.00e-10  -5.7 1.75e-02  -7.3 1.00e+00 1.00e+00f  1
iter    objective    inf_pr   inf_du lg(mu)  ||d||  lg(rg) alpha_du alpha_pr  ls
  20  7.6034486e+04 8.71e-12 1.72e-04  -8.6 1.19e-02  -7.8 9.31e-01 1.00e+00f  1
  21  7.6030927e+04 9.76e-12 2.75e-11  -8.6 5.42e-03  -8.3 1.00e+00 1.00e+00f  1
  22  7.6029881e+04 9.34e-12 3.84e-12  -8.6 2.27e-03  -8.8 1.00e+00 1.00e+00f  1
  23  7.6029664e+04 7.07e-12 1.85e-14  -8.6 5.00e-04    -  1.00e+00 1.00e+00f  1
  24  7.6029638e+04 7.16e-12 1.18e-13  -8.6 2.09e-04  -9.2 1.00e+00 1.00e+00h  1
  25  7.6029611e+04 1.46e-11 2.11e-14  -9.0 1.12e-04  -9.7 1.00e+00 1.00e+00h  1

Number of Iterations....: 25

                                   (scaled)                 (unscaled)
Objective...............:   7.6029610717069112e+00    7.6029610717069110e+04
Dual infeasibility......:   2.1072902351298946e-14    2.1072902351298946e-10
Constraint violation....:   1.5855981619617685e-12    1.4596213127049396e-11
Variable bound violation:   9.9909090867970087e-09    9.9909090867970087e-09
Complementarity.........:   3.0795726703646837e-09    3.0795726703646836e-05
Overall NLP error.......:   3.0795726703646837e-09    3.0795726703646836e-05


Number of objective function evaluations             = 26
Number of objective gradient evaluations             = 26
Number of equality constraint evaluations            = 26
Number of inequality constraint evaluations          = 26
Number of equality constraint Jacobian evaluations   = 1
Number of inequality constraint Jacobian evaluations = 1
Number of Lagrangian Hessian evaluations             = 1
Total seconds in IPOPT                               = 0.247

EXIT: Optimal Solution Found.
