This is Ipopt version 3.14.19, running with linear solver ma57.

Number of nonzeros in equality constraint Jacobian...:    13682
Number of nonzeros in inequality constraint Jacobian.:     3120
Number of nonzeros in Lagrangian Hessian.............:      899

Total number of variables............................:     5539
                     variables with only lower bounds:        0
                variables with lower and upper bounds:     4303
                     variables with only upper bounds:        0
Total number of equality constraints.................:     3582
Total number of inequality constraints...............:     1560
        inequality constraints with only lower bounds:        0
   inequality constraints with lower and upper bounds:     1560
        inequality constraints with only upper bounds:        0

iter    objective    inf_pr   inf_du lg(mu)  ||d||  lg(rg) alpha_du alpha_pr  ls
   0  8.2629384e+06 1.81e+01 8.45e+01  -1.0 0.00e+00    -  0.00e+00 0.00e+00   0
   1  8.2624669e+06 1.81e+01 8.37e+01  -1.0 2.35e+01    -  1.41e-02 1.59e-05f  1
   2  6.4079452e+06 1.77e+01 8.37e+01  -1.0 1.82e+01    -  2.96e-03 1.94e-02f  1
   3  6.3810254e+06 1.66e+01 8.32e+01  -1.0 2.51e+01    -  1.59e-02 6.32e-02f  1
   4  5.6019955e+06 1.57e+01 7.99e+01  -1.0 2.92e+01    -  4.12e-02 5.38e-02f  1
   5  4.5714560e+06 1.28e+01 7.15e+01  -1.0 1.29e+01  -4.0 1.17e-01 1.84e-01f  1
   6  2.7520254e+06 8.80e+00 3.61e+01  -1.0 1.05e+01  -4.5 5.22e-01 3.13e-01f  1
   7  1.5386027e+06 2.88e+00 1.18e+01  -1.0 3.78e+01    -  6.66e-01 6.73e-01f  1
   8  1.5273800e+06 2.80e+00 2.73e+01  -1.0 1.01e+01    -  1.82e-01 2.72e-02h  1
   9  1.5262641e+06 2.80e+00 2.93e+03  -1.0 1.95e+01    -  4.75e-01 2.08e-03h  1
iter    objective    inf_pr   inf_du lg(mu)  ||d||  lg(rg) alpha_du alpha_pr  ls
  10  1.5230098e+06 2.79e+00 1.10e+05  -1.0 2.42e+00  -5.0 9.35e-02 2.45e-03h  1
  11  1.5228594e+06 2.79e+00 1.13e+08  -1.0 2.42e+00  -5.4 8.15e-02 8.03e-05h  1
  12r 1.5228594e+06 2.79e+00 1.00e+03   0.4 0.00e+00    -  0.00e+00 2.92e-07R  3
  13r 1.6150145e+06 2.27e+00 9.98e+02   0.4 1.40e+03    -  4.52e-03 1.98e-03f  1
  14  1.6149096e+06 2.27e+00 5.42e+03  -1.0 2.40e+00  -5.9 5.83e-02 1.29e-05h  1
  15r 1.6149096e+06 2.27e+00 1.00e+03   0.4 0.00e+00    -  0.00e+00 1.16e-07R  2
  16r 2.1532338e+06 2.27e+00 9.98e+02   0.4 2.02e+02    -  2.75e-02 1.64e-03f  1
  17r 8.7211534e+06 2.26e+00 9.77e+02   0.4 2.28e+01    -  1.39e-01 2.14e-02f  1
  18r 3.0055050e+07 2.25e+00 9.01e+02   0.4 2.11e+01    -  1.52e-01 7.78e-02f  1
  19r 6.7592105e+07 2.25e+00 6.29e+02   0.4 9.49e+00    -  3.47e-01 3.02e-01f  1
iter    objective    inf_pr   inf_du lg(mu)  ||d||  lg(rg) alpha_du alpha_pr  ls
  20r 8.6929992e+07 2.25e+00 2.98e+02   0.4 7.07e+00    -  9.91e-01 5.28e-01f  1
  21r 9.3468531e+07 1.74e+00 1.07e+01   0.4 1.98e+00    -  1.00e+00 9.64e-01f  1
  22  8.3006036e+07 1.73e+00 9.90e+01  -1.0 4.04e+01  -6.4 2.14e-02 4.08e-03f  1
  23  8.0729850e+07 1.73e+00 9.89e+01  -1.0 5.57e+02    -  8.52e-04 8.56e-04f  1
  24  8.0496916e+07 1.73e+00 2.49e+03  -1.0 8.72e+02  -6.9 2.09e-02 8.70e-05f  1
  25  8.0488483e+07 1.73e+00 1.17e+06  -1.0 5.04e+02    -  4.20e-03 4.46e-06f  2
  26  8.0484515e+07 1.73e+00 9.54e+09  -1.0 4.53e+02  -7.3 3.71e-02 2.26e-06f  2
  27  5.3601352e+07 1.70e+00 9.46e+09  -1.0 1.52e+02    -  8.12e-03 2.51e-02f  1
  28  5.0595629e+07 1.70e+00 8.51e+09  -1.0 1.53e+01    -  1.02e-01 4.55e-03f  1
  29r 5.0595629e+07 1.70e+00 1.00e+03   0.2 0.00e+00    -  0.00e+00 3.28e-07R  4
iter    objective    inf_pr   inf_du lg(mu)  ||d||  lg(rg) alpha_du alpha_pr  ls
  30r 5.1161492e+07 1.69e+00 9.91e+02   0.2 2.55e+00    -  9.90e-01 7.89e-03f  1
  31r 9.5968638e+07 1.07e+00 2.87e+02   0.2 6.75e+00    -  1.00e+00 7.11e-01f  1
  32r 9.3510374e+07 1.03e+00 1.70e-05   0.2 1.87e+00    -  1.00e+00 1.00e+00f  1
  33r 8.9865538e+07 1.19e+00 3.13e+01  -1.2 4.73e-01    -  6.49e-01 8.86e-01f  1
  34  8.8550248e+07 1.19e+00 9.91e+01  -1.0 9.71e+01  -7.8 2.33e-02 5.07e-04f  1
  35  8.8439998e+07 1.19e+00 3.83e+03  -1.0 7.99e+02    -  2.99e-03 3.98e-05f  1
  36  8.8360000e+07 1.18e+00 2.43e+06  -1.0 8.34e+02    -  1.90e-02 3.01e-05f  1
  37r 8.8360000e+07 1.18e+00 1.00e+03   0.1 0.00e+00  -8.3 0.00e+00 6.43e-09R  2
  38r 8.9546923e+07 1.17e+00 9.46e+02   0.1 3.15e+00    -  9.90e-01 5.27e-02f  1
  39r 9.7018531e+07 8.49e-01 1.18e-05   0.1 2.13e+00    -  1.00e+00 1.00e+00f  1
iter    objective    inf_pr   inf_du lg(mu)  ||d||  lg(rg) alpha_du alpha_pr  ls
  40r 9.5502283e+07 9.21e-01 5.20e+01  -2.0 3.11e-01    -  4.00e-01 8.90e-01f  1
  41  9.4788726e+07 9.20e-01 9.93e+01  -1.0 4.21e+01    -  2.09e-02 2.77e-04f  1
  42  9.4730661e+07 9.20e-01 3.92e+03  -1.0 3.59e+02    -  9.64e-04 2.08e-05f  1
  43r 9.4730661e+07 9.20e-01 1.00e+03  -0.0 0.00e+00    -  0.00e+00 2.22e-07R  2
  44r 9.4758548e+07 9.20e-01 9.95e+02  -0.0 4.42e-01    -  9.90e-01 3.41e-03f  1
  45r 9.7456949e+07 7.98e-01 6.73e-03  -0.0 3.37e-01    -  9.99e-01 1.00e+00f  1
  46r 9.6622776e+07 8.23e-01 1.24e+01  -2.2 2.57e-01    -  7.70e-01 9.12e-01f  1
  47  9.6171966e+07 8.23e-01 1.34e+02  -1.0 4.24e+01    -  2.08e-02 1.75e-04f  1
  48  9.6132188e+07 8.23e-01 9.88e+03  -1.0 4.04e+02    -  1.04e-03 1.41e-05f  1
  49r 9.6132188e+07 8.23e-01 1.00e+03  -0.1 0.00e+00    -  0.00e+00 1.13e-07R  2
iter    objective    inf_pr   inf_du lg(mu)  ||d||  lg(rg) alpha_du alpha_pr  ls
  50r 9.6156876e+07 8.22e-01 9.93e+02  -0.1 3.43e-01    -  9.90e-01 5.55e-03f  1
  51r 9.7806882e+07 7.77e-01 8.76e-03  -0.1 2.98e-01    -  9.98e-01 1.00e+00f  1
  52r 9.7222837e+07 7.87e-01 1.01e+01  -2.2 2.27e-01    -  7.94e-01 9.21e-01f  1
  53r 9.7026026e+07 7.90e-01 5.97e-08  -2.2 9.64e-02    -  1.00e+00 1.00e+00f  1
  54r 9.6450091e+07 8.16e-01 3.69e-02  -5.0 4.99e-02    -  9.31e-01 1.00e+00f  1

Number of Iterations....: 54

                                   (scaled)                 (unscaled)
Objective...............:   9.6368847518493367e+03    9.6368847518493369e+07
Dual infeasibility......:   1.0000000541024053e+02    1.0000000541024053e+06
Constraint violation....:   8.1993348932953414e-01    8.1993348932953414e-01
Variable bound violation:   1.1298842572671219e-07    1.1298842572671219e-07
Complementarity.........:   1.3621629414648834e-05    1.3621629414648834e-01
Overall NLP error.......:   1.0000000541024053e+02    1.0000000541024053e+06


Number of objective function evaluations             = 73
Number of objective gradient evaluations             = 39
Number of equality constraint evaluations            = 73
Number of inequality constraint evaluations          = 73
Number of equality constraint Jacobian evaluations   = 1
Number of inequality constraint Jacobian evaluations = 1
Number of Lagrangian Hessian evaluations             = 2
Total seconds in IPOPT                               = 0.416

EXIT: Converged to a point of local infeasibility. Problem may be infeasible.
