This is Ipopt version 3.14.19, running with linear solver ma57.

Number of nonzeros in equality constraint Jacobian...:    13682
Number of nonzeros in inequality constraint Jacobian.:     3120
Number of nonzeros in Lagrangian Hessian.............:      899

Total number of variables............................:     5539
                     variables with only lower bounds:        0
                variables with lower and upper bounds:     4303
                     variables with only upper bounds:        0
Total number of equality constraints.................:     3582
Total number of inequality constraints...............:     1560
        inequality constraints with only lower bounds:        0
   inequality constraints with lower and upper bounds:     1560
        inequality constraints with only upper bounds:        0

iter    objective    inf_pr   inf_du lg(mu)  ||d||  lg(rg) alpha_du alpha_pr  ls
   0  2.5680799e+07 1.50e+01 8.46e+01  -1.0 0.00e+00    -  0.00e+00 0.00e+00   0
   1  2.5680854e+07 1.50e+01 8.43e+01  -1.0 3.11e+01    -  9.06e-03 2.71e-05f  1
   2  2.2589501e+07 1.48e+01 8.42e+01  -1.0 3.78e+01    -  6.32e-04 1.77e-02f  1
   3  2.2128512e+07 1.45e+01 8.35e+01  -1.0 2.72e+01    -  9.44e-03 1.98e-02f  1
   4  2.0930214e+07 1.39e+01 8.21e+01  -1.0 2.44e+01  -4.0 1.99e-02 3.81e-02f  1
   5  1.8574091e+07 1.28e+01 7.77e+01  -1.0 4.13e+01    -  5.73e-02 7.72e-02f  1
   6  1.3643358e+07 1.04e+01 6.10e+01  -1.0 2.15e+01  -4.5 2.11e-01 1.87e-01f  1
   7  4.9819286e+06 4.48e+00 3.41e+01  -1.0 1.80e+01  -5.0 4.61e-01 5.71e-01f  1
   8  1.7921066e+06 4.20e-01 5.90e+00  -1.0 1.12e+01  -5.4 8.36e-01 9.06e-01f  1
   9  1.7269301e+06 3.80e-01 1.24e+01  -1.0 5.62e+00  -5.9 8.73e-01 9.68e-02f  1
iter    objective    inf_pr   inf_du lg(mu)  ||d||  lg(rg) alpha_du alpha_pr  ls
  10  1.7252934e+06 3.79e-01 1.39e+03  -1.0 5.64e+00  -6.4 2.16e-01 2.07e-03h  1
  11  1.7178676e+06 3.76e-01 1.20e+05  -1.0 5.61e+00  -6.9 6.40e-01 7.87e-03h  1
  12  1.7177902e+06 3.76e-01 1.81e+08  -1.0 5.49e+00  -7.3 1.27e-01 8.42e-05h  1
  13  1.2911899e+06 6.31e-02 8.48e+05  -1.0 5.48e+00  -7.8 9.95e-01 1.00e+00f  1
  14r 1.2911899e+06 6.31e-02 1.00e+03  -1.0 0.00e+00    -  0.00e+00 2.75e-07R  7
  15r 2.6250310e+06 6.33e-02 2.69e+01  -1.0 1.48e+00    -  7.32e-01 1.00e+00f  1
  16r 7.0377593e+06 6.33e-02 3.31e-01  -1.0 3.56e+00    -  9.88e-01 1.00e+00f  1
  17r 9.4467565e+06 6.33e-02 9.58e-01  -2.5 2.04e+00    -  7.04e-01 1.00e+00f  1
  18r 1.8848619e+07 6.33e-02 4.20e-01  -2.5 7.75e-01    -  9.02e-01 1.00e+00f  1
  19r 5.9791219e+07 6.34e-02 2.83e-08  -2.5 3.35e+00    -  1.00e+00 1.00e+00f  1
iter    objective    inf_pr   inf_du lg(mu)  ||d||  lg(rg) alpha_du alpha_pr  ls
  20r 4.0671575e+07 6.35e-02 2.55e-01  -5.0 3.29e+00    -  6.55e-01 1.00e+00f  1
  21r 3.9793641e+07 6.35e-02 3.84e-02  -5.0 1.30e-01    -  9.50e-01 1.00e+00f  1
  22r 3.3429304e+07 6.35e-02 4.35e-03  -5.0 8.36e-01    -  9.12e-01 1.00e+00f  1

Number of Iterations....: 22

                                   (scaled)                 (unscaled)
Objective...............:   2.7892965152613069e+03    2.7892965152613066e+07
Dual infeasibility......:   1.0000000000025962e+02    1.0000000000025962e+06
Constraint violation....:   6.3480360406138692e-02    6.3480360406138692e-02
Variable bound violation:   1.1379809272682451e-07    1.1379809272682451e-07
Complementarity.........:   1.4924522780262061e-05    1.4924522780262062e-01
Overall NLP error.......:   1.0000000000025962e+02    1.0000000000025962e+06


Number of objective function evaluations             = 31
Number of objective gradient evaluations             = 16
Number of equality constraint evaluations            = 31
Number of inequality constraint evaluations          = 31
Number of equality constraint Jacobian evaluations   = 1
Number of inequality constraint Jacobian evaluations = 1
Number of Lagrangian Hessian evaluations             = 2
Total seconds in IPOPT                               = 0.173

EXIT: Converged to a point of local infeasibility. Problem may be infeasible.
