This is Ipopt version 3.14.19, running with linear solver ma57.

Number of nonzeros in equality constraint Jacobian...:    13237
Number of nonzeros in inequality constraint Jacobian.:     3120
Number of nonzeros in Lagrangian Hessian.............:      454

Total number of variables............................:     5094
                     variables with only lower bounds:        0
                variables with lower and upper bounds:     3858
                     variables with only upper bounds:        0
Total number of equality constraints.................:     3582
Total number of inequality constraints...............:     1560
        inequality constraints with only lower bounds:        0
   inequality constraints with lower and upper bounds:     1560
        inequality constraints with only upper bounds:        0

iter    objective    inf_pr   inf_du lg(mu)  ||d||  lg(rg) alpha_du alpha_pr  ls
   0  9.1876639e+06 1.88e+01 8.03e+01  -1.0 0.00e+00    -  0.00e+00 0.00e+00   0
   1  9.1877421e+06 1.88e+01 7.99e+01  -1.0 7.97e+01    -  1.17e-02 1.66e-05f  1
   2  7.3069741e+06 1.84e+01 7.99e+01  -1.0 1.81e+01  -4.0 1.71e-03 1.77e-02f  1
   3  7.0975637e+06 1.77e+01 7.90e+01  -1.0 1.09e+02    -  1.70e-02 3.99e-02f  1
   4  6.4816639e+06 1.67e+01 7.49e+01  -1.0 3.90e+01    -  5.24e-02 5.63e-02f  1
   5  5.1122499e+06 1.38e+01 5.75e+01  -1.0 1.24e+02    -  2.24e-01 1.74e-01f  1
   6  2.2164062e+06 6.06e+00 4.07e+01  -1.0 1.15e+01  -4.5 3.43e-01 5.60e-01f  1
   7  1.6651480e+06 2.94e+00 1.23e+01  -1.0 5.10e+00  -5.0 8.32e-01 5.15e-01f  1
   8  1.6585272e+06 2.90e+00 2.97e+01  -1.0 2.52e+00  -5.4 9.46e-02 1.52e-02h  1
   9  1.6573478e+06 2.89e+00 3.16e+03  -1.0 3.15e+01    -  3.87e-01 1.97e-03h  1
iter    objective    inf_pr   inf_du lg(mu)  ||d||  lg(rg) alpha_du alpha_pr  ls
  10  1.6541636e+06 2.88e+00 1.11e+05  -1.0 2.51e+00  -5.9 7.79e-02 2.20e-03h  1
  11  1.6540499e+06 2.88e+00 1.63e+08  -1.0 1.29e+02    -  7.59e-02 5.27e-05h  1
  12  1.4873045e+06 1.50e+00 6.59e+07  -1.0 8.92e+00    -  9.90e-01 5.04e-01f  1
  13  1.4858873e+06 1.49e+00 1.31e+08  -1.0 1.16e+02    -  1.00e+00 1.03e-02h  1
  14r 1.4858873e+06 1.49e+00 1.00e+03   0.2 0.00e+00  -6.4 0.00e+00 3.24e-07R  4
  15r 1.5172591e+06 1.49e+00 9.98e+02   0.2 1.00e+03    -  3.75e-03 1.38e-03f  1
  16r 1.5768174e+06 1.49e+00 9.94e+02   0.2 1.03e+02    -  4.61e-02 3.73e-03f  1
  17r 2.3529507e+06 1.47e+00 9.46e+02   0.2 5.99e+00    -  4.42e-01 4.80e-02f  1
  18r 1.1541474e+07 1.30e+00 5.88e+02   0.2 4.65e+00    -  5.36e-01 3.79e-01f  1
  19  1.0632635e+07 1.30e+00 9.70e+01  -1.0 1.18e+01    -  3.70e-02 1.28e-03f  1
iter    objective    inf_pr   inf_du lg(mu)  ||d||  lg(rg) alpha_du alpha_pr  ls
  20  1.0612608e+07 1.30e+00 3.14e+04  -1.0 4.10e+00    -  9.13e-02 9.24e-05f  1
  21r 1.0612608e+07 1.30e+00 1.00e+03   0.1 0.00e+00    -  0.00e+00 3.82e-07R  4
  22r 1.1640794e+07 1.29e+00 9.87e+02   0.1 3.04e+00    -  4.42e-01 1.19e-02f  1
  23r 7.4034244e+07 1.01e+00 2.46e+02   0.1 9.07e+00    -  9.88e-01 7.51e-01f  1
  24  7.3990409e+07 1.01e+00 9.93e+01  -1.0 3.53e+01    -  1.78e-02 2.01e-05f  1
  25  6.9799407e+07 1.01e+00 9.91e+01  -1.0 5.73e+01  -6.9 1.96e-03 1.97e-03f  1
  26  6.9411760e+07 1.01e+00 7.20e+02  -1.0 8.42e+01    -  6.76e-03 1.88e-04f  1
  27  6.9387674e+07 1.01e+00 6.03e+04  -1.0 6.74e+02    -  9.43e-04 1.16e-05f  1
  28r 6.9387674e+07 1.01e+00 9.99e+02   0.0 0.00e+00  -7.3 0.00e+00 6.45e-08R  2
  29r 6.9288648e+07 1.01e+00 9.97e+02   0.0 7.29e+00    -  9.12e-01 1.75e-03f  1
iter    objective    inf_pr   inf_du lg(mu)  ||d||  lg(rg) alpha_du alpha_pr  ls
  30r 1.0193700e+08 8.43e-01 1.71e+02   0.0 4.63e+00    -  8.26e-01 8.29e-01f  1
  31  1.0169626e+08 8.43e-01 9.96e+01  -1.0 4.18e+01  -7.8 1.32e-02 1.00e-04f  1
  32  9.7476779e+07 8.42e-01 9.94e+01  -1.0 5.08e+01    -  1.43e-03 1.64e-03f  1
  33  9.7133952e+07 8.41e-01 7.76e+02  -1.0 7.25e+01  -8.3 6.16e-03 1.34e-04f  1
  34  9.7124024e+07 8.41e-01 5.55e+04  -1.0 9.78e+02  -8.8 4.87e-04 3.51e-06f  2
  35  9.7118932e+07 8.41e-01 1.75e+08  -1.0 1.12e+03  -9.2 1.12e-02 1.78e-06f  2
  36r 9.7118932e+07 8.41e-01 1.00e+03  -0.1 0.00e+00  -9.7 0.00e+00 4.49e-07R  3
  37r 9.7131306e+07 8.41e-01 9.97e+02  -0.1 5.28e+00    -  8.90e-01 2.11e-03f  1
  38r 1.0459259e+08 7.77e-01 6.45e-01  -0.1 1.36e+00    -  9.91e-01 1.00e+00f  1
  39r 1.0221934e+08 7.88e-01 2.01e+01  -1.5 8.76e-01    -  6.78e-01 9.52e-01f  1
iter    objective    inf_pr   inf_du lg(mu)  ||d||  lg(rg) alpha_du alpha_pr  ls
  40r 1.0161262e+08 7.92e-01 7.26e-03  -1.5 1.39e-01    -  1.00e+00 1.00e+00f  1
  41r 9.9231252e+07 8.18e-01 6.87e-01  -3.3 4.21e-01    -  7.84e-01 1.00e+00f  1
  42r 9.8901610e+07 8.24e-01 4.85e-09  -3.3 2.06e-02    -  1.00e+00 1.00e+00f  1
  43r 9.7743254e+07 8.39e-01 1.10e-02  -5.0 7.48e-02    -  7.71e-01 1.00e+00f  1

Number of Iterations....: 43

                                   (scaled)                 (unscaled)
Objective...............:   9.7592614588618053e+03    9.7592614588618055e+07
Dual infeasibility......:   1.0000001365797780e+02    1.0000001365797780e+06
Constraint violation....:   8.3977318651640875e-01    8.3977318651640875e-01
Variable bound violation:   1.1220078199869477e-07    1.1220078199869477e-07
Complementarity.........:   1.7180060634199980e-05    1.7180060634199978e-01
Overall NLP error.......:   1.0000001365797780e+02    1.0000001365797780e+06


Number of objective function evaluations             = 60
Number of objective gradient evaluations             = 33
Number of equality constraint evaluations            = 60
Number of inequality constraint evaluations          = 60
Number of equality constraint Jacobian evaluations   = 1
Number of inequality constraint Jacobian evaluations = 1
Number of Lagrangian Hessian evaluations             = 2
Total seconds in IPOPT                               = 0.370

EXIT: Converged to a point of local infeasibility. Problem may be infeasible.
