This is Ipopt version 3.14.19, running with linear solver ma57.

Number of nonzeros in equality constraint Jacobian...:    13237
Number of nonzeros in inequality constraint Jacobian.:     3120
Number of nonzeros in Lagrangian Hessian.............:      454

Total number of variables............................:     5094
                     variables with only lower bounds:        0
                variables with lower and upper bounds:     3858
                     variables with only upper bounds:        0
Total number of equality constraints.................:     3582
Total number of inequality constraints...............:     1560
        inequality constraints with only lower bounds:        0
   inequality constraints with lower and upper bounds:     1560
        inequality constraints with only upper bounds:        0

iter    objective    inf_pr   inf_du lg(mu)  ||d||  lg(rg) alpha_du alpha_pr  ls
   0  8.2297497e+06 1.88e+01 7.99e+01  -1.0 0.00e+00    -  0.00e+00 0.00e+00   0
   1  8.2295888e+06 1.88e+01 7.93e+01  -1.0 2.83e+01    -  1.28e-02 1.58e-05f  1
   2  6.4382087e+06 1.84e+01 7.94e+01  -1.0 4.04e+02    -  1.95e-03 1.89e-02f  1
   3  6.2590397e+06 1.76e+01 7.86e+01  -1.0 3.90e+01    -  1.69e-02 4.59e-02f  1
   4  5.6748787e+06 1.66e+01 7.49e+01  -1.0 1.39e+01  -4.0 4.98e-02 5.66e-02f  1
   5  4.5160850e+06 1.36e+01 5.97e+01  -1.0 1.36e+01  -4.5 1.98e-01 1.78e-01f  1
   6  2.1820380e+06 6.88e+00 3.94e+01  -1.0 1.14e+01  -5.0 3.70e-01 4.95e-01f  1
   7  1.5209399e+06 2.96e+00 1.24e+01  -1.0 5.81e+00  -5.4 8.08e-01 5.69e-01f  1
   8  1.5126320e+06 2.91e+00 3.07e+01  -1.0 2.12e+02    -  1.33e-01 1.96e-02h  1
   9  1.5115911e+06 2.90e+00 8.88e+02  -1.0 2.47e+02    -  9.77e-02 1.73e-03h  1
iter    objective    inf_pr   inf_du lg(mu)  ||d||  lg(rg) alpha_du alpha_pr  ls
  10  1.5086445e+06 2.90e+00 2.82e+04  -1.0 3.25e+00    -  6.63e-02 2.10e-03h  1
  11  1.5082641e+06 2.89e+00 6.55e+07  -1.0 2.54e+00  -5.9 7.65e-01 3.36e-04h  1
  12r 1.5082641e+06 2.89e+00 1.00e+03   0.5 0.00e+00  -6.4 0.00e+00 4.26e-07R  5
  13r 1.6269613e+06 2.27e+00 9.98e+02   0.5 1.36e+03    -  4.49e-03 1.97e-03f  1
  14  1.6268587e+06 2.27e+00 4.63e+03  -1.0 2.52e+00  -6.9 5.40e-02 1.39e-05h  1
  15r 1.6268587e+06 2.27e+00 1.00e+03   0.4 0.00e+00    -  0.00e+00 1.63e-07R  2
  16r 2.2222333e+06 2.27e+00 9.98e+02   0.4 3.49e+02    -  2.81e-02 1.70e-03f  1
  17r 7.5731035e+06 2.26e+00 9.81e+02   0.4 2.16e+01    -  1.47e-01 1.72e-02f  1
  18r 3.4565903e+07 2.26e+00 8.85e+02   0.4 2.38e+01    -  1.36e-01 9.81e-02f  1
  19r 6.8281794e+07 2.25e+00 6.26e+02   0.4 1.03e+01    -  4.00e-01 2.92e-01f  1
iter    objective    inf_pr   inf_du lg(mu)  ||d||  lg(rg) alpha_du alpha_pr  ls
  20r 8.3492317e+07 2.25e+00 3.25e+02   0.4 7.21e+00    -  9.91e-01 4.81e-01f  1
  21r 9.1415439e+07 1.68e+00 1.21e+00   0.4 2.08e+00    -  9.16e-01 1.00e+00f  1
  22  8.1689478e+07 1.67e+00 9.91e+01  -1.0 3.55e+01  -7.3 2.00e-02 4.12e-03f  1
  23  7.9402249e+07 1.67e+00 9.90e+01  -1.0 5.85e+02    -  7.88e-04 8.71e-04f  1
  24  7.9164136e+07 1.67e+00 2.08e+03  -1.0 9.22e+02    -  2.00e-02 8.93e-05f  1
  25  7.9154992e+07 1.67e+00 1.41e+06  -1.0 5.47e+02    -  6.45e-03 4.75e-06f  2
  26  7.6431683e+07 1.67e+00 5.93e+06  -1.0 4.61e+02  -7.8 3.60e-02 1.58e-03f  1
  27r 7.6431683e+07 1.67e+00 1.00e+03   0.2 0.00e+00  -8.3 0.00e+00 2.56e-07R  5
  28r 7.6866656e+07 1.66e+00 9.92e+02   0.2 2.98e+00    -  9.90e-01 6.30e-03f  1
  29r 9.2834440e+07 9.47e-01 1.26e+02   0.2 2.00e+00    -  1.00e+00 8.73e-01f  1
iter    objective    inf_pr   inf_du lg(mu)  ||d||  lg(rg) alpha_du alpha_pr  ls
  30  9.2657943e+07 9.47e-01 9.94e+01  -1.0 3.69e+01    -  1.81e-02 7.47e-05f  1
  31  8.5421764e+07 9.44e-01 9.91e+01  -1.0 3.44e+01    -  2.35e-03 2.82e-03f  1
  32  8.4549033e+07 9.44e-01 1.03e+02  -1.0 6.54e+02    -  7.75e-05 3.29e-04f  1
  33  8.4460625e+07 9.44e-01 1.09e+04  -1.0 9.81e+02    -  2.07e-02 3.22e-05f  1
  34  8.4297810e+07 9.44e-01 1.14e+05  -1.0 3.40e+02  -8.8 8.72e-04 8.28e-05f  1
  35r 8.4297810e+07 9.44e-01 1.00e+03  -0.0 0.00e+00  -9.2 0.00e+00 6.32e-09R  2
  36r 8.4372971e+07 9.44e-01 9.97e+02  -0.0 4.36e-01    -  9.90e-01 1.84e-03f  1
  37r 9.3765294e+07 8.01e-01 1.16e-03  -0.0 2.79e-01    -  1.00e+00 1.00e+00f  1
  38  9.1815646e+07 8.01e-01 9.93e+01  -1.0 3.73e+01  -9.7 1.97e-02 8.23e-04f  1
  39  8.8552461e+07 8.00e-01 9.92e+01  -1.0 5.80e+02 -10.2 6.51e-04 1.17e-03f  1
iter    objective    inf_pr   inf_du lg(mu)  ||d||  lg(rg) alpha_du alpha_pr  ls
  40  8.8242590e+07 8.00e-01 2.29e+03  -1.0 9.98e+02    -  1.37e-02 1.08e-04f  1
  41  8.8184252e+07 8.00e-01 1.98e+06  -1.0 7.15e+02 -10.7 2.16e-02 2.50e-05f  1
  42r 8.8184252e+07 8.00e-01 1.00e+03  -0.1 0.00e+00 -11.2 0.00e+00 3.91e-08R  2
  43r 8.8221186e+07 8.00e-01 9.97e+02  -0.1 1.29e+00    -  9.90e-01 2.04e-03f  1
  44r 9.4191797e+07 7.71e-01 2.03e-03  -0.1 8.60e-01    -  9.98e-01 1.00e+00f  1
  45r 9.3379661e+07 7.77e-01 2.30e+01  -2.2 1.89e-01    -  6.29e-01 9.22e-01f  1
  46r 9.3089322e+07 7.78e-01 2.07e-01  -2.2 4.36e-01    -  9.94e-01 1.00e+00f  1
  47r 9.1059795e+07 7.93e-01 7.23e-02  -3.4 1.99e-01    -  8.83e-01 1.00e+00f  1
  48r 9.0296120e+07 7.96e-01 4.33e-09  -3.4 1.29e-02    -  1.00e+00 1.00e+00f  1
  49r 8.9278118e+07 7.99e-01 6.82e-04  -5.0 4.05e-02    -  9.85e-01 1.00e+00f  1

Number of Iterations....: 49

                                   (scaled)                 (unscaled)
Objective...............:   8.8880762656004044e+03    8.8880762656004041e+07
Dual infeasibility......:   1.0000000738149969e+02    1.0000000738149969e+06
Constraint violation....:   7.9917786010917835e-01    7.9917786010917835e-01
Variable bound violation:   1.1379809627953819e-07    1.1379809627953819e-07
Complementarity.........:   9.3826602715490929e-06    9.3826602715490925e-02
Overall NLP error.......:   1.0000000738149969e+02    1.0000000738149969e+06


Number of objective function evaluations             = 68
Number of objective gradient evaluations             = 37
Number of equality constraint evaluations            = 68
Number of inequality constraint evaluations          = 68
Number of equality constraint Jacobian evaluations   = 1
Number of inequality constraint Jacobian evaluations = 1
Number of Lagrangian Hessian evaluations             = 2
Total seconds in IPOPT                               = 0.387

EXIT: Converged to a point of local infeasibility. Problem may be infeasible.
