This is Ipopt version 3.14.19, running with linear solver ma57.

Number of nonzeros in equality constraint Jacobian...:    13682
Number of nonzeros in inequality constraint Jacobian.:     3120
Number of nonzeros in Lagrangian Hessian.............:      899

Total number of variables............................:     5539
                     variables with only lower bounds:        0
                variables with lower and upper bounds:     4303
                     variables with only upper bounds:        0
Total number of equality constraints.................:     3582
Total number of inequality constraints...............:     1560
        inequality constraints with only lower bounds:        0
   inequality constraints with lower and upper bounds:     1560
        inequality constraints with only upper bounds:        0

iter    objective    inf_pr   inf_du lg(mu)  ||d||  lg(rg) alpha_du alpha_pr  ls
   0  8.5809738e+06 1.88e+01 8.45e+01  -1.0 0.00e+00    -  0.00e+00 0.00e+00   0
   1  8.5805347e+06 1.88e+01 8.38e+01  -1.0 1.85e+01    -  1.33e-02 1.71e-05f  1
   2  6.5703567e+06 1.84e+01 8.38e+01  -1.0 6.48e+01    -  2.62e-03 1.86e-02f  1
   3  6.5499902e+06 1.74e+01 8.32e+01  -1.0 9.54e+01    -  1.58e-02 5.61e-02f  1
   4  5.7679567e+06 1.65e+01 7.99e+01  -1.0 4.14e+01    -  4.14e-02 5.29e-02f  1
   5  4.7343042e+06 1.36e+01 6.96e+01  -1.0 3.61e+01    -  1.36e-01 1.76e-01f  1
   6  2.6820649e+06 8.84e+00 3.75e+01  -1.0 1.15e+01  -4.0 4.46e-01 3.49e-01f  1
   7  1.5691289e+06 2.97e+00 1.18e+01  -1.0 4.70e+01    -  7.54e-01 6.64e-01f  1
   8  1.5577481e+06 2.89e+00 2.75e+01  -1.0 1.18e+01    -  1.82e-01 2.72e-02h  1
   9  1.5566547e+06 2.88e+00 3.22e+03  -1.0 2.68e+01    -  4.91e-01 2.00e-03h  1
iter    objective    inf_pr   inf_du lg(mu)  ||d||  lg(rg) alpha_du alpha_pr  ls
  10  1.5534269e+06 2.88e+00 1.50e+05  -1.0 9.78e+00    -  1.12e-01 2.37e-03h  1
  11  1.5532913e+06 2.88e+00 1.67e+08  -1.0 3.18e+01    -  7.80e-02 7.08e-05h  1
  12  1.3311307e+06 9.31e-01 1.82e+07  -1.0 2.58e+00  -4.5 9.52e-01 8.75e-01f  1
  13  1.3298492e+06 9.18e-01 1.22e+08  -1.0 3.39e-01  -5.0 9.95e-01 7.00e-02h  1
  14  1.3292542e+06 9.18e-01 1.23e+08  -1.0 3.29e-01  -5.4 1.22e-01 3.18e-03h  1
  15r 1.3292542e+06 9.18e-01 1.00e+03  -0.0 0.00e+00    -  0.00e+00 3.98e-07R  4
  16r 1.3546556e+06 9.17e-01 9.97e+02  -0.0 1.18e+02    -  4.10e-02 2.80e-03f  1
  17r 1.8198997e+06 9.11e-01 9.51e+02  -0.0 2.31e+00    -  7.28e-01 4.54e-02f  1
  18r 2.3674945e+07 8.10e-01 1.91e+02  -0.0 1.43e+00    -  4.47e-01 8.02e-01f  1
  19  2.1626167e+07 8.09e-01 9.80e+01  -1.0 1.46e+01  -5.9 2.72e-02 1.54e-03f  1
iter    objective    inf_pr   inf_du lg(mu)  ||d||  lg(rg) alpha_du alpha_pr  ls
  20  2.1545589e+07 8.08e-01 1.42e+04  -1.0 7.61e+00    -  9.22e-02 1.25e-04f  1
  21r 2.1545589e+07 8.08e-01 1.00e+03  -0.1 0.00e+00    -  0.00e+00 3.35e-07R  5
  22r 2.3189877e+07 8.07e-01 9.62e+02  -0.1 1.67e+00    -  5.93e-01 3.74e-02f  1
  23r 7.4987315e+07 7.72e-01 1.39e+02  -0.1 7.47e+00    -  9.86e-01 8.56e-01f  1
  24r 9.6997425e+07 7.66e-01 1.12e+01  -0.1 2.38e+00    -  9.46e-01 9.19e-01f  1
  25r 8.6588542e+07 7.72e-01 2.48e+01  -0.8 2.67e+00    -  5.83e-01 1.00e+00f  1
  26r 8.5055388e+07 7.73e-01 1.62e-06  -0.8 9.15e-01    -  1.00e+00 1.00e+00f  1
  27r 7.0572254e+07 7.84e-01 8.28e+00  -3.4 3.05e+00    -  4.69e-01 9.86e-01f  1
  28r 6.9680184e+07 7.85e-01 5.07e-01  -3.4 2.53e-01    -  9.42e-01 1.00e+00f  1
  29r 6.2123583e+07 7.93e-01 1.54e-01  -3.4 9.30e-01    -  6.96e-01 1.00e+00f  1
iter    objective    inf_pr   inf_du lg(mu)  ||d||  lg(rg) alpha_du alpha_pr  ls
  30r 5.4012527e+07 7.99e-01 9.78e-04  -3.4 8.37e-01    -  9.94e-01 1.00e+00f  1
  31r 4.0424789e+07 8.07e-01 1.59e-02  -5.0 1.20e+00    -  6.54e-01 1.00e+00f  1
  32r 3.8790392e+07 8.07e-01 1.86e-03  -5.0 9.16e-02    -  8.87e-01 1.00e+00f  1

Number of Iterations....: 32

                                   (scaled)                 (unscaled)
Objective...............:   3.4470597862999152e+03    3.4470597862999149e+07
Dual infeasibility......:   1.0000000580122091e+02    1.0000000580122091e+06
Constraint violation....:   8.0740254806921097e-01    8.0740254806921097e-01
Variable bound violation:   1.1355191986694990e-07    1.1355191986694990e-07
Complementarity.........:   1.8777004369326827e-05    1.8777004369326825e-01
Overall NLP error.......:   1.0000000580122091e+02    1.0000000580122091e+06


Number of objective function evaluations             = 43
Number of objective gradient evaluations             = 21
Number of equality constraint evaluations            = 43
Number of inequality constraint evaluations          = 43
Number of equality constraint Jacobian evaluations   = 1
Number of inequality constraint Jacobian evaluations = 1
Number of Lagrangian Hessian evaluations             = 2
Total seconds in IPOPT                               = 0.214

EXIT: Converged to a point of local infeasibility. Problem may be infeasible.
