This is Ipopt version 3.14.19, running with linear solver ma57.

Number of nonzeros in equality constraint Jacobian...:    13237
Number of nonzeros in inequality constraint Jacobian.:     3120
Number of nonzeros in Lagrangian Hessian.............:      454

Total number of variables............................:     5094
                     variables with only lower bounds:        0
                variables with lower and upper bounds:     3858
                     variables with only upper bounds:        0
Total number of equality constraints.................:     3582
Total number of inequality constraints...............:     1560
        inequality constraints with only lower bounds:        0
   inequality constraints with lower and upper bounds:     1560
        inequality constraints with only upper bounds:        0

iter    objective    inf_pr   inf_du lg(mu)  ||d||  lg(rg) alpha_du alpha_pr  ls
   0  8.9957832e+06 1.88e+01 7.99e+01  -1.0 0.00e+00    -  0.00e+00 0.00e+00   0
   1  8.9958167e+06 1.88e+01 7.94e+01  -1.0 8.18e+01    -  1.20e-02 1.63e-05f  1
   2  7.1554248e+06 1.84e+01 7.95e+01  -1.0 3.81e+01    -  1.79e-03 1.80e-02f  1
   3  6.9359435e+06 1.77e+01 7.86e+01  -1.0 6.30e+01    -  1.76e-02 4.13e-02f  1
   4  6.3364961e+06 1.66e+01 7.42e+01  -1.0 2.13e+02    -  5.56e-02 5.77e-02f  1
   5  4.9394818e+06 1.36e+01 5.66e+01  -1.0 7.27e+01    -  2.30e-01 1.84e-01f  1
   6  3.1663304e+06 9.29e+00 3.87e+01  -1.0 1.12e+01  -4.0 3.57e-01 3.15e-01f  1
   7  3.1486672e+06 9.24e+00 6.77e+01  -1.0 7.79e+00  -4.5 4.67e-02 5.38e-03f  1
   8  3.1470298e+06 9.24e+00 1.44e+03  -1.0 7.84e+00  -5.0 1.85e-02 3.24e-04h  1
   9  3.1439529e+06 9.24e+00 5.41e+04  -1.0 7.84e+00  -5.4 1.60e-02 4.11e-04h  1
iter    objective    inf_pr   inf_du lg(mu)  ||d||  lg(rg) alpha_du alpha_pr  ls
  10  3.1437225e+06 9.24e+00 4.02e+07  -1.0 7.84e+00  -5.9 1.96e-02 2.67e-05h  1
  11r 3.1437225e+06 9.24e+00 1.00e+03   1.0 0.00e+00  -6.4 0.00e+00 1.44e-07R  2
  12r 3.4714673e+06 7.57e+00 9.99e+02   1.0 1.20e+03    -  4.30e-03 1.44e-03f  1
  13  3.4713362e+06 7.57e+00 1.83e+03  -1.0 6.90e+00    -  1.64e-02 4.73e-06f  2
  14r 3.4713362e+06 7.57e+00 1.00e+03   0.9 0.00e+00    -  0.00e+00 2.83e-07R  6
  15r 4.5022548e+06 7.24e+00 1.00e+03   0.9 1.25e+03    -  3.91e-03 3.63e-04f  1
  16r 1.5292507e+07 7.24e+00 9.95e+02   0.9 1.05e+03    -  2.01e-03 4.55e-03f  1
  17r 2.1626951e+07 7.23e+00 9.91e+02   0.9 6.52e+02    -  9.66e-03 3.92e-03f  1
  18r 2.9550820e+07 7.22e+00 9.84e+02   0.9 2.56e+02    -  4.14e-02 6.68e-03f  1
  19r 4.1607693e+07 7.21e+00 9.67e+02   0.9 8.42e+01    -  3.58e-01 1.76e-02f  1
iter    objective    inf_pr   inf_du lg(mu)  ||d||  lg(rg) alpha_du alpha_pr  ls
  20r 8.8154584e+07 7.17e+00 6.24e+02   0.9 5.85e+00    -  9.91e-01 3.54e-01f  1
  21r 9.4417949e+07 6.87e+00 2.14e+01   0.2 9.35e-01    -  8.73e-01 1.00e+00f  1
  22r 9.4624620e+07 6.73e+00 1.70e+01  -0.5 6.23e-01    -  9.06e-01 1.00e+00f  1
  23  9.4115686e+07 6.73e+00 9.99e+01  -1.0 3.91e+01    -  2.93e-03 2.19e-04f  1
  24  9.4109332e+07 6.73e+00 1.28e+04  -1.0 3.88e+01    -  4.75e-03 2.72e-06f  2
  25  9.4107703e+07 6.73e+00 4.00e+07  -1.0 3.81e+01    -  8.72e-03 6.93e-07f  3
  26r 9.4107703e+07 6.73e+00 1.00e+03   0.8 0.00e+00    -  0.00e+00 2.61e-07R  4
  27r 9.4419214e+07 6.73e+00 9.96e+02   0.8 1.56e+01    -  6.47e-01 3.32e-03f  1
  28r 1.0926201e+08 6.07e+00 2.49e+02   0.8 6.30e+00    -  9.92e-01 7.50e-01f  1
  29r 1.0708292e+08 6.05e+00 2.44e+01   0.1 7.07e-01    -  6.66e-01 1.00e+00f  1
iter    objective    inf_pr   inf_du lg(mu)  ||d||  lg(rg) alpha_du alpha_pr  ls
  30r 1.0396046e+08 6.16e+00 5.70e+01  -0.6 2.46e+00    -  7.23e-01 1.00e+00f  1
  31r 1.0276440e+08 6.10e+00 2.69e-06  -0.6 1.01e+00    -  1.00e+00 1.00e+00f  1
  32r 9.9008986e+07 6.44e+00 7.88e+00  -2.0 1.51e+00    -  6.65e-01 1.00e+00f  1
  33r 9.8416898e+07 6.46e+00 1.08e-07  -2.0 2.06e-01    -  1.00e+00 1.00e+00f  1
  34r 9.5905382e+07 6.65e+00 2.34e-01  -4.4 5.99e-01    -  7.85e-01 1.00e+00f  1
  35r 9.5670937e+07 6.66e+00 1.76e-03  -4.4 3.61e-02    -  9.93e-01 1.00e+00f  1

Number of Iterations....: 35

                                   (scaled)                 (unscaled)
Objective...............:   9.4781196372181912e+03    9.4781196372181907e+07
Dual infeasibility......:   1.0000005595716215e+02    1.0000005595716215e+06
Constraint violation....:   6.7010944542714785e+00    6.7010944542714785e+00
Variable bound violation:   3.6390983559897450e-08    3.6390983559897450e-08
Complementarity.........:   5.5210091213023030e-05    5.5210091213023027e-01
Overall NLP error.......:   1.0000005595716215e+02    1.0000005595716215e+06


Number of objective function evaluations             = 53
Number of objective gradient evaluations             = 21
Number of equality constraint evaluations            = 53
Number of inequality constraint evaluations          = 53
Number of equality constraint Jacobian evaluations   = 1
Number of inequality constraint Jacobian evaluations = 1
Number of Lagrangian Hessian evaluations             = 2
Total seconds in IPOPT                               = 0.231

EXIT: Converged to a point of local infeasibility. Problem may be infeasible.
