This is Ipopt version 3.14.19, running with linear solver ma57.

Number of nonzeros in equality constraint Jacobian...:    13237
Number of nonzeros in inequality constraint Jacobian.:     3120
Number of nonzeros in Lagrangian Hessian.............:      454

Total number of variables............................:     5094
                     variables with only lower bounds:        0
                variables with lower and upper bounds:     3858
                     variables with only upper bounds:        0
Total number of equality constraints.................:     3582
Total number of inequality constraints...............:     1560
        inequality constraints with only lower bounds:        0
   inequality constraints with lower and upper bounds:     1560
        inequality constraints with only upper bounds:        0

iter    objective    inf_pr   inf_du lg(mu)  ||d||  lg(rg) alpha_du alpha_pr  ls
   0  9.2859294e+06 1.88e+01 8.12e+01  -1.0 0.00e+00    -  0.00e+00 0.00e+00   0
   1  9.2860223e+06 1.88e+01 8.08e+01  -1.0 1.10e+02    -  1.16e-02 1.74e-05f  1
   2  7.3197433e+06 1.84e+01 8.07e+01  -1.0 1.86e+01  -4.0 1.62e-03 1.77e-02f  1
   3  7.0823925e+06 1.77e+01 7.98e+01  -1.0 2.09e+02    -  1.73e-02 3.83e-02f  1
   4  6.4752918e+06 1.67e+01 7.50e+01  -1.0 1.45e+01    -  5.90e-02 5.77e-02f  1
   5  5.0263638e+06 1.36e+01 5.69e+01  -1.0 1.98e+01    -  2.63e-01 1.83e-01f  1
   6  3.2034140e+06 9.28e+00 3.87e+01  -1.0 3.00e+01    -  3.38e-01 3.20e-01f  1
   7  3.1850085e+06 9.23e+00 7.32e+01  -1.0 4.23e+01    -  5.51e-02 5.53e-03f  1
   8  3.1833158e+06 9.23e+00 2.31e+03  -1.0 2.25e+02    -  2.69e-02 3.28e-04h  1
   9  3.1802415e+06 9.23e+00 9.79e+04  -1.0 7.82e+00  -4.5 1.79e-02 4.10e-04h  1
iter    objective    inf_pr   inf_du lg(mu)  ||d||  lg(rg) alpha_du alpha_pr  ls
  10  3.1800608e+06 9.23e+00 1.41e+08  -1.0 7.81e+00  -5.0 3.04e-02 2.15e-05h  1
  11  2.8433532e+06 8.24e+00 2.58e+08  -1.0 1.71e+02    -  5.76e-01 1.07e-01f  1
  12r 2.8433532e+06 8.24e+00 1.00e+03   0.9 0.00e+00    -  0.00e+00 7.66e-08R  2
  13r 3.0613668e+06 6.72e+00 9.98e+02   0.9 1.31e+03    -  5.16e-03 1.62e-03f  1
  14r 3.0613668e+06 6.72e+00 9.99e+02   0.8 0.00e+00    -  0.00e+00 2.93e-07R  6
  15r 3.0652193e+06 6.72e+00 9.99e+02   0.8 1.16e+03    -  1.91e-03 6.01e-07f  1
  16r 2.0464048e+07 6.76e+00 9.95e+02   0.8 1.07e+03    -  2.05e-03 3.81e-03f  1
  17r 2.7758119e+07 6.76e+00 9.92e+02   0.8 6.55e+02    -  2.38e-02 3.49e-03f  1
  18r 4.2171577e+07 6.75e+00 9.78e+02   0.8 1.75e+02    -  9.39e-02 1.42e-02f  1
  19r 6.3400718e+07 6.72e+00 9.24e+02   0.8 1.12e+01    -  6.99e-01 5.47e-02f  1
iter    objective    inf_pr   inf_du lg(mu)  ||d||  lg(rg) alpha_du alpha_pr  ls
  20r 9.7684053e+07 6.19e+00 4.65e+02   0.8 5.36e+00    -  9.59e-01 4.97e-01f  1
  21r 1.0207918e+08 6.08e+00 4.51e+01   0.1 1.29e+00    -  6.79e-01 9.44e-01f  1
  22r 1.0022997e+08 6.16e+00 2.19e+01  -0.6 1.84e+00    -  8.85e-01 9.57e-01f  1
  23r 1.0301479e+08 6.08e+00 2.69e-06  -0.6 6.43e-01    -  1.00e+00 1.00e+00f  1
  24r 9.6660317e+07 6.43e+00 8.99e+00  -3.0 1.88e+00    -  6.16e-01 9.78e-01f  1
  25r 9.5968237e+07 6.45e+00 3.66e-01  -3.0 2.34e-01    -  9.63e-01 1.00e+00f  1
  26r 9.2433426e+07 6.56e+00 1.11e-08  -3.0 5.13e-01    -  1.00e+00 1.00e+00f  1
  27r 8.7269987e+07 6.68e+00 3.34e-02  -4.4 5.04e-01    -  6.91e-01 1.00e+00f  1
  28r 8.6650510e+07 6.69e+00 3.72e-10  -4.4 2.34e-02    -  1.00e+00 1.00e+00f  1
  29r 8.3146094e+07 6.71e+00 3.22e-03  -5.0 1.69e-01    -  9.99e-01 1.00e+00f  1

Number of Iterations....: 29

                                   (scaled)                 (unscaled)
Objective...............:   8.2743442451104329e+03    8.2743442451104328e+07
Dual infeasibility......:   1.0000000289753174e+02    1.0000000289753175e+06
Constraint violation....:   6.7060880239568821e+00    6.7060880239568821e+00
Variable bound violation:   6.4642492247912742e-08    6.4642492247912742e-08
Complementarity.........:   1.1551344941686302e-05    1.1551344941686301e-01
Overall NLP error.......:   1.0000000289753174e+02    1.0000000289753175e+06


Number of objective function evaluations             = 39
Number of objective gradient evaluations             = 16
Number of equality constraint evaluations            = 39
Number of inequality constraint evaluations          = 39
Number of equality constraint Jacobian evaluations   = 1
Number of inequality constraint Jacobian evaluations = 1
Number of Lagrangian Hessian evaluations             = 2
Total seconds in IPOPT                               = 0.194

EXIT: Converged to a point of local infeasibility. Problem may be infeasible.
