This is Ipopt version 3.14.19, running with linear solver ma57.

Number of nonzeros in equality constraint Jacobian...:    13682
Number of nonzeros in inequality constraint Jacobian.:     3120
Number of nonzeros in Lagrangian Hessian.............:      899

Total number of variables............................:     5539
                     variables with only lower bounds:        0
                variables with lower and upper bounds:     4303
                     variables with only upper bounds:        0
Total number of equality constraints.................:     3582
Total number of inequality constraints...............:     1560
        inequality constraints with only lower bounds:        0
   inequality constraints with lower and upper bounds:     1560
        inequality constraints with only upper bounds:        0

iter    objective    inf_pr   inf_du lg(mu)  ||d||  lg(rg) alpha_du alpha_pr  ls
   0  1.6933778e+07 1.50e+01 8.48e+01  -1.0 0.00e+00    -  0.00e+00 0.00e+00   0
   1  1.6933516e+07 1.50e+01 8.44e+01  -1.0 2.74e+01    -  1.06e-02 2.58e-05f  1
   2  1.3993254e+07 1.48e+01 8.44e+01  -1.0 2.01e+02    -  1.25e-03 1.69e-02f  1
   3  1.3744990e+07 1.43e+01 8.37e+01  -1.0 5.59e+01    -  1.23e-02 3.19e-02f  1
   4  1.2739954e+07 1.36e+01 8.09e+01  -1.0 6.53e+01    -  3.54e-02 4.78e-02f  1
   5  1.0970130e+07 1.20e+01 6.94e+01  -1.0 4.82e+01    -  1.39e-01 1.17e-01f  1
   6  6.1800577e+06 7.47e+00 5.02e+01  -1.0 1.50e+01  -4.0 2.93e-01 3.78e-01f  1
   7  6.0511979e+06 7.33e+00 5.88e+01  -1.0 9.98e+00  -4.5 1.78e-01 1.91e-02f  1
   8  6.0476342e+06 7.33e+00 3.04e+03  -1.0 1.00e+01  -5.0 6.82e-02 4.37e-04h  1
   9  6.0428572e+06 7.32e+00 1.85e+05  -1.0 6.63e+01    -  2.71e-02 4.13e-04h  1
iter    objective    inf_pr   inf_du lg(mu)  ||d||  lg(rg) alpha_du alpha_pr  ls
  10  6.0393554e+06 7.32e+00 2.09e+08  -1.0 1.05e+01  -5.4 5.41e-01 4.83e-04h  1
  11r 6.0393554e+06 7.32e+00 1.00e+03   0.9 0.00e+00    -  0.00e+00 1.78e-07R  2
  12r 6.1487966e+06 7.17e+00 9.99e+02   0.9 2.75e+03    -  2.48e-03 3.62e-04f  1
  13r 6.8134036e+06 7.15e+00 9.96e+02   0.9 1.93e+03    -  6.38e-03 3.25e-03f  1
  14r 6.9802961e+06 7.14e+00 9.92e+02   0.9 4.24e+02    -  1.50e-02 4.01e-03f  1
  15r 7.8026010e+06 7.11e+00 9.80e+02   0.9 1.16e+02    -  3.62e-02 1.21e-02f  1
  16r 1.1857443e+07 7.07e+00 9.40e+02   0.9 4.42e+01    -  1.98e-01 4.05e-02f  1
  17r 2.2875500e+07 7.06e+00 8.72e+02   0.9 1.19e+01    -  5.24e-01 7.23e-02f  1
  18r 7.2608675e+07 7.05e+00 6.52e+02   0.9 1.50e+01    -  3.64e-01 2.52e-01f  1
  19r 1.7493896e+08 7.02e+00 1.36e+02   0.9 7.98e+00    -  9.94e-01 7.92e-01f  1
iter    objective    inf_pr   inf_du lg(mu)  ||d||  lg(rg) alpha_du alpha_pr  ls
  20r 1.7677947e+08 6.88e+00 6.61e+01  -0.5 8.89e-01    -  4.76e-01 8.21e-01f  1
  21r 1.7685695e+08 6.68e+00 2.28e+01  -0.5 2.18e+00    -  9.03e-01 1.00e+00f  1
  22r 1.8083781e+08 6.16e+00 2.93e-06  -0.5 1.23e+00    -  1.00e+00 1.00e+00f  1
  23  1.7988821e+08 6.16e+00 9.97e+01  -1.0 8.06e+01  -5.9 1.40e-02 2.05e-04f  1
  24  1.7987838e+08 6.16e+00 1.90e+05  -1.0 8.20e+01  -6.4 1.16e-02 2.18e-06f  2
  25  1.7987368e+08 6.16e+00 8.81e+07  -1.0 7.09e+02  -6.9 1.01e-03 1.07e-06f  2
  26r 1.7987368e+08 6.16e+00 1.00e+03   0.8 0.00e+00    -  0.00e+00 2.71e-07R  3
  27r 1.8029452e+08 6.14e+00 9.73e+02   0.8 6.23e+00    -  9.62e-01 2.62e-02f  1
  28r 1.8984190e+08 4.30e+00 6.16e-05   0.8 3.06e+00    -  1.00e+00 1.00e+00f  1
  29r 1.8958240e+08 4.94e+00 2.87e+01  -1.3 7.72e-01    -  6.34e-01 8.42e-01f  1
iter    objective    inf_pr   inf_du lg(mu)  ||d||  lg(rg) alpha_du alpha_pr  ls
  30r 1.8870665e+08 5.04e+00 5.04e+01  -1.3 1.09e+00    -  6.85e-01 1.00e+00f  1
  31r 1.8738650e+08 5.25e+00 3.44e+00  -1.3 1.02e+00    -  9.25e-01 1.00e+00f  1
  32  1.8722007e+08 5.25e+00 3.55e+02  -1.0 8.19e+01  -7.3 1.18e-02 3.51e-05f  1
  33r 1.8722007e+08 5.25e+00 9.99e+02   0.7 0.00e+00  -7.8 0.00e+00 2.02e-07R  2
  34r 1.8722384e+08 5.24e+00 9.95e+02   0.7 3.35e+00    -  9.91e-01 3.92e-03f  1
  35r 1.8791655e+08 3.79e+00 5.25e-05   0.7 1.84e+00    -  1.00e+00 1.00e+00f  1
  36r 1.8808898e+08 4.13e+00 1.45e+01  -1.4 4.09e-01    -  7.37e-01 8.36e-01f  1
  37r 1.8763963e+08 4.22e+00 1.53e+01  -1.4 7.78e-01    -  8.79e-01 1.00e+00f  1
  38r 1.8729691e+08 4.55e+00 4.20e-07  -1.4 4.98e-01    -  1.00e+00 1.00e+00f  1
  39r 1.8729094e+08 5.02e+00 3.99e-01  -3.1 4.72e-01    -  8.51e-01 1.00e+00f  1
iter    objective    inf_pr   inf_du lg(mu)  ||d||  lg(rg) alpha_du alpha_pr  ls
  40r 1.8729253e+08 5.09e+00 7.69e-09  -3.1 6.81e-02    -  1.00e+00 1.00e+00f  1
  41r 1.8724483e+08 5.22e+00 3.03e-03  -4.7 1.35e-01    -  9.39e-01 1.00e+00f  1

Number of Iterations....: 41

                                   (scaled)                 (unscaled)
Objective...............:   1.8723307388686590e+04    1.8723307388686588e+08
Dual infeasibility......:   1.0000000401091685e+02    1.0000000401091685e+06
Constraint violation....:   5.2301559284945398e+00    5.2301559284945398e+00
Variable bound violation:   5.2415026097207829e-08    5.2415026097207829e-08
Complementarity.........:   2.2177784110860786e-05    2.2177784110860785e-01
Overall NLP error.......:   1.0000000401091685e+02    1.0000000401091685e+06


Number of objective function evaluations             = 52
Number of objective gradient evaluations             = 21
Number of equality constraint evaluations            = 52
Number of inequality constraint evaluations          = 52
Number of equality constraint Jacobian evaluations   = 1
Number of inequality constraint Jacobian evaluations = 1
Number of Lagrangian Hessian evaluations             = 2
Total seconds in IPOPT                               = 0.252

EXIT: Converged to a point of local infeasibility. Problem may be infeasible.
