This is Ipopt version 3.14.19, running with linear solver ma57.

Number of nonzeros in equality constraint Jacobian...:    13682
Number of nonzeros in inequality constraint Jacobian.:     3120
Number of nonzeros in Lagrangian Hessian.............:      899

Total number of variables............................:     5539
                     variables with only lower bounds:        0
                variables with lower and upper bounds:     4303
                     variables with only upper bounds:        0
Total number of equality constraints.................:     3582
Total number of inequality constraints...............:     1560
        inequality constraints with only lower bounds:        0
   inequality constraints with lower and upper bounds:     1560
        inequality constraints with only upper bounds:        0

iter    objective    inf_pr   inf_du lg(mu)  ||d||  lg(rg) alpha_du alpha_pr  ls
   0  1.3859117e+07 1.50e+01 8.46e+01  -1.0 0.00e+00    -  0.00e+00 0.00e+00   0
   1  1.3859169e+07 1.50e+01 8.42e+01  -1.0 2.10e+01    -  1.07e-02 2.43e-05f  1
   2  1.1036387e+07 1.48e+01 8.42e+01  -1.0 1.94e+01  -4.0 1.62e-03 1.61e-02f  1
   3  1.0939383e+07 1.42e+01 8.35e+01  -1.0 1.62e+01    -  1.37e-02 3.72e-02f  1
   4  9.9795612e+06 1.36e+01 8.00e+01  -1.0 1.56e+01  -4.5 4.27e-02 4.75e-02f  1
   5  8.3283798e+06 1.15e+01 6.52e+01  -1.0 1.48e+01    -  1.79e-01 1.48e-01f  1
   6  4.7853996e+06 7.39e+00 4.66e+01  -1.0 5.05e+01    -  2.97e-01 3.60e-01f  1
   7  4.7521118e+06 7.34e+00 5.25e+01  -1.0 4.08e+01    -  4.57e-02 6.40e-03f  1
   8  4.7494137e+06 7.34e+00 2.70e+03  -1.0 9.06e+00  -5.0 6.79e-02 4.15e-04h  1
   9  4.7448581e+06 7.34e+00 1.68e+05  -1.0 9.34e+00  -5.4 3.13e-02 4.90e-04h  1
iter    objective    inf_pr   inf_du lg(mu)  ||d||  lg(rg) alpha_du alpha_pr  ls
  10  4.7425399e+06 7.33e+00 2.21e+08  -1.0 9.44e+00    -  5.56e-01 4.24e-04h  1
  11r 4.7425399e+06 7.33e+00 1.00e+03   0.9 0.00e+00    -  0.00e+00 1.01e-07R  2
  12r 4.8596180e+06 7.18e+00 9.99e+02   0.9 2.62e+03    -  2.91e-03 4.80e-04f  1
  13r 5.4281740e+06 7.17e+00 9.95e+02   0.9 1.77e+03    -  1.40e-02 3.39e-03f  1
  14r 5.8076056e+06 7.15e+00 9.89e+02   0.9 3.11e+02    -  1.96e-02 6.70e-03f  1
  15r 7.0507283e+06 7.13e+00 9.73e+02   0.9 1.11e+02    -  2.73e-02 1.54e-02f  1
  16r 1.1022776e+07 7.09e+00 9.35e+02   0.9 3.90e+01    -  3.91e-02 3.97e-02f  1
  17r 1.9410105e+07 7.07e+00 8.56e+02   0.9 1.16e+01    -  4.91e-01 8.46e-02f  1
  18r 7.0022684e+07 7.06e+00 6.31e+02   0.9 1.17e+01    -  4.46e-01 2.62e-01f  1
  19r 9.2811677e+07 7.03e+00 1.42e+02   0.2 1.12e+00    -  5.18e-01 7.74e-01f  1
iter    objective    inf_pr   inf_du lg(mu)  ||d||  lg(rg) alpha_du alpha_pr  ls
  20r 1.3422920e+08 7.02e+00 1.88e+00   0.2 3.33e+00    -  9.92e-01 1.00e+00f  1
  21r 1.3967055e+08 6.96e+00 1.71e+01  -1.2 1.26e+00    -  7.01e-01 9.60e-01f  1
  22r 1.4646631e+08 6.85e+00 5.87e-07  -1.2 3.19e-01    -  1.00e+00 1.00e+00f  1
  23r 1.4790332e+08 6.95e+00 8.57e-01  -2.9 1.08e+00    -  7.28e-01 1.00e+00f  1
  24r 1.4974125e+08 6.93e+00 1.27e-08  -2.9 1.09e-01    -  1.00e+00 1.00e+00f  1
  25r 1.4794325e+08 7.00e+00 4.27e-02  -4.3 3.93e-01    -  7.49e-01 1.00e+00f  1
  26r 1.4828982e+08 7.00e+00 4.53e-10  -4.3 2.93e-02    -  1.00e+00 1.00e+00f  1
  27r 1.4508378e+08 7.02e+00 5.39e-03  -5.0 1.35e-01    -  9.22e-01 1.00e+00f  1

Number of Iterations....: 27

                                   (scaled)                 (unscaled)
Objective...............:   1.4516224481960380e+04    1.4516224481960380e+08
Dual infeasibility......:   1.0000000316353048e+02    1.0000000316353048e+06
Constraint violation....:   7.0194326439422792e+00    7.0194326439422792e+00
Variable bound violation:   6.4642491359734322e-08    6.4642491359734322e-08
Complementarity.........:   1.4007272089767212e-05    1.4007272089767211e-01
Overall NLP error.......:   1.0000000316353048e+02    1.0000000316353048e+06


Number of objective function evaluations             = 31
Number of objective gradient evaluations             = 13
Number of equality constraint evaluations            = 31
Number of inequality constraint evaluations          = 31
Number of equality constraint Jacobian evaluations   = 1
Number of inequality constraint Jacobian evaluations = 1
Number of Lagrangian Hessian evaluations             = 2
Total seconds in IPOPT                               = 0.161

EXIT: Converged to a point of local infeasibility. Problem may be infeasible.
