This is Ipopt version 3.14.19, running with linear solver ma57.

Number of nonzeros in equality constraint Jacobian...:    13237
Number of nonzeros in inequality constraint Jacobian.:     3120
Number of nonzeros in Lagrangian Hessian.............:      454

Total number of variables............................:     5094
                     variables with only lower bounds:        0
                variables with lower and upper bounds:     3858
                     variables with only upper bounds:        0
Total number of equality constraints.................:     3582
Total number of inequality constraints...............:     1560
        inequality constraints with only lower bounds:        0
   inequality constraints with lower and upper bounds:     1560
        inequality constraints with only upper bounds:        0

iter    objective    inf_pr   inf_du lg(mu)  ||d||  lg(rg) alpha_du alpha_pr  ls
   0  8.3696647e+06 1.88e+01 7.99e+01  -1.0 0.00e+00    -  0.00e+00 0.00e+00   0
   1  8.3696134e+06 1.88e+01 7.94e+01  -1.0 7.99e+01    -  1.24e-02 1.59e-05f  1
   2  6.5848167e+06 1.84e+01 7.94e+01  -1.0 1.78e+01  -4.0 1.90e-03 1.84e-02f  1
   3  6.3833134e+06 1.76e+01 7.86e+01  -1.0 1.49e+01  -4.5 1.76e-02 4.38e-02f  1
   4  5.8157382e+06 1.66e+01 7.45e+01  -1.0 1.39e+01  -5.0 5.34e-02 5.79e-02f  1
   5  4.5756387e+06 1.36e+01 5.79e+01  -1.0 1.35e+01    -  2.15e-01 1.83e-01f  1
   6  2.9556251e+06 9.30e+00 3.88e+01  -1.0 1.13e+01  -5.4 3.68e-01 3.14e-01f  1
   7  2.9395547e+06 9.25e+00 6.88e+01  -1.0 1.96e+02    -  4.77e-02 5.36e-03f  1
   8  2.9380173e+06 9.24e+00 1.66e+03  -1.0 4.15e+01    -  2.05e-02 3.19e-04h  1
   9  2.9350613e+06 9.24e+00 6.06e+04  -1.0 7.91e+00  -5.9 1.54e-02 4.07e-04h  1
iter    objective    inf_pr   inf_du lg(mu)  ||d||  lg(rg) alpha_du alpha_pr  ls
  10  2.9348514e+06 9.24e+00 4.98e+07  -1.0 5.99e+01    -  2.05e-02 2.54e-05h  1
  11r 2.9348514e+06 9.24e+00 1.00e+03   1.0 0.00e+00    -  0.00e+00 1.36e-07R  2
  12r 3.1090234e+06 8.31e+00 9.99e+02   1.0 1.15e+03    -  4.54e-03 8.14e-04f  1
  13  3.1089988e+06 8.31e+00 3.07e+03  -1.0 7.00e+00  -6.4 1.59e-02 1.37e-06f  3
  14r 3.1089988e+06 8.31e+00 1.00e+03   0.9 0.00e+00  -6.9 0.00e+00 2.57e-07R  5
  15r 3.7753825e+06 8.10e+00 1.00e+03   0.9 1.05e+03    -  3.80e-03 2.10e-04f  1
  16r 1.5336531e+07 7.24e+00 9.95e+02   0.9 9.36e+02    -  1.55e-03 4.48e-03f  1
  17  1.5312520e+07 7.24e+00 1.78e+02  -1.0 6.50e+01  -7.3 5.24e-03 3.10e-05f  1
  18r 1.5312520e+07 7.24e+00 9.99e+02   0.9 0.00e+00  -7.8 0.00e+00 1.94e-07R  2
  19r 1.5988156e+07 7.24e+00 9.99e+02   0.9 8.14e+02    -  1.56e-02 2.39e-04f  1
iter    objective    inf_pr   inf_du lg(mu)  ||d||  lg(rg) alpha_du alpha_pr  ls
  20r 2.8201540e+07 7.23e+00 9.88e+02   0.9 3.55e+02    -  7.27e-02 1.04e-02f  1
  21r 3.6791100e+07 7.22e+00 9.66e+02   0.9 7.87e+01    -  2.95e-01 2.21e-02f  1
  22r 8.9508844e+07 7.19e+00 6.59e+02   0.9 9.93e+00    -  9.91e-01 3.18e-01f  1
  23r 9.4568977e+07 6.90e+00 2.77e+01   0.2 1.18e+00    -  7.28e-01 9.89e-01f  1
  24r 9.3626268e+07 6.80e+00 2.35e+01  -0.5 1.03e+00    -  8.85e-01 1.00e+00f  1
  25r 9.5449824e+07 6.46e+00 2.90e-06  -0.5 8.68e-01    -  1.00e+00 1.00e+00f  1
  26  9.5050182e+07 6.46e+00 9.99e+01  -1.0 4.03e+01    -  5.16e-03 1.74e-04f  1
  27  9.5044669e+07 6.46e+00 4.35e+04  -1.0 3.94e+01  -8.3 6.58e-03 2.35e-06f  2
  28  9.4946670e+07 6.46e+00 1.97e+06  -1.0 4.72e+01  -8.8 9.17e-03 4.15e-05f  1
  29  8.6456537e+07 6.44e+00 1.41e+06  -1.0 7.15e+02  -9.2 6.31e-04 3.26e-03f  1
iter    objective    inf_pr   inf_du lg(mu)  ||d||  lg(rg) alpha_du alpha_pr  ls
  30  7.6109268e+07 6.43e+00 4.08e+06  -1.0 7.85e+02    -  1.31e-02 4.10e-03f  1
  31  3.1980066e+07 6.34e+00 4.17e+06  -1.0 5.30e+02  -9.7 2.29e-02 2.25e-02f  1
  32  9.8613141e+06 6.19e+00 4.08e+07  -1.0 3.22e+01    -  1.24e-01 3.67e-02f  1
  33  4.7671604e+06 5.77e+00 9.67e+07  -1.0 1.71e+02    -  2.68e-01 1.10e-01f  1
  34  4.7404380e+06 5.77e+00 2.47e+08  -1.0 1.38e+02 -10.2 4.62e-01 1.37e-03f  1
  35  1.8800027e+06 3.51e+00 9.13e+07  -1.0 7.61e+00 -10.7 7.19e-01 6.68e-01f  1
  36  1.5269949e+06 2.79e+00 1.48e+08  -1.0 2.72e+00 -11.2 9.90e-01 6.44e-01f  1
  37  1.3871154e+06 2.39e+00 7.96e-08  -1.0 1.02e+00    -  1.00e+00 1.00e+00f  1
  38  1.3746531e+06 2.39e+00 9.30e-08  -1.0 6.79e-01    -  1.00e+00 1.00e+00h  1
  39  1.3731031e+06 2.39e+00 2.38e-07  -1.0 2.17e-02 -11.6 1.00e+00 1.00e+00s 22
iter    objective    inf_pr   inf_du lg(mu)  ||d||  lg(rg) alpha_du alpha_pr  ls
  40  1.3730658e+06 2.39e+00 4.77e-07  -1.0 1.44e-01    -  1.00e+00 1.00e+00s 22
  41  1.3730657e+06 2.39e+00 3.16e-07  -1.0 1.10e-01    -  1.00e+00 1.00e+00s 22
  42  1.3730657e+06 2.39e+00 2.99e-07  -1.0 7.18e-03    -  1.00e+00 1.00e+00s 22
  43  1.3730657e+06 2.39e+00 2.77e-07  -1.0 1.08e-01    -  1.00e+00 1.00e+00s 22
  44r 1.3730657e+06 2.39e+00 1.00e+03   0.4 0.00e+00 -12.1 0.00e+00 0.00e+00R  1
  45r 6.1485073e+06 2.61e+00 8.15e+02   0.4 5.85e+00    -  3.94e-01 1.85e-01f  1
  46r 2.7135323e+07 3.16e+00 2.57e+02   0.4 8.25e+00    -  4.94e-01 7.11e-01f  1
  47r 5.9464416e+07 3.29e+00 2.39e-05   0.4 7.06e+00    -  1.00e+00 1.00e+00f  1
  48r 5.6178882e+07 3.19e+00 6.01e+01  -1.0 3.54e+00    -  4.64e-01 8.60e-01f  1
  49r 5.8839490e+07 3.16e+00 1.69e+01  -1.0 3.91e-01    -  8.74e-01 1.00e+00f  1
iter    objective    inf_pr   inf_du lg(mu)  ||d||  lg(rg) alpha_du alpha_pr  ls
  50r 6.7376238e+07 3.08e+00 9.54e-07  -1.0 1.55e+00    -  1.00e+00 1.00e+00f  1
  51r 5.4505134e+07 2.85e+00 3.99e+00  -2.6 2.91e+00    -  5.91e-01 1.00e+00f  1
  52r 5.3267647e+07 2.81e+00 1.92e-01  -2.6 2.36e-01    -  9.53e-01 1.00e+00f  1
  53r 4.8506077e+07 2.68e+00 2.64e-08  -2.6 8.47e-01    -  1.00e+00 1.00e+00f  1
  54r 3.5124435e+07 2.49e+00 7.81e-02  -5.0 1.71e+00    -  7.25e-01 1.00e+00f  1
  55r 3.4262139e+07 2.47e+00 3.84e-03  -5.0 6.36e-02    -  9.53e-01 1.00e+00f  1
  56r 2.7546155e+07 2.42e+00 6.46e-04  -5.0 5.11e-01    -  8.35e-01 1.00e+00f  1

Number of Iterations....: 56

                                   (scaled)                 (unscaled)
Objective...............:   2.1644674623666701e+03    2.1644674623666700e+07
Dual infeasibility......:   9.9999999999987949e+01    9.9999999999987951e+05
Constraint violation....:   2.4098854983951616e+00    2.4098854983951616e+00
Variable bound violation:   6.4642491359734322e-08    6.4642491359734322e-08
Complementarity.........:   1.3148837151496183e-05    1.3148837151496182e-01
Overall NLP error.......:   9.9999999999987949e+01    9.9999999999987951e+05


Number of objective function evaluations             = 92
Number of objective gradient evaluations             = 39
Number of equality constraint evaluations            = 92
Number of inequality constraint evaluations          = 92
Number of equality constraint Jacobian evaluations   = 1
Number of inequality constraint Jacobian evaluations = 1
Number of Lagrangian Hessian evaluations             = 2
Total seconds in IPOPT                               = 0.458

EXIT: Converged to a point of local infeasibility. Problem may be infeasible.
