This is Ipopt version 3.14.19, running with linear solver ma57.

Number of nonzeros in equality constraint Jacobian...:    13682
Number of nonzeros in inequality constraint Jacobian.:     3120
Number of nonzeros in Lagrangian Hessian.............:      899

Total number of variables............................:     5539
                     variables with only lower bounds:        0
                variables with lower and upper bounds:     4303
                     variables with only upper bounds:        0
Total number of equality constraints.................:     3582
Total number of inequality constraints...............:     1560
        inequality constraints with only lower bounds:        0
   inequality constraints with lower and upper bounds:     1560
        inequality constraints with only upper bounds:        0

iter    objective    inf_pr   inf_du lg(mu)  ||d||  lg(rg) alpha_du alpha_pr  ls
   0  1.5491334e+07 1.50e+01 8.45e+01  -1.0 0.00e+00    -  0.00e+00 0.00e+00   0
   1  1.5491050e+07 1.50e+01 8.42e+01  -1.0 1.69e+01    -  1.07e-02 2.35e-05f  1
   2  1.2783908e+07 1.48e+01 8.41e+01  -1.0 1.29e+02    -  1.17e-03 1.74e-02f  1
   3  1.2619203e+07 1.43e+01 8.35e+01  -1.0 1.96e+01    -  1.14e-02 3.12e-02f  1
   4  1.1749514e+07 1.36e+01 8.10e+01  -1.0 1.86e+01  -4.0 3.18e-02 4.63e-02f  1
   5  1.0270667e+07 1.22e+01 7.20e+01  -1.0 4.27e+01    -  1.11e-01 1.09e-01f  1
   6  6.4026140e+06 8.30e+00 4.88e+01  -1.0 3.73e+01    -  3.22e-01 3.18e-01f  1
   7  4.2753818e+06 5.53e+00 2.74e+01  -1.0 3.11e+01    -  5.96e-01 3.34e-01f  1
   8  4.2528940e+06 5.50e+00 5.06e+02  -1.0 1.61e+01    -  7.80e-01 5.03e-03f  1
   9  4.2478591e+06 5.50e+00 6.08e+03  -1.0 1.36e+01  -4.5 7.23e-03 5.69e-04h  1
iter    objective    inf_pr   inf_du lg(mu)  ||d||  lg(rg) alpha_du alpha_pr  ls
  10  4.2468410e+06 5.50e+00 5.10e+05  -1.0 8.78e+01    -  8.71e-03 1.11e-04h  1
  11  4.2300356e+06 5.48e+00 1.29e+08  -1.0 1.36e+01  -5.0 8.55e-01 3.38e-03f  1
  12  1.4475590e+06 1.26e+00 1.88e+07  -1.0 1.03e+02    -  8.81e-01 8.58e-01f  1
  13  1.2987603e+06 8.52e-01 3.82e-08  -1.0 3.92e+01    -  1.00e+00 1.00e+00f  1
  14  1.2987551e+06 8.52e-01 8.32e-08  -1.7 2.00e+00    -  5.59e-06 5.59e-06s  5
  15  3.9634103e+05 8.52e-01 2.26e+08  -1.7 9.51e-01    -  1.00e+00 0.00e+00S  5
  16  3.4152877e+05 8.52e-01 7.84e-08  -1.7 1.77e+00    -  1.00e+00 1.00e+00f  1
  17  3.4042803e+05 8.52e-01 7.73e-08  -1.7 2.74e-02    -  1.00e+00 1.00e+00s 22
  18  3.4041276e+05 8.52e-01 1.80e-07  -1.7 3.61e-02    -  1.00e+00 1.00e+00s 22
  19r 3.4041276e+05 8.52e-01 1.00e+03  -0.1 0.00e+00    -  0.00e+00 0.00e+00R  1
iter    objective    inf_pr   inf_du lg(mu)  ||d||  lg(rg) alpha_du alpha_pr  ls
  20r 1.6377463e+06 8.54e-01 9.01e+02  -0.1 2.56e+01    -  9.54e-01 9.79e-02f  1
  21r 3.4920039e+07 8.63e-01 5.94e+02  -0.1 1.42e+01    -  2.50e-01 3.41e-01f  1
  22r 7.8392193e+07 8.73e-01 2.57e+02  -0.1 1.21e+01    -  5.21e-01 5.68e-01f  1
  23r 1.1382379e+08 8.77e-01 7.85e+01  -0.1 6.78e+00    -  1.00e+00 6.94e-01f  1
  24r 1.3273718e+08 8.79e-01 8.52e-06  -0.1 1.72e+00    -  1.00e+00 1.00e+00f  1
  25r 1.1137309e+08 8.72e-01 1.33e+01  -2.2 4.32e+00    -  4.83e-01 9.72e-01f  1
  26r 1.0923882e+08 8.71e-01 6.10e+00  -2.2 5.69e-01    -  9.07e-01 1.00e+00f  1
  27r 9.6485017e+07 8.69e-01 3.21e+00  -2.2 2.48e+00    -  5.44e-01 1.00e+00f  1
  28r 8.4334555e+07 8.68e-01 4.61e-01  -2.2 3.33e+00    -  8.84e-01 1.00e+00f  1
  29r 7.3665356e+07 8.68e-01 6.29e-08  -2.2 1.23e+00    -  1.00e+00 1.00e+00f  1
iter    objective    inf_pr   inf_du lg(mu)  ||d||  lg(rg) alpha_du alpha_pr  ls
  30r 5.0901239e+07 8.65e-01 6.79e-01  -5.0 3.68e+00    -  4.88e-01 1.00e+00f  1
  31r 5.0092539e+07 8.65e-01 8.84e-02  -5.0 1.44e-01    -  9.52e-01 1.00e+00f  1
  32r 4.1671896e+07 8.63e-01 1.89e-02  -5.0 9.74e-01    -  8.19e-01 1.00e+00f  1
  33r 3.1694654e+07 8.60e-01 3.34e-03  -5.0 9.39e-01    -  8.98e-01 1.00e+00f  1

Number of Iterations....: 33

                                   (scaled)                 (unscaled)
Objective...............:   2.5832865791432782e+03    2.5832865791432779e+07
Dual infeasibility......:   9.9999999999988475e+01    9.9999999999988475e+05
Constraint violation....:   8.5672482713755960e-01    8.5672482713755960e-01
Variable bound violation:   6.2606227757555644e-08    6.2606227757555644e-08
Complementarity.........:   1.5489376196839868e-05    1.5489376196839866e-01
Overall NLP error.......:   9.9999999999988475e+01    9.9999999999988475e+05


Number of objective function evaluations             = 61
Number of objective gradient evaluations             = 21
Number of equality constraint evaluations            = 61
Number of inequality constraint evaluations          = 61
Number of equality constraint Jacobian evaluations   = 1
Number of inequality constraint Jacobian evaluations = 1
Number of Lagrangian Hessian evaluations             = 2
Total seconds in IPOPT                               = 0.512

EXIT: Converged to a point of local infeasibility. Problem may be infeasible.
