This is Ipopt version 3.14.19, running with linear solver ma57.

Number of nonzeros in equality constraint Jacobian...:    13237
Number of nonzeros in inequality constraint Jacobian.:     3120
Number of nonzeros in Lagrangian Hessian.............:      454

Total number of variables............................:     5094
                     variables with only lower bounds:        0
                variables with lower and upper bounds:     3858
                     variables with only upper bounds:        0
Total number of equality constraints.................:     3582
Total number of inequality constraints...............:     1560
        inequality constraints with only lower bounds:        0
   inequality constraints with lower and upper bounds:     1560
        inequality constraints with only upper bounds:        0

iter    objective    inf_pr   inf_du lg(mu)  ||d||  lg(rg) alpha_du alpha_pr  ls
   0  1.5468494e+07 1.88e+01 8.26e+01  -1.0 0.00e+00    -  0.00e+00 0.00e+00   0
   1  1.5471046e+07 1.88e+01 8.26e+01  -1.0 7.25e+01    -  8.25e-03 2.56e-05f  1
   2  1.2679684e+07 1.85e+01 8.25e+01  -1.0 2.07e+01    -  9.80e-04 1.43e-02f  1
   3  1.2142824e+07 1.81e+01 8.11e+01  -1.0 1.58e+01  -4.0 1.78e-02 2.19e-02f  1
   4  1.1321524e+07 1.71e+01 7.54e+01  -1.0 4.78e+01    -  6.68e-02 5.37e-02f  1
   5  8.2940401e+06 1.40e+01 6.60e+01  -1.0 1.34e+01  -4.5 1.36e-01 1.84e-01f  1
   6  4.9674326e+06 9.22e+00 3.83e+01  -1.0 1.24e+02    -  4.91e-01 3.40e-01f  1
   7  4.9324932e+06 9.16e+00 5.95e+01  -1.0 5.85e+01    -  4.51e-02 6.19e-03f  1
   8  4.9299227e+06 9.16e+00 1.21e+03  -1.0 7.13e+00  -5.0 2.03e-02 3.58e-04h  1
   9  4.9253308e+06 9.15e+00 5.94e+04  -1.0 7.14e+00    -  2.33e-02 4.61e-04h  1
iter    objective    inf_pr   inf_du lg(mu)  ||d||  lg(rg) alpha_du alpha_pr  ls
  10  4.9250126e+06 9.15e+00 5.66e+07  -1.0 6.55e+01    -  2.62e-02 2.78e-05h  1
  11r 4.9250126e+06 9.15e+00 1.00e+03   1.0 0.00e+00    -  0.00e+00 1.51e-07R  2
  12r 4.9714036e+06 8.57e+00 1.00e+03   1.0 1.71e+03    -  4.22e-03 3.85e-04f  1
  13r 5.6507691e+06 7.15e+00 9.94e+02   1.0 1.45e+03    -  1.31e-02 5.58e-03f  1
  14  5.6471889e+06 7.15e+00 7.14e+02  -1.0 7.98e+00  -5.4 2.62e-02 3.86e-05h  1
  15r 5.6471889e+06 7.15e+00 9.99e+02   0.9 0.00e+00    -  0.00e+00 2.47e-07R  2
  16r 6.6373620e+06 7.15e+00 9.99e+02   0.9 4.27e+02    -  5.27e-03 4.95e-04f  1
  17r 2.1856411e+07 7.13e+00 9.92e+02   0.9 3.31e+02    -  7.38e-04 6.42e-03f  1
  18r 3.5482969e+07 7.12e+00 9.87e+02   0.9 1.85e+02    -  5.89e-03 5.50e-03f  1
  19r 5.1556878e+07 7.10e+00 9.79e+02   0.9 2.20e+01    -  3.48e-02 7.32e-03f  1
iter    objective    inf_pr   inf_du lg(mu)  ||d||  lg(rg) alpha_du alpha_pr  ls
  20r 1.1747803e+08 7.06e+00 9.32e+02   0.9 1.11e+01    -  1.88e-01 4.88e-02f  1
  21r 1.6906417e+08 7.04e+00 6.73e+02   0.9 4.97e+00    -  9.91e-01 2.77e-01f  1
  22r 1.7180139e+08 6.83e+00 2.65e+01   0.2 3.11e-01    -  1.00e+00 9.62e-01f  1
  23r 1.6860837e+08 6.56e+00 8.30e-01  -0.5 5.62e-01    -  1.00e+00 1.00e+00f  1
  24r 1.6006367e+08 6.68e+00 9.02e-01  -1.9 6.55e-01    -  8.95e-01 1.00e+00f  1
  25r 1.5864368e+08 6.68e+00 1.14e-07  -1.9 1.36e-01    -  1.00e+00 1.00e+00f  1
  26r 1.4816860e+08 6.88e+00 1.59e-01  -4.4 6.31e-01    -  7.77e-01 1.00e+00f  1
  27r 1.4723754e+08 6.88e+00 4.29e-10  -4.4 4.05e-02    -  1.00e+00 1.00e+00f  1
  28r 1.3820345e+08 6.97e+00 2.38e-03  -5.0 2.77e-01    -  7.34e-01 1.00e+00f  1

Number of Iterations....: 28

                                   (scaled)                 (unscaled)
Objective...............:   1.3682249842029480e+04    1.3682249842029479e+08
Dual infeasibility......:   1.0000000511655874e+02    1.0000000511655874e+06
Constraint violation....:   6.9807071952620694e+00    6.9807071952620694e+00
Variable bound violation:   6.4642492247912742e-08    6.4642492247912742e-08
Complementarity.........:   2.4579113260186528e-05    2.4579113260186528e-01
Overall NLP error.......:   1.0000000511655874e+02    1.0000000511655874e+06


Number of objective function evaluations             = 34
Number of objective gradient evaluations             = 16
Number of equality constraint evaluations            = 34
Number of inequality constraint evaluations          = 34
Number of equality constraint Jacobian evaluations   = 1
Number of inequality constraint Jacobian evaluations = 1
Number of Lagrangian Hessian evaluations             = 2
Total seconds in IPOPT                               = 0.168

EXIT: Converged to a point of local infeasibility. Problem may be infeasible.
