This is Ipopt version 3.14.19, running with linear solver ma57.

Number of nonzeros in equality constraint Jacobian...:    13682
Number of nonzeros in inequality constraint Jacobian.:     3120
Number of nonzeros in Lagrangian Hessian.............:      899

Total number of variables............................:     5539
                     variables with only lower bounds:        0
                variables with lower and upper bounds:     4303
                     variables with only upper bounds:        0
Total number of equality constraints.................:     3582
Total number of inequality constraints...............:     1560
        inequality constraints with only lower bounds:        0
   inequality constraints with lower and upper bounds:     1560
        inequality constraints with only upper bounds:        0

iter    objective    inf_pr   inf_du lg(mu)  ||d||  lg(rg) alpha_du alpha_pr  ls
   0  1.1708329e+07 1.88e+01 8.57e+01  -1.0 0.00e+00    -  0.00e+00 0.00e+00   0
   1  1.1708544e+07 1.88e+01 8.54e+01  -1.0 4.79e+01    -  1.06e-02 2.36e-05f  1
   2  8.9704896e+06 1.85e+01 8.53e+01  -1.0 2.12e+01  -4.0 1.89e-03 1.58e-02f  1
   3  8.9253154e+06 1.78e+01 8.43e+01  -1.0 1.70e+01  -4.5 1.66e-02 3.81e-02f  1
   4  7.9901370e+06 1.68e+01 8.08e+01  -1.0 1.58e+01  -5.0 4.31e-02 5.24e-02f  1
   5  6.5544541e+06 1.42e+01 6.50e+01  -1.0 1.84e+01    -  1.90e-01 1.58e-01f  1
   6  3.7168355e+06 9.24e+00 4.42e+01  -1.0 7.72e+01    -  3.24e-01 3.49e-01f  1
   7  3.6915232e+06 9.18e+00 5.86e+01  -1.0 2.46e+01    -  5.22e-02 6.32e-03f  1
   8  3.6895064e+06 9.18e+00 1.19e+03  -1.0 7.69e+01    -  2.09e-02 3.60e-04h  1
   9  3.6858656e+06 9.17e+00 5.81e+04  -1.0 8.14e+00  -5.4 2.24e-02 4.44e-04h  1
iter    objective    inf_pr   inf_du lg(mu)  ||d||  lg(rg) alpha_du alpha_pr  ls
  10  3.6856196e+06 9.17e+00 6.09e+07  -1.0 8.14e+00  -5.9 2.66e-02 2.56e-05h  1
  11  3.1819689e+06 7.93e+00 2.23e+08  -1.0 8.15e+00  -6.4 6.11e-01 1.35e-01f  1
  12  3.1763905e+06 7.92e+00 2.44e+08  -1.0 7.28e+00  -6.9 1.11e-01 1.65e-03f  1
  13  3.1729763e+06 7.92e+00 2.45e+08  -1.0 7.34e+00  -7.3 6.69e-03 4.14e-04h  1
  14  3.1723783e+06 7.91e+00 2.67e+08  -1.0 7.34e+00  -7.8 1.30e-01 1.35e-04h  1
  15  2.8796727e+06 7.14e+00 3.40e+08  -1.0 7.23e+01    -  7.55e-01 9.77e-02f  1
  16  1.7104571e+06 3.31e+00 1.06e+08  -1.0 6.73e+00  -8.3 9.88e-01 7.45e-01f  1
  17  1.6688258e+06 2.70e+00 1.53e+08  -1.0 8.84e+00    -  1.00e+00 6.34e-01h  1
  18r 1.6688258e+06 2.70e+00 1.00e+03   0.4 0.00e+00    -  0.00e+00 4.13e-07R  3
  19r 1.7898448e+06 2.71e+00 9.96e+02   0.4 1.60e+02    -  5.64e-02 4.13e-03f  1
iter    objective    inf_pr   inf_du lg(mu)  ||d||  lg(rg) alpha_du alpha_pr  ls
  20r 3.6393391e+06 2.75e+00 9.38e+02   0.4 4.79e+00    -  4.46e-01 5.99e-02f  1
  21r 2.7681329e+07 3.07e+00 4.37e+02   0.4 1.69e+01    -  6.98e-01 5.33e-01f  1
  22r 8.4123650e+07 3.22e+00 1.11e+02   0.4 7.61e+00    -  1.00e+00 7.45e-01f  1
  23r 1.0100758e+08 3.17e+00 3.97e+01  -0.3 3.48e+00    -  6.34e-01 1.00e+00f  1
  24r 1.2009120e+08 3.18e+00 4.28e+00  -0.3 2.47e+00    -  9.26e-01 1.00e+00f  1
  25r 1.0339749e+08 3.08e+00 1.37e+01  -1.7 3.16e+00    -  6.16e-01 9.91e-01f  1
  26r 1.0173241e+08 3.05e+00 2.41e-01  -1.7 4.66e-01    -  9.84e-01 1.00e+00f  1
  27r 8.0202435e+07 2.90e+00 2.72e-01  -2.5 1.38e+00    -  8.17e-01 1.00e+00f  1
  28r 7.7428535e+07 2.87e+00 3.18e-08  -2.5 1.88e-01    -  1.00e+00 1.00e+00f  1
  29r 5.7298893e+07 2.76e+00 3.58e-02  -3.7 8.28e-01    -  8.30e-01 1.00e+00f  1
iter    objective    inf_pr   inf_du lg(mu)  ||d||  lg(rg) alpha_du alpha_pr  ls
  30r 5.4572568e+07 2.75e+00 1.79e-09  -3.7 6.00e-02    -  1.00e+00 1.00e+00f  1
  31r 3.8016268e+07 2.71e+00 2.74e-03  -5.0 4.84e-01    -  7.80e-01 1.00e+00f  1

Number of Iterations....: 31

                                   (scaled)                 (unscaled)
Objective...............:   3.5878472045592721e+03    3.5878472045592718e+07
Dual infeasibility......:   1.0000000000032908e+02    1.0000000000032908e+06
Constraint violation....:   2.7129167693291691e+00    2.7129167693291691e+00
Variable bound violation:   6.4642492247912742e-08    6.4642492247912742e-08
Complementarity.........:   3.5357373666016261e-05    3.5357373666016262e-01
Overall NLP error.......:   1.0000000000032908e+02    1.0000000000032908e+06


Number of objective function evaluations             = 36
Number of objective gradient evaluations             = 20
Number of equality constraint evaluations            = 36
Number of inequality constraint evaluations          = 36
Number of equality constraint Jacobian evaluations   = 1
Number of inequality constraint Jacobian evaluations = 1
Number of Lagrangian Hessian evaluations             = 2
Total seconds in IPOPT                               = 0.225

EXIT: Converged to a point of local infeasibility. Problem may be infeasible.
