This is Ipopt version 3.14.19, running with linear solver ma57.

Number of nonzeros in equality constraint Jacobian...:    13682
Number of nonzeros in inequality constraint Jacobian.:     3120
Number of nonzeros in Lagrangian Hessian.............:      899

Total number of variables............................:     5539
                     variables with only lower bounds:        0
                variables with lower and upper bounds:     4303
                     variables with only upper bounds:        0
Total number of equality constraints.................:     3582
Total number of inequality constraints...............:     1560
        inequality constraints with only lower bounds:        0
   inequality constraints with lower and upper bounds:     1560
        inequality constraints with only upper bounds:        0

iter    objective    inf_pr   inf_du lg(mu)  ||d||  lg(rg) alpha_du alpha_pr  ls
   0  2.7753691e+07 1.50e+01 8.46e+01  -1.0 0.00e+00    -  0.00e+00 0.00e+00   0
   1  2.7753924e+07 1.50e+01 8.43e+01  -1.0 1.95e+01    -  8.80e-03 2.82e-05f  1
   2  2.4634485e+07 1.48e+01 8.42e+01  -1.0 2.94e+01  -4.0 5.96e-04 1.76e-02f  1
   3  2.4059372e+07 1.45e+01 8.36e+01  -1.0 2.66e+01    -  8.71e-03 1.88e-02f  1
   4  2.2922521e+07 1.40e+01 8.23e+01  -1.0 2.47e+01  -4.5 1.86e-02 3.61e-02f  1
   5  2.0541327e+07 1.29e+01 7.81e+01  -1.0 2.34e+01  -5.0 5.41e-02 7.26e-02f  1
   6  1.5593864e+07 1.07e+01 6.40e+01  -1.0 6.41e+01    -  1.81e-01 1.77e-01f  1
   7  7.4221914e+06 5.77e+00 3.22e+01  -1.0 3.28e+01    -  4.91e-01 4.58e-01f  1
   8  7.3473782e+06 5.72e+00 1.73e+02  -1.0 1.57e+01    -  6.70e-01 8.48e-03f  1
   9  7.3416125e+06 5.72e+00 3.27e+03  -1.0 1.56e+01  -5.4 9.30e-03 4.34e-04h  1
iter    objective    inf_pr   inf_du lg(mu)  ||d||  lg(rg) alpha_du alpha_pr  ls
  10  7.3386606e+06 5.72e+00 1.53e+05  -1.0 1.56e+01    -  9.44e-03 2.08e-04h  1
  11r 7.3386606e+06 5.72e+00 1.00e+03   0.8 0.00e+00    -  0.00e+00 4.43e-07R  5
  12r 7.4924107e+06 4.53e+00 1.00e+03   0.8 3.11e+03    -  3.75e-03 5.56e-04f  1
  13  7.4923415e+06 4.53e+00 9.67e+02  -1.0 9.94e+00  -5.9 8.86e-03 4.84e-06f  2
  14r 7.4923415e+06 4.53e+00 9.99e+02   0.7 0.00e+00  -6.4 0.00e+00 3.17e-07R  5
  15r 8.7690760e+06 3.90e+00 9.98e+02   0.7 2.26e+03    -  2.29e-03 4.96e-04f  1
  16  8.7686098e+06 3.90e+00 1.45e+03  -1.0 1.03e+01  -6.9 9.56e-03 3.50e-06f  2
  17r 8.7686098e+06 3.90e+00 1.00e+03   0.6 0.00e+00    -  0.00e+00 4.53e-07R  4
  18r 9.9857904e+06 3.87e+00 9.99e+02   0.6 1.76e+03    -  2.38e-03 5.72e-04f  1
  19r 1.7585709e+07 3.87e+00 9.97e+02   0.6 9.41e+02    -  1.38e-04 2.74e-03f  1
iter    objective    inf_pr   inf_du lg(mu)  ||d||  lg(rg) alpha_du alpha_pr  ls
  20r 2.4438532e+07 3.87e+00 9.96e+02   0.6 4.75e+02    -  1.22e-03 2.17e-03f  1
  21r 3.5719766e+07 3.87e+00 9.93e+02   0.6 2.12e+02    -  2.92e-03 3.45e-03f  1
  22r 5.7128072e+07 3.87e+00 9.84e+02   0.6 3.72e+01    -  1.25e-02 7.32e-03f  1
  23r 9.1099712e+07 3.86e+00 9.62e+02   0.6 1.55e+01    -  4.37e-01 2.18e-02f  1
  24r 1.6879926e+08 3.66e+00 4.88e+02   0.6 1.12e+01    -  9.60e-01 4.93e-01f  1
  25r 2.0823185e+08 3.11e+00 3.90e-05   0.6 6.40e+00    -  1.00e+00 1.00e+00f  1
  26  2.0453182e+08 3.11e+00 1.28e+03  -1.0 7.33e+01  -7.3 2.92e-02 8.86e-04f  1
  27  2.0166939e+08 3.11e+00 2.04e+03  -1.0 4.84e+02    -  1.95e-03 7.59e-04f  1
  28  1.9798826e+08 3.10e+00 2.04e+04  -1.0 5.87e+02  -7.8 1.03e-02 9.98e-04f  1
  29  1.9703076e+08 3.10e+00 5.80e+05  -1.0 4.85e+02  -8.3 7.56e-03 2.94e-04f  1
iter    objective    inf_pr   inf_du lg(mu)  ||d||  lg(rg) alpha_du alpha_pr  ls
  30  1.9702450e+08 3.10e+00 6.01e+09  -1.0 4.27e+02    -  4.19e-02 2.09e-06f  2
  31  3.2824825e+07 2.93e+00 5.93e+09  -1.0 2.14e+02    -  1.21e-02 7.88e-02f  1
  32  2.0531437e+07 2.82e+00 4.83e+09  -1.0 1.87e+02  -8.8 1.89e-01 5.51e-02f  1
  33r 2.0531437e+07 2.82e+00 1.00e+03   0.4 0.00e+00    -  0.00e+00 2.81e-07R  4
  34r 2.6095273e+07 2.79e+00 9.52e+02   0.4 7.44e+00    -  6.97e-01 4.95e-02f  1
  35r 4.6504293e+07 2.67e+00 8.50e+02   0.4 7.59e+00    -  3.74e-01 1.04e-01f  1
  36r 2.0188693e+08 1.39e+00 3.50e-01   0.4 6.17e+00    -  9.91e-01 1.00e+00f  1
  37  1.9596302e+08 1.39e+00 9.97e+01  -1.0 7.63e+01    -  1.11e-02 1.24e-03f  1
  38  1.9139956e+08 1.39e+00 9.92e+01  -1.0 1.06e+02    -  1.48e-02 9.55e-04f  1
  39  1.9110957e+08 1.39e+00 7.11e+03  -1.0 4.16e+02    -  4.59e-03 6.34e-05f  1
iter    objective    inf_pr   inf_du lg(mu)  ||d||  lg(rg) alpha_du alpha_pr  ls
  40  1.9110930e+08 1.39e+00 2.51e+07  -1.0 7.28e+02    -  3.30e-03 5.89e-08f  5
  41r 1.9110930e+08 1.39e+00 1.00e+03   0.1 0.00e+00    -  0.00e+00 4.42e-07R  2
  42r 1.9088198e+08 1.39e+00 9.97e+02   0.1 2.56e+00    -  9.36e-01 2.12e-03f  1
  43r 2.0621406e+08 1.06e+00 4.61e-02   0.1 9.57e-01    -  9.92e-01 1.00e+00f  1
  44  2.0511791e+08 1.06e+00 9.98e+01  -1.0 7.86e+01    -  1.12e-02 2.19e-04f  1
  45  2.0066309e+08 1.06e+00 1.73e+02  -1.0 8.63e+01  -9.2 1.43e-02 9.05e-04f  1
  46  2.0047398e+08 1.06e+00 8.07e+03  -1.0 7.73e+02  -9.7 1.76e-03 3.99e-05f  1
  47  2.0023484e+08 1.06e+00 3.02e+06  -1.0 8.24e+02 -10.2 1.89e-02 5.13e-05f  1
  48r 2.0023484e+08 1.06e+00 1.00e+03   0.0 0.00e+00    -  0.00e+00 2.56e-09R  2
  49r 2.0026386e+08 1.06e+00 9.96e+02   0.0 5.50e-01    -  9.90e-01 2.77e-03f  1
iter    objective    inf_pr   inf_du lg(mu)  ||d||  lg(rg) alpha_du alpha_pr  ls
  50r 2.0787353e+08 1.02e+00 1.06e-05   0.0 3.50e-01    -  1.00e+00 1.00e+00f  1
  51r 2.0489559e+08 1.04e+00 1.89e-01  -2.1 2.15e-01    -  9.14e-01 9.97e-01f  1
  52r 2.0355019e+08 1.05e+00 2.13e-02  -3.1 6.11e-02    -  9.78e-01 1.00e+00f  1
  53r 2.0161501e+08 1.06e+00 1.38e-03  -4.7 5.81e-02    -  9.71e-01 1.00e+00f  1

Number of Iterations....: 53

                                   (scaled)                 (unscaled)
Objective...............:   2.0081641756134864e+04    2.0081641756134865e+08
Dual infeasibility......:   1.0000007449597175e+02    1.0000007449597175e+06
Constraint violation....:   1.0616986088311169e+00    1.0616986088311169e+00
Variable bound violation:   5.1944223145028445e-08    5.1944223145028445e-08
Complementarity.........:   4.5511185887700576e-05    4.5511185887700573e-01
Overall NLP error.......:   1.0000007449597175e+02    1.0000007449597175e+06


Number of objective function evaluations             = 84
Number of objective gradient evaluations             = 40
Number of equality constraint evaluations            = 84
Number of inequality constraint evaluations          = 84
Number of equality constraint Jacobian evaluations   = 1
Number of inequality constraint Jacobian evaluations = 1
Number of Lagrangian Hessian evaluations             = 2
Total seconds in IPOPT                               = 0.410

EXIT: Converged to a point of local infeasibility. Problem may be infeasible.
