This is Ipopt version 3.14.19, running with linear solver ma57.

Number of nonzeros in equality constraint Jacobian...:    13237
Number of nonzeros in inequality constraint Jacobian.:     3120
Number of nonzeros in Lagrangian Hessian.............:      454

Total number of variables............................:     5094
                     variables with only lower bounds:        0
                variables with lower and upper bounds:     3858
                     variables with only upper bounds:        0
Total number of equality constraints.................:     3582
Total number of inequality constraints...............:     1560
        inequality constraints with only lower bounds:        0
   inequality constraints with lower and upper bounds:     1560
        inequality constraints with only upper bounds:        0

iter    objective    inf_pr   inf_du lg(mu)  ||d||  lg(rg) alpha_du alpha_pr  ls
   0  8.1869205e+06 1.88e+01 7.99e+01  -1.0 0.00e+00    -  0.00e+00 0.00e+00   0
   1  8.1868151e+06 1.88e+01 7.94e+01  -1.0 4.06e+01    -  1.26e-02 1.58e-05f  1
   2  6.4172765e+06 1.84e+01 7.94e+01  -1.0 1.77e+01  -4.0 1.95e-03 1.87e-02f  1
   3  6.2189456e+06 1.76e+01 7.86e+01  -1.0 2.11e+01    -  1.75e-02 4.52e-02f  1
   4  5.6542015e+06 1.66e+01 7.45e+01  -1.0 1.38e+01  -4.5 5.27e-02 5.81e-02f  1
   5  4.4567238e+06 1.35e+01 5.88e+01  -1.0 1.36e+01    -  2.05e-01 1.83e-01f  1
   6  2.8864695e+06 9.30e+00 3.88e+01  -1.0 1.13e+01  -5.0 3.77e-01 3.12e-01f  1
   7  2.8708394e+06 9.25e+00 7.08e+01  -1.0 7.91e+00    -  4.95e-02 5.34e-03f  1
   8  2.8693209e+06 9.25e+00 1.99e+03  -1.0 7.96e+00  -5.4 2.34e-02 3.15e-04h  1
   9  2.8664039e+06 9.24e+00 7.32e+04  -1.0 3.43e+01    -  1.54e-02 4.02e-04h  1
iter    objective    inf_pr   inf_du lg(mu)  ||d||  lg(rg) alpha_du alpha_pr  ls
  10  2.8662125e+06 9.24e+00 7.70e+07  -1.0 5.80e+01    -  2.43e-02 2.35e-05h  1
  11  2.6318757e+06 8.47e+00 2.44e+08  -1.0 7.64e+01    -  5.82e-01 8.39e-02f  1
  12  2.6285014e+06 8.46e+00 2.48e+08  -1.0 7.35e+00  -5.9 2.60e-02 1.04e-03h  1
  13  2.6262957e+06 8.46e+00 2.48e+08  -1.0 2.83e+02    -  3.85e-03 2.67e-04h  1
  14  2.6259105e+06 8.45e+00 2.63e+08  -1.0 2.56e+02    -  8.33e-02 1.01e-04h  1
  15  2.4668516e+06 7.91e+00 3.53e+08  -1.0 1.42e+02    -  7.30e-01 6.48e-02f  1
  16  1.4124324e+06 3.45e+00 1.05e+08  -1.0 6.96e+00  -6.4 9.62e-01 7.45e-01f  1
  17  1.3454446e+06 2.81e+00 1.69e+08  -1.0 4.60e+00    -  9.96e-01 6.00e-01f  1
  18r 1.3454446e+06 2.81e+00 1.00e+03   0.4 0.00e+00    -  0.00e+00 9.87e-08R  2
  19r 1.4508349e+06 2.81e+00 9.96e+02   0.4 2.11e+02    -  1.34e-02 3.80e-03f  1
iter    objective    inf_pr   inf_du lg(mu)  ||d||  lg(rg) alpha_du alpha_pr  ls
  20r 1.9422300e+06 2.82e+00 9.80e+02   0.4 1.09e+01    -  7.48e-01 1.66e-02f  1
  21r 5.4314816e+07 3.23e+00 2.28e+02   0.4 1.88e+01    -  1.32e-01 7.76e-01f  1
  22r 7.5043824e+07 3.31e+00 1.14e+02   0.4 1.33e+01    -  4.87e-01 8.01e-01f  1
  23r 7.3478666e+07 3.25e+00 4.10e+01  -0.3 2.66e+00    -  6.88e-01 1.00e+00f  1
  24r 7.9218072e+07 3.24e+00 5.62e-06  -0.3 1.46e+00    -  1.00e+00 1.00e+00f  1
  25r 6.8932018e+07 3.14e+00 2.26e+01  -1.6 3.84e+00    -  5.26e-01 9.75e-01f  1
  26r 6.7865801e+07 3.12e+00 5.05e+00  -1.6 3.25e-01    -  8.08e-01 1.00e+00f  1
  27r 6.5196468e+07 3.08e+00 2.25e-07  -1.6 1.08e+00    -  1.00e+00 1.00e+00f  1
  28r 5.0259108e+07 2.94e+00 1.42e+00  -3.7 2.50e+00    -  4.13e-01 1.00e+00f  1
  29r 4.9221663e+07 2.93e+00 5.39e-02  -3.7 1.91e-01    -  9.63e-01 1.00e+00f  1
iter    objective    inf_pr   inf_du lg(mu)  ||d||  lg(rg) alpha_du alpha_pr  ls
  30r 4.1525350e+07 2.87e+00 1.96e-09  -3.7 8.50e-01    -  1.00e+00 1.00e+00f  1
  31r 2.9379774e+07 2.82e+00 7.14e-03  -5.0 1.11e+00    -  6.58e-01 1.00e+00f  1

Number of Iterations....: 31

                                   (scaled)                 (unscaled)
Objective...............:   2.7723424295531722e+03    2.7723424295531720e+07
Dual infeasibility......:   1.0000000112621895e+02    1.0000000112621895e+06
Constraint violation....:   2.8201791351206840e+00    2.8201791351206840e+00
Variable bound violation:   6.4642491359734322e-08    6.4642491359734322e-08
Complementarity.........:   2.8080580790627260e-05    2.8080580790627258e-01
Overall NLP error.......:   1.0000000112621895e+02    1.0000000112621895e+06


Number of objective function evaluations             = 35
Number of objective gradient evaluations             = 20
Number of equality constraint evaluations            = 35
Number of inequality constraint evaluations          = 35
Number of equality constraint Jacobian evaluations   = 1
Number of inequality constraint Jacobian evaluations = 1
Number of Lagrangian Hessian evaluations             = 2
Total seconds in IPOPT                               = 0.223

EXIT: Converged to a point of local infeasibility. Problem may be infeasible.
