This is Ipopt version 3.14.19, running with linear solver ma57.

Number of nonzeros in equality constraint Jacobian...:    13682
Number of nonzeros in inequality constraint Jacobian.:     3120
Number of nonzeros in Lagrangian Hessian.............:      899

Total number of variables............................:     5539
                     variables with only lower bounds:        0
                variables with lower and upper bounds:     4303
                     variables with only upper bounds:        0
Total number of equality constraints.................:     3582
Total number of inequality constraints...............:     1560
        inequality constraints with only lower bounds:        0
   inequality constraints with lower and upper bounds:     1560
        inequality constraints with only upper bounds:        0

iter    objective    inf_pr   inf_du lg(mu)  ||d||  lg(rg) alpha_du alpha_pr  ls
   0  2.9093553e+07 1.50e+01 8.46e+01  -1.0 0.00e+00    -  0.00e+00 0.00e+00   0
   1  2.9093831e+07 1.50e+01 8.44e+01  -1.0 1.87e+01    -  8.73e-03 2.89e-05f  1
   2  2.5929905e+07 1.48e+01 8.42e+01  -1.0 2.97e+01  -4.0 5.86e-04 1.75e-02f  1
   3  2.5293602e+07 1.45e+01 8.36e+01  -1.0 2.69e+01  -4.5 8.69e-03 1.86e-02f  1
   4  2.4110767e+07 1.40e+01 8.23e+01  -1.0 3.87e+01    -  1.86e-02 3.59e-02f  1
   5  2.1605129e+07 1.30e+01 7.82e+01  -1.0 2.36e+01    -  5.36e-02 7.24e-02f  1
   6  1.6466634e+07 1.07e+01 6.42e+01  -1.0 2.19e+01    -  1.79e-01 1.76e-01f  1
   7  7.2712300e+06 5.31e+00 3.26e+01  -1.0 8.32e+01    -  4.94e-01 5.03e-01f  1
   8  6.2380121e+06 4.61e+00 2.35e+01  -1.0 5.73e+01    -  6.90e-01 1.32e-01f  1
   9  6.2259581e+06 4.60e+00 1.44e+03  -1.0 6.66e+01    -  2.55e-01 1.59e-03f  1
iter    objective    inf_pr   inf_du lg(mu)  ||d||  lg(rg) alpha_du alpha_pr  ls
  10  6.2183436e+06 4.60e+00 2.78e+04  -1.0 1.51e+01  -5.0 1.40e-02 7.10e-04h  1
  11  6.2178037e+06 4.60e+00 3.58e+07  -1.0 1.51e+01    -  6.17e-02 4.98e-05h  1
  12r 6.2178037e+06 4.60e+00 1.00e+03   0.7 0.00e+00    -  0.00e+00 2.69e-07R  3
  13r 6.3569181e+06 3.18e+00 1.00e+03   0.7 3.07e+03    -  3.92e-03 7.16e-04f  1
  14  6.3569062e+06 3.18e+00 3.79e+03  -1.0 8.07e+00  -5.4 1.58e-02 1.15e-06f  3
  15r 6.3569062e+06 3.18e+00 1.00e+03   0.5 0.00e+00  -5.9 0.00e+00 4.37e-07R  4
  16r 7.5781610e+06 3.12e+00 9.99e+02   0.5 1.75e+03    -  3.51e-03 9.49e-04f  1
  17r 1.2917461e+07 3.11e+00 9.96e+02   0.5 6.64e+02    -  1.52e-04 3.13e-03f  1
  18r 1.7021736e+07 3.11e+00 9.95e+02   0.5 1.57e+02    -  1.87e-03 2.26e-03f  1
  19r 2.7378276e+07 3.11e+00 9.91e+02   0.5 8.79e+01    -  3.58e-03 5.11e-03f  1
iter    objective    inf_pr   inf_du lg(mu)  ||d||  lg(rg) alpha_du alpha_pr  ls
  20r 4.4171939e+07 3.11e+00 9.79e+02   0.5 2.23e+01    -  2.26e-02 9.33e-03f  1
  21r 8.0863548e+07 3.11e+00 9.45e+02   0.5 1.94e+01    -  3.21e-01 3.50e-02f  1
  22r 1.1907730e+08 3.06e+00 7.52e+02   0.5 1.35e+01    -  4.92e-01 2.04e-01f  1
  23r 2.0801968e+08 2.79e+00 9.62e+01   0.5 9.91e+00    -  9.91e-01 8.72e-01f  1
  24  1.9313909e+08 2.78e+00 9.95e+01  -1.0 8.31e+01    -  1.63e-02 2.88e-03f  1
  25  1.9161992e+08 2.78e+00 1.97e+02  -1.0 9.12e+01  -6.4 9.59e-03 3.09e-04f  1
  26  1.9156193e+08 2.78e+00 2.13e+04  -1.0 7.35e+02  -6.9 1.29e-03 1.24e-05f  1
  27r 1.9156193e+08 2.78e+00 1.00e+03   0.4 0.00e+00  -7.3 0.00e+00 6.31e-08R  2
  28r 1.9223875e+08 2.78e+00 9.93e+02   0.4 3.48e+00    -  9.53e-01 6.04e-03f  1
  29r 2.1540798e+08 1.92e+00 7.74e-02   0.4 3.18e+00    -  9.96e-01 1.00e+00f  1
iter    objective    inf_pr   inf_du lg(mu)  ||d||  lg(rg) alpha_du alpha_pr  ls
  30  2.1377959e+08 1.92e+00 9.97e+01  -1.0 8.57e+01  -7.8 1.64e-02 3.11e-04f  1
  31  2.0039294e+08 1.92e+00 9.93e+01  -1.0 1.10e+02  -8.3 9.27e-03 2.63e-03f  1
  32  1.9965714e+08 1.92e+00 3.37e+02  -1.0 7.73e+02    -  1.77e-03 1.53e-04f  1
  33  1.9963676e+08 1.92e+00 2.50e+06  -1.0 7.90e+02  -8.8 2.92e-02 4.34e-06f  1
  34r 1.9963676e+08 1.92e+00 1.00e+03   0.3 0.00e+00  -9.2 0.00e+00 2.53e-08R  2
  35r 1.9974444e+08 1.92e+00 9.97e+02   0.3 6.02e-01    -  9.90e-01 1.65e-03f  1
  36r 2.1700224e+08 1.19e+00 1.92e-05   0.3 1.78e+00    -  1.00e+00 1.00e+00f  1
  37r 2.1294326e+08 1.35e+00 9.02e-01  -1.8 4.12e-01    -  7.99e-01 9.93e-01f  1
  38  2.1193455e+08 1.35e+00 9.98e+01  -1.0 8.58e+01    -  8.12e-03 1.93e-04f  1
  39  2.1187633e+08 1.35e+00 7.03e+04  -1.0 8.58e+01  -9.7 1.76e-02 1.13e-05f  1
iter    objective    inf_pr   inf_du lg(mu)  ||d||  lg(rg) alpha_du alpha_pr  ls
  40r 2.1187633e+08 1.35e+00 1.00e+03   0.1 0.00e+00 -10.2 0.00e+00 1.06e-07R  2
  41r 2.1195225e+08 1.35e+00 9.89e+02   0.1 4.35e-01    -  9.90e-01 9.49e-03f  1
  42r 2.1794045e+08 9.52e-01 1.35e-05   0.1 8.87e-01    -  1.00e+00 1.00e+00f  1
  43r 2.1531940e+08 9.77e-01 4.75e-01  -2.0 2.93e-01    -  8.45e-01 9.95e-01f  1
  44  2.1478388e+08 9.76e-01 9.98e+01  -1.0 8.61e+01    -  8.31e-03 1.02e-04f  1
  45  2.1475189e+08 9.76e-01 2.39e+05  -1.0 8.63e+01 -10.7 1.72e-02 6.21e-06f  1
  46r 2.1475189e+08 9.76e-01 1.00e+03  -0.0 0.00e+00    -  0.00e+00 4.43e-08R  2
  47r 2.1489073e+08 9.70e-01 9.71e+02  -0.0 2.57e-01    -  9.90e-01 2.77e-02f  1
  48r 2.1866116e+08 7.04e-01 9.76e-06  -0.0 3.21e-01    -  1.00e+00 1.00e+00f  1
  49r 2.1669524e+08 7.15e-01 2.87e-01  -2.1 2.29e-01    -  8.74e-01 9.98e-01f  1
iter    objective    inf_pr   inf_du lg(mu)  ||d||  lg(rg) alpha_du alpha_pr  ls
  50  2.1640940e+08 7.15e-01 1.61e+02  -1.0 8.64e+01 -11.2 8.36e-03 5.45e-05f  1
  51  2.1640065e+08 7.15e-01 8.10e+05  -1.0 8.66e+01    -  1.70e-02 1.69e-06f  2
  52  2.1639634e+08 7.15e-01 7.30e+08  -1.0 7.58e+02 -11.6 1.56e-03 8.60e-07f  2
  53  2.1639519e+08 7.15e-01 2.41e+13  -1.0 8.43e+02 -12.1 3.11e-02 2.32e-07f  3
  54  2.1032412e+08 7.14e-01 3.84e+13  -1.0 5.24e+02    -  2.61e-03 1.63e-03f  1
  55  4.7328993e+07 7.11e-01 3.69e+13  -1.0 4.97e+02 -12.6 3.91e-02 4.62e-02f  1
  56  2.8992779e+07 7.08e-01 3.17e+13  -1.0 1.50e+02    -  1.42e-01 3.90e-02f  1
  57  2.8258079e+07 7.08e-01 1.83e+15  -1.0 2.45e+02    -  2.53e-01 7.48e-03f  1
  58  2.3759412e+07 7.05e-01 9.91e+14  -1.0 2.99e+02    -  4.57e-01 5.73e-02f  1
  59  2.3203778e+07 7.04e-01 5.16e+14  -1.0 1.78e+01 -13.1 4.79e-01 1.50e-02f  1
iter    objective    inf_pr   inf_du lg(mu)  ||d||  lg(rg) alpha_du alpha_pr  ls
  60  7.9476724e+06 6.75e-01 2.36e+14  -1.0 1.77e+01    -  5.42e-01 5.45e-01f  1
  61  3.8164230e+06 1.14e+00 1.57e+14  -1.0 8.29e+00 -13.5 7.31e-01 5.27e-01f  1
  62  2.3813091e+06 8.72e-01 1.49e+12  -1.0 5.27e+00    -  9.91e-01 5.52e-01f  1
  63  1.7111403e+06 6.74e-01 1.21e+07  -1.0 2.14e+00    -  1.00e+00 8.96e-01f  1
  64  7.4702222e+05 6.51e-01 9.90e+05  -1.7 9.00e-01    -  9.96e-01 9.90e-01f  1
In iteration 64, 1 Slack too small, adjusting variable bound
  65  6.7938710e+05 6.51e-01 1.29e-02  -1.7 2.36e-01 -14.0 1.00e+00 1.00e+00f  1
In iteration 65, 1 Slack too small, adjusting variable bound
  66  6.7868695e+05 6.51e-01 1.29e-02  -1.7 2.24e-02 -14.5 1.00e+00 1.00e+00h  1
In iteration 66, 1 Slack too small, adjusting variable bound
  67  6.7866674e+05 6.51e-01 1.29e-02  -1.7 1.17e-03 -15.0 1.00e+00 1.00e+00h  1
  68r 6.7866674e+05 6.51e-01 1.00e+03  -0.2 0.00e+00    -  0.00e+00 4.77e-07R 22
  69r 1.7117981e+06 6.53e-01 9.00e+02  -0.2 1.63e+01    -  5.38e-01 9.95e-02f  1
iter    objective    inf_pr   inf_du lg(mu)  ||d||  lg(rg) alpha_du alpha_pr  ls
  70r 1.1685555e+07 6.69e-01 3.00e+02  -0.2 4.30e+00    -  6.39e-01 6.67e-01f  1
  71r 4.2021130e+07 6.76e-01 7.14e-01  -0.2 5.20e+00    -  9.60e-01 1.00e+00f  1
  72r 4.5043884e+07 6.70e-01 2.74e+00  -1.6 3.17e+00    -  8.14e-01 1.00e+00f  1
  73r 6.6771211e+07 6.68e-01 3.86e+00  -1.6 1.38e+00    -  8.15e-01 1.00e+00f  1
  74r 9.8172745e+07 6.66e-01 2.60e-07  -1.6 2.40e+00    -  1.00e+00 1.00e+00f  1
  75r 7.0662084e+07 6.61e-01 1.51e+00  -3.6 4.46e+00    -  5.22e-01 1.00e+00f  1
  76r 6.8926795e+07 6.61e-01 2.08e-01  -3.6 3.54e-01    -  9.48e-01 1.00e+00f  1
  77r 5.8949390e+07 6.60e-01 2.72e-09  -3.6 9.81e-01    -  1.00e+00 1.00e+00f  1
  78r 3.7870146e+07 6.57e-01 3.58e-02  -5.0 1.82e+00    -  6.96e-01 1.00e+00f  1

Number of Iterations....: 78

                                   (scaled)                 (unscaled)
Objective...............:   3.5767123992798383e+03    3.5767123992798381e+07
Dual infeasibility......:   9.9999999999977234e+01    9.9999999999977229e+05
Constraint violation....:   6.5681776770141886e-01    6.5681776770141886e-01
Variable bound violation:   6.4642489583377483e-08    6.4642489583377483e-08
Complementarity.........:   2.1331200478629130e-05    2.1331200478629128e-01
Overall NLP error.......:   9.9999999999977234e+01    9.9999999999977229e+05


Number of objective function evaluations             = 123
Number of objective gradient evaluations             = 56
Number of equality constraint evaluations            = 123
Number of inequality constraint evaluations          = 123
Number of equality constraint Jacobian evaluations   = 1
Number of inequality constraint Jacobian evaluations = 1
Number of Lagrangian Hessian evaluations             = 2
Total seconds in IPOPT                               = 0.537

EXIT: Converged to a point of local infeasibility. Problem may be infeasible.
