This is Ipopt version 3.14.19, running with linear solver ma57.

Number of nonzeros in equality constraint Jacobian...:    13237
Number of nonzeros in inequality constraint Jacobian.:     3120
Number of nonzeros in Lagrangian Hessian.............:      454

Total number of variables............................:     5094
                     variables with only lower bounds:        0
                variables with lower and upper bounds:     3858
                     variables with only upper bounds:        0
Total number of equality constraints.................:     3582
Total number of inequality constraints...............:     1560
        inequality constraints with only lower bounds:        0
   inequality constraints with lower and upper bounds:     1560
        inequality constraints with only upper bounds:        0

iter    objective    inf_pr   inf_du lg(mu)  ||d||  lg(rg) alpha_du alpha_pr  ls
   0  1.2457831e+07 1.88e+01 8.21e+01  -1.0 0.00e+00    -  0.00e+00 0.00e+00   0
   1  1.2458736e+07 1.88e+01 8.19e+01  -1.0 2.39e+01    -  9.70e-03 2.06e-05f  1
   2  1.0116400e+07 1.85e+01 8.18e+01  -1.0 5.39e+01    -  1.25e-03 1.58e-02f  1
   3  9.7630892e+06 1.79e+01 8.06e+01  -1.0 1.54e+01  -4.0 1.80e-02 2.86e-02f  1
   4  8.9928541e+06 1.69e+01 7.51e+01  -1.0 2.41e+01    -  6.59e-02 5.74e-02f  1
   5  6.7555923e+06 1.38e+01 6.41e+01  -1.0 1.36e+01  -4.5 1.54e-01 1.86e-01f  1
   6  4.1759715e+06 9.26e+00 3.85e+01  -1.0 1.06e+02    -  4.61e-01 3.28e-01f  1
   7  4.1495787e+06 9.20e+00 6.71e+01  -1.0 4.63e+01    -  4.96e-02 5.74e-03f  1
   8  4.1473841e+06 9.20e+00 1.56e+03  -1.0 7.50e+00  -5.0 2.15e-02 3.48e-04h  1
   9  4.1434732e+06 9.20e+00 6.70e+04  -1.0 7.96e+00    -  1.97e-02 4.43e-04h  1
iter    objective    inf_pr   inf_du lg(mu)  ||d||  lg(rg) alpha_du alpha_pr  ls
  10  4.1432161e+06 9.20e+00 6.33e+07  -1.0 3.15e+01    -  2.38e-02 2.55e-05h  1
  11r 4.1432161e+06 9.20e+00 1.00e+03   1.0 0.00e+00  -5.4 0.00e+00 1.37e-07R  2
  12r 4.2112424e+06 8.69e+00 1.00e+03   1.0 1.51e+03    -  3.59e-03 3.89e-04f  1
  13r 5.1607910e+06 7.20e+00 9.94e+02   1.0 1.34e+03    -  1.31e-02 5.41e-03f  1
  14  5.1579484e+06 7.20e+00 5.92e+02  -1.0 8.21e+00  -5.9 2.10e-02 3.28e-05h  1
  15r 5.1579484e+06 7.20e+00 9.99e+02   0.9 0.00e+00    -  0.00e+00 3.15e-07R  5
  16r 5.8195445e+06 7.20e+00 9.99e+02   0.9 5.17e+02    -  6.74e-03 2.86e-04f  1
  17r 2.4156051e+07 7.18e+00 9.91e+02   0.9 2.67e+02    -  2.18e-03 7.48e-03f  1
  18r 4.0455501e+07 7.17e+00 9.83e+02   0.9 1.64e+02    -  2.70e-02 8.28e-03f  1
  19r 8.3555165e+07 7.14e+00 9.49e+02   0.9 1.11e+01    -  5.19e-01 3.47e-02f  1
iter    objective    inf_pr   inf_du lg(mu)  ||d||  lg(rg) alpha_du alpha_pr  ls
  20r 9.7533982e+07 7.13e+00 8.20e+02   0.9 1.26e+01    -  1.98e-01 1.35e-01f  1
  21r 1.4591262e+08 7.10e+00 2.41e+02   0.9 3.64e+00    -  9.92e-01 7.07e-01f  1
  22r 1.4140755e+08 6.66e+00 9.92e+00   0.2 1.08e+00    -  8.86e-01 1.00e+00f  1
  23r 1.3589420e+08 6.71e+00 1.87e+01  -1.2 1.56e+00    -  7.62e-01 8.58e-01f  1
  24r 1.3400182e+08 6.67e+00 5.76e-07  -1.2 4.42e-01    -  1.00e+00 1.00e+00f  1
  25r 1.2408747e+08 6.89e+00 1.23e+00  -2.9 9.39e-01    -  6.47e-01 1.00e+00f  1
  26r 1.2283336e+08 6.89e+00 1.24e-08  -2.9 1.59e-01    -  1.00e+00 1.00e+00f  1
  27r 1.1544550e+08 7.01e+00 2.96e-02  -4.4 5.00e-01    -  6.96e-01 1.00e+00f  1
  28r 1.1442993e+08 7.01e+00 4.35e-10  -4.4 4.34e-02    -  1.00e+00 1.00e+00f  1
  29r 1.1006518e+08 7.06e+00 2.03e-03  -5.0 1.40e-01    -  9.49e-01 1.00e+00f  1

Number of Iterations....: 29

                                   (scaled)                 (unscaled)
Objective...............:   1.0943971280647222e+04    1.0943971280647221e+08
Dual infeasibility......:   1.0000000498662737e+02    1.0000000498662738e+06
Constraint violation....:   7.0595308577240425e+00    7.0595308577240425e+00
Variable bound violation:   6.4642490471555902e-08    6.4642490471555902e-08
Complementarity.........:   2.1555225149860025e-05    2.1555225149860024e-01
Overall NLP error.......:   1.0000000498662737e+02    1.0000000498662738e+06


Number of objective function evaluations             = 38
Number of objective gradient evaluations             = 16
Number of equality constraint evaluations            = 38
Number of inequality constraint evaluations          = 38
Number of equality constraint Jacobian evaluations   = 1
Number of inequality constraint Jacobian evaluations = 1
Number of Lagrangian Hessian evaluations             = 2
Total seconds in IPOPT                               = 0.182

EXIT: Converged to a point of local infeasibility. Problem may be infeasible.
