This is Ipopt version 3.14.19, running with linear solver ma57.

Number of nonzeros in equality constraint Jacobian...:    13682
Number of nonzeros in inequality constraint Jacobian.:     3120
Number of nonzeros in Lagrangian Hessian.............:      899

Total number of variables............................:     5539
                     variables with only lower bounds:        0
                variables with lower and upper bounds:     4303
                     variables with only upper bounds:        0
Total number of equality constraints.................:     3582
Total number of inequality constraints...............:     1560
        inequality constraints with only lower bounds:        0
   inequality constraints with lower and upper bounds:     1560
        inequality constraints with only upper bounds:        0

iter    objective    inf_pr   inf_du lg(mu)  ||d||  lg(rg) alpha_du alpha_pr  ls
   0  2.5680799e+07 1.50e+01 8.46e+01  -1.0 0.00e+00    -  0.00e+00 0.00e+00   0
   1  2.5680899e+07 1.50e+01 8.43e+01  -1.0 2.73e+01    -  9.08e-03 2.71e-05f  1
   2  2.2633469e+07 1.48e+01 8.42e+01  -1.0 2.84e+01    -  6.43e-04 1.77e-02f  1
   3  2.2140311e+07 1.45e+01 8.36e+01  -1.0 3.98e+01    -  8.99e-03 2.00e-02f  1
   4  2.1039947e+07 1.39e+01 8.22e+01  -1.0 2.38e+01  -4.0 1.96e-02 3.72e-02f  1
   5  1.8796884e+07 1.29e+01 7.79e+01  -1.0 4.86e+01    -  5.60e-02 7.58e-02f  1
   6  1.4131802e+07 1.05e+01 6.27e+01  -1.0 1.63e+02    -  1.93e-01 1.83e-01f  1
   7  7.5050180e+06 6.28e+00 3.35e+01  -1.0 2.68e+01    -  4.55e-01 4.02e-01f  1
   8  7.4432287e+06 6.24e+00 2.29e+02  -1.0 1.20e+01    -  6.52e-01 6.75e-03f  1
   9  7.4374287e+06 6.23e+00 3.80e+03  -1.0 3.30e+01    -  7.45e-03 4.04e-04h  1
iter    objective    inf_pr   inf_du lg(mu)  ||d||  lg(rg) alpha_du alpha_pr  ls
  10  7.4351814e+06 6.23e+00 2.09e+05  -1.0 6.69e+01    -  7.83e-03 1.48e-04h  1
  11  7.4237771e+06 6.23e+00 1.37e+08  -1.0 2.55e+01    -  7.40e-01 1.14e-03h  1
  12r 7.4237771e+06 6.23e+00 1.00e+03   0.8 0.00e+00    -  0.00e+00 9.82e-08R  2
  13r 7.6408972e+06 4.86e+00 1.00e+03   0.8 3.13e+03    -  3.21e-03 6.56e-04f  1
  14  7.6408850e+06 4.86e+00 3.13e+03  -1.0 1.03e+01    -  9.23e-03 7.84e-07f  3
  15r 7.6408850e+06 4.86e+00 1.00e+03   0.7 0.00e+00  -4.5 0.00e+00 2.95e-07R  4
  16r 8.7037654e+06 4.56e+00 1.00e+03   0.7 2.24e+03    -  2.30e-03 3.91e-04f  1
  17r 1.8546188e+07 4.56e+00 9.97e+02   0.7 1.32e+03    -  2.92e-04 3.01e-03f  1
  18r 2.5148261e+07 4.56e+00 9.96e+02   0.7 5.62e+02    -  1.04e-03 1.77e-03f  1
  19r 3.5184805e+07 4.56e+00 9.93e+02   0.7 2.67e+02    -  2.72e-03 2.58e-03f  1
iter    objective    inf_pr   inf_du lg(mu)  ||d||  lg(rg) alpha_du alpha_pr  ls
  20r 5.3067981e+07 4.56e+00 9.87e+02   0.7 1.41e+02    -  9.55e-03 5.07e-03f  1
  21r 8.8515864e+07 4.55e+00 9.71e+02   0.7 1.50e+01    -  7.42e-02 1.61e-02f  1
  22r 1.3872440e+08 4.51e+00 8.80e+02   0.7 1.72e+01    -  1.84e-01 9.35e-02f  1
  23r 1.8354842e+08 4.38e+00 5.53e+02   0.7 1.11e+01    -  8.36e-01 3.71e-01f  1
  24r 1.9983424e+08 4.01e+00 1.00e+00   0.7 4.48e+00    -  9.94e-01 1.00e+00f  1
  25  1.8668727e+08 4.00e+00 9.96e+01  -1.0 7.69e+01    -  9.92e-03 2.72e-03f  1
  26  1.8520477e+08 4.00e+00 1.71e+02  -1.0 7.60e+01    -  1.35e-02 3.19e-04f  1
  27  1.8514107e+08 4.00e+00 3.87e+04  -1.0 2.92e+02  -5.0 3.26e-03 1.48e-05f  1
  28r 1.8514107e+08 4.00e+00 1.00e+03   0.6 0.00e+00  -5.4 0.00e+00 8.27e-08R  2
  29r 1.8594912e+08 4.00e+00 9.95e+02   0.6 1.63e+00    -  9.90e-01 4.31e-03f  1
iter    objective    inf_pr   inf_du lg(mu)  ||d||  lg(rg) alpha_du alpha_pr  ls
  30r 2.0227714e+08 1.71e+00 4.00e-05   0.6 3.38e+00    -  1.00e+00 1.00e+00f  1
  31  1.9510597e+08 1.71e+00 9.97e+01  -1.0 7.85e+01    -  9.33e-03 1.48e-03f  1
  32  1.9007480e+08 1.70e+00 9.93e+01  -1.0 7.85e+01  -5.9 1.59e-02 1.06e-03f  1
  33  1.8964138e+08 1.70e+00 1.13e+03  -1.0 7.33e+02  -6.4 1.57e-03 9.63e-05f  1
  34  1.8963811e+08 1.70e+00 1.74e+07  -1.0 8.07e+02    -  2.15e-02 7.36e-07f  2
  35r 1.8963811e+08 1.70e+00 1.00e+03   0.2 0.00e+00  -6.9 0.00e+00 3.72e-07R  2
  36r 1.8972732e+08 1.70e+00 9.97e+02   0.2 4.03e-01    -  9.90e-01 1.68e-03f  1
  37r 2.0138975e+08 1.32e+00 1.70e-05   0.2 6.98e-01    -  1.00e+00 1.00e+00f  1
  38  1.9585876e+08 1.31e+00 9.97e+01  -1.0 7.90e+01    -  9.25e-03 1.14e-03f  1
  39  1.9551536e+08 1.31e+00 1.31e+03  -1.0 7.92e+01    -  1.08e-02 7.24e-05f  1
iter    objective    inf_pr   inf_du lg(mu)  ||d||  lg(rg) alpha_du alpha_pr  ls
  40  1.9551032e+08 1.31e+00 4.03e+06  -1.0 1.61e+02    -  6.92e-03 1.12e-06f  2
  41  1.9550906e+08 1.31e+00 5.44e+09  -1.0 7.76e+02  -7.3 1.54e-03 2.83e-07f  3
  42  6.8878342e+07 1.31e+00 5.27e+09  -1.0 7.90e+02  -7.8 3.11e-02 2.90e-02f  1
  43  2.8097754e+07 1.30e+00 4.84e+09  -1.0 4.99e+01  -8.3 8.32e-02 3.37e-02f  1
  44  1.9827522e+07 1.28e+00 3.98e+09  -1.0 2.17e+02    -  1.82e-01 6.47e-02f  1
  45r 1.9827522e+07 1.28e+00 9.99e+02   0.1 0.00e+00    -  0.00e+00 4.35e-07R  2
  46r 2.5233602e+07 1.27e+00 8.87e+02   0.1 3.54e+00    -  8.53e-01 1.13e-01f  1
  47r 5.0966417e+07 1.26e+00 7.45e+02   0.1 7.93e+00    -  4.78e-01 1.59e-01f  1
  48r 1.7698315e+08 1.18e+00 1.30e-01   0.1 6.57e+00    -  9.92e-01 1.00e+00f  1
  49r 1.5596559e+08 1.20e+00 6.25e+00  -1.3 3.08e+00    -  5.09e-01 1.00e+00f  1
iter    objective    inf_pr   inf_du lg(mu)  ||d||  lg(rg) alpha_du alpha_pr  ls
  50r 1.5231211e+08 1.20e+00 2.13e-02  -1.3 4.44e-01    -  9.99e-01 1.00e+00f  1
  51r 1.1872921e+08 1.21e+00 8.16e-01  -3.0 2.01e+00    -  4.80e-01 1.00e+00f  1
  52r 1.1483129e+08 1.21e+00 9.62e-02  -3.0 1.43e-01    -  9.52e-01 1.00e+00f  1
  53r 9.4299531e+07 1.21e+00 1.04e-08  -3.0 4.92e-01    -  1.00e+00 1.00e+00f  1
  54r 6.8966834e+07 1.23e+00 2.05e-02  -4.5 7.97e-01    -  7.44e-01 1.00e+00f  1

Number of Iterations....: 54

                                   (scaled)                 (unscaled)
Objective...............:   6.5574455130648839e+03    6.5574455130648836e+07
Dual infeasibility......:   1.0000000000741568e+02    1.0000000000741568e+06
Constraint violation....:   1.2404144410952287e+00    1.2404144410952287e+00
Variable bound violation:   4.0325008221486769e-08    4.0325008221486769e-08
Complementarity.........:   8.2400376463098160e-05    8.2400376463098157e-01
Overall NLP error.......:   1.0000000000741568e+02    1.0000000000741568e+06


Number of objective function evaluations             = 74
Number of objective gradient evaluations             = 37
Number of equality constraint evaluations            = 74
Number of inequality constraint evaluations          = 74
Number of equality constraint Jacobian evaluations   = 1
Number of inequality constraint Jacobian evaluations = 1
Number of Lagrangian Hessian evaluations             = 2
Total seconds in IPOPT                               = 0.394

EXIT: Converged to a point of local infeasibility. Problem may be infeasible.
