This is Ipopt version 3.14.19, running with linear solver ma57.

Number of nonzeros in equality constraint Jacobian...:    13237
Number of nonzeros in inequality constraint Jacobian.:     3120
Number of nonzeros in Lagrangian Hessian.............:      454

Total number of variables............................:     5094
                     variables with only lower bounds:        0
                variables with lower and upper bounds:     3858
                     variables with only upper bounds:        0
Total number of equality constraints.................:     3582
Total number of inequality constraints...............:     1560
        inequality constraints with only lower bounds:        0
   inequality constraints with lower and upper bounds:     1560
        inequality constraints with only upper bounds:        0

iter    objective    inf_pr   inf_du lg(mu)  ||d||  lg(rg) alpha_du alpha_pr  ls
   0  1.5558883e+07 1.88e+01 8.25e+01  -1.0 0.00e+00    -  0.00e+00 0.00e+00   0
   1  1.5561444e+07 1.88e+01 8.25e+01  -1.0 8.00e+01    -  8.23e-03 2.53e-05f  1
   2  1.2792852e+07 1.85e+01 8.24e+01  -1.0 2.11e+01  -4.0 9.78e-04 1.43e-02f  1
   3  1.2249371e+07 1.81e+01 8.10e+01  -1.0 1.65e+01  -4.5 1.81e-02 2.19e-02f  1
   4  1.1407564e+07 1.71e+01 7.52e+01  -1.0 6.87e+01    -  6.79e-02 5.42e-02f  1
   5  8.3014146e+06 1.39e+01 6.61e+01  -1.0 5.25e+01    -  1.34e-01 1.86e-01f  1
   6  4.9720232e+06 9.22e+00 3.83e+01  -1.0 1.12e+01  -5.0 5.09e-01 3.38e-01f  1
   7  4.9372187e+06 9.16e+00 6.03e+01  -1.0 3.65e+01    -  4.44e-02 6.09e-03f  1
   8  4.9345830e+06 9.16e+00 1.07e+03  -1.0 1.25e+02    -  1.79e-02 3.64e-04h  1
   9  4.9299718e+06 9.15e+00 5.26e+04  -1.0 7.29e+00  -5.4 2.33e-02 4.61e-04h  1
iter    objective    inf_pr   inf_du lg(mu)  ||d||  lg(rg) alpha_du alpha_pr  ls
  10  4.9296221e+06 9.15e+00 4.43e+07  -1.0 7.87e+01    -  2.52e-02 3.02e-05h  1
  11r 4.9296221e+06 9.15e+00 1.00e+03   1.0 0.00e+00    -  0.00e+00 1.67e-07R  2
  12r 4.9770290e+06 8.58e+00 1.00e+03   1.0 1.63e+03    -  4.32e-03 3.82e-04f  1
  13r 5.6693706e+06 7.15e+00 9.94e+02   1.0 1.40e+03    -  1.70e-02 5.63e-03f  1
  14  5.6657768e+06 7.15e+00 7.01e+02  -1.0 8.03e+00  -5.9 2.59e-02 3.90e-05h  1
  15r 5.6657768e+06 7.15e+00 9.99e+02   0.9 0.00e+00    -  0.00e+00 2.71e-07R  4
  16r 6.6795463e+06 7.15e+00 9.98e+02   0.9 4.15e+02    -  5.27e-03 5.03e-04f  1
  17r 2.1934283e+07 7.13e+00 9.92e+02   0.9 3.24e+02    -  7.23e-04 6.41e-03f  1
  18r 3.5535634e+07 7.12e+00 9.87e+02   0.9 1.85e+02    -  6.10e-03 5.54e-03f  1
  19r 5.1493514e+07 7.11e+00 9.79e+02   0.9 2.15e+01    -  3.79e-02 7.42e-03f  1
iter    objective    inf_pr   inf_du lg(mu)  ||d||  lg(rg) alpha_du alpha_pr  ls
  20r 1.1888406e+08 7.06e+00 9.28e+02   0.9 1.10e+01    -  4.54e-01 5.22e-02f  1
  21r 1.7572251e+08 7.04e+00 4.09e+02   0.9 3.56e+00    -  9.91e-01 5.59e-01f  1
  22r 1.7530000e+08 6.73e+00 2.42e+00   0.2 4.44e-01    -  1.00e+00 1.00e+00f  1
  23r 1.6744493e+08 6.79e+00 1.22e+01  -1.9 1.16e+00    -  7.80e-01 8.80e-01f  1
  24r 1.6579033e+08 6.77e+00 1.14e-07  -1.9 1.47e-01    -  1.00e+00 1.00e+00f  1
  25r 1.5011760e+08 6.92e+00 1.28e-01  -4.4 8.74e-01    -  6.07e-01 1.00e+00f  1
  26r 1.4904635e+08 6.92e+00 3.07e-03  -4.4 5.33e-02    -  9.87e-01 1.00e+00f  1
  27r 1.4054586e+08 6.96e+00 3.49e-05  -4.4 2.34e-01    -  9.94e-01 1.00e+00f  1
  28r 1.3516735e+08 7.00e+00 2.33e-03  -5.0 1.36e-01    -  1.00e+00 1.00e+00f  1

Number of Iterations....: 28

                                   (scaled)                 (unscaled)
Objective...............:   1.3462153856565470e+04    1.3462153856565470e+08
Dual infeasibility......:   1.0000000510040664e+02    1.0000000510040664e+06
Constraint violation....:   6.9994275172565157e+00    6.9994275172565157e+00
Variable bound violation:   6.4642491359734322e-08    6.4642491359734322e-08
Complementarity.........:   1.8375844079042521e-05    1.8375844079042519e-01
Overall NLP error.......:   1.0000000510040664e+02    1.0000000510040664e+06


Number of objective function evaluations             = 36
Number of objective gradient evaluations             = 16
Number of equality constraint evaluations            = 36
Number of inequality constraint evaluations          = 36
Number of equality constraint Jacobian evaluations   = 1
Number of inequality constraint Jacobian evaluations = 1
Number of Lagrangian Hessian evaluations             = 2
Total seconds in IPOPT                               = 0.164

EXIT: Converged to a point of local infeasibility. Problem may be infeasible.
