This is Ipopt version 3.14.19, running with linear solver ma57.

Number of nonzeros in equality constraint Jacobian...:    13682
Number of nonzeros in inequality constraint Jacobian.:     3120
Number of nonzeros in Lagrangian Hessian.............:      899

Total number of variables............................:     5539
                     variables with only lower bounds:        0
                variables with lower and upper bounds:     4303
                     variables with only upper bounds:        0
Total number of equality constraints.................:     3582
Total number of inequality constraints...............:     1560
        inequality constraints with only lower bounds:        0
   inequality constraints with lower and upper bounds:     1560
        inequality constraints with only upper bounds:        0

iter    objective    inf_pr   inf_du lg(mu)  ||d||  lg(rg) alpha_du alpha_pr  ls
   0  1.2481340e+07 1.50e+01 8.45e+01  -1.0 0.00e+00    -  0.00e+00 0.00e+00   0
   1  1.2481646e+07 1.50e+01 8.42e+01  -1.0 1.65e+01    -  1.04e-02 2.37e-05f  1
   2  9.7492026e+06 1.48e+01 8.41e+01  -1.0 1.90e+01    -  1.79e-03 1.56e-02f  1
   3  9.6456877e+06 1.42e+01 8.32e+01  -1.0 1.48e+01  -4.0 1.56e-02 3.69e-02f  1
   4  8.7014253e+06 1.35e+01 7.99e+01  -1.0 1.38e+01  -4.5 4.15e-02 5.10e-02f  1
   5  7.1601699e+06 1.15e+01 6.47e+01  -1.0 2.09e+01    -  1.84e-01 1.48e-01f  1
   6  3.9557204e+06 7.39e+00 4.55e+01  -1.0 1.11e+01  -5.0 3.05e-01 3.58e-01f  1
   7  3.9275493e+06 7.35e+00 5.31e+01  -1.0 7.28e+00  -5.4 4.52e-02 6.31e-03f  1
   8  3.9251468e+06 7.34e+00 2.54e+03  -1.0 7.37e+00  -5.9 6.28e-02 4.18e-04h  1
   9  3.9209574e+06 7.34e+00 1.44e+05  -1.0 7.41e+00  -6.4 2.88e-02 4.93e-04h  1
iter    objective    inf_pr   inf_du lg(mu)  ||d||  lg(rg) alpha_du alpha_pr  ls
  10  3.9207693e+06 7.34e+00 1.17e+09  -1.0 7.42e+00  -6.9 1.61e-01 2.00e-05h  1
  11  3.3369400e+06 6.52e+00 6.82e+08  -1.0 1.14e+02    -  5.70e-01 1.38e-01f  1
  12  3.3300700e+06 6.51e+00 6.62e+08  -1.0 3.30e+01    -  7.40e-02 1.73e-03f  1
  13  3.3269285e+06 6.51e+00 6.60e+08  -1.0 4.45e+01    -  6.88e-03 3.66e-04h  1
  14  3.3262078e+06 6.51e+00 6.06e+08  -1.0 3.19e+01    -  2.25e-01 1.64e-04h  1
  15  2.7056715e+06 5.72e+00 3.83e+08  -1.0 6.68e+01    -  7.65e-01 1.90e-01f  1
  16  1.5657427e+06 3.26e+00 1.12e+08  -1.0 3.56e+01    -  9.90e-01 7.30e-01f  1
  17  1.4970915e+06 2.68e+00 1.51e+08  -1.0 2.16e+00  -7.3 1.00e+00 6.40e-01h  1
  18  1.5016088e+06 2.40e+00 6.12e+07  -1.0 3.93e+01    -  1.00e+00 8.54e-01h  1
  19r 1.5016088e+06 2.40e+00 1.00e+03   0.4 0.00e+00    -  0.00e+00 2.82e-07R  4
iter    objective    inf_pr   inf_du lg(mu)  ||d||  lg(rg) alpha_du alpha_pr  ls
  20r 2.4019818e+06 2.43e+00 9.68e+02   0.4 7.35e+00    -  5.45e-01 3.29e-02f  1
  21r 3.1795499e+07 3.01e+00 3.48e+02   0.4 1.82e+01    -  4.48e-01 6.41e-01f  1
  22r 7.2594166e+07 3.21e+00 5.87e+01   0.4 1.37e+01    -  8.23e-01 8.31e-01f  1
  23r 8.5793876e+07 3.13e+00 4.97e+01  -0.3 3.44e+00    -  4.18e-01 1.00e+00f  1
  24r 1.0364680e+08 3.13e+00 3.69e+00  -0.3 1.30e+00    -  9.41e-01 1.00e+00f  1
  25r 9.7612347e+07 3.01e+00 6.49e+00  -1.0 1.37e+00    -  7.36e-01 1.00e+00f  1
  26r 1.0599646e+08 2.99e+00 9.59e-07  -1.0 1.04e+00    -  1.00e+00 1.00e+00f  1
  27r 8.3543465e+07 2.80e+00 1.91e+00  -2.6 2.77e+00    -  6.61e-01 1.00e+00f  1
  28r 8.1264131e+07 2.76e+00 2.66e-08  -2.6 3.16e-01    -  1.00e+00 1.00e+00f  1
  29r 5.6414374e+07 2.54e+00 4.89e-02  -3.9 1.72e+00    -  8.16e-01 1.00e+00f  1
iter    objective    inf_pr   inf_du lg(mu)  ||d||  lg(rg) alpha_du alpha_pr  ls
  30r 5.2533391e+07 2.50e+00 1.37e-09  -3.9 1.40e-01    -  1.00e+00 1.00e+00f  1
  31r 3.4332458e+07 2.41e+00 6.69e-03  -5.0 8.07e-01    -  7.42e-01 1.00e+00f  1

Number of Iterations....: 31

                                   (scaled)                 (unscaled)
Objective...............:   3.1967159145157493e+03    3.1967159145157490e+07
Dual infeasibility......:   9.9999999999992696e+01    9.9999999999992701e+05
Constraint violation....:   2.4184318869956600e+00    2.4184318869956600e+00
Variable bound violation:   6.4642491359734322e-08    6.4642491359734322e-08
Complementarity.........:   3.5247612268505620e-05    3.5247612268505618e-01
Overall NLP error.......:   9.9999999999992696e+01    9.9999999999992701e+05


Number of objective function evaluations             = 38
Number of objective gradient evaluations             = 21
Number of equality constraint evaluations            = 38
Number of inequality constraint evaluations          = 38
Number of equality constraint Jacobian evaluations   = 1
Number of inequality constraint Jacobian evaluations = 1
Number of Lagrangian Hessian evaluations             = 2
Total seconds in IPOPT                               = 0.231

EXIT: Converged to a point of local infeasibility. Problem may be infeasible.
