This is Ipopt version 3.14.19, running with linear solver ma57.

Number of nonzeros in equality constraint Jacobian...:    13682
Number of nonzeros in inequality constraint Jacobian.:     3120
Number of nonzeros in Lagrangian Hessian.............:      899

Total number of variables............................:     5539
                     variables with only lower bounds:        0
                variables with lower and upper bounds:     4303
                     variables with only upper bounds:        0
Total number of equality constraints.................:     3582
Total number of inequality constraints...............:     1560
        inequality constraints with only lower bounds:        0
   inequality constraints with lower and upper bounds:     1560
        inequality constraints with only upper bounds:        0

iter    objective    inf_pr   inf_du lg(mu)  ||d||  lg(rg) alpha_du alpha_pr  ls
   0  2.4464269e+07 1.50e+01 8.51e+01  -1.0 0.00e+00    -  0.00e+00 0.00e+00   0
   1  2.4464219e+07 1.50e+01 8.48e+01  -1.0 2.38e+01    -  9.28e-03 2.82e-05f  1
   2  2.1320139e+07 1.48e+01 8.48e+01  -1.0 2.75e+01    -  6.86e-04 1.76e-02f  1
   3  2.0848641e+07 1.44e+01 8.42e+01  -1.0 2.48e+01  -4.0 9.16e-03 2.11e-02f  1
   4  1.9791804e+07 1.39e+01 8.27e+01  -1.0 2.30e+01    -  2.08e-02 3.81e-02f  1
   5  1.7637849e+07 1.28e+01 7.79e+01  -1.0 2.17e+01  -4.5 6.12e-02 7.90e-02f  1
   6  1.3056308e+07 1.03e+01 6.07e+01  -1.0 2.01e+01  -5.0 2.17e-01 1.96e-01f  1
   7  8.5616165e+06 7.35e+00 3.64e+01  -1.0 1.67e+01  -5.4 4.92e-01 2.86e-01f  1
   8  8.5081007e+06 7.31e+00 8.96e+01  -1.0 4.28e+01    -  5.77e-02 4.85e-03f  1
   9  8.5035542e+06 7.31e+00 5.02e+03  -1.0 3.84e+01    -  4.17e-02 3.44e-04h  1
iter    objective    inf_pr   inf_du lg(mu)  ||d||  lg(rg) alpha_du alpha_pr  ls
  10  8.4978179e+06 7.31e+00 3.86e+05  -1.0 1.06e+02    -  2.88e-02 3.68e-04h  1
  11  8.4976381e+06 7.31e+00 5.78e+09  -1.0 1.50e+01    -  1.64e-01 1.10e-05h  1
  12  5.3866969e+06 5.61e+00 2.56e+09  -1.0 1.37e+01  -5.9 5.75e-01 3.19e-01f  1
  13  5.3565562e+06 5.60e+00 8.42e+08  -1.0 2.22e+01    -  8.00e-01 4.74e-03f  1
  14  5.3495953e+06 5.59e+00 8.37e+08  -1.0 1.53e+01  -6.4 1.06e-02 6.91e-04h  1
  15  5.3479995e+06 5.59e+00 7.57e+08  -1.0 1.54e+01  -6.9 1.90e-01 2.04e-04h  1
  16  4.5060068e+06 5.16e+00 3.63e+08  -1.0 2.11e+01    -  9.91e-01 1.32e-01f  1
  17  1.6249670e+06 2.83e+00 7.28e+07  -1.0 3.43e+02    -  1.00e+00 8.24e-01f  1
  18  1.4839815e+06 2.53e+00 1.69e+08  -1.0 2.38e+00  -7.3 1.00e+00 5.93e-01f  1
  19  1.4507301e+06 2.36e+00 6.77e+07  -1.0 6.98e-01  -7.8 1.00e+00 8.36e-01h  1
iter    objective    inf_pr   inf_du lg(mu)  ||d||  lg(rg) alpha_du alpha_pr  ls
  20  1.4466429e+06 2.33e+00 1.87e-07  -1.0 4.50e+00    -  1.00e+00 1.00e+00h  1
  21  1.4466074e+06 2.33e+00 1.78e-07  -1.0 4.11e-01    -  1.00e+00 1.00e+00s 22
  22  1.4466074e+06 2.33e+00 4.77e-07  -1.0 1.06e-05  -8.3 1.00e+00 1.00e+00s 22
  23r 1.4466074e+06 2.33e+00 1.00e+03   0.4 0.00e+00  -8.8 0.00e+00 0.00e+00R  1
  24r 7.0885075e+06 2.54e+00 8.27e+02   0.4 2.84e+01    -  1.13e-01 1.80e-01f  1
  25r 1.3428950e+07 2.75e+00 6.17e+02   0.4 9.77e+00    -  8.98e-01 2.48e-01f  1
  26r 6.0473126e+07 2.93e+00 3.82e+02   0.4 1.89e+01    -  2.19e-01 3.81e-01f  1
  27r 1.4646540e+08 3.18e+00 4.44e+01   0.4 1.07e+01    -  6.00e-01 8.86e-01f  1
  28r 1.3776661e+08 3.09e+00 5.68e+01  -0.3 4.10e+00    -  3.52e-01 1.00e+00f  1
  29r 1.4186052e+08 3.09e+00 4.66e-06  -0.3 4.38e+00    -  1.00e+00 1.00e+00f  1
iter    objective    inf_pr   inf_du lg(mu)  ||d||  lg(rg) alpha_du alpha_pr  ls
  30r 1.1567969e+08 2.93e+00 9.97e+00  -1.7 4.91e+00    -  6.04e-01 1.00e+00f  1
  31r 1.1246737e+08 2.90e+00 1.26e+00  -1.7 1.43e+00    -  9.62e-01 1.00e+00f  1
  32r 1.0257459e+08 2.79e+00 1.86e-07  -1.7 2.03e+00    -  1.00e+00 1.00e+00f  1
  33r 7.3112557e+07 2.58e+00 1.12e+00  -3.9 4.53e+00    -  5.79e-01 1.00e+00f  1
  34r 7.1106168e+07 2.56e+00 3.14e-01  -3.9 2.81e-01    -  9.02e-01 1.00e+00f  1
  35r 6.1294501e+07 2.47e+00 6.09e-03  -3.9 9.58e-01    -  9.83e-01 1.00e+00f  1
  36r 4.7698137e+07 2.41e+00 1.28e-09  -3.9 9.18e-01    -  1.00e+00 1.00e+00f  1
  37r 3.2031744e+07 2.34e+00 9.97e-03  -5.0 1.22e+00    -  8.15e-01 1.00e+00f  1

Number of Iterations....: 37

                                   (scaled)                 (unscaled)
Objective...............:   3.0629284044889150e+03    3.0629284044889148e+07
Dual infeasibility......:   9.9999999999997172e+01    9.9999999999997171e+05
Constraint violation....:   2.3511866625487428e+00    2.3511866625487428e+00
Variable bound violation:   6.4642490471555902e-08    6.4642490471555902e-08
Complementarity.........:   1.1483286893961333e-05    1.1483286893961332e-01
Overall NLP error.......:   9.9999999999997172e+01    9.9999999999997171e+05


Number of objective function evaluations             = 61
Number of objective gradient evaluations             = 25
Number of equality constraint evaluations            = 61
Number of inequality constraint evaluations          = 61
Number of equality constraint Jacobian evaluations   = 1
Number of inequality constraint Jacobian evaluations = 1
Number of Lagrangian Hessian evaluations             = 2
Total seconds in IPOPT                               = 0.273

EXIT: Converged to a point of local infeasibility. Problem may be infeasible.
