This is Ipopt version 3.14.19, running with linear solver ma57.

Number of nonzeros in equality constraint Jacobian...:    13682
Number of nonzeros in inequality constraint Jacobian.:     3120
Number of nonzeros in Lagrangian Hessian.............:      899

Total number of variables............................:     5539
                     variables with only lower bounds:        0
                variables with lower and upper bounds:     4303
                     variables with only upper bounds:        0
Total number of equality constraints.................:     3582
Total number of inequality constraints...............:     1560
        inequality constraints with only lower bounds:        0
   inequality constraints with lower and upper bounds:     1560
        inequality constraints with only upper bounds:        0

iter    objective    inf_pr   inf_du lg(mu)  ||d||  lg(rg) alpha_du alpha_pr  ls
   0  2.8515561e+07 1.50e+01 8.46e+01  -1.0 0.00e+00    -  0.00e+00 0.00e+00   0
   1  2.8515728e+07 1.50e+01 8.43e+01  -1.0 2.53e+01    -  8.77e-03 2.91e-05f  1
   2  2.5343914e+07 1.48e+01 8.42e+01  -1.0 2.99e+01  -4.0 5.83e-04 1.76e-02f  1
   3  2.4712311e+07 1.45e+01 8.36e+01  -1.0 2.71e+01  -4.5 8.45e-03 1.87e-02f  1
   4  2.3571067e+07 1.40e+01 8.24e+01  -1.0 2.51e+01    -  1.82e-02 3.55e-02f  1
   5  2.1145660e+07 1.30e+01 7.84e+01  -1.0 2.38e+01    -  5.18e-02 7.12e-02f  1
   6  1.6208566e+07 1.08e+01 6.26e+01  -1.0 2.21e+01    -  1.97e-01 1.71e-01f  1
   7  9.8548217e+06 7.35e+00 3.64e+01  -1.0 1.89e+01    -  4.36e-01 3.17e-01f  1
   8  9.7825437e+06 7.30e+00 7.13e+01  -1.0 1.38e+01    -  5.47e-02 5.57e-03f  1
   9  9.7773621e+06 7.30e+00 2.69e+03  -1.0 1.61e+01    -  3.22e-02 3.50e-04h  1
iter    objective    inf_pr   inf_du lg(mu)  ||d||  lg(rg) alpha_du alpha_pr  ls
  10  9.7704363e+06 7.30e+00 1.88e+05  -1.0 1.38e+01    -  2.85e-02 3.98e-04h  1
  11  9.7642213e+06 7.30e+00 2.31e+08  -1.0 2.41e+01    -  5.77e-01 4.72e-04h  1
  12r 9.7642213e+06 7.30e+00 1.00e+03   0.9 0.00e+00    -  0.00e+00 8.71e-08R  2
  13r 1.0301442e+07 7.13e+00 9.98e+02   0.9 3.22e+03    -  2.33e-03 1.25e-03f  1
  14r 1.0489869e+07 7.12e+00 9.96e+02   0.9 1.56e+03    -  9.38e-03 2.46e-03f  1
  15r 1.0389505e+07 7.10e+00 9.89e+02   0.9 4.42e+02    -  1.36e-02 6.23e-03f  1
  16r 1.0914231e+07 7.07e+00 9.78e+02   0.9 1.09e+02    -  6.27e-02 1.12e-02f  1
  17r 1.6372668e+07 7.03e+00 9.26e+02   0.9 4.21e+01    -  1.74e-01 5.31e-02f  1
  18r 2.7279921e+07 7.02e+00 8.58e+02   0.9 1.31e+01    -  4.91e-01 7.34e-02f  1
  19r 6.8065826e+07 7.01e+00 6.78e+02   0.9 1.10e+01    -  4.07e-01 2.10e-01f  1
iter    objective    inf_pr   inf_du lg(mu)  ||d||  lg(rg) alpha_du alpha_pr  ls
  20r 2.0287553e+08 6.97e+00 1.13e+02   0.9 9.92e+00    -  9.18e-01 8.33e-01f  1
  21r 2.0327917e+08 6.93e+00 7.90e+01  -0.5 2.31e+00    -  3.92e-01 8.33e-01f  1
  22r 2.0431037e+08 6.90e+00 1.94e+01  -0.5 1.90e+00    -  9.11e-01 1.00e+00f  1
  23r 2.0968037e+08 6.64e+00 2.92e-06  -0.5 2.35e+00    -  1.00e+00 1.00e+00f  1
  24r 2.0142084e+08 6.81e+00 6.01e+00  -2.9 3.17e+00    -  6.15e-01 9.87e-01f  1
  25r 2.0043557e+08 6.81e+00 2.14e-01  -2.9 2.57e-01    -  9.66e-01 1.00e+00f  1
  26r 1.9458943e+08 6.81e+00 7.65e-03  -2.9 9.28e-01    -  9.64e-01 1.00e+00f  1
  27r 1.8600529e+08 6.92e+00 3.93e-02  -4.3 9.52e-01    -  7.57e-01 1.00e+00f  1
  28r 1.8472385e+08 6.92e+00 4.48e-10  -4.3 1.00e-01    -  1.00e+00 1.00e+00f  1
  29r 1.7909049e+08 6.96e+00 4.86e-03  -5.0 3.20e-01    -  9.25e-01 1.00e+00f  1

Number of Iterations....: 29

                                   (scaled)                 (unscaled)
Objective...............:   1.7839336257169431e+04    1.7839336257169428e+08
Dual infeasibility......:   1.0000000288785887e+02    1.0000000288785887e+06
Constraint violation....:   6.9539712555611857e+00    6.9539712555611857e+00
Variable bound violation:   6.4642490471555902e-08    6.4642490471555902e-08
Complementarity.........:   1.2565500956214100e-05    1.2565500956214098e-01
Overall NLP error.......:   1.0000000288785887e+02    1.0000000288785887e+06


Number of objective function evaluations             = 33
Number of objective gradient evaluations             = 14
Number of equality constraint evaluations            = 33
Number of inequality constraint evaluations          = 33
Number of equality constraint Jacobian evaluations   = 1
Number of inequality constraint Jacobian evaluations = 1
Number of Lagrangian Hessian evaluations             = 2
Total seconds in IPOPT                               = 0.188

EXIT: Converged to a point of local infeasibility. Problem may be infeasible.
