This is Ipopt version 3.14.19, running with linear solver ma57.

Number of nonzeros in equality constraint Jacobian...:    13682
Number of nonzeros in inequality constraint Jacobian.:     3120
Number of nonzeros in Lagrangian Hessian.............:      899

Total number of variables............................:     5539
                     variables with only lower bounds:        0
                variables with lower and upper bounds:     4303
                     variables with only upper bounds:        0
Total number of equality constraints.................:     3582
Total number of inequality constraints...............:     1560
        inequality constraints with only lower bounds:        0
   inequality constraints with lower and upper bounds:     1560
        inequality constraints with only upper bounds:        0

iter    objective    inf_pr   inf_du lg(mu)  ||d||  lg(rg) alpha_du alpha_pr  ls
   0  8.2866024e+06 1.50e+01 8.45e+01  -1.0 0.00e+00    -  0.00e+00 0.00e+00   0
   1  8.2861937e+06 1.50e+01 8.38e+01  -1.0 2.61e+01    -  1.39e-02 1.59e-05f  1
   2  6.4482947e+06 1.47e+01 8.37e+01  -1.0 1.59e+01    -  2.96e-03 1.91e-02f  1
   3  6.3862906e+06 1.38e+01 8.31e+01  -1.0 1.44e+01  -4.0 1.61e-02 6.14e-02f  1
   4  5.6391494e+06 1.31e+01 8.00e+01  -1.0 3.23e+01    -  4.07e-02 5.42e-02f  1
   5  4.6049917e+06 1.07e+01 7.15e+01  -1.0 1.27e+01    -  1.17e-01 1.81e-01f  1
   6  2.8440019e+06 7.44e+00 3.67e+01  -1.0 1.04e+01  -4.5 5.19e-01 3.05e-01f  1
   7  2.8287767e+06 7.40e+00 7.80e+01  -1.0 6.63e+00  -5.0 5.22e-02 5.22e-03f  1
   8  2.8272132e+06 7.40e+00 2.61e+03  -1.0 2.39e+01    -  2.71e-02 3.19e-04h  1
   9  2.8242148e+06 7.39e+00 9.84e+04  -1.0 1.11e+01    -  1.60e-02 4.11e-04h  1
iter    objective    inf_pr   inf_du lg(mu)  ||d||  lg(rg) alpha_du alpha_pr  ls
  10  2.8240334e+06 7.39e+00 4.73e+08  -1.0 2.01e+01    -  1.06e-01 2.25e-05h  1
  11r 2.8240334e+06 7.39e+00 1.00e+03   0.9 0.00e+00    -  0.00e+00 1.38e-07R  2
  12r 2.8645869e+06 7.25e+00 1.00e+03   0.9 1.40e+03    -  3.48e-03 2.64e-04f  1
  13r 3.2173469e+06 7.25e+00 9.97e+02   0.9 1.20e+03    -  1.20e-02 2.51e-03f  1
  14r 4.0135136e+06 7.24e+00 9.90e+02   0.9 5.62e+02    -  2.60e-02 7.41e-03f  1
  15r 5.7137844e+06 7.22e+00 9.71e+02   0.9 9.93e+01    -  3.08e-02 1.84e-02f  1
  16r 8.0475114e+06 7.21e+00 9.48e+02   0.9 3.09e+01    -  2.71e-01 2.35e-02f  1
  17r 4.3599590e+07 7.18e+00 6.73e+02   0.9 1.15e+01    -  4.65e-01 2.91e-01f  1
  18r 8.2072463e+07 7.17e+00 3.48e+02   0.9 8.23e+00    -  8.48e-01 4.82e-01f  1
  19r 8.8332836e+07 7.11e+00 3.82e+01   0.2 1.22e+00    -  7.31e-01 1.00e+00f  1
iter    objective    inf_pr   inf_du lg(mu)  ||d||  lg(rg) alpha_du alpha_pr  ls
  20r 8.9736088e+07 7.08e+00 4.62e+01  -0.5 9.60e-01    -  8.18e-01 1.00e+00f  1
  21r 9.5525963e+07 6.97e+00 2.96e-06  -0.5 7.81e-01    -  1.00e+00 1.00e+00f  1
  22r 9.4374343e+07 7.00e+00 1.03e+01  -1.9 1.73e+00    -  6.33e-01 1.00e+00f  1
  23r 9.5015021e+07 6.92e+00 2.35e-01  -1.9 1.97e-01    -  9.78e-01 1.00e+00f  1
  24r 9.4673425e+07 7.02e+00 2.12e-01  -2.9 8.88e-01    -  8.45e-01 1.00e+00f  1
  25r 9.5431351e+07 6.99e+00 1.29e-08  -2.9 8.00e-02    -  1.00e+00 1.00e+00f  1
  26r 9.3752764e+07 7.09e+00 4.69e-02  -4.3 4.69e-01    -  8.11e-01 1.00e+00f  1
  27r 9.3378946e+07 7.09e+00 4.62e-10  -4.3 2.55e-02    -  1.00e+00 1.00e+00f  1
  28r 9.0889035e+07 7.13e+00 6.08e-03  -5.0 1.75e-01    -  9.28e-01 1.00e+00f  1

Number of Iterations....: 28

                                   (scaled)                 (unscaled)
Objective...............:   9.0460279891299706e+03    9.0460279891299695e+07
Dual infeasibility......:   1.0000000312567191e+02    1.0000000312567191e+06
Constraint violation....:   7.1246776667638834e+00    7.1246776667638834e+00
Variable bound violation:   6.4642485142485384e-08    6.4642485142485384e-08
Complementarity.........:   1.1929075047001056e-05    1.1929075047001056e-01
Overall NLP error.......:   1.0000000312567191e+02    1.0000000312567191e+06


Number of objective function evaluations             = 32
Number of objective gradient evaluations             = 13
Number of equality constraint evaluations            = 32
Number of inequality constraint evaluations          = 32
Number of equality constraint Jacobian evaluations   = 1
Number of inequality constraint Jacobian evaluations = 1
Number of Lagrangian Hessian evaluations             = 2
Total seconds in IPOPT                               = 0.260

EXIT: Converged to a point of local infeasibility. Problem may be infeasible.
