This is Ipopt version 3.14.19, running with linear solver ma57.

Number of nonzeros in equality constraint Jacobian...:    13682
Number of nonzeros in inequality constraint Jacobian.:     3120
Number of nonzeros in Lagrangian Hessian.............:      899

Total number of variables............................:     5539
                     variables with only lower bounds:        0
                variables with lower and upper bounds:     4303
                     variables with only upper bounds:        0
Total number of equality constraints.................:     3582
Total number of inequality constraints...............:     1560
        inequality constraints with only lower bounds:        0
   inequality constraints with lower and upper bounds:     1560
        inequality constraints with only upper bounds:        0

iter    objective    inf_pr   inf_du lg(mu)  ||d||  lg(rg) alpha_du alpha_pr  ls
   0  1.4766953e+07 1.50e+01 8.45e+01  -1.0 0.00e+00    -  0.00e+00 0.00e+00   0
   1  1.4767219e+07 1.50e+01 8.42e+01  -1.0 1.81e+01    -  1.04e-02 2.46e-05f  1
   2  1.1911968e+07 1.48e+01 8.42e+01  -1.0 1.93e+01  -4.0 1.77e-03 1.57e-02f  1
   3  1.1751996e+07 1.42e+01 8.34e+01  -1.0 1.56e+01    -  1.38e-02 3.64e-02f  1
   4  1.0712668e+07 1.36e+01 8.00e+01  -1.0 3.20e+01    -  4.17e-02 4.73e-02f  1
   5  8.8374053e+06 1.16e+01 6.54e+01  -1.0 1.37e+01  -4.5 1.77e-01 1.46e-01f  1
   6  4.8512847e+06 7.39e+00 4.73e+01  -1.0 2.72e+01    -  2.90e-01 3.63e-01f  1
   7  4.8150685e+06 7.34e+00 5.18e+01  -1.0 6.62e+01    -  4.57e-02 6.45e-03f  1
   8  4.8121473e+06 7.34e+00 2.45e+03  -1.0 8.26e+00  -5.0 6.41e-02 4.24e-04h  1
   9  4.8073430e+06 7.33e+00 1.38e+05  -1.0 8.48e+00  -5.4 2.89e-02 4.97e-04h  1
iter    objective    inf_pr   inf_du lg(mu)  ||d||  lg(rg) alpha_du alpha_pr  ls
  10  4.8071324e+06 7.33e+00 1.18e+09  -1.0 1.11e+01    -  1.68e-01 1.98e-05h  1
  11  4.1007084e+06 6.55e+00 6.89e+08  -1.0 9.07e+00  -5.9 5.72e-01 1.31e-01f  1
  12  4.0921235e+06 6.54e+00 6.70e+08  -1.0 1.01e+01  -6.4 6.52e-02 1.64e-03f  1
  13  4.0886860e+06 6.54e+00 6.68e+08  -1.0 1.04e+01  -6.9 7.10e-03 3.49e-04h  1
  14  4.0876956e+06 6.54e+00 5.93e+08  -1.0 1.04e+01  -7.3 3.01e-01 1.82e-04h  1
  15  2.9633433e+06 5.44e+00 3.48e+08  -1.0 4.76e+01    -  7.71e-01 2.62e-01f  1
  16  1.5499276e+06 3.24e+00 1.20e+08  -1.0 9.49e+00  -7.8 9.90e-01 7.11e-01f  1
  17  1.3803738e+06 2.65e+00 1.43e+08  -1.0 9.11e+01    -  1.00e+00 6.56e-01f  1
  18  1.3389634e+06 2.38e+00 5.10e+07  -1.0 9.81e-01  -8.3 1.00e+00 8.78e-01h  1
  19  1.3342327e+06 2.35e+00 2.62e-07  -1.0 1.72e+00    -  1.00e+00 1.00e+00h  1
iter    objective    inf_pr   inf_du lg(mu)  ||d||  lg(rg) alpha_du alpha_pr  ls
  20  1.3340792e+06 2.35e+00 2.38e-07  -1.0 7.71e-01    -  1.00e+00 1.00e+00s 22
  21  1.3340784e+06 2.35e+00 4.77e-07  -1.0 4.61e-05  -8.8 1.00e+00 1.00e+00s 22
  22r 1.3340784e+06 2.35e+00 1.00e+03   0.4 0.00e+00  -9.2 0.00e+00 0.00e+00R  1
  23r 6.1281300e+06 2.55e+00 8.24e+02   0.4 8.16e+00    -  6.50e-01 1.75e-01f  1
  24r 5.6951548e+07 3.29e+00 3.63e+01   0.4 1.20e+01    -  5.41e-01 1.00e+00f  1
  25r 6.4931054e+07 3.17e+00 4.02e+00  -0.3 7.42e+00    -  9.68e-01 1.00e+00f  1
  26r 1.3944047e+08 3.12e+00 4.99e+00  -0.3 6.04e+00    -  5.76e-01 1.00e+00f  1
  27r 1.1781453e+08 2.99e+00 1.20e+01  -1.0 2.43e+00    -  5.23e-01 1.00e+00f  1
  28r 1.1590394e+08 2.97e+00 9.38e-07  -1.0 2.27e+00    -  1.00e+00 1.00e+00f  1
  29r 9.3391247e+07 2.80e+00 1.01e+00  -1.7 1.86e+00    -  7.69e-01 1.00e+00f  1
iter    objective    inf_pr   inf_du lg(mu)  ||d||  lg(rg) alpha_du alpha_pr  ls
  30r 9.2893215e+07 2.80e+00 1.88e-07  -1.7 2.73e-01    -  1.00e+00 1.00e+00f  1
  31r 6.7593809e+07 2.59e+00 4.34e-01  -3.9 2.49e+00    -  7.21e-01 1.00e+00f  1
  32r 6.5467583e+07 2.56e+00 2.21e-02  -3.9 1.61e-01    -  9.87e-01 1.00e+00f  1
  33r 4.8729132e+07 2.44e+00 1.30e-09  -3.9 9.92e-01    -  1.00e+00 1.00e+00f  1
  34r 3.2035122e+07 2.36e+00 1.08e-02  -5.0 9.66e-01    -  7.28e-01 1.00e+00f  1

Number of Iterations....: 34

                                   (scaled)                 (unscaled)
Objective...............:   3.0165061840146195e+03    3.0165061840146195e+07
Dual infeasibility......:   9.9999999999999147e+01    9.9999999999999150e+05
Constraint violation....:   2.3674518281265975e+00    2.3674518281265975e+00
Variable bound violation:   6.4642491359734322e-08    6.4642491359734322e-08
Complementarity.........:   2.6182544133949576e-05    2.6182544133949576e-01
Overall NLP error.......:   9.9999999999999147e+01    9.9999999999999150e+05


Number of objective function evaluations             = 58
Number of objective gradient evaluations             = 24
Number of equality constraint evaluations            = 58
Number of inequality constraint evaluations          = 58
Number of equality constraint Jacobian evaluations   = 1
Number of inequality constraint Jacobian evaluations = 1
Number of Lagrangian Hessian evaluations             = 2
Total seconds in IPOPT                               = 0.255

EXIT: Converged to a point of local infeasibility. Problem may be infeasible.
