This is Ipopt version 3.14.19, running with linear solver ma57.

Number of nonzeros in equality constraint Jacobian...:    61491
Number of nonzeros in inequality constraint Jacobian.:    15828
Number of nonzeros in Lagrangian Hessian.............:   105683

Total number of variables............................:    15844
                     variables with only lower bounds:        0
                variables with lower and upper bounds:    14608
                     variables with only upper bounds:        0
Total number of equality constraints.................:    11850
Total number of inequality constraints...............:     7951
        inequality constraints with only lower bounds:      730
   inequality constraints with lower and upper bounds:     1560
        inequality constraints with only upper bounds:     5661

iter    objective    inf_pr   inf_du lg(mu)  ||d||  lg(rg) alpha_du alpha_pr  ls
   0  7.3162112e+06 1.06e+01 1.00e+02  -1.0 0.00e+00    -  0.00e+00 0.00e+00   0
   1  7.3159799e+06 1.06e+01 9.90e+01  -1.0 1.02e+01    -  1.83e-02 1.11e-05f  1
   2  6.1575152e+06 1.04e+01 9.84e+01  -1.0 9.70e+00  -4.0 4.75e-03 2.31e-02f  1
   3  6.1122192e+06 9.24e+00 9.68e+01  -1.0 9.69e+00    -  2.53e-02 1.10e-01f  1
   4  5.2921315e+06 8.60e+00 9.32e+01  -1.0 2.49e+01  -4.5 3.85e-02 6.88e-02f  1
   5  4.2148478e+06 6.23e+00 8.51e+01  -1.0 3.42e+01  -5.0 9.85e-02 2.75e-01f  1
   6  3.1207735e+06 4.60e+00 4.67e+01  -1.0 5.45e+01  -5.4 4.43e-01 2.63e-01f  1
   7  1.8818105e+06 8.48e-01 8.50e+00  -1.0 5.67e+01    -  8.18e-01 8.15e-01f  1
   8  1.3644876e+06 8.41e-03 8.19e-01  -1.0 5.55e+01  -5.9 9.90e-01 9.90e-01h  1
   9  1.2333012e+06 2.92e-03 1.77e+01  -1.0 3.17e+01  -5.5 1.00e+00 9.99e-01f  1
iter    objective    inf_pr   inf_du lg(mu)  ||d||  lg(rg) alpha_du alpha_pr  ls
  10  1.2185793e+06 3.66e-04 2.63e-01  -1.0 1.12e+01    -  1.00e+00 1.00e+00h  1
  11  3.8475942e+05 4.33e-04 3.86e+04  -1.7 8.96e+00    -  9.60e-01 1.00e+00f  1
  12  3.2817906e+05 2.50e-04 4.59e-03  -1.7 2.39e+00    -  1.00e+00 1.00e+00h  1
  13  3.2780365e+05 2.01e-04 9.58e-04  -1.7 1.31e+00  -6.0 1.00e+00 1.00e+00h  1
  14  3.2774878e+05 3.23e-08 1.97e-05  -1.7 2.29e-01    -  1.00e+00 1.00e+00h  1
  15  2.0541979e+05 4.47e-05 8.67e+04  -3.8 1.89e+00  -6.4 8.17e-01 5.17e-01f  1
  16  9.7874414e+04 9.93e-05 5.75e+03  -3.8 7.99e-01    -  5.86e-01 8.84e-01f  1
  17  8.3768026e+04 7.46e-05 8.66e+03  -3.8 4.89e-01  -6.9 5.85e-01 9.73e-01f  1
  18  8.2399336e+04 1.29e-04 2.31e+03  -3.8 7.19e-01    -  7.46e-01 1.00e+00h  1
  19  8.1913361e+04 1.49e-04 3.31e-04  -3.8 6.15e-01  -7.4 1.00e+00 1.00e+00h  1
iter    objective    inf_pr   inf_du lg(mu)  ||d||  lg(rg) alpha_du alpha_pr  ls
  20  8.1777249e+04 2.40e-05 5.53e-05  -3.8 1.75e-01    -  1.00e+00 1.00e+00h  1
  21  8.1770544e+04 5.25e-08 5.19e-07  -3.8 1.62e-02  -7.9 1.00e+00 1.00e+00h  1
  22  7.9675710e+04 4.93e-04 5.28e+02  -5.7 1.09e+00    -  7.51e-01 9.96e-01f  1
  23  7.9577363e+04 7.92e-04 1.57e+02  -5.7 1.83e+00  -8.3 7.03e-01 7.37e-01h  1
  24  7.9510336e+04 1.34e-03 2.83e+01  -5.7 1.75e+00  -8.8 8.23e-01 1.00e+00h  1
  25  7.9496138e+04 1.44e-03 5.32e-04  -5.7 1.04e+00  -8.4 1.00e+00 6.94e-01h  1
  26  7.9487117e+04 1.01e-03 1.57e-04  -5.7 5.62e-01  -8.9 1.00e+00 9.70e-01h  1
  27  7.9487146e+04 1.31e-04 6.15e-07  -5.7 2.87e-01  -9.4 1.00e+00 1.00e+00h  1
  28  7.9487104e+04 2.87e-05 9.00e-08  -5.7 1.30e-01  -8.9 1.00e+00 1.00e+00h  1
  29  7.9487099e+04 1.01e-06 2.04e-09  -5.7 2.63e-02  -9.4 1.00e+00 1.00e+00h  1
iter    objective    inf_pr   inf_du lg(mu)  ||d||  lg(rg) alpha_du alpha_pr  ls
  30  7.9487099e+04 9.72e-10 1.86e-11  -5.7 8.19e-04  -9.0 1.00e+00 1.00e+00h  1
  31  7.9472710e+04 2.23e-04 9.07e+00  -8.6 8.97e-01  -9.5 7.50e-01 4.12e-01f  1
  32  7.9464317e+04 3.51e-04 7.36e+00  -8.6 1.38e+00  -9.9 6.49e-01 3.84e-01h  1
  33  7.9459259e+04 4.05e-04 5.11e+00  -8.6 1.44e+00  -9.5 5.99e-01 3.77e-01h  1
  34  7.9455190e+04 4.57e-04 2.66e+00  -8.6 1.14e+00    -  5.74e-01 4.93e-01h  1
  35  7.9452665e+04 3.62e-04 1.04e+00  -8.6 7.31e-01    -  6.93e-01 6.20e-01h  1
  36  7.9452052e+04 5.56e-04 6.75e-01  -8.6 2.99e-01    -  8.73e-01 4.08e-01h  1
  37  7.9451355e+04 4.12e-04 1.48e-01  -8.6 1.98e-01    -  1.00e+00 7.85e-01h  1
  38  7.9451180e+04 1.87e-04 7.08e-03  -8.6 4.79e-02 -10.0 1.00e+00 9.52e-01h  1
  39  7.9451176e+04 1.33e-05 3.54e-03  -8.6 5.90e-02 -10.5 1.00e+00 5.00e-01f  2
iter    objective    inf_pr   inf_du lg(mu)  ||d||  lg(rg) alpha_du alpha_pr  ls
  40  7.9451172e+04 3.48e-07 2.76e-08  -8.6 4.24e-02 -10.9 1.00e+00 1.00e+00h  1

Number of Iterations....: 40

                                   (scaled)                 (unscaled)
Objective...............:   7.9451172346735959e+00    7.9451172346735955e+04
Dual infeasibility......:   2.7589136881604683e-08    2.7589136881604683e-04
Constraint violation....:   3.4767191781082118e-07    3.4767191781082118e-07
Variable bound violation:   2.2669057297974859e-08    2.2669057297974859e-08
Complementarity.........:   2.5555427440174184e-09    2.5555427440174183e-05
Overall NLP error.......:   3.4767191781082118e-07    2.7589136881604683e-04


Number of objective function evaluations             = 42
Number of objective gradient evaluations             = 41
Number of equality constraint evaluations            = 42
Number of inequality constraint evaluations          = 42
Number of equality constraint Jacobian evaluations   = 41
Number of inequality constraint Jacobian evaluations = 41
Number of Lagrangian Hessian evaluations             = 40
Total seconds in IPOPT                               = 3.785

EXIT: Optimal Solution Found.

Gurobi 13.0.2 (win64) logging started Mon Jul 20 16:40:53 2026

Set parameter LogFile to value "C:\Users\ehsanno\DataspellProjects\Spanish_Power_System\results\ipopt_logs\2024-07-08_h04.log"

Gurobi 13.0.2 (win64) logging started Mon Jul 20 16:40:53 2026

Set parameter LogFile to value "C:\Users\ehsanno\DataspellProjects\Spanish_Power_System\results\ipopt_logs\2024-07-08_h04.log"
Gurobi Optimizer version 13.0.2 build v13.0.2rc1 (win64 - Windows 11+.0 (26200.2))

CPU model: 11th Gen Intel(R) Core(TM) i5-1145G7 @ 2.60GHz, instruction set [SSE2|AVX|AVX2|AVX512]
Thread count: 4 physical cores, 8 logical processors, using up to 8 threads

Non-default parameters:
LogToConsole  0

Optimize a model with 5142 rows, 7177 columns and 18440 nonzeros (Min)
Model fingerprint: 0x9ca9c68e
Model has 2031 linear objective coefficients and an objective constant of 9.3358897050866485e+06
Model has 973 quadratic objective terms
Coefficient statistics:
  Matrix range     [1e+00, 1e+04]
  Objective range  [6e+00, 1e+06]
  QObjective range [2e+04, 2e+04]
  Bounds range     [1e-06, 1e+04]
  RHS range        [1e-06, 5e+00]

Presolve removed 3670 rows and 4152 columns
Presolve time: 0.03s
Presolved: 1472 rows, 3025 columns, 8922 nonzeros
Presolved model has 899 quadratic objective terms
Ordering time: 0.00s

Barrier statistics:
 AA' NZ     : 1.768e+04
 Factor NZ  : 4.752e+04 (roughly 2 MB of memory)
 Factor Ops : 1.952e+06 (less than 1 second per iteration)
 Threads    : 1

                  Objective                Residual
Iter       Primal          Dual         Primal    Dual     Compl     Time
   0   3.90630463e+12 -5.18246537e+11  7.00e+03 3.28e+03  3.27e+06     0s
   1   1.15040876e+12 -1.02892616e+11  2.24e+03 1.05e+03  1.06e+06     0s
   2   1.73950642e+11 -6.07253245e+10  3.51e+02 1.65e+02  2.21e+05     0s
   3   5.37342896e+10 -5.01094999e+10  1.09e+02 5.13e+01  7.12e+04     0s
   4   5.52098069e+09 -4.24806040e+10  1.17e+01 5.49e+00  1.48e+04     0s
   5   1.19230061e+09 -2.11505454e+10  2.89e+00 1.36e+00  5.18e+03     0s
   6   5.50507586e+08 -1.35495456e+10  1.50e+00 7.02e-01  3.09e+03     0s
   7   2.64807813e+08 -8.52213019e+09  7.52e-01 3.53e-01  1.84e+03     0s
   8   1.53945749e+08 -5.43200070e+09  3.99e-01 1.87e-01  1.12e+03     0s
   9   1.19474329e+08 -4.19943742e+09  2.66e-01 1.25e-01  8.52e+02     0s
  10   4.53350412e+07 -6.95298749e+08  1.71e-02 8.02e-03  1.27e+02     0s
  11   2.38755304e+07 -2.59138631e+08  4.70e-03 2.20e-03  4.73e+01     0s
  12   9.71343336e+06 -1.07894071e+08  4.22e-04 1.98e-04  1.94e+01     0s
  13   2.68569741e+06 -2.05827431e+07  4.22e-10 1.98e-10  3.82e+00     0s
  14   5.46880418e+05 -2.11741263e+06  9.06e-10 1.27e-11  4.37e-01     0s
  15   2.23096416e+05 -3.70937510e+05  9.89e-10 1.62e-11  9.75e-02     0s
  16   1.76035612e+05 -1.67299003e+05  2.60e-10 9.30e-12  5.64e-02     0s
  17   1.28809880e+05  6.48669123e+04  1.33e-09 1.92e-11  1.05e-02     0s
  18   1.17975942e+05  1.09554988e+05  9.78e-09 1.86e-11  1.38e-03     0s
  19   1.16390428e+05  1.15244363e+05  7.03e-09 1.29e-11  1.88e-04     0s
  20   1.16154951e+05  1.15999746e+05  1.75e-09 1.53e-11  2.55e-05     0s
  21   1.16119164e+05  1.16111149e+05  1.16e-08 1.04e-11  1.32e-06     0s
  22   1.16117250e+05  1.16116797e+05  2.03e-10 8.09e-12  7.43e-08     0s
  23   1.16117143e+05  1.16117140e+05  2.49e-09 9.59e-12  4.67e-10     0s

Barrier solved model in 23 iterations and 0.10 seconds (0.05 work units)
Optimal objective 1.16117143e+05


User-callback calls 85, time in user-callback 0.00 sec
