This is Ipopt version 3.14.19, running with linear solver ma57.

Number of nonzeros in equality constraint Jacobian...:    61487
Number of nonzeros in inequality constraint Jacobian.:    15828
Number of nonzeros in Lagrangian Hessian.............:   105683

Total number of variables............................:    15840
                     variables with only lower bounds:        0
                variables with lower and upper bounds:    14604
                     variables with only upper bounds:        0
Total number of equality constraints.................:    11850
Total number of inequality constraints...............:     7951
        inequality constraints with only lower bounds:      730
   inequality constraints with lower and upper bounds:     1560
        inequality constraints with only upper bounds:     5661

iter    objective    inf_pr   inf_du lg(mu)  ||d||  lg(rg) alpha_du alpha_pr  ls
   0  1.2944040e+07 1.05e+01 1.00e+02  -1.0 0.00e+00    -  0.00e+00 0.00e+00   0
   1  1.2944622e+07 1.05e+01 1.00e+02  -1.0 1.26e+01  -4.0 1.02e-02 2.04e-05f  1
   2  1.0857670e+07 1.03e+01 9.95e+01  -1.0 1.28e+01    -  1.48e-03 1.48e-02f  1
   3  1.0333757e+07 1.00e+01 9.84e+01  -1.0 1.25e+01    -  1.21e-02 2.87e-02f  1
   4  1.0116106e+07 9.57e+00 9.51e+01  -1.0 1.23e+01    -  3.35e-02 4.72e-02f  1
   5  8.6377021e+06 8.34e+00 9.16e+01  -1.0 2.31e+01    -  3.90e-02 1.29e-01f  1
   6  7.4039600e+06 6.91e+00 7.92e+01  -1.0 4.42e+01    -  1.37e-01 1.72e-01f  1
   7  5.6684134e+06 5.08e+00 4.64e+01  -1.0 5.57e+01  -4.5 4.20e-01 2.65e-01f  1
   8  3.9993496e+06 2.48e+00 1.69e+01  -1.0 6.06e+01  -5.0 6.58e-01 5.12e-01f  1
   9  3.1345310e+06 8.52e-01 1.02e+01  -1.0 5.60e+01    -  8.66e-01 6.56e-01f  1
iter    objective    inf_pr   inf_du lg(mu)  ||d||  lg(rg) alpha_du alpha_pr  ls
  10  2.2278064e+06 1.01e-01 8.40e+00  -1.0 6.60e+01    -  9.21e-01 9.90e-01f  1
  11  1.7771624e+06 4.77e-02 2.06e+03  -1.0 7.28e+01    -  8.25e-01 9.93e-01f  1
  12  1.7240711e+06 1.04e-02 1.15e+05  -1.0 2.24e+01    -  1.00e+00 8.52e-01h  1
  13  1.7312313e+06 6.27e-04 3.43e+05  -1.0 4.66e+00  -5.4 4.22e-01 1.00e+00h  1
  14  1.7222349e+06 1.85e-04 6.75e-02  -1.0 3.55e+00  -5.9 1.00e+00 1.00e+00h  1
  15  1.1261739e+06 1.92e-03 2.96e+05  -2.5 1.81e+01  -6.4 7.16e-01 5.07e-01f  1
  16  8.1194215e+05 7.94e-02 1.73e+05  -2.5 4.69e+01    -  5.24e-01 4.78e-01f  1
  17  6.4833522e+05 2.07e-02 1.59e+05  -2.5 7.97e+01  -6.9 7.53e-01 4.36e-01f  1
  18  5.8415265e+05 1.77e-02 1.48e+05  -2.5 7.02e+01    -  1.00e+00 2.82e-01f  1
  19  4.7104023e+05 1.13e-02 4.81e+04  -2.5 4.51e+01  -7.3 1.00e+00 6.75e-01f  1
iter    objective    inf_pr   inf_du lg(mu)  ||d||  lg(rg) alpha_du alpha_pr  ls
  20  4.1814162e+05 2.33e-03 1.55e-02  -2.5 1.75e+01    -  1.00e+00 1.00e+00h  1
  21  4.1836119e+05 1.86e-04 3.48e-04  -2.5 2.14e+00  -7.8 1.00e+00 1.00e+00h  1
  22  4.1835369e+05 2.60e-06 4.05e-06  -2.5 1.87e-01    -  1.00e+00 1.00e+00h  1
  23  3.9689164e+05 2.35e-03 1.08e+04  -3.8 1.79e+01    -  7.11e-01 4.34e-01f  1
  24  3.9070860e+05 3.60e-03 1.16e+04  -3.8 1.38e+01  -8.3 4.45e-01 1.92e-01h  1
  25  3.8337734e+05 5.33e-03 8.06e+03  -3.8 1.69e+01  -8.8 2.14e-01 2.73e-01h  1
  26  3.8199937e+05 4.81e-02 7.54e+03  -3.8 7.92e+01  -6.5 7.73e-02 6.98e-02h  1
  27  3.8174760e+05 9.67e-02 7.44e+03  -3.8 3.02e+03  -7.0 1.17e-02 1.25e-02h  1
  28  3.7620408e+05 6.86e-02 5.87e+03  -3.8 4.83e+01  -7.5 4.69e-01 3.08e-01h  1
  29  3.7046445e+05 3.80e-02 3.78e+03  -3.8 1.18e+01  -8.0 6.72e-01 4.48e-01h  1
iter    objective    inf_pr   inf_du lg(mu)  ||d||  lg(rg) alpha_du alpha_pr  ls
  30  3.6858599e+05 2.80e-02 2.86e+03  -3.8 1.46e+01  -8.4 3.59e-01 2.64e-01h  1
  31  3.6690438e+05 1.88e-02 2.25e+03  -3.8 8.79e+00    -  1.00e+00 3.29e-01h  1
  32  3.6348054e+05 1.73e-03 1.88e-03  -3.8 4.30e+00  -8.9 1.00e+00 1.00e+00h  1
  33  3.6349839e+05 2.19e-04 2.45e-05  -3.8 9.13e-01    -  1.00e+00 1.00e+00h  1
  34  3.6349838e+05 5.16e-06 9.88e-07  -3.8 1.92e-01  -9.4 1.00e+00 1.00e+00h  1
  35  3.6349836e+05 1.62e-08 1.96e-09  -3.8 1.39e-02  -9.9 1.00e+00 1.00e+00h  1
  36  3.6212518e+05 2.55e-03 8.78e+01  -5.7 7.05e+00 -10.4 4.08e-01 3.67e-01f  1
  37  3.6139910e+05 1.48e-02 1.35e+02  -5.7 4.33e+00  -5.4 1.37e-01 2.91e-01h  1
  38  3.6081021e+05 1.07e-02 1.31e+02  -5.7 1.02e+01    -  2.88e-01 3.24e-01h  1
  39  3.6061599e+05 7.06e-02 4.31e+01  -5.7 5.36e+01    -  2.33e-01 1.46e-01h  1
iter    objective    inf_pr   inf_du lg(mu)  ||d||  lg(rg) alpha_du alpha_pr  ls
  40  3.6018045e+05 1.92e-02 3.39e+01  -5.7 4.55e+00  -5.9 4.95e-01 3.95e-01h  1
  41  3.5978849e+05 1.90e-01 1.25e+01  -5.7 8.50e+00    -  5.48e-01 5.57e-01h  1
  42  3.5971187e+05 1.33e-01 6.56e+01  -5.7 3.81e+00    -  6.43e-01 2.36e-01h  1
  43  3.5966173e+05 1.01e-01 6.35e+01  -5.7 9.93e-01  -4.6 4.34e-01 2.04e-01h  1
  44  3.5953469e+05 2.08e-02 2.44e+01  -5.7 1.26e+00  -5.0 6.85e-01 6.37e-01h  1
  45  3.5948509e+05 1.26e-03 1.11e+01  -5.7 1.62e+00  -5.5 1.00e+00 6.67e-01h  1
  46  3.5946175e+05 7.07e-06 1.64e-05  -5.7 4.82e-02  -4.2 1.00e+00 1.00e+00h  1
  47  3.5946155e+05 8.53e-05 1.68e-03  -5.7 1.18e-01  -4.7 1.00e+00 7.81e-01H  1
  48  3.5946150e+05 4.03e-05 3.02e-06  -5.7 1.67e-01  -5.1 1.00e+00 1.00e+00f  1
  49  3.5946145e+05 1.49e-07 2.21e-06  -5.7 4.59e-01  -5.6 1.00e+00 1.00e+00H  1
iter    objective    inf_pr   inf_du lg(mu)  ||d||  lg(rg) alpha_du alpha_pr  ls
  50  3.5946142e+05 1.06e-05 1.10e-06  -5.7 1.57e+00    -  1.00e+00 1.00e+00h  1
  51  3.5946143e+05 3.51e-07 2.04e-08  -5.7 6.10e-01    -  1.00e+00 1.00e+00h  1
  52  3.5946143e+05 7.18e-11 1.70e-09  -5.7 2.12e-03  -6.1 1.00e+00 1.00e+00h  1
  53  3.5943086e+05 2.96e-04 1.92e+00  -8.6 6.78e-01    -  6.06e-01 5.35e-01f  1
  54  3.5941610e+05 1.92e-04 1.82e+00  -8.6 4.11e-01  -6.6 6.31e-01 5.42e-01h  1
  55  3.5940674e+05 6.34e-05 1.09e+00  -8.6 6.40e-02  -4.3 3.40e-01 7.41e-01h  1
  56  3.5940539e+05 5.85e-05 3.70e-01  -8.6 8.35e-02  -4.8 7.96e-01 3.96e-01h  1
  57  3.5940393e+05 3.38e-05 1.42e-01  -8.6 3.42e-02  -4.4 7.65e-01 7.03e-01h  1
  58  3.5940362e+05 8.83e-05 9.89e-02  -8.6 9.80e-02  -4.9 7.12e-01 4.95e-01h  1
  59  3.5940330e+05 4.23e-05 1.84e-03  -8.6 3.68e-02  -4.4 1.00e+00 9.87e-01h  1
iter    objective    inf_pr   inf_du lg(mu)  ||d||  lg(rg) alpha_du alpha_pr  ls
  60  3.5940330e+05 5.02e-05 3.10e-01  -8.6 1.17e-01  -4.9 1.00e+00 2.15e-01f  1
  61  3.5940329e+05 5.15e-05 1.30e-06  -8.6 4.08e-02  -4.5 1.00e+00 1.00e+00f  1

Number of Iterations....: 61

                                   (scaled)                 (unscaled)
Objective...............:   3.5940328912179460e+01    3.5940328912179457e+05
Dual infeasibility......:   1.3046394035371261e-06    1.3046394035371261e-02
Constraint violation....:   5.1510908542079514e-05    5.1510908542079514e-05
Variable bound violation:   1.2080770872557878e-07    1.2080770872557878e-07
Complementarity.........:   2.7245410488331167e-09    2.7245410488331166e-05
Overall NLP error.......:   5.1510908542079514e-05    1.3046394035371261e-02


Number of objective function evaluations             = 64
Number of objective gradient evaluations             = 62
Number of equality constraint evaluations            = 64
Number of inequality constraint evaluations          = 64
Number of equality constraint Jacobian evaluations   = 62
Number of inequality constraint Jacobian evaluations = 62
Number of Lagrangian Hessian evaluations             = 61
Total seconds in IPOPT                               = 5.101

EXIT: Optimal Solution Found.

Gurobi 13.0.2 (win64) logging started Mon Jul 20 16:40:59 2026

Set parameter LogFile to value "C:\Users\ehsanno\DataspellProjects\Spanish_Power_System\results\ipopt_logs\2024-07-08_h16.log"

Gurobi 13.0.2 (win64) logging started Mon Jul 20 16:40:59 2026

Set parameter LogFile to value "C:\Users\ehsanno\DataspellProjects\Spanish_Power_System\results\ipopt_logs\2024-07-08_h16.log"
Gurobi Optimizer version 13.0.2 build v13.0.2rc1 (win64 - Windows 11+.0 (26200.2))

CPU model: 11th Gen Intel(R) Core(TM) i5-1145G7 @ 2.60GHz, instruction set [SSE2|AVX|AVX2|AVX512]
Thread count: 4 physical cores, 8 logical processors, using up to 8 threads

Non-default parameters:
LogToConsole  0

Optimize a model with 5142 rows, 7173 columns and 18436 nonzeros (Min)
Model fingerprint: 0x1a4d8277
Model has 2031 linear objective coefficients and an objective constant of 1.3655454158057669e+07
Model has 973 quadratic objective terms
Coefficient statistics:
  Matrix range     [1e+00, 1e+04]
  Objective range  [8e+00, 1e+06]
  QObjective range [2e+04, 2e+04]
  Bounds range     [2e-06, 1e+04]
  RHS range        [2e-06, 9e+00]

Presolve removed 3664 rows and 4141 columns
Presolve time: 0.02s
Presolved: 1478 rows, 3032 columns, 8924 nonzeros
Presolved model has 899 quadratic objective terms
Ordering time: 0.00s

Barrier statistics:
 AA' NZ     : 1.769e+04
 Factor NZ  : 4.658e+04 (roughly 2 MB of memory)
 Factor Ops : 1.838e+06 (less than 1 second per iteration)
 Threads    : 1

                  Objective                Residual
Iter       Primal          Dual         Primal    Dual     Compl     Time
   0   3.88005504e+12 -5.21570819e+11  7.00e+03 3.28e+03  3.27e+06     0s
   1   1.14977124e+12 -1.06885081e+11  2.26e+03 1.06e+03  1.07e+06     0s
   2   1.63883779e+11 -6.50009000e+10  3.34e+02 1.56e+02  2.12e+05     0s
   3   5.78465644e+10 -5.45986016e+10  1.18e+02 5.56e+01  7.72e+04     0s
   4   5.66088281e+09 -4.73490794e+10  1.19e+01 5.59e+00  1.55e+04     0s
   5   1.41329923e+09 -2.53478585e+10  3.19e+00 1.50e+00  5.95e+03     0s
   6   6.47542077e+08 -1.46633031e+10  1.54e+00 7.21e-01  3.12e+03     0s
   7   3.81896992e+08 -1.03376658e+10  8.66e-01 4.06e-01  2.10e+03     0s
   8   2.17422202e+08 -6.77810432e+09  3.39e-01 1.59e-01  1.28e+03     0s
   9   1.77277353e+08 -5.29378090e+09  2.35e-01 1.10e-01  9.88e+02     0s
  10   8.37572419e+07 -1.31414954e+09  3.72e-02 1.75e-02  2.37e+02     0s
  11   3.04858808e+07 -4.34882011e+08  7.48e-04 3.51e-04  7.63e+01     0s
  12   5.98444705e+06 -2.36142628e+07  9.87e-06 4.63e-06  4.85e+00     0s
  13   1.91997834e+06 -5.55420065e+06  2.11e-06 9.90e-07  1.22e+00     0s
  14   9.77534934e+05 -2.38545579e+06  6.89e-07 3.23e-07  5.51e-01     0s
  15   4.50073588e+05 -2.14797718e+05  3.60e-08 1.69e-08  1.09e-01     0s
  16   3.21771787e+05  2.30744817e+05  1.20e-08 1.80e-11  1.49e-02     0s
  17   3.02572183e+05  2.97578717e+05  2.44e-08 7.27e-12  8.18e-04     0s
  18   3.01339077e+05  3.01078920e+05  1.60e-08 1.11e-11  4.26e-05     0s
  19   3.01277154e+05  3.01275776e+05  9.73e-08 1.59e-11  2.30e-07     0s
  20   3.01276604e+05  3.01276524e+05  8.41e-09 1.57e-11  1.27e-08     0s
  21   3.01276493e+05  3.01276525e+05  3.46e-07 1.37e-11  1.24e-08     0s
  22   3.01276597e+05  3.01276553e+05  7.43e-08 1.09e-11  6.26e-10     0s

Barrier solved model in 22 iterations and 0.10 seconds (0.05 work units)
Optimal objective 3.01276597e+05


User-callback calls 85, time in user-callback 0.00 sec
