This is Ipopt version 3.14.19, running with linear solver ma57.

Number of nonzeros in equality constraint Jacobian...:    61487
Number of nonzeros in inequality constraint Jacobian.:    15828
Number of nonzeros in Lagrangian Hessian.............:   105683

Total number of variables............................:    15840
                     variables with only lower bounds:        0
                variables with lower and upper bounds:    14604
                     variables with only upper bounds:        0
Total number of equality constraints.................:    11850
Total number of inequality constraints...............:     7951
        inequality constraints with only lower bounds:      730
   inequality constraints with lower and upper bounds:     1560
        inequality constraints with only upper bounds:     5661

iter    objective    inf_pr   inf_du lg(mu)  ||d||  lg(rg) alpha_du alpha_pr  ls
   0  1.0292385e+07 1.06e+01 1.00e+02  -1.0 0.00e+00    -  0.00e+00 0.00e+00   0
   1  1.0292588e+07 1.06e+01 9.98e+01  -1.0 1.20e+01    -  1.13e-02 1.82e-05f  1
   2  8.2956835e+06 1.04e+01 9.93e+01  -1.0 1.41e+01    -  2.32e-03 1.62e-02f  1
   3  7.9323148e+06 9.95e+00 9.76e+01  -1.0 1.16e+01  -4.0 1.86e-02 4.55e-02f  1
   4  7.5001541e+06 9.40e+00 9.42e+01  -1.0 1.62e+01    -  3.59e-02 5.50e-02f  1
   5  6.3350502e+06 7.95e+00 8.57e+01  -1.0 2.72e+01  -4.5 9.13e-02 1.55e-01f  1
   6  4.7315421e+06 5.72e+00 6.79e+01  -1.0 4.85e+01    -  2.10e-01 2.81e-01f  1
   7  3.6127469e+06 3.67e+00 2.71e+01  -1.0 7.02e+01    -  6.16e-01 3.57e-01f  1
   8  2.4675180e+06 1.03e+00 5.14e+00  -1.0 7.92e+01  -5.0 8.58e-01 7.19e-01f  1
   9  1.7418110e+06 5.95e-02 8.38e+00  -1.0 7.39e+01    -  9.08e-01 9.90e-01f  1
iter    objective    inf_pr   inf_du lg(mu)  ||d||  lg(rg) alpha_du alpha_pr  ls
  10  1.4558969e+06 3.50e-02 1.96e+02  -1.0 5.12e+01  -5.4 9.93e-01 9.74e-01f  1
  11  1.4191823e+06 3.69e-03 3.66e-01  -1.0 2.36e+01    -  1.00e+00 1.00e+00h  1
  12  5.0225457e+05 3.94e-03 1.76e+03  -1.7 2.53e+01  -5.9 9.24e-01 9.77e-01f  1
  13  3.9626323e+05 1.09e-03 3.50e-02  -1.7 1.52e+01  -6.4 1.00e+00 1.00e+00h  1
  14  3.9302794e+05 5.18e-05 4.53e-03  -1.7 8.49e-01    -  1.00e+00 1.00e+00h  1
  15  2.3438709e+05 4.14e-04 7.46e+04  -2.5 1.31e+01    -  9.47e-01 6.49e-01f  1
  16  1.3929510e+05 1.31e-03 6.52e+03  -2.5 5.73e+00  -6.9 1.00e+00 9.26e-01f  1
  17  1.3089323e+05 2.65e-04 2.02e-03  -2.5 1.16e+00    -  1.00e+00 1.00e+00h  1
  18  1.3070941e+05 7.73e-07 1.97e-06  -2.5 2.36e-01    -  1.00e+00 1.00e+00h  1
  19  9.5947988e+04 7.14e-04 3.54e+03  -3.8 2.16e+00  -7.3 8.72e-01 7.81e-01f  1
iter    objective    inf_pr   inf_du lg(mu)  ||d||  lg(rg) alpha_du alpha_pr  ls
  20  8.5549499e+04 4.66e-03 1.22e+03  -3.8 2.20e+00  -7.8 9.26e-01 8.14e-01h  1
  21  8.4034584e+04 3.01e-03 8.07e+02  -3.8 9.20e+00  -8.3 1.00e+00 4.92e-01h  1
  22  8.2520374e+04 1.00e-03 1.24e-03  -3.8 2.26e+00    -  1.00e+00 1.00e+00h  1
  23  8.2536496e+04 5.09e-06 3.02e-05  -3.8 7.47e-01  -8.8 1.00e+00 1.00e+00h  1
  24  8.2536424e+04 1.88e-08 2.53e-07  -3.8 6.68e-03    -  1.00e+00 1.00e+00h  1
  25  8.0742614e+04 9.45e-04 4.18e+02  -5.7 2.47e+00  -9.2 7.65e-01 5.72e-01f  1
  26  8.0226127e+04 1.10e-03 3.17e+02  -5.7 2.29e+00  -9.7 4.50e-01 3.56e-01h  1
  27  7.9880265e+04 1.01e-03 2.15e+02  -5.7 1.60e+00 -10.2 4.33e-01 3.74e-01h  1
  28  7.9687135e+04 7.41e-04 1.90e+02  -5.7 1.24e+00 -10.7 6.41e-01 3.39e-01h  1
  29  7.9461152e+04 1.51e-03 9.58e+01  -5.7 1.06e+00    -  9.74e-01 6.06e-01h  1
iter    objective    inf_pr   inf_du lg(mu)  ||d||  lg(rg) alpha_du alpha_pr  ls
  30  7.9362741e+04 1.40e-03 3.01e+01  -5.7 6.06e-01 -10.3 1.00e+00 6.90e-01h  1
  31  7.9320959e+04 8.12e-05 4.65e-05  -5.7 2.17e-01    -  1.00e+00 1.00e+00h  1
  32  7.9321314e+04 8.36e-07 5.15e-06  -5.7 3.47e-02    -  1.00e+00 1.00e+00h  1
  33  7.9321309e+04 3.72e-08 1.76e-07  -5.7 3.40e-03    -  1.00e+00 1.00e+00h  1
  34  7.9295090e+04 3.64e-04 4.67e+00  -8.6 2.17e-01 -10.7 8.07e-01 6.33e-01h  1
  35  7.9284385e+04 2.37e-04 1.71e+00  -8.6 1.93e-01  -9.4 7.04e-01 6.71e-01h  1
  36  7.9281263e+04 1.00e-04 8.39e-01  -8.6 1.34e-01    -  6.66e-01 5.83e-01h  1
  37  7.9279495e+04 2.23e-05 7.32e-02  -8.6 9.50e-02    -  5.78e-01 7.86e-01h  1
  38  7.9279014e+04 3.23e-06 2.73e-02  -8.6 3.48e-02    -  8.74e-01 1.00e+00h  1
  39  7.9279010e+04 2.68e-07 6.54e-08  -8.6 2.38e-02    -  1.00e+00 1.00e+00h  1

Number of Iterations....: 39

                                   (scaled)                 (unscaled)
Objective...............:   7.9279009833735099e+00    7.9279009833735094e+04
Dual infeasibility......:   6.5415298727978711e-08    6.5415298727978708e-04
Constraint violation....:   2.6829964061558798e-07    2.6829964061558798e-07
Variable bound violation:   1.2851421438142552e-07    1.2851421438142552e-07
Complementarity.........:   6.2740574430549773e-09    6.2740574430549770e-05
Overall NLP error.......:   2.6829964061558798e-07    6.5415298727978708e-04


Number of objective function evaluations             = 40
Number of objective gradient evaluations             = 40
Number of equality constraint evaluations            = 40
Number of inequality constraint evaluations          = 40
Number of equality constraint Jacobian evaluations   = 40
Number of inequality constraint Jacobian evaluations = 40
Number of Lagrangian Hessian evaluations             = 39
Total seconds in IPOPT                               = 3.101

EXIT: Optimal Solution Found.

Gurobi 13.0.2 (win64) logging started Mon Jul 20 16:41:01 2026

Set parameter LogFile to value "C:\Users\ehsanno\DataspellProjects\Spanish_Power_System\results\ipopt_logs\2024-07-08_h19.log"

Gurobi 13.0.2 (win64) logging started Mon Jul 20 16:41:01 2026

Set parameter LogFile to value "C:\Users\ehsanno\DataspellProjects\Spanish_Power_System\results\ipopt_logs\2024-07-08_h19.log"
Gurobi Optimizer version 13.0.2 build v13.0.2rc1 (win64 - Windows 11+.0 (26200.2))

CPU model: 11th Gen Intel(R) Core(TM) i5-1145G7 @ 2.60GHz, instruction set [SSE2|AVX|AVX2|AVX512]
Thread count: 4 physical cores, 8 logical processors, using up to 8 threads

Non-default parameters:
LogToConsole  0

Optimize a model with 5142 rows, 7173 columns and 18436 nonzeros (Min)
Model fingerprint: 0xebab0647
Model has 2031 linear objective coefficients and an objective constant of 1.1293218667554786e+07
Model has 973 quadratic objective terms
Coefficient statistics:
  Matrix range     [1e+00, 1e+04]
  Objective range  [8e+00, 1e+06]
  QObjective range [2e+04, 2e+04]
  Bounds range     [2e-06, 1e+04]
  RHS range        [2e-06, 8e+00]

Presolve removed 3665 rows and 4143 columns
Presolve time: 0.02s
Presolved: 1477 rows, 3030 columns, 8921 nonzeros
Presolved model has 899 quadratic objective terms
Ordering time: 0.00s

Barrier statistics:
 AA' NZ     : 1.769e+04
 Factor NZ  : 4.684e+04 (roughly 2 MB of memory)
 Factor Ops : 1.866e+06 (less than 1 second per iteration)
 Threads    : 1

                  Objective                Residual
Iter       Primal          Dual         Primal    Dual     Compl     Time
   0   3.87908584e+12 -5.20538980e+11  7.00e+03 3.28e+03  3.27e+06     0s
   1   1.14946363e+12 -1.05909213e+11  2.26e+03 1.06e+03  1.07e+06     0s
   2   1.63859962e+11 -6.38323451e+10  3.34e+02 1.56e+02  2.12e+05     0s
   3   5.73393800e+10 -5.35647104e+10  1.18e+02 5.51e+01  7.66e+04     0s
   4   5.54075466e+09 -4.64080878e+10  1.17e+01 5.49e+00  1.53e+04     0s
   5   1.31070522e+09 -2.44470289e+10  3.01e+00 1.41e+00  5.71e+03     0s
   6   6.13484969e+08 -1.44921039e+10  1.51e+00 7.06e-01  3.08e+03     0s
   7   3.67385783e+08 -1.03851479e+10  8.81e-01 4.13e-01  2.12e+03     0s
   8   1.82347259e+08 -5.71377583e+09  3.47e-01 1.63e-01  1.09e+03     0s
   9   1.60407517e+08 -4.84811291e+09  2.70e-01 1.27e-01  9.17e+02     0s
  10   9.31351712e+07 -2.04424013e+09  9.19e-02 4.31e-02  3.73e+02     0s
  11   3.17251465e+07 -2.97214978e+08  6.76e-03 3.17e-03  5.46e+01     0s
  12   5.65496219e+06 -3.53393627e+07  6.76e-09 3.17e-09  6.72e+00     0s
  13   8.64023157e+05 -2.33772530e+06  7.90e-11 3.71e-11  5.25e-01     0s
  14   4.43144584e+05 -8.98712009e+05  1.49e-09 1.80e-11  2.20e-01     0s
  15   2.36553481e+05 -4.99044816e+05  5.04e-09 1.23e-11  1.21e-01     0s
  16   1.31340062e+05  9.56239194e+04  7.28e-09 8.98e-12  5.85e-03     0s
  17   1.24799023e+05  1.15740656e+05  2.72e-08 1.48e-11  1.48e-03     0s
  18   1.23270604e+05  1.22080677e+05  2.27e-08 1.11e-11  1.95e-04     0s
  19   1.23041465e+05  1.22944662e+05  2.19e-08 1.27e-11  1.59e-05     0s
  20   1.23020247e+05  1.23018521e+05  3.80e-08 1.04e-11  2.83e-07     0s
  21   1.23019686e+05  1.23019591e+05  4.22e-07 6.19e-12  1.24e-08     0s
  22   1.23019634e+05  1.23019631e+05  2.26e-08 1.59e-11  5.00e-10     0s

Barrier solved model in 22 iterations and 0.08 seconds (0.05 work units)
Optimal objective 1.23019634e+05


User-callback calls 84, time in user-callback 0.00 sec
