This is Ipopt version 3.14.19, running with linear solver ma57.

Number of nonzeros in equality constraint Jacobian...:    60601
Number of nonzeros in inequality constraint Jacobian.:    14048
Number of nonzeros in Lagrangian Hessian.............:   105238

Total number of variables............................:    14954
                     variables with only lower bounds:        0
                variables with lower and upper bounds:    13718
                     variables with only upper bounds:        0
Total number of equality constraints.................:    11850
Total number of inequality constraints...............:     7951
        inequality constraints with only lower bounds:      730
   inequality constraints with lower and upper bounds:     1560
        inequality constraints with only upper bounds:     5661

iter    objective    inf_pr   inf_du lg(mu)  ||d||  lg(rg) alpha_du alpha_pr  ls
   0  9.6738790e+06 2.09e+01 1.00e+02  -1.0 0.00e+00    -  0.00e+00 0.00e+00   0
   1  9.6740708e+06 2.09e+01 9.97e+01  -1.0 1.79e+01    -  1.22e-02 1.46e-05f  1
   2  8.1214719e+06 2.06e+01 9.92e+01  -1.0 1.84e+01    -  2.05e-03 1.73e-02f  1
   3  7.7431671e+06 1.96e+01 9.74e+01  -1.0 1.62e+01  -4.0 2.13e-02 4.92e-02f  1
   4  7.3049421e+06 1.84e+01 8.99e+01  -1.0 3.54e+01  -4.5 7.58e-02 5.76e-02f  1
   5  5.2680301e+06 1.33e+01 7.20e+01  -1.0 6.29e+01  -5.0 2.05e-01 2.79e-01f  1
   6  3.4000724e+06 6.71e+00 4.38e+01  -1.0 1.50e+02  -5.4 4.00e-01 4.95e-01f  1
   7  2.5364826e+06 1.70e+00 2.55e+01  -1.0 1.53e+02  -5.9 4.40e-01 7.47e-01h  1
   8  2.0906015e+06 1.70e-02 4.65e+00  -1.0 8.37e+01    -  9.53e-01 9.90e-01h  1
   9  1.7930292e+06 8.62e-03 8.17e+02  -1.0 5.20e+01    -  9.91e-01 9.25e-01h  1
iter    objective    inf_pr   inf_du lg(mu)  ||d||  lg(rg) alpha_du alpha_pr  ls
  10  1.7415860e+06 3.68e-03 2.99e-01  -1.0 1.86e+01    -  1.00e+00 1.00e+00h  1
  11  9.6810480e+05 1.54e-03 1.73e+05  -1.7 9.01e+00  -6.4 1.00e+00 9.05e-01f  1
  12  8.3734649e+05 9.42e-03 1.46e-01  -1.7 5.81e+00    -  1.00e+00 1.00e+00f  1
  13  8.3817559e+05 4.58e-04 3.17e-03  -1.7 2.04e+00    -  1.00e+00 1.00e+00h  1
  14  8.3814398e+05 9.26e-07 2.24e-06  -1.7 4.08e-01    -  1.00e+00 1.00e+00h  1
  15  6.5811218e+05 4.81e-03 1.60e+05  -5.7 9.48e+00    -  8.25e-01 7.44e-01f  1
  16  5.9559098e+05 1.12e-02 8.32e+03  -5.7 2.18e+01  -6.9 6.92e-01 8.05e-01f  1
  17  5.8336944e+05 3.68e-03 1.16e+03  -5.7 1.53e+01    -  7.07e-01 6.71e-01h  1
  18  5.7877951e+05 4.23e-03 2.31e+02  -5.7 1.06e+01    -  6.56e-01 6.76e-01h  1
  19  5.7773557e+05 4.19e-03 7.61e+02  -5.7 8.56e+00  -7.3 4.86e-01 4.04e-01h  1
iter    objective    inf_pr   inf_du lg(mu)  ||d||  lg(rg) alpha_du alpha_pr  ls
  20  5.7723613e+05 3.26e-03 2.12e+03  -5.7 6.84e+00  -7.8 5.96e-01 3.10e-01h  1
  21  5.7687466e+05 2.24e-03 1.98e+03  -5.7 4.76e+00    -  5.82e-01 3.32e-01h  1
  22  5.7658475e+05 1.33e-03 1.35e+03  -5.7 3.74e+00    -  6.15e-01 4.14e-01h  1
  23  5.7644592e+05 8.47e-04 1.07e+03  -5.7 2.87e+00    -  9.50e-01 3.63e-01h  1
  24  5.7632277e+05 5.85e-04 5.25e+02  -5.7 2.23e+00    -  1.00e+00 5.19e-01h  1
  25  5.7621472e+05 5.20e-04 5.03e-05  -5.7 1.18e+00    -  1.00e+00 1.00e+00h  1
  26  5.7621686e+05 3.99e-06 1.34e-05  -5.7 6.57e-02  -7.4 1.00e+00 1.00e+00h  1
  27  5.7621685e+05 2.50e-08 1.28e-07  -5.7 2.01e-02  -7.0 1.00e+00 1.00e+00h  1
  28  5.7621685e+05 5.24e-12 9.19e-11  -5.7 8.04e-02    -  1.00e+00 1.00e+00H  1
  29  5.7619190e+05 3.64e-04 7.39e+00  -8.6 4.46e-01    -  7.43e-01 7.83e-01f  1
iter    objective    inf_pr   inf_du lg(mu)  ||d||  lg(rg) alpha_du alpha_pr  ls
  30  5.7618602e+05 1.24e-03 4.01e+00  -8.6 2.09e-01    -  7.30e-01 7.81e-01h  1
  31  5.7618484e+05 4.37e-04 4.42e-01  -8.6 7.55e-02    -  7.24e-01 6.48e-01h  1
  32  5.7618419e+05 8.82e-05 6.37e-01  -8.6 3.36e-02  -7.4 7.82e-01 9.57e-01h  1
  33  5.7618416e+05 3.08e-07 8.27e-08  -8.6 1.67e-02  -7.9 1.00e+00 1.00e+00h  1
  34  5.7618415e+05 1.13e-08 9.57e-09  -8.6 1.16e-02  -8.4 1.00e+00 1.00e+00h  1

Number of Iterations....: 34

                                   (scaled)                 (unscaled)
Objective...............:   5.7618415467884113e+01    5.7618415467884112e+05
Dual infeasibility......:   9.5690610754000613e-09    9.5690610754000610e-05
Constraint violation....:   8.3558645870562831e-09    1.1266829608169715e-08
Variable bound violation:   1.3045821312118733e-07    1.3045821312118733e-07
Complementarity.........:   3.9672948334004436e-09    3.9672948334004433e-05
Overall NLP error.......:   9.5690610754000613e-09    9.5690610754000610e-05


Number of objective function evaluations             = 36
Number of objective gradient evaluations             = 35
Number of equality constraint evaluations            = 36
Number of inequality constraint evaluations          = 36
Number of equality constraint Jacobian evaluations   = 35
Number of inequality constraint Jacobian evaluations = 35
Number of Lagrangian Hessian evaluations             = 34
Total seconds in IPOPT                               = 2.499

EXIT: Optimal Solution Found.

Gurobi 13.0.2 (win64) logging started Mon Jul 20 16:41:10 2026

Set parameter LogFile to value "C:\Users\ehsanno\DataspellProjects\Spanish_Power_System\results\ipopt_logs\2024-12-02_h07.log"

Gurobi 13.0.2 (win64) logging started Mon Jul 20 16:41:10 2026

Set parameter LogFile to value "C:\Users\ehsanno\DataspellProjects\Spanish_Power_System\results\ipopt_logs\2024-12-02_h07.log"
Gurobi Optimizer version 13.0.2 build v13.0.2rc1 (win64 - Windows 11+.0 (26200.2))

CPU model: 11th Gen Intel(R) Core(TM) i5-1145G7 @ 2.60GHz, instruction set [SSE2|AVX|AVX2|AVX512]
Thread count: 4 physical cores, 8 logical processors, using up to 8 threads

Non-default parameters:
LogToConsole  0

Optimize a model with 5142 rows, 7177 columns and 18440 nonzeros (Min)
Model fingerprint: 0x650c9c64
Model has 2031 linear objective coefficients and an objective constant of 1.3911199746559326e+07
Model has 973 quadratic objective terms
Coefficient statistics:
  Matrix range     [1e+00, 1e+04]
  Objective range  [4e-01, 1e+06]
  QObjective range [2e+04, 2e+04]
  Bounds range     [1e-06, 1e+04]
  RHS range        [1e-06, 6e+00]

Presolve removed 3690 rows and 4617 columns
Presolve time: 0.04s
Presolved: 1452 rows, 2560 columns, 8429 nonzeros
Presolved model has 454 quadratic objective terms
Ordering time: 0.01s

Barrier statistics:
 AA' NZ     : 1.769e+04
 Factor NZ  : 4.933e+04 (roughly 2 MB of memory)
 Factor Ops : 2.224e+06 (less than 1 second per iteration)
 Threads    : 1

                  Objective                Residual
Iter       Primal          Dual         Primal    Dual     Compl     Time
   0   2.98055738e+12 -3.01475057e+11  6.75e+03 4.06e+03  4.04e+06     0s
   1   8.96433212e+11 -8.25182745e+10  2.15e+03 1.29e+03  1.31e+06     0s
   2   8.50494259e+10 -6.15219713e+10  2.09e+02 1.26e+02  1.53e+05     0s
   3   3.71465263e+10 -5.18343761e+10  9.16e+01 5.51e+01  6.85e+04     0s
   4   3.62431621e+09 -4.22274579e+10  9.40e+00 5.65e+00  1.47e+04     0s
   5   1.09378455e+09 -2.20596859e+10  3.14e+00 1.89e+00  6.02e+03     0s
   6   3.29164189e+08 -1.11725865e+10  1.10e+00 6.64e-01  2.72e+03     0s
   7   2.34663119e+08 -8.45502731e+09  6.78e-01 4.08e-01  2.01e+03     0s
   8   1.41107057e+08 -4.43433397e+09  3.10e-01 1.86e-01  1.00e+03     0s
   9   8.52605258e+07 -2.33033999e+09  8.74e-02 5.26e-02  5.01e+02     0s
  10   5.23515572e+07 -6.37346776e+08  2.22e-02 1.33e-02  1.38e+02     0s
  11   2.50263511e+07 -2.41136853e+08  2.51e-03 1.51e-03  5.21e+01     0s
  12   8.49930400e+06 -6.12387146e+07  2.92e-04 1.75e-04  1.36e+01     0s
  13   2.68422369e+06 -1.06718397e+07  4.33e-05 2.60e-05  2.60e+00     0s
  14   1.04713336e+06 -8.79276679e+04  8.67e-07 5.22e-07  2.21e-01     0s
  15   7.78054207e+05  7.07957628e+05  5.47e-10 5.01e-12  1.36e-02     0s
  16   7.59430086e+05  7.54099831e+05  2.54e-08 4.24e-12  1.04e-03     0s
  17   7.57907686e+05  7.57758302e+05  9.97e-08 8.12e-12  2.91e-05     0s
  18   7.57867163e+05  7.57865423e+05  3.45e-07 6.98e-12  3.54e-07     0s
  19   7.57866837e+05  7.57866499e+05  1.98e-06 7.76e-12  4.94e-09     0s
  20   7.57868472e+05  7.57866502e+05  1.59e-06 4.52e-12  1.42e-10     0s
  21   7.57867164e+05  7.57866502e+05  2.98e-06 6.54e-12  1.35e-10     0s
  22   7.57867758e+05  7.57866502e+05  2.23e-06 7.46e-12  6.09e-11     0s
  23   7.57868163e+05  7.57866502e+05  3.77e-06 6.03e-12  6.04e-14     0s
  24   7.57867255e+05  7.57866502e+05  1.28e-06 3.64e-12  5.98e-17     0s
  25   7.57866736e+05  7.57866502e+05  4.37e-07 7.28e-12  5.96e-20     0s
  26   7.57866575e+05  7.57866502e+05  1.30e-07 1.46e-11  5.96e-23     0s

Barrier solved model in 26 iterations and 0.15 seconds (0.06 work units)
Optimal objective 7.57866575e+05


User-callback calls 92, time in user-callback 0.00 sec
