This is Ipopt version 3.14.19, running with linear solver ma57.

Number of nonzeros in equality constraint Jacobian...:    61491
Number of nonzeros in inequality constraint Jacobian.:    15828
Number of nonzeros in Lagrangian Hessian.............:   105683

Total number of variables............................:    15844
                     variables with only lower bounds:        0
                variables with lower and upper bounds:    14608
                     variables with only upper bounds:        0
Total number of equality constraints.................:    11850
Total number of inequality constraints...............:     7951
        inequality constraints with only lower bounds:      730
   inequality constraints with lower and upper bounds:     1560
        inequality constraints with only upper bounds:     5661

iter    objective    inf_pr   inf_du lg(mu)  ||d||  lg(rg) alpha_du alpha_pr  ls
   0  8.3118227e+06 2.09e+01 1.00e+02  -1.0 0.00e+00    -  0.00e+00 0.00e+00   0
   1  8.3116043e+06 2.09e+01 9.95e+01  -1.0 1.89e+01  -4.0 1.43e-02 1.48e-05f  1
   2  6.6347943e+06 2.06e+01 9.86e+01  -1.0 1.82e+01  -4.5 7.47e-03 1.79e-02f  1
   3  6.4922766e+06 1.83e+01 9.63e+01  -1.0 1.68e+01  -5.0 2.88e-02 1.08e-01f  1
   4  5.6441898e+06 1.70e+01 9.22e+01  -1.0 6.70e+01  -5.4 4.45e-02 7.13e-02f  1
   5  4.4340735e+06 1.18e+01 8.09e+01  -1.0 9.19e+01  -5.9 1.30e-01 3.07e-01f  1
   6  3.2839519e+06 8.09e+00 6.00e+01  -1.0 1.50e+02    -  2.59e-01 3.14e-01f  1
   7  2.6492409e+06 3.47e+00 1.52e+01  -1.0 1.41e+02    -  7.48e-01 5.71e-01f  1
   8  1.8005306e+06 3.45e-02 1.30e+01  -1.0 1.13e+02  -6.4 7.75e-01 9.90e-01f  1
   9  1.4570576e+06 1.89e-02 4.12e+02  -1.0 7.19e+01    -  8.32e-01 9.00e-01f  1
iter    objective    inf_pr   inf_du lg(mu)  ||d||  lg(rg) alpha_du alpha_pr  ls
  10  1.3362231e+06 8.99e-03 4.86e+02  -1.0 4.72e+01  -6.0 9.92e-01 1.00e+00f  1
  11  1.3280328e+06 9.85e-04 1.15e-01  -1.0 7.46e+00  -6.4 1.00e+00 1.00e+00h  1
  12  4.5568756e+05 8.51e-04 3.69e+04  -2.5 1.54e+01    -  8.50e-01 8.24e-01f  1
  13  3.0218432e+05 6.18e-04 9.49e+04  -2.5 1.30e+01    -  8.97e-01 5.32e-01f  1
  14  1.6580045e+05 1.46e-03 1.01e+04  -2.5 4.90e+00  -6.9 9.68e-01 9.07e-01f  1
  15  1.5002479e+05 1.99e-04 3.06e-03  -2.5 1.35e+00  -7.4 1.00e+00 1.00e+00h  1
  16  1.4965229e+05 2.20e-06 1.53e-04  -2.5 1.88e-01  -7.9 1.00e+00 1.00e+00h  1
  17  1.1798287e+05 4.64e-04 3.62e+03  -3.8 1.24e+00    -  6.91e-01 7.83e-01f  1
  18  1.1431776e+05 3.24e-04 2.26e+03  -3.8 5.70e-01    -  4.32e-01 4.57e-01h  1
  19  1.1002053e+05 4.01e-04 4.73e+03  -3.8 4.94e-01  -8.3 3.09e-01 1.00e+00h  1
iter    objective    inf_pr   inf_du lg(mu)  ||d||  lg(rg) alpha_du alpha_pr  ls
  20  1.0989215e+05 1.38e-04 2.52e+03  -3.8 3.85e-01    -  4.68e-01 1.00e+00h  1
  21  1.0979617e+05 6.53e-05 9.31e+02  -3.8 1.65e-01    -  6.30e-01 1.00e+00h  1
  22  1.0974221e+05 3.20e-05 6.89e-06  -3.8 8.17e-02    -  1.00e+00 1.00e+00h  1
  23  1.0780800e+05 9.20e-04 1.10e+03  -5.7 7.24e-01    -  3.90e-01 8.99e-01h  1
  24  1.0747044e+05 1.62e-03 6.31e+02  -5.7 7.47e-01    -  5.13e-01 9.42e-01h  1
  25  1.0738746e+05 1.26e-03 2.56e+02  -5.7 1.56e+00    -  5.95e-01 7.05e-01h  1
  26  1.0734983e+05 7.49e-04 7.58e+01  -5.7 3.99e+00  -8.8 7.02e-01 5.04e-01h  1
  27  1.0732288e+05 9.22e-04 2.46e+01  -5.7 2.43e+00  -9.3 6.71e-01 4.96e-01h  1
  28  1.0730693e+05 9.63e-04 4.59e-01  -5.7 2.04e+00    -  1.00e+00 5.09e-01h  1
  29  1.0729275e+05 9.17e-04 3.17e-02  -5.7 1.33e+00  -9.8 1.00e+00 9.31e-01h  1
iter    objective    inf_pr   inf_du lg(mu)  ||d||  lg(rg) alpha_du alpha_pr  ls
  30  1.0729262e+05 1.48e-05 5.50e-07  -5.7 3.28e-01  -9.4 1.00e+00 1.00e+00h  1
  31  1.0729260e+05 4.08e-07 1.97e-08  -5.7 2.19e-02  -8.9 1.00e+00 1.00e+00h  1
  32  1.0729260e+05 1.32e-09 5.62e-11  -5.7 6.90e-04  -7.6 1.00e+00 1.00e+00h  1
  33  1.0727545e+05 1.48e-04 6.05e+00  -8.6 9.81e-01  -8.1 6.79e-01 4.54e-01f  1
  34  1.0726601e+05 1.55e-04 5.48e+00  -8.6 8.00e-01    -  7.02e-01 4.51e-01h  1
  35  1.0725867e+05 2.76e-04 2.08e+00  -8.6 6.77e-01  -8.5 6.64e-01 6.34e-01h  1
  36  1.0725620e+05 8.76e-04 8.48e-01  -8.6 4.06e-01    -  5.90e-01 5.92e-01h  1
  37  1.0725492e+05 1.52e-03 2.18e-01  -8.6 2.29e-01  -8.1 7.91e-01 7.57e-01h  1
  38  1.0725456e+05 2.17e-04 3.99e-02  -8.6 9.12e-02  -8.6 9.77e-01 8.58e-01h  1
  39  1.0725450e+05 6.38e-05 8.85e-08  -8.6 3.73e-02  -8.2 1.00e+00 1.00e+00h  1

Number of Iterations....: 39

                                   (scaled)                 (unscaled)
Objective...............:   1.0725450374968547e+01    1.0725450374968546e+05
Dual infeasibility......:   8.8458856600747072e-08    8.8458856600747077e-04
Constraint violation....:   6.3810364168709593e-05    6.3810364168709593e-05
Variable bound violation:   6.8021439147969431e-08    6.8021439147969431e-08
Complementarity.........:   5.0687085311058865e-09    5.0687085311058861e-05
Overall NLP error.......:   6.3810364168709593e-05    8.8458856600747077e-04


Number of objective function evaluations             = 40
Number of objective gradient evaluations             = 40
Number of equality constraint evaluations            = 40
Number of inequality constraint evaluations          = 40
Number of equality constraint Jacobian evaluations   = 40
Number of inequality constraint Jacobian evaluations = 40
Number of Lagrangian Hessian evaluations             = 39
Total seconds in IPOPT                               = 3.132

EXIT: Optimal Solution Found.

Gurobi 13.0.2 (win64) logging started Mon Jul 20 16:40:55 2026

Set parameter LogFile to value "C:\Users\ehsanno\DataspellProjects\Spanish_Power_System\results\ipopt_logs\2024-07-08_h08.log"

Gurobi 13.0.2 (win64) logging started Mon Jul 20 16:40:55 2026

Set parameter LogFile to value "C:\Users\ehsanno\DataspellProjects\Spanish_Power_System\results\ipopt_logs\2024-07-08_h08.log"
Gurobi Optimizer version 13.0.2 build v13.0.2rc1 (win64 - Windows 11+.0 (26200.2))

CPU model: 11th Gen Intel(R) Core(TM) i5-1145G7 @ 2.60GHz, instruction set [SSE2|AVX|AVX2|AVX512]
Thread count: 4 physical cores, 8 logical processors, using up to 8 threads

Non-default parameters:
LogToConsole  0

Optimize a model with 5142 rows, 7177 columns and 18440 nonzeros (Min)
Model fingerprint: 0x20f0b74c
Model has 2031 linear objective coefficients and an objective constant of 1.0262120273275122e+07
Model has 973 quadratic objective terms
Coefficient statistics:
  Matrix range     [1e+00, 1e+04]
  Objective range  [8e+00, 1e+06]
  QObjective range [2e+04, 2e+04]
  Bounds range     [1e-06, 1e+04]
  RHS range        [1e-06, 6e+00]

Presolve removed 3667 rows and 4149 columns
Presolve time: 0.02s
Presolved: 1475 rows, 3028 columns, 8922 nonzeros
Presolved model has 899 quadratic objective terms
Ordering time: 0.00s

Barrier statistics:
 AA' NZ     : 1.769e+04
 Factor NZ  : 4.659e+04 (roughly 2 MB of memory)
 Factor Ops : 1.842e+06 (less than 1 second per iteration)
 Threads    : 1

                  Objective                Residual
Iter       Primal          Dual         Primal    Dual     Compl     Time
   0   3.91817456e+12 -5.19006545e+11  7.00e+03 3.28e+03  3.27e+06     0s
   1   1.16158442e+12 -1.04303207e+11  2.25e+03 1.06e+03  1.07e+06     0s
   2   1.77721236e+11 -6.17956002e+10  3.58e+02 1.68e+02  2.25e+05     0s
   3   5.39393995e+10 -5.11652930e+10  1.09e+02 5.13e+01  7.13e+04     0s
   4   5.66049376e+09 -4.37626618e+10  1.19e+01 5.57e+00  1.50e+04     0s
   5   1.33195277e+09 -2.25430735e+10  3.08e+00 1.44e+00  5.46e+03     0s
   6   6.00247446e+08 -1.38987082e+10  1.51e+00 7.09e-01  3.08e+03     0s
   7   3.00305591e+08 -9.49213191e+09  6.82e-01 3.20e-01  1.97e+03     0s
   8   1.76636409e+08 -5.67503656e+09  3.48e-01 1.63e-01  1.12e+03     0s
   9   1.28354160e+08 -3.97686796e+09  1.97e-01 9.23e-02  7.61e+02     0s
  10   6.13670018e+07 -8.67371800e+08  3.37e-02 1.58e-02  1.60e+02     0s
  11   2.78733151e+07 -3.43790303e+08  1.43e-03 6.69e-04  6.12e+01     0s
  12   1.13884847e+07 -1.00807077e+08  2.25e-04 1.06e-04  1.84e+01     0s
  13   1.76548645e+06 -7.49802842e+06  6.26e-06 2.94e-06  1.52e+00     0s
  14   4.07420453e+05 -7.95118502e+05  4.42e-07 2.07e-07  1.97e-01     0s
  15   1.71658051e+05 -2.22933170e+05  1.70e-08 7.96e-09  6.47e-02     0s
  16   1.30205472e+05 -1.08880816e+04  2.29e-08 2.58e-09  2.31e-02     0s
  17   1.16666715e+05  7.24669085e+04  1.25e-08 2.78e-10  7.25e-03     0s
  18   1.09986174e+05  1.04323807e+05  6.08e-08 1.97e-11  9.29e-04     0s
  19   1.08980050e+05  1.08318553e+05  4.02e-08 2.40e-11  1.08e-04     0s
  20   1.08861645e+05  1.08754009e+05  1.00e-07 1.58e-11  1.77e-05     0s
  21   1.08839911e+05  1.08834273e+05  2.40e-07 6.10e-12  9.25e-07     0s
  22   1.08838619e+05  1.08838514e+05  3.18e-07 1.06e-11  1.83e-08     0s
  23   1.08838595e+05  1.08838591e+05  1.53e-08 1.01e-11  7.68e-10     0s

Barrier solved model in 23 iterations and 0.09 seconds (0.05 work units)
Optimal objective 1.08838595e+05


User-callback calls 81, time in user-callback 0.00 sec
