This is Ipopt version 3.14.19, running with linear solver ma57.

Number of nonzeros in equality constraint Jacobian...:    60601
Number of nonzeros in inequality constraint Jacobian.:    14048
Number of nonzeros in Lagrangian Hessian.............:   105238

Total number of variables............................:    14954
                     variables with only lower bounds:        0
                variables with lower and upper bounds:    13718
                     variables with only upper bounds:        0
Total number of equality constraints.................:    11850
Total number of inequality constraints...............:     7951
        inequality constraints with only lower bounds:      730
   inequality constraints with lower and upper bounds:     1560
        inequality constraints with only upper bounds:     5661

iter    objective    inf_pr   inf_du lg(mu)  ||d||  lg(rg) alpha_du alpha_pr  ls
   0  1.3426891e+07 2.09e+01 1.00e+02  -1.0 0.00e+00    -  0.00e+00 0.00e+00   0
   1  1.3427574e+07 2.09e+01 9.99e+01  -1.0 1.81e+01  -4.0 1.03e-02 1.72e-05f  1
   2  1.1573138e+07 2.06e+01 9.95e+01  -1.0 1.95e+01    -  1.59e-03 1.54e-02f  1
   3  1.1000383e+07 2.00e+01 9.79e+01  -1.0 1.70e+01    -  1.66e-02 3.07e-02f  1
   4  1.0497994e+07 1.89e+01 9.13e+01  -1.0 2.71e+01    -  6.77e-02 5.62e-02f  1
   5  8.0405050e+06 1.50e+01 7.68e+01  -1.0 5.68e+01  -4.5 1.61e-01 2.05e-01f  1
   6  5.4452796e+06 8.97e+00 4.85e+01  -1.0 1.34e+02  -5.0 3.70e-01 4.02e-01f  1
   7  3.8476503e+06 3.63e+00 1.15e+01  -1.0 1.69e+02  -5.4 7.73e-01 5.96e-01f  1
   8  2.8274373e+06 5.83e-01 1.71e+01  -1.0 1.36e+02    -  5.31e-01 8.39e-01h  1
   9  2.3164230e+06 1.02e-02 4.26e+01  -1.0 8.53e+01  -5.9 8.72e-01 9.90e-01h  1
iter    objective    inf_pr   inf_du lg(mu)  ||d||  lg(rg) alpha_du alpha_pr  ls
  10  2.1128969e+06 5.86e-03 7.92e+01  -1.0 4.34e+01  -6.4 9.91e-01 9.94e-01h  1
  11  2.0911603e+06 2.31e-03 5.63e-01  -1.0 1.57e+01  -5.1 1.00e+00 1.00e+00h  1
  12  1.2999343e+06 6.83e-04 1.47e+05  -1.7 1.34e+01  -5.5 1.00e+00 9.09e-01f  1
  13  1.1721741e+06 5.48e-04 2.15e-02  -1.7 4.94e+00    -  1.00e+00 1.00e+00f  1
  14  1.0090187e+06 5.55e-04 1.93e+05  -2.5 4.24e+00  -6.0 8.98e-01 7.86e-01f  1
  15  9.5444059e+05 2.62e-03 6.25e-03  -2.5 1.76e+00    -  1.00e+00 1.00e+00f  1
  16  9.5374318e+05 4.44e-04 6.21e-04  -2.5 2.25e+00  -6.5 1.00e+00 1.00e+00h  1
  17  9.5374242e+05 2.73e-07 1.21e-06  -2.5 1.86e-01    -  1.00e+00 1.00e+00h  1
  18  9.2202713e+05 1.52e-03 4.13e+03  -5.7 2.95e+00    -  8.05e-01 8.19e-01f  1
  19  9.1758651e+05 3.38e-03 7.22e+03  -5.7 2.17e+00  -7.0 6.78e-01 5.11e-01h  1
iter    objective    inf_pr   inf_du lg(mu)  ||d||  lg(rg) alpha_du alpha_pr  ls
  20  9.1537738e+05 3.32e-03 6.86e+03  -5.7 9.87e+00  -7.4 6.29e-01 4.62e-01h  1
  21  9.1497946e+05 2.85e-03 5.62e+03  -5.7 2.63e+00    -  1.29e-01 1.55e-01h  1
  22  9.1438098e+05 2.12e-03 5.32e+03  -5.7 2.58e+00  -7.9 5.06e-01 2.82e-01h  1
  23  9.1380036e+05 1.33e-03 2.99e+03  -5.7 2.14e+00    -  2.97e-01 3.89e-01h  1
  24  9.1336997e+05 1.11e-03 1.92e+03  -5.7 1.31e+00    -  7.00e-01 4.94e-01h  1
  25  9.1318627e+05 8.65e-04 1.28e+03  -5.7 8.01e-01    -  7.31e-01 4.30e-01h  1
  26  9.1309288e+05 5.36e-04 8.63e+02  -5.7 5.89e-01    -  1.00e+00 4.00e-01h  1
  27  9.1297416e+05 5.45e-04 1.14e+02  -5.7 4.28e-01  -8.4 1.00e+00 8.68e-01h  1
  28  9.1295905e+05 3.46e-05 8.04e-06  -5.7 1.44e-01  -8.9 1.00e+00 1.00e+00h  1
  29  9.1295914e+05 8.25e-08 3.17e-06  -5.7 4.61e-02    -  1.00e+00 1.00e+00h  1
iter    objective    inf_pr   inf_du lg(mu)  ||d||  lg(rg) alpha_du alpha_pr  ls
  30  9.1295914e+05 2.42e-10 2.12e-09  -5.7 6.94e-03    -  1.00e+00 1.00e+00h  1
  31  9.1293477e+05 5.34e-04 1.27e+01  -8.6 1.18e-01    -  7.48e-01 8.17e-01f  1
  32  9.1293092e+05 1.14e-03 4.19e-01  -8.6 1.84e-01    -  7.63e-01 6.62e-01h  1
  33  9.1292963e+05 4.71e-04 5.25e-01  -8.6 4.65e-02  -9.4 6.56e-01 6.23e-01h  1
  34  9.1292883e+05 2.14e-05 7.88e-01  -8.6 2.62e-02  -9.8 7.91e-01 1.00e+00h  1
  35  9.1292883e+05 3.87e-05 6.42e-02  -8.6 1.73e-02 -10.3 9.19e-01 8.47e-01h  1
  36  9.1292882e+05 4.21e-06 2.93e-04  -8.6 9.12e-03  -9.9 1.00e+00 5.00e-01f  2
  37  9.1292882e+05 5.45e-08 2.74e-08  -8.6 5.49e-03 -10.4 1.00e+00 1.00e+00h  1

Number of Iterations....: 37

                                   (scaled)                 (unscaled)
Objective...............:   9.1292882315071950e+01    9.1292882315071940e+05
Dual infeasibility......:   2.7367550923671502e-08    2.7367550923671500e-04
Constraint violation....:   2.6595890989522530e-08    5.4493419932716280e-08
Variable bound violation:   1.3589117031642672e-07    1.3589117031642672e-07
Complementarity.........:   2.9869928956361958e-09    2.9869928956361956e-05
Overall NLP error.......:   2.7367550923671502e-08    2.7367550923671500e-04


Number of objective function evaluations             = 39
Number of objective gradient evaluations             = 38
Number of equality constraint evaluations            = 39
Number of inequality constraint evaluations          = 39
Number of equality constraint Jacobian evaluations   = 38
Number of inequality constraint Jacobian evaluations = 38
Number of Lagrangian Hessian evaluations             = 37
Total seconds in IPOPT                               = 2.644

EXIT: Optimal Solution Found.

Gurobi 13.0.2 (win64) logging started Mon Jul 20 16:41:16 2026

Set parameter LogFile to value "C:\Users\ehsanno\DataspellProjects\Spanish_Power_System\results\ipopt_logs\2024-12-02_h18.log"

Gurobi 13.0.2 (win64) logging started Mon Jul 20 16:41:16 2026

Set parameter LogFile to value "C:\Users\ehsanno\DataspellProjects\Spanish_Power_System\results\ipopt_logs\2024-12-02_h18.log"
Gurobi Optimizer version 13.0.2 build v13.0.2rc1 (win64 - Windows 11+.0 (26200.2))

CPU model: 11th Gen Intel(R) Core(TM) i5-1145G7 @ 2.60GHz, instruction set [SSE2|AVX|AVX2|AVX512]
Thread count: 4 physical cores, 8 logical processors, using up to 8 threads

Non-default parameters:
LogToConsole  0

Optimize a model with 5142 rows, 7177 columns and 18440 nonzeros (Min)
Model fingerprint: 0x0eb20983
Model has 2031 linear objective coefficients and an objective constant of 1.5614733166916825e+07
Model has 973 quadratic objective terms
Coefficient statistics:
  Matrix range     [1e+00, 1e+04]
  Objective range  [4e-01, 1e+06]
  QObjective range [2e+04, 2e+04]
  Bounds range     [2e-06, 1e+04]
  RHS range        [2e-06, 8e+00]

Presolve removed 3689 rows and 4616 columns
Presolve time: 0.02s
Presolved: 1453 rows, 2561 columns, 8431 nonzeros
Presolved model has 454 quadratic objective terms
Ordering time: 0.01s

Barrier statistics:
 AA' NZ     : 1.770e+04
 Factor NZ  : 4.802e+04 (roughly 2 MB of memory)
 Factor Ops : 2.042e+06 (less than 1 second per iteration)
 Threads    : 1

                  Objective                Residual
Iter       Primal          Dual         Primal    Dual     Compl     Time
   0   2.98040088e+12 -3.01477311e+11  6.75e+03 4.06e+03  4.04e+06     0s
   1   8.96669144e+11 -8.25527257e+10  2.15e+03 1.29e+03  1.31e+06     0s
   2   8.51862490e+10 -6.15855796e+10  2.09e+02 1.26e+02  1.53e+05     0s
   3   3.75697802e+10 -5.19759299e+10  9.25e+01 5.57e+01  6.92e+04     0s
   4   3.70849379e+09 -4.25659725e+10  9.48e+00 5.70e+00  1.49e+04     0s
   5   1.09290853e+09 -2.18051659e+10  3.02e+00 1.82e+00  5.90e+03     0s
   6   3.44237990e+08 -1.08474728e+10  1.03e+00 6.23e-01  2.61e+03     0s
   7   2.36894198e+08 -7.88525609e+09  5.94e-01 3.57e-01  1.84e+03     0s
   8   1.48671406e+08 -4.12647987e+09  2.57e-01 1.55e-01  9.19e+02     0s
   9   1.00958070e+08 -2.19675735e+09  1.15e-01 6.94e-02  4.77e+02     0s
  10   3.58934829e+07 -2.89860501e+08  9.62e-03 5.79e-03  6.44e+01     0s
  11   8.83302455e+06 -5.74176452e+07  9.62e-09 5.79e-09  1.29e+01     0s
  12   2.29595042e+06 -3.45853281e+06  1.91e-10 1.01e-10  1.12e+00     0s
  13   1.33230272e+06  7.14142450e+05  7.47e-11 1.00e-11  1.20e-01     0s
  14   1.18277233e+06  1.12241785e+06  6.21e-09 2.90e-12  1.17e-02     0s
  15   1.16874685e+06  1.16343136e+06  1.54e-08 7.25e-12  1.03e-03     0s
  16   1.16729476e+06  1.16715293e+06  7.39e-08 7.82e-12  2.76e-05     0s
  17   1.16724333e+06  1.16724003e+06  1.08e-07 6.91e-12  6.34e-07     0s
  18   1.16724193e+06  1.16724196e+06  4.99e-07 6.45e-12  1.05e-08     0s
  19   1.16724092e+06  1.16724196e+06  6.85e-07 5.60e-12  1.02e-08     0s
  20   1.16724055e+06  1.16724197e+06  1.77e-06 5.60e-12  7.62e-09     0s
  21   1.16724220e+06  1.16724197e+06  2.84e-06 4.11e-12  6.62e-09     0s
  22   1.16724460e+06  1.16724197e+06  4.51e-06 5.40e-12  6.43e-09     0s
  23   1.16724115e+06  1.16724199e+06  4.93e-07 4.42e-12  2.36e-10     0s
  24   1.16724198e+06  1.16724199e+06  2.56e-08 1.59e-11  2.33e-13     0s

Barrier solved model in 24 iterations and 0.10 seconds (0.05 work units)
Optimal objective 1.16724198e+06


User-callback calls 81, time in user-callback 0.00 sec
