This is Ipopt version 3.14.19, running with linear solver ma57.

Number of nonzeros in equality constraint Jacobian...:    61491
Number of nonzeros in inequality constraint Jacobian.:    15828
Number of nonzeros in Lagrangian Hessian.............:   105683

Total number of variables............................:    15844
                     variables with only lower bounds:        0
                variables with lower and upper bounds:    14608
                     variables with only upper bounds:        0
Total number of equality constraints.................:    11850
Total number of inequality constraints...............:     7951
        inequality constraints with only lower bounds:      730
   inequality constraints with lower and upper bounds:     1560
        inequality constraints with only upper bounds:     5661

iter    objective    inf_pr   inf_du lg(mu)  ||d||  lg(rg) alpha_du alpha_pr  ls
   0  7.3369407e+06 2.09e+01 1.00e+02  -1.0 0.00e+00    -  0.00e+00 0.00e+00   0
   1  7.3366907e+06 2.09e+01 9.90e+01  -1.0 1.83e+01  -4.0 1.84e-02 1.13e-05f  1
   2  6.1452582e+06 2.04e+01 9.84e+01  -1.0 1.74e+01  -4.5 5.15e-03 2.32e-02f  1
   3  6.0895856e+06 1.81e+01 9.67e+01  -1.0 1.61e+01    -  2.60e-02 1.13e-01f  1
   4  5.2590564e+06 1.69e+01 9.31e+01  -1.0 6.66e+01    -  3.93e-02 6.98e-02f  1
   5  4.1637391e+06 1.20e+01 8.45e+01  -1.0 9.00e+01  -5.0 1.03e-01 2.88e-01f  1
   6  3.1009629e+06 8.79e+00 5.06e+01  -1.0 1.47e+02    -  3.96e-01 2.69e-01f  1
   7  1.9821290e+06 1.48e+00 8.99e+00  -1.0 1.48e+02  -5.4 8.22e-01 8.32e-01f  1
   8  1.4144133e+06 1.46e-02 3.87e+01  -1.0 1.04e+02    -  7.17e-01 9.90e-01h  1
   9  1.2609391e+06 8.34e-03 1.33e+02  -1.0 5.08e+01    -  9.90e-01 1.00e+00f  1
iter    objective    inf_pr   inf_du lg(mu)  ||d||  lg(rg) alpha_du alpha_pr  ls
  10  1.2326282e+06 3.86e-03 3.44e-01  -1.0 1.39e+01    -  1.00e+00 1.00e+00f  1
  11  3.9870654e+05 4.39e-04 3.09e+04  -1.7 1.13e+01  -5.9 9.73e-01 1.00e+00f  1
  12  3.4179934e+05 2.20e-04 2.83e-03  -1.7 2.16e+00    -  1.00e+00 1.00e+00h  1
  13  3.4184679e+05 3.09e-04 1.38e-03  -1.7 1.59e+00  -6.4 1.00e+00 1.00e+00h  1
  14  3.4177288e+05 5.71e-08 3.56e-05  -1.7 3.40e-01  -6.9 1.00e+00 1.00e+00h  1
  15  2.1599625e+05 5.27e-05 8.84e+04  -3.8 1.88e+00    -  8.35e-01 5.29e-01f  1
  16  1.0201166e+05 3.01e-04 4.19e+03  -3.8 1.05e+00  -7.3 6.98e-01 9.25e-01f  1
  17  9.4379000e+04 2.23e-04 4.60e+03  -3.8 8.92e-01    -  4.98e-01 7.42e-01h  1
  18  9.1502266e+04 2.52e-04 3.40e+03  -3.8 8.01e-01    -  5.30e-01 1.00e+00h  1
  19  9.1119299e+04 1.53e-04 1.04e+03  -3.8 5.83e-01  -7.8 6.93e-01 1.00e+00h  1
iter    objective    inf_pr   inf_du lg(mu)  ||d||  lg(rg) alpha_du alpha_pr  ls
  20  9.0976194e+04 2.74e-05 8.39e-05  -3.8 1.89e-01  -8.3 1.00e+00 1.00e+00h  1
  21  9.0941612e+04 2.06e-06 2.83e-06  -3.8 4.58e-02    -  1.00e+00 1.00e+00h  1
  22  8.8955421e+04 4.69e-04 6.84e+02  -5.7 9.69e-01  -8.8 6.45e-01 9.61e-01f  1
  23  8.8802397e+04 1.08e-03 3.03e+02  -5.7 1.79e+00    -  5.85e-01 8.14e-01h  1
  24  8.8725694e+04 2.05e-03 1.10e+02  -5.7 1.65e+00    -  6.54e-01 1.00e+00h  1
  25  8.8703391e+04 2.14e-03 1.54e+01  -5.7 7.75e-01    -  8.60e-01 8.58e-01h  1
  26  8.8695749e+04 1.42e-03 1.54e-03  -5.7 6.90e-01  -8.3 1.00e+00 5.62e-01h  1
  27  8.8689612e+04 4.43e-04 5.35e-05  -5.7 8.61e-01  -7.0 1.00e+00 1.00e+00h  1
  28  8.8689870e+04 1.33e-05 8.06e-07  -5.7 2.90e-01  -7.5 1.00e+00 1.00e+00h  1
  29  8.8689855e+04 3.46e-07 4.40e-08  -5.7 3.63e-02  -8.0 1.00e+00 1.00e+00h  1
iter    objective    inf_pr   inf_du lg(mu)  ||d||  lg(rg) alpha_du alpha_pr  ls
  30  8.8689854e+04 1.30e-09 1.62e-10  -5.7 3.23e-03  -7.5 1.00e+00 1.00e+00h  1
  31  8.8672899e+04 2.30e-04 8.06e+00  -8.6 1.06e+00  -8.0 7.77e-01 4.77e-01h  1
  32  8.8665563e+04 3.00e-04 6.59e+00  -8.6 1.42e+00    -  6.29e-01 3.73e-01h  1
  33  8.8657596e+04 4.96e-04 2.27e+00  -8.6 1.23e+00    -  6.08e-01 6.44e-01h  1
  34  8.8655605e+04 3.26e-04 1.37e+00  -8.6 7.57e-01    -  6.53e-01 4.66e-01h  1
  35  8.8654596e+04 5.88e-04 8.62e-01  -8.6 4.97e-01  -8.5 7.85e-01 4.47e-01h  1
  36  8.8653664e+04 4.32e-04 2.34e-01  -8.6 3.56e-01    -  1.00e+00 7.48e-01h  1
  37  8.8653366e+04 2.31e-05 4.91e-03  -8.6 6.52e-02  -6.3 1.00e+00 9.79e-01h  1
  38  8.8653362e+04 2.52e-05 4.84e-04  -8.6 5.27e-02  -6.7 1.00e+00 9.01e-01h  1
  39  8.8653361e+04 3.48e-06 2.42e-04  -8.6 2.56e-02  -7.2 1.00e+00 5.00e-01f  2
iter    objective    inf_pr   inf_du lg(mu)  ||d||  lg(rg) alpha_du alpha_pr  ls
  40  8.8653361e+04 1.37e-07 4.05e-09  -8.6 1.48e-02  -7.7 1.00e+00 1.00e+00h  1

Number of Iterations....: 40

                                   (scaled)                 (unscaled)
Objective...............:   8.8653361179844694e+00    8.8653361179844695e+04
Dual infeasibility......:   4.0524226178682869e-09    4.0524226178682873e-05
Constraint violation....:   1.3653504638000413e-07    1.3653504638000413e-07
Variable bound violation:   2.4919327046291073e-08    2.4919327046291073e-08
Complementarity.........:   2.5155913251309402e-09    2.5155913251309400e-05
Overall NLP error.......:   1.3653504638000413e-07    4.0524226178682873e-05


Number of objective function evaluations             = 42
Number of objective gradient evaluations             = 41
Number of equality constraint evaluations            = 42
Number of inequality constraint evaluations          = 42
Number of equality constraint Jacobian evaluations   = 41
Number of inequality constraint Jacobian evaluations = 41
Number of Lagrangian Hessian evaluations             = 40
Total seconds in IPOPT                               = 3.184

EXIT: Optimal Solution Found.

Gurobi 13.0.2 (win64) logging started Mon Jul 20 16:40:54 2026

Set parameter LogFile to value "C:\Users\ehsanno\DataspellProjects\Spanish_Power_System\results\ipopt_logs\2024-07-08_h05.log"

Gurobi 13.0.2 (win64) logging started Mon Jul 20 16:40:54 2026

Set parameter LogFile to value "C:\Users\ehsanno\DataspellProjects\Spanish_Power_System\results\ipopt_logs\2024-07-08_h05.log"
Gurobi Optimizer version 13.0.2 build v13.0.2rc1 (win64 - Windows 11+.0 (26200.2))

CPU model: 11th Gen Intel(R) Core(TM) i5-1145G7 @ 2.60GHz, instruction set [SSE2|AVX|AVX2|AVX512]
Thread count: 4 physical cores, 8 logical processors, using up to 8 threads

Non-default parameters:
LogToConsole  0

Optimize a model with 5142 rows, 7177 columns and 18440 nonzeros (Min)
Model fingerprint: 0x91a933f3
Model has 2031 linear objective coefficients and an objective constant of 9.3336398020101953e+06
Model has 973 quadratic objective terms
Coefficient statistics:
  Matrix range     [1e+00, 1e+04]
  Objective range  [4e+00, 1e+06]
  QObjective range [2e+04, 2e+04]
  Bounds range     [1e-06, 1e+04]
  RHS range        [1e-06, 5e+00]

Presolve removed 3670 rows and 4152 columns
Presolve time: 0.02s
Presolved: 1472 rows, 3025 columns, 8922 nonzeros
Presolved model has 899 quadratic objective terms
Ordering time: 0.01s

Barrier statistics:
 AA' NZ     : 1.768e+04
 Factor NZ  : 4.752e+04 (roughly 2 MB of memory)
 Factor Ops : 1.952e+06 (less than 1 second per iteration)
 Threads    : 1

                  Objective                Residual
Iter       Primal          Dual         Primal    Dual     Compl     Time
   0   3.90628954e+12 -5.18190902e+11  7.00e+03 3.28e+03  3.27e+06     0s
   1   1.15040521e+12 -1.02840176e+11  2.24e+03 1.05e+03  1.06e+06     0s
   2   1.73954456e+11 -6.06610262e+10  3.51e+02 1.65e+02  2.21e+05     0s
   3   5.37272251e+10 -5.00450000e+10  1.09e+02 5.13e+01  7.12e+04     0s
   4   5.52365034e+09 -4.23991963e+10  1.17e+01 5.49e+00  1.47e+04     0s
   5   1.19405762e+09 -2.10572701e+10  2.88e+00 1.35e+00  5.16e+03     0s
   6   5.50915009e+08 -1.34394471e+10  1.49e+00 6.99e-01  3.07e+03     0s
   7   2.58602468e+08 -8.30413218e+09  7.29e-01 3.42e-01  1.80e+03     0s
   8   1.53817739e+08 -5.35981774e+09  3.94e-01 1.85e-01  1.11e+03     0s
   9   1.18395239e+08 -4.06453693e+09  2.55e-01 1.20e-01  8.27e+02     0s
  10   4.60187714e+07 -6.62173897e+08  1.90e-02 8.91e-03  1.23e+02     0s
  11   2.06405282e+07 -2.22386619e+08  3.49e-03 1.64e-03  4.06e+01     0s
  12   6.16667992e+06 -5.79810745e+07  3.75e-05 1.76e-05  1.05e+01     0s
  13   1.58861488e+06 -1.04239882e+07  1.83e-06 8.57e-07  1.97e+00     0s
  14   4.65155723e+05 -1.80389272e+06  1.76e-07 8.24e-08  3.73e-01     0s
  15   2.35131513e+05 -4.81532184e+05  5.22e-08 2.45e-08  1.18e-01     0s
  16   1.55848174e+05 -9.41404095e+04  1.61e-09 1.52e-11  4.10e-02     0s
  17   1.20496887e+05  1.03457249e+05  5.50e-09 1.51e-11  2.80e-03     0s
  18   1.17562487e+05  1.14863077e+05  1.96e-08 1.83e-11  4.43e-04     0s
  19   1.17017359e+05  1.16842722e+05  3.04e-08 1.18e-11  2.87e-05     0s
  20   1.16973007e+05  1.16959814e+05  3.26e-08 1.07e-11  2.17e-06     0s
  21   1.16969980e+05  1.16969216e+05  4.70e-09 8.78e-12  1.26e-07     0s
  22   1.16969801e+05  1.16969793e+05  3.87e-09 1.14e-11  1.25e-09     0s

Barrier solved model in 22 iterations and 0.08 seconds (0.05 work units)
Optimal objective 1.16969801e+05


User-callback calls 82, time in user-callback 0.00 sec
