This is Ipopt version 3.14.19, running with linear solver ma57.

Number of nonzeros in equality constraint Jacobian...:    60601
Number of nonzeros in inequality constraint Jacobian.:    14048
Number of nonzeros in Lagrangian Hessian.............:   105238

Total number of variables............................:    14954
                     variables with only lower bounds:        0
                variables with lower and upper bounds:    13718
                     variables with only upper bounds:        0
Total number of equality constraints.................:    11850
Total number of inequality constraints...............:     7951
        inequality constraints with only lower bounds:      730
   inequality constraints with lower and upper bounds:     1560
        inequality constraints with only upper bounds:     5661

iter    objective    inf_pr   inf_du lg(mu)  ||d||  lg(rg) alpha_du alpha_pr  ls
   0  9.3511101e+06 2.09e+01 1.00e+02  -1.0 0.00e+00    -  0.00e+00 0.00e+00   0
   1  9.3512802e+06 2.09e+01 9.96e+01  -1.0 1.79e+01    -  1.23e-02 1.45e-05f  1
   2  7.8063765e+06 2.06e+01 9.92e+01  -1.0 1.82e+01  -4.0 2.07e-03 1.74e-02f  1
   3  7.4575544e+06 1.95e+01 9.77e+01  -1.0 1.62e+01  -4.5 1.96e-02 4.96e-02f  1
   4  7.0449793e+06 1.85e+01 9.13e+01  -1.0 3.57e+01    -  6.42e-02 5.53e-02f  1
   5  5.3259166e+06 1.39e+01 7.36e+01  -1.0 6.19e+01  -5.0 1.99e-01 2.45e-01f  1
   6  3.4386839e+06 7.37e+00 4.30e+01  -1.0 1.42e+02    -  4.22e-01 4.71e-01f  1
   7  2.6550860e+06 2.92e+00 3.81e+01  -1.0 1.56e+02    -  1.83e-01 6.03e-01h  1
   8  2.2277291e+06 2.92e-02 4.31e+00  -1.0 1.06e+02    -  9.32e-01 9.90e-01h  1
   9  1.8310729e+06 1.09e-02 2.03e+02  -1.0 5.82e+01    -  9.62e-01 9.91e-01h  1
iter    objective    inf_pr   inf_du lg(mu)  ||d||  lg(rg) alpha_du alpha_pr  ls
  10  1.7644814e+06 1.00e-02 3.95e-01  -1.0 2.22e+01    -  1.00e+00 1.00e+00h  1
  11  1.7597369e+06 1.03e-03 3.72e-02  -1.0 5.15e+00  -5.4 1.00e+00 1.00e+00h  1
  12  9.3432838e+05 6.87e-03 4.04e+04  -1.7 7.44e+00    -  9.74e-01 9.69e-01f  1
  13  8.5501683e+05 1.16e-02 1.79e-01  -1.7 1.80e+01  -5.9 1.00e+00 1.00e+00h  1
  14  8.5501138e+05 8.34e-04 6.20e-03  -1.7 4.09e+00    -  1.00e+00 1.00e+00h  1
  15  6.8198532e+05 2.61e-03 1.93e+05  -2.5 1.30e+01  -6.4 9.41e-01 8.29e-01f  1
  16  6.3691198e+05 1.08e-02 2.29e+04  -2.5 1.18e+01    -  1.00e+00 9.22e-01h  1
  17  6.3267206e+05 5.42e-04 2.55e-03  -2.5 8.99e+00  -6.9 1.00e+00 1.00e+00h  1
  18  6.3268282e+05 6.77e-06 1.92e-05  -2.5 6.94e-01    -  1.00e+00 1.00e+00h  1
  19  6.0111197e+05 3.09e-03 5.47e+04  -3.8 1.67e+01  -7.3 6.23e-01 8.27e-01f  1
iter    objective    inf_pr   inf_du lg(mu)  ||d||  lg(rg) alpha_du alpha_pr  ls
  20  5.9646091e+05 2.70e-03 3.57e+03  -3.8 1.55e+01  -7.8 7.63e-01 5.61e-01h  1
  21  5.9351279e+05 2.89e-03 6.49e+03  -3.8 1.03e+01  -8.3 4.89e-01 7.18e-01h  1
  22  5.9301019e+05 2.02e-03 3.52e+03  -3.8 5.01e+00    -  1.00e+00 3.87e-01h  1
  23  5.9222246e+05 9.75e-04 2.10e+02  -3.8 2.71e+00  -8.8 1.00e+00 9.40e-01h  1
  24  5.9219539e+05 4.34e-05 5.48e-05  -3.8 4.85e-01    -  1.00e+00 1.00e+00h  1
  25  5.9219431e+05 1.47e-06 2.83e-06  -3.8 3.50e-02    -  1.00e+00 1.00e+00h  1
  26  5.9099635e+05 3.62e-04 2.50e+03  -5.7 2.10e+00    -  6.40e-01 4.72e-01f  1
  27  5.9043588e+05 4.36e-04 2.22e+03  -5.7 1.74e+00    -  5.24e-01 3.93e-01h  1
  28  5.9015923e+05 5.39e-04 2.49e+03  -5.7 1.99e+00    -  6.99e-01 3.17e-01h  1
  29  5.8992303e+05 7.52e-04 1.53e+03  -5.7 1.62e+00    -  4.28e-01 3.96e-01h  1
iter    objective    inf_pr   inf_du lg(mu)  ||d||  lg(rg) alpha_du alpha_pr  ls
  30  5.8974565e+05 7.73e-04 9.32e+02  -5.7 1.62e+00  -9.2 8.78e-01 4.99e-01h  1
  31  5.8959768e+05 5.83e-04 1.49e+02  -5.7 1.27e+00    -  8.89e-01 8.43e-01h  1
  32  5.8957300e+05 4.83e-05 2.84e-05  -5.7 2.40e-01    -  1.00e+00 1.00e+00h  1
  33  5.8957312e+05 2.17e-07 1.51e-06  -5.7 3.86e-02  -9.7 1.00e+00 1.00e+00h  1
  34  5.8957311e+05 4.76e-10 3.54e-09  -5.7 6.93e-04    -  1.00e+00 1.00e+00h  1
  35  5.8954824e+05 2.18e-04 8.85e+00  -8.6 5.41e-01    -  7.57e-01 7.09e-01f  1
  36  5.8953906e+05 1.84e-03 5.57e+00  -8.6 2.33e-01  -6.6 6.91e-01 8.46e-01h  1
  37  5.8953803e+05 7.97e-04 2.40e-01  -8.6 1.24e-01    -  7.25e-01 5.69e-01h  1
  38  5.8953725e+05 6.64e-05 8.36e-01  -8.6 7.69e-02    -  7.14e-01 9.29e-01h  1
  39  5.8953719e+05 1.48e-07 1.62e-02  -8.6 2.63e-02  -7.1 9.85e-01 1.00e+00h  1
iter    objective    inf_pr   inf_du lg(mu)  ||d||  lg(rg) alpha_du alpha_pr  ls
  40  5.8953719e+05 3.09e-08 3.65e-08  -8.6 6.50e-02    -  1.00e+00 1.00e+00h  1

Number of Iterations....: 40

                                   (scaled)                 (unscaled)
Objective...............:   5.8953718635393159e+01    5.8953718635393155e+05
Dual infeasibility......:   3.6501107845260221e-08    3.6501107845260221e-04
Constraint violation....:   2.2758962173186070e-08    3.0900504238706716e-08
Variable bound violation:   1.2999732845742074e-07    1.2999732845742074e-07
Complementarity.........:   4.4313236112599769e-09    4.4313236112599769e-05
Overall NLP error.......:   3.6501107845260221e-08    3.6501107845260221e-04


Number of objective function evaluations             = 41
Number of objective gradient evaluations             = 41
Number of equality constraint evaluations            = 41
Number of inequality constraint evaluations          = 41
Number of equality constraint Jacobian evaluations   = 41
Number of inequality constraint Jacobian evaluations = 41
Number of Lagrangian Hessian evaluations             = 40
Total seconds in IPOPT                               = 3.021

EXIT: Optimal Solution Found.

Gurobi 13.0.2 (win64) logging started Mon Jul 20 16:41:19 2026

Set parameter LogFile to value "C:\Users\ehsanno\DataspellProjects\Spanish_Power_System\results\ipopt_logs\2024-12-02_h23.log"

Gurobi 13.0.2 (win64) logging started Mon Jul 20 16:41:19 2026

Set parameter LogFile to value "C:\Users\ehsanno\DataspellProjects\Spanish_Power_System\results\ipopt_logs\2024-12-02_h23.log"
Gurobi Optimizer version 13.0.2 build v13.0.2rc1 (win64 - Windows 11+.0 (26200.2))

CPU model: 11th Gen Intel(R) Core(TM) i5-1145G7 @ 2.60GHz, instruction set [SSE2|AVX|AVX2|AVX512]
Thread count: 4 physical cores, 8 logical processors, using up to 8 threads

Non-default parameters:
LogToConsole  0

Optimize a model with 5142 rows, 7177 columns and 18440 nonzeros (Min)
Model fingerprint: 0x85f0dcb0
Model has 2031 linear objective coefficients and an objective constant of 1.3682766347167753e+07
Model has 973 quadratic objective terms
Coefficient statistics:
  Matrix range     [1e+00, 1e+04]
  Objective range  [4e-01, 1e+06]
  QObjective range [2e+04, 2e+04]
  Bounds range     [1e-06, 1e+04]
  RHS range        [1e-06, 6e+00]

Presolve removed 3690 rows and 4617 columns
Presolve time: 0.02s
Presolved: 1452 rows, 2560 columns, 8429 nonzeros
Presolved model has 454 quadratic objective terms
Ordering time: 0.01s

Barrier statistics:
 AA' NZ     : 1.769e+04
 Factor NZ  : 4.933e+04 (roughly 2 MB of memory)
 Factor Ops : 2.224e+06 (less than 1 second per iteration)
 Threads    : 1

                  Objective                Residual
Iter       Primal          Dual         Primal    Dual     Compl     Time
   0   2.98056601e+12 -3.01423888e+11  6.75e+03 4.06e+03  4.04e+06     0s
   1   8.96441732e+11 -8.24731637e+10  2.15e+03 1.29e+03  1.31e+06     0s
   2   8.50514327e+10 -6.14722507e+10  2.09e+02 1.26e+02  1.53e+05     0s
   3   3.71417989e+10 -5.17857000e+10  9.16e+01 5.51e+01  6.85e+04     0s
   4   3.62017894e+09 -4.21725043e+10  9.39e+00 5.65e+00  1.47e+04     0s
   5   1.10233497e+09 -2.21136576e+10  3.17e+00 1.91e+00  6.05e+03     0s
   6   3.33136251e+08 -1.12680285e+10  1.12e+00 6.75e-01  2.75e+03     0s
   7   2.36563496e+08 -8.53392257e+09  6.91e-01 4.16e-01  2.03e+03     0s
   8   1.41204658e+08 -4.46675485e+09  3.15e-01 1.89e-01  1.01e+03     0s
   9   8.87306581e+07 -2.49401204e+09  9.64e-02 5.80e-02  5.39e+02     0s
  10   5.28482412e+07 -6.49911222e+08  2.33e-02 1.40e-02  1.41e+02     0s
  11   2.41975108e+07 -2.30709654e+08  2.46e-03 1.48e-03  4.99e+01     0s
  12   7.22600427e+06 -5.30556222e+07  2.46e-09 1.48e-09  1.17e+01     0s
  13   1.53071482e+06 -3.19377755e+06  7.17e-10 2.30e-11  9.19e-01     0s
  14   7.90432666e+05 -2.07348330e+05  1.08e-09 8.69e-12  1.94e-01     0s
  15   6.54427949e+05  1.65461289e+05  1.19e-10 7.71e-12  9.52e-02     0s
  16   5.73269043e+05  5.30696690e+05  2.49e-09 7.09e-12  8.29e-03     0s
  17   5.65721407e+05  5.59601131e+05  1.23e-08 4.68e-12  1.19e-03     0s
  18   5.64318849e+05  5.64087199e+05  3.65e-08 5.28e-12  4.51e-05     0s
  19   5.64266637e+05  5.64266367e+05  6.67e-09 1.44e-11  5.25e-08     0s
  20   5.64264890e+05  5.64266568e+05  4.52e-06 5.18e-12  8.97e-10     0s
  21   5.64265413e+05  5.64266568e+05  7.39e-06 6.56e-12  8.92e-10     0s
  22   5.64266567e+05  5.64266571e+05  1.04e-07 3.75e-12  8.95e-11     0s

Barrier solved model in 22 iterations and 0.11 seconds (0.05 work units)
Optimal objective 5.64266567e+05


User-callback calls 91, time in user-callback 0.00 sec
