This is Ipopt version 3.14.19, running with linear solver ma57.

Number of nonzeros in equality constraint Jacobian...:    61491
Number of nonzeros in inequality constraint Jacobian.:    15828
Number of nonzeros in Lagrangian Hessian.............:   105683

Total number of variables............................:    15844
                     variables with only lower bounds:        0
                variables with lower and upper bounds:    14608
                     variables with only upper bounds:        0
Total number of equality constraints.................:    11850
Total number of inequality constraints...............:     7951
        inequality constraints with only lower bounds:      730
   inequality constraints with lower and upper bounds:     1560
        inequality constraints with only upper bounds:     5661

iter    objective    inf_pr   inf_du lg(mu)  ||d||  lg(rg) alpha_du alpha_pr  ls
   0  9.4598419e+06 2.09e+01 1.00e+02  -1.0 0.00e+00    -  0.00e+00 0.00e+00   0
   1  9.4596805e+06 2.09e+01 9.96e+01  -1.0 1.91e+01  -4.0 1.29e-02 1.69e-05f  1
   2  7.5353331e+06 2.06e+01 9.92e+01  -1.0 1.94e+01  -4.5 3.18e-03 1.67e-02f  1
   3  7.3503240e+06 1.91e+01 9.71e+01  -1.0 1.69e+01  -5.0 2.45e-02 7.16e-02f  1
   4  6.6678618e+06 1.80e+01 9.35e+01  -1.0 4.91e+01  -5.4 3.78e-02 5.97e-02f  1
   5  5.3552994e+06 1.38e+01 8.30e+01  -1.0 7.46e+01  -5.9 1.19e-01 2.34e-01f  1
   6  4.0144087e+06 9.76e+00 6.78e+01  -1.0 1.39e+02  -5.5 1.88e-01 2.91e-01f  1
   7  3.1814399e+06 5.13e+00 2.90e+01  -1.0 1.52e+02  -6.0 5.69e-01 4.75e-01f  1
   8  2.4115099e+06 1.11e+00 1.63e+01  -1.0 1.32e+02    -  4.41e-01 7.84e-01f  1
   9  1.9486350e+06 1.09e-02 1.53e+01  -1.0 7.22e+01    -  9.10e-01 9.90e-01f  1
iter    objective    inf_pr   inf_du lg(mu)  ||d||  lg(rg) alpha_du alpha_pr  ls
  10  1.6412441e+06 1.92e-02 2.58e+03  -1.0 6.89e+01    -  9.85e-01 8.49e-01f  1
  11  1.5783790e+06 1.00e-02 4.48e+04  -1.0 4.34e+01    -  1.00e+00 6.19e-01h  1
  12  1.5507001e+06 1.17e-03 5.37e-02  -1.0 1.06e+01  -6.4 1.00e+00 1.00e+00h  1
  13  7.2802244e+05 1.29e-03 6.43e+03  -1.7 1.35e+01  -5.1 1.00e+00 9.27e-01f  1
  14  5.9219411e+05 4.42e-03 6.45e-02  -1.7 8.89e+00  -5.6 1.00e+00 1.00e+00f  1
  15  5.9416575e+05 9.51e-06 1.25e-03  -1.7 9.61e-01    -  1.00e+00 1.00e+00h  1
  16  4.2306721e+05 2.70e-03 5.41e+04  -3.8 8.48e+00    -  8.35e-01 6.48e-01f  1
  17  3.1009142e+05 2.28e-02 9.10e+03  -3.8 1.73e+01    -  7.23e-01 9.59e-01f  1
  18  3.0074503e+05 7.84e-03 1.64e+03  -3.8 2.09e+01    -  8.09e-01 7.84e-01h  1
  19  2.9877808e+05 5.51e-03 2.20e+01  -3.8 9.31e+00  -6.1 8.32e-01 4.99e-01h  1
iter    objective    inf_pr   inf_du lg(mu)  ||d||  lg(rg) alpha_du alpha_pr  ls
  20  2.9743074e+05 2.07e-03 1.55e+02  -3.8 7.28e+00  -6.5 1.00e+00 6.56e-01h  1
  21  2.9676795e+05 3.29e-04 7.88e-04  -3.8 2.80e+00    -  1.00e+00 1.00e+00h  1
  22  2.9677600e+05 5.15e-06 1.48e-05  -3.8 2.70e-01    -  1.00e+00 1.00e+00h  1
  23  2.9494924e+05 6.00e-04 3.17e+02  -5.7 5.20e+00    -  7.31e-01 5.85e-01f  1
  24  2.9448205e+05 6.61e-04 2.88e+02  -5.7 3.24e+00  -7.0 4.77e-01 3.41e-01h  1
  25  2.9419538e+05 6.36e-04 2.86e+02  -5.7 2.17e+00    -  6.13e-01 3.18e-01h  1
  26  2.9390481e+05 6.67e-04 1.86e+02  -5.7 1.73e+00    -  7.74e-01 4.74e-01h  1
  27  2.9374704e+05 4.94e-04 1.07e+02  -5.7 1.41e+00  -7.5 1.00e+00 4.97e-01h  1
  28  2.9361950e+05 4.00e-04 1.90e+01  -5.7 9.37e-01    -  1.00e+00 8.22e-01h  1
  29  2.9359441e+05 3.74e-05 7.49e-06  -5.7 2.17e-01  -8.0 1.00e+00 1.00e+00h  1
iter    objective    inf_pr   inf_du lg(mu)  ||d||  lg(rg) alpha_du alpha_pr  ls
  30  2.9359453e+05 2.33e-08 1.94e-07  -5.7 5.93e-02    -  1.00e+00 1.00e+00h  1
  31  2.9359453e+05 3.77e-11 5.79e-10  -5.7 3.90e-04    -  1.00e+00 1.00e+00h  1
  32  2.9356112e+05 2.62e-04 6.29e-01  -8.6 4.87e-01  -8.4 7.83e-01 8.06e-01f  1
  33  2.9355280e+05 3.19e-03 1.19e+00  -8.6 3.30e-01  -8.9 7.37e-01 9.33e-01h  1
  34  2.9355232e+05 1.25e-03 2.76e-01  -8.6 1.77e-01    -  7.31e-01 6.06e-01h  1
  35  2.9355197e+05 4.88e-06 8.85e-02  -8.6 1.27e-01    -  7.86e-01 1.00e+00h  1
  36  2.9355196e+05 2.37e-05 1.20e-02  -8.6 3.07e-02    -  8.64e-01 1.00e+00h  1
  37  2.9355196e+05 9.71e-06 1.08e-08  -8.6 1.23e-02    -  1.00e+00 1.00e+00h  1

Number of Iterations....: 37

                                   (scaled)                 (unscaled)
Objective...............:   2.9355196005948564e+01    2.9355196005948563e+05
Dual infeasibility......:   1.0805881078310753e-08    1.0805881078310752e-04
Constraint violation....:   9.7078892281610152e-06    9.7078892281610152e-06
Variable bound violation:   1.3057205983102449e-07    1.3057205983102449e-07
Complementarity.........:   4.0258071888713905e-09    4.0258071888713901e-05
Overall NLP error.......:   9.7078892281610152e-06    1.0805881078310752e-04


Number of objective function evaluations             = 38
Number of objective gradient evaluations             = 38
Number of equality constraint evaluations            = 38
Number of inequality constraint evaluations          = 38
Number of equality constraint Jacobian evaluations   = 38
Number of inequality constraint Jacobian evaluations = 38
Number of Lagrangian Hessian evaluations             = 37
Total seconds in IPOPT                               = 2.856

EXIT: Optimal Solution Found.

Gurobi 13.0.2 (win64) logging started Mon Jul 20 16:41:11 2026

Set parameter LogFile to value "C:\Users\ehsanno\DataspellProjects\Spanish_Power_System\results\ipopt_logs\2024-12-02_h10.log"

Gurobi 13.0.2 (win64) logging started Mon Jul 20 16:41:11 2026

Set parameter LogFile to value "C:\Users\ehsanno\DataspellProjects\Spanish_Power_System\results\ipopt_logs\2024-12-02_h10.log"
Gurobi Optimizer version 13.0.2 build v13.0.2rc1 (win64 - Windows 11+.0 (26200.2))

CPU model: 11th Gen Intel(R) Core(TM) i5-1145G7 @ 2.60GHz, instruction set [SSE2|AVX|AVX2|AVX512]
Thread count: 4 physical cores, 8 logical processors, using up to 8 threads

Non-default parameters:
LogToConsole  0

Optimize a model with 5142 rows, 7177 columns and 18440 nonzeros (Min)
Model fingerprint: 0xcb3f6898
Model has 2031 linear objective coefficients and an objective constant of 1.2816078236668551e+07
Model has 973 quadratic objective terms
Coefficient statistics:
  Matrix range     [1e+00, 1e+04]
  Objective range  [8e+00, 1e+06]
  QObjective range [2e+04, 2e+04]
  Bounds range     [2e-06, 1e+04]
  RHS range        [2e-06, 7e+00]

Presolve removed 3663 rows and 4145 columns
Presolve time: 0.02s
Presolved: 1479 rows, 3032 columns, 8920 nonzeros
Presolved model has 899 quadratic objective terms
Ordering time: 0.00s

Barrier statistics:
 AA' NZ     : 1.765e+04
 Factor NZ  : 4.664e+04 (roughly 2 MB of memory)
 Factor Ops : 1.835e+06 (less than 1 second per iteration)
 Threads    : 1

                  Objective                Residual
Iter       Primal          Dual         Primal    Dual     Compl     Time
   0   3.90818206e+12 -5.18816552e+11  7.00e+03 3.28e+03  3.27e+06     0s
   1   1.16039929e+12 -1.04476347e+11  2.26e+03 1.06e+03  1.07e+06     0s
   2   1.77997332e+11 -6.19266028e+10  3.59e+02 1.68e+02  2.26e+05     0s
   3   5.34362670e+10 -5.12903000e+10  1.09e+02 5.09e+01  7.08e+04     0s
   4   5.65169676e+09 -4.38701866e+10  1.18e+01 5.55e+00  1.50e+04     0s
   5   1.33691297e+09 -2.25341125e+10  3.06e+00 1.44e+00  5.44e+03     0s
   6   6.22107677e+08 -1.41030297e+10  1.52e+00 7.14e-01  3.12e+03     0s
   7   3.44322013e+08 -9.93878056e+09  7.70e-01 3.61e-01  2.08e+03     0s
   8   1.80489891e+08 -5.27872817e+09  3.39e-01 1.59e-01  1.04e+03     0s
   9   1.46361264e+08 -4.12588510e+09  2.29e-01 1.07e-01  7.94e+02     0s
  10   6.49241983e+07 -8.34629608e+08  3.28e-02 1.54e-02  1.54e+02     0s
  11   2.79540223e+07 -2.97982336e+08  1.34e-03 6.28e-04  5.36e+01     0s
  12   8.15418994e+06 -3.11012658e+07  8.25e-06 3.87e-06  6.43e+00     0s
  13   1.17119725e+06 -2.57629808e+06  7.52e-08 3.52e-08  6.14e-01     0s
  14   5.79869187e+05 -2.53113919e+05  1.47e-08 6.88e-09  1.36e-01     0s
  15   4.12179845e+05  6.61032284e+04  3.16e-09 1.48e-09  5.67e-02     0s
  16   3.38509860e+05  2.81009728e+05  1.85e-08 1.91e-10  9.42e-03     0s
  17   3.29547484e+05  3.00002155e+05  9.38e-08 7.26e-11  4.84e-03     0s
  18   3.25758483e+05  3.08585870e+05  1.42e-08 3.67e-11  2.81e-03     0s
  19   3.23294852e+05  3.14212841e+05  2.37e-08 1.58e-11  1.49e-03     0s
  20   3.21516568e+05  3.18245031e+05  2.14e-07 1.03e-11  5.36e-04     0s
  21   3.20765945e+05  3.19982206e+05  2.97e-07 1.23e-11  1.28e-04     0s
  22   3.20565180e+05  3.20477766e+05  2.69e-07 7.89e-12  1.43e-05     0s
  23   3.20543608e+05  3.20540725e+05  7.41e-08 5.99e-12  4.70e-07     0s
  24   3.20543009e+05  3.20542817e+05  6.09e-07 1.41e-11  6.87e-09     0s
  25   3.20542850e+05  3.20542848e+05  5.93e-08 1.08e-11  9.11e-11     0s

Barrier solved model in 25 iterations and 0.09 seconds (0.05 work units)
Optimal objective 3.20542850e+05


User-callback calls 83, time in user-callback 0.00 sec
