
******************************************************************************
This program contains Ipopt, a library for large-scale nonlinear optimization.
 Ipopt is released as open source code under the Eclipse Public License (EPL).
         For more information visit https://github.com/coin-or/Ipopt
******************************************************************************

This is Ipopt version 3.14.19, running with linear solver ma57.

Number of nonzeros in equality constraint Jacobian...:    49633
Number of nonzeros in inequality constraint Jacobian.:      235
Number of nonzeros in Lagrangian Hessian.............:        0

Total number of variables............................:    48746
                     variables with only lower bounds:        2
                variables with lower and upper bounds:    48744
                     variables with only upper bounds:        0
Total number of equality constraints.................:       25
Total number of inequality constraints...............:      118
        inequality constraints with only lower bounds:      118
   inequality constraints with lower and upper bounds:        0
        inequality constraints with only upper bounds:        0

iter    objective    inf_pr   inf_du lg(mu)  ||d||  lg(rg) alpha_du alpha_pr  ls
   0  1.0058708e+08 1.40e+03 8.74e+06  -1.0 0.00e+00    -  0.00e+00 0.00e+00   0
   1  7.5477788e+07 1.84e+06 8.15e+06  -1.0 9.28e+05    -  6.83e-02 4.72e-02f  1
   2  7.5004779e+07 1.86e+06 6.32e+06  -1.0 2.44e+05    -  2.24e-01 1.79e-03f  1
   3  4.5148949e+07 1.43e+06 5.67e+06  -1.0 4.21e+04    -  1.02e-01 2.32e-01f  1
   4  4.0832508e+07 1.26e+06 4.73e+06  -1.0 3.23e+04    -  1.67e-01 1.15e-01f  1
   5  3.8476488e+07 1.13e+06 3.63e+06  -1.0 2.86e+04    -  2.32e-01 1.02e-01f  1
   6  3.6044707e+07 9.53e+05 2.35e+06  -1.0 2.57e+04    -  3.52e-01 1.59e-01f  1
   7  3.3800103e+07 7.19e+05 1.86e+06  -1.0 2.20e+04    -  2.10e-01 2.46e-01f  1
   8  3.0037900e+07 2.31e+05 1.84e+06  -1.0 1.65e+06    -  8.81e-03 6.78e-01f  1
   9  3.0137387e+07 1.84e+05 6.18e+05  -1.0 8.04e+05    -  6.65e-01 2.01e-01f  1
iter    objective    inf_pr   inf_du lg(mu)  ||d||  lg(rg) alpha_du alpha_pr  ls
  10  3.1590408e+07 1.59e-12 1.00e-06  -1.0 7.50e+05    -  1.00e+00 1.00e+00f  1
  11  1.2684300e+07 1.59e-12 1.29e-03  -1.7 7.67e+05    -  8.76e-01 8.95e-01f  1
  12  6.8066264e+06 1.53e-12 3.31e-02  -2.5 6.97e+05    -  4.04e-01 6.81e-01f  1
  13  4.1851926e+06 1.25e-12 8.51e-02  -2.5 2.65e+05    -  3.22e-01 8.46e-01f  1
  14  3.7291921e+06 1.25e-12 6.26e-02  -2.5 8.35e+04    -  3.21e-01 6.03e-01f  1
  15  3.3335917e+06 1.08e-12 7.59e-02  -2.5 5.14e+04    -  5.10e-01 1.00e+00f  1
  16  3.2653083e+06 1.14e-12 2.09e-02  -2.5 1.44e+04    -  7.02e-01 1.00e+00f  1
  17  2.6903341e+06 7.28e-12 1.27e-02  -3.8 9.04e+04    -  7.06e-01 5.44e-01f  1
  18  2.2243249e+06 1.82e-12 7.03e-02  -3.8 5.18e+04    -  4.62e-01 8.59e-01f  1
  19  2.1280014e+06 1.53e-12 4.97e-05  -3.8 1.08e+04    -  9.95e-01 1.00e+00f  1
iter    objective    inf_pr   inf_du lg(mu)  ||d||  lg(rg) alpha_du alpha_pr  ls
  20  2.1221900e+06 9.66e-13 3.91e-05  -3.8 1.28e+03    -  9.91e-01 1.00e+00f  1
  21  2.0538340e+06 1.19e-12 4.41e-04  -5.7 6.81e+03    -  8.44e-01 1.00e+00f  1
  22  2.0527258e+06 7.39e-12 1.68e-04  -5.7 2.74e+02    -  7.87e-01 1.00e+00f  1
  23  2.0526806e+06 1.08e-12 1.84e-11  -5.7 3.31e+00    -  1.00e+00 1.00e+00f  1
  24  2.0517907e+06 3.58e-12 2.26e-06  -8.6 9.41e+01    -  9.48e-01 1.00e+00f  1
  25  2.0517902e+06 5.03e-12 2.51e-14  -8.6 7.65e-02    -  1.00e+00 1.00e+00h  1

Number of Iterations....: 25

                                   (scaled)                 (unscaled)
Objective...............:   2.0517901739019837e+02    2.0517901739019835e+06
Dual infeasibility......:   2.5059035596800670e-14    2.5059035596800562e-10
Constraint violation....:   5.0306425691815093e-12    5.0306425691815093e-12
Variable bound violation:   1.2813721994575644e-07    1.2813721994575644e-07
Complementarity.........:   2.5738070243582899e-09    2.5738070243582899e-05
Overall NLP error.......:   2.5738070243582899e-09    2.5738070243582899e-05


Number of objective function evaluations             = 26
Number of objective gradient evaluations             = 26
Number of equality constraint evaluations            = 26
Number of inequality constraint evaluations          = 26
Number of equality constraint Jacobian evaluations   = 1
Number of inequality constraint Jacobian evaluations = 1
Number of Lagrangian Hessian evaluations             = 1
Total seconds in IPOPT                               = 1.278

EXIT: Optimal Solution Found.

Gurobi 13.0.2 (win64) logging started Mon Jun 15 12:41:28 2026

Set parameter OutputFlag to value 1

Gurobi 13.0.2 (win64) logging started Mon Jun 15 12:41:30 2026

Set parameter LogFile to value "C:\Users\ehsanno\DataspellProjects\Spanish_Power_System\results\ipopt_logs\2024-07-08_da.log"
Gurobi Optimizer version 13.0.2 build v13.0.2rc1 (win64 - Windows 11+.0 (26200.2))

CPU model: 11th Gen Intel(R) Core(TM) i5-1145G7 @ 2.60GHz, instruction set [SSE2|AVX|AVX2|AVX512]
Thread count: 4 physical cores, 8 logical processors, using up to 8 threads

Optimize a model with 143 rows, 48818 columns and 49940 nonzeros (Min)
Model fingerprint: 0x89105978
Model has 47857 linear objective coefficients
Coefficient statistics:
  Matrix range     [1e+00, 2e+04]
  Objective range  [4e-01, 1e+06]
  Bounds range     [1e-06, 1e+04]
  RHS range        [2e+02, 2e+09]
Warning: Model contains large rhs
         Consider reformulating model or setting NumericFocus parameter
         to avoid numerical issues.

Presolve removed 95 rows and 48716 columns
Presolve time: 0.04s
Presolved: 48 rows, 102 columns, 171 nonzeros

Iteration    Objective       Primal Inf.    Dual Inf.      Time
       0    1.1279945e+04   2.556330e+05   0.000000e+00      0s
      26    2.0520429e+06   0.000000e+00   0.000000e+00      0s

Solved in 26 iterations and 0.06 seconds (0.02 work units)
Optimal objective  2.052042854e+06

User-callback calls 33, time in user-callback 0.00 sec

Gurobi 13.0.2 (win64) logging started Mon Jun 15 12:53:24 2026

Set parameter LogFile to value "C:\Users\ehsanno\DataspellProjects\Spanish_Power_System\results\ipopt_logs\2024-07-08_da.log"

Gurobi 13.0.2 (win64) logging started Mon Jun 15 12:53:27 2026

Set parameter LogFile to value "C:\Users\ehsanno\DataspellProjects\Spanish_Power_System\results\ipopt_logs\2024-07-08_da.log"
Gurobi Optimizer version 13.0.2 build v13.0.2rc1 (win64 - Windows 11+.0 (26200.2))

CPU model: 11th Gen Intel(R) Core(TM) i5-1145G7 @ 2.60GHz, instruction set [SSE2|AVX|AVX2|AVX512]
Thread count: 4 physical cores, 8 logical processors, using up to 8 threads

Non-default parameters:
LogToConsole  0

Optimize a model with 143 rows, 48818 columns and 49940 nonzeros (Min)
Model fingerprint: 0x89105978
Model has 47857 linear objective coefficients
Coefficient statistics:
  Matrix range     [1e+00, 2e+04]
  Objective range  [4e-01, 1e+06]
  Bounds range     [1e-06, 1e+04]
  RHS range        [2e+02, 2e+09]
Warning: Model contains large rhs
         Consider reformulating model or setting NumericFocus parameter
         to avoid numerical issues.

Presolve removed 95 rows and 48716 columns
Presolve time: 0.04s
Presolved: 48 rows, 102 columns, 171 nonzeros

Iteration    Objective       Primal Inf.    Dual Inf.      Time
       0    1.1279945e+04   2.556330e+05   0.000000e+00      0s
      26    2.0520429e+06   0.000000e+00   0.000000e+00      0s

Solved in 26 iterations and 0.07 seconds (0.02 work units)
Optimal objective  2.052042854e+06

User-callback calls 35, time in user-callback 0.00 sec

Gurobi 13.0.2 (win64) logging started Thu Jun 18 20:07:32 2026

Set parameter LogFile to value "C:\Users\ehsanno\DataspellProjects\Spanish_Power_System\results\ipopt_logs\2024-07-08_da.log"

Gurobi 13.0.2 (win64) logging started Thu Jun 18 20:07:33 2026

Set parameter LogFile to value "C:\Users\ehsanno\DataspellProjects\Spanish_Power_System\results\ipopt_logs\2024-07-08_da.log"
Gurobi Optimizer version 13.0.2 build v13.0.2rc1 (win64 - Windows 11+.0 (26200.2))

CPU model: 11th Gen Intel(R) Core(TM) i5-1145G7 @ 2.60GHz, instruction set [SSE2|AVX|AVX2|AVX512]
Thread count: 4 physical cores, 8 logical processors, using up to 8 threads

Non-default parameters:
LogToConsole  0

Optimize a model with 143 rows, 48818 columns and 49940 nonzeros (Min)
Model fingerprint: 0x89105978
Model has 47857 linear objective coefficients
Coefficient statistics:
  Matrix range     [1e+00, 2e+04]
  Objective range  [4e-01, 1e+06]
  Bounds range     [1e-06, 1e+04]
  RHS range        [2e+02, 2e+09]
Warning: Model contains large rhs
         Consider reformulating model or setting NumericFocus parameter
         to avoid numerical issues.

Presolve removed 95 rows and 48716 columns
Presolve time: 0.03s
Presolved: 48 rows, 102 columns, 171 nonzeros

Iteration    Objective       Primal Inf.    Dual Inf.      Time
       0    1.1279945e+04   2.556330e+05   0.000000e+00      0s
      26    2.0520429e+06   0.000000e+00   0.000000e+00      0s

Solved in 26 iterations and 0.05 seconds (0.02 work units)
Optimal objective  2.052042854e+06

User-callback calls 35, time in user-callback 0.00 sec

Gurobi 13.0.2 (win64) logging started Fri Jun 19 14:47:11 2026

Set parameter LogFile to value "C:\Users\ehsanno\DataspellProjects\Spanish_Power_System\results\ipopt_logs\2024-07-08_da.log"

Gurobi 13.0.2 (win64) logging started Fri Jun 19 14:47:13 2026

Set parameter LogFile to value "C:\Users\ehsanno\DataspellProjects\Spanish_Power_System\results\ipopt_logs\2024-07-08_da.log"
Gurobi Optimizer version 13.0.2 build v13.0.2rc1 (win64 - Windows 11+.0 (26200.2))

CPU model: 11th Gen Intel(R) Core(TM) i5-1145G7 @ 2.60GHz, instruction set [SSE2|AVX|AVX2|AVX512]
Thread count: 4 physical cores, 8 logical processors, using up to 8 threads

Non-default parameters:
LogToConsole  0

Optimize a model with 143 rows, 48818 columns and 49940 nonzeros (Min)
Model fingerprint: 0x89105978
Model has 47857 linear objective coefficients
Coefficient statistics:
  Matrix range     [1e+00, 2e+04]
  Objective range  [4e-01, 1e+06]
  Bounds range     [1e-06, 1e+04]
  RHS range        [2e+02, 2e+09]
Warning: Model contains large rhs
         Consider reformulating model or setting NumericFocus parameter
         to avoid numerical issues.

Presolve removed 95 rows and 48716 columns
Presolve time: 0.03s
Presolved: 48 rows, 102 columns, 171 nonzeros

Iteration    Objective       Primal Inf.    Dual Inf.      Time
       0    1.1279945e+04   2.556330e+05   0.000000e+00      0s
      26    2.0520429e+06   0.000000e+00   0.000000e+00      0s

Solved in 26 iterations and 0.06 seconds (0.02 work units)
Optimal objective  2.052042854e+06

User-callback calls 34, time in user-callback 0.00 sec

Gurobi 13.0.2 (win64) logging started Fri Jun 19 14:49:36 2026

Set parameter LogFile to value "C:\Users\ehsanno\DataspellProjects\Spanish_Power_System\results\ipopt_logs\2024-07-08_da.log"

Gurobi 13.0.2 (win64) logging started Fri Jun 19 14:49:38 2026

Set parameter LogFile to value "C:\Users\ehsanno\DataspellProjects\Spanish_Power_System\results\ipopt_logs\2024-07-08_da.log"
Gurobi Optimizer version 13.0.2 build v13.0.2rc1 (win64 - Windows 11+.0 (26200.2))

CPU model: 11th Gen Intel(R) Core(TM) i5-1145G7 @ 2.60GHz, instruction set [SSE2|AVX|AVX2|AVX512]
Thread count: 4 physical cores, 8 logical processors, using up to 8 threads

Non-default parameters:
LogToConsole  0

Optimize a model with 143 rows, 48818 columns and 49940 nonzeros (Min)
Model fingerprint: 0x89105978
Model has 47857 linear objective coefficients
Coefficient statistics:
  Matrix range     [1e+00, 2e+04]
  Objective range  [4e-01, 1e+06]
  Bounds range     [1e-06, 1e+04]
  RHS range        [2e+02, 2e+09]
Warning: Model contains large rhs
         Consider reformulating model or setting NumericFocus parameter
         to avoid numerical issues.

Presolve removed 95 rows and 48716 columns
Presolve time: 0.03s
Presolved: 48 rows, 102 columns, 171 nonzeros

Iteration    Objective       Primal Inf.    Dual Inf.      Time
       0    1.1279945e+04   2.556330e+05   0.000000e+00      0s
      26    2.0520429e+06   0.000000e+00   0.000000e+00      0s

Solved in 26 iterations and 0.06 seconds (0.02 work units)
Optimal objective  2.052042854e+06

User-callback calls 35, time in user-callback 0.00 sec

Gurobi 13.0.2 (win64) logging started Sun Jun 21 17:02:10 2026

Set parameter LogFile to value "C:\Users\ehsanno\DataspellProjects\Spanish_Power_System\results\ipopt_logs\2024-07-08_da.log"

Gurobi 13.0.2 (win64) logging started Sun Jun 21 17:02:13 2026

Set parameter LogFile to value "C:\Users\ehsanno\DataspellProjects\Spanish_Power_System\results\ipopt_logs\2024-07-08_da.log"
Gurobi Optimizer version 13.0.2 build v13.0.2rc1 (win64 - Windows 11+.0 (26200.2))

CPU model: 11th Gen Intel(R) Core(TM) i5-1145G7 @ 2.60GHz, instruction set [SSE2|AVX|AVX2|AVX512]
Thread count: 4 physical cores, 8 logical processors, using up to 8 threads

Non-default parameters:
LogToConsole  0

Optimize a model with 143 rows, 48818 columns and 49940 nonzeros (Min)
Model fingerprint: 0x89105978
Model has 47857 linear objective coefficients
Coefficient statistics:
  Matrix range     [1e+00, 2e+04]
  Objective range  [4e-01, 1e+06]
  Bounds range     [1e-06, 1e+04]
  RHS range        [2e+02, 2e+09]
Warning: Model contains large rhs
         Consider reformulating model or setting NumericFocus parameter
         to avoid numerical issues.

Presolve removed 95 rows and 48716 columns
Presolve time: 0.03s
Presolved: 48 rows, 102 columns, 171 nonzeros

Iteration    Objective       Primal Inf.    Dual Inf.      Time
       0    1.1279945e+04   2.556330e+05   0.000000e+00      0s
      26    2.0520429e+06   0.000000e+00   0.000000e+00      0s

Solved in 26 iterations and 0.06 seconds (0.02 work units)
Optimal objective  2.052042854e+06

User-callback calls 34, time in user-callback 0.00 sec

Gurobi 13.0.2 (win64) logging started Sun Jun 21 18:53:16 2026

Set parameter LogFile to value "C:\Users\ehsanno\DataspellProjects\Spanish_Power_System\results\ipopt_logs\2024-07-08_da.log"

Gurobi 13.0.2 (win64) logging started Sun Jun 21 18:53:18 2026

Set parameter LogFile to value "C:\Users\ehsanno\DataspellProjects\Spanish_Power_System\results\ipopt_logs\2024-07-08_da.log"
Gurobi Optimizer version 13.0.2 build v13.0.2rc1 (win64 - Windows 11+.0 (26200.2))

CPU model: 11th Gen Intel(R) Core(TM) i5-1145G7 @ 2.60GHz, instruction set [SSE2|AVX|AVX2|AVX512]
Thread count: 4 physical cores, 8 logical processors, using up to 8 threads

Non-default parameters:
LogToConsole  0

Optimize a model with 143 rows, 48818 columns and 49940 nonzeros (Min)
Model fingerprint: 0x89105978
Model has 47857 linear objective coefficients
Coefficient statistics:
  Matrix range     [1e+00, 2e+04]
  Objective range  [4e-01, 1e+06]
  Bounds range     [1e-06, 1e+04]
  RHS range        [2e+02, 2e+09]
Warning: Model contains large rhs
         Consider reformulating model or setting NumericFocus parameter
         to avoid numerical issues.

Presolve removed 95 rows and 48716 columns
Presolve time: 0.04s
Presolved: 48 rows, 102 columns, 171 nonzeros

Iteration    Objective       Primal Inf.    Dual Inf.      Time
       0    1.1279945e+04   2.556330e+05   0.000000e+00      0s
      26    2.0520429e+06   0.000000e+00   0.000000e+00      0s

Solved in 26 iterations and 0.07 seconds (0.02 work units)
Optimal objective  2.052042854e+06

User-callback calls 34, time in user-callback 0.00 sec

Gurobi 13.0.2 (win64) logging started Sun Jun 21 19:26:02 2026

Set parameter LogFile to value "C:\Users\ehsanno\DataspellProjects\Spanish_Power_System\results\ipopt_logs\2024-07-08_da.log"

Gurobi 13.0.2 (win64) logging started Sun Jun 21 19:26:03 2026

Set parameter LogFile to value "C:\Users\ehsanno\DataspellProjects\Spanish_Power_System\results\ipopt_logs\2024-07-08_da.log"
Gurobi Optimizer version 13.0.2 build v13.0.2rc1 (win64 - Windows 11+.0 (26200.2))

CPU model: 11th Gen Intel(R) Core(TM) i5-1145G7 @ 2.60GHz, instruction set [SSE2|AVX|AVX2|AVX512]
Thread count: 4 physical cores, 8 logical processors, using up to 8 threads

Non-default parameters:
LogToConsole  0

Optimize a model with 143 rows, 48818 columns and 49940 nonzeros (Min)
Model fingerprint: 0x89105978
Model has 47857 linear objective coefficients
Coefficient statistics:
  Matrix range     [1e+00, 2e+04]
  Objective range  [4e-01, 1e+06]
  Bounds range     [1e-06, 1e+04]
  RHS range        [2e+02, 2e+09]
Warning: Model contains large rhs
         Consider reformulating model or setting NumericFocus parameter
         to avoid numerical issues.

Presolve removed 95 rows and 48716 columns
Presolve time: 0.03s
Presolved: 48 rows, 102 columns, 171 nonzeros

Iteration    Objective       Primal Inf.    Dual Inf.      Time
       0    1.1279945e+04   2.556330e+05   0.000000e+00      0s
      26    2.0520429e+06   0.000000e+00   0.000000e+00      0s

Solved in 26 iterations and 0.04 seconds (0.02 work units)
Optimal objective  2.052042854e+06

User-callback calls 34, time in user-callback 0.00 sec

Gurobi 13.0.2 (win64) logging started Sun Jun 21 19:41:43 2026

Set parameter LogFile to value "C:\Users\ehsanno\DataspellProjects\Spanish_Power_System\results\ipopt_logs\2024-07-08_da.log"

Gurobi 13.0.2 (win64) logging started Sun Jun 21 19:41:44 2026

Set parameter LogFile to value "C:\Users\ehsanno\DataspellProjects\Spanish_Power_System\results\ipopt_logs\2024-07-08_da.log"
Gurobi Optimizer version 13.0.2 build v13.0.2rc1 (win64 - Windows 11+.0 (26200.2))

CPU model: 11th Gen Intel(R) Core(TM) i5-1145G7 @ 2.60GHz, instruction set [SSE2|AVX|AVX2|AVX512]
Thread count: 4 physical cores, 8 logical processors, using up to 8 threads

Non-default parameters:
LogToConsole  0

Optimize a model with 143 rows, 48818 columns and 49940 nonzeros (Min)
Model fingerprint: 0x89105978
Model has 47857 linear objective coefficients
Coefficient statistics:
  Matrix range     [1e+00, 2e+04]
  Objective range  [4e-01, 1e+06]
  Bounds range     [1e-06, 1e+04]
  RHS range        [2e+02, 2e+09]
Warning: Model contains large rhs
         Consider reformulating model or setting NumericFocus parameter
         to avoid numerical issues.

Presolve removed 95 rows and 48716 columns
Presolve time: 0.03s
Presolved: 48 rows, 102 columns, 171 nonzeros

Iteration    Objective       Primal Inf.    Dual Inf.      Time
       0    1.1279945e+04   2.556330e+05   0.000000e+00      0s
      26    2.0520429e+06   0.000000e+00   0.000000e+00      0s

Solved in 26 iterations and 0.05 seconds (0.02 work units)
Optimal objective  2.052042854e+06

User-callback calls 35, time in user-callback 0.00 sec

Gurobi 13.0.2 (win64) logging started Sun Jun 21 20:15:39 2026

Set parameter LogFile to value "C:\Users\ehsanno\DataspellProjects\Spanish_Power_System\results\ipopt_logs\2024-07-08_da.log"

Gurobi 13.0.2 (win64) logging started Sun Jun 21 20:15:40 2026

Set parameter LogFile to value "C:\Users\ehsanno\DataspellProjects\Spanish_Power_System\results\ipopt_logs\2024-07-08_da.log"
Gurobi Optimizer version 13.0.2 build v13.0.2rc1 (win64 - Windows 11+.0 (26200.2))

CPU model: 11th Gen Intel(R) Core(TM) i5-1145G7 @ 2.60GHz, instruction set [SSE2|AVX|AVX2|AVX512]
Thread count: 4 physical cores, 8 logical processors, using up to 8 threads

Non-default parameters:
LogToConsole  0

Optimize a model with 143 rows, 48818 columns and 49940 nonzeros (Min)
Model fingerprint: 0x89105978
Model has 47857 linear objective coefficients
Coefficient statistics:
  Matrix range     [1e+00, 2e+04]
  Objective range  [4e-01, 1e+06]
  Bounds range     [1e-06, 1e+04]
  RHS range        [2e+02, 2e+09]
Warning: Model contains large rhs
         Consider reformulating model or setting NumericFocus parameter
         to avoid numerical issues.

Presolve removed 95 rows and 48716 columns
Presolve time: 0.03s
Presolved: 48 rows, 102 columns, 171 nonzeros

Iteration    Objective       Primal Inf.    Dual Inf.      Time
       0    1.1279945e+04   2.556330e+05   0.000000e+00      0s
      26    2.0520429e+06   0.000000e+00   0.000000e+00      0s

Solved in 26 iterations and 0.05 seconds (0.02 work units)
Optimal objective  2.052042854e+06

User-callback calls 34, time in user-callback 0.00 sec

Gurobi 13.0.2 (win64) logging started Wed Jun 24 08:31:07 2026

Set parameter LogFile to value "C:\Users\ehsanno\DataspellProjects\Spanish_Power_System\results\ipopt_logs\2024-07-08_da.log"

Gurobi 13.0.2 (win64) logging started Wed Jun 24 08:31:09 2026

Set parameter LogFile to value "C:\Users\ehsanno\DataspellProjects\Spanish_Power_System\results\ipopt_logs\2024-07-08_da.log"
Gurobi Optimizer version 13.0.2 build v13.0.2rc1 (win64 - Windows 11+.0 (26200.2))

CPU model: 11th Gen Intel(R) Core(TM) i5-1145G7 @ 2.60GHz, instruction set [SSE2|AVX|AVX2|AVX512]
Thread count: 4 physical cores, 8 logical processors, using up to 8 threads

Non-default parameters:
LogToConsole  0

Optimize a model with 143 rows, 48818 columns and 49940 nonzeros (Min)
Model fingerprint: 0x89105978
Model has 47857 linear objective coefficients
Coefficient statistics:
  Matrix range     [1e+00, 2e+04]
  Objective range  [4e-01, 1e+06]
  Bounds range     [1e-06, 1e+04]
  RHS range        [2e+02, 2e+09]
Warning: Model contains large rhs
         Consider reformulating model or setting NumericFocus parameter
         to avoid numerical issues.

Presolve removed 95 rows and 48716 columns
Presolve time: 0.03s
Presolved: 48 rows, 102 columns, 171 nonzeros

Iteration    Objective       Primal Inf.    Dual Inf.      Time
       0    1.1279945e+04   2.556330e+05   0.000000e+00      0s
      26    2.0520429e+06   0.000000e+00   0.000000e+00      0s

Solved in 26 iterations and 0.05 seconds (0.02 work units)
Optimal objective  2.052042854e+06

User-callback calls 34, time in user-callback 0.00 sec

Gurobi 13.0.2 (win64) logging started Mon Jul 20 16:39:00 2026

Set parameter LogFile to value "C:\Users\ehsanno\DataspellProjects\Spanish_Power_System\results\ipopt_logs\2024-07-08_da.log"

Gurobi 13.0.2 (win64) logging started Mon Jul 20 16:39:02 2026

Set parameter LogFile to value "C:\Users\ehsanno\DataspellProjects\Spanish_Power_System\results\ipopt_logs\2024-07-08_da.log"
Gurobi Optimizer version 13.0.2 build v13.0.2rc1 (win64 - Windows 11+.0 (26200.2))

CPU model: 11th Gen Intel(R) Core(TM) i5-1145G7 @ 2.60GHz, instruction set [SSE2|AVX|AVX2|AVX512]
Thread count: 4 physical cores, 8 logical processors, using up to 8 threads

Non-default parameters:
LogToConsole  0

Optimize a model with 143 rows, 48818 columns and 49940 nonzeros (Min)
Model fingerprint: 0x182ffa47
Model has 47857 linear objective coefficients
Coefficient statistics:
  Matrix range     [1e+00, 2e+04]
  Objective range  [4e-01, 1e+06]
  Bounds range     [1e-06, 1e+04]
  RHS range        [2e+02, 1e+09]
Warning: Model contains large rhs
         Consider reformulating model or setting NumericFocus parameter
         to avoid numerical issues.

Presolve removed 80 rows and 48722 columns
Presolve time: 0.04s
Presolved: 63 rows, 96 columns, 195 nonzeros

Iteration    Objective       Primal Inf.    Dual Inf.      Time
       0    2.1905273e+06   4.882186e+05   0.000000e+00      0s
      27    2.7950772e+06   0.000000e+00   0.000000e+00      0s

Solved in 27 iterations and 0.06 seconds (0.02 work units)
Optimal objective  2.795077248e+06

User-callback calls 35, time in user-callback 0.00 sec
