This is Ipopt version 3.14.19, running with linear solver ma57.

Number of nonzeros in equality constraint Jacobian...:    61491
Number of nonzeros in inequality constraint Jacobian.:    15828
Number of nonzeros in Lagrangian Hessian.............:   105683

Total number of variables............................:    15844
                     variables with only lower bounds:        0
                variables with lower and upper bounds:    14608
                     variables with only upper bounds:        0
Total number of equality constraints.................:    11850
Total number of inequality constraints...............:     7951
        inequality constraints with only lower bounds:      730
   inequality constraints with lower and upper bounds:     1560
        inequality constraints with only upper bounds:     5661

iter    objective    inf_pr   inf_du lg(mu)  ||d||  lg(rg) alpha_du alpha_pr  ls
   0  7.5326420e+06 2.09e+01 1.00e+02  -1.0 0.00e+00    -  0.00e+00 0.00e+00   0
   1  7.5323833e+06 2.09e+01 9.91e+01  -1.0 1.83e+01    -  1.68e-02 1.21e-05f  1
   2  6.2284252e+06 2.05e+01 9.87e+01  -1.0 1.76e+01  -4.0 3.77e-03 2.20e-02f  1
   3  6.1621781e+06 1.87e+01 9.69e+01  -1.0 1.61e+01    -  2.39e-02 8.86e-02f  1
   4  5.4239182e+06 1.74e+01 9.34e+01  -1.0 5.56e+01  -4.5 3.72e-02 6.54e-02f  1
   5  4.4111386e+06 1.32e+01 8.51e+01  -1.0 8.00e+01  -5.0 9.77e-02 2.42e-01f  1
   6  3.2823416e+06 9.74e+00 5.26e+01  -1.0 1.40e+02  -5.4 3.77e-01 2.63e-01f  1
   7  2.0586193e+06 2.07e+00 9.90e+00  -1.0 1.50e+02  -5.9 8.12e-01 7.88e-01f  1
   8  1.4724327e+06 2.05e-02 1.35e+01  -1.0 1.16e+02  -6.4 8.57e-01 9.90e-01h  1
   9  1.2875477e+06 9.25e-03 6.36e+01  -1.0 5.83e+01  -6.0 9.91e-01 9.97e-01f  1
iter    objective    inf_pr   inf_du lg(mu)  ||d||  lg(rg) alpha_du alpha_pr  ls
  10  1.2617784e+06 4.05e-03 2.46e-01  -1.0 1.40e+01    -  1.00e+00 1.00e+00f  1
  11  4.2110698e+05 5.16e-04 5.98e-02  -1.7 9.65e+00    -  1.00e+00 1.00e+00f  1
  12  2.5563177e+05 4.29e-04 6.22e+04  -2.5 2.45e+00  -6.4 8.78e-01 6.29e-01f  1
  13  1.4363694e+05 9.39e-04 2.62e+03  -2.5 2.66e+00  -6.9 9.14e-01 1.00e+00f  1
  14  1.4078741e+05 6.77e-04 2.64e-03  -2.5 1.97e+00  -7.4 1.00e+00 1.00e+00h  1
  15  1.4063192e+05 1.14e-06 7.63e-06  -2.5 2.83e-01  -7.9 1.00e+00 1.00e+00h  1
  16  1.0648789e+05 3.39e-04 1.81e+03  -3.8 1.47e+00    -  8.54e-01 9.01e-01f  1
  17  1.0430714e+05 2.93e-04 1.97e+03  -3.8 1.51e+00    -  9.57e-01 4.28e-01h  1
  18  1.0226554e+05 1.83e-04 4.99e+01  -3.8 4.80e-01  -8.3 7.94e-01 1.00e+00h  1
  19  1.0223679e+05 4.74e-05 1.26e-04  -3.8 3.57e-01  -8.8 1.00e+00 1.00e+00h  1
iter    objective    inf_pr   inf_du lg(mu)  ||d||  lg(rg) alpha_du alpha_pr  ls
  20  1.0223100e+05 1.28e-07 2.35e-06  -3.8 2.09e-02    -  1.00e+00 1.00e+00h  1
  21  1.0055320e+05 1.58e-04 9.81e+02  -5.7 6.11e-01    -  4.01e-01 8.55e-01f  1
  22  1.0023032e+05 4.75e-04 7.65e+02  -5.7 9.82e-01  -8.4 3.93e-01 9.32e-01h  1
  23  1.0015809e+05 5.81e-04 4.20e+02  -5.7 7.99e-01    -  4.66e-01 1.00e+00h  1
  24  1.0012738e+05 6.87e-04 1.97e+02  -5.7 6.79e-01    -  5.30e-01 1.00e+00h  1
  25  1.0010918e+05 8.97e-04 7.89e+01  -5.7 4.99e-01  -8.9 6.00e-01 1.00e+00h  1
  26  1.0009960e+05 6.56e-04 7.05e+00  -5.7 3.87e-01  -8.4 9.11e-01 9.87e-01h  1
  27  1.0009558e+05 3.15e-04 5.29e-05  -5.7 8.62e-01  -8.0 1.00e+00 1.00e+00h  1
  28  1.0009555e+05 3.44e-05 5.33e-07  -5.7 2.64e-01  -7.6 1.00e+00 1.00e+00h  1
  29  1.0009554e+05 6.65e-07 1.19e-08  -5.7 3.53e-02  -8.1 1.00e+00 1.00e+00h  1
iter    objective    inf_pr   inf_du lg(mu)  ||d||  lg(rg) alpha_du alpha_pr  ls
  30  1.0009554e+05 2.00e-10 4.59e-11  -5.7 2.85e-03  -7.6 1.00e+00 1.00e+00h  1
  31  1.0007792e+05 2.42e-04 6.37e+00  -8.6 1.02e+00  -8.1 7.50e-01 5.12e-01h  1
  32  1.0007125e+05 3.03e-04 6.16e+00  -8.6 1.45e+00  -8.6 6.78e-01 3.65e-01h  1
  33  1.0006352e+05 6.00e-04 2.01e+00  -8.6 1.31e+00    -  5.96e-01 6.54e-01h  1
  34  1.0006193e+05 4.32e-04 1.44e+00  -8.6 7.75e-01  -7.3 6.55e-01 3.96e-01h  1
  35  1.0006087e+05 6.66e-04 9.08e-01  -8.6 5.69e-01  -7.7 7.90e-01 4.42e-01h  1
  36  1.0005993e+05 5.76e-04 2.87e-01  -8.6 4.14e-01    -  9.43e-01 7.01e-01h  1
  37  1.0005959e+05 8.55e-05 2.89e-02  -8.6 1.63e-01    -  1.00e+00 9.01e-01h  1
  38  1.0005956e+05 1.88e-04 1.06e-02  -8.6 2.26e-02  -8.2 1.00e+00 6.31e-01h  1
  39  1.0005956e+05 1.66e-05 5.32e-03  -8.6 7.22e-02    -  1.00e+00 5.00e-01f  2
iter    objective    inf_pr   inf_du lg(mu)  ||d||  lg(rg) alpha_du alpha_pr  ls
  40  1.0005955e+05 3.22e-07 1.89e-08  -8.6 7.21e-03  -8.7 1.00e+00 1.00e+00h  1

Number of Iterations....: 40

                                   (scaled)                 (unscaled)
Objective...............:   1.0005955025950151e+01    1.0005955025950150e+05
Dual infeasibility......:   1.8886422606536692e-08    1.8886422606536693e-04
Constraint violation....:   3.2216442558130609e-07    3.2216442558130609e-07
Variable bound violation:   2.3026138773474258e-08    2.3026138773474258e-08
Complementarity.........:   2.5474953349642093e-09    2.5474953349642093e-05
Overall NLP error.......:   3.2216442558130609e-07    1.8886422606536693e-04


Number of objective function evaluations             = 42
Number of objective gradient evaluations             = 41
Number of equality constraint evaluations            = 42
Number of inequality constraint evaluations          = 42
Number of equality constraint Jacobian evaluations   = 41
Number of inequality constraint Jacobian evaluations = 41
Number of Lagrangian Hessian evaluations             = 40
Total seconds in IPOPT                               = 3.129

EXIT: Optimal Solution Found.

Gurobi 13.0.2 (win64) logging started Mon Jul 20 16:40:52 2026

Set parameter LogFile to value "C:\Users\ehsanno\DataspellProjects\Spanish_Power_System\results\ipopt_logs\2024-07-08_h01.log"

Gurobi 13.0.2 (win64) logging started Mon Jul 20 16:40:52 2026

Set parameter LogFile to value "C:\Users\ehsanno\DataspellProjects\Spanish_Power_System\results\ipopt_logs\2024-07-08_h01.log"
Gurobi Optimizer version 13.0.2 build v13.0.2rc1 (win64 - Windows 11+.0 (26200.2))

CPU model: 11th Gen Intel(R) Core(TM) i5-1145G7 @ 2.60GHz, instruction set [SSE2|AVX|AVX2|AVX512]
Thread count: 4 physical cores, 8 logical processors, using up to 8 threads

Non-default parameters:
LogToConsole  0

Optimize a model with 5142 rows, 7177 columns and 18440 nonzeros (Min)
Model fingerprint: 0x444a9586
Model has 2031 linear objective coefficients and an objective constant of 9.4267172415460739e+06
Model has 973 quadratic objective terms
Coefficient statistics:
  Matrix range     [1e+00, 1e+04]
  Objective range  [3e+00, 1e+06]
  QObjective range [2e+04, 2e+04]
  Bounds range     [1e-06, 1e+04]
  RHS range        [1e-06, 5e+00]

Presolve removed 3669 rows and 4151 columns
Presolve time: 0.02s
Presolved: 1473 rows, 3026 columns, 8924 nonzeros
Presolved model has 899 quadratic objective terms
Ordering time: 0.01s

Barrier statistics:
 AA' NZ     : 1.768e+04
 Factor NZ  : 4.662e+04 (roughly 2 MB of memory)
 Factor Ops : 1.860e+06 (less than 1 second per iteration)
 Threads    : 1

                  Objective                Residual
Iter       Primal          Dual         Primal    Dual     Compl     Time
   0   3.90624915e+12 -5.18280553e+11  7.00e+03 3.28e+03  3.27e+06     0s
   1   1.15111923e+12 -1.02993329e+11  2.24e+03 1.05e+03  1.06e+06     0s
   2   1.74460884e+11 -6.07935640e+10  3.52e+02 1.65e+02  2.22e+05     0s
   3   5.34112346e+10 -5.01404454e+10  1.09e+02 5.10e+01  7.08e+04     0s
   4   5.54073433e+09 -4.24824864e+10  1.17e+01 5.49e+00  1.48e+04     0s
   5   1.20063182e+09 -2.10638440e+10  2.87e+00 1.35e+00  5.15e+03     0s
   6   5.52891308e+08 -1.33430030e+10  1.47e+00 6.89e-01  3.04e+03     0s
   7   2.54134306e+08 -8.07739122e+09  6.98e-01 3.28e-01  1.74e+03     0s
   8   1.55393049e+08 -5.26782553e+09  3.83e-01 1.80e-01  1.09e+03     0s
   9   1.35728783e+08 -4.53979385e+09  2.67e-01 1.25e-01  9.26e+02     0s
  10   5.49929181e+07 -8.85409827e+08  3.57e-02 1.67e-02  1.68e+02     0s
  11   2.54129852e+07 -2.85771153e+08  7.56e-03 3.54e-03  5.28e+01     0s
  12   7.04618479e+06 -6.55576324e+07  3.64e-05 1.71e-05  1.19e+01     0s
  13   1.67956675e+06 -1.03553643e+07  1.33e-06 6.25e-07  1.98e+00     0s
  14   4.51308978e+05 -1.47987534e+06  9.98e-08 4.68e-08  3.17e-01     0s
  15   2.40466091e+05 -4.45617403e+05  3.30e-08 1.55e-08  1.13e-01     0s
  16   1.48822000e+05 -1.12578537e+05  6.57e-09 9.86e-12  4.29e-02     0s
  17   1.18485662e+05  6.70101104e+04  1.99e-08 1.16e-11  8.45e-03     0s
  18   1.12727384e+05  9.59580278e+04  1.24e-08 8.17e-12  2.75e-03     0s
  19   1.10163420e+05  1.08084111e+05  2.41e-08 1.24e-11  3.41e-04     0s
  20   1.09765102e+05  1.09548487e+05  7.64e-08 1.40e-11  3.56e-05     0s
  21   1.09715951e+05  1.09693189e+05  1.20e-07 8.59e-12  3.74e-06     0s
  22   1.09710324e+05  1.09706373e+05  8.67e-07 1.93e-11  6.46e-07     0s
  23   1.09709110e+05  1.09708991e+05  2.54e-06 1.19e-11  1.41e-08     0s
  24   1.09709042e+05  1.09709040e+05  1.37e-07 1.50e-11  1.20e-10     0s

Barrier solved model in 24 iterations and 0.10 seconds (0.05 work units)
Optimal objective 1.09709042e+05


User-callback calls 93, time in user-callback 0.00 sec
