
Gurobi 13.0.2 (win64) logging started Wed Jun 24 08:32:25 2026

Set parameter LogFile to value "C:\Users\ehsanno\DataspellProjects\Spanish_Power_System\results\ipopt_logs\2024-07-08_bal.log"

Gurobi 13.0.2 (win64) logging started Wed Jun 24 08:32:26 2026

Set parameter LogFile to value "C:\Users\ehsanno\DataspellProjects\Spanish_Power_System\results\ipopt_logs\2024-07-08_bal.log"
Gurobi Optimizer version 13.0.2 build v13.0.2rc1 (win64 - Windows 11+.0 (26200.2))

CPU model: 11th Gen Intel(R) Core(TM) i5-1145G7 @ 2.60GHz, instruction set [SSE2|AVX|AVX2|AVX512]
Thread count: 4 physical cores, 8 logical processors, using up to 8 threads

Non-default parameters:
LogToConsole  0

Optimize a model with 48959 rows, 146450 columns and 196388 nonzeros (Min)
Model fingerprint: 0xe30b3a78
Model has 47857 linear objective coefficients
Coefficient statistics:
  Matrix range     [1e+00, 2e+04]
  Objective range  [4e-01, 1e+06]
  Bounds range     [1e-06, 1e+04]
  RHS range        [2e-07, 2e+09]
Warning: Model contains large rhs
         Consider reformulating model or setting NumericFocus parameter
         to avoid numerical issues.

Presolve removed 48911 rows and 146367 columns
Presolve time: 0.06s
Presolved: 48 rows, 83 columns, 152 nonzeros

Iteration    Objective       Primal Inf.    Dual Inf.      Time
       0    1.5965849e+06   2.558147e+05   0.000000e+00      0s
      29    1.9535212e+06   0.000000e+00   0.000000e+00      0s

Solved in 29 iterations and 0.08 seconds (0.08 work units)
Optimal objective  1.953521172e+06

User-callback calls 38, time in user-callback 0.00 sec
Gurobi Optimizer version 13.0.2 build v13.0.2rc1 (win64 - Windows 11+.0 (26200.2))

CPU model: 11th Gen Intel(R) Core(TM) i5-1145G7 @ 2.60GHz, instruction set [SSE2|AVX|AVX2|AVX512]
Thread count: 4 physical cores, 8 logical processors, using up to 8 threads

Non-default parameters:
LogToConsole  0

Optimize a model with 48960 rows, 146450 columns and 244245 nonzeros (Min)
Model has 97632 linear objective coefficients
Coefficient statistics:
  Matrix range     [4e-01, 1e+06]
  Objective range  [1e+00, 1e+00]
  Bounds range     [1e-06, 1e+04]
  RHS range        [2e-07, 2e+09]
Warning: Model contains large rhs
         Consider reformulating model or setting NumericFocus parameter
         to avoid numerical issues.

LP warm-start: use basis

Iteration    Objective       Primal Inf.    Dual Inf.      Time
       0   -2.0210249e+03   4.273821e+03   0.000000e+00      0s
    8283    2.7702670e+02   0.000000e+00   0.000000e+00      1s

Solved in 8283 iterations and 0.83 seconds (1.36 work units)
Optimal objective  2.770266982e+02

User-callback calls 28, time in user-callback 0.00 sec

Gurobi 13.0.2 (win64) logging started Mon Jul 20 16:40:35 2026

Set parameter LogFile to value "C:\Users\ehsanno\DataspellProjects\Spanish_Power_System\results\ipopt_logs\2024-07-08_bal.log"

Gurobi 13.0.2 (win64) logging started Mon Jul 20 16:40:35 2026

Set parameter LogFile to value "C:\Users\ehsanno\DataspellProjects\Spanish_Power_System\results\ipopt_logs\2024-07-08_bal.log"
Gurobi Optimizer version 13.0.2 build v13.0.2rc1 (win64 - Windows 11+.0 (26200.2))

CPU model: 11th Gen Intel(R) Core(TM) i5-1145G7 @ 2.60GHz, instruction set [SSE2|AVX|AVX2|AVX512]
Thread count: 4 physical cores, 8 logical processors, using up to 8 threads

Non-default parameters:
LogToConsole  0

Optimize a model with 48959 rows, 146450 columns and 196388 nonzeros (Min)
Model fingerprint: 0x530af6db
Model has 47857 linear objective coefficients
Coefficient statistics:
  Matrix range     [1e+00, 2e+04]
  Objective range  [4e-01, 1e+06]
  Bounds range     [1e-06, 1e+04]
  RHS range        [2e-04, 1e+09]
Warning: Model contains large rhs
         Consider reformulating model or setting NumericFocus parameter
         to avoid numerical issues.

Presolve removed 48896 rows and 146364 columns
Presolve time: 0.06s
Presolved: 63 rows, 86 columns, 185 nonzeros

Iteration    Objective       Primal Inf.    Dual Inf.      Time
       0    2.3476972e+06   4.885691e+05   0.000000e+00      0s
      29    2.6974157e+06   0.000000e+00   0.000000e+00      0s

Solved in 29 iterations and 0.10 seconds (0.08 work units)
Optimal objective  2.697415690e+06

User-callback calls 38, time in user-callback 0.00 sec
Gurobi Optimizer version 13.0.2 build v13.0.2rc1 (win64 - Windows 11+.0 (26200.2))

CPU model: 11th Gen Intel(R) Core(TM) i5-1145G7 @ 2.60GHz, instruction set [SSE2|AVX|AVX2|AVX512]
Thread count: 4 physical cores, 8 logical processors, using up to 8 threads

Non-default parameters:
LogToConsole  0

Optimize a model with 48960 rows, 146450 columns and 244245 nonzeros (Min)
Model has 97632 linear objective coefficients
Coefficient statistics:
  Matrix range     [4e-01, 1e+06]
  Objective range  [1e+00, 1e+00]
  Bounds range     [1e-06, 1e+04]
  RHS range        [2e-04, 1e+09]
Warning: Model contains large rhs
         Consider reformulating model or setting NumericFocus parameter
         to avoid numerical issues.

LP warm-start: use basis

Iteration    Objective       Primal Inf.    Dual Inf.      Time
       0   -1.8303444e+03   3.531774e+03   0.000000e+00      0s
    5712    2.7621865e+02   0.000000e+00   0.000000e+00      1s

Solved in 5712 iterations and 0.92 seconds (1.11 work units)
Optimal objective  2.762186480e+02

User-callback calls 28, time in user-callback 0.00 sec
