This is Ipopt version 3.14.19, running with linear solver ma57.

Number of nonzeros in equality constraint Jacobian...:    61491
Number of nonzeros in inequality constraint Jacobian.:    15828
Number of nonzeros in Lagrangian Hessian.............:   105683

Total number of variables............................:    15844
                     variables with only lower bounds:        0
                variables with lower and upper bounds:    14608
                     variables with only upper bounds:        0
Total number of equality constraints.................:    11850
Total number of inequality constraints...............:     7951
        inequality constraints with only lower bounds:      730
   inequality constraints with lower and upper bounds:     1560
        inequality constraints with only upper bounds:     5661

iter    objective    inf_pr   inf_du lg(mu)  ||d||  lg(rg) alpha_du alpha_pr  ls
   0  9.3347696e+06 2.09e+01 1.00e+02  -1.0 0.00e+00    -  0.00e+00 0.00e+00   0
   1  9.3346383e+06 2.09e+01 9.96e+01  -1.0 1.94e+01  -4.0 1.28e-02 1.72e-05f  1
   2  7.3988068e+06 2.06e+01 9.92e+01  -1.0 1.94e+01  -4.5 3.45e-03 1.66e-02f  1
   3  7.2145487e+06 1.91e+01 9.73e+01  -1.0 1.70e+01    -  2.26e-02 7.04e-02f  1
   4  6.6016068e+06 1.80e+01 9.36e+01  -1.0 4.93e+01    -  3.86e-02 5.86e-02f  1
   5  5.4670601e+06 1.41e+01 8.24e+01  -1.0 7.49e+01  -5.0 1.25e-01 2.18e-01f  1
   6  4.0862569e+06 9.76e+00 5.86e+01  -1.0 1.36e+02  -5.4 2.91e-01 3.07e-01f  1
   7  3.1827113e+06 4.86e+00 2.33e+01  -1.0 1.53e+02    -  6.01e-01 5.02e-01f  1
   8  2.4061052e+06 8.55e-01 1.09e+01  -1.0 1.31e+02    -  5.64e-01 8.24e-01f  1
   9  1.8814550e+06 1.38e-02 2.64e+01  -1.0 7.28e+01    -  8.83e-01 9.90e-01f  1
iter    objective    inf_pr   inf_du lg(mu)  ||d||  lg(rg) alpha_du alpha_pr  ls
  10  1.5669119e+06 2.20e-02 1.33e+03  -1.0 6.87e+01    -  9.58e-01 9.03e-01f  1
  11  1.5104720e+06 8.85e-03 6.30e+04  -1.0 3.94e+01  -5.9 1.00e+00 7.09e-01h  1
  12  1.4946334e+06 4.85e-04 6.38e-02  -1.0 7.19e+00  -6.4 1.00e+00 1.00e+00h  1
  13  6.2936848e+05 2.01e-03 3.82e+04  -2.5 1.70e+01  -5.1 8.50e-01 7.92e-01f  1
  14  4.0244299e+05 7.15e-03 3.20e+04  -2.5 1.60e+01    -  8.96e-01 6.91e-01f  1
  15  3.3234270e+05 1.10e-02 1.83e+04  -2.5 1.56e+01    -  1.00e+00 5.66e-01f  1
  16  2.7828862e+05 6.09e-03 7.60e-02  -2.5 1.44e+01    -  1.00e+00 1.00e+00h  1
  17  2.7833931e+05 7.24e-05 3.30e-04  -2.5 1.75e+00    -  1.00e+00 1.00e+00h  1
  18  2.7832831e+05 8.03e-08 5.23e-07  -2.5 4.93e-02    -  1.00e+00 1.00e+00h  1
  19  2.3736885e+05 3.28e-03 4.24e+03  -3.8 1.17e+01  -5.5 8.17e-01 9.25e-01f  1
iter    objective    inf_pr   inf_du lg(mu)  ||d||  lg(rg) alpha_du alpha_pr  ls
  20  2.3393418e+05 3.51e-03 8.26e+02  -3.8 9.26e+00    -  9.05e-01 4.83e-01h  1
  21  2.3169150e+05 2.98e-03 7.29e+02  -3.8 1.09e+01  -6.0 1.00e+00 5.16e-01h  1
  22  2.3030411e+05 1.20e-03 2.16e+02  -3.8 5.04e+00  -6.5 1.00e+00 7.03e-01h  1
  23  2.2976970e+05 1.20e-04 4.64e-04  -3.8 1.65e+00    -  1.00e+00 1.00e+00h  1
  24  2.2977422e+05 1.19e-06 3.18e-06  -3.8 6.60e-02    -  1.00e+00 1.00e+00h  1
  25  2.2822851e+05 4.30e-04 6.23e+02  -5.7 4.69e+00  -7.0 7.78e-01 4.90e-01f  1
  26  2.2767250e+05 5.84e-04 4.27e+02  -5.7 3.15e+00    -  3.51e-01 3.31e-01h  1
  27  2.2728522e+05 6.08e-04 3.36e+02  -5.7 2.01e+00    -  5.30e-01 3.47e-01h  1
  28  2.2692370e+05 6.24e-04 1.94e+02  -5.7 1.68e+00    -  6.79e-01 5.00e-01h  1
  29  2.2676377e+05 4.91e-04 1.34e+02  -5.7 1.50e+00    -  9.93e-01 4.45e-01h  1
iter    objective    inf_pr   inf_du lg(mu)  ||d||  lg(rg) alpha_du alpha_pr  ls
  30  2.2660390e+05 1.67e-03 2.54e+01  -5.7 1.14e+00  -7.4 1.00e+00 8.11e-01h  1
  31  2.2656950e+05 5.21e-05 1.13e-05  -5.7 3.04e-01  -7.9 1.00e+00 1.00e+00h  1
  32  2.2656968e+05 3.75e-07 5.46e-07  -5.7 8.60e-02    -  1.00e+00 1.00e+00h  1
  33  2.2656968e+05 1.60e-08 7.08e-09  -5.7 1.75e-03  -8.4 1.00e+00 1.00e+00h  1
  34  2.2654526e+05 4.57e-05 6.56e+00  -8.6 5.78e-01    -  8.20e-01 5.76e-01h  1
  35  2.2653607e+05 6.80e-04 3.79e+00  -8.6 5.40e-01  -8.9 5.59e-01 4.80e-01h  1
  36  2.2652723e+05 2.86e-03 2.25e-01  -8.6 4.39e-01  -8.4 5.58e-01 8.79e-01h  1
  37  2.2652624e+05 5.76e-04 6.52e-02  -8.6 1.85e-01  -7.1 7.77e-01 7.98e-01h  1
  38  2.2652597e+05 3.86e-04 1.83e-02  -8.6 1.07e-01    -  9.13e-01 1.00e+00h  1
  39  2.2652596e+05 2.55e-06 9.15e-08  -8.6 1.84e-02  -7.6 1.00e+00 1.00e+00h  1

Number of Iterations....: 39

                                   (scaled)                 (unscaled)
Objective...............:   2.2652596156435450e+01    2.2652596156435448e+05
Dual infeasibility......:   9.1480703849979052e-08    9.1480703849979050e-04
Constraint violation....:   2.5501363120072895e-06    2.5501363120072895e-06
Variable bound violation:   1.3078648031239481e-07    1.3078648031239481e-07
Complementarity.........:   5.9384586335198223e-09    5.9384586335198221e-05
Overall NLP error.......:   2.5501363120072895e-06    9.1480703849979050e-04


Number of objective function evaluations             = 40
Number of objective gradient evaluations             = 40
Number of equality constraint evaluations            = 40
Number of inequality constraint evaluations          = 40
Number of equality constraint Jacobian evaluations   = 40
Number of inequality constraint Jacobian evaluations = 40
Number of Lagrangian Hessian evaluations             = 39
Total seconds in IPOPT                               = 3.458

EXIT: Optimal Solution Found.

Gurobi 13.0.2 (win64) logging started Mon Jul 20 16:41:12 2026

Set parameter LogFile to value "C:\Users\ehsanno\DataspellProjects\Spanish_Power_System\results\ipopt_logs\2024-12-02_h12.log"

Gurobi 13.0.2 (win64) logging started Mon Jul 20 16:41:12 2026

Set parameter LogFile to value "C:\Users\ehsanno\DataspellProjects\Spanish_Power_System\results\ipopt_logs\2024-12-02_h12.log"
Gurobi Optimizer version 13.0.2 build v13.0.2rc1 (win64 - Windows 11+.0 (26200.2))

CPU model: 11th Gen Intel(R) Core(TM) i5-1145G7 @ 2.60GHz, instruction set [SSE2|AVX|AVX2|AVX512]
Thread count: 4 physical cores, 8 logical processors, using up to 8 threads

Non-default parameters:
LogToConsole  0

Optimize a model with 5142 rows, 7177 columns and 18440 nonzeros (Min)
Model fingerprint: 0xdc697438
Model has 2031 linear objective coefficients and an objective constant of 1.2468571827196587e+07
Model has 973 quadratic objective terms
Coefficient statistics:
  Matrix range     [1e+00, 1e+04]
  Objective range  [8e+00, 1e+06]
  QObjective range [2e+04, 2e+04]
  Bounds range     [2e-06, 1e+04]
  RHS range        [2e-06, 8e+00]

Presolve removed 3663 rows and 4145 columns
Presolve time: 0.02s
Presolved: 1479 rows, 3032 columns, 8920 nonzeros
Presolved model has 899 quadratic objective terms
Ordering time: 0.01s

Barrier statistics:
 AA' NZ     : 1.765e+04
 Factor NZ  : 4.664e+04 (roughly 2 MB of memory)
 Factor Ops : 1.835e+06 (less than 1 second per iteration)
 Threads    : 1

                  Objective                Residual
Iter       Primal          Dual         Primal    Dual     Compl     Time
   0   3.90818600e+12 -5.19027560e+11  7.00e+03 3.28e+03  3.27e+06     0s
   1   1.16039785e+12 -1.04674909e+11  2.26e+03 1.06e+03  1.07e+06     0s
   2   1.77985715e+11 -6.21633823e+10  3.59e+02 1.68e+02  2.26e+05     0s
   3   5.35610398e+10 -5.15003125e+10  1.09e+02 5.11e+01  7.10e+04     0s
   4   5.65761276e+09 -4.40378857e+10  1.19e+01 5.56e+00  1.50e+04     0s
   5   1.35206610e+09 -2.26528036e+10  3.10e+00 1.45e+00  5.48e+03     0s
   6   6.24565805e+08 -1.40632012e+10  1.53e+00 7.16e-01  3.12e+03     0s
   7   3.73887484e+08 -1.03972862e+10  8.44e-01 3.95e-01  2.20e+03     0s
   8   1.78792719e+08 -5.05569486e+09  3.36e-01 1.58e-01  9.96e+02     0s
   9   1.47486351e+08 -4.03097169e+09  2.33e-01 1.09e-01  7.80e+02     0s
  10   6.41808585e+07 -8.03322398e+08  3.08e-02 1.44e-02  1.49e+02     0s
  11   2.66732418e+07 -2.66476697e+08  1.10e-03 5.18e-04  4.82e+01     0s
  12   9.68288654e+06 -7.11684677e+07  1.30e-04 6.09e-05  1.32e+01     0s
  13   1.44932261e+06 -3.78440081e+06  3.19e-06 1.50e-06  8.57e-01     0s
  14   5.34319085e+05 -3.99973674e+05  4.05e-07 1.90e-07  1.53e-01     0s
  15   3.07265372e+05  6.01044851e+04  2.76e-08 1.29e-08  4.05e-02     0s
  16   2.69207066e+05  1.83749635e+05  1.29e-08 4.03e-09  1.40e-02     0s
  17   2.57851812e+05  2.17704190e+05  7.54e-08 1.26e-09  6.58e-03     0s
  18   2.53448204e+05  2.30813318e+05  4.21e-08 6.05e-10  3.71e-03     0s
  19   2.50679836e+05  2.39060545e+05  4.92e-08 2.56e-10  1.90e-03     0s
  20   2.48576319e+05  2.45276911e+05  2.29e-07 4.15e-11  5.40e-04     0s
  21   2.47780833e+05  2.47315962e+05  6.90e-08 1.76e-11  7.61e-05     0s
  22   2.47662160e+05  2.47627705e+05  1.26e-07 8.62e-12  5.65e-06     0s
  23   2.47653604e+05  2.47653183e+05  1.55e-07 4.83e-12  6.80e-08     0s
  24   2.47653438e+05  2.47653487e+05  7.55e-07 9.04e-12  8.97e-11     0s
  25   2.47653511e+05  2.47653488e+05  1.83e-07 1.28e-11  9.04e-14     0s

Barrier solved model in 25 iterations and 0.10 seconds (0.05 work units)
Optimal objective 2.47653511e+05


User-callback calls 89, time in user-callback 0.00 sec
