This is Ipopt version 3.14.19, running with linear solver ma57.

Number of nonzeros in equality constraint Jacobian...:    61487
Number of nonzeros in inequality constraint Jacobian.:    15828
Number of nonzeros in Lagrangian Hessian.............:   105683

Total number of variables............................:    15840
                     variables with only lower bounds:        0
                variables with lower and upper bounds:    14604
                     variables with only upper bounds:        0
Total number of equality constraints.................:    11850
Total number of inequality constraints...............:     7951
        inequality constraints with only lower bounds:      730
   inequality constraints with lower and upper bounds:     1560
        inequality constraints with only upper bounds:     5661

iter    objective    inf_pr   inf_du lg(mu)  ||d||  lg(rg) alpha_du alpha_pr  ls
   0  1.1709478e+07 1.03e+01 1.00e+02  -1.0 0.00e+00    -  0.00e+00 0.00e+00   0
   1  1.1709810e+07 1.03e+01 9.99e+01  -1.0 1.22e+01    -  1.08e-02 1.94e-05f  1
   2  9.6230229e+06 1.01e+01 9.94e+01  -1.0 1.51e+01    -  1.95e-03 1.59e-02f  1
   3  9.1687549e+06 9.70e+00 9.78e+01  -1.0 1.18e+01    -  1.75e-02 4.04e-02f  1
   4  8.7986451e+06 9.18e+00 9.44e+01  -1.0 1.62e+01  -4.0 3.51e-02 5.32e-02f  1
   5  7.4371641e+06 7.85e+00 8.97e+01  -1.0 2.71e+01    -  5.15e-02 1.45e-01f  1
   6  6.0381532e+06 6.22e+00 7.50e+01  -1.0 4.76e+01    -  1.66e-01 2.08e-01f  1
   7  4.5874255e+06 4.39e+00 3.09e+01  -1.0 5.72e+01    -  6.16e-01 2.94e-01f  1
   8  2.7932522e+06 1.31e+00 8.52e+00  -1.0 6.20e+01  -4.5 7.26e-01 7.03e-01f  1
   9  2.0090970e+06 5.15e-02 4.57e+00  -1.0 5.16e+01    -  9.32e-01 9.90e-01f  1
iter    objective    inf_pr   inf_du lg(mu)  ||d||  lg(rg) alpha_du alpha_pr  ls
  10  1.5983147e+06 4.43e-02 9.82e+00  -1.0 5.82e+01  -5.0 8.36e-01 8.35e-01f  1
  11  1.4182298e+06 2.30e-02 3.38e-01  -1.0 4.81e+01  -5.4 1.00e+00 1.00e+00h  1
  12  1.3973076e+06 1.18e-03 1.59e-01  -1.0 1.47e+01    -  1.00e+00 1.00e+00h  1
  13  5.5969325e+05 4.89e-03 3.33e+04  -1.7 2.97e+01    -  9.01e-01 8.72e-01f  1
  14  3.7996739e+05 8.15e-03 1.86e-01  -1.7 1.16e+01  -5.9 1.00e+00 1.00e+00h  1
  15  3.7440482e+05 2.29e-03 8.45e-03  -1.7 1.87e+01    -  1.00e+00 1.00e+00h  1
  16  3.7432336e+05 3.91e-05 4.03e-04  -1.7 2.02e-01    -  1.00e+00 1.00e+00h  1
  17  2.2341053e+05 1.23e-02 3.07e+04  -2.5 4.87e+01  -6.4 7.75e-01 6.53e-01f  1
  18  1.4915717e+05 2.54e-02 2.47e+04  -2.5 6.31e+01    -  2.23e-01 7.82e-01f  1
  19  1.2753167e+05 2.85e-03 1.14e+03  -2.5 1.39e+01  -6.9 1.00e+00 9.40e-01h  1
iter    objective    inf_pr   inf_du lg(mu)  ||d||  lg(rg) alpha_du alpha_pr  ls
  20  1.2449602e+05 1.64e-03 3.56e-03  -2.5 6.57e+00    -  1.00e+00 1.00e+00h  1
  21  1.2447276e+05 2.39e-05 2.36e-04  -2.5 4.14e-01    -  1.00e+00 1.00e+00h  1
  22  1.0242951e+05 3.27e-03 7.34e+03  -3.8 2.26e+01  -7.3 6.94e-01 5.05e-01f  1
  23  9.0414480e+04 4.02e-03 5.31e+03  -3.8 2.43e+01    -  6.11e-01 4.84e-01h  1
  24  8.2881552e+04 5.70e-03 1.71e+03  -3.8 6.27e+00  -7.8 4.14e-01 5.54e-01h  1
  25  8.0177581e+04 7.36e-03 1.07e+03  -3.8 1.54e+01  -8.3 4.72e-01 4.34e-01h  1
  26  7.7638618e+04 3.39e-03 4.96e+02  -3.8 5.19e+00  -8.8 8.26e-01 7.03e-01h  1
  27  7.6464729e+04 1.48e-03 1.50e-03  -3.8 1.52e+00  -9.2 1.00e+00 1.00e+00h  1
  28  7.6454224e+04 1.97e-05 2.25e-05  -3.8 2.67e-01  -9.7 1.00e+00 1.00e+00h  1
  29  7.6454187e+04 2.94e-08 3.33e-08  -3.8 3.55e-03 -10.2 1.00e+00 1.00e+00h  1
iter    objective    inf_pr   inf_du lg(mu)  ||d||  lg(rg) alpha_du alpha_pr  ls
  30  7.5023996e+04 1.56e-03 2.24e+02  -5.7 3.99e+00 -10.7 5.48e-01 4.45e-01f  1
  31  7.4621246e+04 1.53e-03 3.72e+02  -5.7 4.75e+00    -  4.03e-01 2.05e-01h  1
  32  7.3944201e+04 2.16e-03 2.55e+02  -5.7 4.88e+00    -  4.81e-01 4.16e-01h  1
  33  7.3623015e+04 1.90e-03 2.00e+02  -5.7 5.46e+00 -10.3 4.08e-01 3.20e-01h  1
  34  7.3303206e+04 3.36e-03 7.14e+01  -5.7 8.49e+00    -  2.43e-01 4.53e-01h  1
  35  7.3196761e+04 3.11e-03 1.01e+02  -5.7 1.38e+01    -  6.33e-01 2.72e-01h  1
  36  7.3121336e+04 3.05e-03 9.14e+01  -5.7 1.72e+01    -  5.92e-01 2.60e-01h  1
  37  7.3107400e+04 2.90e-03 8.80e+01  -5.7 1.80e+01 -10.7 1.87e-01 6.43e-02h  1
  38  7.2974910e+04 4.79e-03 2.69e+01  -5.7 1.78e+01 -11.2 4.99e-01 6.63e-01h  1
  39  7.2930995e+04 2.24e-03 9.00e+00  -5.7 9.38e+00    -  6.29e-01 6.57e-01h  1
iter    objective    inf_pr   inf_du lg(mu)  ||d||  lg(rg) alpha_du alpha_pr  ls
  40  7.2908667e+04 9.73e-05 1.65e-05  -5.7 7.93e-01    -  1.00e+00 1.00e+00h  1
  41  7.2908657e+04 4.33e-07 1.56e-06  -5.7 2.11e-01    -  1.00e+00 1.00e+00h  1
  42  7.2908654e+04 3.74e-10 6.45e-10  -5.7 2.56e-03    -  1.00e+00 1.00e+00h  1
  43  7.2885722e+04 3.03e-04 6.70e+00  -8.6 2.87e+00    -  6.71e-01 4.22e-01f  1
  44  7.2872103e+04 3.01e-04 2.40e+00  -8.6 1.80e+00    -  2.43e-01 4.15e-01h  1
  45  7.2866523e+04 2.30e-04 4.01e+00  -8.6 1.02e+00 -10.8 6.36e-01 2.90e-01h  1
  46  7.2863294e+04 2.02e-04 2.84e+00  -8.6 6.45e-01 -11.3 1.36e-01 2.33e-01h  1
  47  7.2857469e+04 2.89e-04 1.16e+00  -8.6 5.19e-01    -  4.89e-01 5.47e-01h  1
  48  7.2854403e+04 2.45e-04 3.20e-01  -8.6 3.84e-01 -11.7 5.35e-01 6.34e-01h  1
  49  7.2853132e+04 8.19e-04 3.95e-02  -8.6 6.87e-01    -  4.89e-01 7.11e-01h  1
iter    objective    inf_pr   inf_du lg(mu)  ||d||  lg(rg) alpha_du alpha_pr  ls
  50  7.2852823e+04 9.05e-04 3.38e-02  -8.6 8.05e-01    -  7.55e-01 5.93e-01h  1
  51  7.2852613e+04 8.53e-04 1.36e-02  -8.6 6.18e-01 -12.2 8.92e-01 9.77e-01h  1
  52  7.2852610e+04 4.26e-04 1.60e-01  -8.6 2.86e-02    -  1.00e+00 5.00e-01h  2
  53  7.2852607e+04 2.51e-07 9.44e-09  -8.6 2.27e-02 -11.8 1.00e+00 1.00e+00h  1

Number of Iterations....: 53

                                   (scaled)                 (unscaled)
Objective...............:   7.2852606921481353e+00    7.2852606921481347e+04
Dual infeasibility......:   9.4367715949420358e-09    9.4367715949420354e-05
Constraint violation....:   1.2623643012854568e-07    2.5099522246718742e-07
Variable bound violation:   9.3574341164526231e-08    9.3574341164526231e-08
Complementarity.........:   2.5902552322576730e-09    2.5902552322576730e-05
Overall NLP error.......:   1.2623643012854568e-07    9.4367715949420354e-05


Number of objective function evaluations             = 55
Number of objective gradient evaluations             = 54
Number of equality constraint evaluations            = 55
Number of inequality constraint evaluations          = 55
Number of equality constraint Jacobian evaluations   = 54
Number of inequality constraint Jacobian evaluations = 54
Number of Lagrangian Hessian evaluations             = 53
Total seconds in IPOPT                               = 4.172

EXIT: Optimal Solution Found.

Gurobi 13.0.2 (win64) logging started Mon Jul 20 16:41:00 2026

Set parameter LogFile to value "C:\Users\ehsanno\DataspellProjects\Spanish_Power_System\results\ipopt_logs\2024-07-08_h18.log"

Gurobi 13.0.2 (win64) logging started Mon Jul 20 16:41:00 2026

Set parameter LogFile to value "C:\Users\ehsanno\DataspellProjects\Spanish_Power_System\results\ipopt_logs\2024-07-08_h18.log"
Gurobi Optimizer version 13.0.2 build v13.0.2rc1 (win64 - Windows 11+.0 (26200.2))

CPU model: 11th Gen Intel(R) Core(TM) i5-1145G7 @ 2.60GHz, instruction set [SSE2|AVX|AVX2|AVX512]
Thread count: 4 physical cores, 8 logical processors, using up to 8 threads

Non-default parameters:
LogToConsole  0

Optimize a model with 5142 rows, 7173 columns and 18436 nonzeros (Min)
Model fingerprint: 0x470cf895
Model has 2031 linear objective coefficients and an objective constant of 12542797.5680255
Model has 973 quadratic objective terms
Coefficient statistics:
  Matrix range     [1e+00, 1e+04]
  Objective range  [8e+00, 1e+06]
  QObjective range [2e+04, 2e+04]
  Bounds range     [2e-06, 1e+04]
  RHS range        [2e-06, 9e+00]

Presolve removed 3665 rows and 4143 columns
Presolve time: 0.02s
Presolved: 1477 rows, 3030 columns, 8921 nonzeros
Presolved model has 899 quadratic objective terms
Ordering time: 0.00s

Barrier statistics:
 AA' NZ     : 1.769e+04
 Factor NZ  : 4.684e+04 (roughly 2 MB of memory)
 Factor Ops : 1.866e+06 (less than 1 second per iteration)
 Threads    : 1

                  Objective                Residual
Iter       Primal          Dual         Primal    Dual     Compl     Time
   0   3.87909737e+12 -5.21362247e+11  7.00e+03 3.28e+03  3.27e+06     0s
   1   1.14947108e+12 -1.06686500e+11  2.26e+03 1.06e+03  1.07e+06     0s
   2   1.63846364e+11 -6.47708441e+10  3.34e+02 1.56e+02  2.12e+05     0s
   3   5.75283845e+10 -5.44079865e+10  1.18e+02 5.53e+01  7.69e+04     0s
   4   5.55785976e+09 -4.71941489e+10  1.17e+01 5.51e+00  1.54e+04     0s
   5   1.32886630e+09 -2.49949420e+10  3.05e+00 1.43e+00  5.80e+03     0s
   6   6.29360282e+08 -1.48659965e+10  1.53e+00 7.20e-01  3.15e+03     0s
   7   3.74721904e+08 -1.05693703e+10  8.84e-01 4.15e-01  2.14e+03     0s
   8   1.91216982e+08 -5.91563419e+09  3.53e-01 1.66e-01  1.13e+03     0s
   9   1.62903435e+08 -4.83635245e+09  2.62e-01 1.23e-01  9.09e+02     0s
  10   9.69102985e+07 -2.08762278e+09  9.30e-02 4.36e-02  3.80e+02     0s
  11   3.21338003e+07 -2.88434915e+08  6.09e-03 2.86e-03  5.31e+01     0s
  12   5.71532609e+06 -3.59580977e+07  6.09e-09 2.86e-09  6.83e+00     0s
  13   1.35098899e+06 -6.01821827e+06  6.31e-10 2.96e-10  1.21e+00     0s
  14   7.52128306e+05 -3.11154005e+06  1.74e-10 6.92e-11  6.33e-01     0s
  15   2.48607256e+05 -1.14491484e+05  9.25e-10 6.14e-12  5.95e-02     0s
  16   1.97256536e+05  1.04136997e+05  2.13e-09 1.40e-11  1.53e-02     0s
  17   1.81122264e+05  1.74904424e+05  4.10e-09 1.24e-11  1.02e-03     0s
  18   1.79862551e+05  1.78786951e+05  1.19e-08 1.25e-11  1.76e-04     0s
  19   1.79627351e+05  1.79532478e+05  4.53e-08 9.93e-12  1.56e-05     0s
  20   1.79608033e+05  1.79607768e+05  2.52e-08 6.32e-12  4.35e-08     0s
  21   1.79607920e+05  1.79607915e+05  3.11e-09 5.40e-12  8.28e-10     0s

Barrier solved model in 21 iterations and 0.08 seconds (0.05 work units)
Optimal objective 1.79607920e+05


User-callback calls 77, time in user-callback 0.00 sec
