This is Ipopt version 3.14.19, running with linear solver ma57.

Number of nonzeros in equality constraint Jacobian...:    61487
Number of nonzeros in inequality constraint Jacobian.:    15828
Number of nonzeros in Lagrangian Hessian.............:   105683

Total number of variables............................:    15840
                     variables with only lower bounds:        0
                variables with lower and upper bounds:    14604
                     variables with only upper bounds:        0
Total number of equality constraints.................:    11850
Total number of inequality constraints...............:     7951
        inequality constraints with only lower bounds:      730
   inequality constraints with lower and upper bounds:     1560
        inequality constraints with only upper bounds:     5661

iter    objective    inf_pr   inf_du lg(mu)  ||d||  lg(rg) alpha_du alpha_pr  ls
   0  9.0145813e+06 2.09e+01 1.00e+02  -1.0 0.00e+00    -  0.00e+00 0.00e+00   0
   1  9.0144763e+06 2.09e+01 9.97e+01  -1.0 1.93e+01    -  1.27e-02 1.73e-05f  1
   2  7.0558329e+06 2.06e+01 9.92e+01  -1.0 2.00e+01    -  2.76e-03 1.70e-02f  1
   3  6.8785104e+06 1.93e+01 9.72e+01  -1.0 1.72e+01  -4.0 2.34e-02 6.27e-02f  1
   4  6.2887950e+06 1.82e+01 9.35e+01  -1.0 4.62e+01  -4.5 3.87e-02 5.89e-02f  1
   5  5.3203034e+06 1.49e+01 8.29e+01  -1.0 7.16e+01    -  1.15e-01 1.80e-01f  1
   6  3.8058335e+06 9.94e+00 6.59e+01  -1.0 1.28e+02  -5.0 2.10e-01 3.32e-01f  1
   7  3.1227930e+06 6.17e+00 2.63e+01  -1.0 1.61e+02  -5.4 6.05e-01 3.79e-01f  1
   8  2.2597408e+06 1.45e+00 4.81e+00  -1.0 1.44e+02    -  8.84e-01 7.66e-01f  1
   9  1.6461520e+06 3.31e-02 1.48e+01  -1.0 1.01e+02  -5.9 8.87e-01 9.90e-01f  1
iter    objective    inf_pr   inf_du lg(mu)  ||d||  lg(rg) alpha_du alpha_pr  ls
  10  1.4526760e+06 1.91e-02 1.32e+03  -1.0 6.61e+01    -  8.76e-01 9.67e-01f  1
  11  1.4400201e+06 1.32e-03 3.52e-01  -1.0 1.14e+01  -5.5 1.00e+00 1.00e+00h  1
  12  6.3653597e+05 9.84e-04 6.78e+03  -1.7 1.38e+01    -  1.00e+00 8.87e-01f  1
  13  4.8616465e+05 5.80e-04 1.17e+03  -1.7 9.12e+00    -  1.00e+00 8.28e-01f  1
  14  4.5771322e+05 4.72e-05 4.36e-03  -1.7 5.97e-01    -  1.00e+00 1.00e+00h  1
  15  2.7973016e+05 2.69e-04 5.16e+04  -3.8 7.17e+00    -  8.35e-01 6.56e-01f  1
  16  1.8625396e+05 1.38e-03 7.16e+03  -3.8 3.23e+00    -  7.38e-01 8.02e-01f  1
  17  1.6120412e+05 6.44e-03 2.60e+01  -3.8 3.55e+00    -  8.28e-01 8.90e-01h  1
  18  1.5787949e+05 6.34e-03 6.83e+02  -3.8 1.38e+00    -  1.00e+00 6.85e-01h  1
  19  1.5655897e+05 1.69e-03 1.46e+02  -3.8 4.51e+00    -  1.00e+00 7.86e-01h  1
iter    objective    inf_pr   inf_du lg(mu)  ||d||  lg(rg) alpha_du alpha_pr  ls
  20  1.5623805e+05 7.55e-05 1.48e-04  -3.8 1.44e+00    -  1.00e+00 1.00e+00h  1
  21  1.5623786e+05 2.14e-06 2.60e-06  -3.8 3.77e-02  -6.0 1.00e+00 1.00e+00h  1
  22  1.5462976e+05 6.13e-04 4.62e+02  -5.7 1.83e+00  -6.4 7.39e-01 5.26e-01f  1
  23  1.5394603e+05 9.78e-04 3.18e+02  -5.7 2.47e+00  -6.9 5.46e-01 4.40e-01h  1
  24  1.5371575e+05 8.73e-04 3.03e+02  -5.7 1.88e+00    -  5.41e-01 2.67e-01h  1
  25  1.5341910e+05 7.81e-04 1.87e+02  -5.7 1.57e+00    -  7.04e-01 4.73e-01h  1
  26  1.5322431e+05 7.02e-04 8.66e+01  -5.7 1.11e+00  -7.4 1.00e+00 6.09e-01h  1
  27  1.5311785e+05 1.29e-03 1.00e+01  -5.7 5.64e-01    -  1.00e+00 8.84e-01h  1
  28  1.5310568e+05 1.94e-05 9.17e-06  -5.7 9.08e-02    -  1.00e+00 1.00e+00h  1
  29  1.5310572e+05 2.13e-07 4.93e-07  -5.7 1.21e-02    -  1.00e+00 1.00e+00h  1
iter    objective    inf_pr   inf_du lg(mu)  ||d||  lg(rg) alpha_du alpha_pr  ls
  30  1.5310572e+05 5.71e-11 4.59e-09  -5.7 5.49e-03    -  1.00e+00 1.00e+00h  1
  31  1.5307589e+05 3.80e-04 9.52e-01  -8.6 2.60e-01    -  7.86e-01 7.50e-01f  1
  32  1.5306915e+05 1.55e-04 6.34e-01  -8.6 1.53e-01    -  6.94e-01 6.43e-01h  1
  33  1.5306626e+05 4.19e-05 1.10e-01  -8.6 7.95e-02    -  7.22e-01 7.50e-01h  1
  34  1.5306528e+05 6.47e-06 9.87e-02  -8.6 3.87e-02  -7.9 7.75e-01 9.82e-01h  1
  35  1.5306526e+05 6.73e-07 3.08e-02  -8.6 3.21e-02  -8.3 7.12e-01 9.25e-01h  1
  36  1.5306526e+05 4.37e-08 2.77e-08  -8.6 1.49e-02  -8.8 1.00e+00 1.00e+00f  1

Number of Iterations....: 36

                                   (scaled)                 (unscaled)
Objective...............:   1.5306525806347937e+01    1.5306525806347936e+05
Dual infeasibility......:   2.7678573430556276e-08    2.7678573430556274e-04
Constraint violation....:   1.6815730890442707e-08    4.3652688894169067e-08
Variable bound violation:   1.2934571813616458e-07    1.2934571813616458e-07
Complementarity.........:   5.1388602688175879e-09    5.1388602688175879e-05
Overall NLP error.......:   2.7678573430556276e-08    2.7678573430556274e-04


Number of objective function evaluations             = 37
Number of objective gradient evaluations             = 37
Number of equality constraint evaluations            = 37
Number of inequality constraint evaluations          = 37
Number of equality constraint Jacobian evaluations   = 37
Number of inequality constraint Jacobian evaluations = 37
Number of Lagrangian Hessian evaluations             = 36
Total seconds in IPOPT                               = 2.608

EXIT: Optimal Solution Found.

Gurobi 13.0.2 (win64) logging started Mon Jul 20 16:41:01 2026

Set parameter LogFile to value "C:\Users\ehsanno\DataspellProjects\Spanish_Power_System\results\ipopt_logs\2024-07-08_h20.log"

Gurobi 13.0.2 (win64) logging started Mon Jul 20 16:41:01 2026

Set parameter LogFile to value "C:\Users\ehsanno\DataspellProjects\Spanish_Power_System\results\ipopt_logs\2024-07-08_h20.log"
Gurobi Optimizer version 13.0.2 build v13.0.2rc1 (win64 - Windows 11+.0 (26200.2))

CPU model: 11th Gen Intel(R) Core(TM) i5-1145G7 @ 2.60GHz, instruction set [SSE2|AVX|AVX2|AVX512]
Thread count: 4 physical cores, 8 logical processors, using up to 8 threads

Non-default parameters:
LogToConsole  0

Optimize a model with 5142 rows, 7173 columns and 18436 nonzeros (Min)
Model fingerprint: 0xb1a49a22
Model has 2031 linear objective coefficients and an objective constant of 1.2527482680898849e+07
Model has 973 quadratic objective terms
Coefficient statistics:
  Matrix range     [1e+00, 1e+04]
  Objective range  [8e+00, 1e+06]
  QObjective range [2e+04, 2e+04]
  Bounds range     [2e-06, 1e+04]
  RHS range        [2e-06, 8e+00]

Presolve removed 3664 rows and 4142 columns
Presolve time: 0.02s
Presolved: 1478 rows, 3031 columns, 8918 nonzeros
Presolved model has 899 quadratic objective terms
Ordering time: 0.00s

Barrier statistics:
 AA' NZ     : 1.765e+04
 Factor NZ  : 4.910e+04 (roughly 2 MB of memory)
 Factor Ops : 2.119e+06 (less than 1 second per iteration)
 Threads    : 1

                  Objective                Residual
Iter       Primal          Dual         Primal    Dual     Compl     Time
   0   3.90809401e+12 -5.19459398e+11  7.00e+03 3.28e+03  3.27e+06     0s
   1   1.16037716e+12 -1.05081994e+11  2.26e+03 1.06e+03  1.07e+06     0s
   2   1.78014262e+11 -6.26779978e+10  3.59e+02 1.68e+02  2.26e+05     0s
   3   5.33505710e+10 -5.20105651e+10  1.08e+02 5.08e+01  7.07e+04     0s
   4   5.67966934e+09 -4.46640199e+10  1.19e+01 5.57e+00  1.51e+04     0s
   5   1.34382634e+09 -2.31018548e+10  3.06e+00 1.43e+00  5.50e+03     0s
   6   6.23167863e+08 -1.42501493e+10  1.51e+00 7.08e-01  3.10e+03     0s
   7   3.33938860e+08 -9.78629179e+09  7.36e-01 3.45e-01  2.01e+03     0s
   8   1.87965057e+08 -5.62157926e+09  3.34e-01 1.57e-01  1.09e+03     0s
   9   1.39753642e+08 -3.94279529e+09  1.95e-01 9.12e-02  7.45e+02     0s
  10   7.03326096e+07 -9.91917178e+08  4.12e-02 1.93e-02  1.83e+02     0s
  11   2.98692606e+07 -3.16114078e+08  2.17e-03 1.01e-03  5.70e+01     0s
  12   7.63932865e+06 -5.45578529e+07  1.44e-04 6.74e-05  1.02e+01     0s
  13   1.12576557e+06 -2.92339999e+06  3.17e-06 1.48e-06  6.63e-01     0s
  14   4.92464797e+05 -6.96803877e+05  8.22e-07 3.85e-07  1.95e-01     0s
  15   2.10475627e+05 -1.19901993e+05  2.81e-08 1.32e-08  5.41e-02     0s
  16   1.44766093e+05  9.58138423e+04  1.45e-08 1.47e-09  8.02e-03     0s
  17   1.39802422e+05  1.13984710e+05  6.39e-08 2.75e-10  4.23e-03     0s
  18   1.35858005e+05  1.28507097e+05  1.86e-07 7.10e-12  1.20e-03     0s
  19   1.34835772e+05  1.33732571e+05  3.95e-08 5.89e-12  1.81e-04     0s
  20   1.34685276e+05  1.34575852e+05  1.13e-07 8.58e-12  1.79e-05     0s
  21   1.34673216e+05  1.34637324e+05  1.05e-07 1.11e-11  5.88e-06     0s
  22   1.34667971e+05  1.34667754e+05  1.92e-07 1.13e-11  3.55e-08     0s
  23   1.34667910e+05  1.34667909e+05  9.38e-07 1.06e-11  5.49e-10     0s
  24   1.34667910e+05  1.34667910e+05  8.27e-08 2.12e-11  2.97e-11     0s

Barrier solved model in 24 iterations and 0.10 seconds (0.05 work units)
Optimal objective 1.34667910e+05


User-callback calls 89, time in user-callback 0.00 sec
