This is Ipopt version 3.14.19, running with linear solver ma57.

Number of nonzeros in equality constraint Jacobian...:    61491
Number of nonzeros in inequality constraint Jacobian.:    15828
Number of nonzeros in Lagrangian Hessian.............:   105683

Total number of variables............................:    15844
                     variables with only lower bounds:        0
                variables with lower and upper bounds:    14608
                     variables with only upper bounds:        0
Total number of equality constraints.................:    11850
Total number of inequality constraints...............:     7951
        inequality constraints with only lower bounds:      730
   inequality constraints with lower and upper bounds:     1560
        inequality constraints with only upper bounds:     5661

iter    objective    inf_pr   inf_du lg(mu)  ||d||  lg(rg) alpha_du alpha_pr  ls
   0  8.3936249e+06 2.09e+01 1.00e+02  -1.0 0.00e+00    -  0.00e+00 0.00e+00   0
   1  8.3933688e+06 2.09e+01 9.95e+01  -1.0 1.85e+01  -4.0 1.41e-02 1.52e-05f  1
   2  6.6987880e+06 2.05e+01 9.90e+01  -1.0 1.84e+01    -  3.14e-03 1.87e-02f  1
   3  6.5326009e+06 1.91e+01 9.71e+01  -1.0 1.65e+01    -  2.33e-02 7.12e-02f  1
   4  5.9165809e+06 1.79e+01 9.27e+01  -1.0 4.84e+01  -4.5 4.60e-02 6.11e-02f  1
   5  4.8802116e+06 1.43e+01 7.92e+01  -1.0 7.48e+01  -5.0 1.49e-01 2.02e-01f  1
   6  3.2462609e+06 8.61e+00 4.70e+01  -1.0 1.34e+02    -  4.06e-01 3.98e-01f  1
   7  2.2989211e+06 2.73e+00 8.21e+00  -1.0 1.56e+02  -5.4 8.29e-01 6.83e-01f  1
   8  1.6234788e+06 2.71e-02 6.00e+00  -1.0 1.19e+02    -  9.11e-01 9.90e-01h  1
   9  1.3864405e+06 1.38e-02 3.03e+01  -1.0 8.71e+01    -  9.91e-01 9.95e-01f  1
iter    objective    inf_pr   inf_du lg(mu)  ||d||  lg(rg) alpha_du alpha_pr  ls
  10  1.3689243e+06 3.45e-03 2.79e-01  -1.0 1.41e+01  -5.9 1.00e+00 1.00e+00h  1
  11  5.4792284e+05 6.36e-04 2.12e+04  -1.7 1.40e+01    -  9.85e-01 9.40e-01f  1
  12  4.3519547e+05 2.14e-03 4.87e-02  -1.7 3.21e+00    -  1.00e+00 1.00e+00f  1
  13  4.3536583e+05 2.15e-04 7.88e-04  -1.7 1.22e+00    -  1.00e+00 1.00e+00h  1
  14  4.3532182e+05 1.64e-07 3.12e-06  -1.7 2.08e-01    -  1.00e+00 1.00e+00h  1
  15  2.4874668e+05 1.82e-03 1.85e+04  -3.8 4.51e+00    -  8.06e-01 7.42e-01f  1
  16  1.7288775e+05 1.32e-02 7.98e+03  -3.8 1.19e+01  -6.4 7.50e-01 9.19e-01f  1
  17  1.6106072e+05 7.49e-03 1.47e+03  -3.8 1.96e+01  -6.9 8.95e-01 1.00e+00h  1
  18  1.5962611e+05 5.85e-03 3.82e+02  -3.8 1.30e+01  -7.3 7.40e-01 9.39e-01h  1
  19  1.5945314e+05 2.90e-04 2.00e-04  -3.8 2.63e+00  -7.8 1.00e+00 1.00e+00h  1
iter    objective    inf_pr   inf_du lg(mu)  ||d||  lg(rg) alpha_du alpha_pr  ls
  20  1.5944765e+05 9.62e-06 4.11e-06  -3.8 3.46e-01    -  1.00e+00 1.00e+00h  1
  21  1.5944762e+05 5.18e-08 1.12e-08  -3.8 7.66e-03    -  1.00e+00 1.00e+00h  1
  22  1.5802810e+05 6.33e-04 5.35e+02  -5.7 7.72e+00  -8.3 7.49e-01 5.02e-01f  1
  23  1.5751353e+05 5.33e-04 4.40e+02  -5.7 6.61e+00    -  4.85e-01 3.32e-01h  1
  24  1.5704771e+05 7.44e-04 3.19e+02  -5.7 5.14e+00    -  7.13e-01 4.46e-01h  1
  25  1.5674669e+05 9.29e-04 1.64e+02  -5.7 3.25e+00    -  6.62e-01 5.21e-01h  1
  26  1.5661703e+05 7.58e-04 9.86e+01  -5.7 1.58e+00  -8.8 1.00e+00 4.83e-01h  1
  27  1.5654761e+05 5.52e-04 4.77e+01  -5.7 8.64e-01    -  1.00e+00 5.16e-01h  1
  28  1.5648437e+05 1.74e-04 4.67e-05  -5.7 4.69e-01  -9.2 1.00e+00 1.00e+00h  1
  29  1.5648489e+05 9.66e-07 4.89e-06  -5.7 1.03e-01    -  1.00e+00 1.00e+00h  1
iter    objective    inf_pr   inf_du lg(mu)  ||d||  lg(rg) alpha_du alpha_pr  ls
  30  1.5648489e+05 4.85e-09 2.93e-08  -5.7 4.04e-03    -  1.00e+00 1.00e+00h  1
  31  1.5645873e+05 2.86e-04 1.99e+00  -8.6 5.06e-01    -  7.50e-01 6.76e-01f  1
  32  1.5644937e+05 1.81e-04 6.19e-01  -8.6 3.84e-01    -  7.35e-01 7.24e-01h  1
  33  1.5644639e+05 6.12e-05 1.60e-02  -8.6 2.36e-01  -9.7 7.25e-01 8.03e-01h  1
  34  1.5644562e+05 1.44e-05 1.59e-01  -8.6 1.24e-01    -  6.74e-01 1.00e+00h  1
  35  1.5644561e+05 8.79e-07 4.65e-02  -8.6 3.43e-02    -  7.07e-01 1.00e+00h  1
  36  1.5644561e+05 1.17e-07 3.44e-08  -8.6 1.38e-02    -  1.00e+00 1.00e+00h  1

Number of Iterations....: 36

                                   (scaled)                 (unscaled)
Objective...............:   1.5644561011339608e+01    1.5644561011339608e+05
Dual infeasibility......:   3.4377052840639643e-08    3.4377052840639641e-04
Constraint violation....:   4.1894669455810885e-08    1.1710432357842082e-07
Variable bound violation:   1.2866519938370402e-07    1.2866519938370402e-07
Complementarity.........:   5.1417132374939269e-09    5.1417132374939263e-05
Overall NLP error.......:   4.1894669455810885e-08    3.4377052840639641e-04


Number of objective function evaluations             = 37
Number of objective gradient evaluations             = 37
Number of equality constraint evaluations            = 37
Number of inequality constraint evaluations          = 37
Number of equality constraint Jacobian evaluations   = 37
Number of inequality constraint Jacobian evaluations = 37
Number of Lagrangian Hessian evaluations             = 36
Total seconds in IPOPT                               = 2.608

EXIT: Optimal Solution Found.

Gurobi 13.0.2 (win64) logging started Mon Jul 20 16:41:03 2026

Set parameter LogFile to value "C:\Users\ehsanno\DataspellProjects\Spanish_Power_System\results\ipopt_logs\2024-07-08_h23.log"

Gurobi 13.0.2 (win64) logging started Mon Jul 20 16:41:03 2026

Set parameter LogFile to value "C:\Users\ehsanno\DataspellProjects\Spanish_Power_System\results\ipopt_logs\2024-07-08_h23.log"
Gurobi Optimizer version 13.0.2 build v13.0.2rc1 (win64 - Windows 11+.0 (26200.2))

CPU model: 11th Gen Intel(R) Core(TM) i5-1145G7 @ 2.60GHz, instruction set [SSE2|AVX|AVX2|AVX512]
Thread count: 4 physical cores, 8 logical processors, using up to 8 threads

Non-default parameters:
LogToConsole  0

Optimize a model with 5142 rows, 7177 columns and 18440 nonzeros (Min)
Model fingerprint: 0x05e2afba
Model has 2031 linear objective coefficients and an objective constant of 1.2074907505415211e+07
Model has 973 quadratic objective terms
Coefficient statistics:
  Matrix range     [1e+00, 1e+04]
  Objective range  [5e+00, 1e+06]
  QObjective range [2e+04, 2e+04]
  Bounds range     [2e-06, 1e+04]
  RHS range        [2e-06, 7e+00]

Presolve removed 3665 rows and 4147 columns
Presolve time: 0.02s
Presolved: 1477 rows, 3030 columns, 8920 nonzeros
Presolved model has 899 quadratic objective terms
Ordering time: 0.01s

Barrier statistics:
 AA' NZ     : 1.764e+04
 Factor NZ  : 4.672e+04 (roughly 2 MB of memory)
 Factor Ops : 1.848e+06 (less than 1 second per iteration)
 Threads    : 1

                  Objective                Residual
Iter       Primal          Dual         Primal    Dual     Compl     Time
   0   3.89617664e+12 -5.18569884e+11  7.00e+03 3.28e+03  3.26e+06     0s
   1   1.15061201e+12 -1.03692042e+11  2.25e+03 1.05e+03  1.06e+06     0s
   2   1.75142385e+11 -6.15371000e+10  3.55e+02 1.66e+02  2.23e+05     0s
   3   5.25882590e+10 -5.08297017e+10  1.07e+02 5.03e+01  7.00e+04     0s
   4   5.54640292e+09 -4.32052584e+10  1.17e+01 5.49e+00  1.48e+04     0s
   5   1.29334010e+09 -2.19177575e+10  3.02e+00 1.42e+00  5.34e+03     0s
   6   6.09746906e+08 -1.34080779e+10  1.60e+00 7.48e-01  2.99e+03     0s
   7   3.99126369e+08 -1.04725341e+10  1.05e+00 4.94e-01  2.28e+03     0s
   8   2.20214867e+08 -7.15863771e+09  4.42e-01 2.07e-01  1.46e+03     0s
   9   1.78282652e+08 -5.84854058e+09  3.25e-01 1.53e-01  1.18e+03     0s
  10   8.92027517e+07 -2.14741113e+09  7.37e-02 3.46e-02  4.01e+02     0s
  11   4.81203532e+07 -7.11382523e+08  2.09e-02 9.81e-03  1.30e+02     0s
  12   2.03707549e+07 -2.36499277e+08  2.09e-08 9.81e-09  4.21e+01     0s
  13   6.54964371e+06 -4.86730982e+07  2.65e-10 2.09e-11  9.05e+00     0s
  14   1.01002092e+06 -2.91714011e+06  1.71e-10 2.27e-11  6.44e-01     0s
  15   3.40409171e+05 -1.80977793e+05  2.07e-10 1.30e-11  8.55e-02     0s
  16   1.98773936e+05  1.07078086e+05  2.57e-09 1.56e-11  1.50e-02     0s
  17   1.86316168e+05  1.54468241e+05  3.07e-08 7.94e-12  5.22e-03     0s
  18   1.82566501e+05  1.67513677e+05  4.10e-08 6.12e-12  2.47e-03     0s
  19   1.80578073e+05  1.74576693e+05  8.35e-08 1.15e-11  9.84e-04     0s
  20   1.79678458e+05  1.77551005e+05  6.03e-08 7.63e-12  3.49e-04     0s
  21   1.79259039e+05  1.78725591e+05  1.45e-07 1.60e-11  8.74e-05     0s
  22   1.79134799e+05  1.79069536e+05  1.20e-07 8.65e-12  1.07e-05     0s
  23   1.79117821e+05  1.79115191e+05  4.72e-07 1.12e-11  4.27e-07     0s
  24   1.79117143e+05  1.79117105e+05  3.86e-07 1.28e-11  1.07e-09     0s

Barrier solved model in 24 iterations and 0.09 seconds (0.05 work units)
Optimal objective 1.79117143e+05


User-callback calls 83, time in user-callback 0.00 sec
