This is Ipopt version 3.14.19, running with linear solver ma57.

Number of nonzeros in equality constraint Jacobian...:    43235
Number of nonzeros in inequality constraint Jacobian.:      235
Number of nonzeros in Lagrangian Hessian.............:        0

Total number of variables............................:    42348
                     variables with only lower bounds:        2
                variables with lower and upper bounds:    42346
                     variables with only upper bounds:        0
Total number of equality constraints.................:       25
Total number of inequality constraints...............:      118
        inequality constraints with only lower bounds:      118
   inequality constraints with lower and upper bounds:        0
        inequality constraints with only upper bounds:        0

iter    objective    inf_pr   inf_du lg(mu)  ||d||  lg(rg) alpha_du alpha_pr  ls
   0  9.9387360e+07 1.40e+03 8.81e+06  -1.0 0.00e+00    -  0.00e+00 0.00e+00   0
   1  8.1247412e+07 1.96e+04 8.40e+06  -1.0 7.75e+03    -  4.60e-02 4.33e-02f  1
   2  7.1369186e+07 1.84e+04 6.80e+06  -1.0 1.30e+03    -  1.90e-01 4.62e-02f  1
   3  5.1657004e+07 1.39e+04 2.28e+06  -1.0 1.92e+03    -  6.65e-01 2.27e-01f  1
   4  4.2527136e+07 6.92e+03 2.24e+06  -1.0 2.32e+05    -  1.58e-02 4.81e-01f  1
   5  3.9731043e+07 4.85e+03 1.66e+06  -1.0 7.75e+06    -  2.60e-01 2.63e-01f  1
   6  3.9690278e+07 4.81e+03 7.60e+05  -1.0 2.72e+06    -  5.43e-01 7.50e-03f  1
   7  3.6901559e+07 8.97e+01 4.74e-02  -1.0 4.30e+03    -  1.00e+00 8.20e-01f  1
   8  3.7999623e+07 1.71e-12 1.00e-06  -1.0 8.90e+03    -  1.00e+00 1.00e+00f  1
   9  2.2743040e+07 9.66e-13 2.06e-02  -2.5 4.43e+02    -  6.65e-01 5.96e-01f  1
iter    objective    inf_pr   inf_du lg(mu)  ||d||  lg(rg) alpha_du alpha_pr  ls
  10  1.2431568e+07 7.39e-13 6.60e-02  -2.5 9.30e+01    -  3.88e-01 8.24e-01f  1
  11  9.5064024e+06 1.93e-12 2.89e-02  -2.5 4.70e+01    -  8.31e-01 1.00e+00f  1
  12  9.2991778e+06 9.09e-13 6.09e-02  -2.5 2.64e+00    -  9.19e-01 5.61e-01f  1
  13  9.1287814e+06 8.53e-13 2.83e-08  -2.5 3.59e+00    -  1.00e+00 1.00e+00f  1
  14  8.4416251e+06 1.53e-12 4.17e-02  -3.8 3.47e+01    -  5.25e-01 6.85e-01f  1
  15  8.2636808e+06 7.39e-13 2.03e-02  -3.8 1.00e+01    -  5.38e-01 5.44e-01f  1
  16  8.1413740e+06 1.53e-12 1.04e-01  -3.8 4.42e+00    -  5.59e-01 8.18e-01f  1
  17  8.1127625e+06 1.31e-12 5.51e-02  -3.8 7.71e-01    -  7.60e-01 1.00e+00f  1
  18  8.1123828e+06 1.14e-12 1.50e-09  -3.8 2.64e-01    -  1.00e+00 1.00e+00f  1
  19  8.0631860e+06 9.66e-13 3.95e-02  -5.7 1.80e+00    -  5.47e-01 8.60e-01f  1
iter    objective    inf_pr   inf_du lg(mu)  ||d||  lg(rg) alpha_du alpha_pr  ls
  20  8.0554551e+06 1.31e-12 9.56e-03  -5.7 2.48e-01    -  8.31e-01 9.53e-01f  1
  21  8.0550470e+06 4.04e-12 5.02e-02  -5.7 1.44e-02    -  7.35e-01 1.00e+00f  1
  22  8.0550281e+06 5.34e-12 7.77e-03  -5.7 9.88e-01    -  1.00e+00 8.98e-01f  1
  23  8.0550246e+06 5.80e-12 6.88e-03  -5.7 4.42e-01    -  2.47e-01 1.00e+00f  1
  24  8.0550249e+06 2.67e-12 1.84e-11  -5.7 3.01e-01    -  1.00e+00 1.00e+00h  1
  25  8.0546330e+06 6.45e-12 5.86e-02  -8.6 2.66e-02    -  7.45e-01 5.47e-01f  1
  26  8.0544006e+06 6.20e-12 2.88e-02  -8.6 2.25e-01    -  7.62e-01 7.16e-01f  1
  27  8.0543108e+06 9.27e-12 8.37e-03  -8.6 8.83e-02    -  8.55e-01 9.76e-01f  1
  28  8.0543091e+06 8.13e-12 4.14e-04  -8.6 9.98e-02    -  9.86e-01 7.74e-01f  1
  29  8.0543086e+06 7.47e-12 2.51e-14  -8.6 1.21e-01    -  1.00e+00 1.00e+00f  1
iter    objective    inf_pr   inf_du lg(mu)  ||d||  lg(rg) alpha_du alpha_pr  ls
  30  8.0543086e+06 1.08e-12 2.51e-14  -8.6 1.56e-03    -  1.00e+00 1.00e+00h  1
  31  8.0543086e+06 3.98e-13 2.51e-14  -8.6 3.27e-04    -  1.00e+00 1.00e+00h  1
  32  8.0543080e+06 1.08e-11 1.72e-14  -9.0 1.92e-05    -  1.00e+00 1.00e+00h  1

Number of Iterations....: 32

                                   (scaled)                 (unscaled)
Objective...............:   8.0543079567875293e+02    8.0543079567875285e+06
Dual infeasibility......:   1.7210402167299551e-14    1.7210402167299551e-10
Constraint violation....:   1.0800249583553523e-11    1.0800249583553523e-11
Variable bound violation:   1.3282379818235768e-07    1.3282379818235768e-07
Complementarity.........:   3.4419765479866584e-09    3.4419765479866583e-05
Overall NLP error.......:   3.4419765479866584e-09    3.4419765479866583e-05


Number of objective function evaluations             = 33
Number of objective gradient evaluations             = 33
Number of equality constraint evaluations            = 33
Number of inequality constraint evaluations          = 33
Number of equality constraint Jacobian evaluations   = 1
Number of inequality constraint Jacobian evaluations = 1
Number of Lagrangian Hessian evaluations             = 1
Total seconds in IPOPT                               = 1.198

EXIT: Optimal Solution Found.

Gurobi 13.0.2 (win64) logging started Mon Jun 15 12:41:53 2026

Set parameter OutputFlag to value 1

Gurobi 13.0.2 (win64) logging started Mon Jun 15 12:41:54 2026

Set parameter LogFile to value "C:\Users\ehsanno\DataspellProjects\Spanish_Power_System\results\ipopt_logs\2024-12-02_id3.log"
Gurobi Optimizer version 13.0.2 build v13.0.2rc1 (win64 - Windows 11+.0 (26200.2))

CPU model: 11th Gen Intel(R) Core(TM) i5-1145G7 @ 2.60GHz, instruction set [SSE2|AVX|AVX2|AVX512]
Thread count: 4 physical cores, 8 logical processors, using up to 8 threads

Optimize a model with 143 rows, 48842 columns and 49964 nonzeros (Min)
Model fingerprint: 0xceb6a6c5
Model has 47857 linear objective coefficients
Coefficient statistics:
  Matrix range     [1e+00, 1e+04]
  Objective range  [4e-01, 1e+06]
  Bounds range     [1e-06, 1e+04]
  RHS range        [2e+02, 1e+09]
Warning: Model contains large rhs
         Consider reformulating model or setting NumericFocus parameter
         to avoid numerical issues.

Presolve removed 117 rows and 48736 columns
Presolve time: 0.02s
Presolved: 26 rows, 106 columns, 131 nonzeros

Iteration    Objective       Primal Inf.    Dual Inf.      Time
       0    2.6217132e+06   1.730016e+04   0.000000e+00      0s
      50    8.0545609e+06   0.000000e+00   0.000000e+00      0s

Solved in 50 iterations and 0.04 seconds (0.02 work units)
Optimal objective  8.054560894e+06

User-callback calls 32, time in user-callback 0.00 sec

Gurobi 13.0.2 (win64) logging started Mon Jun 15 12:53:58 2026

Set parameter LogFile to value "C:\Users\ehsanno\DataspellProjects\Spanish_Power_System\results\ipopt_logs\2024-12-02_id3.log"

Gurobi 13.0.2 (win64) logging started Mon Jun 15 12:53:58 2026

Set parameter LogFile to value "C:\Users\ehsanno\DataspellProjects\Spanish_Power_System\results\ipopt_logs\2024-12-02_id3.log"
Gurobi Optimizer version 13.0.2 build v13.0.2rc1 (win64 - Windows 11+.0 (26200.2))

CPU model: 11th Gen Intel(R) Core(TM) i5-1145G7 @ 2.60GHz, instruction set [SSE2|AVX|AVX2|AVX512]
Thread count: 4 physical cores, 8 logical processors, using up to 8 threads

Non-default parameters:
LogToConsole  0

Optimize a model with 143 rows, 48842 columns and 49964 nonzeros (Min)
Model fingerprint: 0xceb6a6c5
Model has 47857 linear objective coefficients
Coefficient statistics:
  Matrix range     [1e+00, 1e+04]
  Objective range  [4e-01, 1e+06]
  Bounds range     [1e-06, 1e+04]
  RHS range        [2e+02, 1e+09]
Warning: Model contains large rhs
         Consider reformulating model or setting NumericFocus parameter
         to avoid numerical issues.

Presolve removed 117 rows and 48736 columns
Presolve time: 0.04s
Presolved: 26 rows, 106 columns, 131 nonzeros

Iteration    Objective       Primal Inf.    Dual Inf.      Time
       0    2.6217132e+06   1.730016e+04   0.000000e+00      0s
      50    8.0545609e+06   0.000000e+00   0.000000e+00      0s

Solved in 50 iterations and 0.06 seconds (0.02 work units)
Optimal objective  8.054560894e+06

User-callback calls 35, time in user-callback 0.00 sec

Gurobi 13.0.2 (win64) logging started Thu Jun 18 20:07:48 2026

Set parameter LogFile to value "C:\Users\ehsanno\DataspellProjects\Spanish_Power_System\results\ipopt_logs\2024-12-02_id3.log"

Gurobi 13.0.2 (win64) logging started Thu Jun 18 20:07:48 2026

Set parameter LogFile to value "C:\Users\ehsanno\DataspellProjects\Spanish_Power_System\results\ipopt_logs\2024-12-02_id3.log"
Gurobi Optimizer version 13.0.2 build v13.0.2rc1 (win64 - Windows 11+.0 (26200.2))

CPU model: 11th Gen Intel(R) Core(TM) i5-1145G7 @ 2.60GHz, instruction set [SSE2|AVX|AVX2|AVX512]
Thread count: 4 physical cores, 8 logical processors, using up to 8 threads

Non-default parameters:
LogToConsole  0

Optimize a model with 131 rows, 48842 columns and 25544 nonzeros (Min)
Model fingerprint: 0xc5328581
Model has 47857 linear objective coefficients
Coefficient statistics:
  Matrix range     [1e+00, 1e+04]
  Objective range  [4e-01, 1e+06]
  Bounds range     [1e-06, 1e+04]
  RHS range        [3e+02, 1e+09]
Warning: Model contains large rhs
         Consider reformulating model or setting NumericFocus parameter
         to avoid numerical issues.

Presolve removed 118 rows and 48790 columns
Presolve time: 0.01s
Presolved: 13 rows, 52 columns, 64 nonzeros

Iteration    Objective       Primal Inf.    Dual Inf.      Time
       0    4.6311643e+06   1.790936e+02   0.000000e+00      0s
       8    8.0545609e+06   0.000000e+00   0.000000e+00      0s

Solved in 8 iterations and 0.02 seconds (0.01 work units)
Optimal objective  8.054560894e+06

User-callback calls 35, time in user-callback 0.00 sec

Gurobi 13.0.2 (win64) logging started Fri Jun 19 14:47:42 2026

Set parameter LogFile to value "C:\Users\ehsanno\DataspellProjects\Spanish_Power_System\results\ipopt_logs\2024-12-02_id3.log"

Gurobi 13.0.2 (win64) logging started Fri Jun 19 14:47:42 2026

Set parameter LogFile to value "C:\Users\ehsanno\DataspellProjects\Spanish_Power_System\results\ipopt_logs\2024-12-02_id3.log"
Gurobi Optimizer version 13.0.2 build v13.0.2rc1 (win64 - Windows 11+.0 (26200.2))

CPU model: 11th Gen Intel(R) Core(TM) i5-1145G7 @ 2.60GHz, instruction set [SSE2|AVX|AVX2|AVX512]
Thread count: 4 physical cores, 8 logical processors, using up to 8 threads

Non-default parameters:
LogToConsole  0

Optimize a model with 131 rows, 48842 columns and 25544 nonzeros (Min)
Model fingerprint: 0xc5328581
Model has 47857 linear objective coefficients
Coefficient statistics:
  Matrix range     [1e+00, 1e+04]
  Objective range  [4e-01, 1e+06]
  Bounds range     [1e-06, 1e+04]
  RHS range        [3e+02, 1e+09]
Warning: Model contains large rhs
         Consider reformulating model or setting NumericFocus parameter
         to avoid numerical issues.

Presolve removed 118 rows and 48790 columns
Presolve time: 0.01s
Presolved: 13 rows, 52 columns, 64 nonzeros

Iteration    Objective       Primal Inf.    Dual Inf.      Time
       0    4.6311643e+06   1.790936e+02   0.000000e+00      0s
       8    8.0545609e+06   0.000000e+00   0.000000e+00      0s

Solved in 8 iterations and 0.02 seconds (0.01 work units)
Optimal objective  8.054560894e+06

User-callback calls 35, time in user-callback 0.00 sec

Gurobi 13.0.2 (win64) logging started Fri Jun 19 14:50:08 2026

Set parameter LogFile to value "C:\Users\ehsanno\DataspellProjects\Spanish_Power_System\results\ipopt_logs\2024-12-02_id3.log"

Gurobi 13.0.2 (win64) logging started Fri Jun 19 14:50:09 2026

Set parameter LogFile to value "C:\Users\ehsanno\DataspellProjects\Spanish_Power_System\results\ipopt_logs\2024-12-02_id3.log"
Gurobi Optimizer version 13.0.2 build v13.0.2rc1 (win64 - Windows 11+.0 (26200.2))

CPU model: 11th Gen Intel(R) Core(TM) i5-1145G7 @ 2.60GHz, instruction set [SSE2|AVX|AVX2|AVX512]
Thread count: 4 physical cores, 8 logical processors, using up to 8 threads

Non-default parameters:
LogToConsole  0

Optimize a model with 131 rows, 48842 columns and 25544 nonzeros (Min)
Model fingerprint: 0xc5328581
Model has 47857 linear objective coefficients
Coefficient statistics:
  Matrix range     [1e+00, 1e+04]
  Objective range  [4e-01, 1e+06]
  Bounds range     [1e-06, 1e+04]
  RHS range        [3e+02, 1e+09]
Warning: Model contains large rhs
         Consider reformulating model or setting NumericFocus parameter
         to avoid numerical issues.

Presolve removed 118 rows and 48790 columns
Presolve time: 0.02s
Presolved: 13 rows, 52 columns, 64 nonzeros

Iteration    Objective       Primal Inf.    Dual Inf.      Time
       0    4.6311643e+06   1.790936e+02   0.000000e+00      0s
       8    8.0545609e+06   0.000000e+00   0.000000e+00      0s

Solved in 8 iterations and 0.03 seconds (0.01 work units)
Optimal objective  8.054560894e+06

User-callback calls 35, time in user-callback 0.00 sec

Gurobi 13.0.2 (win64) logging started Sun Jun 21 17:02:50 2026

Set parameter LogFile to value "C:\Users\ehsanno\DataspellProjects\Spanish_Power_System\results\ipopt_logs\2024-12-02_id3.log"

Gurobi 13.0.2 (win64) logging started Sun Jun 21 17:02:50 2026

Set parameter LogFile to value "C:\Users\ehsanno\DataspellProjects\Spanish_Power_System\results\ipopt_logs\2024-12-02_id3.log"
Gurobi Optimizer version 13.0.2 build v13.0.2rc1 (win64 - Windows 11+.0 (26200.2))

CPU model: 11th Gen Intel(R) Core(TM) i5-1145G7 @ 2.60GHz, instruction set [SSE2|AVX|AVX2|AVX512]
Thread count: 4 physical cores, 8 logical processors, using up to 8 threads

Non-default parameters:
LogToConsole  0

Optimize a model with 131 rows, 48842 columns and 25544 nonzeros (Min)
Model fingerprint: 0xc5328581
Model has 47857 linear objective coefficients
Coefficient statistics:
  Matrix range     [1e+00, 1e+04]
  Objective range  [4e-01, 1e+06]
  Bounds range     [1e-06, 1e+04]
  RHS range        [3e+02, 1e+09]
Warning: Model contains large rhs
         Consider reformulating model or setting NumericFocus parameter
         to avoid numerical issues.

Presolve removed 118 rows and 48790 columns
Presolve time: 0.02s
Presolved: 13 rows, 52 columns, 64 nonzeros

Iteration    Objective       Primal Inf.    Dual Inf.      Time
       0    4.6311643e+06   1.790936e+02   0.000000e+00      0s
       8    8.0545609e+06   0.000000e+00   0.000000e+00      0s

Solved in 8 iterations and 0.03 seconds (0.01 work units)
Optimal objective  8.054560894e+06

User-callback calls 34, time in user-callback 0.00 sec

Gurobi 13.0.2 (win64) logging started Sun Jun 21 18:53:52 2026

Set parameter LogFile to value "C:\Users\ehsanno\DataspellProjects\Spanish_Power_System\results\ipopt_logs\2024-12-02_id3.log"

Gurobi 13.0.2 (win64) logging started Sun Jun 21 18:53:52 2026

Set parameter LogFile to value "C:\Users\ehsanno\DataspellProjects\Spanish_Power_System\results\ipopt_logs\2024-12-02_id3.log"
Gurobi Optimizer version 13.0.2 build v13.0.2rc1 (win64 - Windows 11+.0 (26200.2))

CPU model: 11th Gen Intel(R) Core(TM) i5-1145G7 @ 2.60GHz, instruction set [SSE2|AVX|AVX2|AVX512]
Thread count: 4 physical cores, 8 logical processors, using up to 8 threads

Non-default parameters:
LogToConsole  0

Optimize a model with 131 rows, 48842 columns and 25544 nonzeros (Min)
Model fingerprint: 0xc5328581
Model has 47857 linear objective coefficients
Coefficient statistics:
  Matrix range     [1e+00, 1e+04]
  Objective range  [4e-01, 1e+06]
  Bounds range     [1e-06, 1e+04]
  RHS range        [3e+02, 1e+09]
Warning: Model contains large rhs
         Consider reformulating model or setting NumericFocus parameter
         to avoid numerical issues.

Presolve removed 118 rows and 48790 columns
Presolve time: 0.02s
Presolved: 13 rows, 52 columns, 64 nonzeros

Iteration    Objective       Primal Inf.    Dual Inf.      Time
       0    4.6311643e+06   1.790936e+02   0.000000e+00      0s
       8    8.0545609e+06   0.000000e+00   0.000000e+00      0s

Solved in 8 iterations and 0.03 seconds (0.01 work units)
Optimal objective  8.054560894e+06

User-callback calls 35, time in user-callback 0.00 sec

Gurobi 13.0.2 (win64) logging started Sun Jun 21 19:26:20 2026

Set parameter LogFile to value "C:\Users\ehsanno\DataspellProjects\Spanish_Power_System\results\ipopt_logs\2024-12-02_id3.log"

Gurobi 13.0.2 (win64) logging started Sun Jun 21 19:26:20 2026

Set parameter LogFile to value "C:\Users\ehsanno\DataspellProjects\Spanish_Power_System\results\ipopt_logs\2024-12-02_id3.log"
Gurobi Optimizer version 13.0.2 build v13.0.2rc1 (win64 - Windows 11+.0 (26200.2))

CPU model: 11th Gen Intel(R) Core(TM) i5-1145G7 @ 2.60GHz, instruction set [SSE2|AVX|AVX2|AVX512]
Thread count: 4 physical cores, 8 logical processors, using up to 8 threads

Non-default parameters:
LogToConsole  0

Optimize a model with 131 rows, 48842 columns and 25544 nonzeros (Min)
Model fingerprint: 0xc5328581
Model has 47857 linear objective coefficients
Coefficient statistics:
  Matrix range     [1e+00, 1e+04]
  Objective range  [4e-01, 1e+06]
  Bounds range     [1e-06, 1e+04]
  RHS range        [3e+02, 1e+09]
Warning: Model contains large rhs
         Consider reformulating model or setting NumericFocus parameter
         to avoid numerical issues.

Presolve removed 118 rows and 48790 columns
Presolve time: 0.01s
Presolved: 13 rows, 52 columns, 64 nonzeros

Iteration    Objective       Primal Inf.    Dual Inf.      Time
       0    4.6311643e+06   1.790936e+02   0.000000e+00      0s
       8    8.0545609e+06   0.000000e+00   0.000000e+00      0s

Solved in 8 iterations and 0.02 seconds (0.01 work units)
Optimal objective  8.054560894e+06

User-callback calls 35, time in user-callback 0.00 sec

Gurobi 13.0.2 (win64) logging started Sun Jun 21 19:42:03 2026

Set parameter LogFile to value "C:\Users\ehsanno\DataspellProjects\Spanish_Power_System\results\ipopt_logs\2024-12-02_id3.log"

Gurobi 13.0.2 (win64) logging started Sun Jun 21 19:42:03 2026

Set parameter LogFile to value "C:\Users\ehsanno\DataspellProjects\Spanish_Power_System\results\ipopt_logs\2024-12-02_id3.log"
Gurobi Optimizer version 13.0.2 build v13.0.2rc1 (win64 - Windows 11+.0 (26200.2))

CPU model: 11th Gen Intel(R) Core(TM) i5-1145G7 @ 2.60GHz, instruction set [SSE2|AVX|AVX2|AVX512]
Thread count: 4 physical cores, 8 logical processors, using up to 8 threads

Non-default parameters:
LogToConsole  0

Optimize a model with 131 rows, 48842 columns and 25544 nonzeros (Min)
Model fingerprint: 0xc5328581
Model has 47857 linear objective coefficients
Coefficient statistics:
  Matrix range     [1e+00, 1e+04]
  Objective range  [4e-01, 1e+06]
  Bounds range     [1e-06, 1e+04]
  RHS range        [3e+02, 1e+09]
Warning: Model contains large rhs
         Consider reformulating model or setting NumericFocus parameter
         to avoid numerical issues.

Presolve removed 118 rows and 48790 columns
Presolve time: 0.01s
Presolved: 13 rows, 52 columns, 64 nonzeros

Iteration    Objective       Primal Inf.    Dual Inf.      Time
       0    4.6311643e+06   1.790936e+02   0.000000e+00      0s
       8    8.0545609e+06   0.000000e+00   0.000000e+00      0s

Solved in 8 iterations and 0.02 seconds (0.01 work units)
Optimal objective  8.054560894e+06

User-callback calls 34, time in user-callback 0.00 sec

Gurobi 13.0.2 (win64) logging started Sun Jun 21 20:15:59 2026

Set parameter LogFile to value "C:\Users\ehsanno\DataspellProjects\Spanish_Power_System\results\ipopt_logs\2024-12-02_id3.log"

Gurobi 13.0.2 (win64) logging started Sun Jun 21 20:16:00 2026

Set parameter LogFile to value "C:\Users\ehsanno\DataspellProjects\Spanish_Power_System\results\ipopt_logs\2024-12-02_id3.log"
Gurobi Optimizer version 13.0.2 build v13.0.2rc1 (win64 - Windows 11+.0 (26200.2))

CPU model: 11th Gen Intel(R) Core(TM) i5-1145G7 @ 2.60GHz, instruction set [SSE2|AVX|AVX2|AVX512]
Thread count: 4 physical cores, 8 logical processors, using up to 8 threads

Non-default parameters:
LogToConsole  0

Optimize a model with 24551 rows, 97682 columns and 98804 nonzeros (Min)
Model fingerprint: 0xd01db3a0
Model has 47857 linear objective coefficients
Coefficient statistics:
  Matrix range     [1e+00, 1e+04]
  Objective range  [4e-01, 1e+06]
  Bounds range     [1e-06, 1e+04]
  RHS range        [5e-04, 1e+09]
Warning: Model contains large rhs
         Consider reformulating model or setting NumericFocus parameter
         to avoid numerical issues.

Presolve removed 24538 rows and 97630 columns
Presolve time: 0.03s
Presolved: 13 rows, 52 columns, 64 nonzeros

Iteration    Objective       Primal Inf.    Dual Inf.      Time
       0    4.6281331e+06   3.331213e+02   0.000000e+00      0s
       8    8.0545691e+06   0.000000e+00   0.000000e+00      0s

Solved in 8 iterations and 0.04 seconds (0.04 work units)
Optimal objective  8.054569100e+06

User-callback calls 35, time in user-callback 0.00 sec
Gurobi Optimizer version 13.0.2 build v13.0.2rc1 (win64 - Windows 11+.0 (26200.2))

CPU model: 11th Gen Intel(R) Core(TM) i5-1145G7 @ 2.60GHz, instruction set [SSE2|AVX|AVX2|AVX512]
Thread count: 4 physical cores, 8 logical processors, using up to 8 threads

Non-default parameters:
LogToConsole  0

Optimize a model with 24552 rows, 97682 columns and 146661 nonzeros (Min)
Model has 48840 linear objective coefficients
Coefficient statistics:
  Matrix range     [4e-01, 1e+06]
  Objective range  [1e+00, 1e+00]
  Bounds range     [1e-06, 1e+04]
  RHS range        [5e-04, 1e+09]
Warning: Model contains large rhs
         Consider reformulating model or setting NumericFocus parameter
         to avoid numerical issues.

LP warm-start: use basis

Iteration    Objective       Primal Inf.    Dual Inf.      Time
       0   -9.3785882e+02   3.736538e+03   0.000000e+00      0s
    1253    6.3685369e+01   0.000000e+00   0.000000e+00      0s

Solved in 1253 iterations and 0.10 seconds (0.18 work units)
Optimal objective  6.368536936e+01

User-callback calls 28, time in user-callback 0.00 sec

Gurobi 13.0.2 (win64) logging started Wed Jun 24 08:31:31 2026

Set parameter LogFile to value "C:\Users\ehsanno\DataspellProjects\Spanish_Power_System\results\ipopt_logs\2024-12-02_id3.log"

Gurobi 13.0.2 (win64) logging started Wed Jun 24 08:31:31 2026

Set parameter LogFile to value "C:\Users\ehsanno\DataspellProjects\Spanish_Power_System\results\ipopt_logs\2024-12-02_id3.log"
Gurobi Optimizer version 13.0.2 build v13.0.2rc1 (win64 - Windows 11+.0 (26200.2))

CPU model: 11th Gen Intel(R) Core(TM) i5-1145G7 @ 2.60GHz, instruction set [SSE2|AVX|AVX2|AVX512]
Thread count: 4 physical cores, 8 logical processors, using up to 8 threads

Non-default parameters:
LogToConsole  0

Optimize a model with 24551 rows, 97682 columns and 98804 nonzeros (Min)
Model fingerprint: 0xd01db3a0
Model has 47857 linear objective coefficients
Coefficient statistics:
  Matrix range     [1e+00, 1e+04]
  Objective range  [4e-01, 1e+06]
  Bounds range     [1e-06, 1e+04]
  RHS range        [5e-04, 1e+09]
Warning: Model contains large rhs
         Consider reformulating model or setting NumericFocus parameter
         to avoid numerical issues.

Presolve removed 24538 rows and 97630 columns
Presolve time: 0.04s
Presolved: 13 rows, 52 columns, 64 nonzeros

Iteration    Objective       Primal Inf.    Dual Inf.      Time
       0    4.6281331e+06   3.331213e+02   0.000000e+00      0s
       8    8.0545691e+06   0.000000e+00   0.000000e+00      0s

Solved in 8 iterations and 0.06 seconds (0.04 work units)
Optimal objective  8.054569100e+06

User-callback calls 36, time in user-callback 0.00 sec
Gurobi Optimizer version 13.0.2 build v13.0.2rc1 (win64 - Windows 11+.0 (26200.2))

CPU model: 11th Gen Intel(R) Core(TM) i5-1145G7 @ 2.60GHz, instruction set [SSE2|AVX|AVX2|AVX512]
Thread count: 4 physical cores, 8 logical processors, using up to 8 threads

Non-default parameters:
LogToConsole  0

Optimize a model with 24552 rows, 97682 columns and 146661 nonzeros (Min)
Model has 48840 linear objective coefficients
Coefficient statistics:
  Matrix range     [4e-01, 1e+06]
  Objective range  [1e+00, 1e+00]
  Bounds range     [1e-06, 1e+04]
  RHS range        [5e-04, 1e+09]
Warning: Model contains large rhs
         Consider reformulating model or setting NumericFocus parameter
         to avoid numerical issues.

LP warm-start: use basis

Iteration    Objective       Primal Inf.    Dual Inf.      Time
       0   -9.3785882e+02   3.736538e+03   0.000000e+00      0s
    1253    6.3685369e+01   0.000000e+00   0.000000e+00      0s

Solved in 1253 iterations and 0.11 seconds (0.18 work units)
Optimal objective  6.368536936e+01

User-callback calls 28, time in user-callback 0.00 sec

Gurobi 13.0.2 (win64) logging started Mon Jul 20 16:39:32 2026

Set parameter LogFile to value "C:\Users\ehsanno\DataspellProjects\Spanish_Power_System\results\ipopt_logs\2024-12-02_id3.log"

Gurobi 13.0.2 (win64) logging started Mon Jul 20 16:39:32 2026

Set parameter LogFile to value "C:\Users\ehsanno\DataspellProjects\Spanish_Power_System\results\ipopt_logs\2024-12-02_id3.log"
Gurobi Optimizer version 13.0.2 build v13.0.2rc1 (win64 - Windows 11+.0 (26200.2))

CPU model: 11th Gen Intel(R) Core(TM) i5-1145G7 @ 2.60GHz, instruction set [SSE2|AVX|AVX2|AVX512]
Thread count: 4 physical cores, 8 logical processors, using up to 8 threads

Non-default parameters:
LogToConsole  0

Optimize a model with 24551 rows, 97682 columns and 98804 nonzeros (Min)
Model fingerprint: 0xe0135fc0
Model has 47857 linear objective coefficients
Coefficient statistics:
  Matrix range     [1e+00, 1e+04]
  Objective range  [4e-01, 1e+06]
  Bounds range     [1e-06, 1e+04]
  RHS range        [5e-04, 1e+09]
Warning: Model contains large rhs
         Consider reformulating model or setting NumericFocus parameter
         to avoid numerical issues.

Presolve removed 24536 rows and 97629 columns
Presolve time: 0.04s
Presolved: 15 rows, 53 columns, 68 nonzeros

Iteration    Objective       Primal Inf.    Dual Inf.      Time
       0    4.7315708e+06   3.025582e+04   0.000000e+00      0s
      21    9.0264003e+06   0.000000e+00   0.000000e+00      0s

Solved in 21 iterations and 0.07 seconds (0.04 work units)
Optimal objective  9.026400271e+06

User-callback calls 36, time in user-callback 0.00 sec
Gurobi Optimizer version 13.0.2 build v13.0.2rc1 (win64 - Windows 11+.0 (26200.2))

CPU model: 11th Gen Intel(R) Core(TM) i5-1145G7 @ 2.60GHz, instruction set [SSE2|AVX|AVX2|AVX512]
Thread count: 4 physical cores, 8 logical processors, using up to 8 threads

Non-default parameters:
LogToConsole  0

Optimize a model with 24552 rows, 97682 columns and 146661 nonzeros (Min)
Model has 48840 linear objective coefficients
Coefficient statistics:
  Matrix range     [4e-01, 1e+06]
  Objective range  [1e+00, 1e+00]
  Bounds range     [1e-06, 1e+04]
  RHS range        [5e-04, 1e+09]
Warning: Model contains large rhs
         Consider reformulating model or setting NumericFocus parameter
         to avoid numerical issues.

LP warm-start: use basis

Iteration    Objective       Primal Inf.    Dual Inf.      Time
       0   -8.6699888e+02   4.789194e+03   0.000000e+00      0s
     785    5.6439744e+01   0.000000e+00   0.000000e+00      0s

Solved in 785 iterations and 0.12 seconds (0.16 work units)
Optimal objective  5.643974426e+01

User-callback calls 28, time in user-callback 0.00 sec
