
******************************************************************************
This program contains Ipopt, a library for large-scale nonlinear optimization.
 Ipopt is released as open source code under the Eclipse Public License (EPL).
         For more information visit https://github.com/coin-or/Ipopt
******************************************************************************

This is Ipopt version 3.14.19, running with linear solver ma57.

Number of nonzeros in equality constraint Jacobian...:    61491
Number of nonzeros in inequality constraint Jacobian.:    15828
Number of nonzeros in Lagrangian Hessian.............:   105683

Total number of variables............................:    15844
                     variables with only lower bounds:        0
                variables with lower and upper bounds:    14608
                     variables with only upper bounds:        0
Total number of equality constraints.................:    11850
Total number of inequality constraints...............:     7951
        inequality constraints with only lower bounds:      730
   inequality constraints with lower and upper bounds:     1560
        inequality constraints with only upper bounds:     5661

iter    objective    inf_pr   inf_du lg(mu)  ||d||  lg(rg) alpha_du alpha_pr  ls
   0  7.6960721e+06 2.09e+01 1.00e+02  -1.0 0.00e+00    -  0.00e+00 0.00e+00   0
   1  7.6957841e+06 2.09e+01 9.92e+01  -1.0 1.83e+01  -4.0 1.64e-02 1.27e-05f  1
   2  6.2961222e+06 2.05e+01 9.85e+01  -1.0 1.77e+01    -  5.59e-03 2.12e-02f  1
   3  6.1830919e+06 1.85e+01 9.69e+01  -1.0 1.61e+01  -4.5 2.36e-02 9.75e-02f  1
   4  5.4237792e+06 1.73e+01 9.27e+01  -1.0 5.94e+01    -  4.46e-02 6.66e-02f  1
   5  4.3134382e+06 1.26e+01 8.15e+01  -1.0 8.43e+01  -5.0 1.30e-01 2.69e-01f  1
   6  3.0898621e+06 8.59e+00 5.17e+01  -1.0 1.46e+02    -  3.64e-01 3.19e-01f  1
   7  2.1927982e+06 2.59e+00 3.36e+01  -1.0 1.49e+02    -  3.59e-01 6.99e-01f  1
   8  1.6966590e+06 2.57e-02 4.19e+00  -1.0 1.02e+02  -5.4 9.39e-01 9.90e-01h  1
   9  1.3724717e+06 9.13e-03 3.12e+02  -1.0 6.32e+01    -  9.53e-01 9.92e-01f  1
iter    objective    inf_pr   inf_du lg(mu)  ||d||  lg(rg) alpha_du alpha_pr  ls
  10  1.3282565e+06 5.66e-03 3.44e-01  -1.0 2.21e+01    -  1.00e+00 1.00e+00f  1
  11  1.3222680e+06 5.94e-04 3.34e-02  -1.0 4.94e+00    -  1.00e+00 1.00e+00h  1
  12  4.2430156e+05 3.58e-03 6.94e+04  -2.5 1.01e+01    -  8.27e-01 8.76e-01f  1
  13  3.1457208e+05 1.05e-02 5.68e+04  -2.5 1.95e+01    -  8.84e-01 5.15e-01f  1
  14  2.3490598e+05 1.24e-02 2.61e+04  -2.5 2.81e+01    -  9.25e-01 6.69e-01f  1
  15  1.9362046e+05 2.25e-03 1.17e-02  -2.5 1.17e+01  -5.9 1.00e+00 1.00e+00h  1
  16  1.9349271e+05 1.76e-04 5.69e-04  -2.5 1.51e+00    -  1.00e+00 1.00e+00h  1
  17  1.9348739e+05 1.36e-06 9.31e-06  -2.5 4.96e-01    -  1.00e+00 1.00e+00h  1
  18  1.6162281e+05 5.56e-03 1.57e+03  -3.8 6.88e+00    -  7.75e-01 8.15e-01f  1
  19  1.5434037e+05 4.80e-03 1.74e+03  -3.8 5.84e+00  -6.4 5.82e-01 7.33e-01h  1
iter    objective    inf_pr   inf_du lg(mu)  ||d||  lg(rg) alpha_du alpha_pr  ls
  20  1.5187188e+05 2.83e-03 2.99e+02  -3.8 6.11e+00  -6.9 9.52e-01 7.54e-01h  1
  21  1.5085185e+05 2.15e-03 2.51e+01  -3.8 1.48e+00    -  8.57e-01 1.00e+00h  1
  22  1.5085131e+05 4.20e-05 4.89e-05  -3.8 1.54e+00    -  1.00e+00 1.00e+00h  1
  23  1.5085092e+05 1.70e-06 3.07e-06  -3.8 4.13e-02  -7.3 1.00e+00 1.00e+00h  1
  24  1.4952403e+05 7.02e-04 1.42e+02  -5.7 1.72e+00  -7.8 5.29e-01 4.63e-01f  1
  25  1.4889652e+05 7.04e-04 1.61e+02  -5.7 2.83e+00  -8.3 4.51e-01 3.80e-01h  1
  26  1.4840742e+05 5.75e-04 8.65e+01  -5.7 3.21e+00    -  4.52e-01 4.54e-01h  1
  27  1.4817859e+05 6.10e-04 1.45e+02  -5.7 2.90e+00    -  6.71e-01 3.76e-01h  1
  28  1.4799358e+05 7.24e-04 1.13e+02  -5.7 2.61e+00    -  8.31e-01 4.71e-01h  1
  29  1.4791174e+05 5.63e-04 7.32e+01  -5.7 1.86e+00  -8.8 6.60e-01 3.91e-01h  1
iter    objective    inf_pr   inf_du lg(mu)  ||d||  lg(rg) alpha_du alpha_pr  ls
  30  1.4781540e+05 3.17e-04 1.81e+01  -5.7 1.24e+00    -  1.00e+00 7.71e-01h  1
  31  1.4778863e+05 6.63e-05 3.22e-05  -5.7 3.33e-01  -8.3 1.00e+00 1.00e+00h  1
  32  1.4778877e+05 5.75e-07 1.53e-06  -5.7 2.25e-02  -8.8 1.00e+00 1.00e+00h  1
  33  1.4778877e+05 1.30e-09 9.82e-10  -5.7 7.36e-04  -9.3 1.00e+00 1.00e+00h  1
  34  1.4776247e+05 1.74e-04 3.79e+00  -8.6 5.27e-01  -8.9 7.46e-01 6.05e-01f  1
  35  1.4774924e+05 9.59e-04 1.02e+00  -8.6 2.21e-01  -7.5 7.35e-01 7.33e-01h  1
  36  1.4774569e+05 3.02e-04 2.40e-01  -8.6 8.85e-02    -  6.57e-01 6.96e-01h  1
  37  1.4774451e+05 8.05e-05 9.00e-02  -8.6 3.04e-02    -  7.75e-01 7.33e-01h  1
  38  1.4774406e+05 4.86e-06 3.42e-02  -8.6 2.38e-02    -  7.55e-01 1.00e+00h  1
  39  1.4774406e+05 6.10e-07 3.59e-08  -8.6 1.34e-02  -8.0 1.00e+00 1.00e+00h  1

Number of Iterations....: 39

                                   (scaled)                 (unscaled)
Objective...............:   1.4774405901849878e+01    1.4774405901849878e+05
Dual infeasibility......:   3.5874212490906801e-08    3.5874212490906801e-04
Constraint violation....:   6.0984543998054974e-07    6.0984543998054974e-07
Variable bound violation:   1.2772164303953559e-07    1.2772164303953559e-07
Complementarity.........:   5.9125222371215759e-09    5.9125222371215755e-05
Overall NLP error.......:   6.0984543998054974e-07    3.5874212490906801e-04


Number of objective function evaluations             = 40
Number of objective gradient evaluations             = 40
Number of equality constraint evaluations            = 40
Number of inequality constraint evaluations          = 40
Number of equality constraint Jacobian evaluations   = 40
Number of inequality constraint Jacobian evaluations = 40
Number of Lagrangian Hessian evaluations             = 39
Total seconds in IPOPT                               = 8.564

EXIT: Optimal Solution Found.

Gurobi 13.0.2 (win64) logging started Mon Jul 20 16:40:47 2026

Set parameter LogFile to value "C:\Users\ehsanno\DataspellProjects\Spanish_Power_System\results\ipopt_logs\2024-07-08_h00.log"

Gurobi 13.0.2 (win64) logging started Mon Jul 20 16:40:47 2026

Set parameter LogFile to value "C:\Users\ehsanno\DataspellProjects\Spanish_Power_System\results\ipopt_logs\2024-07-08_h00.log"
Gurobi Optimizer version 13.0.2 build v13.0.2rc1 (win64 - Windows 11+.0 (26200.2))

CPU model: 11th Gen Intel(R) Core(TM) i5-1145G7 @ 2.60GHz, instruction set [SSE2|AVX|AVX2|AVX512]
Thread count: 4 physical cores, 8 logical processors, using up to 8 threads

Non-default parameters:
LogToConsole  0

Optimize a model with 5142 rows, 7177 columns and 18440 nonzeros (Min)
Model fingerprint: 0xf16dc4f9
Model has 2031 linear objective coefficients and an objective constant of 1.1205812187940044e+07
Model has 973 quadratic objective terms
Coefficient statistics:
  Matrix range     [1e+00, 1e+04]
  Objective range  [3e+00, 1e+06]
  QObjective range [2e+04, 2e+04]
  Bounds range     [1e-06, 1e+04]
  RHS range        [1e-06, 6e+00]

Presolve removed 3667 rows and 4149 columns
Presolve time: 0.03s
Presolved: 1475 rows, 3028 columns, 8924 nonzeros
Presolved model has 899 quadratic objective terms
Ordering time: 0.01s

Barrier statistics:
 AA' NZ     : 1.768e+04
 Factor NZ  : 4.685e+04 (roughly 2 MB of memory)
 Factor Ops : 1.864e+06 (less than 1 second per iteration)
 Threads    : 1

                  Objective                Residual
Iter       Primal          Dual         Primal    Dual     Compl     Time
   0   3.90923986e+12 -5.18242860e+11  7.00e+03 3.28e+03  3.27e+06     0s
   1   1.15242478e+12 -1.03014616e+11  2.24e+03 1.05e+03  1.06e+06     0s
   2   1.74381596e+11 -6.07773731e+10  3.52e+02 1.65e+02  2.22e+05     0s
   3   5.35690444e+10 -5.01279930e+10  1.09e+02 5.11e+01  7.09e+04     0s
   4   5.52218307e+09 -4.24608042e+10  1.17e+01 5.46e+00  1.47e+04     0s
   5   1.20550848e+09 -2.10636654e+10  2.87e+00 1.35e+00  5.15e+03     0s
   6   5.79286750e+08 -1.29396257e+10  1.54e+00 7.21e-01  2.93e+03     0s
   7   3.23943037e+08 -9.76629733e+09  7.94e-01 3.72e-01  2.14e+03     0s
   8   1.77584615e+08 -5.89102117e+09  3.87e-01 1.82e-01  1.22e+03     0s
   9   1.31668109e+08 -4.36337588e+09  2.39e-01 1.12e-01  8.86e+02     0s
  10   5.48504825e+07 -7.29135242e+08  2.42e-02 1.14e-02  1.38e+02     0s
  11   2.39261485e+07 -3.58260717e+08  2.95e-03 1.38e-03  6.37e+01     0s
  12   7.49815293e+06 -6.45360862e+07  9.01e-05 4.22e-05  1.18e+01     0s
  13   1.68539088e+06 -9.52231535e+06  4.07e-06 1.91e-06  1.84e+00     0s
  14   5.09147786e+05 -1.36794362e+06  3.13e-07 1.47e-07  3.08e-01     0s
  15   2.64441200e+05 -2.58749579e+05  2.95e-08 1.38e-08  8.58e-02     0s
  16   1.82283609e+05  1.44437419e+05  3.18e-09 3.19e-10  6.21e-03     0s
  17   1.78095316e+05  1.60916009e+05  5.39e-08 1.13e-10  2.82e-03     0s
  18   1.76212936e+05  1.67719604e+05  5.25e-08 4.34e-11  1.39e-03     0s
  19   1.75209662e+05  1.71148836e+05  4.94e-08 1.20e-11  6.66e-04     0s
  20   1.74444644e+05  1.73893621e+05  7.77e-08 1.80e-11  9.04e-05     0s
  21   1.74305534e+05  1.74266525e+05  7.35e-08 7.47e-12  6.40e-06     0s
  22   1.74294547e+05  1.74292986e+05  2.13e-07 1.61e-11  2.55e-07     0s
  23   1.74294148e+05  1.74294146e+05  1.13e-07 1.35e-11  1.34e-09     0s

Barrier solved model in 23 iterations and 0.14 seconds (0.05 work units)
Optimal objective 1.74294148e+05


User-callback calls 92, time in user-callback 0.00 sec
