This is Ipopt version 3.14.19, running with linear solver ma57.

Number of nonzeros in equality constraint Jacobian...:    60601
Number of nonzeros in inequality constraint Jacobian.:    14048
Number of nonzeros in Lagrangian Hessian.............:   105238

Total number of variables............................:    14954
                     variables with only lower bounds:        0
                variables with lower and upper bounds:    13718
                     variables with only upper bounds:        0
Total number of equality constraints.................:    11850
Total number of inequality constraints...............:     7951
        inequality constraints with only lower bounds:      730
   inequality constraints with lower and upper bounds:     1560
        inequality constraints with only upper bounds:     5661

iter    objective    inf_pr   inf_du lg(mu)  ||d||  lg(rg) alpha_du alpha_pr  ls
   0  1.3503687e+07 2.09e+01 1.00e+02  -1.0 0.00e+00    -  0.00e+00 0.00e+00   0
   1  1.3504528e+07 2.09e+01 9.99e+01  -1.0 1.82e+01    -  1.00e-02 1.80e-05f  1
   2  1.1574435e+07 2.06e+01 9.96e+01  -1.0 1.94e+01    -  1.48e-03 1.52e-02f  1
   3  1.1010451e+07 2.00e+01 9.79e+01  -1.0 1.69e+01  -4.0 1.73e-02 2.81e-02f  1
   4  1.0506180e+07 1.89e+01 9.22e+01  -1.0 2.59e+01    -  5.87e-02 5.90e-02f  1
   5  8.3495230e+06 1.55e+01 7.73e+01  -1.0 5.71e+01    -  1.63e-01 1.78e-01f  1
   6  5.7422847e+06 9.56e+00 4.80e+01  -1.0 1.26e+02  -4.5 3.79e-01 3.83e-01f  1
   7  4.2125756e+06 4.66e+00 1.09e+01  -1.0 1.67e+02    -  7.96e-01 5.13e-01f  1
   8  3.0028655e+06 5.78e-01 1.97e+01  -1.0 1.48e+02    -  4.19e-01 8.76e-01h  1
   9  2.5140438e+06 1.20e-02 1.80e+02  -1.0 8.23e+01  -5.0 4.92e-01 9.90e-01h  1
iter    objective    inf_pr   inf_du lg(mu)  ||d||  lg(rg) alpha_du alpha_pr  ls
  10  2.3052346e+06 5.56e-03 1.18e+04  -1.0 4.46e+01    -  6.67e-01 9.94e-01h  1
  11  2.2396174e+06 3.17e-03 3.28e+04  -1.0 3.06e+01  -5.4 9.91e-01 1.00e+00h  1
  12  2.2245743e+06 1.49e-03 1.07e-01  -1.0 1.12e+01  -5.9 1.00e+00 1.00e+00h  1
  13  1.4300986e+06 1.73e-03 8.15e+05  -1.7 1.70e+01  -5.5 1.00e+00 8.98e-01f  1
  14  1.2900597e+06 5.88e-03 2.80e-02  -1.7 6.82e+00    -  1.00e+00 1.00e+00f  1
  15  1.2904878e+06 1.28e-04 5.07e-04  -1.7 2.37e+00  -6.0 1.00e+00 1.00e+00h  1
  16  1.0795339e+06 5.71e-03 1.13e+05  -2.5 8.75e+00  -6.4 9.29e-01 9.95e-01f  1
  17  1.0655920e+06 8.41e-03 8.59e+01  -2.5 1.29e+01  -6.9 1.00e+00 9.91e-01h  1
  18  1.0650135e+06 1.92e-03 2.50e-03  -2.5 4.13e+00    -  1.00e+00 1.00e+00h  1
  19  1.0649784e+06 1.18e-04 4.16e-04  -2.5 8.97e-01    -  1.00e+00 1.00e+00h  1
iter    objective    inf_pr   inf_du lg(mu)  ||d||  lg(rg) alpha_du alpha_pr  ls
  20  1.0649734e+06 3.33e-06 1.31e-05  -2.5 1.60e-01    -  1.00e+00 1.00e+00h  1
  21  1.0409048e+06 2.40e-03 5.28e+04  -5.7 1.40e+01  -7.4 7.85e-01 5.98e-01f  1
  22  1.0345314e+06 2.42e-03 5.35e+04  -5.7 1.42e+01    -  6.56e-01 3.46e-01h  1
  23  1.0278739e+06 4.25e-03 2.22e+04  -5.7 1.22e+01    -  4.07e-01 5.34e-01h  1
  24  1.0258424e+06 3.00e-03 1.50e+04  -5.7 7.68e+00    -  3.94e-01 3.51e-01h  1
  25  1.0245290e+06 2.09e-03 1.18e+04  -5.7 5.25e+00  -7.9 6.29e-01 3.51e-01h  1
  26  1.0237039e+06 1.46e-03 8.84e+03  -5.7 3.47e+00    -  7.14e-01 3.39e-01h  1
  27  1.0229449e+06 1.02e-03 4.73e+03  -5.7 3.41e+00  -8.3 6.17e-01 4.77e-01h  1
  28  1.0225710e+06 6.99e-04 2.63e+03  -5.7 1.80e+00    -  7.33e-01 4.62e-01h  1
  29  1.0223551e+06 5.92e-04 1.35e+03  -5.7 8.25e-01  -8.8 1.00e+00 5.03e-01h  1
iter    objective    inf_pr   inf_du lg(mu)  ||d||  lg(rg) alpha_du alpha_pr  ls
  30  1.0222507e+06 3.93e-04 6.74e+02  -5.7 3.78e-01  -9.3 7.14e-01 5.00e-01h  1
  31  1.0221474e+06 1.16e-04 8.89e-05  -5.7 2.24e-01    -  1.00e+00 1.00e+00h  1
  32  1.0221478e+06 1.89e-06 2.01e-05  -5.7 2.21e-01  -8.9 1.00e+00 1.00e+00h  1
  33  1.0221479e+06 8.91e-08 1.67e-06  -5.7 5.01e-02    -  1.00e+00 1.00e+00h  1
  34  1.0221479e+06 3.77e-11 1.16e-08  -5.7 1.80e-04  -8.4 1.00e+00 1.00e+00h  1
  35  1.0221208e+06 4.75e-04 2.16e+01  -8.6 1.45e-01    -  6.97e-01 8.14e-01f  1
  36  1.0221159e+06 1.43e-03 8.80e+00  -8.6 2.86e-01    -  6.72e-01 7.22e-01h  1
  37  1.0221146e+06 7.15e-04 1.26e+00  -8.6 1.45e-01    -  7.39e-01 6.29e-01h  1
  38  1.0221140e+06 1.44e-04 5.67e-01  -8.6 6.38e-02  -8.9 7.33e-01 7.98e-01h  1
  39  1.0221138e+06 4.49e-05 1.11e-01  -8.6 1.92e-02  -9.4 9.13e-01 1.00e+00h  1
iter    objective    inf_pr   inf_du lg(mu)  ||d||  lg(rg) alpha_du alpha_pr  ls
  40  1.0221138e+06 1.58e-07 9.62e-08  -8.6 8.80e-03    -  1.00e+00 1.00e+00h  1

Number of Iterations....: 40

                                   (scaled)                 (unscaled)
Objective...............:   1.0221138332090203e+02    1.0221138332090202e+06
Dual infeasibility......:   9.6239043883807878e-08    9.6239043883807876e-04
Constraint violation....:   1.5802255104446772e-07    1.5802255104446772e-07
Variable bound violation:   1.3117453079303232e-07    1.3117453079303232e-07
Complementarity.........:   5.1868206812225703e-09    5.1868206812225703e-05
Overall NLP error.......:   1.5802255104446772e-07    9.6239043883807876e-04


Number of objective function evaluations             = 41
Number of objective gradient evaluations             = 41
Number of equality constraint evaluations            = 41
Number of inequality constraint evaluations          = 41
Number of equality constraint Jacobian evaluations   = 41
Number of inequality constraint Jacobian evaluations = 41
Number of Lagrangian Hessian evaluations             = 40
Total seconds in IPOPT                               = 3.406

EXIT: Optimal Solution Found.

Gurobi 13.0.2 (win64) logging started Mon Jul 20 16:41:17 2026

Set parameter LogFile to value "C:\Users\ehsanno\DataspellProjects\Spanish_Power_System\results\ipopt_logs\2024-12-02_h20.log"

Gurobi 13.0.2 (win64) logging started Mon Jul 20 16:41:17 2026

Set parameter LogFile to value "C:\Users\ehsanno\DataspellProjects\Spanish_Power_System\results\ipopt_logs\2024-12-02_h20.log"
Gurobi Optimizer version 13.0.2 build v13.0.2rc1 (win64 - Windows 11+.0 (26200.2))

CPU model: 11th Gen Intel(R) Core(TM) i5-1145G7 @ 2.60GHz, instruction set [SSE2|AVX|AVX2|AVX512]
Thread count: 4 physical cores, 8 logical processors, using up to 8 threads

Non-default parameters:
LogToConsole  0

Optimize a model with 5142 rows, 7177 columns and 18440 nonzeros (Min)
Model fingerprint: 0x865040a1
Model has 2031 linear objective coefficients and an objective constant of 1.6104802586648572e+07
Model has 973 quadratic objective terms
Coefficient statistics:
  Matrix range     [1e+00, 1e+04]
  Objective range  [4e-01, 1e+06]
  QObjective range [2e+04, 2e+04]
  Bounds range     [2e-06, 1e+04]
  RHS range        [2e-06, 8e+00]

Presolve removed 3689 rows and 4616 columns
Presolve time: 0.02s
Presolved: 1453 rows, 2561 columns, 8431 nonzeros
Presolved model has 454 quadratic objective terms
Ordering time: 0.00s

Barrier statistics:
 AA' NZ     : 1.770e+04
 Factor NZ  : 4.802e+04 (roughly 2 MB of memory)
 Factor Ops : 2.042e+06 (less than 1 second per iteration)
 Threads    : 1

                  Objective                Residual
Iter       Primal          Dual         Primal    Dual     Compl     Time
   0   2.98036224e+12 -3.01506413e+11  6.75e+03 4.06e+03  4.04e+06     0s
   1   8.96683613e+11 -8.25853377e+10  2.15e+03 1.29e+03  1.31e+06     0s
   2   8.52012134e+10 -6.16214442e+10  2.09e+02 1.26e+02  1.53e+05     0s
   3   3.75915116e+10 -5.20129075e+10  9.25e+01 5.57e+01  6.92e+04     0s
   4   3.72026877e+09 -4.26127242e+10  9.48e+00 5.70e+00  1.49e+04     0s
   5   1.10057160e+09 -2.18035734e+10  3.01e+00 1.81e+00  5.89e+03     0s
   6   3.65235398e+08 -1.08666108e+10  1.04e+00 6.24e-01  2.62e+03     0s
   7   2.35642143e+08 -7.49525915e+09  5.46e-01 3.29e-01  1.74e+03     0s
   8   1.54254992e+08 -4.19080142e+09  2.51e-01 1.51e-01  9.32e+02     0s
   9   9.13080641e+07 -1.48207524e+09  7.64e-02 4.60e-02  3.23e+02     0s
  10   3.17402786e+07 -2.95403201e+08  4.63e-03 2.78e-03  6.41e+01     0s
  11   8.70561599e+06 -5.38251397e+07  4.63e-09 2.78e-09  1.22e+01     0s
  12   1.89018653e+06 -2.75130163e+05  1.77e-10 5.05e-12  4.21e-01     0s
  13   1.28514607e+06  1.04696720e+06  1.23e-09 6.80e-12  4.63e-02     0s
  14   1.20411416e+06  1.18728148e+06  1.20e-09 1.23e-11  3.27e-03     0s
  15   1.19849418e+06  1.19765019e+06  1.33e-08 4.91e-12  1.64e-04     0s
  16   1.19813625e+06  1.19812841e+06  2.18e-07 1.33e-11  1.52e-06     0s
  17   1.19813203e+06  1.19813196e+06  6.18e-07 1.54e-11  4.27e-09     0s
  18   1.19813197e+06  1.19813197e+06  9.11e-10 5.36e-12  4.27e-12     0s

Barrier solved model in 18 iterations and 0.09 seconds (0.04 work units)
Optimal objective 1.19813197e+06


User-callback calls 79, time in user-callback 0.00 sec
