This is Ipopt version 3.14.19, running with linear solver ma57.

Number of nonzeros in equality constraint Jacobian...:    61491
Number of nonzeros in inequality constraint Jacobian.:    15828
Number of nonzeros in Lagrangian Hessian.............:   105683

Total number of variables............................:    15844
                     variables with only lower bounds:        0
                variables with lower and upper bounds:    14608
                     variables with only upper bounds:        0
Total number of equality constraints.................:    11850
Total number of inequality constraints...............:     7951
        inequality constraints with only lower bounds:      730
   inequality constraints with lower and upper bounds:     1560
        inequality constraints with only upper bounds:     5661

iter    objective    inf_pr   inf_du lg(mu)  ||d||  lg(rg) alpha_du alpha_pr  ls
   0  1.1830313e+07 1.02e+01 1.00e+02  -1.0 0.00e+00    -  0.00e+00 0.00e+00   0
   1  1.1830656e+07 1.02e+01 9.99e+01  -1.0 1.21e+01  -4.0 1.09e-02 1.79e-05f  1
   2  9.9711361e+06 1.01e+01 9.95e+01  -1.0 1.25e+01    -  1.82e-03 1.49e-02f  1
   3  9.5227477e+06 9.72e+00 9.84e+01  -1.0 1.19e+01  -4.5 1.23e-02 3.29e-02f  1
   4  9.2793475e+06 9.25e+00 9.51e+01  -1.0 1.31e+01  -5.0 3.38e-02 4.86e-02f  1
   5  7.9139210e+06 7.99e+00 9.14e+01  -1.0 2.38e+01  -5.4 4.11e-02 1.36e-01f  1
   6  6.7551534e+06 6.57e+00 8.02e+01  -1.0 4.52e+01  -5.9 1.24e-01 1.77e-01f  1
   7  4.7340550e+06 4.09e+00 5.04e+01  -1.0 5.58e+01    -  3.72e-01 3.77e-01f  1
   8  3.6850812e+06 2.01e+00 1.12e+01  -1.0 5.75e+01  -6.4 7.98e-01 5.09e-01f  1
   9  2.6505888e+06 3.80e-01 5.47e+00  -1.0 5.45e+01    -  8.94e-01 8.11e-01f  1
iter    objective    inf_pr   inf_du lg(mu)  ||d||  lg(rg) alpha_du alpha_pr  ls
  10  1.8516695e+06 8.24e-02 1.76e+01  -1.0 7.02e+01  -6.9 9.25e-01 9.90e-01f  1
  11  1.5535031e+06 3.55e-02 4.65e-01  -1.0 6.58e+01    -  1.00e+00 1.00e+00h  1
  12  1.5346265e+06 5.87e-04 2.52e-01  -1.0 1.05e+01  -7.3 1.00e+00 1.00e+00h  1
  13  1.0600574e+06 1.66e-03 4.31e+05  -1.7 2.16e+01    -  8.79e-01 5.09e-01f  1
  14  6.4341373e+05 1.91e-02 5.15e+04  -1.7 2.38e+01  -7.8 6.07e-01 8.13e-01f  1
  15  5.4253779e+05 1.62e-02 1.63e-01  -1.7 4.31e+01    -  1.00e+00 1.00e+00h  1
  16  5.4064944e+05 1.18e-03 1.92e-02  -1.7 4.41e+00  -8.3 1.00e+00 1.00e+00h  1
  17  5.4067307e+05 1.10e-05 4.05e-04  -1.7 3.86e-01  -8.8 1.00e+00 1.00e+00h  1
  18  3.9678804e+05 7.76e-03 2.77e+04  -3.8 5.53e+01  -9.2 6.31e-01 5.35e-01f  1
  19  3.4315096e+05 6.46e-03 3.73e+04  -3.8 4.47e+01  -9.7 5.56e-01 3.71e-01f  1
iter    objective    inf_pr   inf_du lg(mu)  ||d||  lg(rg) alpha_du alpha_pr  ls
  20  2.9018475e+05 8.02e-01 1.79e+04  -3.8 3.19e+01    -  5.38e-01 5.30e-01f  1
  21  2.6941364e+05 7.04e-01 1.56e+04  -3.8 3.15e+01 -10.2 5.89e-01 3.82e-01h  1
  22  2.5874525e+05 4.99e-01 1.28e+04  -3.8 2.33e+01 -10.7 4.90e-01 2.93e-01h  1
  23  2.5346319e+05 3.91e-01 1.13e+04  -3.8 1.47e+01 -10.3 4.30e-01 2.00e-01h  1
  24  2.4521536e+05 2.17e-01 6.59e+03  -3.8 1.15e+01 -10.7 2.98e-01 3.93e-01h  1
  25  2.4177792e+05 1.44e-01 5.86e+03  -3.8 1.80e+01 -10.3 8.35e-01 2.69e-01h  1
  26  2.4052876e+05 1.16e-01 5.09e+03  -3.8 2.51e+01  -9.9 1.67e-01 1.33e-01h  1
  27  2.3526648e+05 1.04e-02 1.83e+03  -3.8 1.18e+01    -  1.00e+00 6.57e-01h  1
  28  2.3267137e+05 1.12e-02 2.43e-03  -3.8 5.61e+00 -10.4 1.00e+00 1.00e+00h  1
  29  2.3267108e+05 1.44e-03 5.13e-05  -3.8 1.33e+00 -10.8 1.00e+00 1.00e+00h  1
iter    objective    inf_pr   inf_du lg(mu)  ||d||  lg(rg) alpha_du alpha_pr  ls
  30  2.3267115e+05 7.89e-06 1.84e-06  -3.8 1.64e-01    -  1.00e+00 1.00e+00h  1
  31  2.3267113e+05 3.45e-09 1.50e-09  -3.8 8.34e-03    -  1.00e+00 1.00e+00h  1
  32  2.3139080e+05 3.17e-03 9.89e+01  -5.7 7.83e+00    -  3.99e-01 3.53e-01f  1
  33  2.3110498e+05 4.44e-03 2.35e+02  -5.7 4.23e+00  -5.0 2.30e-01 1.17e-01h  1
  34  2.3032314e+05 5.26e-03 1.94e+02  -5.7 2.94e+00  -5.5 4.02e-01 3.59e-01h  1
  35  2.2987254e+05 7.83e-02 1.31e+02  -5.7 4.01e+00  -5.9 3.02e-01 3.07e-01h  1
  36  2.2980296e+05 7.47e-02 1.33e+02  -5.7 3.93e+01  -6.4 8.85e-02 6.54e-02h  1
  37  2.2961213e+05 8.25e-02 7.94e+01  -5.7 1.95e+01  -6.9 1.17e-01 1.90e-01h  1
  38  2.2932483e+05 3.57e-02 8.17e+01  -5.7 4.74e+00  -5.6 4.43e-01 3.53e-01h  1
  39  2.2911841e+05 2.55e-02 4.95e+01  -5.7 9.35e-01  -4.2 3.97e-01 3.96e-01h  1
iter    objective    inf_pr   inf_du lg(mu)  ||d||  lg(rg) alpha_du alpha_pr  ls
  40  2.2895339e+05 5.98e-03 3.28e+01  -5.7 5.22e-01  -3.8 5.97e-01 5.17e-01h  1
  41  2.2887236e+05 1.62e-03 2.29e+01  -5.7 9.30e-01  -4.3 5.76e-01 4.62e-01h  1
  42  2.2882840e+05 8.86e-04 2.04e+01  -5.7 3.66e-01  -3.9 9.21e-01 4.80e-01h  1
  43  2.2878171e+05 3.30e-05 4.35e-01  -5.7 1.37e-01  -3.4 7.13e-01 1.00e+00h  1
  44  2.2877908e+05 8.86e-05 4.33e-02  -5.7 2.92e-01  -3.9 1.00e+00 5.48e-01h  1
  45  2.2877820e+05 1.96e-04 3.97e-02  -5.7 5.44e-01  -4.4 7.54e-01 2.84e-01h  1
  46  2.2877682e+05 2.50e-05 1.79e-05  -5.7 1.65e-01  -4.0 1.00e+00 1.00e+00h  1
  47  2.2877623e+05 3.31e-04 1.97e-02  -5.7 8.94e-01  -4.4 1.22e-01 2.83e-01h  1
  48  2.2877523e+05 1.13e-04 7.90e-04  -5.7 3.13e-01  -4.0 9.29e-01 8.84e-01f  1
  49  2.2877464e+05 1.80e-04 2.96e-02  -5.7 2.12e+00  -4.5 3.60e-01 1.00e-01h  1
iter    objective    inf_pr   inf_du lg(mu)  ||d||  lg(rg) alpha_du alpha_pr  ls
  50  2.2877345e+05 2.47e-04 2.02e-02  -5.7 1.35e+00  -5.0 7.54e-02 2.26e-01h  1
  51  2.2877308e+05 2.51e-04 2.85e-02  -5.7 3.54e+00  -5.4 1.43e-01 3.43e-02h  1
  52  2.2877054e+05 3.25e-03 2.93e-02  -5.7 1.20e+01  -5.9 1.31e-01 2.61e-01h  1
  53  2.2876857e+05 2.38e-03 7.89e-03  -5.7 4.58e+00  -4.6 1.19e-01 2.67e-01h  1
  54  2.2876822e+05 2.04e-03 6.31e-02  -5.7 9.45e-01  -5.1 6.62e-01 1.46e-01h  1
  55  2.2876725e+05 1.73e-03 6.13e-02  -5.7 2.80e+00  -5.6 3.50e-01 1.87e-01h  1
  56  2.2876318e+05 1.87e-03 1.05e-02  -5.7 9.01e+00  -6.0 1.08e-01 5.02e-01h  1
  57  2.2876248e+05 1.34e-03 7.88e-03  -5.7 1.47e+00  -4.7 2.12e-01 2.83e-01h  1
  58  2.2876198e+05 7.33e-04 8.85e-03  -5.7 4.87e-01  -4.3 8.80e-01 4.55e-01h  1
  59  2.2876068e+05 5.45e-04 1.90e-02  -5.7 1.76e+00  -4.8 6.01e-01 4.53e-01h  1
iter    objective    inf_pr   inf_du lg(mu)  ||d||  lg(rg) alpha_du alpha_pr  ls
  60  2.2875935e+05 1.26e-04 7.10e-03  -5.7 5.95e-01  -4.3 7.31e-01 1.00e+00h  1
  61  2.2875767e+05 4.28e-04 9.51e-03  -5.7 3.21e+00  -4.8 1.60e-01 2.69e-01h  1
  62  2.2875667e+05 8.24e-04 8.59e-03  -5.7 1.24e+00  -4.4 4.84e-01 3.11e-01h  1
  63  2.2875549e+05 8.18e-04 1.84e-02  -5.7 3.26e+00  -4.9 2.21e-01 1.67e-01h  1
  64  2.2875521e+05 7.38e-04 1.15e-02  -5.7 1.27e+00  -4.4 2.74e-01 9.98e-02f  1
  65  2.2875342e+05 9.73e-04 1.07e-02  -5.7 4.02e+00  -4.9 6.99e-02 1.66e-01h  1
  66  2.2875223e+05 8.00e-04 6.45e-03  -5.7 1.46e+00  -4.5 4.37e-01 2.74e-01h  1
  67  2.2875038e+05 4.80e-04 2.85e-03  -5.7 4.88e-01  -4.1 6.54e-01 1.00e+00h  1
  68  2.2874991e+05 6.08e-04 4.76e-03  -5.7 3.55e+01  -4.5 8.67e-03 4.44e-03h  1
  69  2.2874933e+05 5.55e-04 3.51e-03  -5.7 6.61e-01  -4.1 3.69e-01 1.57e-01h  1
iter    objective    inf_pr   inf_du lg(mu)  ||d||  lg(rg) alpha_du alpha_pr  ls
  70  2.2874539e+05 9.41e-04 1.62e-02  -5.7 3.34e+00  -4.6 9.37e-02 3.31e-01h  1
  71  2.2874465e+05 8.66e-04 1.47e-02  -5.7 3.97e+00  -5.1 8.53e-02 7.71e-02h  1
  72  2.2874415e+05 8.68e-04 5.43e-02  -5.7 9.64e+00  -5.5 3.34e-01 2.60e-02f  1
  73  2.2874185e+05 1.07e-01 6.19e-02  -5.7 2.54e+01    -  4.20e-01 1.12e-01h  1
  74  2.2874125e+05 9.88e-03 5.05e-02  -5.7 4.92e+00  -6.0 1.70e-01 1.78e-01h  1
  75  2.2874073e+05 5.63e-04 4.79e-02  -5.7 1.35e+01    -  2.60e-01 1.12e-01h  1
  76  2.2873983e+05 1.10e-01 2.08e-02  -5.7 4.67e+00  -6.5 7.17e-01 6.03e-01h  1
  77  2.2873975e+05 3.48e-02 2.12e-02  -5.7 3.60e+00    -  1.00e+00 1.23e-01h  1
  78  2.2873967e+05 4.47e-04 5.17e-03  -5.7 2.60e+00    -  3.73e-01 7.19e-01h  1
  79  2.2873957e+05 7.44e-04 6.22e-04  -5.7 1.49e-01  -4.3 1.00e+00 8.82e-01h  1
iter    objective    inf_pr   inf_du lg(mu)  ||d||  lg(rg) alpha_du alpha_pr  ls
  80  2.2873957e+05 2.06e-04 6.00e-06  -5.7 6.12e-02  -4.7 1.00e+00 1.00e+00f  1
  81  2.2873957e+05 1.08e-05 8.33e-07  -5.7 1.35e-01  -5.2 1.00e+00 1.00e+00h  1
  82  2.2873956e+05 4.35e-07 5.10e-07  -5.7 2.49e-01  -5.7 1.00e+00 1.00e+00h  1
  83  2.2873956e+05 6.66e-09 3.22e-07  -5.7 4.71e-01  -6.2 1.00e+00 1.00e+00h  1
  84  2.2873956e+05 4.94e-09 5.03e-07  -5.7 6.06e+00    -  1.00e+00 1.00e+00h  1
  85  2.2873956e+05 6.65e-11 1.05e-07  -5.7 4.62e-01  -6.6 1.00e+00 1.00e+00h  1
  86  2.2873956e+05 8.88e-11 5.78e-08  -5.7 7.61e-01  -7.1 1.00e+00 1.00e+00h  1
  87  2.2873956e+05 1.50e-11 3.16e-08  -5.7 1.25e+00  -7.6 1.00e+00 1.00e+00h  1
  88  2.2873956e+05 2.65e-11 9.78e-09  -5.7 1.16e+00  -8.1 1.00e+00 1.00e+00h  1
  89  2.2873956e+05 1.20e-11 1.25e-09  -5.7 4.50e-01  -8.6 1.00e+00 1.00e+00h  1
iter    objective    inf_pr   inf_du lg(mu)  ||d||  lg(rg) alpha_du alpha_pr  ls
  90  2.2873956e+05 4.77e-12 2.67e-11  -5.7 8.91e-02    -  1.00e+00 1.00e+00h  1
  91  2.2873956e+05 4.28e-12 1.85e-11  -5.7 6.43e-04  -9.0 1.00e+00 1.00e+00h  1
  92  2.2871147e+05 7.71e-05 6.12e+00  -8.6 6.46e-01  -9.5 7.17e-01 4.89e-01f  1
  93  2.2869648e+05 4.48e-05 2.57e+00  -8.6 1.78e-01  -4.6 4.37e-01 5.01e-01h  1
  94  2.2869107e+05 3.80e-05 1.97e+00  -8.6 9.77e-02  -4.1 4.40e-01 3.63e-01h  1
  95  2.2868880e+05 5.90e-05 1.83e+00  -8.6 1.72e-01  -4.6 3.59e-01 2.29e-01f  1
  96  2.2868607e+05 3.97e-05 1.40e+00  -8.6 2.80e-01  -5.1 4.90e-01 3.50e-01h  1
  97  2.2868454e+05 2.85e-05 1.13e+00  -8.6 2.73e-01  -5.6 5.08e-01 3.05e-01h  1
  98  2.2868265e+05 1.37e-05 5.90e-01  -8.6 5.17e-02  -5.1 7.51e-01 5.49e-01h  1
  99  2.2868213e+05 9.08e-06 4.03e-01  -8.6 6.34e-02  -4.7 4.77e-01 3.39e-01h  1
iter    objective    inf_pr   inf_du lg(mu)  ||d||  lg(rg) alpha_du alpha_pr  ls
 100  2.2868124e+05 1.02e-05 5.69e-02  -8.6 3.99e-02  -5.2 1.00e+00 8.75e-01h  1
 101  2.2868112e+05 1.85e-06 1.19e-06  -8.6 1.77e-02  -4.8 1.00e+00 1.00e+00h  1

Number of Iterations....: 101

                                   (scaled)                 (unscaled)
Objective...............:   2.2868111692547323e+01    2.2868111692547321e+05
Dual infeasibility......:   1.1924731149526890e-06    1.1924731149526890e-02
Constraint violation....:   1.8454106089117739e-06    1.8454106089117739e-06
Variable bound violation:   1.1978327663086930e-07    1.1978327663086930e-07
Complementarity.........:   3.7046093762104199e-09    3.7046093762104198e-05
Overall NLP error.......:   1.8454106089117739e-06    1.1924731149526890e-02


Number of objective function evaluations             = 102
Number of objective gradient evaluations             = 102
Number of equality constraint evaluations            = 102
Number of inequality constraint evaluations          = 102
Number of equality constraint Jacobian evaluations   = 102
Number of inequality constraint Jacobian evaluations = 102
Number of Lagrangian Hessian evaluations             = 101
Total seconds in IPOPT                               = 8.769

EXIT: Optimal Solution Found.

Gurobi 13.0.2 (win64) logging started Mon Jul 20 16:40:56 2026

Set parameter LogFile to value "C:\Users\ehsanno\DataspellProjects\Spanish_Power_System\results\ipopt_logs\2024-07-08_h10.log"

Gurobi 13.0.2 (win64) logging started Mon Jul 20 16:40:56 2026

Set parameter LogFile to value "C:\Users\ehsanno\DataspellProjects\Spanish_Power_System\results\ipopt_logs\2024-07-08_h10.log"
Gurobi Optimizer version 13.0.2 build v13.0.2rc1 (win64 - Windows 11+.0 (26200.2))

CPU model: 11th Gen Intel(R) Core(TM) i5-1145G7 @ 2.60GHz, instruction set [SSE2|AVX|AVX2|AVX512]
Thread count: 4 physical cores, 8 logical processors, using up to 8 threads

Non-default parameters:
LogToConsole  0

Optimize a model with 5142 rows, 7177 columns and 18440 nonzeros (Min)
Model fingerprint: 0x976b4b10
Model has 2031 linear objective coefficients and an objective constant of 1.1481166935647717e+07
Model has 973 quadratic objective terms
Coefficient statistics:
  Matrix range     [1e+00, 1e+04]
  Objective range  [4e+00, 1e+06]
  QObjective range [2e+04, 2e+04]
  Bounds range     [2e-06, 1e+04]
  RHS range        [2e-06, 8e+00]

Presolve removed 3664 rows and 4145 columns
Presolve time: 0.03s
Presolved: 1478 rows, 3032 columns, 8924 nonzeros
Presolved model has 899 quadratic objective terms
Ordering time: 0.00s

Barrier statistics:
 AA' NZ     : 1.769e+04
 Factor NZ  : 4.658e+04 (roughly 2 MB of memory)
 Factor Ops : 1.838e+06 (less than 1 second per iteration)
 Threads    : 1

                  Objective                Residual
Iter       Primal          Dual         Primal    Dual     Compl     Time
   0   3.88016608e+12 -5.20772568e+11  7.00e+03 3.28e+03  3.27e+06     0s
   1   1.14978554e+12 -1.06128150e+11  2.26e+03 1.06e+03  1.07e+06     0s
   2   1.63852446e+11 -6.40620417e+10  3.34e+02 1.56e+02  2.12e+05     0s
   3   5.77302301e+10 -5.37182823e+10  1.18e+02 5.55e+01  7.70e+04     0s
   4   5.58379989e+09 -4.64149683e+10  1.18e+01 5.55e+00  1.54e+04     0s
   5   1.35886335e+09 -2.46123489e+10  3.15e+00 1.48e+00  5.84e+03     0s
   6   6.22288470e+08 -1.49122676e+10  1.54e+00 7.22e-01  3.24e+03     0s
   7   3.61274936e+08 -1.02374775e+10  8.75e-01 4.10e-01  2.12e+03     0s
   8   1.85919060e+08 -5.55045523e+09  3.44e-01 1.61e-01  1.07e+03     0s
   9   1.57808198e+08 -4.60454328e+09  2.58e-01 1.21e-01  8.76e+02     0s
  10   7.23685320e+07 -1.22282325e+09  3.81e-02 1.78e-02  2.20e+02     0s
  11   3.18957324e+07 -3.18766831e+08  4.52e-03 2.12e-03  5.79e+01     0s
  12   5.90900753e+06 -3.60172309e+07  4.52e-09 2.12e-09  6.87e+00     0s
  13   9.88365848e+05 -3.90835467e+06  1.06e-10 1.82e-11  8.02e-01     0s
  14   3.43233374e+05 -7.66924732e+05  3.69e-10 1.12e-11  1.82e-01     0s
  15   1.84937244e+05 -2.46504546e+05  1.69e-09 8.69e-12  7.07e-02     0s
  16   1.43418796e+05 -9.60478871e+04  2.82e-09 1.35e-11  3.92e-02     0s
  17   1.07403456e+05  1.00288740e+05  1.35e-09 2.05e-11  1.17e-03     0s
  18   1.05555507e+05  1.04834786e+05  1.69e-08 6.66e-12  1.18e-04     0s
  19   1.05335158e+05  1.05297124e+05  1.85e-07 1.40e-11  6.23e-06     0s
  20   1.05325483e+05  1.05324777e+05  1.87e-07 7.58e-12  1.13e-07     0s
  21   1.05325231e+05  1.05325213e+05  1.03e-08 7.62e-12  2.87e-09     0s

Barrier solved model in 21 iterations and 0.10 seconds (0.05 work units)
Optimal objective 1.05325231e+05


User-callback calls 83, time in user-callback 0.00 sec
