This is Ipopt version 3.14.19, running with linear solver ma57.

Number of nonzeros in equality constraint Jacobian...:    60601
Number of nonzeros in inequality constraint Jacobian.:    14048
Number of nonzeros in Lagrangian Hessian.............:   105238

Total number of variables............................:    14954
                     variables with only lower bounds:        0
                variables with lower and upper bounds:    13718
                     variables with only upper bounds:        0
Total number of equality constraints.................:    11850
Total number of inequality constraints...............:     7951
        inequality constraints with only lower bounds:      730
   inequality constraints with lower and upper bounds:     1560
        inequality constraints with only upper bounds:     5661

iter    objective    inf_pr   inf_du lg(mu)  ||d||  lg(rg) alpha_du alpha_pr  ls
   0  7.3582408e+06 2.09e+01 1.00e+02  -1.0 0.00e+00    -  0.00e+00 0.00e+00   0
   1  7.3581997e+06 2.09e+01 9.93e+01  -1.0 1.77e+01  -4.0 1.53e-02 1.15e-05f  1
   2  6.1727829e+06 2.05e+01 9.88e+01  -1.0 1.69e+01  -4.5 3.40e-03 2.04e-02f  1
   3  5.9951915e+06 1.90e+01 9.69e+01  -1.0 1.58e+01  -5.0 2.76e-02 7.57e-02f  1
   4  5.4019805e+06 1.76e+01 8.89e+01  -1.0 4.81e+01  -5.4 8.13e-02 7.07e-02f  1
   5  3.8386300e+06 1.15e+01 6.78e+01  -1.0 7.74e+01  -5.9 2.51e-01 3.49e-01f  1
   6  2.4173516e+06 5.20e+00 3.22e+01  -1.0 1.61e+02    -  5.29e-01 5.46e-01f  1
   7  1.7492709e+06 5.20e-02 5.96e+00  -1.0 1.39e+02  -5.5 9.02e-01 9.90e-01h  1
   8  1.3666279e+06 7.90e-03 9.84e+02  -1.0 7.16e+01  -5.1 7.46e-01 9.90e-01h  1
   9  1.2936876e+06 5.70e-03 3.54e+03  -1.0 2.87e+01  -5.5 9.91e-01 1.00e+00h  1
iter    objective    inf_pr   inf_du lg(mu)  ||d||  lg(rg) alpha_du alpha_pr  ls
  10  1.2831501e+06 1.47e-03 7.98e-02  -1.0 7.78e+00    -  1.00e+00 1.00e+00h  1
  11  4.5445903e+05 4.94e-04 2.67e+05  -1.7 1.03e+01    -  9.67e-01 1.00e+00f  1
  12  4.0143234e+05 4.15e-04 8.37e-03  -1.7 2.69e+00    -  1.00e+00 1.00e+00h  1
  13  4.0142909e+05 6.13e-05 1.54e-03  -1.7 1.17e+00  -6.0 1.00e+00 1.00e+00h  1
  14  2.4347938e+05 1.03e-04 3.24e+05  -2.5 1.45e+00    -  9.62e-01 7.74e-01f  1
  15  1.8522097e+05 1.71e-03 6.14e-03  -2.5 1.67e+00    -  1.00e+00 1.00e+00f  1
  16  1.8553228e+05 6.70e-05 1.47e-03  -2.5 2.97e-01    -  1.00e+00 1.00e+00h  1
  17  1.5503298e+05 1.26e-03 1.17e+04  -3.8 1.18e+00  -6.5 8.75e-01 8.31e-01f  1
  18  1.4742779e+05 5.02e-03 1.13e-03  -3.8 2.69e+00    -  1.00e+00 1.00e+00h  1
  19  1.4716275e+05 3.10e-03 3.44e-04  -3.8 6.13e-01  -7.0 1.00e+00 1.00e+00h  1
iter    objective    inf_pr   inf_du lg(mu)  ||d||  lg(rg) alpha_du alpha_pr  ls
  20  1.4719709e+05 9.92e-05 5.28e-05  -3.8 1.93e-01  -7.4 1.00e+00 1.00e+00h  1
  21  1.4719529e+05 7.43e-06 4.65e-06  -3.8 2.44e-02    -  1.00e+00 1.00e+00h  1
  22  1.4592240e+05 7.94e-04 3.80e+03  -5.7 8.78e-01    -  7.90e-01 5.34e-01f  1
  23  1.4547651e+05 5.94e-04 3.31e+03  -5.7 1.66e+00  -7.9 6.72e-01 3.73e-01h  1
  24  1.4519258e+05 6.40e-04 2.44e+03  -5.7 1.75e+00  -8.4 7.73e-01 3.84e-01h  1
  25  1.4497218e+05 6.90e-04 1.30e+03  -5.7 1.46e+00  -8.9 8.22e-01 4.97e-01h  1
  26  1.4488084e+05 5.12e-04 7.63e+02  -5.7 8.09e-01    -  1.00e+00 4.32e-01h  1
  27  1.4480086e+05 2.42e-04 2.41e+02  -5.7 5.24e-01    -  1.00e+00 6.84e-01h  1
  28  1.4476571e+05 1.86e-05 2.12e-05  -5.7 1.93e-01    -  1.00e+00 1.00e+00h  1
  29  1.4476593e+05 7.60e-08 1.32e-06  -5.7 2.87e-02    -  1.00e+00 1.00e+00h  1
iter    objective    inf_pr   inf_du lg(mu)  ||d||  lg(rg) alpha_du alpha_pr  ls
  30  1.4476593e+05 5.91e-10 1.17e-08  -5.7 6.86e-04    -  1.00e+00 1.00e+00h  1
  31  1.4474445e+05 1.02e-04 1.46e+01  -8.6 1.54e-01  -7.5 7.85e-01 7.06e-01f  1
  32  1.4473641e+05 1.38e-03 3.01e+00  -8.6 1.68e-01  -8.0 7.15e-01 8.47e-01h  1
  33  1.4473494e+05 8.18e-05 3.20e+00  -8.6 5.77e-02    -  6.74e-01 9.41e-01h  1
  34  1.4473482e+05 4.64e-06 6.61e-01  -8.6 2.03e-02  -8.5 8.21e-01 1.00e+00h  1
  35  1.4473481e+05 2.17e-07 4.07e-08  -8.6 1.65e-02    -  1.00e+00 1.00e+00h  1

Number of Iterations....: 35

                                   (scaled)                 (unscaled)
Objective...............:   1.4473480913440302e+01    1.4473480913440301e+05
Dual infeasibility......:   4.0671562027192465e-08    4.0671562027192463e-04
Constraint violation....:   2.1665297383899329e-07    2.1665297383899329e-07
Variable bound violation:   1.3028054368646735e-07    1.3028054368646735e-07
Complementarity.........:   8.2445608408054096e-09    8.2445608408054095e-05
Overall NLP error.......:   2.1665297383899329e-07    4.0671562027192463e-04


Number of objective function evaluations             = 36
Number of objective gradient evaluations             = 36
Number of equality constraint evaluations            = 36
Number of inequality constraint evaluations          = 36
Number of equality constraint Jacobian evaluations   = 36
Number of inequality constraint Jacobian evaluations = 36
Number of Lagrangian Hessian evaluations             = 35
Total seconds in IPOPT                               = 2.719

EXIT: Optimal Solution Found.

Gurobi 13.0.2 (win64) logging started Mon Jul 20 16:41:04 2026

Set parameter LogFile to value "C:\Users\ehsanno\DataspellProjects\Spanish_Power_System\results\ipopt_logs\2024-12-02_h02.log"

Gurobi 13.0.2 (win64) logging started Mon Jul 20 16:41:04 2026

Set parameter LogFile to value "C:\Users\ehsanno\DataspellProjects\Spanish_Power_System\results\ipopt_logs\2024-12-02_h02.log"
Gurobi Optimizer version 13.0.2 build v13.0.2rc1 (win64 - Windows 11+.0 (26200.2))

CPU model: 11th Gen Intel(R) Core(TM) i5-1145G7 @ 2.60GHz, instruction set [SSE2|AVX|AVX2|AVX512]
Thread count: 4 physical cores, 8 logical processors, using up to 8 threads

Non-default parameters:
LogToConsole  0

Optimize a model with 5142 rows, 7177 columns and 18440 nonzeros (Min)
Model fingerprint: 0xa75231b7
Model has 2031 linear objective coefficients and an objective constant of 9.4853918087785356e+06
Model has 973 quadratic objective terms
Coefficient statistics:
  Matrix range     [1e+00, 1e+04]
  Objective range  [4e-01, 1e+06]
  QObjective range [2e+04, 2e+04]
  Bounds range     [1e-06, 1e+04]
  RHS range        [1e-06, 5e+00]

Presolve removed 3696 rows and 4623 columns
Presolve time: 0.02s
Presolved: 1446 rows, 2554 columns, 8422 nonzeros
Presolved model has 454 quadratic objective terms
Ordering time: 0.00s

Barrier statistics:
 AA' NZ     : 1.767e+04
 Factor NZ  : 4.833e+04 (roughly 2 MB of memory)
 Factor Ops : 2.088e+06 (less than 1 second per iteration)
 Threads    : 1

                  Objective                Residual
Iter       Primal          Dual         Primal    Dual     Compl     Time
   0   2.98069447e+12 -3.01169208e+11  6.75e+03 4.06e+03  4.04e+06     0s
   1   8.96033099e+11 -8.21596234e+10  2.14e+03 1.29e+03  1.31e+06     0s
   2   8.44002224e+10 -6.10487032e+10  2.07e+02 1.25e+02  1.51e+05     0s
   3   3.83667244e+10 -5.17263897e+10  9.47e+01 5.70e+01  7.06e+04     0s
   4   3.75107731e+09 -4.27260934e+10  9.82e+00 5.91e+00  1.52e+04     0s
   5   1.07923409e+09 -2.22374566e+10  3.21e+00 1.93e+00  6.15e+03     0s
   6   3.87993131e+08 -1.34447697e+10  1.30e+00 7.80e-01  3.41e+03     0s
   7   2.95166652e+08 -1.09602396e+10  9.27e-01 5.58e-01  2.73e+03     0s
   8   1.64478258e+08 -6.00916217e+09  4.59e-01 2.76e-01  1.42e+03     0s
   9   1.26996014e+08 -4.83256208e+09  3.10e-01 1.86e-01  1.12e+03     0s
  10   6.08162623e+07 -1.77335407e+09  3.02e-02 1.82e-02  3.70e+02     0s
  11   3.58167683e+07 -4.04572107e+08  5.52e-03 3.32e-03  8.68e+01     0s
  12   1.69496068e+07 -2.28972591e+08  4.30e-04 2.59e-04  4.81e+01     0s
  13   5.58620746e+06 -4.33944882e+07  3.81e-05 2.29e-05  9.56e+00     0s
  14   1.84163018e+06 -1.04959480e+07  5.83e-06 3.51e-06  2.41e+00     0s
  15   4.71808841e+05 -8.26559344e+05  1.57e-07 9.42e-08  2.53e-01     0s
  16   2.36763183e+05  1.40701283e+04  2.02e-08 1.21e-08  4.34e-02     0s
  17   2.09554007e+05  9.71684612e+04  8.56e-09 2.58e-09  2.19e-02     0s
  18   1.94521131e+05  1.55151500e+05  1.06e-08 7.58e-10  7.68e-03     0s
  19   1.87880856e+05  1.80609372e+05  9.11e-09 8.06e-11  1.42e-03     0s
  20   1.86435322e+05  1.85587102e+05  3.81e-08 3.92e-12  1.65e-04     0s
  21   1.86235159e+05  1.86159108e+05  1.08e-07 7.03e-12  1.48e-05     0s
  22   1.86216407e+05  1.86214471e+05  3.55e-07 6.73e-12  3.69e-07     0s
  23   1.86215815e+05  1.86215805e+05  4.46e-07 8.99e-12  1.59e-09     0s
  24   1.86215816e+05  1.86215810e+05  8.93e-08 5.46e-12  1.07e-10     0s

Barrier solved model in 24 iterations and 0.10 seconds (0.05 work units)
Optimal objective 1.86215816e+05


User-callback calls 90, time in user-callback 0.00 sec
