This is Ipopt version 3.14.19, running with linear solver ma57.

Number of nonzeros in equality constraint Jacobian...:    61491
Number of nonzeros in inequality constraint Jacobian.:    15828
Number of nonzeros in Lagrangian Hessian.............:   105683

Total number of variables............................:    15844
                     variables with only lower bounds:        0
                variables with lower and upper bounds:    14608
                     variables with only upper bounds:        0
Total number of equality constraints.................:    11850
Total number of inequality constraints...............:     7951
        inequality constraints with only lower bounds:      730
   inequality constraints with lower and upper bounds:     1560
        inequality constraints with only upper bounds:     5661

iter    objective    inf_pr   inf_du lg(mu)  ||d||  lg(rg) alpha_du alpha_pr  ls
   0  1.2204911e+07 1.04e+01 1.00e+02  -1.0 0.00e+00    -  0.00e+00 0.00e+00   0
   1  1.2205335e+07 1.04e+01 9.99e+01  -1.0 1.24e+01    -  1.06e-02 1.91e-05f  1
   2  1.0208143e+07 1.03e+01 9.95e+01  -1.0 1.46e+01  -4.0 2.13e-03 1.48e-02f  1
   3  9.7416661e+06 9.96e+00 9.79e+01  -1.0 1.19e+01  -4.5 1.64e-02 3.26e-02f  1
   4  9.4142450e+06 9.40e+00 9.48e+01  -1.0 1.38e+01  -5.0 3.24e-02 5.64e-02f  1
   5  7.9789814e+06 8.10e+00 9.06e+01  -1.0 2.62e+01    -  4.74e-02 1.38e-01f  1
   6  6.6507208e+06 6.50e+00 7.71e+01  -1.0 4.69e+01  -5.4 1.49e-01 1.97e-01f  1
   7  4.7850183e+06 4.20e+00 3.87e+01  -1.0 5.75e+01  -5.9 5.00e-01 3.53e-01f  1
   8  3.5438563e+06 1.91e+00 1.01e+01  -1.0 6.02e+01  -5.5 7.60e-01 5.46e-01f  1
   9  2.6051548e+06 3.26e-01 5.14e+00  -1.0 5.45e+01    -  9.04e-01 8.29e-01f  1
iter    objective    inf_pr   inf_du lg(mu)  ||d||  lg(rg) alpha_du alpha_pr  ls
  10  1.8644902e+06 7.40e-02 2.73e+01  -1.0 7.21e+01    -  9.05e-01 9.90e-01f  1
  11  1.6014290e+06 2.80e-02 4.13e-01  -1.0 5.88e+01  -5.1 1.00e+00 1.00e+00h  1
  12  1.5735013e+06 1.02e-03 3.72e-01  -1.0 1.40e+01    -  1.00e+00 1.00e+00h  1
  13  1.1623867e+06 1.21e-03 5.04e+05  -1.7 2.05e+01    -  8.62e-01 4.30e-01f  1
  14  7.1589272e+05 9.71e-03 1.09e+05  -1.7 1.67e+01    -  6.68e-01 7.56e-01f  1
  15  5.6415990e+05 1.15e-02 1.23e+03  -1.7 3.10e+01  -5.5 9.77e-01 1.00e+00h  1
  16  5.6252976e+05 3.57e-04 1.10e-02  -1.7 1.29e+01  -6.0 1.00e+00 1.00e+00h  1
  17  4.2259546e+05 9.36e-03 4.59e+04  -2.5 4.86e+01  -6.5 7.74e-01 5.91e-01f  1
  18  3.5934808e+05 7.92e-03 4.45e+04  -2.5 3.94e+01  -7.0 1.00e+00 5.65e-01f  1
  19  3.0603820e+05 5.69e-03 8.90e+02  -2.5 1.89e+01    -  1.00e+00 9.80e-01h  1
iter    objective    inf_pr   inf_du lg(mu)  ||d||  lg(rg) alpha_du alpha_pr  ls
  20  3.0536702e+05 1.84e-04 8.58e-04  -2.5 4.73e+00  -7.4 1.00e+00 1.00e+00h  1
  21  3.0534572e+05 8.24e-06 4.50e-05  -2.5 9.77e-02  -7.9 1.00e+00 1.00e+00h  1
  22  2.8185675e+05 2.36e-03 8.65e+03  -3.8 2.11e+01    -  7.19e-01 4.97e-01f  1
  23  2.7476463e+05 3.13e-03 9.96e+03  -3.8 1.75e+01  -8.4 5.65e-01 2.49e-01h  1
  24  2.6544247e+05 1.15e-02 5.37e+03  -3.8 1.10e+01    -  3.46e-01 4.24e-01h  1
  25  2.6085441e+05 8.36e-03 4.54e+03  -3.8 5.70e+00    -  7.00e-01 3.55e-01h  1
  26  2.5884176e+05 6.37e-03 3.78e+03  -3.8 5.84e+00  -5.3 6.09e-01 2.42e-01h  1
  27  2.5423852e+05 5.62e-03 9.51e+02  -3.8 2.14e+00  -4.8 6.86e-01 7.43e-01h  1
  28  2.5261273e+05 3.01e-02 3.06e-03  -3.8 6.49e+00  -5.3 1.00e+00 1.00e+00h  1
  29  2.5260831e+05 1.82e-03 5.96e-04  -3.8 4.88e+00  -4.9 1.00e+00 1.00e+00h  1
iter    objective    inf_pr   inf_du lg(mu)  ||d||  lg(rg) alpha_du alpha_pr  ls
  30  2.5260979e+05 8.31e-04 5.83e-04  -3.8 4.81e+00  -4.5 1.00e+00 1.00e+00h  1
  31  2.5260192e+05 5.21e-03 7.37e-02  -3.8 2.46e+01    -  1.00e+00 1.70e-01h  2
  32  2.5258488e+05 3.71e-03 2.18e-02  -3.8 1.77e+01    -  1.00e+00 6.96e-01H  1
  33  2.5258580e+05 4.78e-04 1.28e-04  -3.8 9.39e-01  -4.9 1.00e+00 1.00e+00h  1
  34  2.5258299e+05 9.78e-04 1.34e-04  -3.8 8.44e+00    -  1.00e+00 1.00e+00h  1
  35  2.5258069e+05 1.66e-03 2.42e-04  -3.8 4.55e+00    -  1.00e+00 1.00e+00h  1
  36  2.5258095e+05 1.32e-04 1.88e-05  -3.8 5.86e-01    -  1.00e+00 1.00e+00h  1
  37  2.5258082e+05 1.38e-06 2.21e-07  -3.8 9.89e-02    -  1.00e+00 1.00e+00h  1
  38  2.5198076e+05 1.75e-02 5.43e+01  -5.7 4.64e+01    -  1.41e-01 1.66e-01f  1
  39  2.5103058e+05 1.20e-02 1.37e+02  -5.7 4.67e+00  -5.4 4.11e-01 3.17e-01h  1
iter    objective    inf_pr   inf_du lg(mu)  ||d||  lg(rg) alpha_du alpha_pr  ls
  40  2.5090217e+05 1.02e+00 9.68e+01  -5.7 3.12e+01  -5.9 2.83e-02 5.78e-02h  1
  41  2.5076520e+05 9.54e-01 2.80e+02  -5.7 8.73e+00  -6.4 2.42e-01 6.43e-02h  1
  42  2.5044503e+05 7.94e-01 1.74e+02  -5.7 1.95e+01  -6.8 9.23e-02 1.66e-01h  1
  43  2.4980899e+05 4.81e-01 1.08e+02  -5.7 6.21e+00  -7.3 3.97e-01 3.94e-01h  1
  44  2.4947627e+05 3.88e-01 1.07e+01  -5.7 1.38e+01  -7.8 1.76e-01 3.18e-01h  1
  45  2.4939091e+05 4.68e-01 3.32e+01  -5.7 3.24e+00  -5.6 1.82e-01 1.17e-01h  1
  46  2.4925712e+05 6.68e-01 7.99e+01  -5.7 1.08e+01  -6.0 3.87e-01 2.07e-01h  1
  47  2.4901386e+05 4.53e-01 5.41e+01  -5.7 6.30e+00  -5.6 5.24e-01 4.63e-01h  1
  48  2.4887440e+05 2.39e-01 3.14e+01  -5.7 1.04e+01  -6.1 5.05e-01 4.73e-01h  1
  49  2.4884954e+05 2.02e-01 2.99e+01  -5.7 3.89e+01    -  2.09e-01 1.40e-01h  1
iter    objective    inf_pr   inf_du lg(mu)  ||d||  lg(rg) alpha_du alpha_pr  ls
  50  2.4877719e+05 7.13e-01 1.57e+01  -5.7 9.77e+00    -  5.76e-01 5.29e-01h  1
  51  2.4873356e+05 8.02e-04 1.19e+00  -5.7 2.24e+00    -  4.24e-01 6.84e-01h  1
  52  2.4871376e+05 1.35e-05 2.69e+00  -5.7 3.80e-01  -6.6 6.76e-01 1.00e+00h  1
  53  2.4871362e+05 4.07e-07 1.32e-06  -5.7 2.65e-01  -7.1 1.00e+00 1.00e+00h  1
  54  2.4871361e+05 2.78e-09 1.94e-08  -5.7 3.50e+00    -  1.00e+00 1.00e+00H  1
  55  2.4871361e+05 1.46e-10 2.73e-11  -5.7 8.86e-02    -  1.00e+00 1.00e+00h  1
  56  2.4871361e+05 5.04e-12 1.84e-11  -5.7 1.67e-03    -  1.00e+00 1.00e+00h  1
  57  2.4869248e+05 3.49e-05 4.57e+00  -8.6 8.23e-01    -  5.42e-01 3.72e-01f  1
  58  2.4867299e+05 1.76e-04 4.96e-01  -8.6 6.90e-01    -  3.32e-01 5.43e-01h  1
  59  2.4866647e+05 1.63e-04 1.22e+00  -8.6 1.35e+00    -  5.71e-01 3.85e-01h  1
iter    objective    inf_pr   inf_du lg(mu)  ||d||  lg(rg) alpha_du alpha_pr  ls
  60  2.4866575e+05 1.53e-04 1.30e+00  -8.6 1.75e+01  -6.6 1.17e-01 6.81e-02h  1
  61  2.4865992e+05 3.27e-04 6.60e-02  -8.6 1.40e+00  -7.1 4.40e-01 5.90e-01h  1
  62  2.4865752e+05 6.42e-04 3.33e-01  -8.6 2.85e-01  -7.6 7.61e-01 5.86e-01h  1
  63  2.4865637e+05 9.79e-04 1.53e-01  -8.6 3.06e-01  -8.1 7.78e-01 6.73e-01h  1
  64  2.4865598e+05 3.07e-04 7.05e-02  -8.6 1.50e-01    -  9.32e-01 6.87e-01h  1
  65  2.4865580e+05 1.27e-07 1.44e-06  -8.6 4.51e-01    -  1.00e+00 1.00e+00h  1

Number of Iterations....: 65

                                   (scaled)                 (unscaled)
Objective...............:   2.4865580105651429e+01    2.4865580105651426e+05
Dual infeasibility......:   1.4449573194940023e-06    1.4449573194940023e-02
Constraint violation....:   1.2728578246967714e-07    1.2728578246967714e-07
Variable bound violation:   1.2066769983221093e-07    1.2066769983221093e-07
Complementarity.........:   5.9638700402329777e-09    5.9638700402329776e-05
Overall NLP error.......:   1.4449573194940023e-06    1.4449573194940023e-02


Number of objective function evaluations             = 71
Number of objective gradient evaluations             = 66
Number of equality constraint evaluations            = 71
Number of inequality constraint evaluations          = 71
Number of equality constraint Jacobian evaluations   = 66
Number of inequality constraint Jacobian evaluations = 66
Number of Lagrangian Hessian evaluations             = 65
Total seconds in IPOPT                               = 4.722

EXIT: Optimal Solution Found.

Gurobi 13.0.2 (win64) logging started Mon Jul 20 16:40:57 2026

Set parameter LogFile to value "C:\Users\ehsanno\DataspellProjects\Spanish_Power_System\results\ipopt_logs\2024-07-08_h11.log"

Gurobi 13.0.2 (win64) logging started Mon Jul 20 16:40:57 2026

Set parameter LogFile to value "C:\Users\ehsanno\DataspellProjects\Spanish_Power_System\results\ipopt_logs\2024-07-08_h11.log"
Gurobi Optimizer version 13.0.2 build v13.0.2rc1 (win64 - Windows 11+.0 (26200.2))

CPU model: 11th Gen Intel(R) Core(TM) i5-1145G7 @ 2.60GHz, instruction set [SSE2|AVX|AVX2|AVX512]
Thread count: 4 physical cores, 8 logical processors, using up to 8 threads

Non-default parameters:
LogToConsole  0

Optimize a model with 5142 rows, 7177 columns and 18440 nonzeros (Min)
Model fingerprint: 0x0ec32723
Model has 2031 linear objective coefficients and an objective constant of 1.1448018867875881e+07
Model has 973 quadratic objective terms
Coefficient statistics:
  Matrix range     [1e+00, 1e+04]
  Objective range  [4e+00, 1e+06]
  QObjective range [2e+04, 2e+04]
  Bounds range     [2e-06, 1e+04]
  RHS range        [2e-06, 8e+00]

Presolve removed 3664 rows and 4145 columns
Presolve time: 0.02s
Presolved: 1478 rows, 3032 columns, 8924 nonzeros
Presolved model has 899 quadratic objective terms
Ordering time: 0.00s

Barrier statistics:
 AA' NZ     : 1.769e+04
 Factor NZ  : 4.658e+04 (roughly 2 MB of memory)
 Factor Ops : 1.838e+06 (less than 1 second per iteration)
 Threads    : 1

                  Objective                Residual
Iter       Primal          Dual         Primal    Dual     Compl     Time
   0   3.88012721e+12 -5.20964621e+11  7.00e+03 3.28e+03  3.27e+06     0s
   1   1.14977872e+12 -1.06310704e+11  2.26e+03 1.06e+03  1.07e+06     0s
   2   1.63862117e+11 -6.42884125e+10  3.34e+02 1.56e+02  2.12e+05     0s
   3   5.77769072e+10 -5.39284351e+10  1.18e+02 5.55e+01  7.71e+04     0s
   4   5.60902313e+09 -4.66371239e+10  1.19e+01 5.56e+00  1.54e+04     0s
   5   1.37547498e+09 -2.47816558e+10  3.16e+00 1.48e+00  5.86e+03     0s
   6   6.29154602e+08 -1.49253708e+10  1.53e+00 7.16e-01  3.22e+03     0s
   7   3.64619157e+08 -1.01814383e+10  8.59e-01 4.03e-01  2.09e+03     0s
   8   1.87504564e+08 -5.40915785e+09  3.36e-01 1.57e-01  1.04e+03     0s
   9   1.59255112e+08 -4.45601490e+09  2.49e-01 1.17e-01  8.43e+02     0s
  10   7.03425171e+07 -1.06418980e+09  3.51e-02 1.65e-02  1.92e+02     0s
  11   2.38143836e+07 -2.59450677e+08  3.69e-03 1.73e-03  4.67e+01     0s
  12   4.08758058e+06 -1.93428727e+07  5.32e-05 2.50e-05  3.84e+00     0s
  13   7.33708320e+05 -2.36889451e+06  1.97e-06 9.25e-07  5.08e-01     0s
  14   4.74537326e+05 -1.69661868e+06  4.87e-07 2.28e-07  3.56e-01     0s
  15   2.28603262e+05 -3.81416005e+05  1.74e-10 2.07e-11  9.99e-02     0s
  16   1.41745875e+05  9.67695362e+04  2.23e-09 1.33e-11  7.37e-03     0s
  17   1.32262377e+05  1.24066254e+05  1.39e-08 1.03e-11  1.34e-03     0s
  18   1.30591165e+05  1.29569395e+05  2.32e-08 5.16e-12  1.67e-04     0s
  19   1.30346596e+05  1.30298166e+05  6.63e-08 1.15e-11  7.93e-06     0s
  20   1.30334091e+05  1.30333760e+05  5.03e-08 7.55e-12  5.39e-08     0s
  21   1.30333914e+05  1.30333904e+05  1.29e-09 1.57e-11  1.68e-09     0s

Barrier solved model in 21 iterations and 0.08 seconds (0.05 work units)
Optimal objective 1.30333914e+05


User-callback calls 81, time in user-callback 0.00 sec
