This is Ipopt version 3.14.19, running with linear solver ma57.

Number of nonzeros in equality constraint Jacobian...:    60621
Number of nonzeros in inequality constraint Jacobian.:    14048
Number of nonzeros in Lagrangian Hessian.............:   105238

Total number of variables............................:    14974
                     variables with only lower bounds:        0
                variables with lower and upper bounds:    13738
                     variables with only upper bounds:        0
Total number of equality constraints.................:    11850
Total number of inequality constraints...............:     7951
        inequality constraints with only lower bounds:      730
   inequality constraints with lower and upper bounds:     1560
        inequality constraints with only upper bounds:     5661

iter    objective    inf_pr   inf_du lg(mu)  ||d||  lg(rg) alpha_du alpha_pr  ls
   0  1.4522852e+07 1.88e+01 1.00e+02  -1.0 0.00e+00    -  0.00e+00 0.00e+00   0
   1  1.4524661e+07 1.88e+01 1.00e+02  -1.0 1.81e+01    -  8.73e-03 2.34e-05f  1
   2  1.1942740e+07 1.85e+01 9.96e+01  -1.0 2.01e+01    -  1.01e-03 1.49e-02f  1
   3  1.1428875e+07 1.80e+01 9.79e+01  -1.0 1.60e+01  -4.0 1.69e-02 2.35e-02f  1
   4  1.0693354e+07 1.71e+01 9.08e+01  -1.0 2.06e+01  -4.5 7.23e-02 5.28e-02f  1
   5  7.8038019e+06 1.38e+01 7.92e+01  -1.0 4.15e+01  -5.0 1.31e-01 1.94e-01f  1
   6  4.3160665e+06 7.85e+00 4.20e+01  -1.0 1.05e+02    -  4.68e-01 4.31e-01f  1
   7  2.7058425e+06 2.82e+00 8.06e+00  -1.0 1.49e+02  -5.4 8.26e-01 6.41e-01f  1
   8  2.2266074e+06 6.80e-02 3.42e+00  -1.0 9.17e+01  -5.9 9.86e-01 9.90e-01h  1
   9  2.0416391e+06 5.82e-03 6.29e+02  -1.0 2.90e+01    -  8.96e-01 9.91e-01h  1
iter    objective    inf_pr   inf_du lg(mu)  ||d||  lg(rg) alpha_du alpha_pr  ls
  10  2.0131238e+06 1.94e-03 7.83e-02  -1.0 1.09e+01  -5.5 1.00e+00 1.00e+00h  1
  11  1.1566434e+06 5.04e-04 4.00e-02  -1.7 4.49e+00    -  1.00e+00 1.00e+00f  1
  12  9.1915309e+05 9.88e-04 2.02e+05  -2.5 3.09e+00    -  8.82e-01 1.00e+00f  1
  13  9.0170628e+05 2.07e-03 1.45e-02  -2.5 2.80e+00    -  1.00e+00 1.00e+00h  1
  14  8.9967495e+05 1.89e-04 1.80e-04  -2.5 6.10e-01    -  1.00e+00 1.00e+00h  1
  15  8.6353362e+05 1.41e-03 5.78e+04  -3.8 1.90e+00    -  7.84e-01 1.00e+00f  1
  16  8.6187493e+05 4.51e-03 6.70e+03  -3.8 2.31e+00  -6.0 8.84e-01 9.09e-01h  1
  17  8.6159158e+05 2.30e-03 5.08e-02  -3.8 1.89e+00    -  1.00e+00 6.27e-01h  1
  18  8.6145441e+05 2.66e-04 2.52e-04  -3.8 8.73e-01  -6.4 1.00e+00 1.00e+00h  1
  19  8.6146043e+05 3.59e-06 6.13e-06  -3.8 1.98e-01    -  1.00e+00 1.00e+00h  1
iter    objective    inf_pr   inf_du lg(mu)  ||d||  lg(rg) alpha_du alpha_pr  ls
  20  8.5991863e+05 3.68e-04 2.73e+02  -5.7 1.43e+00    -  6.54e-01 6.73e-01f  1
  21  8.5934846e+05 5.93e-04 2.78e+02  -5.7 1.17e+00    -  7.00e-01 7.40e-01h  1
  22  8.5927268e+05 4.59e-04 4.98e+02  -5.7 7.49e-01  -6.9 8.06e-01 3.69e-01h  1
  23  8.5920304e+05 5.19e-04 3.39e+02  -5.7 6.36e-01  -7.4 8.80e-01 5.29e-01h  1
  24  8.5914426e+05 2.60e-03 8.47e+00  -5.7 3.71e-01  -7.9 8.21e-01 9.60e-01h  1
  25  8.5914260e+05 4.54e-05 1.19e-06  -5.7 8.58e-02    -  1.00e+00 1.00e+00h  1
  26  8.5914259e+05 1.89e-08 1.45e-07  -5.7 1.84e-02  -8.3 1.00e+00 1.00e+00h  1
  27  8.5914259e+05 6.38e-12 9.67e-10  -5.7 2.73e-03    -  1.00e+00 1.00e+00h  1
  28  8.5911612e+05 9.04e-04 1.34e+01  -8.6 2.24e-01    -  8.11e-01 8.83e-01h  1
  29  8.5911308e+05 5.09e-04 4.00e+00  -8.6 1.13e-01  -8.8 7.37e-01 7.59e-01h  1
iter    objective    inf_pr   inf_du lg(mu)  ||d||  lg(rg) alpha_du alpha_pr  ls
  30  8.5911216e+05 9.27e-04 1.68e+00  -8.6 5.17e-02  -9.3 7.51e-01 8.85e-01h  1
  31  8.5911203e+05 6.76e-07 4.21e-01  -8.6 3.25e-02  -8.9 8.15e-01 1.00e+00h  1
  32  8.5911203e+05 7.53e-08 2.46e-08  -8.6 2.73e-02    -  1.00e+00 1.00e+00h  1

Number of Iterations....: 32

                                   (scaled)                 (unscaled)
Objective...............:   8.5911202508508111e+01    8.5911202508508111e+05
Dual infeasibility......:   2.4573933782531455e-08    2.4573933782531457e-04
Constraint violation....:   5.4799815504824601e-08    7.5286504058746928e-08
Variable bound violation:   1.2937973004056857e-07    1.2937973004056857e-07
Complementarity.........:   8.0748382168965645e-09    8.0748382168965643e-05
Overall NLP error.......:   5.4799815504824601e-08    2.4573933782531457e-04


Number of objective function evaluations             = 33
Number of objective gradient evaluations             = 33
Number of equality constraint evaluations            = 33
Number of inequality constraint evaluations          = 33
Number of equality constraint Jacobian evaluations   = 33
Number of inequality constraint Jacobian evaluations = 33
Number of Lagrangian Hessian evaluations             = 32
Total seconds in IPOPT                               = 2.536

EXIT: Optimal Solution Found.
