This is Ipopt version 3.14.19, running with linear solver ma57.

Number of nonzeros in equality constraint Jacobian...:    61511
Number of nonzeros in inequality constraint Jacobian.:    15828
Number of nonzeros in Lagrangian Hessian.............:   105683

Total number of variables............................:    15864
                     variables with only lower bounds:        0
                variables with lower and upper bounds:    14628
                     variables with only upper bounds:        0
Total number of equality constraints.................:    11850
Total number of inequality constraints...............:     7951
        inequality constraints with only lower bounds:      730
   inequality constraints with lower and upper bounds:     1560
        inequality constraints with only upper bounds:     5661

iter    objective    inf_pr   inf_du lg(mu)  ||d||  lg(rg) alpha_du alpha_pr  ls
   0  8.4096185e+06 1.50e+01 1.00e+02  -1.0 0.00e+00    -  0.00e+00 0.00e+00   0
   1  8.4092370e+06 1.50e+01 9.94e+01  -1.0 1.58e+01    -  1.36e-02 1.62e-05f  1
   2  6.5286255e+06 1.47e+01 9.90e+01  -1.0 1.61e+01    -  3.08e-03 1.84e-02f  1
   3  6.4906494e+06 1.38e+01 9.79e+01  -1.0 1.45e+01    -  1.67e-02 6.33e-02f  1
   4  5.7389592e+06 1.31e+01 9.40e+01  -1.0 3.29e+01    -  4.07e-02 5.37e-02f  1
   5  4.7133716e+06 1.06e+01 8.42e+01  -1.0 4.95e+01    -  1.11e-01 1.89e-01f  1
   6  3.0504052e+06 7.41e+00 6.72e+01  -1.0 9.46e+01    -  2.14e-01 3.01e-01f  1
   7  1.9670861e+06 2.55e+00 1.40e+01  -1.0 1.20e+02    -  7.87e-01 6.56e-01f  1
   8  1.3992934e+06 5.69e-02 2.70e+00  -1.0 8.77e+01  -4.0 9.80e-01 9.92e-01h  1
   9  1.2829471e+06 4.14e-03 7.88e+02  -1.0 3.37e+01    -  8.66e-01 1.00e+00f  1
iter    objective    inf_pr   inf_du lg(mu)  ||d||  lg(rg) alpha_du alpha_pr  ls
  10  1.2552246e+06 1.72e-03 1.33e+04  -1.0 1.46e+01  -4.5 4.71e-01 1.00e+00f  1
  11  1.2531466e+06 7.50e-04 4.29e-03  -1.0 2.85e+00  -5.0 1.00e+00 1.00e+00h  1
  12  2.4012720e+05 1.04e-03 4.41e+03  -2.5 4.49e+00    -  8.50e-01 1.00e+00f  1
  13  1.6205815e+05 1.33e-03 4.19e+02  -2.5 3.17e+00    -  9.05e-01 1.00e+00f  1
  14  1.4203256e+05 1.95e-03 7.52e-04  -2.5 3.11e+00    -  1.00e+00 1.00e+00h  1
  15  1.4021504e+05 1.11e-04 8.27e-04  -2.5 2.55e-01  -5.4 1.00e+00 1.00e+00h  1
  16  1.0093865e+05 9.01e-04 1.47e+02  -3.8 1.07e+00  -5.9 8.19e-01 1.00e+00f  1
  17  9.8168837e+04 4.91e-03 1.26e+01  -3.8 2.61e+00  -6.4 9.14e-01 1.00e+00h  1
  18  9.7754001e+04 2.02e-03 2.50e-03  -3.8 1.81e+00  -6.9 1.00e+00 9.39e-01h  1
  19  9.7748695e+04 1.62e-04 6.48e-05  -3.8 3.26e-01    -  1.00e+00 1.00e+00h  1
iter    objective    inf_pr   inf_du lg(mu)  ||d||  lg(rg) alpha_du alpha_pr  ls
  20  9.7747011e+04 4.93e-06 2.86e-06  -3.8 1.25e-01    -  1.00e+00 1.00e+00h  1
  21  9.7746938e+04 8.60e-09 9.23e-09  -3.8 3.18e-03    -  1.00e+00 1.00e+00h  1
  22  9.6121378e+04 5.58e-04 8.05e+00  -5.7 1.57e+00  -7.3 7.78e-01 6.00e-01f  1
  23  9.5423949e+04 6.62e-04 5.04e+00  -5.7 1.40e+00    -  7.79e-01 5.98e-01h  1
  24  9.5251568e+04 4.76e-04 4.38e+00  -5.7 1.24e+00    -  8.90e-01 3.62e-01h  1
  25  9.5009777e+04 2.60e-03 8.82e-01  -5.7 9.79e-01  -7.8 7.48e-01 7.96e-01h  1
  26  9.4951781e+04 9.20e-04 1.05e-05  -5.7 3.38e-01  -8.3 1.00e+00 1.00e+00h  1
  27  9.4952116e+04 9.71e-07 1.35e-06  -5.7 4.31e-02    -  1.00e+00 1.00e+00h  1
  28  9.4952118e+04 7.17e-09 4.04e-08  -5.7 4.07e-03    -  1.00e+00 1.00e+00h  1
  29  9.4923342e+04 1.98e-04 2.01e-02  -8.6 1.82e-01  -7.9 8.15e-01 7.79e-01h  1
iter    objective    inf_pr   inf_du lg(mu)  ||d||  lg(rg) alpha_du alpha_pr  ls
  30  9.4916662e+04 1.30e-04 7.88e-04  -8.6 1.45e-01  -7.4 7.06e-01 7.60e-01h  1
  31  9.4914941e+04 5.77e-05 2.29e-03  -8.6 7.53e-02  -7.0 7.05e-01 7.74e-01h  1
  32  9.4914406e+04 1.02e-05 1.67e-03  -8.6 3.82e-02  -7.5 8.14e-01 1.00e+00h  1
  33  9.4914396e+04 3.13e-07 2.48e-04  -8.6 1.82e-02  -8.0 8.51e-01 1.00e+00h  1
  34  9.4914394e+04 2.76e-08 4.84e-09  -8.6 1.71e-02  -8.4 1.00e+00 1.00e+00h  1

Number of Iterations....: 34

                                   (scaled)                 (unscaled)
Objective...............:   9.4914393900835652e+00    9.4914393900835654e+04
Dual infeasibility......:   4.8376246844092712e-09    4.8376246844092711e-05
Constraint violation....:   2.7600400243077416e-08    2.7600400243077416e-08
Variable bound violation:   1.2846406782784925e-07    1.2846406782784925e-07
Complementarity.........:   4.1472854973565382e-09    4.1472854973565380e-05
Overall NLP error.......:   2.7600400243077416e-08    4.8376246844092711e-05


Number of objective function evaluations             = 35
Number of objective gradient evaluations             = 35
Number of equality constraint evaluations            = 35
Number of inequality constraint evaluations          = 35
Number of equality constraint Jacobian evaluations   = 35
Number of inequality constraint Jacobian evaluations = 35
Number of Lagrangian Hessian evaluations             = 34
Total seconds in IPOPT                               = 3.016

EXIT: Optimal Solution Found.
