This is Ipopt version 3.14.19, running with linear solver ma57.

Number of nonzeros in equality constraint Jacobian...:    60621
Number of nonzeros in inequality constraint Jacobian.:    14048
Number of nonzeros in Lagrangian Hessian.............:   105238

Total number of variables............................:    14974
                     variables with only lower bounds:        0
                variables with lower and upper bounds:    13738
                     variables with only upper bounds:        0
Total number of equality constraints.................:    11850
Total number of inequality constraints...............:     7951
        inequality constraints with only lower bounds:      730
   inequality constraints with lower and upper bounds:     1560
        inequality constraints with only upper bounds:     5661

iter    objective    inf_pr   inf_du lg(mu)  ||d||  lg(rg) alpha_du alpha_pr  ls
   0  9.3309743e+06 1.88e+01 1.00e+02  -1.0 0.00e+00    -  0.00e+00 0.00e+00   0
   1  9.3311529e+06 1.88e+01 9.97e+01  -1.0 1.75e+01  -4.0 1.13e-02 1.73e-05f  1
   2  7.3722882e+06 1.84e+01 9.93e+01  -1.0 1.86e+01  -4.5 1.58e-03 1.74e-02f  1
   3  7.1452502e+06 1.78e+01 9.77e+01  -1.0 1.56e+01    -  1.77e-02 3.70e-02f  1
   4  6.5631530e+06 1.67e+01 9.18e+01  -1.0 2.72e+01  -5.0 6.06e-02 5.79e-02f  1
   5  5.1179066e+06 1.36e+01 7.33e+01  -1.0 4.90e+01    -  2.00e-01 1.87e-01f  1
   6  2.5045403e+06 6.22e+00 4.54e+01  -1.0 1.11e+02    -  4.00e-01 5.43e-01f  1
   7  1.7549011e+06 5.92e-01 1.20e+01  -1.0 1.61e+02  -5.4 8.61e-01 9.05e-01h  1
   8  1.5297149e+06 5.91e-03 6.07e+01  -1.0 5.31e+01    -  7.98e-01 9.90e-01h  1
   9  1.4450610e+06 1.55e-03 7.76e+03  -1.0 2.22e+01  -5.9 7.48e-01 9.93e-01h  1
iter    objective    inf_pr   inf_du lg(mu)  ||d||  lg(rg) alpha_du alpha_pr  ls
  10  1.4288488e+06 1.37e-03 7.77e+04  -1.0 9.47e+00  -6.4 9.75e-01 1.00e+00h  1
  11  1.4281510e+06 6.96e-04 4.69e-03  -1.0 1.26e+00    -  1.00e+00 1.00e+00h  1
  12  4.1586386e+05 3.10e-04 1.45e+06  -2.5 3.89e+00  -5.1 8.50e-01 1.00e+00f  1
  13  3.4899599e+05 1.20e-03 1.37e+05  -2.5 2.30e+00    -  9.06e-01 1.00e+00f  1
  14  3.3480258e+05 1.81e-03 4.28e-03  -2.5 2.37e+00  -5.5 1.00e+00 1.00e+00h  1
  15  3.3409001e+05 1.88e-04 9.71e-04  -2.5 3.51e-01  -6.0 1.00e+00 1.00e+00h  1
  16  3.3408625e+05 1.01e-07 1.02e-06  -2.5 9.12e-02  -6.5 1.00e+00 1.00e+00h  1
  17  2.9807083e+05 1.19e-03 5.58e+04  -5.7 1.14e+00    -  7.60e-01 9.58e-01f  1
  18  2.9541454e+05 4.66e-03 2.04e+04  -5.7 2.75e+00  -7.0 6.79e-01 8.91e-01h  1
  19  2.9502742e+05 2.84e-03 6.59e+03  -5.7 2.85e+00    -  6.70e-01 5.67e-01h  1
iter    objective    inf_pr   inf_du lg(mu)  ||d||  lg(rg) alpha_du alpha_pr  ls
  20  2.9492591e+05 2.16e-03 2.50e+03  -5.7 2.03e+00    -  5.96e-01 2.97e-01h  1
  21  2.9478369e+05 1.34e-03 7.07e+02  -5.7 1.65e+00    -  6.98e-01 5.81e-01h  1
  22  2.9472248e+05 8.51e-04 8.22e+01  -5.7 1.30e+00    -  8.43e-01 6.70e-01h  1
  23  2.9471061e+05 5.17e-04 2.96e+01  -5.7 7.19e-01  -7.4 1.00e+00 4.62e-01h  1
  24  2.9470031e+05 6.43e-04 3.31e+00  -5.7 4.63e-01  -7.9 1.00e+00 8.88e-01h  1
  25  2.9470020e+05 2.52e-05 1.10e-06  -5.7 7.76e-02  -8.4 1.00e+00 1.00e+00h  1
  26  2.9470023e+05 2.11e-08 6.52e-09  -5.7 4.19e-03    -  1.00e+00 1.00e+00h  1
  27  2.9467687e+05 3.43e-04 1.23e+01  -8.6 1.07e-01    -  7.37e-01 8.04e-01h  1
  28  2.9467190e+05 1.39e-04 5.59e+00  -8.6 8.69e-02  -8.9 7.38e-01 8.04e-01h  1
  29  2.9467057e+05 8.24e-06 3.29e+00  -8.6 5.69e-02  -7.5 7.26e-01 9.74e-01h  1
iter    objective    inf_pr   inf_du lg(mu)  ||d||  lg(rg) alpha_du alpha_pr  ls
  30  2.9467052e+05 9.15e-06 5.62e-01  -8.6 3.00e-02  -7.1 8.27e-01 7.87e-01h  1
  31  2.9467049e+05 2.15e-07 9.18e-02  -8.6 3.08e-02  -7.6 8.47e-01 1.00e+00h  1
  32  2.9467049e+05 3.61e-08 9.16e-09  -8.6 1.19e-02  -7.2 1.00e+00 1.00e+00h  1

Number of Iterations....: 32

                                   (scaled)                 (unscaled)
Objective...............:   2.9467049382558297e+01    2.9467049382558296e+05
Dual infeasibility......:   9.1622113615527617e-09    9.1622113615527615e-05
Constraint violation....:   3.6053903224031458e-08    3.6053903224031458e-08
Variable bound violation:   1.2883785771578005e-07    1.2883785771578005e-07
Complementarity.........:   4.1288735909782218e-09    4.1288735909782218e-05
Overall NLP error.......:   3.6053903224031458e-08    9.1622113615527615e-05


Number of objective function evaluations             = 33
Number of objective gradient evaluations             = 33
Number of equality constraint evaluations            = 33
Number of inequality constraint evaluations          = 33
Number of equality constraint Jacobian evaluations   = 33
Number of inequality constraint Jacobian evaluations = 33
Number of Lagrangian Hessian evaluations             = 32
Total seconds in IPOPT                               = 3.127

EXIT: Optimal Solution Found.
