This is Ipopt version 3.14.19, running with linear solver ma57.

Number of nonzeros in equality constraint Jacobian...:    61511
Number of nonzeros in inequality constraint Jacobian.:    15828
Number of nonzeros in Lagrangian Hessian.............:   105683

Total number of variables............................:    15864
                     variables with only lower bounds:        0
                variables with lower and upper bounds:    14628
                     variables with only upper bounds:        0
Total number of equality constraints.................:    11850
Total number of inequality constraints...............:     7951
        inequality constraints with only lower bounds:      730
   inequality constraints with lower and upper bounds:     1560
        inequality constraints with only upper bounds:     5661

iter    objective    inf_pr   inf_du lg(mu)  ||d||  lg(rg) alpha_du alpha_pr  ls
   0  1.3859117e+07 1.50e+01 1.00e+02  -1.0 0.00e+00    -  0.00e+00 0.00e+00   0
   1  1.3859287e+07 1.50e+01 9.98e+01  -1.0 1.63e+01    -  1.06e-02 2.43e-05f  1
   2  1.1159228e+07 1.48e+01 9.94e+01  -1.0 1.91e+01  -4.0 1.51e-03 1.62e-02f  1
   3  1.1156829e+07 1.43e+01 9.68e+01  -1.0 1.55e+01  -4.5 2.64e-02 3.48e-02f  1
   4  1.0287440e+07 1.32e+01 9.56e+01  -1.0 2.53e+01    -  1.55e-02 7.20e-02f  1
   5  9.2584884e+06 1.17e+01 8.99e+01  -1.0 5.21e+01    -  6.33e-02 1.13e-01f  1
   6  6.7189523e+06 9.09e+00 7.56e+01  -1.0 8.78e+01    -  1.65e-01 2.26e-01f  1
   7  3.7206127e+06 4.37e+00 1.96e+01  -1.0 1.43e+02    -  7.41e-01 5.19e-01f  1
   8  1.8027279e+06 4.56e-01 3.55e+00  -1.0 1.76e+02    -  8.75e-01 8.96e-01f  1
   9  1.3741773e+06 1.48e-01 3.53e+00  -1.0 1.87e+02    -  9.89e-01 1.00e+00f  1
iter    objective    inf_pr   inf_du lg(mu)  ||d||  lg(rg) alpha_du alpha_pr  ls
  10  1.3444179e+06 1.79e-02 4.70e-01  -1.0 5.31e+01  -5.0 1.00e+00 1.00e+00h  1
  11  1.3396720e+06 2.44e-03 1.65e-02  -1.0 9.27e+00  -5.4 1.00e+00 1.00e+00h  1
  12  4.5684710e+05 3.38e-03 7.18e-02  -1.7 2.58e+01  -5.9 1.00e+00 1.00e+00f  1
  13  3.9854102e+05 2.11e-03 5.94e-03  -1.7 1.66e+01  -6.4 1.00e+00 1.00e+00h  1
  14  3.9695034e+05 1.73e-05 6.13e-05  -1.7 1.76e+00    -  1.00e+00 1.00e+00h  1
  15  1.7911561e+05 3.15e-03 4.45e+02  -2.5 1.77e+01    -  9.15e-01 1.00e+00f  1
  16  1.6052093e+05 6.04e-03 2.01e-02  -2.5 8.58e+00  -6.9 1.00e+00 1.00e+00h  1
  17  1.5844981e+05 4.17e-04 9.39e-04  -2.5 7.02e+00    -  1.00e+00 1.00e+00h  1
  18  1.5843378e+05 1.83e-06 1.15e-05  -2.5 3.10e-01  -7.3 1.00e+00 1.00e+00h  1
  19  1.2796801e+05 4.25e-03 1.45e+01  -3.8 1.87e+01  -7.8 7.30e-01 7.13e-01f  1
iter    objective    inf_pr   inf_du lg(mu)  ||d||  lg(rg) alpha_du alpha_pr  ls
  20  1.2098749e+05 4.22e-03 7.09e+01  -3.8 2.63e+01  -8.3 7.24e-01 4.37e-01h  1
  21  1.1592136e+05 4.84e-03 4.00e+01  -3.8 1.93e+01    -  6.03e-01 5.13e-01h  1
  22  1.1244516e+05 3.65e-03 1.73e+01  -3.8 8.15e+00  -8.8 9.43e-01 7.09e-01h  1
  23  1.1095329e+05 1.10e-03 2.26e-03  -3.8 3.08e+00  -9.2 1.00e+00 1.00e+00h  1
  24  1.1095995e+05 3.97e-05 4.19e-05  -3.8 4.86e-01  -9.7 1.00e+00 1.00e+00h  1
  25  1.1095999e+05 6.90e-07 6.10e-07  -3.8 4.21e-02    -  1.00e+00 1.00e+00h  1
  26  1.0935224e+05 1.12e-03 6.52e+00  -5.7 6.10e+00 -10.2 6.56e-01 5.11e-01f  1
  27  1.0818695e+05 2.07e-03 4.05e-01  -5.7 4.61e+00    -  5.50e-01 7.02e-01h  1
  28  1.0795000e+05 1.16e-03 2.19e+00  -5.7 2.15e+00  -9.8 7.87e-01 4.41e-01h  1
  29  1.0784916e+05 9.52e-04 2.14e+00  -5.7 1.57e+00    -  7.42e-01 3.12e-01h  1
iter    objective    inf_pr   inf_du lg(mu)  ||d||  lg(rg) alpha_du alpha_pr  ls
  30  1.0768455e+05 8.67e-04 5.60e-01  -5.7 1.24e+00    -  6.79e-01 7.29e-01h  1
  31  1.0762627e+05 3.53e-04 2.76e-05  -5.7 4.35e-01    -  1.00e+00 1.00e+00h  1
  32  1.0762655e+05 4.25e-06 4.48e-07  -5.7 1.01e-01    -  1.00e+00 1.00e+00h  1
  33  1.0762655e+05 2.50e-08 3.25e-09  -5.7 3.79e-03    -  1.00e+00 1.00e+00h  1
  34  1.0758564e+05 9.82e-04 2.92e-02  -8.6 2.91e-01    -  7.88e-01 8.40e-01h  1
  35  1.0757796e+05 1.41e-03 2.17e-02  -8.6 1.77e-01    -  6.96e-01 8.40e-01h  1
  36  1.0757705e+05 6.57e-04 4.01e-03  -8.6 7.59e-02    -  7.03e-01 5.33e-01h  1
  37  1.0757629e+05 6.16e-05 1.73e-03  -8.6 6.08e-02    -  7.80e-01 9.07e-01h  1
  38  1.0757620e+05 4.66e-05 7.69e-04  -8.6 5.94e-02    -  6.55e-01 9.33e-01h  1
  39  1.0757620e+05 4.40e-05 3.65e-04  -8.6 7.15e-02    -  1.00e+00 5.00e-01f  2
iter    objective    inf_pr   inf_du lg(mu)  ||d||  lg(rg) alpha_du alpha_pr  ls
  40  1.0757619e+05 1.70e-05 1.28e-08  -8.6 3.15e-02 -10.3 1.00e+00 1.00e+00h  1

Number of Iterations....: 40

                                   (scaled)                 (unscaled)
Objective...............:   1.0757619484539180e+01    1.0757619484539180e+05
Dual infeasibility......:   1.2758265991835674e-08    1.2758265991835675e-04
Constraint violation....:   1.6994536524261861e-05    1.6994536524261861e-05
Variable bound violation:   1.2594238718577344e-07    1.2594238718577344e-07
Complementarity.........:   3.0848449675504224e-09    3.0848449675504223e-05
Overall NLP error.......:   1.6994536524261861e-05    1.2758265991835675e-04


Number of objective function evaluations             = 42
Number of objective gradient evaluations             = 41
Number of equality constraint evaluations            = 42
Number of inequality constraint evaluations          = 42
Number of equality constraint Jacobian evaluations   = 41
Number of inequality constraint Jacobian evaluations = 41
Number of Lagrangian Hessian evaluations             = 40
Total seconds in IPOPT                               = 2.842

EXIT: Optimal Solution Found.
