This is Ipopt version 3.14.19, running with linear solver ma57.

Number of nonzeros in equality constraint Jacobian...:    61511
Number of nonzeros in inequality constraint Jacobian.:    15828
Number of nonzeros in Lagrangian Hessian.............:   105683

Total number of variables............................:    15864
                     variables with only lower bounds:        0
                variables with lower and upper bounds:    14628
                     variables with only upper bounds:        0
Total number of equality constraints.................:    11850
Total number of inequality constraints...............:     7951
        inequality constraints with only lower bounds:      730
   inequality constraints with lower and upper bounds:     1560
        inequality constraints with only upper bounds:     5661

iter    objective    inf_pr   inf_du lg(mu)  ||d||  lg(rg) alpha_du alpha_pr  ls
   0  1.1690174e+07 1.88e+01 1.00e+02  -1.0 0.00e+00    -  0.00e+00 0.00e+00   0
   1  1.1690429e+07 1.88e+01 9.98e+01  -1.0 1.95e+01    -  1.06e-02 2.25e-05f  1
   2  9.1079432e+06 1.85e+01 9.94e+01  -1.0 2.07e+01  -4.0 1.66e-03 1.61e-02f  1
   3  8.9584182e+06 1.78e+01 9.80e+01  -1.0 1.72e+01  -4.5 1.59e-02 3.62e-02f  1
   4  8.1551670e+06 1.69e+01 9.34e+01  -1.0 3.15e+01  -5.0 4.73e-02 5.19e-02f  1
   5  6.6685342e+06 1.42e+01 8.83e+01  -1.0 5.56e+01  -5.4 6.22e-02 1.60e-01f  1
   6  4.5760722e+06 1.05e+01 6.93e+01  -1.0 1.14e+02    -  2.19e-01 2.57e-01f  1
   7  2.6342092e+06 4.34e+00 1.76e+01  -1.0 1.59e+02    -  7.43e-01 5.89e-01f  1
   8  1.7794131e+06 2.76e-01 1.11e+00  -1.0 1.46e+02    -  9.57e-01 9.36e-01f  1
   9  1.6191892e+06 1.14e-02 5.53e+01  -1.0 3.86e+01    -  9.17e-01 1.00e+00f  1
iter    objective    inf_pr   inf_du lg(mu)  ||d||  lg(rg) alpha_du alpha_pr  ls
  10  1.5690186e+06 1.83e-03 1.95e+04  -1.0 1.77e+01    -  3.42e-01 1.00e+00h  1
  11  1.5677454e+06 7.68e-04 1.45e+01  -1.0 2.47e+00    -  9.99e-01 1.00e+00h  1
  12  1.5679851e+06 5.72e-04 1.71e-03  -1.0 1.50e+00    -  1.00e+00 1.00e+00h  1
  13  5.0708985e+05 6.96e-04 4.42e+03  -2.5 7.95e+00  -5.9 8.50e-01 1.00e+00f  1
  14  4.2613314e+05 1.94e-03 3.80e+02  -2.5 7.20e+00  -6.4 9.14e-01 1.00e+00f  1
  15  4.0400671e+05 1.91e-03 7.98e-03  -2.5 3.92e+00    -  1.00e+00 1.00e+00h  1
  16  4.0214911e+05 7.02e-05 3.48e-04  -2.5 4.50e-01  -6.9 1.00e+00 1.00e+00h  1
  17  3.6164587e+05 1.47e-03 1.36e+02  -3.8 2.43e+00    -  8.33e-01 1.00e+00f  1
  18  3.5937216e+05 3.21e-03 1.48e+01  -3.8 2.70e+00  -7.3 8.91e-01 7.51e-01h  1
  19  3.5841656e+05 2.40e-03 3.47e-02  -3.8 3.29e+00    -  1.00e+00 8.39e-01h  1
iter    objective    inf_pr   inf_du lg(mu)  ||d||  lg(rg) alpha_du alpha_pr  ls
  20  3.5825848e+05 1.33e-04 4.46e-05  -3.8 1.08e+00  -7.8 1.00e+00 1.00e+00h  1
  21  3.5825970e+05 5.97e-06 1.63e-06  -3.8 1.16e-01    -  1.00e+00 1.00e+00h  1
  22  3.5825968e+05 8.04e-09 1.51e-09  -3.8 3.58e-03  -8.3 1.00e+00 1.00e+00h  1
  23  3.5629433e+05 5.20e-04 4.47e+00  -5.7 1.46e+00    -  8.03e-01 7.03e-01f  1
  24  3.5592213e+05 5.26e-04 5.65e+00  -5.7 1.68e+00  -8.8 7.52e-01 4.12e-01h  1
  25  3.5555790e+05 3.84e-03 2.26e+00  -5.7 1.49e+00  -9.2 8.65e-01 6.75e-01h  1
  26  3.5542478e+05 5.00e-03 5.90e-01  -5.7 9.32e-01  -9.7 1.00e+00 7.69e-01h  1
  27  3.5538651e+05 8.15e-05 1.42e-05  -5.7 3.63e-01 -10.2 1.00e+00 1.00e+00h  1
  28  3.5538682e+05 9.74e-07 1.07e-06  -5.7 4.40e-02 -10.7 1.00e+00 1.00e+00h  1
  29  3.5538682e+05 7.35e-10 8.11e-10  -5.7 1.09e-03    -  1.00e+00 1.00e+00h  1
iter    objective    inf_pr   inf_du lg(mu)  ||d||  lg(rg) alpha_du alpha_pr  ls
  30  3.5535525e+05 5.70e-05 2.82e-03  -8.6 2.93e-01 -11.2 8.25e-01 8.30e-01f  1
  31  3.5535133e+05 3.34e-05 1.45e-02  -8.6 1.83e-01 -11.6 7.16e-01 5.54e-01h  1
  32  3.5534860e+05 1.20e-05 1.10e-03  -8.6 1.20e-01 -12.1 7.06e-01 8.32e-01h  1
  33  3.5534815e+05 2.06e-05 6.68e-04  -8.6 3.93e-02    -  7.37e-01 7.91e-01h  1
  34  3.5534807e+05 1.33e-06 4.69e-04  -8.6 4.06e-02 -12.6 9.68e-01 6.79e-01h  1
  35  3.5534802e+05 3.67e-07 8.13e-08  -8.6 2.53e-02 -13.1 1.00e+00 1.00e+00f  1

Number of Iterations....: 35

                                   (scaled)                 (unscaled)
Objective...............:   3.5534802295099418e+01    3.5534802295099414e+05
Dual infeasibility......:   8.1299226612884154e-08    8.1299226612884152e-04
Constraint violation....:   3.6671729336523740e-07    3.6671729336523740e-07
Variable bound violation:   1.2912065372461257e-07    1.2912065372461257e-07
Complementarity.........:   5.2793585226183470e-09    5.2793585226183467e-05
Overall NLP error.......:   3.6671729336523740e-07    8.1299226612884152e-04


Number of objective function evaluations             = 36
Number of objective gradient evaluations             = 36
Number of equality constraint evaluations            = 36
Number of inequality constraint evaluations          = 36
Number of equality constraint Jacobian evaluations   = 36
Number of inequality constraint Jacobian evaluations = 36
Number of Lagrangian Hessian evaluations             = 35
Total seconds in IPOPT                               = 2.764

EXIT: Optimal Solution Found.
