This is Ipopt version 3.14.19, running with linear solver ma57.

Number of nonzeros in equality constraint Jacobian...:    60621
Number of nonzeros in inequality constraint Jacobian.:    14048
Number of nonzeros in Lagrangian Hessian.............:   105238

Total number of variables............................:    14974
                     variables with only lower bounds:        0
                variables with lower and upper bounds:    13738
                     variables with only upper bounds:        0
Total number of equality constraints.................:    11850
Total number of inequality constraints...............:     7951
        inequality constraints with only lower bounds:      730
   inequality constraints with lower and upper bounds:     1560
        inequality constraints with only upper bounds:     5661

iter    objective    inf_pr   inf_du lg(mu)  ||d||  lg(rg) alpha_du alpha_pr  ls
   0  8.3696647e+06 1.88e+01 1.00e+02  -1.0 0.00e+00    -  0.00e+00 0.00e+00   0
   1  8.3696143e+06 1.88e+01 9.95e+01  -1.0 1.72e+01    -  1.24e-02 1.59e-05f  1
   2  6.5785275e+06 1.84e+01 9.92e+01  -1.0 1.80e+01    -  1.94e-03 1.84e-02f  1
   3  6.4011217e+06 1.76e+01 9.77e+01  -1.0 1.54e+01  -4.0 1.81e-02 4.40e-02f  1
   4  5.8345777e+06 1.66e+01 9.24e+01  -1.0 2.98e+01  -4.5 5.39e-02 5.79e-02f  1
   5  4.6167392e+06 1.34e+01 7.39e+01  -1.0 5.08e+01    -  1.99e-01 1.90e-01f  1
   6  2.3841457e+06 6.66e+00 4.55e+01  -1.0 1.13e+02  -5.0 4.00e-01 5.04e-01f  1
   7  1.5850168e+06 1.62e-01 1.40e+01  -1.0 1.60e+02  -5.4 8.51e-01 9.79e-01h  1
   8  1.3782506e+06 3.11e-03 2.39e+02  -1.0 4.80e+01    -  8.08e-01 9.90e-01h  1
   9  1.3070050e+06 1.60e-03 3.06e+04  -1.0 2.13e+01  -5.9 7.66e-01 1.00e+00h  1
iter    objective    inf_pr   inf_du lg(mu)  ||d||  lg(rg) alpha_du alpha_pr  ls
  10  1.2927531e+06 1.64e-03 8.46e+04  -1.0 9.14e+00  -6.4 9.91e-01 1.00e+00h  1
  11  1.2917598e+06 7.17e-04 4.47e-03  -1.0 1.48e+00    -  1.00e+00 1.00e+00h  1
  12  2.9007049e+05 8.63e-04 1.45e+06  -2.5 5.33e+00    -  8.50e-01 1.00e+00f  1
  13  2.2155235e+05 1.11e-03 1.38e+05  -2.5 2.20e+00    -  9.05e-01 1.00e+00f  1
  14  2.0761392e+05 2.17e-03 6.47e-03  -2.5 3.00e+00  -6.9 1.00e+00 1.00e+00h  1
  15  2.0717398e+05 1.04e-04 9.19e-04  -2.5 2.63e-01    -  1.00e+00 1.00e+00h  1
  16  1.7189393e+05 1.28e-03 5.50e+04  -3.8 1.13e+00    -  7.88e-01 9.93e-01f  1
  17  1.7049600e+05 4.21e-03 4.21e+03  -3.8 2.41e+00  -7.3 9.26e-01 1.00e+00h  1
  18  1.7024799e+05 2.64e-03 2.31e-03  -3.8 1.91e+00    -  1.00e+00 9.47e-01h  1
  19  1.7026488e+05 2.14e-04 7.61e-05  -3.8 3.96e-01    -  1.00e+00 1.00e+00h  1
iter    objective    inf_pr   inf_du lg(mu)  ||d||  lg(rg) alpha_du alpha_pr  ls
  20  1.7026282e+05 1.03e-05 3.01e-06  -3.8 1.64e-01    -  1.00e+00 1.00e+00h  1
  21  1.7026273e+05 3.39e-08 1.31e-08  -3.8 8.29e-03  -7.8 1.00e+00 1.00e+00h  1
  22  1.6911328e+05 3.63e-04 4.36e+03  -5.7 1.53e+00  -8.3 8.14e-01 5.21e-01f  1
  23  1.6854967e+05 7.05e-04 2.83e+03  -5.7 1.26e+00    -  7.79e-01 5.17e-01h  1
  24  1.6816632e+05 9.47e-04 9.05e+02  -5.7 1.11e+00    -  9.48e-01 7.27e-01h  1
  25  1.6808523e+05 8.01e-04 3.93e+02  -5.7 5.11e-01  -8.8 1.00e+00 5.80e-01h  1
  26  1.6802890e+05 3.27e-04 1.28e-05  -5.7 3.61e-01    -  1.00e+00 1.00e+00h  1
  27  1.6802935e+05 6.83e-05 8.42e-07  -5.7 5.68e-02    -  1.00e+00 1.00e+00h  1
  28  1.6802935e+05 2.04e-06 3.73e-08  -5.7 6.23e-03    -  1.00e+00 1.00e+00h  1
  29  1.6802935e+05 2.50e-11 1.85e-11  -5.7 8.58e-05  -9.2 1.00e+00 1.00e+00h  1
iter    objective    inf_pr   inf_du lg(mu)  ||d||  lg(rg) alpha_du alpha_pr  ls
  30  1.6800984e+05 2.25e-04 2.73e+01  -8.6 1.45e-01    -  8.23e-01 6.74e-01f  1
  31  1.6800137e+05 2.47e-04 1.31e+00  -8.6 7.44e-02  -9.7 6.82e-01 8.49e-01h  1
  32  1.6800014e+05 5.95e-05 8.86e-01  -8.6 5.19e-02  -7.5 7.25e-01 7.82e-01h  1
  33  1.6799983e+05 1.06e-05 1.79e-01  -8.6 3.35e-02    -  8.21e-01 8.31e-01h  1
  34  1.6799976e+05 1.78e-07 4.59e-08  -8.6 2.52e-02    -  1.00e+00 1.00e+00h  1
  35  1.6799976e+05 1.26e-08 6.54e-09  -8.6 1.36e-02    -  1.00e+00 1.00e+00h  1

Number of Iterations....: 35

                                   (scaled)                 (unscaled)
Objective...............:   1.6799975986506226e+01    1.6799975986506225e+05
Dual infeasibility......:   6.5359650944933662e-09    6.5359650944933666e-05
Constraint violation....:   1.2598253135154280e-08    1.2598253135154280e-08
Variable bound violation:   1.2878718713693615e-07    1.2878718713693615e-07
Complementarity.........:   3.8263111252779701e-09    3.8263111252779697e-05
Overall NLP error.......:   1.2598253135154280e-08    6.5359650944933666e-05


Number of objective function evaluations             = 36
Number of objective gradient evaluations             = 36
Number of equality constraint evaluations            = 36
Number of inequality constraint evaluations          = 36
Number of equality constraint Jacobian evaluations   = 36
Number of inequality constraint Jacobian evaluations = 36
Number of Lagrangian Hessian evaluations             = 35
Total seconds in IPOPT                               = 2.582

EXIT: Optimal Solution Found.
