This is Ipopt version 3.14.19, running with linear solver ma57.

Number of nonzeros in equality constraint Jacobian...:    60621
Number of nonzeros in inequality constraint Jacobian.:    14048
Number of nonzeros in Lagrangian Hessian.............:   105238

Total number of variables............................:    14974
                     variables with only lower bounds:        0
                variables with lower and upper bounds:    13738
                     variables with only upper bounds:        0
Total number of equality constraints.................:    11850
Total number of inequality constraints...............:     7951
        inequality constraints with only lower bounds:      730
   inequality constraints with lower and upper bounds:     1560
        inequality constraints with only upper bounds:     5661

iter    objective    inf_pr   inf_du lg(mu)  ||d||  lg(rg) alpha_du alpha_pr  ls
   0  1.5558883e+07 1.88e+01 1.00e+02  -1.0 0.00e+00    -  0.00e+00 0.00e+00   0
   1  1.5561473e+07 1.88e+01 1.00e+02  -1.0 1.83e+01  -4.0 8.20e-03 2.53e-05f  1
   2  1.2830082e+07 1.85e+01 9.96e+01  -1.0 2.09e+01  -4.5 9.24e-04 1.44e-02f  1
   3  1.2221304e+07 1.81e+01 9.79e+01  -1.0 1.68e+01    -  1.76e-02 2.12e-02f  1
   4  1.1453218e+07 1.71e+01 9.07e+01  -1.0 2.12e+01  -5.0 7.36e-02 5.30e-02f  1
   5  8.2128847e+06 1.38e+01 7.92e+01  -1.0 4.46e+01  -5.4 1.30e-01 1.96e-01f  1
   6  4.5324639e+06 7.84e+00 4.04e+01  -1.0 1.11e+02    -  4.88e-01 4.31e-01f  1
   7  2.9842144e+06 3.39e+00 1.19e+01  -1.0 1.57e+02    -  7.11e-01 5.67e-01f  1
   8  2.5051221e+06 5.37e-01 6.09e+00  -1.0 1.05e+02    -  9.41e-01 8.42e-01h  1
   9  2.2919962e+06 1.26e-02 9.37e-01  -1.0 3.62e+01  -5.9 9.91e-01 9.90e-01h  1
iter    objective    inf_pr   inf_du lg(mu)  ||d||  lg(rg) alpha_du alpha_pr  ls
  10  2.2450638e+06 1.92e-03 3.43e+03  -1.0 1.52e+01    -  1.00e+00 9.02e-01h  1
  11  2.2480381e+06 1.80e-03 6.59e-02  -1.0 2.38e+00    -  1.00e+00 1.00e+00h  1
  12  1.1928814e+06 1.66e-03 1.45e+04  -2.5 5.94e+00    -  8.41e-01 9.93e-01f  1
  13  1.1251315e+06 1.09e-03 1.43e+03  -2.5 4.86e+00  -6.4 9.02e-01 9.07e-01f  1
  14  1.1020282e+06 2.02e-03 4.74e-02  -2.5 3.10e+00    -  1.00e+00 1.00e+00h  1
  15  1.0996895e+06 2.05e-04 1.14e-03  -2.5 5.78e-01    -  1.00e+00 1.00e+00h  1
  16  1.0622205e+06 2.21e-03 6.12e+04  -3.8 2.01e+00  -6.9 7.72e-01 1.00e+00f  1
  17  1.0607150e+06 3.87e-03 8.63e+03  -3.8 2.34e+00  -7.3 8.59e-01 7.47e-01h  1
  18  1.0603644e+06 2.24e-03 3.89e+02  -3.8 2.39e+00  -7.8 9.55e-01 4.93e-01h  1
  19  1.0600267e+06 5.30e-04 4.78e-04  -3.8 1.29e+00    -  1.00e+00 1.00e+00h  1
iter    objective    inf_pr   inf_du lg(mu)  ||d||  lg(rg) alpha_du alpha_pr  ls
  20  1.0600489e+06 6.23e-05 2.03e-04  -3.8 4.34e-01  -8.3 1.00e+00 1.00e+00h  1
  21  1.0600480e+06 3.67e-06 1.23e-05  -3.8 5.56e-02    -  1.00e+00 1.00e+00h  1
  22  1.0585076e+06 2.72e-04 9.22e+02  -5.7 1.53e+00    -  7.17e-01 6.55e-01f  1
  23  1.0579244e+06 5.55e-04 4.75e+02  -5.7 1.19e+00    -  7.49e-01 7.01e-01h  1
  24  1.0577818e+06 6.03e-04 4.87e+02  -5.7 7.22e-01    -  8.33e-01 5.67e-01h  1
  25  1.0577174e+06 1.31e-03 2.75e+02  -5.7 6.30e-01    -  1.00e+00 5.85e-01h  1
  26  1.0576720e+06 1.59e-03 1.54e-05  -5.7 3.71e-01    -  1.00e+00 1.00e+00h  1
  27  1.0576726e+06 2.00e-05 1.35e-06  -5.7 3.19e-02    -  1.00e+00 1.00e+00h  1
  28  1.0576726e+06 5.12e-08 3.58e-09  -5.7 2.77e-03    -  1.00e+00 1.00e+00h  1
  29  1.0576458e+06 9.18e-04 1.57e+01  -8.6 2.61e-01    -  7.82e-01 8.67e-01h  1
iter    objective    inf_pr   inf_du lg(mu)  ||d||  lg(rg) alpha_du alpha_pr  ls
  30  1.0576419e+06 6.60e-04 6.79e+00  -8.6 1.55e-01  -8.8 7.40e-01 8.51e-01h  1
  31  1.0576412e+06 1.51e-03 2.23e+00  -8.6 7.41e-02  -9.2 7.45e-01 8.81e-01h  1
  32  1.0576411e+06 1.04e-06 6.97e-01  -8.6 3.59e-02  -9.7 7.38e-01 1.00e+00h  1
  33  1.0576411e+06 7.49e-08 4.52e-02  -8.6 2.59e-02    -  9.35e-01 1.00e+00h  1
  34  1.0576411e+06 9.39e-09 3.77e-09  -8.6 2.05e-02    -  1.00e+00 1.00e+00h  1

Number of Iterations....: 34

                                   (scaled)                 (unscaled)
Objective...............:   1.0576410520417473e+02    1.0576410520417471e+06
Dual infeasibility......:   3.7697403743593564e-09    3.7697403743593566e-05
Constraint violation....:   4.4496731777712393e-09    9.3857426969323754e-09
Variable bound violation:   1.3020351730119728e-07    1.3020351730119728e-07
Complementarity.........:   3.7090218799421765e-09    3.7090218799421763e-05
Overall NLP error.......:   4.4496731777712393e-09    3.7697403743593566e-05


Number of objective function evaluations             = 35
Number of objective gradient evaluations             = 35
Number of equality constraint evaluations            = 35
Number of inequality constraint evaluations          = 35
Number of equality constraint Jacobian evaluations   = 35
Number of inequality constraint Jacobian evaluations = 35
Number of Lagrangian Hessian evaluations             = 34
Total seconds in IPOPT                               = 2.334

EXIT: Optimal Solution Found.
