This is Ipopt version 3.14.19, running with linear solver ma57.

Number of nonzeros in equality constraint Jacobian...:    60621
Number of nonzeros in inequality constraint Jacobian.:    14048
Number of nonzeros in Lagrangian Hessian.............:   105238

Total number of variables............................:    14974
                     variables with only lower bounds:        0
                variables with lower and upper bounds:    13738
                     variables with only upper bounds:        0
Total number of equality constraints.................:    11850
Total number of inequality constraints...............:     7951
        inequality constraints with only lower bounds:      730
   inequality constraints with lower and upper bounds:     1560
        inequality constraints with only upper bounds:     5661

iter    objective    inf_pr   inf_du lg(mu)  ||d||  lg(rg) alpha_du alpha_pr  ls
   0  8.9957832e+06 1.88e+01 1.00e+02  -1.0 0.00e+00    -  0.00e+00 0.00e+00   0
   1  8.9958174e+06 1.88e+01 9.96e+01  -1.0 1.72e+01  -4.0 1.20e-02 1.63e-05f  1
   2  7.1492008e+06 1.84e+01 9.92e+01  -1.0 1.81e+01    -  1.82e-03 1.79e-02f  1
   3  6.9541698e+06 1.77e+01 9.77e+01  -1.0 1.53e+01    -  1.81e-02 4.15e-02f  1
   4  6.3559948e+06 1.66e+01 9.22e+01  -1.0 2.80e+01  -4.5 5.58e-02 5.75e-02f  1
   5  4.9880931e+06 1.35e+01 7.05e+01  -1.0 4.93e+01  -5.0 2.33e-01 1.90e-01f  1
   6  2.3155803e+06 5.79e+00 4.65e+01  -1.0 1.12e+02  -5.4 3.68e-01 5.71e-01f  1
   7  1.6751319e+06 2.39e-01 1.22e+01  -1.0 1.61e+02  -5.9 8.70e-01 9.59e-01h  1
   8  1.4440460e+06 3.67e-03 2.34e+02  -1.0 4.12e+01    -  6.91e-01 9.90e-01h  1
   9  1.3719445e+06 1.23e-03 1.85e+04  -1.0 2.00e+01  -5.5 7.62e-01 9.98e-01h  1
iter    objective    inf_pr   inf_du lg(mu)  ||d||  lg(rg) alpha_du alpha_pr  ls
  10  1.3552152e+06 1.03e-03 7.01e+04  -1.0 9.31e+00  -5.1 9.91e-01 1.00e+00h  1
  11  1.3537637e+06 5.55e-04 4.56e-03  -1.0 1.81e+00  -5.5 1.00e+00 1.00e+00h  1
  12  3.5091607e+05 8.73e-04 1.45e+06  -2.5 5.04e+00    -  8.50e-01 1.00e+00f  1
  13  2.8438774e+05 1.12e-03 1.83e+05  -2.5 2.52e+00    -  8.74e-01 1.00e+00f  1
  14  2.7100549e+05 1.81e-03 6.10e-03  -2.5 2.63e+00  -6.0 1.00e+00 1.00e+00h  1
  15  2.7020147e+05 1.89e-04 1.18e-03  -2.5 3.10e-01  -6.5 1.00e+00 1.00e+00h  1
  16  2.7020540e+05 6.71e-08 7.11e-07  -2.5 5.36e-02    -  1.00e+00 1.00e+00h  1
  17  2.3476732e+05 1.32e-03 6.24e+04  -5.7 1.15e+00  -7.0 7.27e-01 9.48e-01f  1
  18  2.3178352e+05 4.17e-03 2.22e+04  -5.7 2.55e+00  -7.4 6.94e-01 9.01e-01h  1
  19  2.3135328e+05 2.89e-03 7.36e+03  -5.7 2.84e+00    -  6.64e-01 6.03e-01h  1
iter    objective    inf_pr   inf_du lg(mu)  ||d||  lg(rg) alpha_du alpha_pr  ls
  20  2.3125233e+05 2.20e-03 2.02e+03  -5.7 1.98e+00    -  6.95e-01 2.97e-01h  1
  21  2.3109874e+05 1.65e-03 6.59e+02  -5.7 1.69e+00    -  6.65e-01 6.23e-01h  1
  22  2.3106817e+05 1.20e-03 4.04e+01  -5.7 1.30e+00  -7.9 8.37e-01 4.00e-01h  1
  23  2.3103456e+05 7.15e-04 2.44e+01  -5.7 9.74e-01  -8.4 1.00e+00 7.34e-01h  1
  24  2.3103125e+05 5.11e-04 1.34e+01  -5.7 3.96e-01  -8.9 1.00e+00 4.51e-01h  1
  25  2.3102806e+05 1.03e-04 9.65e-06  -5.7 2.34e-01  -9.4 1.00e+00 1.00e+00h  1
  26  2.3102836e+05 5.40e-07 5.25e-08  -5.7 1.48e-02  -8.9 1.00e+00 1.00e+00h  1
  27  2.3102836e+05 1.32e-10 3.18e-11  -5.7 2.12e-04    -  1.00e+00 1.00e+00h  1
  28  2.3100923e+05 2.57e-04 2.18e+01  -8.6 1.49e-01  -9.4 7.80e-01 6.62e-01f  1
  29  2.3100032e+05 2.99e-04 3.46e+00  -8.6 8.45e-02    -  7.09e-01 8.66e-01h  1
iter    objective    inf_pr   inf_du lg(mu)  ||d||  lg(rg) alpha_du alpha_pr  ls
  30  2.3099916e+05 6.70e-05 1.27e+00  -8.6 5.27e-02    -  7.43e-01 7.88e-01h  1
  31  2.3099883e+05 7.75e-06 4.64e-01  -8.6 3.49e-02  -9.9 8.08e-01 9.34e-01h  1
  32  2.3099880e+05 4.98e-07 1.06e-01  -8.6 2.66e-02 -10.4 8.18e-01 1.00e+00h  1
  33  2.3099880e+05 4.62e-08 1.19e-08  -8.6 1.09e-02    -  1.00e+00 1.00e+00h  1

Number of Iterations....: 33

                                   (scaled)                 (unscaled)
Objective...............:   2.3099880269202142e+01    2.3099880269202142e+05
Dual infeasibility......:   1.1903041804894561e-08    1.1903041804894560e-04
Constraint violation....:   4.6170090223229820e-08    4.6170090223229820e-08
Variable bound violation:   1.2882769517830184e-07    1.2882769517830184e-07
Complementarity.........:   4.3476795124298138e-09    4.3476795124298138e-05
Overall NLP error.......:   4.6170090223229820e-08    1.1903041804894560e-04


Number of objective function evaluations             = 34
Number of objective gradient evaluations             = 34
Number of equality constraint evaluations            = 34
Number of inequality constraint evaluations          = 34
Number of equality constraint Jacobian evaluations   = 34
Number of inequality constraint Jacobian evaluations = 34
Number of Lagrangian Hessian evaluations             = 33
Total seconds in IPOPT                               = 2.384

EXIT: Optimal Solution Found.
