This is Ipopt version 3.14.19, running with linear solver ma57.

Number of nonzeros in equality constraint Jacobian...:    61511
Number of nonzeros in inequality constraint Jacobian.:    15828
Number of nonzeros in Lagrangian Hessian.............:   105683

Total number of variables............................:    15864
                     variables with only lower bounds:        0
                variables with lower and upper bounds:    14628
                     variables with only upper bounds:        0
Total number of equality constraints.................:    11850
Total number of inequality constraints...............:     7951
        inequality constraints with only lower bounds:      730
   inequality constraints with lower and upper bounds:     1560
        inequality constraints with only upper bounds:     5661

iter    objective    inf_pr   inf_du lg(mu)  ||d||  lg(rg) alpha_du alpha_pr  ls
   0  2.5751030e+07 1.50e+01 1.00e+02  -1.0 0.00e+00    -  0.00e+00 0.00e+00   0
   1  2.5751453e+07 1.50e+01 9.98e+01  -1.0 1.76e+01    -  9.99e-03 2.86e-05f  1
   2  2.2766764e+07 1.48e+01 9.88e+01  -1.0 2.06e+01  -4.0 8.13e-03 1.67e-02f  1
   3  2.2091814e+07 1.41e+01 9.86e+01  -1.0 1.99e+01    -  5.19e-03 4.53e-02f  1
   4  2.1291268e+07 1.35e+01 9.57e+01  -1.0 5.29e+01    -  2.97e-02 4.33e-02f  1
   5  1.8292441e+07 1.20e+01 9.11e+01  -1.0 9.95e+01    -  5.29e-02 1.12e-01f  1
   6  1.3751150e+07 9.60e+00 7.53e+01  -1.0 2.01e+02    -  1.76e-01 1.98e-01f  1
   7  7.0882772e+06 5.24e+00 2.09e+01  -1.0 3.11e+02  -4.5 7.27e-01 4.54e-01f  1
   8  2.2971480e+06 4.84e-01 7.47e+00  -1.0 4.00e+02    -  7.10e-01 9.74e-01f  1
   9  1.7049720e+06 1.88e-01 4.68e+01  -1.0 2.24e+02  -5.0 9.57e-01 1.00e+00f  1
iter    objective    inf_pr   inf_du lg(mu)  ||d||  lg(rg) alpha_du alpha_pr  ls
  10  1.4808345e+06 1.30e-01 8.51e+03  -1.0 1.95e+02    -  9.93e-01 7.01e-01h  1
  11  1.4213475e+06 2.04e-02 5.53e-01  -1.0 8.30e+01  -5.4 1.00e+00 1.00e+00h  1
  12  1.4190080e+06 1.08e-03 1.79e-02  -1.0 1.70e+01  -5.9 1.00e+00 1.00e+00h  1
  13  4.8066928e+05 9.66e-03 3.14e+02  -1.7 6.07e+01    -  9.87e-01 1.00e+00f  1
  14  4.0750322e+05 5.25e-03 6.98e-02  -1.7 4.26e+01    -  1.00e+00 1.00e+00h  1
  15  4.0457602e+05 1.63e-05 2.37e-04  -1.7 2.44e+00    -  1.00e+00 1.00e+00h  1
  16  1.4822646e+05 8.37e-03 9.95e+02  -3.8 5.33e+01    -  8.35e-01 1.00e+00f  1
  17  1.2804691e+05 9.44e-03 6.21e+02  -3.8 3.70e+01  -6.4 3.76e-01 1.00e+00h  1
  18  1.2506038e+05 7.05e-03 3.38e+02  -3.8 1.51e+01  -6.9 4.55e-01 5.96e-01h  1
  19  1.2272084e+05 1.44e-02 2.75e+02  -3.8 1.77e+01  -7.3 1.87e-01 5.93e-01h  1
iter    objective    inf_pr   inf_du lg(mu)  ||d||  lg(rg) alpha_du alpha_pr  ls
  20  1.2208873e+05 1.22e-02 1.01e+02  -3.8 1.64e+01    -  6.34e-01 2.34e-01h  1
  21  1.2087817e+05 1.01e-02 6.44e+01  -3.8 3.26e+01  -7.8 3.61e-01 5.44e-01h  1
  22  1.2008636e+05 7.76e-03 3.65e+01  -3.8 1.91e+01    -  4.33e-01 5.32e-01h  1
  23  1.1959080e+05 4.27e-03 7.08e+00  -3.8 1.14e+01  -8.3 8.06e-01 6.22e-01h  1
  24  1.1932771e+05 1.47e-03 7.56e-02  -3.8 5.64e+00  -8.8 1.00e+00 7.66e-01h  1
  25  1.1924915e+05 1.45e-04 1.01e-04  -3.8 1.31e+00    -  1.00e+00 1.00e+00h  1
  26  1.1924952e+05 2.98e-07 3.72e-07  -3.8 2.90e-02    -  1.00e+00 1.00e+00h  1
  27  1.1806419e+05 7.28e-04 6.28e+00  -5.7 9.07e+00    -  5.43e-01 4.04e-01f  1
  28  1.1745700e+05 1.23e-03 6.38e+00  -5.7 8.30e+00  -9.2 4.22e-01 3.19e-01h  1
  29  1.1688440e+05 1.91e-03 4.26e+00  -5.7 6.47e+00    -  4.85e-01 4.32e-01h  1
iter    objective    inf_pr   inf_du lg(mu)  ||d||  lg(rg) alpha_du alpha_pr  ls
  30  1.1641872e+05 1.83e-03 1.27e+00  -5.7 6.83e+00    -  5.13e-01 5.90e-01h  1
  31  1.1615201e+05 7.33e-04 9.77e-02  -5.7 5.74e+00  -9.7 7.25e-01 7.85e-01h  1
  32  1.1611057e+05 4.00e-04 4.49e-01  -5.7 2.93e+00 -10.2 1.00e+00 5.10e-01h  1
  33  1.1606912e+05 2.05e-04 1.50e-05  -5.7 2.12e+00    -  1.00e+00 1.00e+00h  1
  34  1.1606972e+05 2.92e-06 4.62e-07  -5.7 6.30e-02    -  1.00e+00 1.00e+00h  1
  35  1.1606972e+05 2.08e-08 2.86e-09  -5.7 5.51e-03    -  1.00e+00 1.00e+00h  1
  36  1.1603233e+05 9.60e-05 7.73e-03  -8.6 1.80e+00    -  7.64e-01 7.78e-01h  1
  37  1.1602466e+05 4.67e-04 2.03e-02  -8.6 1.09e+00  -9.8 5.11e-01 6.44e-01h  1
  38  1.1602111e+05 1.66e-03 8.85e-03  -8.6 5.35e-01    -  7.29e-01 8.05e-01h  1
  39  1.1602037e+05 2.17e-03 2.49e-03  -8.6 2.15e-01  -6.6 7.52e-01 7.86e-01h  1
iter    objective    inf_pr   inf_du lg(mu)  ||d||  lg(rg) alpha_du alpha_pr  ls
  40  1.1602020e+05 1.31e-03 3.00e-04  -8.6 1.99e-01  -7.1 8.22e-01 7.45e-01h  1
  41  1.1602015e+05 3.43e-06 6.91e-06  -8.6 1.31e-01  -7.6 9.91e-01 1.00e+00h  1

Number of Iterations....: 41

                                   (scaled)                 (unscaled)
Objective...............:   1.1602014597880915e+01    1.1602014597880915e+05
Dual infeasibility......:   6.9064448485691050e-06    6.9064448485691043e-02
Constraint violation....:   3.4255714978503882e-06    3.4255714978503882e-06
Variable bound violation:   1.8714580107825896e-08    1.8714580107825896e-08
Complementarity.........:   6.5444827868715971e-09    6.5444827868715969e-05
Overall NLP error.......:   6.9064448485691050e-06    6.9064448485691043e-02


Number of objective function evaluations             = 42
Number of objective gradient evaluations             = 42
Number of equality constraint evaluations            = 42
Number of inequality constraint evaluations          = 42
Number of equality constraint Jacobian evaluations   = 42
Number of inequality constraint Jacobian evaluations = 42
Number of Lagrangian Hessian evaluations             = 41
Total seconds in IPOPT                               = 4.274

EXIT: Optimal Solution Found.
