This is Ipopt version 3.14.19, running with linear solver ma57.

Number of nonzeros in equality constraint Jacobian...:    61511
Number of nonzeros in inequality constraint Jacobian.:    15828
Number of nonzeros in Lagrangian Hessian.............:   105683

Total number of variables............................:    15864
                     variables with only lower bounds:        0
                variables with lower and upper bounds:    14628
                     variables with only upper bounds:        0
Total number of equality constraints.................:    11850
Total number of inequality constraints...............:     7951
        inequality constraints with only lower bounds:      730
   inequality constraints with lower and upper bounds:     1560
        inequality constraints with only upper bounds:     5661

iter    objective    inf_pr   inf_du lg(mu)  ||d||  lg(rg) alpha_du alpha_pr  ls
   0  8.2866024e+06 1.50e+01 1.00e+02  -1.0 0.00e+00    -  0.00e+00 0.00e+00   0
   1  8.2861899e+06 1.50e+01 9.94e+01  -1.0 1.55e+01    -  1.39e-02 1.59e-05f  1
   2  6.4414179e+06 1.47e+01 9.90e+01  -1.0 1.58e+01  -4.0 3.33e-03 1.86e-02f  1
   3  6.4183541e+06 1.37e+01 9.79e+01  -1.0 1.44e+01    -  1.71e-02 6.78e-02f  1
   4  5.6512030e+06 1.30e+01 9.40e+01  -1.0 3.46e+01    -  4.11e-02 5.42e-02f  1
   5  4.6182508e+06 1.04e+01 8.46e+01  -1.0 5.12e+01    -  1.08e-01 1.97e-01f  1
   6  3.0245037e+06 7.36e+00 6.69e+01  -1.0 9.71e+01    -  2.20e-01 2.94e-01f  1
   7  1.9506671e+06 2.46e+00 1.38e+01  -1.0 1.20e+02  -4.5 7.88e-01 6.66e-01f  1
   8  1.3812466e+06 5.37e-02 3.37e+00  -1.0 8.62e+01  -5.0 9.80e-01 9.92e-01h  1
   9  1.2712244e+06 4.21e-03 8.12e+02  -1.0 3.27e+01  -5.4 8.67e-01 1.00e+00f  1
iter    objective    inf_pr   inf_du lg(mu)  ||d||  lg(rg) alpha_du alpha_pr  ls
  10  1.2442033e+06 1.76e-03 1.24e+04  -1.0 1.43e+01    -  5.05e-01 1.00e+00h  1
  11  1.2419786e+06 7.79e-04 4.22e-03  -1.0 2.84e+00  -5.0 1.00e+00 1.00e+00h  1
  12  2.3193747e+05 9.70e-04 4.41e+03  -2.5 5.03e+00    -  8.50e-01 1.00e+00f  1
  13  1.5413581e+05 1.22e-03 4.18e+02  -2.5 3.57e+00    -  9.05e-01 1.00e+00f  1
  14  1.3407427e+05 1.33e-03 2.29e-03  -2.5 2.35e+00  -5.5 1.00e+00 1.00e+00h  1
  15  1.3178906e+05 2.59e-04 7.57e-04  -2.5 8.15e-01    -  1.00e+00 1.00e+00h  1
  16  1.3176400e+05 1.60e-07 7.80e-06  -2.5 1.75e-01  -6.0 1.00e+00 1.00e+00h  1
  17  9.2217635e+04 8.64e-04 1.38e+02  -3.8 1.23e+00    -  8.30e-01 1.00e+00f  1
  18  8.8931803e+04 4.72e-03 5.70e+00  -3.8 2.42e+00  -6.4 9.59e-01 1.00e+00h  1
  19  8.8384633e+04 2.44e-03 1.82e-04  -3.8 1.92e+00  -6.9 1.00e+00 1.00e+00h  1
iter    objective    inf_pr   inf_du lg(mu)  ||d||  lg(rg) alpha_du alpha_pr  ls
  20  8.8407172e+04 1.57e-04 6.00e-05  -3.8 3.18e-01    -  1.00e+00 1.00e+00h  1
  21  8.8405737e+04 5.53e-06 1.74e-06  -3.8 1.09e-01    -  1.00e+00 1.00e+00h  1
  22  8.8405692e+04 8.89e-09 3.95e-09  -3.8 4.77e-03    -  1.00e+00 1.00e+00h  1
  23  8.6745786e+04 5.82e-04 1.04e+01  -5.7 1.73e+00  -7.4 8.14e-01 5.84e-01f  1
  24  8.6008728e+04 8.17e-04 6.18e+00  -5.7 1.38e+00    -  7.84e-01 5.74e-01h  1
  25  8.5719740e+04 5.73e-04 3.71e+00  -5.7 1.44e+00  -7.9 9.31e-01 5.20e-01h  1
  26  8.5500105e+04 2.17e-03 6.11e-01  -5.7 1.02e+00    -  7.80e-01 8.34e-01h  1
  27  8.5459111e+04 6.91e-04 5.68e-06  -5.7 3.11e-01  -8.3 1.00e+00 1.00e+00h  1
  28  8.5459299e+04 1.17e-06 5.19e-07  -5.7 4.28e-02    -  1.00e+00 1.00e+00h  1
  29  8.5459300e+04 1.02e-08 6.81e-09  -5.7 2.30e-03    -  1.00e+00 1.00e+00h  1
iter    objective    inf_pr   inf_du lg(mu)  ||d||  lg(rg) alpha_du alpha_pr  ls
  30  8.5429358e+04 2.39e-04 2.58e-02  -8.6 2.12e-01  -7.9 8.14e-01 7.67e-01h  1
  31  8.5423120e+04 1.84e-04 1.01e-02  -8.6 1.74e-01  -8.4 6.53e-01 6.44e-01h  1
  32  8.5420137e+04 9.25e-05 3.12e-03  -8.6 1.12e-01    -  7.06e-01 8.38e-01h  1
  33  8.5419525e+04 1.57e-05 2.23e-03  -8.6 4.50e-02  -8.0 7.90e-01 1.00e+00h  1
  34  8.5419514e+04 4.28e-07 3.23e-04  -8.6 1.94e-02  -8.4 8.55e-01 1.00e+00h  1
  35  8.5419511e+04 5.48e-08 1.00e-08  -8.6 2.46e-02    -  1.00e+00 1.00e+00h  1

Number of Iterations....: 35

                                   (scaled)                 (unscaled)
Objective...............:   8.5419511235245231e+00    8.5419511235245227e+04
Dual infeasibility......:   1.0039019937577227e-08    1.0039019937577226e-04
Constraint violation....:   5.4848295627518695e-08    5.4848295627518695e-08
Variable bound violation:   1.2714979291672535e-07    1.2714979291672535e-07
Complementarity.........:   4.3357111702133433e-09    4.3357111702133429e-05
Overall NLP error.......:   5.4848295627518695e-08    1.0039019937577226e-04


Number of objective function evaluations             = 36
Number of objective gradient evaluations             = 36
Number of equality constraint evaluations            = 36
Number of inequality constraint evaluations          = 36
Number of equality constraint Jacobian evaluations   = 36
Number of inequality constraint Jacobian evaluations = 36
Number of Lagrangian Hessian evaluations             = 35
Total seconds in IPOPT                               = 2.627

EXIT: Optimal Solution Found.
