This is Ipopt version 3.14.19, running with linear solver ma57.

Number of nonzeros in equality constraint Jacobian...:    60621
Number of nonzeros in inequality constraint Jacobian.:    14048
Number of nonzeros in Lagrangian Hessian.............:   105238

Total number of variables............................:    14974
                     variables with only lower bounds:        0
                variables with lower and upper bounds:    13738
                     variables with only upper bounds:        0
Total number of equality constraints.................:    11850
Total number of inequality constraints...............:     7951
        inequality constraints with only lower bounds:      730
   inequality constraints with lower and upper bounds:     1560
        inequality constraints with only upper bounds:     5661

iter    objective    inf_pr   inf_du lg(mu)  ||d||  lg(rg) alpha_du alpha_pr  ls
   0  9.1876639e+06 1.88e+01 1.00e+02  -1.0 0.00e+00    -  0.00e+00 0.00e+00   0
   1  9.1877488e+06 1.88e+01 9.96e+01  -1.0 1.73e+01    -  1.17e-02 1.66e-05f  1
   2  7.3105703e+06 1.84e+01 9.93e+01  -1.0 1.82e+01    -  1.75e-03 1.77e-02f  1
   3  7.1057503e+06 1.77e+01 9.77e+01  -1.0 1.54e+01  -4.0 1.80e-02 4.00e-02f  1
   4  6.5046843e+06 1.67e+01 9.21e+01  -1.0 2.75e+01  -4.5 5.72e-02 5.75e-02f  1
   5  5.0921313e+06 1.35e+01 6.97e+01  -1.0 4.92e+01    -  2.42e-01 1.89e-01f  1
   6  2.3381587e+06 5.69e+00 4.62e+01  -1.0 1.12e+02  -5.0 3.64e-01 5.79e-01f  1
   7  1.7112332e+06 3.32e-01 1.18e+01  -1.0 1.62e+02    -  8.73e-01 9.42e-01h  1
   8  1.4772637e+06 3.32e-03 1.82e+02  -1.0 4.30e+01    -  6.68e-01 9.90e-01h  1
   9  1.4024869e+06 1.14e-03 1.34e+04  -1.0 2.00e+01  -5.4 7.59e-01 9.96e-01h  1
iter    objective    inf_pr   inf_du lg(mu)  ||d||  lg(rg) alpha_du alpha_pr  ls
  10  1.3849309e+06 9.57e-04 3.43e+05  -1.0 9.46e+00    -  9.39e-01 1.00e+00h  1
  11  1.3835182e+06 5.10e-04 4.63e-03  -1.0 1.81e+00    -  1.00e+00 1.00e+00h  1
  12  3.7811250e+05 4.85e-04 1.45e+06  -2.5 4.67e+00  -5.0 8.51e-01 1.00e+00f  1
  13  3.1193101e+05 1.17e-03 1.38e+05  -2.5 2.32e+00    -  9.05e-01 1.00e+00f  1
  14  2.9819318e+05 1.88e-03 5.95e-03  -2.5 2.41e+00  -5.5 1.00e+00 1.00e+00h  1
  15  2.9763453e+05 2.10e-04 1.16e-03  -2.5 4.26e-01  -6.0 1.00e+00 1.00e+00h  1
  16  2.9763198e+05 1.26e-07 1.10e-06  -2.5 1.09e-01  -6.4 1.00e+00 1.00e+00h  1
  17  2.6209506e+05 1.21e-03 6.19e+04  -5.7 1.15e+00  -6.9 7.31e-01 9.50e-01f  1
  18  2.5918275e+05 4.30e-03 2.21e+04  -5.7 2.57e+00    -  6.91e-01 9.01e-01h  1
  19  2.5880930e+05 2.76e-03 7.10e+03  -5.7 2.83e+00  -7.4 6.70e-01 5.31e-01h  1
iter    objective    inf_pr   inf_du lg(mu)  ||d||  lg(rg) alpha_du alpha_pr  ls
  20  2.5866919e+05 1.96e-03 1.95e+03  -5.7 2.19e+00    -  6.94e-01 3.57e-01h  1
  21  2.5853006e+05 1.37e-03 9.69e+02  -5.7 1.69e+00  -7.9 5.13e-01 5.53e-01h  1
  22  2.5846941e+05 9.26e-04 1.68e+02  -5.7 1.38e+00    -  7.93e-01 6.21e-01h  1
  23  2.5844559e+05 4.73e-04 2.18e+01  -5.7 7.86e-01  -8.3 1.00e+00 6.96e-01h  1
  24  2.5844106e+05 4.04e-04 9.96e+00  -5.7 3.29e-01  -8.8 1.00e+00 5.43e-01h  1
  25  2.5843808e+05 7.90e-05 5.21e-06  -5.7 1.67e-01    -  1.00e+00 1.00e+00h  1
  26  2.5843827e+05 2.21e-07 4.64e-08  -5.7 1.02e-02  -8.4 1.00e+00 1.00e+00h  1
  27  2.5843827e+05 7.27e-11 1.87e-11  -5.7 1.68e-04  -8.9 1.00e+00 1.00e+00h  1
  28  2.5841985e+05 2.41e-04 2.31e+01  -8.6 1.07e-01  -8.4 7.61e-01 6.35e-01f  1
  29  2.5841066e+05 2.70e-04 1.12e+00  -8.6 8.76e-02    -  7.17e-01 8.31e-01h  1
iter    objective    inf_pr   inf_du lg(mu)  ||d||  lg(rg) alpha_du alpha_pr  ls
  30  2.5840906e+05 6.05e-05 1.11e+00  -8.6 5.64e-02    -  7.37e-01 8.09e-01h  1
  31  2.5840867e+05 7.36e-06 6.08e-01  -8.6 3.65e-02  -7.1 7.75e-01 9.40e-01h  1
  32  2.5840864e+05 7.78e-08 1.41e-01  -8.6 2.41e-02  -6.7 8.09e-01 1.00e+00h  1
  33  2.5840864e+05 1.14e-08 6.73e-09  -8.6 1.20e-02  -6.3 1.00e+00 1.00e+00h  1

Number of Iterations....: 33

                                   (scaled)                 (unscaled)
Objective...............:   2.5840864111200798e+01    2.5840864111200796e+05
Dual infeasibility......:   6.7326006408097760e-09    6.7326006408097765e-05
Constraint violation....:   1.0559329771675507e-08    1.1388016425695202e-08
Variable bound violation:   1.2882510525002999e-07    1.2882510525002999e-07
Complementarity.........:   4.4680434800023649e-09    4.4680434800023648e-05
Overall NLP error.......:   1.0559329771675507e-08    6.7326006408097765e-05


Number of objective function evaluations             = 34
Number of objective gradient evaluations             = 34
Number of equality constraint evaluations            = 34
Number of inequality constraint evaluations          = 34
Number of equality constraint Jacobian evaluations   = 34
Number of inequality constraint Jacobian evaluations = 34
Number of Lagrangian Hessian evaluations             = 33
Total seconds in IPOPT                               = 2.513

EXIT: Optimal Solution Found.
