
Gurobi 13.0.2 (win64) logging started Tue Jul  7 16:07:26 2026

Set parameter LogFile to value "C:\Users\ehsanno\DataspellProjects\Spanish_Power_System\results\NECPEssentials\ipopt_logs\2024-12-02_id2.log"

Gurobi 13.0.2 (win64) logging started Tue Jul  7 16:07:27 2026

Set parameter LogFile to value "C:\Users\ehsanno\DataspellProjects\Spanish_Power_System\results\NECPEssentials\ipopt_logs\2024-12-02_id2.log"
Gurobi Optimizer version 13.0.2 build v13.0.2rc1 (win64 - Windows 11+.0 (26200.2))

CPU model: 11th Gen Intel(R) Core(TM) i5-1145G7 @ 2.60GHz, instruction set [SSE2|AVX|AVX2|AVX512]
Thread count: 4 physical cores, 8 logical processors, using up to 8 threads

Non-default parameters:
LogToConsole  0

Optimize a model with 49905 rows, 148442 columns and 205249 nonzeros (Min)
Model fingerprint: 0x0c4c7bea
Model has 47857 linear objective coefficients
Coefficient statistics:
  Matrix range     [1e+00, 5e+03]
  Objective range  [4e-01, 1e+06]
  Bounds range     [2e-06, 1e+04]
  RHS range        [9e-04, 1e+09]
Warning: Model contains large rhs
         Consider reformulating model or setting NumericFocus parameter
         to avoid numerical issues.

Presolve removed 49383 rows and 147421 columns
Presolve time: 0.06s
Presolved: 522 rows, 1021 columns, 7538 nonzeros

Concurrent LP optimizer: dual simplex and barrier
Showing barrier log only...

Ordering time: 0.00s

Barrier statistics:
 AA' NZ     : 1.216e+04
 Factor NZ  : 1.810e+04 (roughly 1 MB of memory)
 Factor Ops : 6.751e+05 (less than 1 second per iteration)
 Threads    : 1

                  Objective                Residual
Iter       Primal          Dual         Primal    Dual     Compl     Time
   0   7.30670334e+10 -3.19674802e+07  2.80e+06 9.60e+01  3.35e+09     0s

Barrier performed 0 iterations in 0.06 seconds (0.07 work units)
Barrier solve interrupted - model solved by another algorithm


Solved with dual simplex
Iteration    Objective       Primal Inf.    Dual Inf.      Time
     439    7.3388519e+06   0.000000e+00   0.000000e+00      0s

Solved in 439 iterations and 0.11 seconds (0.08 work units)
Optimal objective  7.338851944e+06

User-callback calls 58, time in user-callback 0.00 sec
Gurobi Optimizer version 13.0.2 build v13.0.2rc1 (win64 - Windows 11+.0 (26200.2))

CPU model: 11th Gen Intel(R) Core(TM) i5-1145G7 @ 2.60GHz, instruction set [SSE2|AVX|AVX2|AVX512]
Thread count: 4 physical cores, 8 logical processors, using up to 8 threads

Non-default parameters:
LogToConsole  0

Optimize a model with 49906 rows, 148442 columns and 253106 nonzeros (Min)
Model has 98640 linear objective coefficients
Coefficient statistics:
  Matrix range     [4e-01, 1e+06]
  Objective range  [1e+00, 1e+00]
  Bounds range     [2e-06, 1e+04]
  RHS range        [9e-04, 1e+09]
Warning: Model contains large rhs
         Consider reformulating model or setting NumericFocus parameter
         to avoid numerical issues.

LP warm-start: use basis

Iteration    Objective       Primal Inf.    Dual Inf.      Time
       0   -2.1513659e+03   6.469183e+03   0.000000e+00      0s
    3181    7.8180771e+01   0.000000e+00   0.000000e+00      0s

Solved in 3181 iterations and 0.39 seconds (0.81 work units)
Optimal objective  7.818077110e+01

User-callback calls 28, time in user-callback 0.00 sec

Gurobi 13.0.2 (win64) logging started Tue Jul  7 16:31:13 2026

Set parameter LogFile to value "C:\Users\ehsanno\DataspellProjects\Spanish_Power_System\results\NECPEssentials\ipopt_logs\2024-12-02_id2.log"

Gurobi 13.0.2 (win64) logging started Tue Jul  7 16:31:14 2026

Set parameter LogFile to value "C:\Users\ehsanno\DataspellProjects\Spanish_Power_System\results\NECPEssentials\ipopt_logs\2024-12-02_id2.log"
Gurobi Optimizer version 13.0.2 build v13.0.2rc1 (win64 - Windows 11+.0 (26200.2))

CPU model: 11th Gen Intel(R) Core(TM) i5-1145G7 @ 2.60GHz, instruction set [SSE2|AVX|AVX2|AVX512]
Thread count: 4 physical cores, 8 logical processors, using up to 8 threads

Non-default parameters:
LogToConsole  0

Optimize a model with 49905 rows, 148442 columns and 205249 nonzeros (Min)
Model fingerprint: 0x0c4c7bea
Model has 47857 linear objective coefficients
Coefficient statistics:
  Matrix range     [1e+00, 5e+03]
  Objective range  [4e-01, 1e+06]
  Bounds range     [2e-06, 1e+04]
  RHS range        [9e-04, 1e+09]
Warning: Model contains large rhs
         Consider reformulating model or setting NumericFocus parameter
         to avoid numerical issues.

Presolve removed 49383 rows and 147421 columns
Presolve time: 0.07s
Presolved: 522 rows, 1021 columns, 7538 nonzeros

Concurrent LP optimizer: dual simplex and barrier
Showing barrier log only...

Ordering time: 0.00s

Barrier statistics:
 AA' NZ     : 1.216e+04
 Factor NZ  : 1.810e+04 (roughly 1 MB of memory)
 Factor Ops : 6.751e+05 (less than 1 second per iteration)
 Threads    : 1

                  Objective                Residual
Iter       Primal          Dual         Primal    Dual     Compl     Time
   0   7.30670334e+10 -3.19674802e+07  2.80e+06 9.60e+01  3.35e+09     0s
   1   2.79654925e+09 -8.67661748e+07  5.86e+04 2.02e+02  7.03e+07     0s

Barrier performed 1 iterations in 0.07 seconds (0.07 work units)
Barrier solve interrupted - model solved by another algorithm


Solved with dual simplex
Iteration    Objective       Primal Inf.    Dual Inf.      Time
     439    7.3388519e+06   0.000000e+00   0.000000e+00      0s

Solved in 439 iterations and 0.12 seconds (0.08 work units)
Optimal objective  7.338851944e+06

User-callback calls 59, time in user-callback 0.00 sec
Gurobi Optimizer version 13.0.2 build v13.0.2rc1 (win64 - Windows 11+.0 (26200.2))

CPU model: 11th Gen Intel(R) Core(TM) i5-1145G7 @ 2.60GHz, instruction set [SSE2|AVX|AVX2|AVX512]
Thread count: 4 physical cores, 8 logical processors, using up to 8 threads

Non-default parameters:
LogToConsole  0

Optimize a model with 49906 rows, 148442 columns and 253106 nonzeros (Min)
Model has 98640 linear objective coefficients
Coefficient statistics:
  Matrix range     [4e-01, 1e+06]
  Objective range  [1e+00, 1e+00]
  Bounds range     [2e-06, 1e+04]
  RHS range        [9e-04, 1e+09]
Warning: Model contains large rhs
         Consider reformulating model or setting NumericFocus parameter
         to avoid numerical issues.

LP warm-start: use basis

Iteration    Objective       Primal Inf.    Dual Inf.      Time
       0   -2.1513659e+03   6.469183e+03   0.000000e+00      0s
    3181    7.8180771e+01   0.000000e+00   0.000000e+00      0s

Solved in 3181 iterations and 0.45 seconds (0.81 work units)
Optimal objective  7.818077110e+01

User-callback calls 28, time in user-callback 0.00 sec

Gurobi 13.0.2 (win64) logging started Tue Jul  7 16:48:02 2026

Set parameter LogFile to value "C:\Users\ehsanno\DataspellProjects\Spanish_Power_System\results\NECPEssentials\ipopt_logs\2024-12-02_id2.log"

Gurobi 13.0.2 (win64) logging started Tue Jul  7 16:48:02 2026

Set parameter LogFile to value "C:\Users\ehsanno\DataspellProjects\Spanish_Power_System\results\NECPEssentials\ipopt_logs\2024-12-02_id2.log"
Gurobi Optimizer version 13.0.2 build v13.0.2rc1 (win64 - Windows 11+.0 (26200.2))

CPU model: 11th Gen Intel(R) Core(TM) i5-1145G7 @ 2.60GHz, instruction set [SSE2|AVX|AVX2|AVX512]
Thread count: 4 physical cores, 8 logical processors, using up to 8 threads

Non-default parameters:
LogToConsole  0

Optimize a model with 49905 rows, 148442 columns and 205249 nonzeros (Min)
Model fingerprint: 0x0c4c7bea
Model has 47857 linear objective coefficients
Coefficient statistics:
  Matrix range     [1e+00, 5e+03]
  Objective range  [4e-01, 1e+06]
  Bounds range     [2e-06, 1e+04]
  RHS range        [9e-04, 1e+09]
Warning: Model contains large rhs
         Consider reformulating model or setting NumericFocus parameter
         to avoid numerical issues.

Presolve removed 49383 rows and 147421 columns
Presolve time: 0.06s
Presolved: 522 rows, 1021 columns, 7538 nonzeros

Concurrent LP optimizer: dual simplex and barrier
Showing barrier log only...

Ordering time: 0.00s

Barrier statistics:
 AA' NZ     : 1.216e+04
 Factor NZ  : 1.810e+04 (roughly 1 MB of memory)
 Factor Ops : 6.751e+05 (less than 1 second per iteration)
 Threads    : 1

                  Objective                Residual
Iter       Primal          Dual         Primal    Dual     Compl     Time
   0   7.30670334e+10 -3.19674802e+07  2.80e+06 9.60e+01  3.35e+09     0s
   1   2.79654925e+09 -8.67661748e+07  5.86e+04 2.02e+02  7.03e+07     0s

Barrier performed 1 iterations in 0.12 seconds (0.07 work units)
Barrier solve interrupted - model solved by another algorithm


Solved with dual simplex
Iteration    Objective       Primal Inf.    Dual Inf.      Time
     439    7.3388519e+06   0.000000e+00   0.000000e+00      0s

Solved in 439 iterations and 0.15 seconds (0.08 work units)
Optimal objective  7.338851944e+06

User-callback calls 58, time in user-callback 0.00 sec
Gurobi Optimizer version 13.0.2 build v13.0.2rc1 (win64 - Windows 11+.0 (26200.2))

CPU model: 11th Gen Intel(R) Core(TM) i5-1145G7 @ 2.60GHz, instruction set [SSE2|AVX|AVX2|AVX512]
Thread count: 4 physical cores, 8 logical processors, using up to 8 threads

Non-default parameters:
LogToConsole  0

Optimize a model with 49906 rows, 148442 columns and 253106 nonzeros (Min)
Model has 98640 linear objective coefficients
Coefficient statistics:
  Matrix range     [4e-01, 1e+06]
  Objective range  [1e+00, 1e+00]
  Bounds range     [2e-06, 1e+04]
  RHS range        [9e-04, 1e+09]
Warning: Model contains large rhs
         Consider reformulating model or setting NumericFocus parameter
         to avoid numerical issues.

LP warm-start: use basis

Iteration    Objective       Primal Inf.    Dual Inf.      Time
       0   -2.1513659e+03   6.469183e+03   0.000000e+00      0s
    3181    7.8180771e+01   0.000000e+00   0.000000e+00      0s

Solved in 3181 iterations and 0.39 seconds (0.81 work units)
Optimal objective  7.818077110e+01

User-callback calls 28, time in user-callback 0.00 sec

Gurobi 13.0.2 (win64) logging started Tue Jul  7 16:59:37 2026

Set parameter LogFile to value "C:\Users\ehsanno\DataspellProjects\Spanish_Power_System\results\NECPEssentials\ipopt_logs\2024-12-02_id2.log"

Gurobi 13.0.2 (win64) logging started Tue Jul  7 16:59:37 2026

Set parameter LogFile to value "C:\Users\ehsanno\DataspellProjects\Spanish_Power_System\results\NECPEssentials\ipopt_logs\2024-12-02_id2.log"
Gurobi Optimizer version 13.0.2 build v13.0.2rc1 (win64 - Windows 11+.0 (26200.2))

CPU model: 11th Gen Intel(R) Core(TM) i5-1145G7 @ 2.60GHz, instruction set [SSE2|AVX|AVX2|AVX512]
Thread count: 4 physical cores, 8 logical processors, using up to 8 threads

Non-default parameters:
LogToConsole  0

Optimize a model with 49905 rows, 148442 columns and 205249 nonzeros (Min)
Model fingerprint: 0x0c4c7bea
Model has 47857 linear objective coefficients
Coefficient statistics:
  Matrix range     [1e+00, 5e+03]
  Objective range  [4e-01, 1e+06]
  Bounds range     [2e-06, 1e+04]
  RHS range        [9e-04, 1e+09]
Warning: Model contains large rhs
         Consider reformulating model or setting NumericFocus parameter
         to avoid numerical issues.

Presolve removed 49383 rows and 147421 columns
Presolve time: 0.06s
Presolved: 522 rows, 1021 columns, 7538 nonzeros

Concurrent LP optimizer: dual simplex and barrier
Showing barrier log only...

Ordering time: 0.00s

Barrier statistics:
 AA' NZ     : 1.216e+04
 Factor NZ  : 1.810e+04 (roughly 1 MB of memory)
 Factor Ops : 6.751e+05 (less than 1 second per iteration)
 Threads    : 1

                  Objective                Residual
Iter       Primal          Dual         Primal    Dual     Compl     Time
   0   7.30670334e+10 -3.19674802e+07  2.80e+06 9.60e+01  3.35e+09     0s

Barrier performed 0 iterations in 0.07 seconds (0.07 work units)
Barrier solve interrupted - model solved by another algorithm


Solved with dual simplex
Iteration    Objective       Primal Inf.    Dual Inf.      Time
     439    7.3388519e+06   0.000000e+00   0.000000e+00      0s

Solved in 439 iterations and 0.11 seconds (0.08 work units)
Optimal objective  7.338851944e+06

User-callback calls 58, time in user-callback 0.00 sec
Gurobi Optimizer version 13.0.2 build v13.0.2rc1 (win64 - Windows 11+.0 (26200.2))

CPU model: 11th Gen Intel(R) Core(TM) i5-1145G7 @ 2.60GHz, instruction set [SSE2|AVX|AVX2|AVX512]
Thread count: 4 physical cores, 8 logical processors, using up to 8 threads

Non-default parameters:
LogToConsole  0

Optimize a model with 49906 rows, 148442 columns and 253106 nonzeros (Min)
Model has 98640 linear objective coefficients
Coefficient statistics:
  Matrix range     [4e-01, 1e+06]
  Objective range  [1e+00, 1e+00]
  Bounds range     [2e-06, 1e+04]
  RHS range        [9e-04, 1e+09]
Warning: Model contains large rhs
         Consider reformulating model or setting NumericFocus parameter
         to avoid numerical issues.

LP warm-start: use basis

Iteration    Objective       Primal Inf.    Dual Inf.      Time
       0   -2.1513659e+03   6.469183e+03   0.000000e+00      0s
    3181    7.8180771e+01   0.000000e+00   0.000000e+00      0s

Solved in 3181 iterations and 0.39 seconds (0.81 work units)
Optimal objective  7.818077110e+01

User-callback calls 28, time in user-callback 0.00 sec

Gurobi 13.0.2 (win64) logging started Tue Jul  7 20:23:54 2026

Set parameter LogFile to value "C:\Users\ehsanno\DataspellProjects\Spanish_Power_System\results\NECPEssentials\ipopt_logs\2024-12-02_id2.log"

Gurobi 13.0.2 (win64) logging started Tue Jul  7 20:23:54 2026

Set parameter LogFile to value "C:\Users\ehsanno\DataspellProjects\Spanish_Power_System\results\NECPEssentials\ipopt_logs\2024-12-02_id2.log"
Gurobi Optimizer version 13.0.2 build v13.0.2rc1 (win64 - Windows 11+.0 (26200.2))

CPU model: 11th Gen Intel(R) Core(TM) i5-1145G7 @ 2.60GHz, instruction set [SSE2|AVX|AVX2|AVX512]
Thread count: 4 physical cores, 8 logical processors, using up to 8 threads

Non-default parameters:
LogToConsole  0

Optimize a model with 49905 rows, 148442 columns and 205249 nonzeros (Min)
Model fingerprint: 0x5bd319f0
Model has 47857 linear objective coefficients
Coefficient statistics:
  Matrix range     [1e+00, 5e+03]
  Objective range  [4e-01, 1e+06]
  Bounds range     [1e-06, 1e+04]
  RHS range        [1e-06, 3e+09]
Warning: Model contains large rhs
         Consider reformulating model or setting NumericFocus parameter
         to avoid numerical issues.

Presolve removed 49377 rows and 147425 columns
Presolve time: 0.06s
Presolved: 528 rows, 1017 columns, 7546 nonzeros

Concurrent LP optimizer: dual simplex and barrier
Showing barrier log only...

Ordering time: 0.00s

Barrier statistics:
 AA' NZ     : 1.228e+04
 Factor NZ  : 1.823e+04 (roughly 1 MB of memory)
 Factor Ops : 6.779e+05 (less than 1 second per iteration)
 Threads    : 1

Barrier performed 0 iterations in 0.08 seconds (0.07 work units)
Barrier solve interrupted - model solved by another algorithm


Solved with dual simplex
Iteration    Objective       Primal Inf.    Dual Inf.      Time
     446    7.7999961e+06   0.000000e+00   0.000000e+00      0s

Solved in 446 iterations and 0.12 seconds (0.08 work units)
Optimal objective  7.799996057e+06

User-callback calls 53, time in user-callback 0.00 sec
Gurobi Optimizer version 13.0.2 build v13.0.2rc1 (win64 - Windows 11+.0 (26200.2))

CPU model: 11th Gen Intel(R) Core(TM) i5-1145G7 @ 2.60GHz, instruction set [SSE2|AVX|AVX2|AVX512]
Thread count: 4 physical cores, 8 logical processors, using up to 8 threads

Non-default parameters:
LogToConsole  0

Optimize a model with 49906 rows, 148442 columns and 253106 nonzeros (Min)
Model has 98640 linear objective coefficients
Coefficient statistics:
  Matrix range     [4e-01, 1e+06]
  Objective range  [1e+00, 1e+00]
  Bounds range     [1e-06, 1e+04]
  RHS range        [1e-06, 3e+09]
Warning: Model contains large rhs
         Consider reformulating model or setting NumericFocus parameter
         to avoid numerical issues.

LP warm-start: use basis

Iteration    Objective       Primal Inf.    Dual Inf.      Time
       0   -1.1330653e+03   5.300128e+03   0.000000e+00      0s
    3041    7.6885476e+01   0.000000e+00   0.000000e+00      0s

Solved in 3041 iterations and 0.28 seconds (0.55 work units)
Optimal objective  7.688547613e+01

User-callback calls 28, time in user-callback 0.00 sec

Gurobi 13.0.2 (win64) logging started Tue Jul  7 20:32:45 2026

Set parameter LogFile to value "C:\Users\ehsanno\DataspellProjects\Spanish_Power_System\results\NECPEssentials\ipopt_logs\2024-12-02_id2.log"

Gurobi 13.0.2 (win64) logging started Tue Jul  7 20:32:45 2026

Set parameter LogFile to value "C:\Users\ehsanno\DataspellProjects\Spanish_Power_System\results\NECPEssentials\ipopt_logs\2024-12-02_id2.log"
Gurobi Optimizer version 13.0.2 build v13.0.2rc1 (win64 - Windows 11+.0 (26200.2))

CPU model: 11th Gen Intel(R) Core(TM) i5-1145G7 @ 2.60GHz, instruction set [SSE2|AVX|AVX2|AVX512]
Thread count: 4 physical cores, 8 logical processors, using up to 8 threads

Non-default parameters:
LogToConsole  0

Optimize a model with 49905 rows, 148442 columns and 205249 nonzeros (Min)
Model fingerprint: 0x5bd319f0
Model has 47857 linear objective coefficients
Coefficient statistics:
  Matrix range     [1e+00, 5e+03]
  Objective range  [4e-01, 1e+06]
  Bounds range     [1e-06, 1e+04]
  RHS range        [1e-06, 3e+09]
Warning: Model contains large rhs
         Consider reformulating model or setting NumericFocus parameter
         to avoid numerical issues.

Presolve removed 49377 rows and 147425 columns
Presolve time: 0.08s
Presolved: 528 rows, 1017 columns, 7546 nonzeros

Concurrent LP optimizer: dual simplex and barrier
Showing barrier log only...

Ordering time: 0.00s

Barrier statistics:
 AA' NZ     : 1.228e+04
 Factor NZ  : 1.823e+04 (roughly 1 MB of memory)
 Factor Ops : 6.779e+05 (less than 1 second per iteration)
 Threads    : 1

                  Objective                Residual
Iter       Primal          Dual         Primal    Dual     Compl     Time
   0   4.58139781e+10 -9.63419269e+03  1.76e+06 0.00e+00  2.57e+08     0s
   1   4.02244563e+07 -3.17461658e+05  4.08e+02 1.01e+00  7.43e+04     0s

Barrier performed 1 iterations in 0.09 seconds (0.07 work units)
Barrier solve interrupted - model solved by another algorithm


Solved with dual simplex
Iteration    Objective       Primal Inf.    Dual Inf.      Time
     446    7.7999961e+06   0.000000e+00   0.000000e+00      0s

Solved in 446 iterations and 0.14 seconds (0.08 work units)
Optimal objective  7.799996057e+06

User-callback calls 59, time in user-callback 0.00 sec
Gurobi Optimizer version 13.0.2 build v13.0.2rc1 (win64 - Windows 11+.0 (26200.2))

CPU model: 11th Gen Intel(R) Core(TM) i5-1145G7 @ 2.60GHz, instruction set [SSE2|AVX|AVX2|AVX512]
Thread count: 4 physical cores, 8 logical processors, using up to 8 threads

Non-default parameters:
LogToConsole  0

Optimize a model with 49906 rows, 148442 columns and 253106 nonzeros (Min)
Model has 98640 linear objective coefficients
Coefficient statistics:
  Matrix range     [4e-01, 1e+06]
  Objective range  [1e+00, 1e+00]
  Bounds range     [1e-06, 1e+04]
  RHS range        [1e-06, 3e+09]
Warning: Model contains large rhs
         Consider reformulating model or setting NumericFocus parameter
         to avoid numerical issues.

LP warm-start: use basis

Iteration    Objective       Primal Inf.    Dual Inf.      Time
       0   -1.1330653e+03   5.300128e+03   0.000000e+00      0s
    3041    7.6885476e+01   0.000000e+00   0.000000e+00      0s

Solved in 3041 iterations and 0.34 seconds (0.55 work units)
Optimal objective  7.688547613e+01

User-callback calls 28, time in user-callback 0.00 sec

Gurobi 13.0.2 (win64) logging started Tue Jul  7 21:11:57 2026

Set parameter LogFile to value "C:\Users\ehsanno\DataspellProjects\Spanish_Power_System\results\NECPEssentials\ipopt_logs\2024-12-02_id2.log"

Gurobi 13.0.2 (win64) logging started Tue Jul  7 21:11:58 2026

Set parameter LogFile to value "C:\Users\ehsanno\DataspellProjects\Spanish_Power_System\results\NECPEssentials\ipopt_logs\2024-12-02_id2.log"
Gurobi Optimizer version 13.0.2 build v13.0.2rc1 (win64 - Windows 11+.0 (26200.2))

CPU model: 11th Gen Intel(R) Core(TM) i5-1145G7 @ 2.60GHz, instruction set [SSE2|AVX|AVX2|AVX512]
Thread count: 4 physical cores, 8 logical processors, using up to 8 threads

Non-default parameters:
LogToConsole  0

Optimize a model with 49905 rows, 148442 columns and 205249 nonzeros (Min)
Model fingerprint: 0x7977d80d
Model has 47857 linear objective coefficients
Coefficient statistics:
  Matrix range     [1e+00, 5e+03]
  Objective range  [4e-01, 1e+06]
  Bounds range     [1e-06, 1e+04]
  RHS range        [1e-06, 3e+09]
Warning: Model contains large rhs
         Consider reformulating model or setting NumericFocus parameter
         to avoid numerical issues.

Presolve removed 49377 rows and 147424 columns
Presolve time: 0.07s
Presolved: 528 rows, 1018 columns, 7547 nonzeros

Concurrent LP optimizer: dual simplex and barrier
Showing barrier log only...

Ordering time: 0.00s

Barrier statistics:
 AA' NZ     : 1.228e+04
 Factor NZ  : 1.823e+04 (roughly 1 MB of memory)
 Factor Ops : 6.779e+05 (less than 1 second per iteration)
 Threads    : 1

                  Objective                Residual
Iter       Primal          Dual         Primal    Dual     Compl     Time
   0   4.58046553e+10  2.21551229e+05  1.76e+06 0.00e+00  2.57e+08     0s

Barrier performed 0 iterations in 0.07 seconds (0.07 work units)
Barrier solve interrupted - model solved by another algorithm


Solved with dual simplex
Iteration    Objective       Primal Inf.    Dual Inf.      Time
     473    8.2139712e+06   0.000000e+00   0.000000e+00      0s

Solved in 473 iterations and 0.11 seconds (0.08 work units)
Optimal objective  8.213971183e+06

User-callback calls 58, time in user-callback 0.00 sec
Gurobi Optimizer version 13.0.2 build v13.0.2rc1 (win64 - Windows 11+.0 (26200.2))

CPU model: 11th Gen Intel(R) Core(TM) i5-1145G7 @ 2.60GHz, instruction set [SSE2|AVX|AVX2|AVX512]
Thread count: 4 physical cores, 8 logical processors, using up to 8 threads

Non-default parameters:
LogToConsole  0

Optimize a model with 49906 rows, 148442 columns and 253106 nonzeros (Min)
Model has 98640 linear objective coefficients
Coefficient statistics:
  Matrix range     [4e-01, 1e+06]
  Objective range  [1e+00, 1e+00]
  Bounds range     [1e-06, 1e+04]
  RHS range        [1e-06, 3e+09]
Warning: Model contains large rhs
         Consider reformulating model or setting NumericFocus parameter
         to avoid numerical issues.

LP warm-start: use basis

Iteration    Objective       Primal Inf.    Dual Inf.      Time
       0   -2.2517693e+04   7.984204e+05   0.000000e+00      0s
    2410    7.4968452e+01   0.000000e+00   0.000000e+00      0s

Solved in 2410 iterations and 0.44 seconds (0.96 work units)
Optimal objective  7.496845196e+01

User-callback calls 28, time in user-callback 0.00 sec
