
******************************************************************************
This program contains Ipopt, a library for large-scale nonlinear optimization.
 Ipopt is released as open source code under the Eclipse Public License (EPL).
         For more information visit https://github.com/coin-or/Ipopt
******************************************************************************

This is Ipopt version 3.14.19, running with linear solver ma57.

Number of nonzeros in equality constraint Jacobian...:    61511
Number of nonzeros in inequality constraint Jacobian.:    15828
Number of nonzeros in Lagrangian Hessian.............:   105683

Total number of variables............................:    15864
                     variables with only lower bounds:        0
                variables with lower and upper bounds:    14628
                     variables with only upper bounds:        0
Total number of equality constraints.................:    11850
Total number of inequality constraints...............:     7951
        inequality constraints with only lower bounds:      730
   inequality constraints with lower and upper bounds:     1560
        inequality constraints with only upper bounds:     5661

iter    objective    inf_pr   inf_du lg(mu)  ||d||  lg(rg) alpha_du alpha_pr  ls
   0  9.2444438e+06 1.88e+01 1.00e+02  -1.0 0.00e+00    -  0.00e+00 0.00e+00   0
   1  9.2441584e+06 1.88e+01 9.95e+01  -1.0 1.83e+01    -  1.25e-02 1.80e-05f  1
   2  7.1343162e+06 1.84e+01 9.92e+01  -1.0 1.90e+01    -  2.53e-03 1.75e-02f  1
   3  7.0937667e+06 1.75e+01 9.79e+01  -1.0 1.61e+01    -  1.66e-02 5.29e-02f  1
   4  6.3310700e+06 1.65e+01 9.40e+01  -1.0 3.64e+01    -  4.12e-02 5.26e-02f  1
   5  5.2229412e+06 1.36e+01 8.11e+01  -1.0 5.63e+01    -  1.40e-01 1.76e-01f  1
   6  3.1076569e+06 8.80e+00 5.85e+01  -1.0 1.14e+02    -  2.88e-01 3.55e-01f  1
   7  1.8993927e+06 1.74e+00 2.30e+01  -1.0 1.51e+02  -4.0 6.46e-01 8.02e-01f  1
   8  1.5298224e+06 2.71e-02 9.27e+00  -1.0 9.19e+01  -4.5 9.08e-01 9.94e-01h  1
   9  1.4181798e+06 3.16e-03 2.66e+03  -1.0 2.92e+01    -  7.51e-01 1.00e+00f  1
iter    objective    inf_pr   inf_du lg(mu)  ||d||  lg(rg) alpha_du alpha_pr  ls
  10  1.3881470e+06 1.70e-03 9.58e+03  -1.0 1.40e+01    -  5.68e-01 1.00e+00h  1
  11  1.3855783e+06 7.71e-04 7.57e+01  -1.0 3.18e+00    -  9.92e-01 1.00e+00h  1
  12  1.3858680e+06 2.32e-04 2.04e-03  -1.0 1.66e+00    -  1.00e+00 1.00e+00h  1
  13  3.6250770e+05 4.48e-04 4.41e+03  -2.5 3.64e+00  -5.0 8.50e-01 1.00e+00f  1
  14  2.8669109e+05 1.35e-03 4.12e+02  -2.5 2.39e+00    -  9.07e-01 1.00e+00f  1
  15  2.6728127e+05 1.51e-03 1.05e-03  -2.5 2.06e+00    -  1.00e+00 1.00e+00h  1
  16  2.6575233e+05 7.58e-05 6.07e-04  -2.5 2.80e-01  -5.4 1.00e+00 1.00e+00h  1
  17  2.2673732e+05 1.02e-03 1.57e+02  -3.8 1.09e+00    -  8.06e-01 1.00e+00f  1
  18  2.2401047e+05 4.54e-03 1.18e+01  -3.8 2.49e+00  -5.9 9.25e-01 1.00e+00h  1
  19  2.2352644e+05 1.98e-03 3.34e-03  -3.8 1.80e+00  -6.4 1.00e+00 9.29e-01h  1
iter    objective    inf_pr   inf_du lg(mu)  ||d||  lg(rg) alpha_du alpha_pr  ls
  20  2.2352030e+05 1.63e-04 9.37e-05  -3.8 3.18e-01    -  1.00e+00 1.00e+00h  1
  21  2.2351768e+05 1.06e-05 7.11e-06  -3.8 1.15e-01    -  1.00e+00 1.00e+00h  1
  22  2.2351752e+05 4.63e-08 5.90e-08  -3.8 5.60e-03  -6.9 1.00e+00 1.00e+00h  1
  23  2.2184313e+05 5.16e-04 6.23e+00  -5.7 1.51e+00  -7.3 7.55e-01 6.17e-01f  1
  24  2.2122433e+05 4.92e-04 5.21e+00  -5.7 1.36e+00  -7.8 7.72e-01 5.52e-01h  1
  25  2.2101455e+05 3.76e-04 4.25e+00  -5.7 1.18e+00  -8.3 8.68e-01 4.08e-01h  1
  26  2.2074731e+05 3.75e-03 4.77e-01  -5.7 9.19e-01  -8.8 7.52e-01 8.78e-01h  1
  27  2.2071384e+05 1.16e-03 5.63e-06  -5.7 2.58e-01  -8.3 1.00e+00 1.00e+00h  1
  28  2.2071399e+05 3.08e-05 2.14e-06  -5.7 3.95e-02    -  1.00e+00 1.00e+00h  1
  29  2.2071399e+05 6.66e-09 1.10e-08  -5.7 1.18e-03    -  1.00e+00 1.00e+00h  1
iter    objective    inf_pr   inf_du lg(mu)  ||d||  lg(rg) alpha_du alpha_pr  ls
  30  2.2068438e+05 1.72e-04 6.80e-03  -8.6 1.91e-01  -8.8 8.09e-01 7.97e-01h  1
  31  2.2067809e+05 8.32e-05 5.83e-03  -8.6 1.40e-01  -8.4 7.08e-01 7.77e-01h  1
  32  2.2067620e+05 1.95e-05 8.06e-03  -8.6 6.94e-02    -  7.29e-01 9.86e-01h  1
  33  2.2067614e+05 1.52e-06 2.44e-03  -8.6 2.86e-02  -8.9 7.11e-01 1.00e+00h  1
  34  2.2067613e+05 2.60e-07 2.73e-08  -8.6 2.69e-02  -9.4 1.00e+00 1.00e+00h  1

Number of Iterations....: 34

                                   (scaled)                 (unscaled)
Objective...............:   2.2067612821448829e+01    2.2067612821448827e+05
Dual infeasibility......:   2.7343124432911877e-08    2.7343124432911876e-04
Constraint violation....:   2.5976106286795808e-07    2.5976106286795808e-07
Variable bound violation:   1.2880890665201150e-07    1.2880890665201150e-07
Complementarity.........:   8.4791930789602969e-09    8.4791930789602967e-05
Overall NLP error.......:   2.5976106286795808e-07    2.7343124432911876e-04


Number of objective function evaluations             = 35
Number of objective gradient evaluations             = 35
Number of equality constraint evaluations            = 35
Number of inequality constraint evaluations          = 35
Number of equality constraint Jacobian evaluations   = 35
Number of inequality constraint Jacobian evaluations = 35
Number of Lagrangian Hessian evaluations             = 34
Total seconds in IPOPT                               = 7.072

EXIT: Optimal Solution Found.
