This is Ipopt version 3.14.19, running with linear solver ma57.

Number of nonzeros in equality constraint Jacobian...:    61507
Number of nonzeros in inequality constraint Jacobian.:    15828
Number of nonzeros in Lagrangian Hessian.............:   105683

Total number of variables............................:    15860
                     variables with only lower bounds:        0
                variables with lower and upper bounds:    14624
                     variables with only upper bounds:        0
Total number of equality constraints.................:    11850
Total number of inequality constraints...............:     7951
        inequality constraints with only lower bounds:      730
   inequality constraints with lower and upper bounds:     1560
        inequality constraints with only upper bounds:     5661

iter    objective    inf_pr   inf_du lg(mu)  ||d||  lg(rg) alpha_du alpha_pr  ls
   0  2.4464269e+07 1.50e+01 1.00e+02  -1.0 0.00e+00    -  0.00e+00 0.00e+00   0
   1  2.4464493e+07 1.50e+01 9.98e+01  -1.0 1.83e+01  -4.0 1.05e-02 2.82e-05f  1
   2  2.1483511e+07 1.48e+01 9.88e+01  -1.0 2.15e+01  -4.5 8.38e-03 1.64e-02f  1
   3  2.0868577e+07 1.40e+01 9.85e+01  -1.0 1.70e+01  -5.0 6.51e-03 5.30e-02f  1
   4  1.9971858e+07 1.34e+01 9.55e+01  -1.0 4.69e+01    -  3.10e-02 4.33e-02f  1
   5  1.6781506e+07 1.16e+01 9.06e+01  -1.0 8.70e+01    -  5.72e-02 1.32e-01f  1
   6  1.2731352e+07 9.35e+00 7.19e+01  -1.0 1.89e+02  -5.4 2.05e-01 1.94e-01f  1
   7  6.4706597e+06 4.82e+00 1.95e+01  -1.0 2.77e+02    -  7.34e-01 4.84e-01f  1
   8  2.3347620e+06 5.45e-01 7.50e+00  -1.0 3.52e+02    -  7.49e-01 9.91e-01f  1
   9  1.8443705e+06 2.36e-01 5.22e+02  -1.0 2.72e+02    -  8.56e-01 6.87e-01h  1
iter    objective    inf_pr   inf_du lg(mu)  ||d||  lg(rg) alpha_du alpha_pr  ls
  10  1.5917944e+06 1.70e-01 3.00e+03  -1.0 2.38e+02  -5.9 9.91e-01 6.12e-01h  1
  11  1.4931624e+06 7.78e-02 4.64e+03  -1.0 1.52e+02    -  1.00e+00 6.39e-01h  1
  12  1.4553358e+06 1.00e-02 1.41e-01  -1.0 5.65e+01    -  1.00e+00 1.00e+00h  1
  13  1.4567738e+06 5.71e-04 2.99e-03  -1.0 4.10e+00    -  1.00e+00 1.00e+00h  1
  14  3.1734531e+05 2.36e-02 5.85e+03  -2.5 9.13e+01    -  8.02e-01 1.00e+00f  1
  15  2.1343705e+05 1.96e-02 8.88e+02  -2.5 9.05e+01    -  8.48e-01 1.00e+00h  1
  16  1.8529207e+05 9.80e-03 7.04e-02  -2.5 5.69e+01  -6.4 1.00e+00 1.00e+00h  1
  17  1.7979548e+05 1.64e-03 3.92e-03  -2.5 1.89e+01  -6.9 1.00e+00 1.00e+00h  1
  18  1.7963967e+05 9.53e-06 1.05e-05  -2.5 1.00e+00  -7.3 1.00e+00 1.00e+00h  1
  19  1.4610580e+05 4.13e-03 2.13e+02  -3.8 4.09e+01  -7.8 5.72e-01 8.34e-01f  1
iter    objective    inf_pr   inf_du lg(mu)  ||d||  lg(rg) alpha_du alpha_pr  ls
  20  1.4200627e+05 3.18e-03 1.99e+02  -3.8 1.90e+01  -8.3 1.97e-01 4.04e-01h  1
  21  1.4070362e+05 2.75e-03 9.38e+01  -3.8 1.57e+01    -  4.33e-01 1.96e-01h  1
  22  1.3630143e+05 9.31e-03 8.36e+01  -3.8 1.93e+01  -8.8 3.67e-01 7.43e-01h  1
  23  1.3532474e+05 6.12e-03 8.32e+00  -3.8 1.09e+01  -9.2 8.25e-01 4.45e-01h  1
  24  1.3442365e+05 3.60e-03 5.24e+00  -3.8 7.63e+00    -  5.14e-01 6.45e-01h  1
  25  1.3388248e+05 7.34e-04 9.14e-04  -3.8 3.58e+00    -  1.00e+00 1.00e+00h  1
  26  1.3389982e+05 2.04e-05 3.95e-04  -3.8 8.93e-01  -8.8 1.00e+00 1.00e+00h  1
  27  1.3388881e+05 5.24e-06 6.48e-05  -3.8 3.80e-01    -  1.00e+00 1.00e+00h  1
  28  1.3322854e+05 1.56e-04 1.07e+01  -5.7 8.85e+00  -9.3 4.50e-01 2.13e-01f  1
  29  1.3186000e+05 1.12e-03 3.61e+00  -5.7 9.31e+00  -8.9 1.99e-01 5.43e-01h  1
iter    objective    inf_pr   inf_du lg(mu)  ||d||  lg(rg) alpha_du alpha_pr  ls
  30  1.3158511e+05 9.59e-04 2.92e+00  -5.7 7.25e+00    -  2.14e-01 2.19e-01h  1
  31  1.3118709e+05 8.07e-04 5.95e-01  -5.7 7.80e+00    -  4.76e-01 4.02e-01h  1
  32  1.3071638e+05 7.20e-04 2.36e+00  -5.7 8.19e+00    -  4.78e-01 7.48e-01h  1
  33  1.3062713e+05 4.16e-04 1.88e+00  -5.7 4.75e+00    -  3.24e-01 4.77e-01h  1
  34  1.3061698e+05 3.75e-04 2.58e-01  -5.7 3.22e+00  -8.4 7.76e-01 1.01e-01h  1
  35  1.3052150e+05 4.45e-04 4.36e-02  -5.7 2.83e+00  -7.1 9.33e-01 1.00e+00h  1
  36  1.3052069e+05 5.13e-05 1.04e-05  -5.7 1.67e+00    -  1.00e+00 1.00e+00h  1
  37  1.3052074e+05 2.49e-06 5.52e-07  -5.7 8.43e-02    -  1.00e+00 1.00e+00h  1
  38  1.3052074e+05 3.07e-08 6.41e-09  -5.7 9.38e-03    -  1.00e+00 1.00e+00h  1
  39  1.3048316e+05 9.03e-05 6.96e-02  -8.6 1.72e+00    -  6.30e-01 7.55e-01f  1
iter    objective    inf_pr   inf_du lg(mu)  ||d||  lg(rg) alpha_du alpha_pr  ls
  40  1.3047327e+05 2.02e-04 7.45e-02  -8.6 9.42e-01    -  4.68e-01 7.42e-01h  1
  41  1.3047031e+05 6.93e-04 1.55e-02  -8.6 5.09e-01  -7.6 7.91e-01 7.88e-01h  1
  42  1.3046955e+05 6.60e-03 4.15e-03  -8.6 9.52e-01    -  7.65e-01 8.32e-01h  1
  43  1.3046940e+05 1.00e-03 5.77e-04  -8.6 2.17e-01  -8.1 8.60e-01 8.58e-01h  1
  44  1.3046937e+05 2.09e-06 2.34e-08  -8.6 1.26e-01  -8.5 1.00e+00 1.00e+00h  1

Number of Iterations....: 44

                                   (scaled)                 (unscaled)
Objective...............:   1.3046937190210201e+01    1.3046937190210201e+05
Dual infeasibility......:   2.3388764058457929e-08    2.3388764058457928e-04
Constraint violation....:   2.0940973899929993e-06    2.0940973899929993e-06
Variable bound violation:   1.6732122354312651e-08    1.6732122354312651e-08
Complementarity.........:   6.0078052305738220e-09    6.0078052305738215e-05
Overall NLP error.......:   2.0940973899929993e-06    2.3388764058457928e-04


Number of objective function evaluations             = 45
Number of objective gradient evaluations             = 45
Number of equality constraint evaluations            = 45
Number of inequality constraint evaluations          = 45
Number of equality constraint Jacobian evaluations   = 45
Number of inequality constraint Jacobian evaluations = 45
Number of Lagrangian Hessian evaluations             = 44
Total seconds in IPOPT                               = 4.218

EXIT: Optimal Solution Found.
