This is Ipopt version 3.14.19, running with linear solver ma57.

Number of nonzeros in equality constraint Jacobian...:    61511
Number of nonzeros in inequality constraint Jacobian.:    15828
Number of nonzeros in Lagrangian Hessian.............:   105683

Total number of variables............................:    15864
                     variables with only lower bounds:        0
                variables with lower and upper bounds:    14628
                     variables with only upper bounds:        0
Total number of equality constraints.................:    11850
Total number of inequality constraints...............:     7951
        inequality constraints with only lower bounds:      730
   inequality constraints with lower and upper bounds:     1560
        inequality constraints with only upper bounds:     5661

iter    objective    inf_pr   inf_du lg(mu)  ||d||  lg(rg) alpha_du alpha_pr  ls
   0  1.2357532e+07 1.85e+01 1.00e+02  -1.0 0.00e+00    -  0.00e+00 0.00e+00   0
   1  1.2358026e+07 1.85e+01 9.98e+01  -1.0 1.88e+01    -  1.02e-02 2.32e-05f  1
   2  9.6713520e+06 1.82e+01 9.95e+01  -1.0 2.11e+01    -  1.88e-03 1.52e-02f  1
   3  9.6045099e+06 1.75e+01 9.80e+01  -1.0 1.71e+01    -  1.68e-02 3.72e-02f  1
   4  8.6815888e+06 1.66e+01 9.37e+01  -1.0 3.11e+01    -  4.38e-02 5.18e-02f  1
   5  7.1663170e+06 1.40e+01 8.65e+01  -1.0 5.42e+01    -  8.33e-02 1.59e-01f  1
   6  4.6743044e+06 1.00e+01 6.81e+01  -1.0 1.10e+02    -  2.19e-01 2.81e-01f  1
   7  2.7828414e+06 3.99e+00 2.52e+01  -1.0 1.54e+02  -4.0 6.26e-01 6.03e-01f  1
   8  1.9917353e+06 4.03e-01 1.87e+00  -1.0 1.29e+02    -  9.26e-01 8.99e-01f  1
   9  1.7711223e+06 2.47e-02 7.57e+00  -1.0 3.91e+01    -  9.83e-01 1.00e+00f  1
iter    objective    inf_pr   inf_du lg(mu)  ||d||  lg(rg) alpha_du alpha_pr  ls
  10  1.7056347e+06 2.71e-03 7.75e+02  -1.0 2.02e+01    -  9.74e-01 1.00e+00h  1
  11  1.7053617e+06 2.01e-03 1.23e-02  -1.0 2.35e+00    -  1.00e+00 1.00e+00h  1
  12  6.4516992e+05 1.07e-03 4.44e+03  -2.5 6.49e+00  -4.5 8.49e-01 1.00e+00f  1
  13  5.6216451e+05 2.63e-03 3.93e+02  -2.5 7.64e+00  -5.0 9.11e-01 1.00e+00f  1
  14  5.3661761e+05 3.51e-03 1.89e-02  -2.5 4.22e+00  -5.4 1.00e+00 1.00e+00h  1
  15  5.3412911e+05 2.28e-04 1.12e-04  -2.5 1.02e+00    -  1.00e+00 1.00e+00h  1
  16  5.3412205e+05 1.14e-07 9.03e-07  -2.5 4.87e-02    -  1.00e+00 1.00e+00h  1
  17  4.9182771e+05 2.64e-03 1.78e+02  -3.8 2.39e+00  -5.9 7.81e-01 1.00e+00f  1
  18  4.8975026e+05 2.51e-03 1.76e+01  -3.8 4.44e+00    -  9.01e-01 5.83e-01h  1
  19  4.8839441e+05 2.10e-03 1.03e-01  -3.8 4.78e+00  -6.4 1.00e+00 6.94e-01h  1
iter    objective    inf_pr   inf_du lg(mu)  ||d||  lg(rg) alpha_du alpha_pr  ls
  20  4.8785256e+05 3.38e-04 1.44e-04  -3.8 2.98e+00  -6.9 1.00e+00 1.00e+00h  1
  21  4.8786309e+05 5.18e-06 2.82e-06  -3.8 4.16e-01    -  1.00e+00 1.00e+00h  1
  22  4.8575659e+05 4.74e-04 4.89e+00  -5.7 2.24e+00    -  8.32e-01 7.23e-01f  1
  23  4.8525255e+05 5.49e-04 2.00e+00  -5.7 9.41e-01  -7.3 5.68e-01 5.77e-01h  1
  24  4.8500443e+05 5.24e-04 1.36e+00  -5.7 7.21e-01    -  8.84e-01 6.70e-01h  1
  25  4.8490614e+05 6.32e-04 3.83e-01  -5.7 4.96e-01    -  1.00e+00 7.80e-01h  1
  26  4.8487958e+05 4.16e-04 1.08e-05  -5.7 1.75e-01    -  1.00e+00 1.00e+00h  1
  27  4.8487979e+05 1.41e-06 1.60e-06  -5.7 1.46e-02    -  1.00e+00 1.00e+00h  1
  28  4.8487978e+05 1.29e-09 7.12e-08  -5.7 5.81e-04  -7.8 1.00e+00 1.00e+00h  1
  29  4.8485090e+05 7.41e-04 2.91e-02  -8.6 1.53e-01  -8.3 7.76e-01 7.24e-01f  1
iter    objective    inf_pr   inf_du lg(mu)  ||d||  lg(rg) alpha_du alpha_pr  ls
  30  4.8484070e+05 1.45e-03 1.67e-02  -8.6 1.70e-01    -  6.99e-01 8.64e-01h  1
  31  4.8483893e+05 4.44e-05 1.18e-02  -8.6 5.41e-02    -  6.88e-01 1.00e+00h  1
  32  4.8483889e+05 5.08e-04 3.76e-03  -8.6 1.01e-01    -  6.81e-01 1.00e+00h  1
  33  4.8483888e+05 3.96e-05 7.24e-04  -8.6 3.20e-02  -8.8 8.08e-01 1.00e+00h  1
  34  4.8483888e+05 5.66e-05 2.21e-08  -8.6 2.93e-02    -  1.00e+00 1.00e+00h  1

Number of Iterations....: 34

                                   (scaled)                 (unscaled)
Objective...............:   4.8483887791741182e+01    4.8483887791741180e+05
Dual infeasibility......:   2.2121458865772324e-08    2.2121458865772325e-04
Constraint violation....:   5.6579489972952146e-05    5.6579489972952146e-05
Variable bound violation:   1.2951760197665863e-07    1.2951760197665863e-07
Complementarity.........:   4.4251351067665607e-09    4.4251351067665607e-05
Overall NLP error.......:   5.6579489972952146e-05    2.2121458865772325e-04


Number of objective function evaluations             = 35
Number of objective gradient evaluations             = 35
Number of equality constraint evaluations            = 35
Number of inequality constraint evaluations          = 35
Number of equality constraint Jacobian evaluations   = 35
Number of inequality constraint Jacobian evaluations = 35
Number of Lagrangian Hessian evaluations             = 34
Total seconds in IPOPT                               = 4.688

EXIT: Optimal Solution Found.
