This is Ipopt version 3.14.19, running with linear solver ma57.

Number of nonzeros in equality constraint Jacobian...:    61511
Number of nonzeros in inequality constraint Jacobian.:    15828
Number of nonzeros in Lagrangian Hessian.............:   105683

Total number of variables............................:    15864
                     variables with only lower bounds:        0
                variables with lower and upper bounds:    14628
                     variables with only upper bounds:        0
Total number of equality constraints.................:    11850
Total number of inequality constraints...............:     7951
        inequality constraints with only lower bounds:      730
   inequality constraints with lower and upper bounds:     1560
        inequality constraints with only upper bounds:     5661

iter    objective    inf_pr   inf_du lg(mu)  ||d||  lg(rg) alpha_du alpha_pr  ls
   0  2.5680799e+07 1.50e+01 1.00e+02  -1.0 0.00e+00    -  0.00e+00 0.00e+00   0
   1  2.5681136e+07 1.50e+01 9.98e+01  -1.0 1.76e+01    -  1.03e-02 2.71e-05f  1
   2  2.2779315e+07 1.48e+01 9.88e+01  -1.0 2.04e+01    -  8.73e-03 1.64e-02f  1
   3  2.2153198e+07 1.40e+01 9.84e+01  -1.0 1.80e+01    -  5.58e-03 5.15e-02f  1
   4  2.1133536e+07 1.34e+01 9.54e+01  -1.0 5.12e+01    -  3.18e-02 4.33e-02f  1
   5  1.7844768e+07 1.17e+01 9.02e+01  -1.0 9.37e+01    -  5.65e-02 1.27e-01f  1
   6  1.3293221e+07 9.36e+00 7.18e+01  -1.0 1.99e+02    -  2.04e-01 2.00e-01f  1
   7  5.8310669e+06 4.04e+00 1.79e+01  -1.0 2.99e+02    -  7.53e-01 5.68e-01f  1
   8  2.2184722e+06 4.96e-01 8.20e+00  -1.0 3.79e+02    -  7.70e-01 9.91e-01f  1
   9  2.0114579e+06 6.10e-02 3.76e+01  -1.0 1.27e+02  -4.0 9.90e-01 1.00e+00h  1
iter    objective    inf_pr   inf_du lg(mu)  ||d||  lg(rg) alpha_du alpha_pr  ls
  10  1.5965867e+06 1.07e-01 1.13e+00  -1.0 1.48e+02  -4.5 1.00e+00 1.00e+00f  1
  11  1.5201243e+06 8.24e-02 4.11e+01  -1.0 1.72e+02    -  8.87e-01 3.22e-01h  1
  12  1.4295302e+06 4.67e-02 2.45e+01  -1.0 1.22e+02    -  1.00e+00 8.32e-01h  1
  13  1.4226738e+06 5.71e-03 7.08e-02  -1.0 2.11e+01    -  1.00e+00 1.00e+00h  1
  14  1.4228051e+06 3.03e-04 8.75e-03  -1.0 9.56e+00  -5.0 1.00e+00 1.00e+00h  1
  15  3.0238099e+05 1.71e-02 5.46e+03  -2.5 8.24e+01  -5.4 8.15e-01 1.00e+00f  1
  16  2.0342514e+05 1.60e-02 8.48e+02  -2.5 8.83e+01  -5.9 8.45e-01 1.00e+00h  1
  17  1.7669376e+05 1.05e-02 7.20e-02  -2.5 5.79e+01    -  1.00e+00 1.00e+00h  1
  18  1.7190625e+05 6.57e-04 2.93e-03  -2.5 1.45e+01    -  1.00e+00 1.00e+00h  1
  19  1.7178705e+05 1.09e-05 3.87e-05  -2.5 4.74e-01  -6.4 1.00e+00 1.00e+00h  1
iter    objective    inf_pr   inf_du lg(mu)  ||d||  lg(rg) alpha_du alpha_pr  ls
  20  1.3424268e+05 3.97e-03 3.13e+02  -3.8 3.46e+01    -  5.62e-01 9.48e-01f  1
  21  1.2974711e+05 6.89e-03 3.08e+02  -3.8 1.61e+01  -6.9 1.11e-01 8.21e-01h  1
  22  1.2827499e+05 1.18e-02 1.48e+02  -3.8 1.12e+01    -  5.23e-01 7.12e-01h  1
  23  1.2777824e+05 1.26e-03 5.11e-01  -3.8 3.29e-01  -2.8 1.00e+00 7.68e-01h  1
  24  1.2731826e+05 1.12e-03 5.47e-02  -3.8 6.29e-01  -3.3 1.00e+00 9.09e-01h  1
  25  1.2699181e+05 1.24e-03 6.91e-04  -3.8 1.30e+00  -3.8 1.00e+00 1.00e+00h  1
  26  1.2675089e+05 5.03e-04 2.08e-03  -3.8 2.39e+00  -4.3 1.00e+00 1.00e+00h  1
  27  1.2657535e+05 1.20e-03 2.26e-03  -3.8 4.91e+00  -4.7 1.00e+00 1.00e+00h  1
  28  1.2648513e+05 6.58e-04 5.58e-04  -3.8 4.52e+00  -5.2 1.00e+00 1.00e+00h  1
  29  1.2647500e+05 1.50e-04 1.00e-04  -3.8 4.98e+00  -5.7 1.00e+00 1.00e+00h  1
iter    objective    inf_pr   inf_du lg(mu)  ||d||  lg(rg) alpha_du alpha_pr  ls
  30  1.2647234e+05 1.33e-04 1.70e-05  -3.8 9.20e+00    -  1.00e+00 1.00e+00h  1
  31  1.2647263e+05 1.26e-07 8.93e-07  -3.8 1.30e+00  -6.2 1.00e+00 1.00e+00h  1
  32  1.2647270e+05 3.95e-08 5.74e-08  -3.8 1.41e-01  -6.6 1.00e+00 1.00e+00h  1
  33  1.2501403e+05 8.51e-04 1.25e+00  -5.7 9.46e+00    -  4.35e-01 4.63e-01f  1
  34  1.2453379e+05 9.12e-04 1.47e+00  -5.7 8.87e+00    -  3.59e-01 2.65e-01h  1
  35  1.2396022e+05 1.03e-03 2.79e+00  -5.7 9.08e+00  -7.1 5.33e-01 4.15e-01h  1
  36  1.2379951e+05 8.66e-04 5.52e+00  -5.7 9.00e+00    -  6.15e-01 1.87e-01h  1
  37  1.2339770e+05 8.61e-04 1.74e+00  -5.7 9.27e+00  -7.6 3.36e-01 5.64e-01h  1
  38  1.2334338e+05 7.26e-04 2.33e+00  -5.7 5.45e+00    -  6.33e-01 1.74e-01h  1
  39  1.2319650e+05 4.10e-04 1.17e+00  -5.7 4.91e+00  -8.1 8.56e-01 5.83e-01h  1
iter    objective    inf_pr   inf_du lg(mu)  ||d||  lg(rg) alpha_du alpha_pr  ls
  40  1.2308764e+05 3.68e-04 1.01e-04  -5.7 1.81e+00  -6.7 1.00e+00 1.00e+00h  1
  41  1.2308831e+05 4.05e-06 4.20e-07  -5.7 1.46e+00    -  1.00e+00 1.00e+00h  1
  42  1.2308832e+05 2.53e-08 9.85e-09  -5.7 3.51e-01    -  1.00e+00 1.00e+00h  1
  43  1.2308832e+05 5.68e-12 1.84e-11  -5.7 2.38e-03    -  1.00e+00 1.00e+00h  1
  44  1.2305077e+05 1.43e-04 1.03e-01  -8.6 1.53e+00    -  5.76e-01 7.60e-01f  1
  45  1.2303996e+05 2.01e-04 6.77e-02  -8.6 8.10e-01    -  6.16e-01 8.27e-01h  1
  46  1.2303826e+05 7.42e-04 1.41e-02  -8.6 3.53e-01    -  7.54e-01 6.44e-01h  1
  47  1.2303732e+05 5.00e-03 8.46e-03  -8.6 3.10e-01  -7.2 5.79e-01 8.85e-01h  1
  48  1.2303721e+05 9.87e-04 1.24e-03  -8.6 1.40e-01  -7.7 8.50e-01 8.22e-01h  1
  49  1.2303718e+05 6.99e-06 8.66e-08  -8.6 9.17e-02  -8.2 1.00e+00 1.00e+00h  1

Number of Iterations....: 49

                                   (scaled)                 (unscaled)
Objective...............:   1.2303717794495926e+01    1.2303717794495926e+05
Dual infeasibility......:   8.6593746449725956e-08    8.6593746449725956e-04
Constraint violation....:   6.9924856009873082e-06    6.9924856009873082e-06
Variable bound violation:   9.9749142295653930e-09    9.9749142295653930e-09
Complementarity.........:   6.6386086909594322e-09    6.6386086909594319e-05
Overall NLP error.......:   6.9924856009873082e-06    8.6593746449725956e-04


Number of objective function evaluations             = 50
Number of objective gradient evaluations             = 50
Number of equality constraint evaluations            = 50
Number of inequality constraint evaluations          = 50
Number of equality constraint Jacobian evaluations   = 50
Number of inequality constraint Jacobian evaluations = 50
Number of Lagrangian Hessian evaluations             = 49
Total seconds in IPOPT                               = 3.371

EXIT: Optimal Solution Found.
