This is Ipopt version 3.14.19, running with linear solver ma57.

Number of nonzeros in equality constraint Jacobian...:    61511
Number of nonzeros in inequality constraint Jacobian.:    15828
Number of nonzeros in Lagrangian Hessian.............:   105683

Total number of variables............................:    15864
                     variables with only lower bounds:        0
                variables with lower and upper bounds:    14628
                     variables with only upper bounds:        0
Total number of equality constraints.................:    11850
Total number of inequality constraints...............:     7951
        inequality constraints with only lower bounds:      730
   inequality constraints with lower and upper bounds:     1560
        inequality constraints with only upper bounds:     5661

iter    objective    inf_pr   inf_du lg(mu)  ||d||  lg(rg) alpha_du alpha_pr  ls
   0  2.0328501e+07 1.50e+01 1.00e+02  -1.0 0.00e+00    -  0.00e+00 0.00e+00   0
   1  2.0328526e+07 1.50e+01 9.98e+01  -1.0 1.73e+01    -  1.09e-02 2.54e-05f  1
   2  1.7555185e+07 1.48e+01 9.86e+01  -1.0 1.99e+01  -4.0 9.91e-03 1.65e-02f  1
   3  1.7136043e+07 1.39e+01 9.85e+01  -1.0 1.70e+01  -4.5 5.65e-03 6.18e-02f  1
   4  1.6289523e+07 1.33e+01 9.49e+01  -1.0 5.39e+01    -  3.64e-02 4.38e-02f  1
   5  1.3463617e+07 1.12e+01 8.97e+01  -1.0 9.12e+01    -  6.24e-02 1.54e-01f  1
   6  9.9638088e+06 8.92e+00 6.81e+01  -1.0 2.00e+02  -5.0 2.37e-01 2.04e-01f  1
   7  4.4609683e+06 3.70e+00 1.74e+01  -1.0 2.78e+02    -  7.46e-01 5.85e-01f  1
   8  1.8207342e+06 3.20e-01 4.63e+00  -1.0 3.28e+02    -  8.77e-01 9.91e-01f  1
   9  1.4254584e+06 1.63e-01 1.61e+02  -1.0 2.01e+02  -5.4 9.10e-01 8.71e-01h  1
iter    objective    inf_pr   inf_du lg(mu)  ||d||  lg(rg) alpha_du alpha_pr  ls
  10  1.3509169e+06 7.66e-02 4.39e+03  -1.0 1.23e+02    -  9.94e-01 6.93e-01h  1
  11  1.3355867e+06 8.16e-03 2.14e-01  -1.0 4.28e+01    -  1.00e+00 1.00e+00h  1
  12  1.3349466e+06 6.73e-04 1.50e-02  -1.0 4.62e+00  -5.0 1.00e+00 1.00e+00h  1
  13  2.4227317e+05 6.39e-03 5.00e+03  -2.5 5.24e+01    -  8.30e-01 1.00e+00f  1
  14  1.5910617e+05 7.87e-03 5.09e+02  -2.5 3.65e+01  -5.5 8.98e-01 1.00e+00h  1
  15  1.4014853e+05 3.25e-03 2.59e+01  -2.5 2.19e+01  -6.0 9.49e-01 1.00e+00h  1
  16  1.3734257e+05 1.88e-03 2.27e-03  -2.5 5.87e+00  -6.4 1.00e+00 1.00e+00h  1
  17  1.3722956e+05 9.34e-06 1.09e-04  -2.5 1.40e+00    -  1.00e+00 1.00e+00h  1
  18  1.0122026e+05 5.91e-03 3.60e+02  -3.8 1.47e+01    -  5.56e-01 1.00e+00f  1
  19  1.0001319e+05 9.73e-03 1.57e+02  -3.8 2.83e+01    -  5.65e-01 5.03e-01h  1
iter    objective    inf_pr   inf_du lg(mu)  ||d||  lg(rg) alpha_du alpha_pr  ls
  20  9.8991110e+04 1.27e-02 7.29e+01  -3.8 3.05e+01    -  5.35e-01 5.30e-01h  1
  21  9.8532895e+04 9.28e-03 2.33e+01  -3.8 1.88e+01  -6.9 6.80e-01 4.20e-01h  1
  22  9.7952078e+04 6.89e-03 6.78e+00  -3.8 2.29e+01  -7.4 7.09e-01 7.37e-01h  1
  23  9.7704830e+04 1.12e-03 3.59e-04  -3.8 7.23e+00    -  1.00e+00 1.00e+00h  1
  24  9.7699757e+04 2.26e-04 4.60e-05  -3.8 2.19e+00  -7.9 1.00e+00 1.00e+00h  1
  25  9.7699815e+04 1.64e-05 2.31e-06  -3.8 6.98e-01    -  1.00e+00 1.00e+00h  1
  26  9.7699823e+04 5.10e-08 1.03e-08  -3.8 3.63e-02  -8.3 1.00e+00 1.00e+00h  1
  27  9.6168145e+04 3.61e-03 3.05e+00  -5.7 2.08e+01  -8.8 5.37e-01 6.05e-01f  1
  28  9.5874790e+04 2.97e-03 1.82e+00  -5.7 1.37e+01  -8.4 4.56e-01 2.60e-01h  1
  29  9.5605916e+04 2.37e-03 4.83e+00  -5.7 1.25e+01    -  6.24e-01 3.09e-01h  1
iter    objective    inf_pr   inf_du lg(mu)  ||d||  lg(rg) alpha_du alpha_pr  ls
  30  9.5207485e+04 6.00e-03 1.49e+00  -5.7 1.09e+01  -8.9 5.57e-01 6.29e-01h  1
  31  9.5104660e+04 3.88e-03 1.35e+00  -5.7 4.79e+00  -8.4 6.84e-01 4.24e-01h  1
  32  9.5033020e+04 2.10e-03 9.74e-01  -5.7 3.41e+00  -8.0 1.00e+00 4.99e-01h  1
  33  9.4961405e+04 4.48e-04 6.76e-04  -5.7 2.67e+00    -  9.88e-01 1.00e+00h  1
  34  9.4962577e+04 1.47e-05 2.25e-06  -5.7 1.53e-01    -  1.00e+00 1.00e+00h  1
  35  9.4962584e+04 3.54e-07 9.26e-08  -5.7 1.51e-02    -  1.00e+00 1.00e+00h  1
  36  9.4962584e+04 6.09e-10 1.38e-10  -5.7 6.60e-04  -8.5 1.00e+00 1.00e+00h  1
  37  9.4928037e+04 1.43e-04 5.59e-02  -8.6 1.55e+00  -9.0 7.40e-01 8.40e-01f  1
  38  9.4922061e+04 9.01e-05 2.33e-02  -8.6 1.53e-01  -4.9 7.02e-01 7.76e-01h  1
  39  9.4920451e+04 5.22e-05 5.50e-03  -8.6 1.72e-01  -5.4 7.42e-01 7.17e-01h  1
iter    objective    inf_pr   inf_du lg(mu)  ||d||  lg(rg) alpha_du alpha_pr  ls
  40  9.4920037e+04 2.64e-04 1.41e-03  -8.6 2.37e-01  -5.9 6.53e-01 5.66e-01h  1
  41  9.4919845e+04 1.24e-03 5.28e-04  -8.6 4.49e-01  -6.4 8.61e-01 6.15e-01h  1
  42  9.4919749e+04 1.65e-03 1.66e-04  -8.6 4.87e-01  -6.8 1.00e+00 8.24e-01h  1
  43  9.4919737e+04 4.96e-03 1.18e-04  -8.6 3.95e-01  -7.3 1.00e+00 6.63e-01h  1
  44  9.4919731e+04 5.33e-04 5.89e-08  -8.6 2.62e-01  -7.8 1.00e+00 1.00e+00h  1
  45  9.4919731e+04 1.88e-04 1.21e-08  -8.6 1.23e-01  -8.3 1.00e+00 1.00e+00h  1
  46  9.4919731e+04 1.58e-06 1.80e-10  -8.6 1.02e-01  -8.8 1.00e+00 1.00e+00h  1

Number of Iterations....: 46

                                   (scaled)                 (unscaled)
Objective...............:   9.4919730866333385e+00    9.4919730866333382e+04
Dual infeasibility......:   1.7953914720362859e-10    1.7953914720362858e-06
Constraint violation....:   1.5750896094623990e-06    1.5750896094623990e-06
Variable bound violation:   9.9749228006647424e-09    9.9749228006647424e-09
Complementarity.........:   2.5061648325154258e-09    2.5061648325154256e-05
Overall NLP error.......:   1.5750896094623990e-06    2.5061648325154256e-05


Number of objective function evaluations             = 47
Number of objective gradient evaluations             = 47
Number of equality constraint evaluations            = 47
Number of inequality constraint evaluations          = 47
Number of equality constraint Jacobian evaluations   = 47
Number of inequality constraint Jacobian evaluations = 47
Number of Lagrangian Hessian evaluations             = 46
Total seconds in IPOPT                               = 3.360

EXIT: Optimal Solution Found.
