This is Ipopt version 3.14.19, running with linear solver ma57.

Number of nonzeros in equality constraint Jacobian...:    61511
Number of nonzeros in inequality constraint Jacobian.:    15828
Number of nonzeros in Lagrangian Hessian.............:   105683

Total number of variables............................:    15864
                     variables with only lower bounds:        0
                variables with lower and upper bounds:    14628
                     variables with only upper bounds:        0
Total number of equality constraints.................:    11850
Total number of inequality constraints...............:     7951
        inequality constraints with only lower bounds:      730
   inequality constraints with lower and upper bounds:     1560
        inequality constraints with only upper bounds:     5661

iter    objective    inf_pr   inf_du lg(mu)  ||d||  lg(rg) alpha_du alpha_pr  ls
   0  9.1708459e+06 1.88e+01 1.00e+02  -1.0 0.00e+00    -  0.00e+00 0.00e+00   0
   1  9.1705387e+06 1.88e+01 9.95e+01  -1.0 1.82e+01    -  1.27e-02 1.77e-05f  1
   2  7.0999744e+06 1.84e+01 9.92e+01  -1.0 1.88e+01    -  2.64e-03 1.76e-02f  1
   3  7.0673744e+06 1.74e+01 9.79e+01  -1.0 1.60e+01    -  1.67e-02 5.51e-02f  1
   4  6.2997843e+06 1.65e+01 9.40e+01  -1.0 3.71e+01  -4.0 4.11e-02 5.26e-02f  1
   5  5.1856511e+06 1.35e+01 8.19e+01  -1.0 5.66e+01    -  1.32e-01 1.80e-01f  1
   6  3.1657268e+06 8.95e+00 5.90e+01  -1.0 1.14e+02    -  2.87e-01 3.39e-01f  1
   7  1.9286262e+06 2.10e+00 1.45e+01  -1.0 1.52e+02  -4.5 7.95e-01 7.66e-01f  1
   8  1.5134403e+06 3.12e-02 3.54e+00  -1.0 1.01e+02    -  9.80e-01 9.93e-01h  1
   9  1.4026868e+06 3.54e-03 2.31e+03  -1.0 3.00e+01  -5.0 7.41e-01 1.00e+00f  1
iter    objective    inf_pr   inf_du lg(mu)  ||d||  lg(rg) alpha_du alpha_pr  ls
  10  1.3799259e+06 1.76e-03 9.04e+03  -1.0 1.24e+01    -  6.18e-01 1.00e+00h  1
  11  1.3786548e+06 8.05e-04 4.52e-03  -1.0 2.02e+00    -  1.00e+00 1.00e+00h  1
  12  3.5933978e+05 5.67e-04 4.41e+03  -2.5 3.75e+00    -  8.50e-01 1.00e+00f  1
  13  2.8434312e+05 1.46e-03 4.14e+02  -2.5 3.11e+00    -  9.06e-01 1.00e+00f  1
  14  2.6518356e+05 2.08e-03 7.54e-04  -2.5 2.85e+00    -  1.00e+00 1.00e+00h  1
  15  2.6370311e+05 9.65e-05 5.98e-04  -2.5 2.64e-01  -5.4 1.00e+00 1.00e+00h  1
  16  2.2479669e+05 1.00e-03 1.50e+02  -3.8 1.13e+00  -5.9 8.15e-01 1.00e+00f  1
  17  2.2202573e+05 4.64e-03 1.43e+01  -3.8 2.55e+00  -6.4 9.05e-01 1.00e+00h  1
  18  2.2157572e+05 1.76e-03 4.70e-03  -3.8 1.74e+00  -6.9 1.00e+00 9.06e-01h  1
  19  2.2155224e+05 1.50e-04 6.95e-05  -3.8 3.83e-01  -7.3 1.00e+00 1.00e+00h  1
iter    objective    inf_pr   inf_du lg(mu)  ||d||  lg(rg) alpha_du alpha_pr  ls
  20  2.2155033e+05 7.04e-06 1.98e-06  -3.8 1.31e-01  -7.8 1.00e+00 1.00e+00h  1
  21  2.2155024e+05 1.47e-08 5.28e-09  -3.8 4.17e-03    -  1.00e+00 1.00e+00h  1
  22  2.1987432e+05 5.61e-04 6.64e+00  -5.7 1.51e+00    -  7.65e-01 6.18e-01f  1
  23  2.1924135e+05 5.54e-04 4.75e+00  -5.7 1.35e+00    -  7.41e-01 5.65e-01h  1
  24  2.1902049e+05 3.64e-04 3.86e+00  -5.7 1.16e+00    -  8.82e-01 4.42e-01h  1
  25  2.1877573e+05 3.39e-03 4.24e-01  -5.7 8.84e-01    -  7.71e-01 8.81e-01h  1
  26  2.1874587e+05 9.23e-04 5.24e-06  -5.7 2.40e-01  -8.3 1.00e+00 1.00e+00h  1
  27  2.1874600e+05 5.64e-06 9.14e-07  -5.7 3.21e-02  -8.8 1.00e+00 1.00e+00h  1
  28  2.1874600e+05 5.58e-09 4.89e-09  -5.7 1.82e-03    -  1.00e+00 1.00e+00h  1
  29  2.1871592e+05 2.06e-04 3.79e-03  -8.6 1.92e-01    -  8.01e-01 8.07e-01h  1
iter    objective    inf_pr   inf_du lg(mu)  ||d||  lg(rg) alpha_du alpha_pr  ls
  30  2.1870982e+05 9.10e-05 9.23e-03  -8.6 1.36e-01  -8.3 7.10e-01 7.86e-01h  1
  31  2.1870806e+05 4.42e-05 8.29e-03  -8.6 7.17e-02  -8.8 7.32e-01 9.84e-01h  1
  32  2.1870799e+05 4.78e-06 2.42e-03  -8.6 2.88e-02  -9.3 7.20e-01 1.00e+00h  1
  33  2.1870798e+05 7.43e-07 3.45e-08  -8.6 2.54e-02  -9.8 1.00e+00 1.00e+00h  1

Number of Iterations....: 33

                                   (scaled)                 (unscaled)
Objective...............:   2.1870798043732339e+01    2.1870798043732339e+05
Dual infeasibility......:   3.4491679830369840e-08    3.4491679830369839e-04
Constraint violation....:   7.4254065603185371e-07    7.4254065603185371e-07
Variable bound violation:   1.2882483702014724e-07    1.2882483702014724e-07
Complementarity.........:   8.6567461140556080e-09    8.6567461140556079e-05
Overall NLP error.......:   7.4254065603185371e-07    3.4491679830369839e-04


Number of objective function evaluations             = 34
Number of objective gradient evaluations             = 34
Number of equality constraint evaluations            = 34
Number of inequality constraint evaluations          = 34
Number of equality constraint Jacobian evaluations   = 34
Number of inequality constraint Jacobian evaluations = 34
Number of Lagrangian Hessian evaluations             = 33
Total seconds in IPOPT                               = 2.699

EXIT: Optimal Solution Found.
