This is Ipopt version 3.14.19, running with linear solver ma57.

Number of nonzeros in equality constraint Jacobian...:    61511
Number of nonzeros in inequality constraint Jacobian.:    15828
Number of nonzeros in Lagrangian Hessian.............:   105683

Total number of variables............................:    15864
                     variables with only lower bounds:        0
                variables with lower and upper bounds:    14628
                     variables with only upper bounds:        0
Total number of equality constraints.................:    11850
Total number of inequality constraints...............:     7951
        inequality constraints with only lower bounds:      730
   inequality constraints with lower and upper bounds:     1560
        inequality constraints with only upper bounds:     5661

iter    objective    inf_pr   inf_du lg(mu)  ||d||  lg(rg) alpha_du alpha_pr  ls
   0  1.0443938e+07 1.88e+01 1.00e+02  -1.0 0.00e+00    -  0.00e+00 0.00e+00   0
   1  1.0443871e+07 1.88e+01 9.97e+01  -1.0 1.92e+01    -  1.12e-02 2.15e-05f  1
   2  7.9578004e+06 1.85e+01 9.93e+01  -1.0 2.01e+01  -4.0 1.87e-03 1.66e-02f  1
   3  7.8633425e+06 1.77e+01 9.79e+01  -1.0 1.69e+01  -4.5 1.60e-02 4.04e-02f  1
   4  7.1217579e+06 1.68e+01 9.37e+01  -1.0 3.34e+01  -5.0 4.38e-02 5.22e-02f  1
   5  5.9236474e+06 1.41e+01 8.85e+01  -1.0 5.72e+01    -  6.40e-02 1.59e-01f  1
   6  4.1151269e+06 1.06e+01 7.07e+01  -1.0 1.14e+02  -5.4 2.06e-01 2.48e-01f  1
   7  2.4185688e+06 4.43e+00 1.70e+01  -1.0 1.56e+02    -  7.57e-01 5.83e-01f  1
   8  1.5718080e+06 9.87e-02 1.27e+00  -1.0 1.47e+02    -  9.52e-01 9.83e-01f  1
   9  1.4609512e+06 5.68e-03 2.39e+02  -1.0 3.69e+01  -5.9 8.96e-01 1.00e+00f  1
iter    objective    inf_pr   inf_du lg(mu)  ||d||  lg(rg) alpha_du alpha_pr  ls
  10  1.4199990e+06 1.67e-03 1.85e+04  -1.0 1.69e+01    -  3.44e-01 1.00e+00h  1
  11  1.4184237e+06 7.06e-04 5.44e+01  -1.0 2.79e+00  -6.4 9.97e-01 1.00e+00h  1
  12  1.4187577e+06 5.29e-04 1.91e-03  -1.0 1.43e+00    -  1.00e+00 1.00e+00h  1
  13  3.6283508e+05 9.31e-04 4.41e+03  -2.5 6.18e+00    -  8.50e-01 1.00e+00f  1
  14  2.7965351e+05 1.81e-03 3.63e+02  -2.5 5.80e+00  -6.9 9.18e-01 1.00e+00f  1
  15  2.5723845e+05 1.75e-03 4.85e-03  -2.5 3.16e+00  -7.3 1.00e+00 1.00e+00h  1
  16  2.5558536e+05 5.87e-05 5.05e-04  -2.5 4.51e-01  -7.8 1.00e+00 1.00e+00h  1
  17  2.1495044e+05 1.46e-03 1.46e+02  -3.8 1.89e+00    -  8.21e-01 1.00e+00f  1
  18  2.1260568e+05 3.58e-03 1.54e+01  -3.8 2.71e+00  -8.3 8.94e-01 8.15e-01h  1
  19  2.1186381e+05 2.20e-03 4.02e-02  -3.8 3.14e+00  -8.8 1.00e+00 7.79e-01h  1
iter    objective    inf_pr   inf_du lg(mu)  ||d||  lg(rg) alpha_du alpha_pr  ls
  20  2.1167448e+05 2.18e-04 6.26e-05  -3.8 1.31e+00  -9.2 1.00e+00 1.00e+00h  1
  21  2.1167685e+05 2.26e-06 3.27e-06  -3.8 1.60e-01    -  1.00e+00 1.00e+00h  1
  22  2.0972599e+05 6.67e-04 5.30e+00  -5.7 1.49e+00    -  8.17e-01 6.99e-01f  1
  23  2.0942456e+05 5.07e-04 6.98e+00  -5.7 1.73e+00    -  7.44e-01 3.30e-01h  1
  24  2.0896913e+05 4.36e-03 2.28e+00  -5.7 1.65e+00  -9.7 9.26e-01 7.32e-01h  1
  25  2.0885273e+05 7.99e-03 6.83e-01  -5.7 9.99e-01 -10.2 1.00e+00 7.19e-01h  1
  26  2.0881313e+05 2.32e-03 6.18e-02  -5.7 4.14e-01 -10.7 1.00e+00 9.10e-01h  1
  27  2.0880956e+05 2.07e-06 3.10e-06  -5.7 6.45e-02  -9.4 1.00e+00 1.00e+00h  1
  28  2.0880956e+05 2.28e-09 1.52e-08  -5.7 3.71e-03    -  1.00e+00 1.00e+00h  1
  29  2.0877900e+05 1.14e-04 1.00e-02  -8.6 3.03e-01  -9.8 8.27e-01 8.09e-01h  1
iter    objective    inf_pr   inf_du lg(mu)  ||d||  lg(rg) alpha_du alpha_pr  ls
  30  2.0877190e+05 6.31e-05 1.86e-02  -8.6 1.93e-01 -10.3 7.07e-01 9.09e-01h  1
  31  2.0877130e+05 2.60e-05 4.63e-03  -8.6 6.70e-02    -  7.46e-01 7.36e-01h  1
  32  2.0877106e+05 2.84e-06 2.01e-03  -8.6 3.68e-02  -9.9 7.21e-01 1.00e+00h  1
  33  2.0877105e+05 4.34e-07 6.41e-04  -8.6 3.55e-02    -  6.81e-01 1.00e+00h  1
  34  2.0877105e+05 1.03e-07 2.49e-05  -8.6 1.28e-02 -10.4 1.00e+00 8.63e-01h  1

Number of Iterations....: 34

                                   (scaled)                 (unscaled)
Objective...............:   2.0877105104928461e+01    2.0877105104928461e+05
Dual infeasibility......:   2.4883518989857667e-05    2.4883518989857667e-01
Constraint violation....:   1.0316343979077658e-07    1.0316343979077658e-07
Variable bound violation:   1.2904325785711990e-07    1.2904325785711990e-07
Complementarity.........:   4.6748378021382760e-09    4.6748378021382758e-05
Overall NLP error.......:   2.4883518989857667e-05    2.4883518989857667e-01


Number of objective function evaluations             = 35
Number of objective gradient evaluations             = 35
Number of equality constraint evaluations            = 35
Number of inequality constraint evaluations          = 35
Number of equality constraint Jacobian evaluations   = 35
Number of inequality constraint Jacobian evaluations = 35
Number of Lagrangian Hessian evaluations             = 34
Total seconds in IPOPT                               = 2.823

EXIT: Optimal Solution Found.
