This is Ipopt version 3.14.19, running with linear solver ma57.

Number of nonzeros in equality constraint Jacobian...:    60621
Number of nonzeros in inequality constraint Jacobian.:    14048
Number of nonzeros in Lagrangian Hessian.............:   105238

Total number of variables............................:    14974
                     variables with only lower bounds:        0
                variables with lower and upper bounds:    13738
                     variables with only upper bounds:        0
Total number of equality constraints.................:    11850
Total number of inequality constraints...............:     7951
        inequality constraints with only lower bounds:      730
   inequality constraints with lower and upper bounds:     1560
        inequality constraints with only upper bounds:     5661

iter    objective    inf_pr   inf_du lg(mu)  ||d||  lg(rg) alpha_du alpha_pr  ls
   0  8.2297497e+06 1.88e+01 1.00e+02  -1.0 0.00e+00    -  0.00e+00 0.00e+00   0
   1  8.2296001e+06 1.88e+01 9.95e+01  -1.0 1.74e+01    -  1.28e-02 1.58e-05f  1
   2  6.4467493e+06 1.84e+01 9.91e+01  -1.0 1.79e+01  -4.0 1.95e-03 1.89e-02f  1
   3  6.2596771e+06 1.76e+01 9.76e+01  -1.0 1.54e+01    -  1.82e-02 4.55e-02f  1
   4  5.7008463e+06 1.65e+01 9.24e+01  -1.0 3.07e+01    -  5.39e-02 5.90e-02f  1
   5  4.5314532e+06 1.34e+01 7.59e+01  -1.0 5.23e+01    -  1.79e-01 1.89e-01f  1
   6  2.4604790e+06 7.07e+00 4.87e+01  -1.0 1.14e+02  -4.5 3.73e-01 4.73e-01f  1
   7  1.5307440e+06 1.59e-01 1.63e+01  -1.0 1.57e+02  -5.0 7.68e-01 9.90e-01h  1
   8  1.3035864e+06 2.75e-03 3.74e+02  -1.0 4.90e+01  -5.4 8.49e-01 9.90e-01h  1
   9  1.2339955e+06 2.07e-03 6.92e+04  -1.0 2.18e+01  -5.0 7.39e-01 1.00e+00h  1
iter    objective    inf_pr   inf_du lg(mu)  ||d||  lg(rg) alpha_du alpha_pr  ls
  10  1.2196001e+06 1.86e-03 1.53e+06  -1.0 9.70e+00  -5.5 8.43e-01 1.00e+00h  1
  11  1.2176434e+06 8.36e-04 5.54e+03  -1.0 2.45e+00    -  9.96e-01 1.00e+00h  1
  12  1.2176168e+06 2.69e-04 1.21e-03  -1.0 1.78e+00    -  1.00e+00 1.00e+00h  1
  13  3.9110601e+05 5.88e-04 3.86e-02  -1.7 5.97e+00    -  1.00e+00 1.00e+00f  1
  14  1.5126830e+05 8.32e-04 2.09e+05  -2.5 2.19e+00    -  8.78e-01 1.00e+00f  1
  15  1.3494877e+05 4.10e-04 5.78e-03  -2.5 1.21e+00  -6.0 1.00e+00 1.00e+00h  1
  16  1.3395145e+05 2.72e-05 1.05e-03  -2.5 2.57e-01  -6.4 1.00e+00 1.00e+00h  1
  17  1.0027262e+05 3.22e-04 6.10e+04  -3.8 8.42e-01  -6.9 7.65e-01 9.92e-01f  1
  18  9.9719367e+04 5.80e-04 1.56e+04  -3.8 1.03e+00  -6.5 7.52e-01 1.00e+00h  1
  19  9.9540218e+04 5.58e-04 7.87e-04  -3.8 7.24e-01    -  1.00e+00 1.00e+00h  1
iter    objective    inf_pr   inf_du lg(mu)  ||d||  lg(rg) alpha_du alpha_pr  ls
  20  9.9494268e+04 1.87e-04 7.29e-05  -3.8 4.44e-01    -  1.00e+00 1.00e+00h  1
  21  9.9492842e+04 3.67e-08 4.91e-08  -3.8 1.40e-02  -7.0 1.00e+00 1.00e+00h  1
  22  9.7575415e+04 1.47e-03 3.18e+03  -5.7 1.32e+00    -  7.76e-01 9.90e-01f  1
  23  9.7502047e+04 3.41e-03 7.59e+02  -5.7 2.23e+00  -5.6 7.70e-01 9.53e-01h  1
  24  9.7493149e+04 2.35e-03 1.59e+02  -5.7 2.00e+00  -6.1 7.87e-01 3.39e-01h  1
  25  9.7478900e+04 1.51e-03 1.28e+00  -5.7 1.85e+00  -6.6 1.00e+00 7.28e-01h  1
  26  9.7474489e+04 6.26e-04 3.33e-05  -5.7 1.07e+00  -7.1 1.00e+00 1.00e+00h  1
  27  9.7474783e+04 1.84e-06 9.33e-08  -5.7 2.38e-01  -7.5 1.00e+00 1.00e+00h  1
  28  9.7474784e+04 8.21e-09 1.14e-08  -5.7 4.70e-02    -  1.00e+00 1.00e+00h  1
  29  9.7474784e+04 4.71e-12 2.88e-10  -5.7 5.03e-04  -6.2 1.00e+00 1.00e+00h  1
iter    objective    inf_pr   inf_du lg(mu)  ||d||  lg(rg) alpha_du alpha_pr  ls
  30  9.7456053e+04 2.34e-04 2.35e+01  -8.6 6.50e-01  -6.7 8.16e-01 6.88e-01f  1
  31  9.7450312e+04 9.21e-04 8.02e+00  -8.6 4.30e-01  -7.2 6.49e-01 6.53e-01h  1
  32  9.7448028e+04 9.19e-04 2.71e-01  -8.6 3.18e-01  -7.6 5.84e-01 7.38e-01h  1
  33  9.7447395e+04 1.72e-03 6.16e-01  -8.6 1.67e-01    -  6.28e-01 7.66e-01h  1
  34  9.7447205e+04 3.38e-05 2.16e-01  -8.6 6.81e-02    -  8.33e-01 9.26e-01h  1
  35  9.7447183e+04 2.51e-06 2.06e-08  -8.6 8.92e-02    -  1.00e+00 1.00e+00h  1

Number of Iterations....: 35

                                   (scaled)                 (unscaled)
Objective...............:   9.7447183400415973e+00    9.7447183400415975e+04
Dual infeasibility......:   2.0609579939914013e-08    2.0609579939914014e-04
Constraint violation....:   2.5053964741589274e-06    2.5053964741589274e-06
Variable bound violation:   6.7472120335310137e-08    6.7472120335310137e-08
Complementarity.........:   6.5433640111538858e-09    6.5433640111538856e-05
Overall NLP error.......:   2.5053964741589274e-06    2.0609579939914014e-04


Number of objective function evaluations             = 36
Number of objective gradient evaluations             = 36
Number of equality constraint evaluations            = 36
Number of inequality constraint evaluations          = 36
Number of equality constraint Jacobian evaluations   = 36
Number of inequality constraint Jacobian evaluations = 36
Number of Lagrangian Hessian evaluations             = 35
Total seconds in IPOPT                               = 2.642

EXIT: Optimal Solution Found.
