This is Ipopt version 3.14.19, running with linear solver ma57.

Number of nonzeros in equality constraint Jacobian...:    13682
Number of nonzeros in inequality constraint Jacobian.:     3120
Number of nonzeros in Lagrangian Hessian.............:      899

Total number of variables............................:     5539
                     variables with only lower bounds:        0
                variables with lower and upper bounds:     4303
                     variables with only upper bounds:        0
Total number of equality constraints.................:     3582
Total number of inequality constraints...............:     1560
        inequality constraints with only lower bounds:        0
   inequality constraints with lower and upper bounds:     1560
        inequality constraints with only upper bounds:        0

iter    objective    inf_pr   inf_du lg(mu)  ||d||  lg(rg) alpha_du alpha_pr  ls
   0  1.2806370e+07 1.77e+01 8.46e+01  -1.0 0.00e+00    -  0.00e+00 0.00e+00   0
   1  1.2806357e+07 1.77e+01 8.43e+01  -1.0 1.74e+01    -  1.03e-02 2.45e-05f  1
   2  9.9719123e+06 1.75e+01 8.43e+01  -1.0 1.89e+01  -4.0 1.20e-03 1.66e-02f  1
   3  9.8391837e+06 1.69e+01 8.35e+01  -1.0 3.35e+01    -  1.26e-02 3.07e-02f  1
   4  8.9517205e+06 1.61e+01 8.10e+01  -1.0 1.45e+01  -4.5 3.27e-02 4.80e-02f  1
   5  7.6595793e+06 1.43e+01 7.14e+01  -1.0 1.38e+01  -5.0 1.17e-01 1.12e-01f  1
   6  4.2098467e+06 9.54e+00 4.67e+01  -1.0 1.22e+01    -  3.44e-01 3.33e-01f  1
   7  1.5772496e+06 8.85e-01 1.61e+01  -1.0 8.19e+01    -  6.93e-01 9.07e-01f  1
   8  1.4026211e+06 3.81e-07 1.86e-01  -1.0 9.03e-01  -5.4 9.89e-01 1.00e+00f  1
   9  1.4154437e+06 7.48e-12 1.09e-03  -1.0 1.97e-01    -  9.95e-01 1.00e+00f  1
iter    objective    inf_pr   inf_du lg(mu)  ||d||  lg(rg) alpha_du alpha_pr  ls
  10  3.3122823e+05 4.66e-12 3.85e-02  -2.5 8.32e-01    -  8.50e-01 1.00e+00f  1
  11  2.4704660e+05 6.43e-12 2.90e-02  -2.5 1.35e+00  -5.9 8.50e-01 1.00e+00f  1
  12  2.2383370e+05 1.99e-11 3.04e-07  -2.5 7.40e-01  -6.4 1.00e+00 1.00e+00f  1
  13  1.8018227e+05 9.13e-12 9.34e-03  -3.8 5.20e-01    -  8.39e-01 9.94e-01f  1
  14  1.7539330e+05 1.35e-11 2.04e-14  -3.8 1.18e-01    -  1.00e+00 1.00e+00f  1
  15  1.7201388e+05 8.47e-12 2.65e-03  -5.7 4.62e-02  -6.9 7.21e-01 1.00e+00f  1
  16  1.7190800e+05 9.49e-12 1.22e-03  -5.7 7.81e-03    -  9.02e-01 9.77e-01f  1
  17  1.7190364e+05 7.81e-12 1.94e-14  -5.7 1.77e-02    -  1.00e+00 1.00e+00f  1
  18  1.7186773e+05 4.25e-12 6.47e-05  -8.6 7.44e-03    -  9.94e-01 9.81e-01f  1
  19  1.7186674e+05 4.87e-12 1.97e-14  -8.6 1.91e-03    -  1.00e+00 1.00e+00f  1
iter    objective    inf_pr   inf_du lg(mu)  ||d||  lg(rg) alpha_du alpha_pr  ls
  20  1.7186659e+05 8.99e-12 4.29e-11  -8.6 9.38e-04  -7.3 1.00e+00 1.00e+00f  1
  21  1.7186655e+05 7.49e-12 1.98e-14  -8.6 4.62e-04    -  1.00e+00 1.00e+00h  1
  22  1.7186654e+05 1.54e-11 3.30e-12  -8.6 2.17e-04  -7.8 1.00e+00 1.00e+00h  1
  23  1.7186651e+05 1.13e-11 5.97e-13  -9.0 1.17e-04  -8.3 1.00e+00 1.00e+00h  1

Number of Iterations....: 23

                                   (scaled)                 (unscaled)
Objective...............:   1.7186650845629707e+01    1.7186650845629707e+05
Dual infeasibility......:   5.9667389528691304e-13    5.9667389528691306e-09
Constraint violation....:   1.3044916938202920e-12    1.1280087974796515e-11
Variable bound violation:   1.5344022763486009e-07    1.5344022763486009e-07
Complementarity.........:   2.9770739826735097e-09    2.9770739826735096e-05
Overall NLP error.......:   2.9770739826735097e-09    2.9770739826735096e-05


Number of objective function evaluations             = 24
Number of objective gradient evaluations             = 24
Number of equality constraint evaluations            = 24
Number of inequality constraint evaluations          = 24
Number of equality constraint Jacobian evaluations   = 1
Number of inequality constraint Jacobian evaluations = 1
Number of Lagrangian Hessian evaluations             = 1
Total seconds in IPOPT                               = 0.143

EXIT: Optimal Solution Found.

Gurobi 13.0.2 (win64) logging started Wed Jul 15 11:53:27 2026

Set parameter LogFile to value "C:\Users\ehsanno\DataspellProjects\Spanish_Power_System\results\GoRES\ipopt_logs\2024-07-08_h23.log"

Gurobi 13.0.2 (win64) logging started Wed Jul 15 11:53:27 2026

Set parameter LogFile to value "C:\Users\ehsanno\DataspellProjects\Spanish_Power_System\results\GoRES\ipopt_logs\2024-07-08_h23.log"
Gurobi Optimizer version 13.0.2 build v13.0.2rc1 (win64 - Windows 11+.0 (26200.2))

CPU model: 11th Gen Intel(R) Core(TM) i5-1145G7 @ 2.60GHz, instruction set [SSE2|AVX|AVX2|AVX512]
Thread count: 4 physical cores, 8 logical processors, using up to 8 threads

Non-default parameters:
LogToConsole  0

Optimize a model with 5142 rows, 7197 columns and 18460 nonzeros (Min)
Model fingerprint: 0x21a7a4f5
Model has 2031 linear objective coefficients and an objective constant of 1.4318061271881416e+07
Model has 973 quadratic objective terms
Coefficient statistics:
  Matrix range     [1e+00, 1e+04]
  Objective range  [9e+00, 1e+06]
  QObjective range [2e+04, 2e+04]
  Bounds range     [2e-06, 1e+04]
  RHS range        [2e-06, 1e+01]

Presolve removed 3669 rows and 4174 columns
Presolve time: 0.01s
Presolved: 1473 rows, 3023 columns, 8990 nonzeros
Presolved model has 899 quadratic objective terms
Ordering time: 0.00s

Barrier statistics:
 AA' NZ     : 1.792e+04
 Factor NZ  : 4.680e+04 (roughly 2 MB of memory)
 Factor Ops : 1.875e+06 (less than 1 second per iteration)
 Threads    : 1

                  Objective                Residual
Iter       Primal          Dual         Primal    Dual     Compl     Time
   0   6.39909538e+12 -6.85987061e+11  7.25e+03 5.34e+03  5.33e+06     0s
   1   1.80021262e+12 -2.14143707e+11  2.15e+03 1.58e+03  1.61e+06     0s
   2   2.63387031e+11 -1.68800102e+11  3.21e+02 2.37e+02  2.98e+05     0s
   3   1.02264190e+11 -1.27478821e+11  1.25e+02 9.24e+01  1.21e+05     0s
   4   1.10316738e+10 -8.87218903e+10  1.41e+01 1.04e+01  2.69e+04     0s
   5   1.70889544e+09 -4.25130132e+10  2.65e+00 1.95e+00  9.49e+03     0s
   6   7.00532087e+08 -2.58922081e+10  1.20e+00 8.81e-01  5.45e+03     0s
   7   4.18140505e+08 -1.55144365e+10  5.47e-01 4.03e-01  3.11e+03     0s
   8   2.98531991e+08 -1.02246425e+10  3.40e-01 2.51e-01  1.99e+03     0s
   9   1.33392991e+08 -4.69411772e+09  6.92e-02 5.10e-02  8.49e+02     0s
  10   8.56527325e+07 -1.55430062e+09  2.15e-02 1.58e-02  2.79e+02     0s
  11   3.75601929e+07 -5.98155096e+08  4.58e-04 3.38e-04  1.05e+02     0s
  12   6.59773515e+06 -2.35622118e+07  2.88e-06 2.12e-06  4.96e+00     0s
  13   7.66276575e+05 -2.32306226e+06  1.90e-09 7.28e-12  5.08e-01     0s
  14   3.13395138e+05 -2.19011281e+05  2.44e-08 1.50e-11  8.75e-02     0s
  15   1.91647624e+05  1.50412651e+05  2.66e-08 1.16e-11  6.77e-03     0s
  16   1.73477422e+05  1.70004106e+05  2.31e-07 1.32e-11  5.71e-04     0s
  17   1.71919814e+05  1.71767015e+05  1.34e-06 1.96e-11  2.51e-05     0s
  18   1.71885953e+05  1.71872254e+05  5.83e-05 1.25e-11  1.49e-06     0s
  19   1.71877632e+05  1.71876437e+05  5.51e-07 1.54e-11  1.97e-07     0s
  20   1.71877134e+05  1.71876971e+05  9.17e-08 8.29e-12  2.77e-08     0s
  21   1.71877041e+05  1.71876972e+05  3.47e-07 1.05e-11  2.73e-08     0s
  22   1.71877050e+05  1.71876972e+05  3.87e-07 1.60e-11  2.73e-08     0s
  23   1.71877104e+05  1.71876936e+05  1.29e-08 8.98e-11  2.76e-08     0s

Barrier solved model in 23 iterations and 0.07 seconds (0.05 work units)
Optimal objective 1.71877104e+05


User-callback calls 81, time in user-callback 0.00 sec

Gurobi 13.0.2 (win64) logging started Wed Jul 15 12:00:44 2026

Set parameter LogFile to value "C:\Users\ehsanno\DataspellProjects\Spanish_Power_System\results\GoRES\ipopt_logs\2024-07-08_h23.log"

Gurobi 13.0.2 (win64) logging started Wed Jul 15 12:00:44 2026

Set parameter LogFile to value "C:\Users\ehsanno\DataspellProjects\Spanish_Power_System\results\GoRES\ipopt_logs\2024-07-08_h23.log"
Gurobi Optimizer version 13.0.2 build v13.0.2rc1 (win64 - Windows 11+.0 (26200.2))

CPU model: 11th Gen Intel(R) Core(TM) i5-1145G7 @ 2.60GHz, instruction set [SSE2|AVX|AVX2|AVX512]
Thread count: 4 physical cores, 8 logical processors, using up to 8 threads

Non-default parameters:
LogToConsole  0

Optimize a model with 5142 rows, 7197 columns and 18460 nonzeros (Min)
Model fingerprint: 0x21a7a4f5
Model has 2031 linear objective coefficients and an objective constant of 1.4318061271881416e+07
Model has 973 quadratic objective terms
Coefficient statistics:
  Matrix range     [1e+00, 1e+04]
  Objective range  [9e+00, 1e+06]
  QObjective range [2e+04, 2e+04]
  Bounds range     [2e-06, 1e+04]
  RHS range        [2e-06, 1e+01]

Presolve removed 3669 rows and 4174 columns
Presolve time: 0.01s
Presolved: 1473 rows, 3023 columns, 8990 nonzeros
Presolved model has 899 quadratic objective terms
Ordering time: 0.00s

Barrier statistics:
 AA' NZ     : 1.792e+04
 Factor NZ  : 4.680e+04 (roughly 2 MB of memory)
 Factor Ops : 1.875e+06 (less than 1 second per iteration)
 Threads    : 1

                  Objective                Residual
Iter       Primal          Dual         Primal    Dual     Compl     Time
   0   6.39909538e+12 -6.85987061e+11  7.25e+03 5.34e+03  5.33e+06     0s
   1   1.80021262e+12 -2.14143707e+11  2.15e+03 1.58e+03  1.61e+06     0s
   2   2.63387031e+11 -1.68800102e+11  3.21e+02 2.37e+02  2.98e+05     0s
   3   1.02264190e+11 -1.27478821e+11  1.25e+02 9.24e+01  1.21e+05     0s
   4   1.10316738e+10 -8.87218903e+10  1.41e+01 1.04e+01  2.69e+04     0s
   5   1.70889544e+09 -4.25130132e+10  2.65e+00 1.95e+00  9.49e+03     0s
   6   7.00532087e+08 -2.58922081e+10  1.20e+00 8.81e-01  5.45e+03     0s
   7   4.18140505e+08 -1.55144365e+10  5.47e-01 4.03e-01  3.11e+03     0s
   8   2.98531991e+08 -1.02246425e+10  3.40e-01 2.51e-01  1.99e+03     0s
   9   1.33392991e+08 -4.69411772e+09  6.92e-02 5.10e-02  8.49e+02     0s
  10   8.56527325e+07 -1.55430062e+09  2.15e-02 1.58e-02  2.79e+02     0s
  11   3.75601929e+07 -5.98155096e+08  4.58e-04 3.38e-04  1.05e+02     0s
  12   6.59773515e+06 -2.35622118e+07  2.88e-06 2.12e-06  4.96e+00     0s
  13   7.66276575e+05 -2.32306226e+06  1.90e-09 7.28e-12  5.08e-01     0s
  14   3.13395138e+05 -2.19011281e+05  2.44e-08 1.50e-11  8.75e-02     0s
  15   1.91647624e+05  1.50412651e+05  2.66e-08 1.16e-11  6.77e-03     0s
  16   1.73477422e+05  1.70004106e+05  2.31e-07 1.32e-11  5.71e-04     0s
  17   1.71919814e+05  1.71767015e+05  1.34e-06 1.96e-11  2.51e-05     0s
  18   1.71885953e+05  1.71872254e+05  5.83e-05 1.25e-11  1.49e-06     0s
  19   1.71877632e+05  1.71876437e+05  5.51e-07 1.54e-11  1.97e-07     0s
  20   1.71877134e+05  1.71876971e+05  9.17e-08 8.29e-12  2.77e-08     0s
  21   1.71877041e+05  1.71876972e+05  3.47e-07 1.05e-11  2.73e-08     0s
  22   1.71877050e+05  1.71876972e+05  3.87e-07 1.60e-11  2.73e-08     0s
  23   1.71877104e+05  1.71876936e+05  1.29e-08 8.98e-11  2.76e-08     0s

Barrier solved model in 23 iterations and 0.06 seconds (0.05 work units)
Optimal objective 1.71877104e+05


User-callback calls 72, time in user-callback 0.00 sec

Gurobi 13.0.2 (win64) logging started Wed Jul 15 12:16:01 2026

Set parameter LogFile to value "C:\Users\ehsanno\DataspellProjects\Spanish_Power_System\results\GoRES\ipopt_logs\2024-07-08_h23.log"

Gurobi 13.0.2 (win64) logging started Wed Jul 15 12:16:01 2026

Set parameter LogFile to value "C:\Users\ehsanno\DataspellProjects\Spanish_Power_System\results\GoRES\ipopt_logs\2024-07-08_h23.log"
Gurobi Optimizer version 13.0.2 build v13.0.2rc1 (win64 - Windows 11+.0 (26200.2))

CPU model: 11th Gen Intel(R) Core(TM) i5-1145G7 @ 2.60GHz, instruction set [SSE2|AVX|AVX2|AVX512]
Thread count: 4 physical cores, 8 logical processors, using up to 8 threads

Non-default parameters:
LogToConsole  0

Optimize a model with 5142 rows, 7197 columns and 18460 nonzeros (Min)
Model fingerprint: 0xa9d257b4
Model has 2031 linear objective coefficients and an objective constant of 1.6226676542362127e+07
Model has 973 quadratic objective terms
Coefficient statistics:
  Matrix range     [1e+00, 1e+04]
  Objective range  [9e+00, 1e+06]
  QObjective range [2e+04, 2e+04]
  Bounds range     [2e-06, 1e+04]
  RHS range        [2e-06, 1e+01]

Presolve removed 3669 rows and 4174 columns
Presolve time: 0.01s
Presolved: 1473 rows, 3023 columns, 8990 nonzeros
Presolved model has 899 quadratic objective terms
Ordering time: 0.00s

Barrier statistics:
 AA' NZ     : 1.792e+04
 Factor NZ  : 4.680e+04 (roughly 2 MB of memory)
 Factor Ops : 1.875e+06 (less than 1 second per iteration)
 Threads    : 1

                  Objective                Residual
Iter       Primal          Dual         Primal    Dual     Compl     Time
   0   6.39902853e+12 -6.85964198e+11  7.25e+03 5.34e+03  5.33e+06     0s
   1   1.80020955e+12 -2.14121851e+11  2.15e+03 1.58e+03  1.61e+06     0s
   2   2.63372393e+11 -1.68768352e+11  3.21e+02 2.37e+02  2.98e+05     0s
   3   1.02289679e+11 -1.27449390e+11  1.25e+02 9.24e+01  1.21e+05     0s
   4   1.10000344e+10 -8.86742448e+10  1.41e+01 1.04e+01  2.69e+04     0s
   5   1.70222553e+09 -4.23341004e+10  2.62e+00 1.93e+00  9.42e+03     0s
   6   6.91747559e+08 -2.55746715e+10  1.17e+00 8.61e-01  5.37e+03     0s
   7   4.05788476e+08 -1.49502954e+10  5.16e-01 3.80e-01  2.98e+03     0s
   8   2.67061233e+08 -8.71905088e+09  2.79e-01 2.05e-01  1.68e+03     0s
   9   1.31986635e+08 -4.85548597e+09  3.27e-02 2.41e-02  8.50e+02     0s
  10   8.32646647e+07 -1.65372216e+09  9.44e-03 6.95e-03  2.90e+02     0s
  11   3.05928900e+07 -4.04550724e+08  9.44e-09 6.95e-09  7.15e+01     0s
  12   4.52424489e+06 -1.40953303e+07  8.16e-10 3.64e-11  3.06e+00     0s
  13   5.98925791e+05 -8.69263671e+05  1.44e-08 2.53e-11  2.41e-01     0s
  14   2.86442362e+05  1.35375081e+05  5.49e-08 1.21e-11  2.48e-02     0s
  15   2.36091677e+05  2.17989516e+05  8.01e-08 8.76e-12  2.97e-03     0s
  16   2.26828826e+05  2.25037492e+05  8.65e-07 1.86e-11  2.94e-04     0s
  17   2.26004658e+05  2.25933131e+05  1.00e-06 2.05e-11  1.17e-05     0s
  18   2.25980142e+05  2.25974885e+05  8.83e-05 6.47e-12  1.06e-06     0s
  19   2.25968747e+05  2.25977657e+05  5.06e-05 1.57e-11  1.53e-07     0s
  20   2.25970921e+05  2.25977666e+05  4.14e-05 1.32e-11  1.55e-07     0s
  21   2.25976756e+05  2.25978130e+05  2.56e-05 4.71e-12  2.17e-08     0s
  22   2.25977757e+05  2.25978190e+05  2.56e-06 1.35e-11  3.04e-09     0s
  23   2.25975600e+05  2.25978194e+05  5.26e-06 5.19e-12  1.31e-09     0s
  24   2.25975129e+05  2.25978194e+05  8.03e-06 8.03e-12  1.20e-09     0s
  25   2.25974393e+05  2.25978194e+05  7.61e-06 6.19e-12  1.02e-09     0s
  26   2.25974170e+05  2.25978197e+05  8.85e-06 1.59e-11  7.30e-11     0s
  27   2.25976917e+05  2.25978199e+05  9.83e-06 8.73e-12  9.80e-12     0s
  28   2.25977243e+05  2.25978199e+05  2.01e-06 1.60e-11  3.93e-13     0s
  29   2.25977684e+05  2.25978199e+05  2.32e-06 1.92e-12  3.75e-14     0s
  30   2.25977892e+05  2.25978199e+05  1.23e-06 1.47e-11  3.46e-15     0s
  31   2.25977974e+05  2.25978199e+05  9.21e-07 2.18e-11  1.81e-16     0s
  32   2.25978078e+05  2.25978199e+05  5.06e-07 7.28e-12  2.06e-17     0s
  33   2.25978134e+05  2.25978199e+05  2.32e-07 1.46e-11  2.38e-18     0s
  34   2.25978164e+05  2.25978199e+05  1.50e-07 1.46e-11  2.74e-19     0s

Barrier solved model in 34 iterations and 0.08 seconds (0.08 work units)
Optimal objective 2.25978164e+05


User-callback calls 92, time in user-callback 0.00 sec

Gurobi 13.0.2 (win64) logging started Wed Jul 15 12:32:13 2026

Set parameter LogFile to value "C:\Users\ehsanno\DataspellProjects\Spanish_Power_System\results\GoRES\ipopt_logs\2024-07-08_h23.log"

Gurobi 13.0.2 (win64) logging started Wed Jul 15 12:32:13 2026

Set parameter LogFile to value "C:\Users\ehsanno\DataspellProjects\Spanish_Power_System\results\GoRES\ipopt_logs\2024-07-08_h23.log"
Gurobi Optimizer version 13.0.2 build v13.0.2rc1 (win64 - Windows 11+.0 (26200.2))

CPU model: 11th Gen Intel(R) Core(TM) i5-1145G7 @ 2.60GHz, instruction set [SSE2|AVX|AVX2|AVX512]
Thread count: 4 physical cores, 8 logical processors, using up to 8 threads

Non-default parameters:
LogToConsole  0

Optimize a model with 5142 rows, 7197 columns and 18460 nonzeros (Min)
Model fingerprint: 0x04adca06
Model has 2031 linear objective coefficients and an objective constant of 1.6226669000799991e+07
Model has 973 quadratic objective terms
Coefficient statistics:
  Matrix range     [1e+00, 1e+04]
  Objective range  [9e+00, 1e+06]
  QObjective range [2e+04, 2e+04]
  Bounds range     [2e-06, 1e+04]
  RHS range        [2e-06, 1e+01]

Presolve removed 3669 rows and 4174 columns
Presolve time: 0.01s
Presolved: 1473 rows, 3023 columns, 8990 nonzeros
Presolved model has 899 quadratic objective terms
Ordering time: 0.00s

Barrier statistics:
 AA' NZ     : 1.792e+04
 Factor NZ  : 4.680e+04 (roughly 2 MB of memory)
 Factor Ops : 1.875e+06 (less than 1 second per iteration)
 Threads    : 1

                  Objective                Residual
Iter       Primal          Dual         Primal    Dual     Compl     Time
   0   6.39902854e+12 -6.85964198e+11  7.25e+03 5.34e+03  5.33e+06     0s
   1   1.80020955e+12 -2.14121851e+11  2.15e+03 1.58e+03  1.61e+06     0s
   2   2.63372393e+11 -1.68768352e+11  3.21e+02 2.37e+02  2.98e+05     0s
   3   1.02289679e+11 -1.27449390e+11  1.25e+02 9.24e+01  1.21e+05     0s
   4   1.10000315e+10 -8.86742435e+10  1.41e+01 1.04e+01  2.69e+04     0s
   5   1.70222629e+09 -4.23341003e+10  2.62e+00 1.93e+00  9.42e+03     0s
   6   6.91747767e+08 -2.55746696e+10  1.17e+00 8.61e-01  5.37e+03     0s
   7   4.05788676e+08 -1.49502994e+10  5.16e-01 3.80e-01  2.98e+03     0s
   8   2.67061183e+08 -8.71904614e+09  2.79e-01 2.05e-01  1.68e+03     0s
   9   1.31986556e+08 -4.85548133e+09  3.27e-02 2.41e-02  8.50e+02     0s
  10   8.32646161e+07 -1.65372083e+09  9.44e-03 6.95e-03  2.90e+02     0s
  11   3.05928177e+07 -4.04548951e+08  9.44e-09 6.95e-09  7.15e+01     0s
  12   4.52423017e+06 -1.40953297e+07  1.58e-09 3.64e-11  3.06e+00     0s
  13   5.98924563e+05 -8.69259810e+05  1.11e-08 1.43e-11  2.41e-01     0s
  14   2.86441958e+05  1.35375660e+05  3.87e-08 1.02e-11  2.48e-02     0s
  15   2.36091490e+05  2.17989791e+05  2.19e-07 9.54e-12  2.97e-03     0s
  16   2.26828438e+05  2.25037999e+05  8.37e-07 2.06e-11  2.94e-04     0s
  17   2.26005579e+05  2.25933197e+05  4.77e-06 2.32e-11  1.17e-05     0s
  18   2.26003661e+05  2.25975302e+05  1.46e-04 1.64e-11  1.06e-06     0s
  19   2.25971520e+05  2.25977786e+05  2.04e-05 1.02e-11  1.51e-07     0s
  20   2.25978366e+05  2.25978242e+05  9.01e-07 1.08e-11  2.11e-08     0s
  21   2.25977893e+05  2.25978252e+05  1.50e-06 7.19e-12  1.73e-08     0s
  22   2.25977309e+05  2.25978262e+05  2.98e-06 9.35e-12  1.40e-08     0s
  23   2.25976640e+05  2.25978279e+05  4.42e-06 5.48e-12  8.29e-09     0s
  24   2.25977750e+05  2.25978304e+05  4.08e-06 1.20e-11  1.13e-09     0s
  25   2.25976047e+05  2.25978306e+05  8.35e-06 1.39e-11  1.20e-10     0s
  26   2.25976565e+05  2.25978307e+05  4.53e-06 5.63e-12  1.00e-11     0s
  27   2.25977449e+05  2.25978307e+05  4.93e-06 3.25e-11  2.93e-12     0s
  28   2.25977686e+05  2.25978307e+05  1.49e-06 9.71e-12  4.33e-13     0s
  29   2.25977924e+05  2.25978307e+05  8.35e-07 1.29e-11  6.20e-13     0s
  30   2.25978250e+05  2.25978307e+05  2.57e-07 1.01e-11  3.36e-13     0s
  31   2.25978306e+05  2.25978307e+05  7.17e-09 7.29e-12  9.20e-16     0s

Barrier solved model in 31 iterations and 0.08 seconds (0.07 work units)
Optimal objective 2.25978306e+05


User-callback calls 88, time in user-callback 0.00 sec

Gurobi 13.0.2 (win64) logging started Wed Jul 15 14:22:04 2026

Set parameter LogFile to value "C:\Users\ehsanno\DataspellProjects\Spanish_Power_System\results\GoRES\ipopt_logs\2024-07-08_h23.log"

Gurobi 13.0.2 (win64) logging started Wed Jul 15 14:22:04 2026

Set parameter LogFile to value "C:\Users\ehsanno\DataspellProjects\Spanish_Power_System\results\GoRES\ipopt_logs\2024-07-08_h23.log"
Gurobi Optimizer version 13.0.2 build v13.0.2rc1 (win64 - Windows 11+.0 (26200.2))

CPU model: 11th Gen Intel(R) Core(TM) i5-1145G7 @ 2.60GHz, instruction set [SSE2|AVX|AVX2|AVX512]
Thread count: 4 physical cores, 8 logical processors, using up to 8 threads

Non-default parameters:
LogToConsole  0

Optimize a model with 5142 rows, 7197 columns and 18460 nonzeros (Min)
Model fingerprint: 0xebb55f4e
Model has 2031 linear objective coefficients and an objective constant of 1.4000426916696185e+07
Model has 973 quadratic objective terms
Coefficient statistics:
  Matrix range     [1e+00, 1e+04]
  Objective range  [9e+00, 1e+06]
  QObjective range [2e+04, 2e+04]
  Bounds range     [6e-11, 1e+04]
  RHS range        [2e-06, 1e+01]

Presolve removed 3668 rows and 4174 columns
Presolve time: 0.07s
Presolved: 1474 rows, 3023 columns, 8996 nonzeros
Presolved model has 899 quadratic objective terms
Ordering time: 0.00s

Barrier statistics:
 AA' NZ     : 1.793e+04
 Factor NZ  : 4.746e+04 (roughly 2 MB of memory)
 Factor Ops : 1.939e+06 (less than 1 second per iteration)
 Threads    : 1

                  Objective                Residual
Iter       Primal          Dual         Primal    Dual     Compl     Time
   0   6.39911665e+12 -6.86309091e+11  7.25e+03 5.34e+03  5.33e+06     0s
   1   1.80011123e+12 -2.14504523e+11  2.15e+03 1.58e+03  1.61e+06     0s
   2   2.64100755e+11 -1.69519759e+11  3.22e+02 2.37e+02  2.99e+05     0s
   3   1.02223759e+11 -1.28110835e+11  1.25e+02 9.23e+01  1.21e+05     0s
   4   1.09722779e+10 -8.92519973e+10  1.41e+01 1.04e+01  2.69e+04     0s
   5   1.79424514e+09 -4.31239663e+10  2.76e+00 2.03e+00  9.68e+03     0s
   6   7.32094930e+08 -2.62527746e+10  1.23e+00 9.09e-01  5.54e+03     0s
   7   4.31238383e+08 -1.59161978e+10  5.75e-01 4.23e-01  3.20e+03     0s
   8   3.06934475e+08 -1.05159130e+10  3.58e-01 2.64e-01  2.05e+03     0s
   9   1.36839161e+08 -4.96732413e+09  7.67e-02 5.65e-02  9.01e+02     0s
  10   8.62720133e+07 -1.57826018e+09  2.29e-02 1.69e-02  2.83e+02     0s
  11   4.03266900e+07 -6.76688403e+08  7.57e-04 5.58e-04  1.18e+02     0s
  12   7.84182386e+06 -3.12083954e+07  5.17e-06 3.81e-06  6.41e+00     0s
  13   9.48362161e+05 -3.90686942e+06  2.05e-09 1.77e-11  7.98e-01     0s
  14   3.14812677e+05 -4.44022296e+05  1.55e-08 9.59e-12  1.25e-01     0s
  15   1.55521797e+05  1.00151425e+05  7.44e-08 1.60e-11  9.10e-03     0s
  16   1.31421349e+05  1.26540738e+05  5.79e-07 7.75e-12  8.02e-04     0s
  17   1.29025032e+05  1.28827588e+05  2.84e-08 1.26e-11  3.24e-05     0s
  18   1.28951963e+05  1.28943133e+05  1.67e-08 5.57e-12  1.45e-06     0s
  19   1.28951913e+05  1.28943138e+05  2.32e-07 7.52e-12  1.45e-06     0s
  20   1.28951812e+05  1.28943134e+05  5.37e-07 7.65e-12  1.45e-06     0s
  21   1.28951671e+05  1.28943129e+05  1.08e-06 6.26e-12  1.45e-06     0s
  22   1.28951337e+05  1.28943138e+05  3.55e-06 4.22e-12  1.44e-06     0s
  23   1.28951363e+05  1.28943158e+05  6.94e-06 6.01e-12  1.43e-06     0s
  24   1.28950239e+05  1.28943142e+05  1.66e-05 5.72e-12  1.41e-06     0s
  25   1.28946692e+05  1.28944466e+05  1.57e-05 8.07e-12  1.06e-06     0s
  26   1.28945567e+05  1.28948883e+05  1.32e-05 1.29e-11  6.29e-08     0s
  27   1.28944089e+05  1.28948881e+05  1.14e-05 9.72e-12  5.43e-08     0s
  28   1.28941259e+05  1.28948892e+05  2.15e-05 1.21e-11  3.45e-08     0s
  29   1.28940142e+05  1.28948880e+05  2.89e-05 1.09e-11  3.02e-08     0s
  30   1.28938951e+05  1.28948891e+05  5.42e-05 6.73e-12  2.05e-08     0s
  31   1.28937024e+05  1.28948893e+05  9.78e-05 6.47e-12  8.15e-09     0s
  32   1.28935879e+05  1.28948900e+05  6.27e-05 1.59e-11  8.25e-12     0s
  33   1.28935879e+05  1.28948900e+05  1.23e-04 5.59e-12  2.67e-12     0s
  34   1.28935878e+05  1.28948900e+05  1.68e-04 9.36e-12  3.31e-13     0s
  35   1.28935878e+05  1.28948900e+05  1.74e-04 7.28e-12  3.39e-16     0s
  36   1.28935878e+05  1.28948900e+05  1.74e-04 1.46e-11  3.47e-19     0s

Barrier performed 36 iterations in 0.18 seconds (0.08 work units)
Sub-optimal termination - objective 1.28951963e+05


User-callback calls 105, time in user-callback 0.00 sec

Gurobi 13.0.2 (win64) logging started Wed Jul 15 14:28:07 2026

Set parameter LogFile to value "C:\Users\ehsanno\DataspellProjects\Spanish_Power_System\results\GoRES\ipopt_logs\2024-07-08_h23.log"

Gurobi 13.0.2 (win64) logging started Wed Jul 15 14:28:07 2026

Set parameter LogFile to value "C:\Users\ehsanno\DataspellProjects\Spanish_Power_System\results\GoRES\ipopt_logs\2024-07-08_h23.log"
Gurobi Optimizer version 13.0.2 build v13.0.2rc1 (win64 - Windows 11+.0 (26200.2))

CPU model: 11th Gen Intel(R) Core(TM) i5-1145G7 @ 2.60GHz, instruction set [SSE2|AVX|AVX2|AVX512]
Thread count: 4 physical cores, 8 logical processors, using up to 8 threads

Non-default parameters:
LogToConsole  0

Optimize a model with 5142 rows, 7197 columns and 18460 nonzeros (Min)
Model fingerprint: 0x1f2e4d85
Model has 2031 linear objective coefficients and an objective constant of 1.4000426916696185e+07
Model has 973 quadratic objective terms
Coefficient statistics:
  Matrix range     [1e+00, 1e+04]
  Objective range  [9e+00, 1e+06]
  QObjective range [2e+04, 2e+04]
  Bounds range     [6e-11, 1e+04]
  RHS range        [2e-06, 1e+01]

Presolve removed 3664 rows and 4165 columns
Presolve time: 0.01s
Presolved: 1478 rows, 3032 columns, 8935 nonzeros
Presolved model has 899 quadratic objective terms
Ordering time: 0.00s

Barrier statistics:
 AA' NZ     : 1.769e+04
 Factor NZ  : 4.703e+04 (roughly 2 MB of memory)
 Factor Ops : 1.877e+06 (less than 1 second per iteration)
 Threads    : 1

                  Objective                Residual
Iter       Primal          Dual         Primal    Dual     Compl     Time
   0   4.91168522e+12 -5.22440966e+11  6.25e+03 3.32e+03  3.31e+06     0s
   1   1.37600527e+12 -9.78177801e+10  1.87e+03 9.96e+02  1.01e+06     0s
   2   2.32850128e+11 -5.97000296e+10  3.25e+02 1.73e+02  2.24e+05     0s
   3   1.14336523e+10 -4.37029080e+10  1.63e+01 8.66e+00  1.71e+04     0s
   4   2.78820277e+09 -2.47602401e+10  4.16e+00 2.21e+00  6.44e+03     0s
   5   8.69173229e+08 -1.17818809e+10  1.42e+00 7.53e-01  2.61e+03     0s
   6   4.11983804e+08 -7.66293187e+09  6.58e-01 3.50e-01  1.59e+03     0s
   7   2.66198938e+08 -5.15714762e+09  3.92e-01 2.08e-01  1.03e+03     0s
   8   1.74667285e+08 -3.36088497e+09  2.01e-01 1.07e-01  6.50e+02     0s
   9   7.43440814e+07 -1.06456708e+09  3.23e-02 1.72e-02  1.95e+02     0s
  10   2.56230566e+07 -1.84312241e+08  3.94e-03 2.09e-03  3.47e+01     0s
  11   1.01666404e+07 -2.77777268e+07  3.42e-04 1.81e-04  6.22e+00     0s
  12   6.07846816e+06  4.23490453e+06  7.30e-06 3.88e-06  3.02e-01     0s
  13   5.69859675e+06  5.41212523e+06  5.43e-07 2.89e-07  4.69e-02     0s
  14   5.64484654e+06  5.47599251e+06  1.51e-08 3.27e-10  2.77e-02     0s
  15   5.62443615e+06  5.58477508e+06  5.47e-09 6.65e-11  6.50e-03     0s
  16   5.62058217e+06  5.61033543e+06  8.73e-09 1.68e-11  1.68e-03     0s
  17   5.61917193e+06  5.61826973e+06  1.76e-08 1.48e-11  1.48e-04     0s
  18   5.61901429e+06  5.61895027e+06  6.88e-08 1.36e-11  1.05e-05     0s
  19   5.61900314e+06  5.61899923e+06  3.80e-07 1.24e-11  6.40e-07     0s
  20   5.61900243e+06  5.61900231e+06  3.26e-07 1.30e-11  1.86e-08     0s
  21   5.61900243e+06  5.61900240e+06  1.31e-06 7.72e-12  3.12e-10     0s
  22   5.61900239e+06  5.61900240e+06  4.33e-08 1.25e-11  7.73e-12     0s

Barrier solved model in 22 iterations and 0.06 seconds (0.05 work units)
Optimal objective 5.61900239e+06


User-callback calls 70, time in user-callback 0.00 sec

Gurobi 13.0.2 (win64) logging started Wed Jul 15 14:31:14 2026

Set parameter LogFile to value "C:\Users\ehsanno\DataspellProjects\Spanish_Power_System\results\GoRES\ipopt_logs\2024-07-08_h23.log"

Gurobi 13.0.2 (win64) logging started Wed Jul 15 14:31:14 2026

Set parameter LogFile to value "C:\Users\ehsanno\DataspellProjects\Spanish_Power_System\results\GoRES\ipopt_logs\2024-07-08_h23.log"
Gurobi Optimizer version 13.0.2 build v13.0.2rc1 (win64 - Windows 11+.0 (26200.2))

CPU model: 11th Gen Intel(R) Core(TM) i5-1145G7 @ 2.60GHz, instruction set [SSE2|AVX|AVX2|AVX512]
Thread count: 4 physical cores, 8 logical processors, using up to 8 threads

Non-default parameters:
LogToConsole  0

Optimize a model with 5142 rows, 7197 columns and 18460 nonzeros (Min)
Model fingerprint: 0xa15d8048
Model has 2031 linear objective coefficients and an objective constant of 1.4000451559759984e+07
Model has 973 quadratic objective terms
Coefficient statistics:
  Matrix range     [1e+00, 1e+04]
  Objective range  [9e+00, 1e+06]
  QObjective range [2e+04, 2e+04]
  Bounds range     [2e-06, 1e+04]
  RHS range        [2e-06, 1e+01]

Presolve removed 3669 rows and 4173 columns
Presolve time: 0.02s
Presolved: 1473 rows, 3024 columns, 8930 nonzeros
Presolved model has 899 quadratic objective terms
Ordering time: 0.00s

Barrier statistics:
 AA' NZ     : 1.771e+04
 Factor NZ  : 4.722e+04 (roughly 2 MB of memory)
 Factor Ops : 1.904e+06 (less than 1 second per iteration)
 Threads    : 1

                  Objective                Residual
Iter       Primal          Dual         Primal    Dual     Compl     Time
   0   5.11455090e+12 -5.51003843e+11  6.50e+03 3.60e+03  3.59e+06     0s
   1   1.42824503e+12 -1.17523807e+11  1.94e+03 1.07e+03  1.09e+06     0s
   2   2.31521848e+11 -8.09291506e+10  3.22e+02 1.79e+02  2.32e+05     0s
   3   2.86963008e+10 -5.59815113e+10  4.04e+01 2.24e+01  3.44e+04     0s
   4   5.55294455e+09 -3.07952773e+10  8.12e+00 4.51e+00  9.57e+03     0s
   5   1.19694649e+09 -1.47565101e+10  2.03e+00 1.13e+00  3.40e+03     0s
   6   4.41732604e+08 -9.08146452e+09  8.65e-01 4.80e-01  1.92e+03     0s
   7   2.95656336e+08 -6.52909731e+09  5.50e-01 3.05e-01  1.34e+03     0s
   8   2.21727247e+08 -4.72787474e+09  3.50e-01 1.94e-01  9.43e+02     0s
   9   1.31191201e+08 -2.43732092e+09  1.65e-01 9.15e-02  4.69e+02     0s
  10   6.07147884e+07 -8.83970017e+08  2.17e-02 1.20e-02  1.60e+02     0s
  11   1.68430153e+07 -1.28960423e+08  1.89e-03 1.05e-03  2.41e+01     0s
  12   2.66194858e+06 -6.47907622e+06  2.39e-05 1.32e-05  1.50e+00     0s
  13   1.16122315e+06  4.71286032e+05  3.56e-08 1.97e-08  1.13e-01     0s
  14   9.75045215e+05  8.90485045e+05  2.58e-08 1.13e-10  1.39e-02     0s
  15   9.47781307e+05  9.31638921e+05  5.32e-08 1.59e-11  2.65e-03     0s
  16   9.42142468e+05  9.37279415e+05  1.71e-07 4.20e-12  7.99e-04     0s
  17   9.41382408e+05  9.38583892e+05  7.49e-07 8.15e-12  4.60e-04     0s
  18   9.40753639e+05  9.39638653e+05  2.12e-06 8.91e-12  1.83e-04     0s
  19   9.40611754e+05  9.40061807e+05  3.72e-06 1.53e-11  9.03e-05     0s
  20   9.40532145e+05  9.40297755e+05  1.15e-06 6.92e-12  3.85e-05     0s
  21   9.40482958e+05  9.40458769e+05  1.21e-06 1.26e-11  3.97e-06     0s
  22   9.40477636e+05  9.40476082e+05  1.23e-06 1.89e-11  2.56e-07     0s
  23   9.40477272e+05  9.40477241e+05  5.70e-07 1.24e-11  4.95e-09     0s
  24   9.40477262e+05  9.40477262e+05  4.24e-07 7.46e-12  5.42e-11     0s
  25   9.40477264e+05  9.40477262e+05  3.31e-08 6.25e-12  7.77e-13     0s

Barrier solved model in 25 iterations and 0.08 seconds (0.05 work units)
Optimal objective 9.40477264e+05


User-callback calls 79, time in user-callback 0.00 sec

Gurobi 13.0.2 (win64) logging started Wed Jul 15 17:24:44 2026

Set parameter LogFile to value "C:\Users\ehsanno\DataspellProjects\Spanish_Power_System\results\GoRES\ipopt_logs\2024-07-08_h23.log"

Gurobi 13.0.2 (win64) logging started Wed Jul 15 17:24:44 2026

Set parameter LogFile to value "C:\Users\ehsanno\DataspellProjects\Spanish_Power_System\results\GoRES\ipopt_logs\2024-07-08_h23.log"
Gurobi Optimizer version 13.0.2 build v13.0.2rc1 (win64 - Windows 11+.0 (26200.2))

CPU model: 11th Gen Intel(R) Core(TM) i5-1145G7 @ 2.60GHz, instruction set [SSE2|AVX|AVX2|AVX512]
Thread count: 4 physical cores, 8 logical processors, using up to 8 threads

Non-default parameters:
LogToConsole  0

Optimize a model with 5146 rows, 7443 columns and 18718 nonzeros (Min)
Model fingerprint: 0x34b78fd2
Model has 2199 linear objective coefficients and an objective constant of 1.4586578985684404e+07
Model has 972 quadratic objective terms
Coefficient statistics:
  Matrix range     [1e+00, 1e+04]
  Objective range  [5e-02, 1e+06]
  QObjective range [2e+04, 2e+04]
  Bounds range     [3e-11, 1e+04]
  RHS range        [2e-06, 1e+01]

Presolve removed 10 rows and 197 columns
Presolve time: 0.00s

Barrier solved model in 0 iterations and 0.00 seconds (0.00 work units)
Model is infeasible

User-callback calls 26, time in user-callback 0.00 sec

Gurobi 13.0.2 (win64) logging started Wed Jul 15 17:27:51 2026

Set parameter LogFile to value "C:\Users\ehsanno\DataspellProjects\Spanish_Power_System\results\GoRES\ipopt_logs\2024-07-08_h23.log"

Gurobi 13.0.2 (win64) logging started Wed Jul 15 17:27:51 2026

Set parameter LogFile to value "C:\Users\ehsanno\DataspellProjects\Spanish_Power_System\results\GoRES\ipopt_logs\2024-07-08_h23.log"
Gurobi Optimizer version 13.0.2 build v13.0.2rc1 (win64 - Windows 11+.0 (26200.2))

CPU model: 11th Gen Intel(R) Core(TM) i5-1145G7 @ 2.60GHz, instruction set [SSE2|AVX|AVX2|AVX512]
Thread count: 4 physical cores, 8 logical processors, using up to 8 threads

Non-default parameters:
LogToConsole  0

Optimize a model with 5146 rows, 7443 columns and 18718 nonzeros (Min)
Model fingerprint: 0x701e7221
Model has 2199 linear objective coefficients and an objective constant of 1.4586590395440020e+07
Model has 972 quadratic objective terms
Coefficient statistics:
  Matrix range     [1e+00, 1e+04]
  Objective range  [4e-01, 1e+06]
  QObjective range [2e+04, 2e+04]
  Bounds range     [2e-06, 1e+04]
  RHS range        [2e-06, 1e+01]

Presolve removed 10 rows and 197 columns
Presolve time: 0.01s

Barrier solved model in 0 iterations and 0.01 seconds (0.00 work units)
Model is infeasible

User-callback calls 26, time in user-callback 0.00 sec

Gurobi 13.0.2 (win64) logging started Wed Jul 15 17:30:10 2026

Set parameter LogFile to value "C:\Users\ehsanno\DataspellProjects\Spanish_Power_System\results\GoRES\ipopt_logs\2024-07-08_h23.log"

Gurobi 13.0.2 (win64) logging started Wed Jul 15 17:30:10 2026

Set parameter LogFile to value "C:\Users\ehsanno\DataspellProjects\Spanish_Power_System\results\GoRES\ipopt_logs\2024-07-08_h23.log"
Gurobi Optimizer version 13.0.2 build v13.0.2rc1 (win64 - Windows 11+.0 (26200.2))

CPU model: 11th Gen Intel(R) Core(TM) i5-1145G7 @ 2.60GHz, instruction set [SSE2|AVX|AVX2|AVX512]
Thread count: 4 physical cores, 8 logical processors, using up to 8 threads

Non-default parameters:
LogToConsole  0

Optimize a model with 5146 rows, 7443 columns and 18718 nonzeros (Min)
Model fingerprint: 0x5b5e4ef8
Model has 2199 linear objective coefficients and an objective constant of 1.4586590395440020e+07
Model has 972 quadratic objective terms
Coefficient statistics:
  Matrix range     [1e+00, 1e+04]
  Objective range  [4e-01, 1e+06]
  QObjective range [2e+04, 2e+04]
  Bounds range     [2e-06, 1e+04]
  RHS range        [2e-06, 1e+01]

Presolve removed 3656 rows and 4264 columns
Presolve time: 0.03s
Presolved: 1490 rows, 3179 columns, 9178 nonzeros
Presolved model has 898 quadratic objective terms
Ordering time: 0.00s

Barrier statistics:
 AA' NZ     : 1.787e+04
 Factor NZ  : 4.900e+04 (roughly 2 MB of memory)
 Factor Ops : 2.098e+06 (less than 1 second per iteration)
 Threads    : 1

                  Objective                Residual
Iter       Primal          Dual         Primal    Dual     Compl     Time
   0   5.70897328e+12 -2.05751668e+12  7.75e+03 3.76e+04  3.76e+07     0s
   1   1.22705656e+12 -1.12546668e+12  1.78e+03 8.65e+03  8.90e+06     0s
   2   1.14735652e+11 -9.73931687e+11  1.70e+02 8.26e+02  1.01e+06     0s
   3   1.73649757e+10 -5.27725996e+11  2.64e+01 1.28e+02  2.00e+05     0s
   4   3.02144174e+09 -2.81397193e+11  4.93e+00 2.39e+01  6.67e+04     0s
   5   2.07133854e+09 -2.11958864e+11  3.48e+00 1.69e+01  4.79e+04     0s
   6   1.97311204e+09 -2.01759365e+11  3.33e+00 1.62e+01  4.58e+04     0s
   7   1.93869372e+09 -1.96668494e+11  3.27e+00 1.59e+01  4.51e+04     0s
   8   1.88573125e+09 -1.84384890e+11  3.19e+00 1.55e+01  4.39e+04     0s
   9   1.83360674e+09 -1.60039315e+11  3.11e+00 1.51e+01  4.28e+04     0s
  10   1.79598959e+09 -1.06251446e+11  3.06e+00 1.49e+01  4.21e+04     0s
  11   1.79813261e+09 -1.13876858e+09  3.05e+00 1.48e+01  4.20e+04     0s
  12   1.80177585e+09  3.07389227e+11  3.04e+00 1.48e+01  4.17e+04     0s
  13   1.78695422e+09  1.03497128e+12  3.03e+00 1.43e+01  4.16e+04     0s
  14   9.75013867e+13 -4.65347420e+13  7.75e+04 3.76e+04  3.74e+08     0s
  15   1.77917539e+13 -4.90054494e+12  2.13e+04 1.03e+04  1.39e+08     0s
  16   1.37608083e+12 -1.94401519e+12  1.99e+03 9.66e+02  1.71e+07     0s
  17   7.58131390e+10 -1.58649926e+12  1.12e+02 5.45e+01  1.16e+06     0s
  18   1.44546793e+10 -9.95083005e+11  2.16e+01 1.05e+01  3.31e+05     0s
  19   2.92736900e+09 -4.88554923e+11  4.54e+00 2.21e+00  1.13e+05     0s
  20   2.27845408e+09 -4.06662672e+11  3.55e+00 1.72e+00  9.23e+04     0s
  21   2.13782433e+09 -3.81484699e+11  3.33e+00 1.62e+00  8.68e+04     0s
  22   2.06844622e+09 -3.42942928e+11  3.23e+00 1.57e+00  8.41e+04     0s
  23   2.00380416e+09 -2.99414906e+11  3.14e+00 1.53e+00  8.17e+04     0s
  24   1.94985497e+09 -2.09956751e+11  3.09e+00 1.50e+00  8.01e+04     0s
  25   1.91406678e+09 -8.38032874e+10  3.06e+00 1.49e+00  7.94e+04     0s
  26   1.91151606e+09  1.86623624e+11  3.06e+00 1.48e+00  7.94e+04     0s
  27   1.87597298e+09  8.24125294e+11  3.04e+00 1.46e+00  7.90e+04     0s
  28   1.86132264e+09  1.68080193e+12  3.03e+00 1.46e+00  7.91e+04     0s
  29   1.84191946e+09  4.09250601e+12  3.02e+00 1.45e+00  7.93e+04     0s
  30   1.83368033e+09  9.16706532e+12  3.02e+00 1.45e+00  8.07e+04     0s
  31   1.83428287e+09  1.23724800e+13  3.02e+00 1.45e+00  8.17e+04     0s
  32   1.82732165e+09  1.82022697e+13  3.02e+00 1.45e+00  8.37e+04     0s
  33   1.82411516e+09  4.17714796e+13  3.02e+00 1.45e+00  8.93e+04     0s
  34   1.83180830e+09  7.56528621e+13  3.02e+00 1.45e+00  9.76e+04     0s
  35   1.82865008e+09  9.42086690e+13  3.02e+00 1.45e+00  1.02e+05     0s
  36   1.83411887e+09  1.66670233e+14  3.02e+00 1.45e+00  1.18e+05     0s
  37   1.83996087e+09  2.69170393e+14  3.02e+00 1.45e+00  1.39e+05     0s
  38   1.84359174e+09  3.86254933e+14  3.01e+00 1.45e+00  1.62e+05     0s
  39   1.84732002e+09  4.90742240e+14  3.01e+00 1.45e+00  1.82e+05     0s
  40   1.85316269e+09  7.90035942e+14  3.01e+00 1.45e+00  2.35e+05     0s
  41   1.86093774e+09  1.55572310e+15  3.01e+00 1.45e+00  3.57e+05     0s
  42   1.86916021e+09  3.19016616e+15  3.01e+00 1.45e+00  5.92e+05     0s
  43   1.86908139e+09  4.65684968e+15  3.01e+00 1.45e+00  7.96e+05     0s
  44   1.87024372e+09  6.01822517e+15  3.01e+00 1.45e+00  9.83e+05     0s
  45   9.75013867e+13 -4.65347420e+13  7.75e+04 3.76e+04  3.74e+08     0s
  46   1.50151578e+12 -1.14609404e+11  2.58e+03 1.25e+03  4.89e+05     0s
  47   1.62469946e+11 -1.05910102e+10  3.11e+02 1.51e+02  1.45e+04     0s
  48   3.52582824e+10 -3.07573073e+09  7.05e+01 3.42e+01  1.68e+03     0s
  49   1.54952103e+10 -1.98831285e+09  3.23e+01 1.57e+01  6.09e+02     0s
  50   5.75260300e+09 -1.43027114e+09  1.33e+01 6.47e+00  2.10e+02     0s
  51   3.03622394e+09 -1.24844666e+09  7.96e+00 3.87e+00  1.22e+02     0s
  52   1.84752576e+09 -1.15604983e+09  5.59e+00 2.71e+00  9.33e+01     0s
  53   1.62084864e+09 -1.13564101e+09  5.13e+00 2.49e+00  8.42e+01     0s
  54   1.38461946e+09 -1.08693097e+09  4.62e+00 2.24e+00  9.45e+01     0s
  55   1.32516396e+09 -1.07351015e+09  4.49e+00 2.18e+00  9.72e+01     0s
  56   1.18343399e+09 -1.05257562e+09  4.18e+00 2.03e+00  9.15e+01     0s
  57   9.24021711e+08 -1.01257258e+09  3.62e+00 1.76e+00  8.13e+01     0s
  58   8.63777617e+08 -1.00145632e+09  3.49e+00 1.70e+00  7.98e+01     0s
  59   8.46377733e+08 -9.76021874e+08  3.42e+00 1.66e+00  9.41e+01     0s
  60   8.51143883e+08 -9.44836386e+08  3.39e+00 1.65e+00  1.15e+02     0s
  61   8.55377216e+08 -9.00030258e+08  3.34e+00 1.62e+00  1.47e+02     0s
  62   8.63068200e+08 -8.47824116e+08  3.28e+00 1.60e+00  1.89e+02     0s
  63   9.70067861e+08 -6.12080937e+08  3.17e+00 1.54e+00  4.38e+02     0s
  64   1.11936533e+09 -4.19250821e+08  3.14e+00 1.52e+00  6.93e+02     0s
  65   1.39330628e+09 -9.04914623e+07  3.12e+00 1.52e+00  1.23e+03     0s
  66   1.81472676e+09  3.93008139e+08  3.12e+00 1.51e+00  2.80e+03     0s
  67   2.16461082e+09  8.21815283e+08  3.12e+00 1.51e+00  8.91e+03     0s
  68   1.88923558e+09  1.62041923e+09  3.10e+00 1.51e+00  1.37e+05     0s
  69*  1.91979391e+09  6.44398320e+11  4.33e-02 1.09e-02  6.20e+01     0s
  70*  1.91979442e+09  6.27393281e+14  4.33e-05 3.11e-05  6.20e-02     0s
  71*  1.91979442e+09  6.27364441e+17  4.33e-08 3.73e-05  6.20e-05     0s
  72*  1.91979442e+09  6.27364393e+20  4.33e-11 3.42e-05  6.20e-08     0s
  73*  1.91979442e+09  6.27364379e+23  4.33e-14 3.88e-05  6.20e-11     0s

Barrier performed 73 iterations in 0.24 seconds (0.16 work units)
Infeasible model


User-callback calls 139, time in user-callback 0.00 sec

Gurobi 13.0.2 (win64) logging started Wed Jul 15 18:00:37 2026

Set parameter LogFile to value "C:\Users\ehsanno\DataspellProjects\Spanish_Power_System\results\GoRES\ipopt_logs\2024-07-08_h23.log"

Gurobi 13.0.2 (win64) logging started Wed Jul 15 18:00:37 2026

Set parameter LogFile to value "C:\Users\ehsanno\DataspellProjects\Spanish_Power_System\results\GoRES\ipopt_logs\2024-07-08_h23.log"
Gurobi Optimizer version 13.0.2 build v13.0.2rc1 (win64 - Windows 11+.0 (26200.2))

CPU model: 11th Gen Intel(R) Core(TM) i5-1145G7 @ 2.60GHz, instruction set [SSE2|AVX|AVX2|AVX512]
Thread count: 4 physical cores, 8 logical processors, using up to 8 threads

Non-default parameters:
LogToConsole  0

Optimize a model with 5146 rows, 7443 columns and 18718 nonzeros (Min)
Model fingerprint: 0xc99359f3
Model has 2199 linear objective coefficients and an objective constant of 1.4586590395440020e+07
Model has 972 quadratic objective terms
Coefficient statistics:
  Matrix range     [1e+00, 1e+04]
  Objective range  [4e-01, 1e+06]
  QObjective range [2e+04, 2e+04]
  Bounds range     [2e-06, 1e+04]
  RHS range        [2e-06, 1e+01]

Presolve removed 3653 rows and 4260 columns
Presolve time: 0.03s
Presolved: 1493 rows, 3183 columns, 9194 nonzeros
Presolved model has 898 quadratic objective terms
Ordering time: 0.01s

Barrier statistics:
 AA' NZ     : 1.785e+04
 Factor NZ  : 4.886e+04 (roughly 2 MB of memory)
 Factor Ops : 2.060e+06 (less than 1 second per iteration)
 Threads    : 1

                  Objective                Residual
Iter       Primal          Dual         Primal    Dual     Compl     Time
   0   6.48623610e+12 -2.38508137e+12  7.50e+03 3.76e+04  3.76e+07     0s
   1   1.51158884e+12 -1.37632467e+12  1.85e+03 9.29e+03  9.61e+06     0s
   2   1.72531633e+11 -1.16168352e+12  2.16e+02 1.08e+03  1.32e+06     0s
   3   2.49789923e+10 -5.99004832e+11  3.19e+01 1.60e+02  2.41e+05     0s
   4   3.70180494e+09 -2.66809255e+11  5.15e+00 2.59e+01  6.22e+04     0s
   5   1.23623693e+09 -1.24935708e+11  1.89e+00 9.50e+00  2.61e+04     0s
   6   9.29763159e+08 -1.00989455e+11  1.36e+00 6.83e+00  2.08e+04     0s
   7   8.41165867e+08 -9.12496215e+10  1.22e+00 6.12e+00  1.87e+04     0s
   8   8.16264712e+08 -8.74057500e+10  1.17e+00 5.89e+00  1.79e+04     0s
   9   7.93077171e+08 -8.20806517e+10  1.12e+00 5.60e+00  1.71e+04     0s
  10   7.60960200e+08 -7.37401879e+10  1.04e+00 5.24e+00  1.60e+04     0s
  11   7.25461136e+08 -6.59280916e+10  1.01e+00 5.07e+00  1.54e+04     0s
  12   7.13125179e+08 -6.14424152e+10  1.00e+00 5.04e+00  1.53e+04     0s
  13   5.71915743e+08 -2.14076370e+10  9.64e-01 4.84e+00  1.47e+04     0s
  14   5.70450095e+08  3.08576476e+10  9.57e-01 4.77e+00  1.47e+04     0s
  15   5.55129719e+08  9.35960825e+10  9.48e-01 4.73e+00  1.45e+04     0s
  16   5.50364118e+08  1.43849406e+11  9.45e-01 4.71e+00  1.45e+04     0s
  17   1.05282722e+14 -4.68654411e+13  7.50e+04 3.76e+04  3.74e+08     0s
  18   3.01673279e+13 -8.57307024e+12  2.91e+04 1.46e+04  1.79e+08     0s
  19   9.22752444e+12 -2.81173083e+12  1.04e+04 5.22e+03  7.60e+07     0s
  20   8.10385829e+11 -1.97798052e+12  1.00e+03 5.02e+02  7.93e+06     0s
  21   8.15762318e+10 -1.44573530e+12  1.02e+02 5.14e+01  9.65e+05     0s
  22   4.95948222e+10 -1.14632912e+12  6.26e+01 3.14e+01  6.10e+05     0s
  23   6.17589528e+09 -6.16326442e+11  8.11e+00 4.07e+00  1.54e+05     0s
  24   1.23987785e+09 -2.18023332e+11  1.80e+00 9.05e-01  4.44e+04     0s
  25   9.61430767e+08 -1.74868431e+11  1.40e+00 7.04e-01  3.49e+04     0s
  26   9.16479848e+08 -1.67083037e+11  1.34e+00 6.70e-01  3.32e+04     0s
  27   8.24929514e+08 -1.49755149e+11  1.19e+00 5.98e-01  2.97e+04     0s
  28   7.77614031e+08 -1.31802525e+11  1.08e+00 5.40e-01  2.68e+04     0s
  29   7.31211618e+08 -1.17671828e+11  1.03e+00 5.19e-01  2.57e+04     0s
  30   6.94115399e+08 -1.03601732e+11  1.00e+00 5.02e-01  2.49e+04     0s
  31   6.48733036e+08 -8.03220329e+10  9.82e-01 4.93e-01  2.44e+04     0s
  32   5.61777272e+08 -2.86146069e+10  9.56e-01 4.80e-01  2.36e+04     0s
  33   5.64432286e+08  2.15653851e+10  9.54e-01 4.79e-01  2.36e+04     0s
  34   5.54697601e+08  9.25406361e+10  9.49e-01 4.76e-01  2.34e+04     0s
  35   5.48817022e+08  1.48388098e+11  9.46e-01 4.17e-07  2.34e+04     0s
  36   5.35020536e+08  5.35471747e+11  9.38e-01 6.26e-06  2.33e+04     0s
  37   5.31280749e+08  7.22890483e+11  9.36e-01 7.39e-06  2.34e+04     0s
  38   5.28116896e+08  1.03025265e+12  9.34e-01 6.32e-06  2.36e+04     0s
  39   5.22539806e+08  1.85399390e+12  9.31e-01 3.15e-05  2.37e+04     0s
  40   5.19366107e+08  2.71635456e+12  9.30e-01 5.63e-05  2.41e+04     0s
  41   5.16945894e+08  4.23842281e+12  9.29e-01 5.48e-06  2.47e+04     0s
  42   5.20790086e+08  9.70742680e+12  9.28e-01 3.43e-05  2.92e+04     0s
  43   5.21174058e+08  1.47413428e+13  9.28e-01 2.30e-07  3.13e+04     0s
  44   5.23897115e+08  2.48101601e+13  9.27e-01 1.28e-04  3.48e+04     0s
  45   5.26086109e+08  4.07378660e+13  9.26e-01 5.15e-05  3.99e+04     0s
  46   5.27249894e+08  6.55305941e+13  9.26e-01 2.90e-04  4.74e+04     0s
  47   5.27632103e+08  1.18853138e+14  9.25e-01 3.59e-04  6.11e+04     0s
  48   5.27962030e+08  2.18868165e+14  9.25e-01 2.35e-03  8.40e+04     0s
  49   5.28068855e+08  2.26431717e+14  9.25e-01 1.45e-04  8.59e+04     0s
  50   5.27245029e+08  3.07602029e+14  9.25e-01 3.66e-04  1.04e+05     0s
  51   5.26880051e+08  5.20954975e+14  9.25e-01 1.10e-03  1.48e+05     0s
  52   5.26098673e+08  1.21248487e+15  9.25e-01 3.81e-03  2.61e+05     0s
  53   5.26027466e+08  1.36849604e+15  9.24e-01 1.16e-03  2.87e+05     0s
  54   5.25997017e+08  1.41953188e+15  9.24e-01 7.47e-04  2.95e+05     0s
  55   5.26010694e+08  1.48115908e+15  9.24e-01 9.25e-04  3.05e+05     0s
  56   5.26046591e+08  1.76532208e+15  9.24e-01 8.04e-04  3.49e+05     0s

Barrier performed 56 iterations in 0.24 seconds (0.11 work units)
Numerical trouble encountered

Model may be infeasible or unbounded.  Consider using the
homogeneous algorithm (through parameter 'BarHomogeneous')


User-callback calls 133, time in user-callback 0.00 sec

Gurobi 13.0.2 (win64) logging started Thu Jul 16 15:27:22 2026

Set parameter LogFile to value "C:\Users\ehsanno\DataspellProjects\Spanish_Power_System\results\GoRES\ipopt_logs\2024-07-08_h23.log"

Gurobi 13.0.2 (win64) logging started Thu Jul 16 15:27:22 2026

Set parameter LogFile to value "C:\Users\ehsanno\DataspellProjects\Spanish_Power_System\results\GoRES\ipopt_logs\2024-07-08_h23.log"
Gurobi Optimizer version 13.0.2 build v13.0.2rc1 (win64 - Windows 11+.0 (26200.2))

CPU model: 11th Gen Intel(R) Core(TM) i5-1145G7 @ 2.60GHz, instruction set [SSE2|AVX|AVX2|AVX512]
Thread count: 4 physical cores, 8 logical processors, using up to 8 threads

Non-default parameters:
LogToConsole  0

Optimize a model with 5146 rows, 7443 columns and 18718 nonzeros (Min)
Model fingerprint: 0xc99359f3
Model has 2199 linear objective coefficients and an objective constant of 1.4586590395440020e+07
Model has 972 quadratic objective terms
Coefficient statistics:
  Matrix range     [1e+00, 1e+04]
  Objective range  [4e-01, 1e+06]
  QObjective range [2e+04, 2e+04]
  Bounds range     [2e-06, 1e+04]
  RHS range        [2e-06, 1e+01]

Presolve removed 3653 rows and 4260 columns
Presolve time: 0.02s
Presolved: 1493 rows, 3183 columns, 9194 nonzeros
Presolved model has 898 quadratic objective terms
Ordering time: 0.00s

Barrier statistics:
 AA' NZ     : 1.785e+04
 Factor NZ  : 4.886e+04 (roughly 2 MB of memory)
 Factor Ops : 2.060e+06 (less than 1 second per iteration)
 Threads    : 1

                  Objective                Residual
Iter       Primal          Dual         Primal    Dual     Compl     Time
   0   6.48623610e+12 -2.38508137e+12  7.50e+03 3.76e+04  3.76e+07     0s
   1   1.51158884e+12 -1.37632467e+12  1.85e+03 9.29e+03  9.61e+06     0s
   2   1.72531633e+11 -1.16168352e+12  2.16e+02 1.08e+03  1.32e+06     0s
   3   2.49789923e+10 -5.99004832e+11  3.19e+01 1.60e+02  2.41e+05     0s
   4   3.70180494e+09 -2.66809255e+11  5.15e+00 2.59e+01  6.22e+04     0s
   5   1.23623693e+09 -1.24935708e+11  1.89e+00 9.50e+00  2.61e+04     0s
   6   9.29763159e+08 -1.00989455e+11  1.36e+00 6.83e+00  2.08e+04     0s
   7   8.41165867e+08 -9.12496215e+10  1.22e+00 6.12e+00  1.87e+04     0s
   8   8.16264712e+08 -8.74057500e+10  1.17e+00 5.89e+00  1.79e+04     0s
   9   7.93077171e+08 -8.20806517e+10  1.12e+00 5.60e+00  1.71e+04     0s
  10   7.60960200e+08 -7.37401879e+10  1.04e+00 5.24e+00  1.60e+04     0s
  11   7.25461136e+08 -6.59280916e+10  1.01e+00 5.07e+00  1.54e+04     0s
  12   7.13125179e+08 -6.14424152e+10  1.00e+00 5.04e+00  1.53e+04     0s
  13   5.71915743e+08 -2.14076370e+10  9.64e-01 4.84e+00  1.47e+04     0s
  14   5.70450095e+08  3.08576476e+10  9.57e-01 4.77e+00  1.47e+04     0s
  15   5.55129719e+08  9.35960825e+10  9.48e-01 4.73e+00  1.45e+04     0s
  16   5.50364118e+08  1.43849406e+11  9.45e-01 4.71e+00  1.45e+04     0s
  17   1.05282722e+14 -4.68654411e+13  7.50e+04 3.76e+04  3.74e+08     0s
  18   3.01673279e+13 -8.57307024e+12  2.91e+04 1.46e+04  1.79e+08     0s
  19   9.22752444e+12 -2.81173083e+12  1.04e+04 5.22e+03  7.60e+07     0s
  20   8.10385829e+11 -1.97798052e+12  1.00e+03 5.02e+02  7.93e+06     0s
  21   8.15762318e+10 -1.44573530e+12  1.02e+02 5.14e+01  9.65e+05     0s
  22   4.95948222e+10 -1.14632912e+12  6.26e+01 3.14e+01  6.10e+05     0s
  23   6.17589528e+09 -6.16326442e+11  8.11e+00 4.07e+00  1.54e+05     0s
  24   1.23987785e+09 -2.18023332e+11  1.80e+00 9.05e-01  4.44e+04     0s
  25   9.61430767e+08 -1.74868431e+11  1.40e+00 7.04e-01  3.49e+04     0s
  26   9.16479848e+08 -1.67083037e+11  1.34e+00 6.70e-01  3.32e+04     0s
  27   8.24929514e+08 -1.49755149e+11  1.19e+00 5.98e-01  2.97e+04     0s
  28   7.77614031e+08 -1.31802525e+11  1.08e+00 5.40e-01  2.68e+04     0s
  29   7.31211618e+08 -1.17671828e+11  1.03e+00 5.19e-01  2.57e+04     0s
  30   6.94115399e+08 -1.03601732e+11  1.00e+00 5.02e-01  2.49e+04     0s
  31   6.48733036e+08 -8.03220329e+10  9.82e-01 4.93e-01  2.44e+04     0s
  32   5.61777272e+08 -2.86146069e+10  9.56e-01 4.80e-01  2.36e+04     0s
  33   5.64432286e+08  2.15653851e+10  9.54e-01 4.79e-01  2.36e+04     0s
  34   5.54697601e+08  9.25406361e+10  9.49e-01 4.76e-01  2.34e+04     0s
  35   5.48817022e+08  1.48388098e+11  9.46e-01 4.17e-07  2.34e+04     0s
  36   5.35020536e+08  5.35471747e+11  9.38e-01 6.26e-06  2.33e+04     0s
  37   5.31280749e+08  7.22890483e+11  9.36e-01 7.39e-06  2.34e+04     0s
  38   5.28116896e+08  1.03025265e+12  9.34e-01 6.32e-06  2.36e+04     0s
  39   5.22539806e+08  1.85399390e+12  9.31e-01 3.15e-05  2.37e+04     0s
  40   5.19366107e+08  2.71635456e+12  9.30e-01 5.63e-05  2.41e+04     0s
  41   5.16945894e+08  4.23842281e+12  9.29e-01 5.48e-06  2.47e+04     0s
  42   5.20790086e+08  9.70742680e+12  9.28e-01 3.43e-05  2.92e+04     0s
  43   5.21174058e+08  1.47413428e+13  9.28e-01 2.30e-07  3.13e+04     0s
  44   5.23897115e+08  2.48101601e+13  9.27e-01 1.28e-04  3.48e+04     0s
  45   5.26086109e+08  4.07378660e+13  9.26e-01 5.15e-05  3.99e+04     0s
  46   5.27249894e+08  6.55305941e+13  9.26e-01 2.90e-04  4.74e+04     0s
  47   5.27632103e+08  1.18853138e+14  9.25e-01 3.59e-04  6.11e+04     0s
  48   5.27962030e+08  2.18868165e+14  9.25e-01 2.35e-03  8.40e+04     0s
  49   5.28068855e+08  2.26431717e+14  9.25e-01 1.45e-04  8.59e+04     0s
  50   5.27245029e+08  3.07602029e+14  9.25e-01 3.66e-04  1.04e+05     0s
  51   5.26880051e+08  5.20954975e+14  9.25e-01 1.10e-03  1.48e+05     0s
  52   5.26098673e+08  1.21248487e+15  9.25e-01 3.81e-03  2.61e+05     0s
  53   5.26027466e+08  1.36849604e+15  9.24e-01 1.16e-03  2.87e+05     0s
  54   5.25997017e+08  1.41953188e+15  9.24e-01 7.47e-04  2.95e+05     0s
  55   5.26010694e+08  1.48115908e+15  9.24e-01 9.25e-04  3.05e+05     0s
  56   5.26046591e+08  1.76532208e+15  9.24e-01 8.04e-04  3.49e+05     0s

Barrier performed 56 iterations in 0.13 seconds (0.11 work units)
Numerical trouble encountered

Model may be infeasible or unbounded.  Consider using the
homogeneous algorithm (through parameter 'BarHomogeneous')


User-callback calls 121, time in user-callback 0.00 sec

Gurobi 13.0.2 (win64) logging started Thu Jul 16 16:07:58 2026

Set parameter LogFile to value "C:\Users\ehsanno\DataspellProjects\Spanish_Power_System\results\GoRES\ipopt_logs\2024-07-08_h23.log"

Gurobi 13.0.2 (win64) logging started Thu Jul 16 16:07:58 2026

Set parameter LogFile to value "C:\Users\ehsanno\DataspellProjects\Spanish_Power_System\results\GoRES\ipopt_logs\2024-07-08_h23.log"
Gurobi Optimizer version 13.0.2 build v13.0.2rc1 (win64 - Windows 11+.0 (26200.2))

CPU model: 11th Gen Intel(R) Core(TM) i5-1145G7 @ 2.60GHz, instruction set [SSE2|AVX|AVX2|AVX512]
Thread count: 4 physical cores, 8 logical processors, using up to 8 threads

Non-default parameters:
LogToConsole  0

Optimize a model with 5146 rows, 7859 columns and 19134 nonzeros (Min)
Model fingerprint: 0x8ca9e563
Model has 2502 linear objective coefficients and an objective constant of 17356049.6110732
Model has 1482 quadratic objective terms
Coefficient statistics:
  Matrix range     [1e+00, 1e+04]
  Objective range  [2e-08, 1e+06]
  QObjective range [2e+04, 2e+04]
  Bounds range     [2e-06, 1e+04]
  RHS range        [2e-06, 1e+01]

Presolve removed 3637 rows and 4150 columns
Presolve time: 0.02s
Presolved: 1509 rows, 3709 columns, 9804 nonzeros
Presolved model has 1408 quadratic objective terms
Ordering time: 0.00s

Barrier statistics:
 AA' NZ     : 1.775e+04
 Factor NZ  : 4.791e+04 (roughly 2 MB of memory)
 Factor Ops : 1.944e+06 (less than 1 second per iteration)
 Threads    : 1

                  Objective                Residual
Iter       Primal          Dual         Primal    Dual     Compl     Time
   0   6.37000072e+12 -6.58225045e+12  8.00e+03 3.85e+07  3.92e+10     0s
   1   1.52921690e+12 -4.95439840e+12  1.93e+03 9.30e+06  9.91e+09     0s
   2   1.69006431e+11 -3.06275190e+12  2.14e+02 1.03e+06  1.43e+09     0s
   3   2.38347379e+10 -1.12074931e+12  3.08e+01 1.48e+05  2.69e+08     0s
   4   1.55407764e+10 -8.27975980e+11  2.02e+01 9.75e+04  1.82e+08     0s
   5   5.52910646e+09 -5.09262579e+11  7.40e+00 3.56e+04  9.59e+07     0s
   6   1.30735927e+09 -1.73711214e+11  1.95e+00 9.41e+03  2.90e+07     0s
   7   4.63833898e+08 -7.66014409e+10  5.14e-01 2.48e+03  1.19e+07     0s
   8   2.46628762e+08 -4.52935351e+10  1.84e-01 8.85e+02  6.83e+06     0s
   9   1.42058516e+08 -4.80938888e+09  1.60e-02 7.71e+01  7.04e+05     0s
  10   9.76806478e+07 -1.99500796e+09  5.64e-03 2.71e+01  2.91e+05     0s
  11   4.73240186e+07 -5.41020294e+08  1.96e-04 9.46e-01  8.06e+04     0s
  12   6.83522812e+06 -3.53391840e+07  5.47e-10 9.46e-07  5.77e+03     0s
  13   8.44504584e+05 -2.63635491e+06  1.49e-09 1.89e-08  4.76e+02     0s
  14   4.67603085e+05 -9.79825990e+05  5.27e-09 1.70e-08  1.98e+02     0s
  15   2.85966411e+05 -1.94471722e+05  4.49e-09 1.12e-08  6.57e+01     0s
  16   1.98919139e+05  1.29306693e+05  1.48e-08 2.23e-08  9.52e+00     0s
  17   1.81905526e+05  1.73240587e+05  1.98e-07 1.45e-08  1.19e+00     0s
  18   1.80023477e+05  1.77565782e+05  6.24e-07 1.23e-08  3.36e-01     0s
  19   1.79723558e+05  1.77831654e+05  4.04e-07 6.62e-09  2.59e-01     0s
  20   1.79059954e+05  1.78782245e+05  5.04e-08 1.42e-08  3.80e-02     0s
  21   1.78999855e+05  1.78991202e+05  2.33e-07 1.06e-08  1.18e-03     0s
  22   1.78997442e+05  1.78997098e+05  1.61e-07 1.60e-08  4.60e-05     0s
  23   1.78997340e+05  1.78997339e+05  4.08e-09 2.75e-08  6.52e-08     0s
  24   1.78997340e+05  1.78997339e+05  1.30e-09 4.25e-08  6.57e-11     0s

Barrier solved model in 24 iterations and 0.08 seconds (0.05 work units)
Optimal objective 1.78997340e+05


User-callback calls 78, time in user-callback 0.00 sec

Gurobi 13.0.2 (win64) logging started Thu Jul 16 16:15:16 2026

Set parameter LogFile to value "C:\Users\ehsanno\DataspellProjects\Spanish_Power_System\results\GoRES\ipopt_logs\2024-07-08_h23.log"

Gurobi 13.0.2 (win64) logging started Thu Jul 16 16:15:16 2026

Set parameter LogFile to value "C:\Users\ehsanno\DataspellProjects\Spanish_Power_System\results\GoRES\ipopt_logs\2024-07-08_h23.log"
Gurobi Optimizer version 13.0.2 build v13.0.2rc1 (win64 - Windows 11+.0 (26200.2))

CPU model: 11th Gen Intel(R) Core(TM) i5-1145G7 @ 2.60GHz, instruction set [SSE2|AVX|AVX2|AVX512]
Thread count: 4 physical cores, 8 logical processors, using up to 8 threads

Non-default parameters:
LogToConsole  0

Optimize a model with 5146 rows, 7859 columns and 19134 nonzeros (Min)
Model fingerprint: 0x028aef31
Model has 2502 linear objective coefficients and an objective constant of 17356049.6110732
Model has 1482 quadratic objective terms
Coefficient statistics:
  Matrix range     [1e+00, 1e+04]
  Objective range  [2e-08, 1e+06]
  QObjective range [2e+04, 2e+04]
  Bounds range     [2e-06, 1e+04]
  RHS range        [2e-06, 1e+01]

Presolve removed 3640 rows and 4146 columns
Presolve time: 0.02s
Presolved: 1506 rows, 3713 columns, 9742 nonzeros
Presolved model has 1408 quadratic objective terms
Ordering time: 0.00s

Barrier statistics:
 AA' NZ     : 1.782e+04
 Factor NZ  : 4.737e+04 (roughly 2 MB of memory)
 Factor Ops : 1.935e+06 (less than 1 second per iteration)
 Threads    : 1

                  Objective                Residual
Iter       Primal          Dual         Primal    Dual     Compl     Time
   0   4.92476464e+12 -5.45418657e+12  7.76e+03 3.90e+07  3.95e+10     0s
   1   1.02820070e+12 -4.16328185e+12  1.63e+03 8.18e+06  8.76e+09     0s
   2   7.73403970e+10 -2.62680856e+12  1.22e+02 6.14e+05  1.04e+09     0s
   3   1.16842864e+10 -1.00183447e+12  1.86e+01 9.35e+04  2.23e+08     0s
   4   6.54955434e+09 -6.61622310e+11  1.05e+01 5.28e+04  1.33e+08     0s
   5   1.68295261e+09 -3.12151333e+11  2.77e+00 1.39e+04  5.30e+07     0s
   6   4.85509904e+08 -1.43198346e+11  7.08e-01 3.56e+03  2.23e+07     0s
   7   2.51158088e+08 -5.74396722e+10  2.25e-01 1.13e+03  8.57e+06     0s
   8   1.74567048e+08 -2.91868491e+10  4.19e-02 2.11e+02  4.16e+06     0s
   9   1.41312974e+08 -3.70028070e+09  3.21e-03 1.61e+01  5.30e+05     0s
  10   8.48174015e+07 -1.67167077e+09  6.40e-04 3.21e+00  2.41e+05     0s
  11   2.51033721e+07 -2.14417431e+08  1.89e-05 9.50e-02  3.27e+04     0s
  12   3.56616209e+06 -2.61645508e+07  5.18e-11 9.50e-08  4.06e+03     0s
  13   6.99722551e+05 -1.20001291e+06  2.06e-10 3.67e-08  2.60e+02     0s
  14   4.83136508e+05 -4.58625144e+05  5.06e-10 2.22e-08  1.29e+02     0s
  15   3.27861315e+05 -2.09230393e+03  1.30e-09 2.31e-08  4.51e+01     0s
  16   2.63587044e+05  1.77465452e+05  3.44e-09 2.20e-08  1.18e+01     0s
  17   2.41893900e+05  2.25376043e+05  1.58e-08 2.60e-08  2.26e+00     0s
  18   2.36627342e+05  2.34231810e+05  6.56e-08 1.29e-08  3.27e-01     0s
  19   2.35714312e+05  2.35432144e+05  1.50e-07 8.81e-09  3.85e-02     0s
  20   2.35598216e+05  2.35584703e+05  9.60e-08 1.96e-08  1.85e-03     0s
  21   2.35593676e+05  2.35593168e+05  7.12e-08 1.52e-08  6.91e-05     0s
  22   2.35593533e+05  2.35593530e+05  6.47e-08 8.55e-09  7.18e-08     0s
  23   2.35593533e+05  2.35593531e+05  2.52e-08 8.22e-09  7.18e-11     0s

Barrier solved model in 23 iterations and 0.08 seconds (0.05 work units)
Optimal objective 2.35593533e+05


User-callback calls 80, time in user-callback 0.00 sec

Gurobi 13.0.2 (win64) logging started Thu Jul 16 16:23:44 2026

Set parameter LogFile to value "C:\Users\ehsanno\DataspellProjects\Spanish_Power_System\results\GoRES\ipopt_logs\2024-07-08_h23.log"

Gurobi 13.0.2 (win64) logging started Thu Jul 16 16:23:44 2026

Set parameter LogFile to value "C:\Users\ehsanno\DataspellProjects\Spanish_Power_System\results\GoRES\ipopt_logs\2024-07-08_h23.log"
Gurobi Optimizer version 13.0.2 build v13.0.2rc1 (win64 - Windows 11+.0 (26200.2))

CPU model: 11th Gen Intel(R) Core(TM) i5-1145G7 @ 2.60GHz, instruction set [SSE2|AVX|AVX2|AVX512]
Thread count: 4 physical cores, 8 logical processors, using up to 8 threads

Non-default parameters:
LogToConsole  0

Optimize a model with 5146 rows, 7859 columns and 19134 nonzeros (Min)
Model fingerprint: 0x4dc2fdee
Model has 2460 linear objective coefficients and an objective constant of 1.7356068372320034e+07
Model has 1482 quadratic objective terms
Coefficient statistics:
  Matrix range     [1e+00, 1e+04]
  Objective range  [4e-01, 1e+06]
  QObjective range [2e+04, 2e+04]
  Bounds range     [2e-06, 1e+04]
  RHS range        [2e-06, 1e+01]

Presolve removed 3635 rows and 3729 columns
Presolve time: 0.01s

Barrier solved model in 0 iterations and 0.01 seconds (0.01 work units)
Model is infeasible

User-callback calls 27, time in user-callback 0.00 sec
Gurobi Optimizer version 13.0.2 build v13.0.2rc1 (win64 - Windows 11+.0 (26200.2))

CPU model: 11th Gen Intel(R) Core(TM) i5-1145G7 @ 2.60GHz, instruction set [SSE2|AVX|AVX2|AVX512]
Thread count: 4 physical cores, 8 logical processors, using up to 8 threads

Non-default parameters:
LogToConsole  0

Iteration    Objective       Primal Inf.    Dual Inf.      Time
       0      handle free variables                          0s

IIS computed: 5 constraints and 11 bounds
IIS runtime: 0.20 seconds (0.40 work units)

Gurobi 13.0.2 (win64) logging started Mon Jul 20 15:54:20 2026

Set parameter LogFile to value "C:\Users\ehsanno\DataspellProjects\Spanish_Power_System\results\GoRES\ipopt_logs\2024-07-08_h23.log"

Gurobi 13.0.2 (win64) logging started Mon Jul 20 15:54:20 2026

Set parameter LogFile to value "C:\Users\ehsanno\DataspellProjects\Spanish_Power_System\results\GoRES\ipopt_logs\2024-07-08_h23.log"
Gurobi Optimizer version 13.0.2 build v13.0.2rc1 (win64 - Windows 11+.0 (26200.2))

CPU model: 11th Gen Intel(R) Core(TM) i5-1145G7 @ 2.60GHz, instruction set [SSE2|AVX|AVX2|AVX512]
Thread count: 4 physical cores, 8 logical processors, using up to 8 threads

Non-default parameters:
LogToConsole  0

Optimize a model with 5146 rows, 8031 columns and 19306 nonzeros (Min)
Model fingerprint: 0xc2872200
Model has 2574 linear objective coefficients and an objective constant of 2.2701012688504953e+07
Model has 1660 quadratic objective terms
Coefficient statistics:
  Matrix range     [1e+00, 1e+04]
  Objective range  [1e-06, 1e+06]
  QObjective range [2e+04, 2e+04]
  Bounds range     [1e-06, 1e+04]
  RHS range        [2e-06, 1e+01]

Presolve removed 3642 rows and 3733 columns
Presolve time: 0.02s

Barrier solved model in 0 iterations and 0.02 seconds (0.01 work units)
Model is infeasible

User-callback calls 27, time in user-callback 0.00 sec
Gurobi Optimizer version 13.0.2 build v13.0.2rc1 (win64 - Windows 11+.0 (26200.2))

CPU model: 11th Gen Intel(R) Core(TM) i5-1145G7 @ 2.60GHz, instruction set [SSE2|AVX|AVX2|AVX512]
Thread count: 4 physical cores, 8 logical processors, using up to 8 threads

Non-default parameters:
LogToConsole  0

Iteration    Objective       Primal Inf.    Dual Inf.      Time
       0      handle free variables                          0s

IIS computed: 5 constraints and 13 bounds
IIS runtime: 0.36 seconds (0.39 work units)

Gurobi 13.0.2 (win64) logging started Mon Jul 20 15:56:50 2026

Set parameter LogFile to value "C:\Users\ehsanno\DataspellProjects\Spanish_Power_System\results\GoRES\ipopt_logs\2024-07-08_h23.log"

Gurobi 13.0.2 (win64) logging started Mon Jul 20 15:56:50 2026

Set parameter LogFile to value "C:\Users\ehsanno\DataspellProjects\Spanish_Power_System\results\GoRES\ipopt_logs\2024-07-08_h23.log"
Gurobi Optimizer version 13.0.2 build v13.0.2rc1 (win64 - Windows 11+.0 (26200.2))

CPU model: 11th Gen Intel(R) Core(TM) i5-1145G7 @ 2.60GHz, instruction set [SSE2|AVX|AVX2|AVX512]
Thread count: 4 physical cores, 8 logical processors, using up to 8 threads

Non-default parameters:
LogToConsole  0

Optimize a model with 5146 rows, 8031 columns and 19306 nonzeros (Min)
Model fingerprint: 0x06587f0e
Model has 2390 linear objective coefficients and an objective constant of 2.8376281726399980e+07
Model has 1660 quadratic objective terms
Coefficient statistics:
  Matrix range     [1e+00, 1e+04]
  Objective range  [4e-01, 1e+06]
  QObjective range [2e+04, 2e+04]
  Bounds range     [1e-06, 1e+04]
  RHS range        [2e-06, 1e+01]

Presolve removed 3642 rows and 3733 columns
Presolve time: 0.02s

Barrier solved model in 0 iterations and 0.02 seconds (0.01 work units)
Model is infeasible

User-callback calls 29, time in user-callback 0.00 sec
Gurobi Optimizer version 13.0.2 build v13.0.2rc1 (win64 - Windows 11+.0 (26200.2))

CPU model: 11th Gen Intel(R) Core(TM) i5-1145G7 @ 2.60GHz, instruction set [SSE2|AVX|AVX2|AVX512]
Thread count: 4 physical cores, 8 logical processors, using up to 8 threads

Non-default parameters:
LogToConsole  0

Iteration    Objective       Primal Inf.    Dual Inf.      Time
       0      handle free variables                          0s

IIS computed: 5 constraints and 13 bounds
IIS runtime: 0.29 seconds (0.39 work units)

Gurobi 13.0.2 (win64) logging started Mon Jul 20 15:58:36 2026

Set parameter LogFile to value "C:\Users\ehsanno\DataspellProjects\Spanish_Power_System\results\GoRES\ipopt_logs\2024-07-08_h23.log"

Gurobi 13.0.2 (win64) logging started Mon Jul 20 15:58:36 2026

Set parameter LogFile to value "C:\Users\ehsanno\DataspellProjects\Spanish_Power_System\results\GoRES\ipopt_logs\2024-07-08_h23.log"
Gurobi Optimizer version 13.0.2 build v13.0.2rc1 (win64 - Windows 11+.0 (26200.2))

CPU model: 11th Gen Intel(R) Core(TM) i5-1145G7 @ 2.60GHz, instruction set [SSE2|AVX|AVX2|AVX512]
Thread count: 4 physical cores, 8 logical processors, using up to 8 threads

Non-default parameters:
LogToConsole  0

Optimize a model with 5146 rows, 8031 columns and 19306 nonzeros (Min)
Model fingerprint: 0xfccb8932
Model has 2390 linear objective coefficients and an objective constant of 3.4051538071679972e+07
Model has 1660 quadratic objective terms
Coefficient statistics:
  Matrix range     [1e+00, 1e+04]
  Objective range  [4e-01, 1e+06]
  QObjective range [2e+04, 2e+04]
  Bounds range     [1e-06, 1e+04]
  RHS range        [2e-06, 1e+01]

Presolve removed 3642 rows and 3733 columns
Presolve time: 0.02s

Barrier solved model in 0 iterations and 0.02 seconds (0.01 work units)
Model is infeasible

User-callback calls 29, time in user-callback 0.00 sec
Gurobi Optimizer version 13.0.2 build v13.0.2rc1 (win64 - Windows 11+.0 (26200.2))

CPU model: 11th Gen Intel(R) Core(TM) i5-1145G7 @ 2.60GHz, instruction set [SSE2|AVX|AVX2|AVX512]
Thread count: 4 physical cores, 8 logical processors, using up to 8 threads

Non-default parameters:
LogToConsole  0

Iteration    Objective       Primal Inf.    Dual Inf.      Time
       0      handle free variables                          0s

IIS computed: 5 constraints and 13 bounds
IIS runtime: 0.29 seconds (0.39 work units)
