
Gurobi 13.0.2 (win64) logging started Wed Jul 15 00:43:02 2026

Set parameter LogFile to value "C:\Users\ehsanno\DataspellProjects\Spanish_Power_System\results\GoRES\ipopt_logs\2024-07-08_da.log"

Gurobi 13.0.2 (win64) logging started Wed Jul 15 00:43:04 2026

Set parameter LogFile to value "C:\Users\ehsanno\DataspellProjects\Spanish_Power_System\results\GoRES\ipopt_logs\2024-07-08_da.log"
Gurobi Optimizer version 13.0.2 build v13.0.2rc1 (win64 - Windows 11+.0 (26200.2))

CPU model: 11th Gen Intel(R) Core(TM) i5-1145G7 @ 2.60GHz, instruction set [SSE2|AVX|AVX2|AVX512]
Thread count: 4 physical cores, 8 logical processors, using up to 8 threads

Non-default parameters:
LogToConsole  0

Optimize a model with 585 rows, 49778 columns and 57264 nonzeros (Min)
Model fingerprint: 0x9363e98c
Model has 47857 linear objective coefficients
Coefficient statistics:
  Matrix range     [1e+00, 6e+03]
  Objective range  [4e-01, 1e+06]
  Bounds range     [2e-06, 1e+04]
  RHS range        [3e+02, 1e+10]
Warning: Model contains large rhs
         Consider reformulating model or setting NumericFocus parameter
         to avoid numerical issues.

Presolve removed 88 rows and 48767 columns
Presolve time: 0.03s
Presolved: 497 rows, 1011 columns, 7270 nonzeros

Concurrent LP optimizer: dual simplex and barrier
Showing barrier log only...

Ordering time: 0.00s

Barrier statistics:
 AA' NZ     : 9.579e+03
 Factor NZ  : 1.247e+04 (roughly 1 MB of memory)
 Factor Ops : 3.398e+05 (less than 1 second per iteration)
 Threads    : 1

Barrier performed 0 iterations in 0.06 seconds (0.02 work units)
Barrier solve interrupted - model solved by another algorithm


Solved with dual simplex
Iteration    Objective       Primal Inf.    Dual Inf.      Time
     274    3.6195580e+06   0.000000e+00   0.000000e+00      0s

Solved in 274 iterations and 0.07 seconds (0.03 work units)
Optimal objective  3.619557976e+06

User-callback calls 51, time in user-callback 0.00 sec

Gurobi 13.0.2 (win64) logging started Wed Jul 15 11:07:50 2026

Set parameter LogFile to value "C:\Users\ehsanno\DataspellProjects\Spanish_Power_System\results\GoRES\ipopt_logs\2024-07-08_da.log"

Gurobi 13.0.2 (win64) logging started Wed Jul 15 11:07:52 2026

Set parameter LogFile to value "C:\Users\ehsanno\DataspellProjects\Spanish_Power_System\results\GoRES\ipopt_logs\2024-07-08_da.log"
Gurobi Optimizer version 13.0.2 build v13.0.2rc1 (win64 - Windows 11+.0 (26200.2))

CPU model: 11th Gen Intel(R) Core(TM) i5-1145G7 @ 2.60GHz, instruction set [SSE2|AVX|AVX2|AVX512]
Thread count: 4 physical cores, 8 logical processors, using up to 8 threads

Non-default parameters:
LogToConsole  0

Optimize a model with 585 rows, 49778 columns and 57264 nonzeros (Min)
Model fingerprint: 0x9363e98c
Model has 47857 linear objective coefficients
Coefficient statistics:
  Matrix range     [1e+00, 6e+03]
  Objective range  [4e-01, 1e+06]
  Bounds range     [2e-06, 1e+04]
  RHS range        [3e+02, 1e+10]
Warning: Model contains large rhs
         Consider reformulating model or setting NumericFocus parameter
         to avoid numerical issues.

Presolve removed 88 rows and 48767 columns
Presolve time: 0.03s
Presolved: 497 rows, 1011 columns, 7270 nonzeros

Concurrent LP optimizer: dual simplex and barrier
Showing barrier log only...

Ordering time: 0.00s

Barrier statistics:
 AA' NZ     : 9.579e+03
 Factor NZ  : 1.247e+04 (roughly 1 MB of memory)
 Factor Ops : 3.398e+05 (less than 1 second per iteration)
 Threads    : 1

Barrier performed 0 iterations in 0.06 seconds (0.02 work units)
Barrier solve interrupted - model solved by another algorithm


Solved with dual simplex
Iteration    Objective       Primal Inf.    Dual Inf.      Time
     274    3.6195580e+06   0.000000e+00   0.000000e+00      0s

Solved in 274 iterations and 0.07 seconds (0.03 work units)
Optimal objective  3.619557976e+06

User-callback calls 51, time in user-callback 0.00 sec

Gurobi 13.0.2 (win64) logging started Wed Jul 15 11:51:59 2026

Set parameter LogFile to value "C:\Users\ehsanno\DataspellProjects\Spanish_Power_System\results\GoRES\ipopt_logs\2024-07-08_da.log"

Gurobi 13.0.2 (win64) logging started Wed Jul 15 11:52:01 2026

Set parameter LogFile to value "C:\Users\ehsanno\DataspellProjects\Spanish_Power_System\results\GoRES\ipopt_logs\2024-07-08_da.log"
Gurobi Optimizer version 13.0.2 build v13.0.2rc1 (win64 - Windows 11+.0 (26200.2))

CPU model: 11th Gen Intel(R) Core(TM) i5-1145G7 @ 2.60GHz, instruction set [SSE2|AVX|AVX2|AVX512]
Thread count: 4 physical cores, 8 logical processors, using up to 8 threads

Non-default parameters:
LogToConsole  0

Optimize a model with 585 rows, 49778 columns and 57264 nonzeros (Min)
Model fingerprint: 0x9363e98c
Model has 47857 linear objective coefficients
Coefficient statistics:
  Matrix range     [1e+00, 6e+03]
  Objective range  [4e-01, 1e+06]
  Bounds range     [2e-06, 1e+04]
  RHS range        [3e+02, 1e+10]
Warning: Model contains large rhs
         Consider reformulating model or setting NumericFocus parameter
         to avoid numerical issues.

Presolve removed 88 rows and 48767 columns
Presolve time: 0.03s
Presolved: 497 rows, 1011 columns, 7270 nonzeros

Concurrent LP optimizer: dual simplex and barrier
Showing barrier log only...

Ordering time: 0.00s

Barrier statistics:
 AA' NZ     : 9.579e+03
 Factor NZ  : 1.247e+04 (roughly 1 MB of memory)
 Factor Ops : 3.398e+05 (less than 1 second per iteration)
 Threads    : 1

Barrier performed 0 iterations in 0.06 seconds (0.02 work units)
Barrier solve interrupted - model solved by another algorithm


Solved with dual simplex
Iteration    Objective       Primal Inf.    Dual Inf.      Time
     274    3.6195580e+06   0.000000e+00   0.000000e+00      0s

Solved in 274 iterations and 0.07 seconds (0.03 work units)
Optimal objective  3.619557976e+06

User-callback calls 51, time in user-callback 0.00 sec

Gurobi 13.0.2 (win64) logging started Wed Jul 15 11:59:15 2026

Set parameter LogFile to value "C:\Users\ehsanno\DataspellProjects\Spanish_Power_System\results\GoRES\ipopt_logs\2024-07-08_da.log"

Gurobi 13.0.2 (win64) logging started Wed Jul 15 11:59:18 2026

Set parameter LogFile to value "C:\Users\ehsanno\DataspellProjects\Spanish_Power_System\results\GoRES\ipopt_logs\2024-07-08_da.log"
Gurobi Optimizer version 13.0.2 build v13.0.2rc1 (win64 - Windows 11+.0 (26200.2))

CPU model: 11th Gen Intel(R) Core(TM) i5-1145G7 @ 2.60GHz, instruction set [SSE2|AVX|AVX2|AVX512]
Thread count: 4 physical cores, 8 logical processors, using up to 8 threads

Non-default parameters:
LogToConsole  0

Optimize a model with 585 rows, 49778 columns and 57264 nonzeros (Min)
Model fingerprint: 0x9363e98c
Model has 47857 linear objective coefficients
Coefficient statistics:
  Matrix range     [1e+00, 6e+03]
  Objective range  [4e-01, 1e+06]
  Bounds range     [2e-06, 1e+04]
  RHS range        [3e+02, 1e+10]
Warning: Model contains large rhs
         Consider reformulating model or setting NumericFocus parameter
         to avoid numerical issues.

Presolve removed 88 rows and 48767 columns
Presolve time: 0.03s
Presolved: 497 rows, 1011 columns, 7270 nonzeros

Concurrent LP optimizer: dual simplex and barrier
Showing barrier log only...

Ordering time: 0.00s

Barrier statistics:
 AA' NZ     : 9.579e+03
 Factor NZ  : 1.247e+04 (roughly 1 MB of memory)
 Factor Ops : 3.398e+05 (less than 1 second per iteration)
 Threads    : 1

Barrier performed 0 iterations in 0.05 seconds (0.02 work units)
Barrier solve interrupted - model solved by another algorithm


Solved with dual simplex
Iteration    Objective       Primal Inf.    Dual Inf.      Time
     274    3.6195580e+06   0.000000e+00   0.000000e+00      0s

Solved in 274 iterations and 0.06 seconds (0.03 work units)
Optimal objective  3.619557976e+06

User-callback calls 51, time in user-callback 0.00 sec

Gurobi 13.0.2 (win64) logging started Wed Jul 15 12:14:34 2026

Set parameter LogFile to value "C:\Users\ehsanno\DataspellProjects\Spanish_Power_System\results\GoRES\ipopt_logs\2024-07-08_da.log"

Gurobi 13.0.2 (win64) logging started Wed Jul 15 12:14:36 2026

Set parameter LogFile to value "C:\Users\ehsanno\DataspellProjects\Spanish_Power_System\results\GoRES\ipopt_logs\2024-07-08_da.log"
Gurobi Optimizer version 13.0.2 build v13.0.2rc1 (win64 - Windows 11+.0 (26200.2))

CPU model: 11th Gen Intel(R) Core(TM) i5-1145G7 @ 2.60GHz, instruction set [SSE2|AVX|AVX2|AVX512]
Thread count: 4 physical cores, 8 logical processors, using up to 8 threads

Non-default parameters:
LogToConsole  0

Optimize a model with 585 rows, 49778 columns and 57264 nonzeros (Min)
Model fingerprint: 0x91eeca93
Model has 47857 linear objective coefficients
Coefficient statistics:
  Matrix range     [1e+00, 6e+03]
  Objective range  [4e-01, 1e+06]
  Bounds range     [2e-06, 1e+04]
  RHS range        [3e+02, 1e+10]
Warning: Model contains large rhs
         Consider reformulating model or setting NumericFocus parameter
         to avoid numerical issues.

Presolve removed 87 rows and 48762 columns
Presolve time: 0.03s
Presolved: 498 rows, 1016 columns, 7296 nonzeros

Concurrent LP optimizer: dual simplex and barrier
Showing barrier log only...

Ordering time: 0.00s

Barrier statistics:
 AA' NZ     : 9.700e+03
 Factor NZ  : 1.279e+04 (roughly 1 MB of memory)
 Factor Ops : 3.542e+05 (less than 1 second per iteration)
 Threads    : 1

Barrier performed 0 iterations in 0.06 seconds (0.02 work units)
Barrier solve interrupted - model solved by another algorithm


Solved with dual simplex
Iteration    Objective       Primal Inf.    Dual Inf.      Time
     316    3.6200581e+06   0.000000e+00   0.000000e+00      0s

Solved in 316 iterations and 0.07 seconds (0.03 work units)
Optimal objective  3.620058088e+06

User-callback calls 52, time in user-callback 0.00 sec

Gurobi 13.0.2 (win64) logging started Wed Jul 15 14:20:20 2026

Set parameter LogFile to value "C:\Users\ehsanno\DataspellProjects\Spanish_Power_System\results\GoRES\ipopt_logs\2024-07-08_da.log"

Gurobi 13.0.2 (win64) logging started Wed Jul 15 14:20:21 2026

Set parameter LogFile to value "C:\Users\ehsanno\DataspellProjects\Spanish_Power_System\results\GoRES\ipopt_logs\2024-07-08_da.log"
Gurobi Optimizer version 13.0.2 build v13.0.2rc1 (win64 - Windows 11+.0 (26200.2))

CPU model: 11th Gen Intel(R) Core(TM) i5-1145G7 @ 2.60GHz, instruction set [SSE2|AVX|AVX2|AVX512]
Thread count: 4 physical cores, 8 logical processors, using up to 8 threads

Non-default parameters:
LogToConsole  0

Optimize a model with 585 rows, 49778 columns and 57264 nonzeros (Min)
Model fingerprint: 0x02ea439d
Model has 47857 linear objective coefficients
Coefficient statistics:
  Matrix range     [1e+00, 6e+03]
  Objective range  [4e-01, 1e+06]
  Bounds range     [2e-06, 1e+04]
  RHS range        [3e+02, 1e+10]
Warning: Model contains large rhs
         Consider reformulating model or setting NumericFocus parameter
         to avoid numerical issues.

Presolve removed 87 rows and 48747 columns
Presolve time: 0.03s
Presolved: 498 rows, 1031 columns, 7311 nonzeros

Concurrent LP optimizer: dual simplex and barrier
Showing barrier log only...

Ordering time: 0.00s

Barrier statistics:
 AA' NZ     : 9.700e+03
 Factor NZ  : 1.279e+04 (roughly 1 MB of memory)
 Factor Ops : 3.542e+05 (less than 1 second per iteration)
 Threads    : 1

Barrier performed 0 iterations in 0.06 seconds (0.02 work units)
Barrier solve interrupted - model solved by another algorithm


Solved with dual simplex
Iteration    Objective       Primal Inf.    Dual Inf.      Time
     373    2.9112347e+06   0.000000e+00   0.000000e+00      0s

Solved in 373 iterations and 0.07 seconds (0.03 work units)
Optimal objective  2.911234691e+06

User-callback calls 51, time in user-callback 0.00 sec

Gurobi 13.0.2 (win64) logging started Wed Jul 15 14:26:38 2026

Set parameter LogFile to value "C:\Users\ehsanno\DataspellProjects\Spanish_Power_System\results\GoRES\ipopt_logs\2024-07-08_da.log"

Gurobi 13.0.2 (win64) logging started Wed Jul 15 14:26:39 2026

Set parameter LogFile to value "C:\Users\ehsanno\DataspellProjects\Spanish_Power_System\results\GoRES\ipopt_logs\2024-07-08_da.log"
Gurobi Optimizer version 13.0.2 build v13.0.2rc1 (win64 - Windows 11+.0 (26200.2))

CPU model: 11th Gen Intel(R) Core(TM) i5-1145G7 @ 2.60GHz, instruction set [SSE2|AVX|AVX2|AVX512]
Thread count: 4 physical cores, 8 logical processors, using up to 8 threads

Non-default parameters:
LogToConsole  0

Optimize a model with 585 rows, 49778 columns and 57264 nonzeros (Min)
Model fingerprint: 0x02ea439d
Model has 47857 linear objective coefficients
Coefficient statistics:
  Matrix range     [1e+00, 6e+03]
  Objective range  [4e-01, 1e+06]
  Bounds range     [2e-06, 1e+04]
  RHS range        [3e+02, 1e+10]
Warning: Model contains large rhs
         Consider reformulating model or setting NumericFocus parameter
         to avoid numerical issues.

Presolve removed 87 rows and 48747 columns
Presolve time: 0.03s
Presolved: 498 rows, 1031 columns, 7311 nonzeros

Concurrent LP optimizer: dual simplex and barrier
Showing barrier log only...

Ordering time: 0.00s

Barrier statistics:
 AA' NZ     : 9.700e+03
 Factor NZ  : 1.279e+04 (roughly 1 MB of memory)
 Factor Ops : 3.542e+05 (less than 1 second per iteration)
 Threads    : 1

Barrier performed 0 iterations in 0.06 seconds (0.02 work units)
Barrier solve interrupted - model solved by another algorithm


Solved with dual simplex
Iteration    Objective       Primal Inf.    Dual Inf.      Time
     373    2.9112347e+06   0.000000e+00   0.000000e+00      0s

Solved in 373 iterations and 0.07 seconds (0.03 work units)
Optimal objective  2.911234691e+06

User-callback calls 50, time in user-callback 0.00 sec

Gurobi 13.0.2 (win64) logging started Wed Jul 15 17:22:18 2026

Set parameter LogFile to value "C:\Users\ehsanno\DataspellProjects\Spanish_Power_System\results\GoRES\ipopt_logs\2024-07-08_da.log"

Gurobi 13.0.2 (win64) logging started Wed Jul 15 17:22:20 2026

Set parameter LogFile to value "C:\Users\ehsanno\DataspellProjects\Spanish_Power_System\results\GoRES\ipopt_logs\2024-07-08_da.log"
Gurobi Optimizer version 13.0.2 build v13.0.2rc1 (win64 - Windows 11+.0 (26200.2))

CPU model: 11th Gen Intel(R) Core(TM) i5-1145G7 @ 2.60GHz, instruction set [SSE2|AVX|AVX2|AVX512]
Thread count: 4 physical cores, 8 logical processors, using up to 8 threads

Non-default parameters:
LogToConsole  0

Optimize a model with 2435 rows, 57362 columns and 88824 nonzeros (Min)
Model fingerprint: 0xa9596d5f
Model has 51889 linear objective coefficients
Coefficient statistics:
  Matrix range     [1e+00, 6e+03]
  Objective range  [4e-01, 1e+06]
  Bounds range     [2e-06, 1e+04]
  RHS range        [3e+02, 1e+10]
Warning: Model contains large rhs
         Consider reformulating model or setting NumericFocus parameter
         to avoid numerical issues.

Presolve removed 150 rows and 52836 columns
Presolve time: 0.06s
Presolved: 2285 rows, 4526 columns, 33989 nonzeros

Concurrent LP optimizer: dual simplex and barrier
Showing barrier log only...

Ordering time: 0.01s

Barrier statistics:
 AA' NZ     : 4.562e+04
 Factor NZ  : 6.000e+04 (roughly 3 MB of memory)
 Factor Ops : 1.694e+06 (less than 1 second per iteration)
 Threads    : 3

                  Objective                Residual
Iter       Primal          Dual         Primal    Dual     Compl     Time
   0   3.71937629e+10 -1.16279961e+08  1.51e+06 1.45e+02  1.32e+09     0s
   1   4.55813666e+07 -1.46447571e+08  6.65e+02 1.58e+02  6.16e+05     0s
   2   1.92432660e+07 -1.02631124e+08  2.39e+00 2.55e-11  1.55e+04     0s
   3   4.61006879e+06 -3.02659181e+07  2.73e-01 1.55e-10  4.04e+03     0s
   4   3.51777456e+06 -1.90801337e+06  8.32e-02 2.36e-11  6.61e+02     0s
   5   2.87307393e+06  1.27059874e+06  2.40e-02 1.82e-11  1.96e+02     0s

Barrier performed 5 iterations in 0.12 seconds (0.06 work units)
Barrier solve interrupted - model solved by another algorithm


Solved with dual simplex
Iteration    Objective       Primal Inf.    Dual Inf.      Time
    2469    2.5611932e+06   0.000000e+00   0.000000e+00      0s

Solved in 2469 iterations and 0.14 seconds (0.08 work units)
Optimal objective  2.561193154e+06

User-callback calls 67, time in user-callback 0.00 sec

Gurobi 13.0.2 (win64) logging started Thu Jul 16 16:04:59 2026

Set parameter LogFile to value "C:\Users\ehsanno\DataspellProjects\Spanish_Power_System\results\GoRES\ipopt_logs\2024-07-08_da.log"

Gurobi 13.0.2 (win64) logging started Thu Jul 16 16:05:01 2026

Set parameter LogFile to value "C:\Users\ehsanno\DataspellProjects\Spanish_Power_System\results\GoRES\ipopt_logs\2024-07-08_da.log"
Gurobi Optimizer version 13.0.2 build v13.0.2rc1 (win64 - Windows 11+.0 (26200.2))

CPU model: 11th Gen Intel(R) Core(TM) i5-1145G7 @ 2.60GHz, instruction set [SSE2|AVX|AVX2|AVX512]
Thread count: 4 physical cores, 8 logical processors, using up to 8 threads

Non-default parameters:
LogToConsole  0

Optimize a model with 12835 rows, 77330 columns and 243576 nonzeros (Min)
Model fingerprint: 0xccf63847
Model has 51889 linear objective coefficients
Coefficient statistics:
  Matrix range     [1e+00, 6e+03]
  Objective range  [4e-01, 1e+06]
  Bounds range     [2e-06, 1e+04]
  RHS range        [3e+02, 1e+10]
Warning: Model contains large rhs
         Consider reformulating model or setting NumericFocus parameter
         to avoid numerical issues.

Presolve removed 566 rows and 53252 columns
Presolve time: 0.12s
Presolved: 12269 rows, 24078 columns, 183749 nonzeros

Concurrent LP optimizer: dual simplex and barrier
Showing barrier log only...

Ordering time: 0.01s

Barrier statistics:
 AA' NZ     : 1.313e+05
 Factor NZ  : 1.726e+05 (roughly 10 MB of memory)
 Factor Ops : 4.880e+06 (less than 1 second per iteration)
 Threads    : 3

                  Objective                Residual
Iter       Primal          Dual         Primal    Dual     Compl     Time
   0   1.28996361e+09 -7.83582679e+07  2.27e+06 3.05e+02  5.43e+07     0s
   1   5.53267184e+07 -7.71684296e+07  5.17e+04 1.47e+02  1.24e+06     0s
   2   1.07852021e+07 -5.92726784e+07  4.67e+02 1.96e+00  1.39e+04     0s
   3   3.62084452e+06 -1.83833655e+07  2.81e+01 1.24e-01  1.42e+03     0s
   4   2.91749691e+06 -5.83501882e+06  5.31e+00 3.37e-02  4.28e+02     0s
   5   2.66953719e+06 -4.79128325e+05  1.68e+00 1.07e-02  1.44e+02     0s
   6   2.60903331e+06  2.11508715e+06  7.93e-01 4.95e-04  2.78e+01     0s
   7   2.57142602e+06  2.41529646e+06  1.96e-01 9.07e-05  8.06e+00     0s
   8   2.56417964e+06  2.53838884e+06  5.04e-02 3.64e-12  1.48e+00     0s
   9   2.56138563e+06  2.55540253e+06  1.86e-04 3.64e-12  2.34e-01     0s
  10   2.56124598e+06  2.56068019e+06  3.01e-09 2.27e-12  2.20e-02     0s
  11   2.56121208e+06  2.56109535e+06  1.42e-09 2.04e-12  4.54e-03     0s
  12   2.56120345e+06  2.56118153e+06  1.42e-09 2.70e-12  8.53e-04     0s
  13   2.56120144e+06  2.56119946e+06  2.04e-09 2.22e-12  7.70e-05     0s
  14   2.56120140e+06  2.56120129e+06  4.30e-10 2.28e-12  4.43e-06     0s

Barrier performed 14 iterations in 0.28 seconds (0.26 work units)
Barrier solve interrupted - model solved by another algorithm


Solved with dual simplex
Iteration    Objective       Primal Inf.    Dual Inf.      Time
    6558    2.5612014e+06   0.000000e+00   0.000000e+00      0s

Use crossover to convert LP symmetric solution to basic solution...
Crossover log...

       0 DPushes remaining with DInf 0.0000000e+00                 0s

     815 PPushes remaining with PInf 0.0000000e+00                 0s
       0 PPushes remaining with PInf 0.0000000e+00                 0s

  Push phase complete: Pinf 0.0000000e+00, Dinf 0.0000000e+00      0s

Crossover time: 0.06 seconds (0.03 work units)
Iteration    Objective       Primal Inf.    Dual Inf.      Time
    7478    2.5612014e+06   0.000000e+00   0.000000e+00      0s

Solved in 7478 iterations and 0.39 seconds (0.31 work units)
Optimal objective  2.561201401e+06

User-callback calls 102, time in user-callback 0.00 sec

Gurobi 13.0.2 (win64) logging started Thu Jul 16 16:12:17 2026

Set parameter LogFile to value "C:\Users\ehsanno\DataspellProjects\Spanish_Power_System\results\GoRES\ipopt_logs\2024-07-08_da.log"

Gurobi 13.0.2 (win64) logging started Thu Jul 16 16:12:19 2026

Set parameter LogFile to value "C:\Users\ehsanno\DataspellProjects\Spanish_Power_System\results\GoRES\ipopt_logs\2024-07-08_da.log"
Gurobi Optimizer version 13.0.2 build v13.0.2rc1 (win64 - Windows 11+.0 (26200.2))

CPU model: 11th Gen Intel(R) Core(TM) i5-1145G7 @ 2.60GHz, instruction set [SSE2|AVX|AVX2|AVX512]
Thread count: 4 physical cores, 8 logical processors, using up to 8 threads

Non-default parameters:
LogToConsole  0

Optimize a model with 12835 rows, 77330 columns and 243576 nonzeros (Min)
Model fingerprint: 0xccf63847
Model has 51889 linear objective coefficients
Coefficient statistics:
  Matrix range     [1e+00, 6e+03]
  Objective range  [4e-01, 1e+06]
  Bounds range     [2e-06, 1e+04]
  RHS range        [3e+02, 1e+10]
Warning: Model contains large rhs
         Consider reformulating model or setting NumericFocus parameter
         to avoid numerical issues.

Presolve removed 566 rows and 53252 columns
Presolve time: 0.11s
Presolved: 12269 rows, 24078 columns, 183749 nonzeros

Concurrent LP optimizer: dual simplex and barrier
Showing barrier log only...

Ordering time: 0.01s

Barrier statistics:
 AA' NZ     : 1.313e+05
 Factor NZ  : 1.726e+05 (roughly 10 MB of memory)
 Factor Ops : 4.880e+06 (less than 1 second per iteration)
 Threads    : 3

                  Objective                Residual
Iter       Primal          Dual         Primal    Dual     Compl     Time
   0   1.28996361e+09 -7.83582679e+07  2.27e+06 3.05e+02  5.43e+07     0s
   1   5.53267184e+07 -7.71684296e+07  5.17e+04 1.47e+02  1.24e+06     0s
   2   1.07852021e+07 -5.92726784e+07  4.67e+02 1.96e+00  1.39e+04     0s
   3   3.62084452e+06 -1.83833655e+07  2.81e+01 1.24e-01  1.42e+03     0s
   4   2.91749691e+06 -5.83501882e+06  5.31e+00 3.37e-02  4.28e+02     0s
   5   2.66953719e+06 -4.79128325e+05  1.68e+00 1.07e-02  1.44e+02     0s
   6   2.60903331e+06  2.11508715e+06  7.93e-01 4.95e-04  2.78e+01     0s
   7   2.57142602e+06  2.41529646e+06  1.96e-01 9.07e-05  8.06e+00     0s
   8   2.56417964e+06  2.53838884e+06  5.04e-02 3.64e-12  1.48e+00     0s
   9   2.56138563e+06  2.55540253e+06  1.86e-04 3.64e-12  2.34e-01     0s
  10   2.56124598e+06  2.56068019e+06  3.01e-09 2.27e-12  2.20e-02     0s
  11   2.56121208e+06  2.56109535e+06  1.42e-09 2.04e-12  4.54e-03     0s
  12   2.56120345e+06  2.56118153e+06  1.42e-09 2.70e-12  8.53e-04     0s
  13   2.56120144e+06  2.56119946e+06  2.04e-09 2.22e-12  7.70e-05     0s
  14   2.56120140e+06  2.56120129e+06  4.30e-10 2.28e-12  4.43e-06     0s
  15   2.56120140e+06  2.56120140e+06  1.77e-11 2.59e-12  1.37e-07     0s
  16   2.56120140e+06  2.56120140e+06  9.09e-13 2.02e-12  2.91e-11     0s

Barrier solved model in 16 iterations and 0.30 seconds (0.27 work units)
Optimal objective 2.56120140e+06

Crossover changed status from Optimal to Interrupted

Solved with dual simplex
Iteration    Objective       Primal Inf.    Dual Inf.      Time
    6558    2.5612014e+06   0.000000e+00   0.000000e+00      0s

Use crossover to convert LP symmetric solution to basic solution...
Crossover log...

       0 DPushes remaining with DInf 0.0000000e+00                 0s

     815 PPushes remaining with PInf 0.0000000e+00                 0s
       0 PPushes remaining with PInf 0.0000000e+00                 0s

  Push phase complete: Pinf 0.0000000e+00, Dinf 0.0000000e+00      0s

Crossover time: 0.06 seconds (0.03 work units)
Iteration    Objective       Primal Inf.    Dual Inf.      Time
    7478    2.5612014e+06   0.000000e+00   0.000000e+00      0s

Solved in 7478 iterations and 0.42 seconds (0.31 work units)
Optimal objective  2.561201401e+06

User-callback calls 107, time in user-callback 0.00 sec

Gurobi 13.0.2 (win64) logging started Mon Jul 20 15:50:23 2026

Set parameter LogFile to value "C:\Users\ehsanno\DataspellProjects\Spanish_Power_System\results\GoRES\ipopt_logs\2024-07-08_da.log"

Gurobi 13.0.2 (win64) logging started Mon Jul 20 15:50:26 2026

Set parameter LogFile to value "C:\Users\ehsanno\DataspellProjects\Spanish_Power_System\results\GoRES\ipopt_logs\2024-07-08_da.log"
Gurobi Optimizer version 13.0.2 build v13.0.2rc1 (win64 - Windows 11+.0 (26200.2))

CPU model: 11th Gen Intel(R) Core(TM) i5-1145G7 @ 2.60GHz, instruction set [SSE2|AVX|AVX2|AVX512]
Thread count: 4 physical cores, 8 logical processors, using up to 8 threads

Non-default parameters:
LogToConsole  0

Optimize a model with 17260 rows, 85706 columns and 309301 nonzeros (Min)
Model fingerprint: 0x84f9a3f5
Model has 51769 linear objective coefficients
Coefficient statistics:
  Matrix range     [1e+00, 3e+03]
  Objective range  [4e-01, 1e+06]
  Bounds range     [8e-07, 1e+04]
  RHS range        [3e+02, 2e+09]
Warning: Model contains large rhs
         Consider reformulating model or setting NumericFocus parameter
         to avoid numerical issues.

Presolve removed 731 rows and 53321 columns
Presolve time: 0.15s
Presolved: 16529 rows, 32385 columns, 247481 nonzeros

Concurrent LP optimizer: dual simplex and barrier
Showing barrier log only...

Ordering time: 0.01s

Barrier statistics:
 AA' NZ     : 1.872e+05
 Factor NZ  : 2.460e+05 (roughly 13 MB of memory)
 Factor Ops : 6.959e+06 (less than 1 second per iteration)
 Threads    : 3

                  Objective                Residual
Iter       Primal          Dual         Primal    Dual     Compl     Time
   0   9.51828310e+08 -4.75317705e+07  2.98e+06 3.52e+02  3.97e+07     0s
   1   4.79159650e+07 -4.67890591e+07  7.67e+04 2.11e+02  1.03e+06     0s
   2   1.64296140e+07 -3.58000679e+07  5.77e+02 3.00e+00  9.12e+03     0s
   3   2.60385567e+06 -1.05504507e+07  1.84e+01 8.94e-02  5.84e+02     0s
   4   2.26101253e+06 -1.10706759e+06  7.92e+00 1.32e-02  1.76e+02     0s
   5   1.98147282e+06  1.08086105e+06  3.14e+00 2.57e-03  5.58e+01     0s
   6   1.84568583e+06  1.62514613e+06  5.21e-01 5.53e-04  1.11e+01     0s

Barrier performed 6 iterations in 0.37 seconds (0.29 work units)
Barrier solve interrupted - model solved by another algorithm


Solved with dual simplex
Iteration    Objective       Primal Inf.    Dual Inf.      Time
    7631    1.8174036e+06   0.000000e+00   0.000000e+00      0s

Use crossover to convert LP symmetric solution to basic solution...
Crossover log...

       0 DPushes remaining with DInf 0.0000000e+00                 0s

     650 PPushes remaining with PInf 0.0000000e+00                 0s
       0 PPushes remaining with PInf 0.0000000e+00                 0s

  Push phase complete: Pinf 0.0000000e+00, Dinf 0.0000000e+00      0s

Crossover time: 0.09 seconds (0.03 work units)

Extra simplex iterations after uncrush: 12
Iteration    Objective       Primal Inf.    Dual Inf.      Time
    8433    1.8174036e+06   0.000000e+00   0.000000e+00      1s

Solved in 8433 iterations and 0.55 seconds (0.34 work units)
Optimal objective  1.817403579e+06

User-callback calls 95, time in user-callback 0.00 sec
