
Gurobi 13.0.2 (win64) logging started Wed Jul 15 00:43:07 2026

Set parameter LogFile to value "C:\Users\ehsanno\DataspellProjects\Spanish_Power_System\results\GoRES\ipopt_logs\2024-12-02_da.log"

Gurobi 13.0.2 (win64) logging started Wed Jul 15 00:43:08 2026

Set parameter LogFile to value "C:\Users\ehsanno\DataspellProjects\Spanish_Power_System\results\GoRES\ipopt_logs\2024-12-02_da.log"
Gurobi Optimizer version 13.0.2 build v13.0.2rc1 (win64 - Windows 11+.0 (26200.2))

CPU model: 11th Gen Intel(R) Core(TM) i5-1145G7 @ 2.60GHz, instruction set [SSE2|AVX|AVX2|AVX512]
Thread count: 4 physical cores, 8 logical processors, using up to 8 threads

Non-default parameters:
LogToConsole  0

Optimize a model with 585 rows, 49802 columns and 57288 nonzeros (Min)
Model fingerprint: 0xe9704fa4
Model has 47857 linear objective coefficients
Coefficient statistics:
  Matrix range     [1e+00, 5e+03]
  Objective range  [4e-01, 1e+06]
  Bounds range     [2e-06, 1e+04]
  RHS range        [3e+02, 9e+09]
Warning: Model contains large rhs
         Consider reformulating model or setting NumericFocus parameter
         to avoid numerical issues.

Presolve removed 77 rows and 48734 columns
Presolve time: 0.01s
Presolved: 508 rows, 1068 columns, 7558 nonzeros

Concurrent LP optimizer: dual simplex and barrier
Showing barrier log only...

Ordering time: 0.00s

Barrier statistics:
 AA' NZ     : 1.201e+04
 Factor NZ  : 1.794e+04 (roughly 1 MB of memory)
 Factor Ops : 6.731e+05 (less than 1 second per iteration)
 Threads    : 1

Barrier performed 0 iterations in 0.02 seconds (0.02 work units)
Barrier solve interrupted - model solved by another algorithm


Solved with dual simplex
Iteration    Objective       Primal Inf.    Dual Inf.      Time
     484    8.0764926e+06   0.000000e+00   0.000000e+00      0s

Solved in 484 iterations and 0.03 seconds (0.03 work units)
Optimal objective  8.076492616e+06

User-callback calls 50, time in user-callback 0.00 sec

Gurobi 13.0.2 (win64) logging started Wed Jul 15 11:07:55 2026

Set parameter LogFile to value "C:\Users\ehsanno\DataspellProjects\Spanish_Power_System\results\GoRES\ipopt_logs\2024-12-02_da.log"

Gurobi 13.0.2 (win64) logging started Wed Jul 15 11:07:56 2026

Set parameter LogFile to value "C:\Users\ehsanno\DataspellProjects\Spanish_Power_System\results\GoRES\ipopt_logs\2024-12-02_da.log"
Gurobi Optimizer version 13.0.2 build v13.0.2rc1 (win64 - Windows 11+.0 (26200.2))

CPU model: 11th Gen Intel(R) Core(TM) i5-1145G7 @ 2.60GHz, instruction set [SSE2|AVX|AVX2|AVX512]
Thread count: 4 physical cores, 8 logical processors, using up to 8 threads

Non-default parameters:
LogToConsole  0

Optimize a model with 585 rows, 49802 columns and 57288 nonzeros (Min)
Model fingerprint: 0xe9704fa4
Model has 47857 linear objective coefficients
Coefficient statistics:
  Matrix range     [1e+00, 5e+03]
  Objective range  [4e-01, 1e+06]
  Bounds range     [2e-06, 1e+04]
  RHS range        [3e+02, 9e+09]
Warning: Model contains large rhs
         Consider reformulating model or setting NumericFocus parameter
         to avoid numerical issues.

Presolve removed 77 rows and 48734 columns
Presolve time: 0.02s
Presolved: 508 rows, 1068 columns, 7558 nonzeros

Concurrent LP optimizer: dual simplex and barrier
Showing barrier log only...

Ordering time: 0.00s

Barrier statistics:
 AA' NZ     : 1.201e+04
 Factor NZ  : 1.794e+04 (roughly 1 MB of memory)
 Factor Ops : 6.731e+05 (less than 1 second per iteration)
 Threads    : 1

Barrier performed 0 iterations in 0.02 seconds (0.02 work units)
Barrier solve interrupted - model solved by another algorithm


Solved with dual simplex
Iteration    Objective       Primal Inf.    Dual Inf.      Time
     484    8.0764926e+06   0.000000e+00   0.000000e+00      0s

Solved in 484 iterations and 0.03 seconds (0.03 work units)
Optimal objective  8.076492616e+06

User-callback calls 51, time in user-callback 0.00 sec

Gurobi 13.0.2 (win64) logging started Wed Jul 15 11:52:04 2026

Set parameter LogFile to value "C:\Users\ehsanno\DataspellProjects\Spanish_Power_System\results\GoRES\ipopt_logs\2024-12-02_da.log"

Gurobi 13.0.2 (win64) logging started Wed Jul 15 11:52:05 2026

Set parameter LogFile to value "C:\Users\ehsanno\DataspellProjects\Spanish_Power_System\results\GoRES\ipopt_logs\2024-12-02_da.log"
Gurobi Optimizer version 13.0.2 build v13.0.2rc1 (win64 - Windows 11+.0 (26200.2))

CPU model: 11th Gen Intel(R) Core(TM) i5-1145G7 @ 2.60GHz, instruction set [SSE2|AVX|AVX2|AVX512]
Thread count: 4 physical cores, 8 logical processors, using up to 8 threads

Non-default parameters:
LogToConsole  0

Optimize a model with 585 rows, 49802 columns and 57288 nonzeros (Min)
Model fingerprint: 0xe9704fa4
Model has 47857 linear objective coefficients
Coefficient statistics:
  Matrix range     [1e+00, 5e+03]
  Objective range  [4e-01, 1e+06]
  Bounds range     [2e-06, 1e+04]
  RHS range        [3e+02, 9e+09]
Warning: Model contains large rhs
         Consider reformulating model or setting NumericFocus parameter
         to avoid numerical issues.

Presolve removed 77 rows and 48734 columns
Presolve time: 0.02s
Presolved: 508 rows, 1068 columns, 7558 nonzeros

Concurrent LP optimizer: dual simplex and barrier
Showing barrier log only...

Ordering time: 0.00s

Barrier statistics:
 AA' NZ     : 1.201e+04
 Factor NZ  : 1.794e+04 (roughly 1 MB of memory)
 Factor Ops : 6.731e+05 (less than 1 second per iteration)
 Threads    : 1

Barrier performed 0 iterations in 0.02 seconds (0.02 work units)
Barrier solve interrupted - model solved by another algorithm


Solved with dual simplex
Iteration    Objective       Primal Inf.    Dual Inf.      Time
     484    8.0764926e+06   0.000000e+00   0.000000e+00      0s

Solved in 484 iterations and 0.03 seconds (0.03 work units)
Optimal objective  8.076492616e+06

User-callback calls 51, time in user-callback 0.00 sec

Gurobi 13.0.2 (win64) logging started Wed Jul 15 11:59:20 2026

Set parameter LogFile to value "C:\Users\ehsanno\DataspellProjects\Spanish_Power_System\results\GoRES\ipopt_logs\2024-12-02_da.log"

Gurobi 13.0.2 (win64) logging started Wed Jul 15 11:59:21 2026

Set parameter LogFile to value "C:\Users\ehsanno\DataspellProjects\Spanish_Power_System\results\GoRES\ipopt_logs\2024-12-02_da.log"
Gurobi Optimizer version 13.0.2 build v13.0.2rc1 (win64 - Windows 11+.0 (26200.2))

CPU model: 11th Gen Intel(R) Core(TM) i5-1145G7 @ 2.60GHz, instruction set [SSE2|AVX|AVX2|AVX512]
Thread count: 4 physical cores, 8 logical processors, using up to 8 threads

Non-default parameters:
LogToConsole  0

Optimize a model with 585 rows, 49802 columns and 57288 nonzeros (Min)
Model fingerprint: 0xe9704fa4
Model has 47857 linear objective coefficients
Coefficient statistics:
  Matrix range     [1e+00, 5e+03]
  Objective range  [4e-01, 1e+06]
  Bounds range     [2e-06, 1e+04]
  RHS range        [3e+02, 9e+09]
Warning: Model contains large rhs
         Consider reformulating model or setting NumericFocus parameter
         to avoid numerical issues.

Presolve removed 77 rows and 48734 columns
Presolve time: 0.01s
Presolved: 508 rows, 1068 columns, 7558 nonzeros

Concurrent LP optimizer: dual simplex and barrier
Showing barrier log only...

Ordering time: 0.00s

Barrier statistics:
 AA' NZ     : 1.201e+04
 Factor NZ  : 1.794e+04 (roughly 1 MB of memory)
 Factor Ops : 6.731e+05 (less than 1 second per iteration)
 Threads    : 1

Barrier performed 0 iterations in 0.02 seconds (0.02 work units)
Barrier solve interrupted - model solved by another algorithm


Solved with dual simplex
Iteration    Objective       Primal Inf.    Dual Inf.      Time
     484    8.0764926e+06   0.000000e+00   0.000000e+00      0s

Solved in 484 iterations and 0.03 seconds (0.03 work units)
Optimal objective  8.076492616e+06

User-callback calls 52, time in user-callback 0.00 sec

Gurobi 13.0.2 (win64) logging started Wed Jul 15 12:14:39 2026

Set parameter LogFile to value "C:\Users\ehsanno\DataspellProjects\Spanish_Power_System\results\GoRES\ipopt_logs\2024-12-02_da.log"

Gurobi 13.0.2 (win64) logging started Wed Jul 15 12:14:39 2026

Set parameter LogFile to value "C:\Users\ehsanno\DataspellProjects\Spanish_Power_System\results\GoRES\ipopt_logs\2024-12-02_da.log"
Gurobi Optimizer version 13.0.2 build v13.0.2rc1 (win64 - Windows 11+.0 (26200.2))

CPU model: 11th Gen Intel(R) Core(TM) i5-1145G7 @ 2.60GHz, instruction set [SSE2|AVX|AVX2|AVX512]
Thread count: 4 physical cores, 8 logical processors, using up to 8 threads

Non-default parameters:
LogToConsole  0

Optimize a model with 585 rows, 49802 columns and 57288 nonzeros (Min)
Model fingerprint: 0xe9704fa4
Model has 47857 linear objective coefficients
Coefficient statistics:
  Matrix range     [1e+00, 5e+03]
  Objective range  [4e-01, 1e+06]
  Bounds range     [2e-06, 1e+04]
  RHS range        [3e+02, 9e+09]
Warning: Model contains large rhs
         Consider reformulating model or setting NumericFocus parameter
         to avoid numerical issues.

Presolve removed 77 rows and 48734 columns
Presolve time: 0.02s
Presolved: 508 rows, 1068 columns, 7558 nonzeros

Concurrent LP optimizer: dual simplex and barrier
Showing barrier log only...

Ordering time: 0.00s

Barrier statistics:
 AA' NZ     : 1.201e+04
 Factor NZ  : 1.794e+04 (roughly 1 MB of memory)
 Factor Ops : 6.731e+05 (less than 1 second per iteration)
 Threads    : 1

Barrier performed 0 iterations in 0.02 seconds (0.02 work units)
Barrier solve interrupted - model solved by another algorithm


Solved with dual simplex
Iteration    Objective       Primal Inf.    Dual Inf.      Time
     484    8.0764926e+06   0.000000e+00   0.000000e+00      0s

Solved in 484 iterations and 0.03 seconds (0.03 work units)
Optimal objective  8.076492616e+06

User-callback calls 51, time in user-callback 0.00 sec

Gurobi 13.0.2 (win64) logging started Wed Jul 15 14:20:25 2026

Set parameter LogFile to value "C:\Users\ehsanno\DataspellProjects\Spanish_Power_System\results\GoRES\ipopt_logs\2024-12-02_da.log"

Gurobi 13.0.2 (win64) logging started Wed Jul 15 14:20:26 2026

Set parameter LogFile to value "C:\Users\ehsanno\DataspellProjects\Spanish_Power_System\results\GoRES\ipopt_logs\2024-12-02_da.log"
Gurobi Optimizer version 13.0.2 build v13.0.2rc1 (win64 - Windows 11+.0 (26200.2))

CPU model: 11th Gen Intel(R) Core(TM) i5-1145G7 @ 2.60GHz, instruction set [SSE2|AVX|AVX2|AVX512]
Thread count: 4 physical cores, 8 logical processors, using up to 8 threads

Non-default parameters:
LogToConsole  0

Optimize a model with 585 rows, 49802 columns and 57288 nonzeros (Min)
Model fingerprint: 0xd8105e68
Model has 47857 linear objective coefficients
Coefficient statistics:
  Matrix range     [1e+00, 5e+03]
  Objective range  [4e-01, 1e+06]
  Bounds range     [2e-06, 1e+04]
  RHS range        [3e+02, 9e+09]
Warning: Model contains large rhs
         Consider reformulating model or setting NumericFocus parameter
         to avoid numerical issues.

Presolve removed 77 rows and 48692 columns
Presolve time: 0.02s
Presolved: 508 rows, 1110 columns, 7600 nonzeros

Concurrent LP optimizer: dual simplex and barrier
Showing barrier log only...

Ordering time: 0.00s

Barrier statistics:
 AA' NZ     : 1.201e+04
 Factor NZ  : 1.794e+04 (roughly 1 MB of memory)
 Factor Ops : 6.731e+05 (less than 1 second per iteration)
 Threads    : 1

Barrier performed 0 iterations in 0.04 seconds (0.02 work units)
Barrier solve interrupted - model solved by another algorithm


Solved with dual simplex
Iteration    Objective       Primal Inf.    Dual Inf.      Time
     498    7.3003268e+06   0.000000e+00   0.000000e+00      0s

Solved in 498 iterations and 0.05 seconds (0.03 work units)
Optimal objective  7.300326760e+06

User-callback calls 50, time in user-callback 0.00 sec

Gurobi 13.0.2 (win64) logging started Wed Jul 15 14:26:43 2026

Set parameter LogFile to value "C:\Users\ehsanno\DataspellProjects\Spanish_Power_System\results\GoRES\ipopt_logs\2024-12-02_da.log"

Gurobi 13.0.2 (win64) logging started Wed Jul 15 14:26:43 2026

Set parameter LogFile to value "C:\Users\ehsanno\DataspellProjects\Spanish_Power_System\results\GoRES\ipopt_logs\2024-12-02_da.log"
Gurobi Optimizer version 13.0.2 build v13.0.2rc1 (win64 - Windows 11+.0 (26200.2))

CPU model: 11th Gen Intel(R) Core(TM) i5-1145G7 @ 2.60GHz, instruction set [SSE2|AVX|AVX2|AVX512]
Thread count: 4 physical cores, 8 logical processors, using up to 8 threads

Non-default parameters:
LogToConsole  0

Optimize a model with 585 rows, 49802 columns and 57288 nonzeros (Min)
Model fingerprint: 0xd8105e68
Model has 47857 linear objective coefficients
Coefficient statistics:
  Matrix range     [1e+00, 5e+03]
  Objective range  [4e-01, 1e+06]
  Bounds range     [2e-06, 1e+04]
  RHS range        [3e+02, 9e+09]
Warning: Model contains large rhs
         Consider reformulating model or setting NumericFocus parameter
         to avoid numerical issues.

Presolve removed 77 rows and 48692 columns
Presolve time: 0.02s
Presolved: 508 rows, 1110 columns, 7600 nonzeros

Concurrent LP optimizer: dual simplex and barrier
Showing barrier log only...

Ordering time: 0.00s

Barrier statistics:
 AA' NZ     : 1.201e+04
 Factor NZ  : 1.794e+04 (roughly 1 MB of memory)
 Factor Ops : 6.731e+05 (less than 1 second per iteration)
 Threads    : 1

Barrier performed 0 iterations in 0.03 seconds (0.02 work units)
Barrier solve interrupted - model solved by another algorithm


Solved with dual simplex
Iteration    Objective       Primal Inf.    Dual Inf.      Time
     498    7.3003268e+06   0.000000e+00   0.000000e+00      0s

Solved in 498 iterations and 0.04 seconds (0.03 work units)
Optimal objective  7.300326760e+06

User-callback calls 51, time in user-callback 0.00 sec

Gurobi 13.0.2 (win64) logging started Wed Jul 15 17:22:25 2026

Set parameter LogFile to value "C:\Users\ehsanno\DataspellProjects\Spanish_Power_System\results\GoRES\ipopt_logs\2024-12-02_da.log"

Gurobi 13.0.2 (win64) logging started Wed Jul 15 17:22:25 2026

Set parameter LogFile to value "C:\Users\ehsanno\DataspellProjects\Spanish_Power_System\results\GoRES\ipopt_logs\2024-12-02_da.log"
Gurobi Optimizer version 13.0.2 build v13.0.2rc1 (win64 - Windows 11+.0 (26200.2))

CPU model: 11th Gen Intel(R) Core(TM) i5-1145G7 @ 2.60GHz, instruction set [SSE2|AVX|AVX2|AVX512]
Thread count: 4 physical cores, 8 logical processors, using up to 8 threads

Non-default parameters:
LogToConsole  0

Optimize a model with 2435 rows, 57386 columns and 88848 nonzeros (Min)
Model fingerprint: 0x3f976f1c
Model has 51889 linear objective coefficients
Coefficient statistics:
  Matrix range     [1e+00, 5e+03]
  Objective range  [4e-01, 1e+06]
  Bounds range     [2e-06, 1e+04]
  RHS range        [3e+02, 9e+09]
Warning: Model contains large rhs
         Consider reformulating model or setting NumericFocus parameter
         to avoid numerical issues.

Presolve removed 149 rows and 52772 columns
Presolve time: 0.08s
Presolved: 2286 rows, 4614 columns, 35010 nonzeros

Concurrent LP optimizer: dual simplex and barrier
Showing barrier log only...

Ordering time: 0.00s

Barrier statistics:
 AA' NZ     : 5.635e+04
 Factor NZ  : 8.267e+04 (roughly 3 MB of memory)
 Factor Ops : 3.118e+06 (less than 1 second per iteration)
 Threads    : 3

                  Objective                Residual
Iter       Primal          Dual         Primal    Dual     Compl     Time
   0   1.32416445e+12 -1.60946659e+09  5.61e+06 2.91e-11  5.20e+10     0s
   1   5.21552248e+08 -1.96509926e+09  2.17e+03 4.00e+03  2.08e+07     0s

Barrier performed 1 iterations in 0.10 seconds (0.04 work units)
Barrier solve interrupted - model solved by another algorithm


Solved with dual simplex
Iteration    Objective       Primal Inf.    Dual Inf.      Time
    1474    6.7926945e+06   0.000000e+00   0.000000e+00      0s

Solved in 1474 iterations and 0.13 seconds (0.05 work units)
Optimal objective  6.792694472e+06

User-callback calls 57, time in user-callback 0.00 sec

Gurobi 13.0.2 (win64) logging started Thu Jul 16 16:05:05 2026

Set parameter LogFile to value "C:\Users\ehsanno\DataspellProjects\Spanish_Power_System\results\GoRES\ipopt_logs\2024-12-02_da.log"

Gurobi 13.0.2 (win64) logging started Thu Jul 16 16:05:06 2026

Set parameter LogFile to value "C:\Users\ehsanno\DataspellProjects\Spanish_Power_System\results\GoRES\ipopt_logs\2024-12-02_da.log"
Gurobi Optimizer version 13.0.2 build v13.0.2rc1 (win64 - Windows 11+.0 (26200.2))

CPU model: 11th Gen Intel(R) Core(TM) i5-1145G7 @ 2.60GHz, instruction set [SSE2|AVX|AVX2|AVX512]
Thread count: 4 physical cores, 8 logical processors, using up to 8 threads

Non-default parameters:
LogToConsole  0

Optimize a model with 12835 rows, 77354 columns and 243600 nonzeros (Min)
Model fingerprint: 0xe5e82ede
Model has 51889 linear objective coefficients
Coefficient statistics:
  Matrix range     [1e+00, 5e+03]
  Objective range  [4e-01, 1e+06]
  Bounds range     [2e-06, 1e+04]
  RHS range        [3e+02, 9e+09]
Warning: Model contains large rhs
         Consider reformulating model or setting NumericFocus parameter
         to avoid numerical issues.

Presolve removed 565 rows and 53188 columns
Presolve time: 0.09s
Presolved: 12270 rows, 24166 columns, 188930 nonzeros

Concurrent LP optimizer: dual simplex and barrier
Showing barrier log only...

Ordering time: 0.01s

Barrier statistics:
 AA' NZ     : 1.624e+05
 Factor NZ  : 2.377e+05 (roughly 10 MB of memory)
 Factor Ops : 8.981e+06 (less than 1 second per iteration)
 Threads    : 3

                  Objective                Residual
Iter       Primal          Dual         Primal    Dual     Compl     Time
   0   1.65562466e+11 -1.72836092e+09  5.40e+07 1.82e-12  6.49e+09     0s
   1   3.63412216e+09 -1.58966609e+09  1.19e+06 7.03e+02  1.42e+08     0s
   2   2.96775137e+07 -1.49249131e+09  1.31e+03 3.75e+01  2.20e+05     0s
   3   2.04619663e+07 -2.49139757e+08  3.86e+00 9.41e-01  1.09e+04     0s
   4   1.41055698e+07 -1.09386480e+08  2.09e+00 3.94e-01  4.95e+03     0s
   5   1.46553527e+07 -9.70674046e+07  5.80e-01 2.92e-01  4.39e+03     0s
   6   1.18220402e+07 -6.84544338e+07  2.23e-01 2.11e-01  3.14e+03     0s
   7   9.31188058e+06 -4.14308628e+07  1.09e-01 1.32e-01  1.99e+03     0s

Barrier performed 7 iterations in 0.21 seconds (0.21 work units)
Barrier solve interrupted - model solved by another algorithm


Solved with dual simplex
Iteration    Objective       Primal Inf.    Dual Inf.      Time
    4931    6.7927027e+06   0.000000e+00   0.000000e+00      0s

Use crossover to convert LP symmetric solution to basic solution...
Crossover log...

       0 DPushes remaining with DInf 0.0000000e+00                 0s

     517 PPushes remaining with PInf 0.0000000e+00                 0s
       0 PPushes remaining with PInf 0.0000000e+00                 0s

  Push phase complete: Pinf 0.0000000e+00, Dinf 0.0000000e+00      0s

Crossover time: 0.04 seconds (0.02 work units)
Iteration    Objective       Primal Inf.    Dual Inf.      Time
    5547    6.7927027e+06   0.000000e+00   0.000000e+00      0s

Solved in 5547 iterations and 0.30 seconds (0.22 work units)
Optimal objective  6.792702711e+06

User-callback calls 91, time in user-callback 0.00 sec

Gurobi 13.0.2 (win64) logging started Thu Jul 16 16:12:23 2026

Set parameter LogFile to value "C:\Users\ehsanno\DataspellProjects\Spanish_Power_System\results\GoRES\ipopt_logs\2024-12-02_da.log"

Gurobi 13.0.2 (win64) logging started Thu Jul 16 16:12:24 2026

Set parameter LogFile to value "C:\Users\ehsanno\DataspellProjects\Spanish_Power_System\results\GoRES\ipopt_logs\2024-12-02_da.log"
Gurobi Optimizer version 13.0.2 build v13.0.2rc1 (win64 - Windows 11+.0 (26200.2))

CPU model: 11th Gen Intel(R) Core(TM) i5-1145G7 @ 2.60GHz, instruction set [SSE2|AVX|AVX2|AVX512]
Thread count: 4 physical cores, 8 logical processors, using up to 8 threads

Non-default parameters:
LogToConsole  0

Optimize a model with 12835 rows, 77354 columns and 243600 nonzeros (Min)
Model fingerprint: 0xe5e82ede
Model has 51889 linear objective coefficients
Coefficient statistics:
  Matrix range     [1e+00, 5e+03]
  Objective range  [4e-01, 1e+06]
  Bounds range     [2e-06, 1e+04]
  RHS range        [3e+02, 9e+09]
Warning: Model contains large rhs
         Consider reformulating model or setting NumericFocus parameter
         to avoid numerical issues.

Presolve removed 565 rows and 53188 columns
Presolve time: 0.10s
Presolved: 12270 rows, 24166 columns, 188930 nonzeros

Concurrent LP optimizer: dual simplex and barrier
Showing barrier log only...

Ordering time: 0.00s

Barrier statistics:
 AA' NZ     : 1.624e+05
 Factor NZ  : 2.377e+05 (roughly 10 MB of memory)
 Factor Ops : 8.981e+06 (less than 1 second per iteration)
 Threads    : 3

                  Objective                Residual
Iter       Primal          Dual         Primal    Dual     Compl     Time
   0   1.65562466e+11 -1.72836092e+09  5.40e+07 1.82e-12  6.49e+09     0s
   1   3.63412216e+09 -1.58966609e+09  1.19e+06 7.03e+02  1.42e+08     0s
   2   2.96775137e+07 -1.49249131e+09  1.31e+03 3.75e+01  2.20e+05     0s
   3   2.04619663e+07 -2.49139757e+08  3.86e+00 9.41e-01  1.09e+04     0s
   4   1.41055698e+07 -1.09386480e+08  2.09e+00 3.94e-01  4.95e+03     0s
   5   1.46553527e+07 -9.70674046e+07  5.80e-01 2.92e-01  4.39e+03     0s
   6   1.18220402e+07 -6.84544338e+07  2.23e-01 2.11e-01  3.14e+03     0s
   7   9.31188058e+06 -4.14308628e+07  1.09e-01 1.32e-01  1.99e+03     0s
   8   8.23855081e+06 -2.22791453e+07  4.14e-02 7.87e-02  1.19e+03     0s

Barrier performed 8 iterations in 0.22 seconds (0.21 work units)
Barrier solve interrupted - model solved by another algorithm


Solved with dual simplex
Iteration    Objective       Primal Inf.    Dual Inf.      Time
    4931    6.7927027e+06   0.000000e+00   0.000000e+00      0s

Use crossover to convert LP symmetric solution to basic solution...
Crossover log...

       0 DPushes remaining with DInf 0.0000000e+00                 0s

     517 PPushes remaining with PInf 0.0000000e+00                 0s
       0 PPushes remaining with PInf 0.0000000e+00                 0s

  Push phase complete: Pinf 0.0000000e+00, Dinf 0.0000000e+00      0s

Crossover time: 0.04 seconds (0.02 work units)
Iteration    Objective       Primal Inf.    Dual Inf.      Time
    5547    6.7927027e+06   0.000000e+00   0.000000e+00      0s

Solved in 5547 iterations and 0.31 seconds (0.22 work units)
Optimal objective  6.792702711e+06

User-callback calls 94, time in user-callback 0.00 sec

Gurobi 13.0.2 (win64) logging started Mon Jul 20 15:50:31 2026

Set parameter LogFile to value "C:\Users\ehsanno\DataspellProjects\Spanish_Power_System\results\GoRES\ipopt_logs\2024-12-02_da.log"

Gurobi 13.0.2 (win64) logging started Mon Jul 20 15:50:31 2026

Set parameter LogFile to value "C:\Users\ehsanno\DataspellProjects\Spanish_Power_System\results\GoRES\ipopt_logs\2024-12-02_da.log"
Gurobi Optimizer version 13.0.2 build v13.0.2rc1 (win64 - Windows 11+.0 (26200.2))

CPU model: 11th Gen Intel(R) Core(TM) i5-1145G7 @ 2.60GHz, instruction set [SSE2|AVX|AVX2|AVX512]
Thread count: 4 physical cores, 8 logical processors, using up to 8 threads

Non-default parameters:
LogToConsole  0

Optimize a model with 17260 rows, 85730 columns and 309324 nonzeros (Min)
Model fingerprint: 0xc5de904d
Model has 51769 linear objective coefficients
Coefficient statistics:
  Matrix range     [1e+00, 3e+03]
  Objective range  [4e-01, 1e+06]
  Bounds range     [1e-06, 1e+04]
  RHS range        [3e+02, 3e+09]
Warning: Model contains large rhs
         Consider reformulating model or setting NumericFocus parameter
         to avoid numerical issues.

Presolve removed 730 rows and 53291 columns
Presolve time: 0.15s
Presolved: 16530 rows, 32439 columns, 254397 nonzeros

Concurrent LP optimizer: dual simplex and barrier
Showing barrier log only...

Ordering time: 0.01s

Barrier statistics:
 AA' NZ     : 2.314e+05
 Factor NZ  : 3.386e+05 (roughly 14 MB of memory)
 Factor Ops : 1.279e+07 (less than 1 second per iteration)
 Threads    : 3

                  Objective                Residual
Iter       Primal          Dual         Primal    Dual     Compl     Time
   0   1.82051444e+09 -6.40725006e+07  2.97e+06 1.99e+02  4.36e+07     0s
   1   4.21129742e+07 -6.38019475e+07  2.42e+04 1.09e+02  3.58e+05     0s
   2   9.56379928e+06 -3.51178866e+07  4.13e+02 3.64e-12  7.23e+03     0s
   3   5.50637074e+06 -1.98545912e+07  1.93e+01 3.14e-11  9.62e+02     0s
   4   5.37833602e+06  3.52208942e+06  2.24e+00 4.09e-12  7.74e+01     0s
   5   5.21045940e+06  4.55143555e+06  1.01e+00 2.73e-12  2.97e+01     0s
   6   5.17491125e+06  4.96190901e+06  7.30e-01 3.18e-12  1.44e+01     0s
   7   5.11147704e+06  5.04658969e+06  2.21e-01 2.73e-12  4.31e+00     0s

Barrier performed 7 iterations in 0.40 seconds (0.28 work units)
Barrier solve interrupted - model solved by another algorithm


Solved with dual simplex
Iteration    Objective       Primal Inf.    Dual Inf.      Time
    6281    5.0864021e+06   0.000000e+00   0.000000e+00      0s

Use crossover to convert LP symmetric solution to basic solution...
Crossover log...

       0 DPushes remaining with DInf 0.0000000e+00                 0s

     749 PPushes remaining with PInf 0.0000000e+00                 0s
       0 PPushes remaining with PInf 0.0000000e+00                 1s

  Push phase complete: Pinf 0.0000000e+00, Dinf 0.0000000e+00      1s

Crossover time: 0.10 seconds (0.04 work units)

Extra simplex iterations after uncrush: 4
Iteration    Objective       Primal Inf.    Dual Inf.      Time
    7089    5.0864021e+06   0.000000e+00   0.000000e+00      1s

Solved in 7089 iterations and 0.60 seconds (0.31 work units)
Optimal objective  5.086402146e+06

User-callback calls 102, time in user-callback 0.00 sec
