This is Ipopt version 3.14.19, running with linear solver ma57.

Number of nonzeros in equality constraint Jacobian...:    13682
Number of nonzeros in inequality constraint Jacobian.:     3120
Number of nonzeros in Lagrangian Hessian.............:      899

Total number of variables............................:     5539
                     variables with only lower bounds:        0
                variables with lower and upper bounds:     4303
                     variables with only upper bounds:        0
Total number of equality constraints.................:     3582
Total number of inequality constraints...............:     1560
        inequality constraints with only lower bounds:        0
   inequality constraints with lower and upper bounds:     1560
        inequality constraints with only upper bounds:        0

iter    objective    inf_pr   inf_du lg(mu)  ||d||  lg(rg) alpha_du alpha_pr  ls
   0  1.7619462e+07 1.42e+01 8.47e+01  -1.0 0.00e+00    -  0.00e+00 0.00e+00   0
   1  1.7619737e+07 1.42e+01 8.44e+01  -1.0 1.56e+01    -  1.00e-02 2.39e-05f  1
   2  1.4795415e+07 1.40e+01 8.44e+01  -1.0 2.76e+01    -  1.24e-03 1.60e-02f  1
   3  1.4531848e+07 1.36e+01 8.36e+01  -1.0 1.50e+01    -  1.20e-02 3.02e-02f  1
   4  1.3354777e+07 1.29e+01 8.10e+01  -1.0 1.58e+01  -4.0 3.36e-02 4.61e-02f  1
   5  1.1355122e+07 1.15e+01 7.03e+01  -1.0 1.52e+01    -  1.29e-01 1.12e-01f  1
   6  5.9648267e+06 7.41e+00 5.07e+01  -1.0 1.39e+01  -4.5 2.91e-01 3.55e-01f  1
   7  1.9094201e+06 1.23e+00 1.30e+01  -1.0 9.60e+00  -5.0 7.55e-01 8.34e-01f  1
   8  1.3066422e+06 5.32e-07 9.70e-01  -1.0 6.41e+00    -  9.37e-01 1.00e+00f  1
   9  1.2866444e+06 1.29e-12 1.05e-02  -1.0 8.06e-01    -  9.91e-01 1.00e+00f  1
iter    objective    inf_pr   inf_du lg(mu)  ||d||  lg(rg) alpha_du alpha_pr  ls
  10  3.9638848e+05 1.47e-12 2.80e-06  -1.7 7.56e-01  -5.4 1.00e+00 1.00e+00f  1
  11  1.3769848e+05 1.08e-12 1.53e-02  -2.5 8.82e-01  -5.9 8.85e-01 1.00e+00f  1
  12  8.3136827e+04 1.22e-12 2.34e-02  -3.8 6.02e-01    -  7.35e-01 1.00e+00f  1
  13  7.6674600e+04 1.39e-12 5.08e-03  -3.8 3.24e-01    -  9.17e-01 1.00e+00f  1
  14  7.4951306e+04 1.17e-12 1.91e-14  -3.8 1.92e-01    -  1.00e+00 1.00e+00f  1
  15  7.2448468e+04 1.42e-12 2.80e-03  -5.7 1.42e-01  -6.4 8.12e-01 9.97e-01f  1
  16  7.2252618e+04 1.41e-12 8.04e-04  -5.7 6.78e-02    -  9.18e-01 1.00e+00f  1
  17  7.2192104e+04 1.12e-12 5.04e-09  -5.7 3.67e-02  -6.9 1.00e+00 1.00e+00f  1
  18  7.2147541e+04 1.14e-12 1.42e-04  -8.6 2.31e-02  -7.3 9.38e-01 9.98e-01f  1
  19  7.2141259e+04 1.35e-12 1.66e-10  -8.6 1.09e-02  -7.8 1.00e+00 1.00e+00f  1
iter    objective    inf_pr   inf_du lg(mu)  ||d||  lg(rg) alpha_du alpha_pr  ls
  20  7.2139285e+04 1.04e-12 2.62e-11  -8.6 5.15e-03  -8.3 1.00e+00 1.00e+00f  1
  21  7.2138782e+04 2.22e-12 2.82e-12  -8.6 1.67e-03  -8.8 1.00e+00 1.00e+00f  1
  22  7.2138728e+04 1.69e-12 1.12e-05  -8.6 1.69e-04    -  1.00e+00 9.53e-01h  1

Number of Iterations....: 22

                                   (scaled)                 (unscaled)
Objective...............:   7.2138727616195641e+00    7.2138727616195640e+04
Dual infeasibility......:   1.1197244281512236e-05    1.1197244281512236e-01
Constraint violation....:   8.9591843091971339e-14    1.6871828742860261e-12
Variable bound violation:   9.9999541789208362e-09    9.9999541789208362e-09
Complementarity.........:   8.1394877727565742e-09    8.1394877727565732e-05
Overall NLP error.......:   1.1197244281512236e-05    1.1197244281512236e-01


Number of objective function evaluations             = 23
Number of objective gradient evaluations             = 23
Number of equality constraint evaluations            = 23
Number of inequality constraint evaluations          = 23
Number of equality constraint Jacobian evaluations   = 1
Number of inequality constraint Jacobian evaluations = 1
Number of Lagrangian Hessian evaluations             = 1
Total seconds in IPOPT                               = 0.137

EXIT: Optimal Solution Found.

Gurobi 13.0.2 (win64) logging started Wed Jul 15 11:53:21 2026

Set parameter LogFile to value "C:\Users\ehsanno\DataspellProjects\Spanish_Power_System\results\GoRES\ipopt_logs\2024-07-08_h08.log"

Gurobi 13.0.2 (win64) logging started Wed Jul 15 11:53:21 2026

Set parameter LogFile to value "C:\Users\ehsanno\DataspellProjects\Spanish_Power_System\results\GoRES\ipopt_logs\2024-07-08_h08.log"
Gurobi Optimizer version 13.0.2 build v13.0.2rc1 (win64 - Windows 11+.0 (26200.2))

CPU model: 11th Gen Intel(R) Core(TM) i5-1145G7 @ 2.60GHz, instruction set [SSE2|AVX|AVX2|AVX512]
Thread count: 4 physical cores, 8 logical processors, using up to 8 threads

Non-default parameters:
LogToConsole  0

Optimize a model with 5142 rows, 7197 columns and 18460 nonzeros (Min)
Model fingerprint: 0xad95377a
Model has 2031 linear objective coefficients and an objective constant of 1.7023622076417673e+07
Model has 973 quadratic objective terms
Coefficient statistics:
  Matrix range     [1e+00, 1e+04]
  Objective range  [4e+00, 1e+06]
  QObjective range [2e+04, 2e+04]
  Bounds range     [2e-06, 1e+04]
  RHS range        [2e-06, 1e+01]

Presolve removed 3670 rows and 4175 columns
Presolve time: 0.02s
Presolved: 1472 rows, 3022 columns, 8988 nonzeros
Presolved model has 899 quadratic objective terms
Ordering time: 0.01s

Barrier statistics:
 AA' NZ     : 1.792e+04
 Factor NZ  : 4.665e+04 (roughly 2 MB of memory)
 Factor Ops : 1.864e+06 (less than 1 second per iteration)
 Threads    : 1

                  Objective                Residual
Iter       Primal          Dual         Primal    Dual     Compl     Time
   0   6.39112848e+12 -6.90426181e+11  7.25e+03 5.34e+03  5.34e+06     0s
   1   1.79842472e+12 -2.18421992e+11  2.15e+03 1.58e+03  1.62e+06     0s
   2   2.61714244e+11 -1.73460832e+11  3.20e+02 2.35e+02  2.97e+05     0s
   3   1.05682287e+11 -1.32533812e+11  1.30e+02 9.56e+01  1.25e+05     0s
   4   1.28866410e+10 -1.05051029e+11  1.64e+01 1.21e+01  3.31e+04     0s
   5   1.51589123e+09 -4.33116729e+10  2.41e+00 1.78e+00  9.32e+03     0s
   6   6.52925081e+08 -2.69581805e+10  1.12e+00 8.25e-01  5.48e+03     0s
   7   3.82329257e+08 -1.54936661e+10  4.78e-01 3.52e-01  3.00e+03     0s
   8   2.94766841e+08 -1.23906962e+10  3.16e-01 2.33e-01  2.35e+03     0s
   9   9.78972881e+07 -1.66161219e+09  1.53e-02 1.13e-02  2.96e+02     0s
  10   4.50318785e+07 -4.74244802e+08  2.88e-03 2.12e-03  8.59e+01     0s
  11   7.44441104e+06 -3.90275517e+07  6.74e-05 4.97e-05  7.64e+00     0s
  12   6.59088099e+05 -1.70341570e+06  5.05e-07 3.72e-07  3.88e-01     0s
  13   1.52926753e+05 -9.05563181e+04  4.63e-09 1.95e-09  4.00e-02     0s
  14   8.40435192e+04  5.47480448e+04  2.95e-09 9.14e-11  4.81e-03     0s
  15   7.32082897e+04  7.05486889e+04  1.24e-07 2.00e-11  4.37e-04     0s
  16   7.22892706e+04  7.19707231e+04  7.31e-07 1.06e-11  5.24e-05     0s
  17   7.21699862e+04  7.21343329e+04  6.74e-06 7.58e-12  5.86e-06     0s
  18   7.21526604e+04  7.21478716e+04  4.52e-05 1.32e-11  7.76e-07     0s
  19   7.21496238e+04  7.21491716e+04  3.33e-06 8.00e-12  7.39e-08     0s
  20   7.21492732e+04  7.21492371e+04  8.79e-07 1.88e-11  5.80e-09     0s
  21   7.21492719e+04  7.21492387e+04  2.13e-06 1.52e-11  5.08e-09     0s
  22   7.21492720e+04  7.21492390e+04  2.33e-06 1.52e-11  4.81e-09     0s
  23   7.21492695e+04  7.21492420e+04  4.80e-06 8.77e-12  3.53e-09     0s
  24   7.21492701e+04  7.21492424e+04  6.26e-06 8.14e-12  3.00e-09     0s
  25   7.21492708e+04  7.21492426e+04  8.09e-06 7.79e-12  2.53e-09     0s
  26   7.21492609e+04  7.21492511e+04  1.12e-05 8.30e-12  2.39e-10     0s
  27   7.21492544e+04  7.21492537e+04  6.05e-06 1.03e-11  2.24e-11     0s
  28   7.21492545e+04  7.21492538e+04  1.45e-06 1.50e-11  3.83e-14     0s
  29   7.21492544e+04  7.21492538e+04  7.52e-07 5.60e-14  2.83e-16     0s
  30   7.21492543e+04  7.21492538e+04  7.29e-07 7.28e-12  2.17e-18     0s
  31   7.21492543e+04  7.21492538e+04  1.11e-06 7.28e-12  1.76e-20     0s
  32   7.21492542e+04  7.21492538e+04  6.94e-07 7.28e-12  6.95e-22     0s
  33   7.21492542e+04  7.21492538e+04  6.25e-07 7.28e-12  1.47e-24     0s
  34   7.21492541e+04  7.21492538e+04  3.62e-07 7.11e-15  8.94e-26     0s
  35   7.21492540e+04  7.21492538e+04  4.13e-07 3.64e-12  8.53e-27     0s
  36   7.21492540e+04  7.21492538e+04  2.79e-07 7.11e-15  7.89e-27     0s
  37   7.21492540e+04  7.21492538e+04  2.74e-07 3.64e-12  7.32e-27     0s
  38   7.21492540e+04  7.21492538e+04  2.03e-07 3.64e-12  6.87e-27     0s
  39   7.21492540e+04  7.21492538e+04  3.04e-07 7.11e-15  6.50e-27     0s
  40   7.21492540e+04  7.21492538e+04  1.92e-07 2.27e-13  6.19e-27     0s
  41   7.21492539e+04  7.21492538e+04  2.01e-07 3.64e-12  5.95e-27     0s
  42   7.21492539e+04  7.21492538e+04  1.69e-07 2.18e-11  5.75e-27     0s
  43   7.21492539e+04  7.21492538e+04  1.36e-07 2.27e-13  5.59e-27     0s

Barrier solved model in 43 iterations and 0.14 seconds (0.09 work units)
Optimal objective 7.21492539e+04


User-callback calls 112, time in user-callback 0.00 sec

Gurobi 13.0.2 (win64) logging started Wed Jul 15 12:00:39 2026

Set parameter LogFile to value "C:\Users\ehsanno\DataspellProjects\Spanish_Power_System\results\GoRES\ipopt_logs\2024-07-08_h08.log"

Gurobi 13.0.2 (win64) logging started Wed Jul 15 12:00:39 2026

Set parameter LogFile to value "C:\Users\ehsanno\DataspellProjects\Spanish_Power_System\results\GoRES\ipopt_logs\2024-07-08_h08.log"
Gurobi Optimizer version 13.0.2 build v13.0.2rc1 (win64 - Windows 11+.0 (26200.2))

CPU model: 11th Gen Intel(R) Core(TM) i5-1145G7 @ 2.60GHz, instruction set [SSE2|AVX|AVX2|AVX512]
Thread count: 4 physical cores, 8 logical processors, using up to 8 threads

Non-default parameters:
LogToConsole  0

Optimize a model with 5142 rows, 7197 columns and 18460 nonzeros (Min)
Model fingerprint: 0xad95377a
Model has 2031 linear objective coefficients and an objective constant of 1.7023622076417673e+07
Model has 973 quadratic objective terms
Coefficient statistics:
  Matrix range     [1e+00, 1e+04]
  Objective range  [4e+00, 1e+06]
  QObjective range [2e+04, 2e+04]
  Bounds range     [2e-06, 1e+04]
  RHS range        [2e-06, 1e+01]

Presolve removed 3670 rows and 4175 columns
Presolve time: 0.01s
Presolved: 1472 rows, 3022 columns, 8988 nonzeros
Presolved model has 899 quadratic objective terms
Ordering time: 0.00s

Barrier statistics:
 AA' NZ     : 1.792e+04
 Factor NZ  : 4.665e+04 (roughly 2 MB of memory)
 Factor Ops : 1.864e+06 (less than 1 second per iteration)
 Threads    : 1

                  Objective                Residual
Iter       Primal          Dual         Primal    Dual     Compl     Time
   0   6.39112848e+12 -6.90426181e+11  7.25e+03 5.34e+03  5.34e+06     0s
   1   1.79842472e+12 -2.18421992e+11  2.15e+03 1.58e+03  1.62e+06     0s
   2   2.61714244e+11 -1.73460832e+11  3.20e+02 2.35e+02  2.97e+05     0s
   3   1.05682287e+11 -1.32533812e+11  1.30e+02 9.56e+01  1.25e+05     0s
   4   1.28866410e+10 -1.05051029e+11  1.64e+01 1.21e+01  3.31e+04     0s
   5   1.51589123e+09 -4.33116729e+10  2.41e+00 1.78e+00  9.32e+03     0s
   6   6.52925081e+08 -2.69581805e+10  1.12e+00 8.25e-01  5.48e+03     0s
   7   3.82329257e+08 -1.54936661e+10  4.78e-01 3.52e-01  3.00e+03     0s
   8   2.94766841e+08 -1.23906962e+10  3.16e-01 2.33e-01  2.35e+03     0s
   9   9.78972881e+07 -1.66161219e+09  1.53e-02 1.13e-02  2.96e+02     0s
  10   4.50318785e+07 -4.74244802e+08  2.88e-03 2.12e-03  8.59e+01     0s
  11   7.44441104e+06 -3.90275517e+07  6.74e-05 4.97e-05  7.64e+00     0s
  12   6.59088099e+05 -1.70341570e+06  5.05e-07 3.72e-07  3.88e-01     0s
  13   1.52926753e+05 -9.05563181e+04  4.63e-09 1.95e-09  4.00e-02     0s
  14   8.40435192e+04  5.47480448e+04  2.95e-09 9.14e-11  4.81e-03     0s
  15   7.32082897e+04  7.05486889e+04  1.24e-07 2.00e-11  4.37e-04     0s
  16   7.22892706e+04  7.19707231e+04  7.31e-07 1.06e-11  5.24e-05     0s
  17   7.21699862e+04  7.21343329e+04  6.74e-06 7.58e-12  5.86e-06     0s
  18   7.21526604e+04  7.21478716e+04  4.52e-05 1.32e-11  7.76e-07     0s
  19   7.21496238e+04  7.21491716e+04  3.33e-06 8.00e-12  7.39e-08     0s
  20   7.21492732e+04  7.21492371e+04  8.79e-07 1.88e-11  5.80e-09     0s
  21   7.21492719e+04  7.21492387e+04  2.13e-06 1.52e-11  5.08e-09     0s
  22   7.21492720e+04  7.21492390e+04  2.33e-06 1.52e-11  4.81e-09     0s
  23   7.21492695e+04  7.21492420e+04  4.80e-06 8.77e-12  3.53e-09     0s
  24   7.21492701e+04  7.21492424e+04  6.26e-06 8.14e-12  3.00e-09     0s
  25   7.21492708e+04  7.21492426e+04  8.09e-06 7.79e-12  2.53e-09     0s
  26   7.21492609e+04  7.21492511e+04  1.12e-05 8.30e-12  2.39e-10     0s
  27   7.21492544e+04  7.21492537e+04  6.05e-06 1.03e-11  2.24e-11     0s
  28   7.21492545e+04  7.21492538e+04  1.45e-06 1.50e-11  3.83e-14     0s
  29   7.21492544e+04  7.21492538e+04  7.52e-07 5.60e-14  2.83e-16     0s
  30   7.21492543e+04  7.21492538e+04  7.29e-07 7.28e-12  2.17e-18     0s
  31   7.21492543e+04  7.21492538e+04  1.11e-06 7.28e-12  1.76e-20     0s
  32   7.21492542e+04  7.21492538e+04  6.94e-07 7.28e-12  6.95e-22     0s
  33   7.21492542e+04  7.21492538e+04  6.25e-07 7.28e-12  1.47e-24     0s
  34   7.21492541e+04  7.21492538e+04  3.62e-07 7.11e-15  8.94e-26     0s
  35   7.21492540e+04  7.21492538e+04  4.13e-07 3.64e-12  8.53e-27     0s
  36   7.21492540e+04  7.21492538e+04  2.79e-07 7.11e-15  7.89e-27     0s
  37   7.21492540e+04  7.21492538e+04  2.74e-07 3.64e-12  7.32e-27     0s
  38   7.21492540e+04  7.21492538e+04  2.03e-07 3.64e-12  6.87e-27     0s
  39   7.21492540e+04  7.21492538e+04  3.04e-07 7.11e-15  6.50e-27     0s
  40   7.21492540e+04  7.21492538e+04  1.92e-07 2.27e-13  6.19e-27     0s
  41   7.21492539e+04  7.21492538e+04  2.01e-07 3.64e-12  5.95e-27     0s
  42   7.21492539e+04  7.21492538e+04  1.69e-07 2.18e-11  5.75e-27     0s
  43   7.21492539e+04  7.21492538e+04  1.36e-07 2.27e-13  5.59e-27     0s

Barrier solved model in 43 iterations and 0.12 seconds (0.09 work units)
Optimal objective 7.21492539e+04


User-callback calls 108, time in user-callback 0.00 sec

Gurobi 13.0.2 (win64) logging started Wed Jul 15 12:15:56 2026

Set parameter LogFile to value "C:\Users\ehsanno\DataspellProjects\Spanish_Power_System\results\GoRES\ipopt_logs\2024-07-08_h08.log"

Gurobi 13.0.2 (win64) logging started Wed Jul 15 12:15:56 2026

Set parameter LogFile to value "C:\Users\ehsanno\DataspellProjects\Spanish_Power_System\results\GoRES\ipopt_logs\2024-07-08_h08.log"
Gurobi Optimizer version 13.0.2 build v13.0.2rc1 (win64 - Windows 11+.0 (26200.2))

CPU model: 11th Gen Intel(R) Core(TM) i5-1145G7 @ 2.60GHz, instruction set [SSE2|AVX|AVX2|AVX512]
Thread count: 4 physical cores, 8 logical processors, using up to 8 threads

Non-default parameters:
LogToConsole  0

Optimize a model with 5142 rows, 7197 columns and 18460 nonzeros (Min)
Model fingerprint: 0xa2641235
Model has 2031 linear objective coefficients and an objective constant of 1.7182514756923750e+07
Model has 973 quadratic objective terms
Coefficient statistics:
  Matrix range     [1e+00, 1e+04]
  Objective range  [4e+00, 1e+06]
  QObjective range [2e+04, 2e+04]
  Bounds range     [2e-06, 1e+04]
  RHS range        [2e-06, 1e+01]

Presolve removed 3670 rows and 4175 columns
Presolve time: 0.02s
Presolved: 1472 rows, 3022 columns, 8988 nonzeros
Presolved model has 899 quadratic objective terms
Ordering time: 0.00s

Barrier statistics:
 AA' NZ     : 1.792e+04
 Factor NZ  : 4.665e+04 (roughly 2 MB of memory)
 Factor Ops : 1.864e+06 (less than 1 second per iteration)
 Threads    : 1

                  Objective                Residual
Iter       Primal          Dual         Primal    Dual     Compl     Time
   0   6.39112859e+12 -6.90426024e+11  7.25e+03 5.34e+03  5.34e+06     0s
   1   1.79842462e+12 -2.18421862e+11  2.15e+03 1.58e+03  1.62e+06     0s
   2   2.61714437e+11 -1.73460730e+11  3.20e+02 2.35e+02  2.97e+05     0s
   3   1.05682492e+11 -1.32533729e+11  1.30e+02 9.56e+01  1.25e+05     0s
   4   1.28868685e+10 -1.05050985e+11  1.64e+01 1.21e+01  3.31e+04     0s
   5   1.51604652e+09 -4.33121950e+10  2.41e+00 1.78e+00  9.32e+03     0s
   6   6.53043050e+08 -2.69583023e+10  1.12e+00 8.25e-01  5.48e+03     0s
   7   3.82450128e+08 -1.54944360e+10  4.78e-01 3.52e-01  3.00e+03     0s
   8   2.94854796e+08 -1.23919413e+10  3.16e-01 2.33e-01  2.35e+03     0s
   9   9.79914892e+07 -1.65947772e+09  1.53e-02 1.13e-02  2.96e+02     0s
  10   4.49981380e+07 -4.72350380e+08  2.87e-03 2.12e-03  8.56e+01     0s
  11   7.28783966e+06 -3.66418010e+07  7.36e-05 5.42e-05  7.22e+00     0s
  12   6.48170439e+05 -1.66788188e+06  5.72e-07 4.21e-07  3.81e-01     0s
  13   1.51532006e+05 -8.65486581e+04  9.43e-09 2.66e-09  3.91e-02     0s
  14   8.38134548e+04  5.50729247e+04  1.12e-09 1.24e-10  4.72e-03     0s
  15   7.31842246e+04  7.05825349e+04  3.76e-07 1.79e-11  4.28e-04     0s
  16   7.22919457e+04  7.19891069e+04  1.56e-06 9.97e-12  4.98e-05     0s
  17   7.21712099e+04  7.21327761e+04  1.19e-05 6.29e-12  6.31e-06     0s
  18   7.21528227e+04  7.21477627e+04  4.24e-05 8.86e-12  8.24e-07     0s
  19   7.21496683e+04  7.21491622e+04  1.45e-06 1.64e-11  8.30e-08     0s
  20   7.21492754e+04  7.21492357e+04  5.65e-07 9.98e-12  6.43e-09     0s
  21   7.21492754e+04  7.21492357e+04  6.20e-07 1.44e-11  6.43e-09     0s
  22   7.21492737e+04  7.21492350e+04  1.26e-06 1.41e-11  6.23e-09     0s
  23   7.21492736e+04  7.21492355e+04  1.99e-06 3.18e-12  5.92e-09     0s
  24   7.21492720e+04  7.21492382e+04  2.31e-06 5.29e-12  4.67e-09     0s
  25   7.21492714e+04  7.21492404e+04  3.80e-06 4.41e-12  3.44e-09     0s
  26   7.21492640e+04  7.21492475e+04  6.80e-06 7.17e-12  1.45e-09     0s
  27   7.21492548e+04  7.21492535e+04  3.46e-06 9.85e-12  1.57e-10     0s
  28   7.21492547e+04  7.21492538e+04  2.41e-06 1.68e-11  1.02e-12     0s
  29   7.21492545e+04  7.21492538e+04  2.12e-06 7.34e-12  3.59e-14     0s
  30   7.21492542e+04  7.21492538e+04  7.52e-07 7.43e-12  2.97e-15     0s
  31   7.21492541e+04  7.21492538e+04  5.43e-07 7.28e-12  1.39e-16     0s
  32   7.21492540e+04  7.21492538e+04  5.24e-07 7.28e-12  1.12e-17     0s
  33   7.21492540e+04  7.21492538e+04  3.12e-07 7.28e-12  4.76e-20     0s
  34   7.21492540e+04  7.21492538e+04  4.89e-07 7.11e-15  7.79e-22     0s
  35   7.21492539e+04  7.21492538e+04  3.72e-07 2.18e-11  5.15e-23     0s
  36   7.21492539e+04  7.21492538e+04  1.53e-07 1.78e-15  7.78e-25     0s
  37   7.21492539e+04  7.21492538e+04  1.08e-07 3.64e-12  7.70e-26     0s

Barrier solved model in 37 iterations and 0.14 seconds (0.08 work units)
Optimal objective 7.21492539e+04


User-callback calls 101, time in user-callback 0.00 sec

Gurobi 13.0.2 (win64) logging started Wed Jul 15 12:32:08 2026

Set parameter LogFile to value "C:\Users\ehsanno\DataspellProjects\Spanish_Power_System\results\GoRES\ipopt_logs\2024-07-08_h08.log"

Gurobi 13.0.2 (win64) logging started Wed Jul 15 12:32:08 2026

Set parameter LogFile to value "C:\Users\ehsanno\DataspellProjects\Spanish_Power_System\results\GoRES\ipopt_logs\2024-07-08_h08.log"
Gurobi Optimizer version 13.0.2 build v13.0.2rc1 (win64 - Windows 11+.0 (26200.2))

CPU model: 11th Gen Intel(R) Core(TM) i5-1145G7 @ 2.60GHz, instruction set [SSE2|AVX|AVX2|AVX512]
Thread count: 4 physical cores, 8 logical processors, using up to 8 threads

Non-default parameters:
LogToConsole  0

Optimize a model with 5142 rows, 7197 columns and 18460 nonzeros (Min)
Model fingerprint: 0x16fc32f8
Model has 2031 linear objective coefficients and an objective constant of 1.7182546055279989e+07
Model has 973 quadratic objective terms
Coefficient statistics:
  Matrix range     [1e+00, 1e+04]
  Objective range  [4e+00, 1e+06]
  QObjective range [2e+04, 2e+04]
  Bounds range     [2e-06, 1e+04]
  RHS range        [2e-06, 1e+01]

Presolve removed 3670 rows and 4175 columns
Presolve time: 0.01s
Presolved: 1472 rows, 3022 columns, 8988 nonzeros
Presolved model has 899 quadratic objective terms
Ordering time: 0.00s

Barrier statistics:
 AA' NZ     : 1.792e+04
 Factor NZ  : 4.665e+04 (roughly 2 MB of memory)
 Factor Ops : 1.864e+06 (less than 1 second per iteration)
 Threads    : 1

                  Objective                Residual
Iter       Primal          Dual         Primal    Dual     Compl     Time
   0   6.39112858e+12 -6.90426024e+11  7.25e+03 5.34e+03  5.34e+06     0s
   1   1.79842461e+12 -2.18421861e+11  2.15e+03 1.58e+03  1.62e+06     0s
   2   2.61714436e+11 -1.73460730e+11  3.20e+02 2.35e+02  2.97e+05     0s
   3   1.05682492e+11 -1.32533729e+11  1.30e+02 9.56e+01  1.25e+05     0s
   4   1.28868692e+10 -1.05050986e+11  1.64e+01 1.21e+01  3.31e+04     0s
   5   1.51604676e+09 -4.33121960e+10  2.41e+00 1.78e+00  9.32e+03     0s
   6   6.53043187e+08 -2.69583027e+10  1.12e+00 8.25e-01  5.48e+03     0s
   7   3.82450075e+08 -1.54944314e+10  4.78e-01 3.52e-01  3.00e+03     0s
   8   2.94854989e+08 -1.23919386e+10  3.16e-01 2.33e-01  2.35e+03     0s
   9   9.79915817e+07 -1.65949102e+09  1.53e-02 1.13e-02  2.96e+02     0s
  10   4.49982298e+07 -4.72352010e+08  2.87e-03 2.12e-03  8.56e+01     0s
  11   7.28786911e+06 -3.66420886e+07  7.36e-05 5.42e-05  7.22e+00     0s
  12   6.48176679e+05 -1.66789114e+06  5.72e-07 4.21e-07  3.81e-01     0s
  13   1.51533237e+05 -8.65478483e+04  7.75e-09 2.66e-09  3.91e-02     0s
  14   8.38152242e+04  5.50690362e+04  1.09e-09 1.24e-10  4.72e-03     0s
  15   7.31844976e+04  7.05823600e+04  2.42e-07 1.63e-11  4.28e-04     0s
  16   7.22920284e+04  7.19891587e+04  6.06e-07 1.80e-11  4.98e-05     0s
  17   7.21712450e+04  7.21328132e+04  1.23e-05 1.44e-11  6.31e-06     0s
  18   7.21528001e+04  7.21477954e+04  1.95e-05 8.71e-12  8.24e-07     0s
  19   7.21496904e+04  7.21491850e+04  2.64e-06 1.18e-11  8.26e-08     0s
  20   7.21492948e+04  7.21492577e+04  2.76e-07 8.93e-12  6.10e-09     0s

Barrier solved model in 20 iterations and 0.06 seconds (0.05 work units)
Optimal objective 7.21492948e+04


User-callback calls 72, time in user-callback 0.00 sec

Gurobi 13.0.2 (win64) logging started Wed Jul 15 14:21:58 2026

Set parameter LogFile to value "C:\Users\ehsanno\DataspellProjects\Spanish_Power_System\results\GoRES\ipopt_logs\2024-07-08_h08.log"

Gurobi 13.0.2 (win64) logging started Wed Jul 15 14:21:58 2026

Set parameter LogFile to value "C:\Users\ehsanno\DataspellProjects\Spanish_Power_System\results\GoRES\ipopt_logs\2024-07-08_h08.log"
Gurobi Optimizer version 13.0.2 build v13.0.2rc1 (win64 - Windows 11+.0 (26200.2))

CPU model: 11th Gen Intel(R) Core(TM) i5-1145G7 @ 2.60GHz, instruction set [SSE2|AVX|AVX2|AVX512]
Thread count: 4 physical cores, 8 logical processors, using up to 8 threads

Non-default parameters:
LogToConsole  0

Optimize a model with 5142 rows, 7197 columns and 18460 nonzeros (Min)
Model fingerprint: 0xf018c0eb
Model has 2031 linear objective coefficients and an objective constant of 1.6669386712096006e+07
Model has 973 quadratic objective terms
Coefficient statistics:
  Matrix range     [1e+00, 1e+04]
  Objective range  [4e+00, 1e+06]
  QObjective range [2e+04, 2e+04]
  Bounds range     [2e-06, 1e+04]
  RHS range        [2e-06, 1e+01]

Presolve removed 3670 rows and 4175 columns
Presolve time: 0.02s
Presolved: 1472 rows, 3022 columns, 8988 nonzeros
Presolved model has 899 quadratic objective terms
Ordering time: 0.00s

Barrier statistics:
 AA' NZ     : 1.792e+04
 Factor NZ  : 4.665e+04 (roughly 2 MB of memory)
 Factor Ops : 1.864e+06 (less than 1 second per iteration)
 Threads    : 1

                  Objective                Residual
Iter       Primal          Dual         Primal    Dual     Compl     Time
   0   6.39117186e+12 -6.91113976e+11  7.25e+03 5.34e+03  5.34e+06     0s
   1   1.79843300e+12 -2.19082231e+11  2.15e+03 1.58e+03  1.62e+06     0s
   2   2.61672934e+11 -1.74181705e+11  3.20e+02 2.35e+02  2.97e+05     0s
   3   1.05851134e+11 -1.33217321e+11  1.30e+02 9.57e+01  1.25e+05     0s
   4   1.28018884e+10 -1.05733704e+11  1.63e+01 1.20e+01  3.31e+04     0s
   5   1.50861176e+09 -4.37587085e+10  2.42e+00 1.78e+00  9.38e+03     0s
   6   6.53117145e+08 -2.73351271e+10  1.13e+00 8.31e-01  5.55e+03     0s
   7   3.84744946e+08 -1.58103436e+10  4.86e-01 3.58e-01  3.05e+03     0s
   8   1.87287392e+08 -1.03348974e+10  1.35e-01 9.91e-02  1.87e+03     0s
   9   1.07020261e+08 -2.17206432e+09  2.68e-02 1.97e-02  3.87e+02     0s
  10   5.21809002e+07 -6.80076317e+08  1.62e-03 1.19e-03  1.21e+02     0s
  11   1.13029312e+07 -7.35725480e+07  8.84e-06 6.51e-06  1.39e+01     0s
  12   1.00202881e+06 -3.27420913e+06  1.16e-08 8.53e-09  7.03e-01     0s
  13   2.30700277e+05 -2.75503309e+05  1.50e-09 2.22e-11  8.32e-02     0s
  14   9.74016329e+04  3.36659545e+04  2.69e-09 8.66e-12  1.05e-02     0s
  15   7.44315269e+04  6.86939409e+04  3.71e-08 1.32e-11  9.43e-04     0s
  16   7.23674357e+04  7.16399755e+04  7.69e-07 7.67e-12  1.20e-04     0s
  17   7.21148486e+04  7.20386816e+04  5.22e-07 1.09e-11  1.25e-05     0s
  18   7.20800623e+04  7.20696691e+04  3.40e-05 2.00e-11  1.70e-06     0s
  19   7.20742707e+04  7.20730495e+04  2.74e-06 4.30e-12  2.00e-07     0s
  20   7.20733763e+04  7.20732718e+04  2.27e-07 1.43e-11  1.71e-08     0s
  21   7.20733486e+04  7.20732971e+04  5.14e-07 1.49e-11  8.44e-09     0s
  22   7.20733465e+04  7.20732994e+04  9.41e-07 1.24e-11  7.56e-09     0s
  23   7.20733403e+04  7.20733054e+04  1.67e-06 1.15e-11  5.51e-09     0s
  24   7.20733326e+04  7.20733129e+04  2.13e-06 8.39e-12  2.93e-09     0s
  25   7.20733223e+04  7.20733211e+04  6.02e-07 5.90e-12  1.86e-10     0s
  26   7.20733223e+04  7.20733211e+04  1.26e-06 5.36e-12  1.67e-10     0s
  27   7.20733220e+04  7.20733213e+04  1.12e-06 1.65e-11  2.28e-12     0s
  28   7.20733215e+04  7.20733213e+04  8.61e-07 8.16e-12  3.31e-13     0s
  29   7.20733214e+04  7.20733213e+04  2.11e-07 7.58e-12  4.64e-14     0s
  30   7.20733213e+04  7.20733213e+04  4.54e-08 3.82e-12  6.27e-15     0s

Barrier solved model in 30 iterations and 0.11 seconds (0.08 work units)
Optimal objective 7.20733213e+04


User-callback calls 89, time in user-callback 0.00 sec

Gurobi 13.0.2 (win64) logging started Wed Jul 15 14:28:02 2026

Set parameter LogFile to value "C:\Users\ehsanno\DataspellProjects\Spanish_Power_System\results\GoRES\ipopt_logs\2024-07-08_h08.log"

Gurobi 13.0.2 (win64) logging started Wed Jul 15 14:28:02 2026

Set parameter LogFile to value "C:\Users\ehsanno\DataspellProjects\Spanish_Power_System\results\GoRES\ipopt_logs\2024-07-08_h08.log"
Gurobi Optimizer version 13.0.2 build v13.0.2rc1 (win64 - Windows 11+.0 (26200.2))

CPU model: 11th Gen Intel(R) Core(TM) i5-1145G7 @ 2.60GHz, instruction set [SSE2|AVX|AVX2|AVX512]
Thread count: 4 physical cores, 8 logical processors, using up to 8 threads

Non-default parameters:
LogToConsole  0

Optimize a model with 5142 rows, 7197 columns and 18460 nonzeros (Min)
Model fingerprint: 0x97f272f8
Model has 2031 linear objective coefficients and an objective constant of 1.6669386712096006e+07
Model has 973 quadratic objective terms
Coefficient statistics:
  Matrix range     [1e+00, 1e+04]
  Objective range  [4e+00, 1e+06]
  QObjective range [2e+04, 2e+04]
  Bounds range     [2e-06, 1e+04]
  RHS range        [2e-06, 1e+01]

Presolve removed 3663 rows and 4163 columns
Presolve time: 0.01s
Presolved: 1479 rows, 3034 columns, 8927 nonzeros
Presolved model has 899 quadratic objective terms
Ordering time: 0.00s

Barrier statistics:
 AA' NZ     : 1.769e+04
 Factor NZ  : 4.703e+04 (roughly 2 MB of memory)
 Factor Ops : 1.877e+06 (less than 1 second per iteration)
 Threads    : 1

                  Objective                Residual
Iter       Primal          Dual         Primal    Dual     Compl     Time
   0   4.88673810e+12 -5.24718076e+11  6.25e+03 3.32e+03  3.31e+06     0s
   1   1.37131848e+12 -1.00440029e+11  1.88e+03 9.98e+02  1.01e+06     0s
   2   2.32895643e+11 -6.27296686e+10  3.27e+02 1.74e+02  2.26e+05     0s
   3   1.09623548e+10 -4.61519529e+10  1.58e+01 8.37e+00  1.71e+04     0s
   4   3.08394115e+09 -2.73274987e+10  4.62e+00 2.46e+00  7.02e+03     0s
   5   1.00036060e+09 -1.40917786e+10  1.62e+00 8.63e-01  3.05e+03     0s
   6   4.00976884e+08 -8.33135612e+09  6.39e-01 3.40e-01  1.67e+03     0s
   7   2.51411858e+08 -5.44623951e+09  3.92e-01 2.08e-01  1.05e+03     0s
   8   1.84573963e+08 -3.91489533e+09  2.48e-01 1.32e-01  7.41e+02     0s
   9   9.89612149e+07 -1.66063816e+09  9.36e-02 4.97e-02  3.06e+02     0s
  10   3.63381706e+07 -4.49586328e+08  7.37e-03 3.92e-03  8.04e+01     0s
  11   9.01352263e+06 -6.89606673e+07  7.81e-04 4.15e-04  1.28e+01     0s
  12   2.09319355e+06 -1.18337994e+07  1.01e-04 5.39e-05  2.28e+00     0s
  13   1.25004294e+06 -6.39320501e+06  2.37e-06 1.26e-06  1.25e+00     0s
  14   4.08260007e+05 -4.09711159e+05  7.72e-10 1.78e-11  1.34e-01     0s
  15   2.93207646e+05  1.29152249e+05  3.76e-09 1.83e-11  2.69e-02     0s
  16   2.55320341e+05  2.44855277e+05  1.12e-08 1.30e-11  1.71e-03     0s
  17   2.52760104e+05  2.52149815e+05  3.00e-08 1.14e-11  9.99e-05     0s
  18   2.52622435e+05  2.52617688e+05  7.33e-09 6.91e-12  7.77e-07     0s
  19   2.52620208e+05  2.52619954e+05  6.37e-09 1.03e-11  4.13e-08     0s
  20   2.52620082e+05  2.52620068e+05  4.41e-09 1.10e-11  2.02e-09     0s

Barrier solved model in 20 iterations and 0.06 seconds (0.05 work units)
Optimal objective 2.52620082e+05


User-callback calls 73, time in user-callback 0.00 sec

Gurobi 13.0.2 (win64) logging started Wed Jul 15 14:31:09 2026

Set parameter LogFile to value "C:\Users\ehsanno\DataspellProjects\Spanish_Power_System\results\GoRES\ipopt_logs\2024-07-08_h08.log"

Gurobi 13.0.2 (win64) logging started Wed Jul 15 14:31:09 2026

Set parameter LogFile to value "C:\Users\ehsanno\DataspellProjects\Spanish_Power_System\results\GoRES\ipopt_logs\2024-07-08_h08.log"
Gurobi Optimizer version 13.0.2 build v13.0.2rc1 (win64 - Windows 11+.0 (26200.2))

CPU model: 11th Gen Intel(R) Core(TM) i5-1145G7 @ 2.60GHz, instruction set [SSE2|AVX|AVX2|AVX512]
Thread count: 4 physical cores, 8 logical processors, using up to 8 threads

Non-default parameters:
LogToConsole  0

Optimize a model with 5142 rows, 7197 columns and 18460 nonzeros (Min)
Model fingerprint: 0x0bf75dda
Model has 2031 linear objective coefficients and an objective constant of 1.6669406423360003e+07
Model has 973 quadratic objective terms
Coefficient statistics:
  Matrix range     [1e+00, 1e+04]
  Objective range  [4e+00, 1e+06]
  QObjective range [2e+04, 2e+04]
  Bounds range     [2e-06, 1e+04]
  RHS range        [2e-06, 1e+01]

Presolve removed 3670 rows and 4174 columns
Presolve time: 0.02s
Presolved: 1472 rows, 3023 columns, 8923 nonzeros
Presolved model has 899 quadratic objective terms
Ordering time: 0.00s

Barrier statistics:
 AA' NZ     : 1.771e+04
 Factor NZ  : 4.637e+04 (roughly 2 MB of memory)
 Factor Ops : 1.829e+06 (less than 1 second per iteration)
 Threads    : 1

                  Objective                Residual
Iter       Primal          Dual         Primal    Dual     Compl     Time
   0   5.08660428e+12 -5.53378424e+11  6.50e+03 3.60e+03  3.59e+06     0s
   1   1.42213317e+12 -1.20356086e+11  1.94e+03 1.08e+03  1.10e+06     0s
   2   2.31309513e+11 -8.42918769e+10  3.24e+02 1.80e+02  2.34e+05     0s
   3   1.66260587e+10 -5.65330907e+10  2.37e+01 1.32e+01  2.39e+04     0s
   4   3.18889734e+09 -3.16382394e+10  4.85e+00 2.69e+00  7.96e+03     0s
   5   9.82657222e+08 -1.61451867e+10  1.66e+00 9.22e-01  3.48e+03     0s
   6   4.33536971e+08 -9.56225092e+09  8.02e-01 4.45e-01  1.93e+03     0s
   7   3.19486800e+08 -7.39807057e+09  4.97e-01 2.76e-01  1.46e+03     0s
   8   2.05144148e+08 -4.53634691e+09  2.54e-01 1.41e-01  8.64e+02     0s
   9   8.19618809e+07 -1.47488655e+09  2.08e-02 1.15e-02  2.62e+02     0s
  10   3.14687333e+07 -3.45831386e+08  2.98e-03 1.65e-03  6.23e+01     0s
  11   6.60645127e+06 -4.73611719e+07  2.86e-04 1.58e-04  8.87e+00     0s
  12   7.70404607e+05 -2.45833024e+06  5.15e-06 2.86e-06  5.30e-01     0s
  13   1.52949769e+05 -7.57646745e+04  2.61e-08 1.45e-08  3.76e-02     0s
  14   8.08339005e+04  5.87046204e+04  1.18e-08 1.85e-11  3.64e-03     0s
  15   7.33227469e+04  7.01480721e+04  1.15e-07 1.51e-11  5.22e-04     0s
  16   7.22272885e+04  7.18929800e+04  3.98e-07 2.12e-11  5.49e-05     0s
  17   7.20966302e+04  7.20560692e+04  1.50e-06 1.39e-11  6.66e-06     0s
  18   7.20770993e+04  7.20716986e+04  1.55e-05 1.21e-11  8.87e-07     0s
  19   7.20737457e+04  7.20732283e+04  8.15e-07 1.79e-11  8.48e-08     0s
  20   7.20733692e+04  7.20733113e+04  1.28e-07 5.15e-12  9.50e-09     0s

Barrier solved model in 20 iterations and 0.06 seconds (0.05 work units)
Optimal objective 7.20733692e+04


User-callback calls 72, time in user-callback 0.00 sec

Gurobi 13.0.2 (win64) logging started Wed Jul 15 17:24:36 2026

Set parameter LogFile to value "C:\Users\ehsanno\DataspellProjects\Spanish_Power_System\results\GoRES\ipopt_logs\2024-07-08_h08.log"

Gurobi 13.0.2 (win64) logging started Wed Jul 15 17:24:36 2026

Set parameter LogFile to value "C:\Users\ehsanno\DataspellProjects\Spanish_Power_System\results\GoRES\ipopt_logs\2024-07-08_h08.log"
Gurobi Optimizer version 13.0.2 build v13.0.2rc1 (win64 - Windows 11+.0 (26200.2))

CPU model: 11th Gen Intel(R) Core(TM) i5-1145G7 @ 2.60GHz, instruction set [SSE2|AVX|AVX2|AVX512]
Thread count: 4 physical cores, 8 logical processors, using up to 8 threads

Non-default parameters:
LogToConsole  0

Optimize a model with 5146 rows, 7443 columns and 18718 nonzeros (Min)
Model fingerprint: 0xe8dc370d
Model has 2199 linear objective coefficients and an objective constant of 1.7233521450852241e+07
Model has 972 quadratic objective terms
Coefficient statistics:
  Matrix range     [1e+00, 1e+04]
  Objective range  [4e-01, 1e+06]
  QObjective range [2e+04, 2e+04]
  Bounds range     [2e-06, 1e+04]
  RHS range        [2e-06, 1e+01]

Presolve removed 3643 rows and 4249 columns
Presolve time: 0.02s
Presolved: 1503 rows, 3194 columns, 9175 nonzeros
Presolved model has 898 quadratic objective terms
Ordering time: 0.01s

Barrier statistics:
 AA' NZ     : 1.795e+04
 Factor NZ  : 4.922e+04 (roughly 2 MB of memory)
 Factor Ops : 2.104e+06 (less than 1 second per iteration)
 Threads    : 1

                  Objective                Residual
Iter       Primal          Dual         Primal    Dual     Compl     Time
   0   4.87112619e+12 -1.51480363e+12  8.25e+03 3.79e+04  3.78e+07     0s
   1   9.51639059e+11 -7.79327828e+11  1.75e+03 8.02e+03  8.24e+06     0s
   2   6.02922715e+10 -7.62924163e+11  1.13e+02 5.19e+02  6.96e+05     0s
   3   1.33739316e+10 -4.39014805e+11  2.54e+01 1.17e+02  1.83e+05     0s
   4   1.98632632e+09 -2.49969941e+11  4.03e+00 1.85e+01  5.70e+04     0s
   5   4.94822887e+08 -1.25954115e+11  9.41e-01 4.32e+00  2.41e+04     0s
   6   3.12009254e+08 -7.27958905e+10  4.50e-01 2.07e+00  1.32e+04     0s
   7   1.93682396e+08 -4.16450929e+10  1.50e-01 6.89e-01  7.14e+03     0s
   8   1.34159751e+08 -5.89850188e+09  1.67e-02 7.65e-02  9.65e+02     0s
   9   9.55340433e+07 -1.89703199e+09  4.88e-03 2.24e-02  3.13e+02     0s
  10   5.54919043e+07 -8.00244070e+08  6.31e-04 2.90e-03  1.33e+02     0s
  11   1.86928643e+07 -1.82827410e+08  8.37e-05 3.84e-04  3.13e+01     0s
  12   4.12525713e+06 -2.65562516e+07  2.45e-06 1.13e-05  4.77e+00     0s
  13   1.05878084e+06 -3.20849400e+06  1.15e-10 1.74e-11  6.64e-01     0s
  14   4.44637594e+05  2.10488558e+05  3.98e-10 9.59e-12  3.64e-02     0s
  15   3.91646181e+05  3.04792222e+05  1.02e-09 9.38e-12  1.35e-02     0s
  16   3.63513333e+05  3.45898385e+05  1.54e-08 1.34e-11  2.74e-03     0s
  17   3.58448354e+05  3.53428718e+05  1.09e-08 1.95e-11  7.81e-04     0s
  18   3.57913364e+05  3.54913977e+05  7.95e-09 1.19e-11  4.66e-04     0s
  19   3.57294162e+05  3.56892364e+05  6.82e-09 1.10e-11  6.25e-05     0s
  20   3.57190935e+05  3.57180428e+05  1.43e-09 1.23e-11  1.63e-06     0s
  21   3.57188247e+05  3.57188195e+05  3.45e-11 1.02e-11  8.11e-09     0s

Barrier solved model in 21 iterations and 0.08 seconds (0.05 work units)
Optimal objective 3.57188247e+05


User-callback calls 66, time in user-callback 0.00 sec

Gurobi 13.0.2 (win64) logging started Wed Jul 15 17:27:44 2026

Set parameter LogFile to value "C:\Users\ehsanno\DataspellProjects\Spanish_Power_System\results\GoRES\ipopt_logs\2024-07-08_h08.log"

Gurobi 13.0.2 (win64) logging started Wed Jul 15 17:27:44 2026

Set parameter LogFile to value "C:\Users\ehsanno\DataspellProjects\Spanish_Power_System\results\GoRES\ipopt_logs\2024-07-08_h08.log"
Gurobi Optimizer version 13.0.2 build v13.0.2rc1 (win64 - Windows 11+.0 (26200.2))

CPU model: 11th Gen Intel(R) Core(TM) i5-1145G7 @ 2.60GHz, instruction set [SSE2|AVX|AVX2|AVX512]
Thread count: 4 physical cores, 8 logical processors, using up to 8 threads

Non-default parameters:
LogToConsole  0

Optimize a model with 5146 rows, 7443 columns and 18718 nonzeros (Min)
Model fingerprint: 0x7dea2379
Model has 2199 linear objective coefficients and an objective constant of 17233532.5524
Model has 972 quadratic objective terms
Coefficient statistics:
  Matrix range     [1e+00, 1e+04]
  Objective range  [4e-01, 1e+06]
  QObjective range [2e+04, 2e+04]
  Bounds range     [2e-06, 1e+04]
  RHS range        [2e-06, 1e+01]

Presolve removed 3652 rows and 4259 columns
Presolve time: 0.02s
Presolved: 1494 rows, 3184 columns, 9156 nonzeros
Presolved model has 898 quadratic objective terms
Ordering time: 0.00s

Barrier statistics:
 AA' NZ     : 1.785e+04
 Factor NZ  : 4.903e+04 (roughly 2 MB of memory)
 Factor Ops : 2.093e+06 (less than 1 second per iteration)
 Threads    : 1

                  Objective                Residual
Iter       Primal          Dual         Primal    Dual     Compl     Time
   0   5.62858050e+12 -1.69919288e+12  7.37e+03 3.76e+04  3.76e+07     0s
   1   1.15751558e+12 -8.82194481e+11  1.62e+03 8.29e+03  8.53e+06     0s
   2   9.03588070e+10 -8.11458972e+11  1.29e+02 6.60e+02  8.36e+05     0s
   3   1.63213125e+10 -4.52402561e+11  2.38e+01 1.21e+02  1.85e+05     0s
   4   2.41604108e+09 -2.52353998e+11  3.78e+00 1.93e+01  5.77e+04     0s
   5   7.12452587e+08 -1.28905170e+11  1.15e+00 5.88e+00  2.57e+04     0s
   6   4.05493383e+08 -8.01042838e+10  5.07e-01 2.59e+00  1.50e+04     0s
   7   2.34990948e+08 -5.13303634e+10  2.22e-01 1.13e+00  9.18e+03     0s
   8   1.34920188e+08 -7.41449541e+09  2.03e-02 1.04e-01  1.23e+03     0s
   9   9.93017737e+07 -1.58515713e+09  3.91e-03 2.00e-02  2.66e+02     0s
  10   5.32736094e+07 -6.80832651e+08  4.94e-04 2.52e-03  1.15e+02     0s
  11   1.50473739e+07 -1.33381593e+08  3.60e-05 1.84e-04  2.32e+01     0s
  12   1.98988081e+06 -8.60246436e+06  8.20e-07 4.19e-06  1.65e+00     0s
  13   3.66090353e+05 -3.55920979e+05  1.81e-09 9.24e-09  1.13e-01     0s
  14   1.98715037e+05  5.95209136e+04  8.35e-09 1.04e-09  2.17e-02     0s
  15   1.68533692e+05  1.03543249e+05  3.75e-09 2.84e-10  1.01e-02     0s
  16   1.54222323e+05  1.39823251e+05  7.18e-10 5.49e-11  2.25e-03     0s
  17   1.50459884e+05  1.49112081e+05  1.97e-08 1.01e-11  2.10e-04     0s
  18   1.50146785e+05  1.50060521e+05  7.31e-08 8.48e-12  1.35e-05     0s
  19   1.50124895e+05  1.50115600e+05  1.81e-06 1.08e-11  1.45e-06     0s
  20   1.50122543e+05  1.50122159e+05  1.62e-06 4.72e-12  6.23e-08     0s
  21   1.50122404e+05  1.50122399e+05  8.11e-08 1.40e-11  2.44e-09     0s

Barrier solved model in 21 iterations and 0.12 seconds (0.05 work units)
Optimal objective 1.50122404e+05


User-callback calls 73, time in user-callback 0.00 sec

Gurobi 13.0.2 (win64) logging started Wed Jul 15 17:30:02 2026

Set parameter LogFile to value "C:\Users\ehsanno\DataspellProjects\Spanish_Power_System\results\GoRES\ipopt_logs\2024-07-08_h08.log"

Gurobi 13.0.2 (win64) logging started Wed Jul 15 17:30:02 2026

Set parameter LogFile to value "C:\Users\ehsanno\DataspellProjects\Spanish_Power_System\results\GoRES\ipopt_logs\2024-07-08_h08.log"
Gurobi Optimizer version 13.0.2 build v13.0.2rc1 (win64 - Windows 11+.0 (26200.2))

CPU model: 11th Gen Intel(R) Core(TM) i5-1145G7 @ 2.60GHz, instruction set [SSE2|AVX|AVX2|AVX512]
Thread count: 4 physical cores, 8 logical processors, using up to 8 threads

Non-default parameters:
LogToConsole  0

Optimize a model with 5146 rows, 7443 columns and 18718 nonzeros (Min)
Model fingerprint: 0x2db9bfe1
Model has 2199 linear objective coefficients and an objective constant of 17233532.5524
Model has 972 quadratic objective terms
Coefficient statistics:
  Matrix range     [1e+00, 1e+04]
  Objective range  [4e-01, 1e+06]
  QObjective range [2e+04, 2e+04]
  Bounds range     [2e-06, 1e+04]
  RHS range        [2e-06, 1e+01]

Presolve removed 3657 rows and 4265 columns
Presolve time: 0.02s
Presolved: 1489 rows, 3178 columns, 9176 nonzeros
Presolved model has 898 quadratic objective terms
Ordering time: 0.01s

Barrier statistics:
 AA' NZ     : 1.787e+04
 Factor NZ  : 4.899e+04 (roughly 2 MB of memory)
 Factor Ops : 2.101e+06 (less than 1 second per iteration)
 Threads    : 1

                  Objective                Residual
Iter       Primal          Dual         Primal    Dual     Compl     Time
   0   5.70903233e+12 -2.08807155e+12  7.75e+03 3.76e+04  3.76e+07     0s
   1   1.22951370e+12 -1.15653480e+12  1.78e+03 8.67e+03  8.92e+06     0s
   2   1.16490869e+11 -1.00451286e+12  1.73e+02 8.39e+02  1.03e+06     0s
   3   1.83878223e+10 -5.54981795e+11  2.79e+01 1.36e+02  2.11e+05     0s
   4   2.65008655e+09 -3.18799268e+11  4.37e+00 2.12e+01  7.18e+04     0s
   5   1.07429526e+09 -1.81649373e+11  1.86e+00 9.02e+00  3.74e+04     0s
   6   5.15511011e+08 -1.06601320e+11  7.06e-01 3.43e+00  2.03e+04     0s
   7   2.61435995e+08 -6.89340193e+10  2.94e-01 1.43e+00  1.25e+04     0s
   8   1.34141976e+08 -8.83701206e+09  2.24e-02 1.09e-01  1.47e+03     0s
   9   1.05655992e+08 -1.35236867e+09  2.11e-03 1.03e-02  2.30e+02     0s
  10   6.59690502e+07 -8.03845813e+08  7.20e-04 3.50e-03  1.36e+02     0s
  11   1.54480000e+07 -1.23381871e+08  7.21e-10 3.50e-09  2.17e+01     0s
  12   1.58274103e+06 -6.31853471e+06  1.00e-09 3.82e-11  1.23e+00     0s
  13   2.78056321e+05 -4.94058061e+05  1.65e-09 1.31e-11  1.21e-01     0s
  14   9.64919446e+04  2.37179872e+04  5.46e-09 6.74e-12  1.14e-02     0s
  15   7.40081274e+04  6.08255166e+04  4.86e-09 1.53e-11  2.06e-03     0s
  16   6.99629703e+04  6.81702158e+04  2.01e-08 1.82e-11  2.80e-04     0s
  17   6.93308598e+04  6.91413003e+04  3.31e-11 1.71e-11  2.96e-05     0s
  18   6.92597980e+04  6.92337826e+04  3.26e-10 1.22e-11  4.07e-06     0s
  19   6.92483246e+04  6.92451788e+04  1.88e-09 4.41e-12  4.92e-07     0s
  20   6.92464683e+04  6.92461832e+04  9.84e-10 1.13e-11  4.46e-08     0s
  21   6.92464165e+04  6.92462004e+04  5.42e-07 9.31e-12  3.36e-08     0s
  22   6.92464113e+04  6.92462021e+04  1.37e-06 1.05e-11  3.23e-08     0s
  23   6.92464094e+04  6.92462027e+04  1.72e-06 1.15e-11  3.18e-08     0s
  24   6.92463965e+04  6.92462068e+04  4.26e-06 1.46e-11  2.87e-08     0s
  25   6.92463666e+04  6.92462159e+04  6.62e-06 1.17e-11  2.23e-08     0s
  26   6.92462647e+04  6.92462445e+04  7.06e-07 1.66e-11  3.06e-09     0s
  27   6.92462646e+04  6.92462448e+04  1.70e-06 1.70e-11  2.85e-09     0s
  28   6.92462648e+04  6.92462449e+04  1.62e-06 6.97e-12  2.72e-09     0s
  29   6.92462639e+04  6.92462461e+04  2.82e-06 7.47e-12  2.03e-09     0s
  30   6.92462635e+04  6.92462470e+04  6.93e-06 1.15e-11  1.34e-09     0s
  31   6.92462642e+04  6.92462471e+04  6.72e-06 7.04e-12  8.66e-10     0s
  32   6.92462647e+04  6.92462469e+04  9.01e-06 5.77e-12  7.88e-10     0s
  33   6.92462659e+04  6.92462465e+04  1.03e-05 1.12e-11  5.99e-10     0s
  34   6.92462634e+04  6.92462485e+04  9.50e-06 2.01e-11  4.36e-12     0s
  35   6.92462629e+04  6.92462487e+04  1.70e-05 1.32e-11  2.10e-12     0s
  36   6.92462629e+04  6.92462487e+04  1.53e-05 8.97e-12  2.11e-15     0s
  37   6.92462629e+04  6.92462487e+04  1.53e-05 7.28e-12  2.11e-18     0s
  38   6.92462629e+04  6.92462487e+04  1.53e-05 7.28e-12  2.11e-21     0s
  39   6.92462629e+04  6.92462487e+04  1.53e-05 7.28e-12  2.11e-24     0s

Barrier performed 39 iterations in 0.18 seconds (0.09 work units)
Sub-optimal termination - objective 6.92597980e+04


User-callback calls 115, time in user-callback 0.00 sec

Gurobi 13.0.2 (win64) logging started Wed Jul 15 18:00:27 2026

Set parameter LogFile to value "C:\Users\ehsanno\DataspellProjects\Spanish_Power_System\results\GoRES\ipopt_logs\2024-07-08_h08.log"

Gurobi 13.0.2 (win64) logging started Wed Jul 15 18:00:27 2026

Set parameter LogFile to value "C:\Users\ehsanno\DataspellProjects\Spanish_Power_System\results\GoRES\ipopt_logs\2024-07-08_h08.log"
Gurobi Optimizer version 13.0.2 build v13.0.2rc1 (win64 - Windows 11+.0 (26200.2))

CPU model: 11th Gen Intel(R) Core(TM) i5-1145G7 @ 2.60GHz, instruction set [SSE2|AVX|AVX2|AVX512]
Thread count: 4 physical cores, 8 logical processors, using up to 8 threads

Non-default parameters:
LogToConsole  0

Optimize a model with 5146 rows, 7443 columns and 18718 nonzeros (Min)
Model fingerprint: 0xf13047cd
Model has 2199 linear objective coefficients and an objective constant of 17233532.5524
Model has 972 quadratic objective terms
Coefficient statistics:
  Matrix range     [1e+00, 1e+04]
  Objective range  [4e-01, 1e+06]
  QObjective range [2e+04, 2e+04]
  Bounds range     [2e-06, 1e+04]
  RHS range        [2e-06, 1e+01]

Presolve removed 3652 rows and 4259 columns
Presolve time: 0.03s
Presolved: 1494 rows, 3184 columns, 9201 nonzeros
Presolved model has 898 quadratic objective terms
Ordering time: 0.01s

Barrier statistics:
 AA' NZ     : 1.786e+04
 Factor NZ  : 4.886e+04 (roughly 2 MB of memory)
 Factor Ops : 2.060e+06 (less than 1 second per iteration)
 Threads    : 1

                  Objective                Residual
Iter       Primal          Dual         Primal    Dual     Compl     Time
   0   6.43429794e+12 -2.41296368e+12  7.50e+03 3.76e+04  3.76e+07     0s
   1   1.44453254e+12 -1.39161807e+12  1.79e+03 8.96e+03  9.25e+06     0s
   2   1.55473156e+11 -1.18149933e+12  1.96e+02 9.84e+02  1.21e+06     0s
   3   2.49506534e+10 -6.09741352e+11  3.21e+01 1.61e+02  2.42e+05     0s
   4   3.69211480e+09 -2.76173599e+11  5.20e+00 2.61e+01  6.34e+04     0s
   5   1.13694302e+09 -1.23827186e+11  1.76e+00 8.84e+00  2.52e+04     0s
   6   7.15555663e+08 -8.85929681e+10  9.77e-01 4.90e+00  1.74e+04     0s
   7   4.32268819e+08 -5.10689514e+10  5.14e-01 2.58e+00  9.56e+03     0s
   8   1.98238092e+08 -2.64126881e+10  1.35e-01 6.79e-01  4.60e+03     0s
   9   1.22743451e+08 -3.85156552e+09  1.73e-02 8.66e-02  6.42e+02     0s
  10   7.96698978e+07 -1.59431391e+09  5.60e-03 2.81e-02  2.65e+02     0s
  11   3.74063530e+07 -6.58346882e+08  5.60e-09 2.81e-08  1.09e+02     0s
  12   8.19636811e+06 -3.98283126e+07  1.16e-09 9.40e-10  7.49e+00     0s
  13   7.11982675e+05 -2.08087014e+06  1.69e-09 3.80e-11  4.36e-01     0s
  14   1.68764842e+05 -1.31532920e+05  1.63e-08 7.50e-12  4.68e-02     0s
  15   8.45477065e+04  4.43181013e+04  1.17e-08 1.50e-11  6.28e-03     0s
  16   7.14337229e+04  6.58367802e+04  3.45e-09 9.59e-12  8.73e-04     0s
  17   6.94583737e+04  6.89499998e+04  1.12e-07 2.79e-11  7.93e-05     0s
  18   6.92789231e+04  6.92110782e+04  5.02e-07 1.39e-11  1.06e-05     0s
  19   6.92509260e+04  6.92434498e+04  1.60e-06 1.00e-11  1.17e-06     0s
  20   6.92468982e+04  6.92458754e+04  1.01e-07 6.76e-12  1.60e-07     0s
  21   6.92462828e+04  6.92462280e+04  3.08e-07 2.07e-11  8.49e-09     0s
  22   6.92462629e+04  6.92462446e+04  2.31e-07 9.94e-12  2.84e-09     0s
  23   6.92462629e+04  6.92462447e+04  3.00e-07 7.36e-12  2.77e-09     0s
  24   6.92462619e+04  6.92462457e+04  9.68e-07 6.78e-12  2.42e-09     0s
  25   6.92462607e+04  6.92462470e+04  1.01e-06 9.36e-12  1.89e-09     0s
  26   6.92462606e+04  6.92462473e+04  1.84e-06 7.79e-12  1.72e-09     0s
  27   6.92462553e+04  6.92462513e+04  1.91e-06 1.28e-11  4.22e-10     0s
  28   6.92462554e+04  6.92462515e+04  2.69e-06 1.01e-11  3.21e-10     0s
  29   6.92462551e+04  6.92462522e+04  2.27e-06 1.67e-11  1.85e-12     0s
  30   6.92462552e+04  6.92462521e+04  4.86e-06 1.66e-11  1.46e-12     0s
  31   6.92462553e+04  6.92462521e+04  8.06e-06 8.11e-12  1.03e-12     0s
  32   6.92462556e+04  6.92462520e+04  1.24e-05 3.27e-11  5.04e-13     0s
  33   6.92462565e+04  6.92462517e+04  1.29e-05 7.78e-12  1.93e-13     0s
  34   6.92462571e+04  6.92462515e+04  1.75e-05 7.34e-12  4.00e-14     0s
  35   6.92462580e+04  6.92462511e+04  2.33e-05 1.46e-11  2.20e-15     0s
  36   6.92462589e+04  6.92462507e+04  2.78e-05 1.82e-12  1.68e-16     0s
  37   6.92462600e+04  6.92462502e+04  2.80e-05 3.64e-12  2.87e-17     0s

Barrier performed 37 iterations in 0.14 seconds (0.09 work units)
Sub-optimal termination - objective 6.92468982e+04


User-callback calls 92, time in user-callback 0.00 sec

Gurobi 13.0.2 (win64) logging started Thu Jul 16 15:27:16 2026

Set parameter LogFile to value "C:\Users\ehsanno\DataspellProjects\Spanish_Power_System\results\GoRES\ipopt_logs\2024-07-08_h08.log"

Gurobi 13.0.2 (win64) logging started Thu Jul 16 15:27:16 2026

Set parameter LogFile to value "C:\Users\ehsanno\DataspellProjects\Spanish_Power_System\results\GoRES\ipopt_logs\2024-07-08_h08.log"
Gurobi Optimizer version 13.0.2 build v13.0.2rc1 (win64 - Windows 11+.0 (26200.2))

CPU model: 11th Gen Intel(R) Core(TM) i5-1145G7 @ 2.60GHz, instruction set [SSE2|AVX|AVX2|AVX512]
Thread count: 4 physical cores, 8 logical processors, using up to 8 threads

Non-default parameters:
LogToConsole  0

Optimize a model with 5146 rows, 7443 columns and 18718 nonzeros (Min)
Model fingerprint: 0xf13047cd
Model has 2199 linear objective coefficients and an objective constant of 17233532.5524
Model has 972 quadratic objective terms
Coefficient statistics:
  Matrix range     [1e+00, 1e+04]
  Objective range  [4e-01, 1e+06]
  QObjective range [2e+04, 2e+04]
  Bounds range     [2e-06, 1e+04]
  RHS range        [2e-06, 1e+01]

Presolve removed 3652 rows and 4259 columns
Presolve time: 0.02s
Presolved: 1494 rows, 3184 columns, 9201 nonzeros
Presolved model has 898 quadratic objective terms
Ordering time: 0.01s

Barrier statistics:
 AA' NZ     : 1.786e+04
 Factor NZ  : 4.886e+04 (roughly 2 MB of memory)
 Factor Ops : 2.060e+06 (less than 1 second per iteration)
 Threads    : 1

                  Objective                Residual
Iter       Primal          Dual         Primal    Dual     Compl     Time
   0   6.43429794e+12 -2.41296368e+12  7.50e+03 3.76e+04  3.76e+07     0s
   1   1.44453254e+12 -1.39161807e+12  1.79e+03 8.96e+03  9.25e+06     0s
   2   1.55473156e+11 -1.18149933e+12  1.96e+02 9.84e+02  1.21e+06     0s
   3   2.49506534e+10 -6.09741352e+11  3.21e+01 1.61e+02  2.42e+05     0s
   4   3.69211480e+09 -2.76173599e+11  5.20e+00 2.61e+01  6.34e+04     0s
   5   1.13694302e+09 -1.23827186e+11  1.76e+00 8.84e+00  2.52e+04     0s
   6   7.15555663e+08 -8.85929681e+10  9.77e-01 4.90e+00  1.74e+04     0s
   7   4.32268819e+08 -5.10689514e+10  5.14e-01 2.58e+00  9.56e+03     0s
   8   1.98238092e+08 -2.64126881e+10  1.35e-01 6.79e-01  4.60e+03     0s
   9   1.22743451e+08 -3.85156552e+09  1.73e-02 8.66e-02  6.42e+02     0s
  10   7.96698978e+07 -1.59431391e+09  5.60e-03 2.81e-02  2.65e+02     0s
  11   3.74063530e+07 -6.58346882e+08  5.60e-09 2.81e-08  1.09e+02     0s
  12   8.19636811e+06 -3.98283126e+07  1.16e-09 9.40e-10  7.49e+00     0s
  13   7.11982675e+05 -2.08087014e+06  1.69e-09 3.80e-11  4.36e-01     0s
  14   1.68764842e+05 -1.31532920e+05  1.63e-08 7.50e-12  4.68e-02     0s
  15   8.45477065e+04  4.43181013e+04  1.17e-08 1.50e-11  6.28e-03     0s
  16   7.14337229e+04  6.58367802e+04  3.45e-09 9.59e-12  8.73e-04     0s
  17   6.94583737e+04  6.89499998e+04  1.12e-07 2.79e-11  7.93e-05     0s
  18   6.92789231e+04  6.92110782e+04  5.02e-07 1.39e-11  1.06e-05     0s
  19   6.92509260e+04  6.92434498e+04  1.60e-06 1.00e-11  1.17e-06     0s
  20   6.92468982e+04  6.92458754e+04  1.01e-07 6.76e-12  1.60e-07     0s
  21   6.92462828e+04  6.92462280e+04  3.08e-07 2.07e-11  8.49e-09     0s
  22   6.92462629e+04  6.92462446e+04  2.31e-07 9.94e-12  2.84e-09     0s
  23   6.92462629e+04  6.92462447e+04  3.00e-07 7.36e-12  2.77e-09     0s
  24   6.92462619e+04  6.92462457e+04  9.68e-07 6.78e-12  2.42e-09     0s
  25   6.92462607e+04  6.92462470e+04  1.01e-06 9.36e-12  1.89e-09     0s
  26   6.92462606e+04  6.92462473e+04  1.84e-06 7.79e-12  1.72e-09     0s
  27   6.92462553e+04  6.92462513e+04  1.91e-06 1.28e-11  4.22e-10     0s
  28   6.92462554e+04  6.92462515e+04  2.69e-06 1.01e-11  3.21e-10     0s
  29   6.92462551e+04  6.92462522e+04  2.27e-06 1.67e-11  1.85e-12     0s
  30   6.92462552e+04  6.92462521e+04  4.86e-06 1.66e-11  1.46e-12     0s
  31   6.92462553e+04  6.92462521e+04  8.06e-06 8.11e-12  1.03e-12     0s
  32   6.92462556e+04  6.92462520e+04  1.24e-05 3.27e-11  5.04e-13     0s
  33   6.92462565e+04  6.92462517e+04  1.29e-05 7.78e-12  1.93e-13     0s
  34   6.92462571e+04  6.92462515e+04  1.75e-05 7.34e-12  4.00e-14     0s
  35   6.92462580e+04  6.92462511e+04  2.33e-05 1.46e-11  2.20e-15     0s
  36   6.92462589e+04  6.92462507e+04  2.78e-05 1.82e-12  1.68e-16     0s
  37   6.92462600e+04  6.92462502e+04  2.80e-05 3.64e-12  2.87e-17     0s

Barrier performed 37 iterations in 0.10 seconds (0.09 work units)
Sub-optimal termination - objective 6.92468982e+04


User-callback calls 99, time in user-callback 0.00 sec

Gurobi 13.0.2 (win64) logging started Thu Jul 16 16:07:51 2026

Set parameter LogFile to value "C:\Users\ehsanno\DataspellProjects\Spanish_Power_System\results\GoRES\ipopt_logs\2024-07-08_h08.log"

Gurobi 13.0.2 (win64) logging started Thu Jul 16 16:07:51 2026

Set parameter LogFile to value "C:\Users\ehsanno\DataspellProjects\Spanish_Power_System\results\GoRES\ipopt_logs\2024-07-08_h08.log"
Gurobi Optimizer version 13.0.2 build v13.0.2rc1 (win64 - Windows 11+.0 (26200.2))

CPU model: 11th Gen Intel(R) Core(TM) i5-1145G7 @ 2.60GHz, instruction set [SSE2|AVX|AVX2|AVX512]
Thread count: 4 physical cores, 8 logical processors, using up to 8 threads

Non-default parameters:
LogToConsole  0

Optimize a model with 5146 rows, 7859 columns and 19134 nonzeros (Min)
Model fingerprint: 0x5445fd21
Model has 2200 linear objective coefficients and an objective constant of 1.7632530520137381e+07
Model has 1482 quadratic objective terms
Coefficient statistics:
  Matrix range     [1e+00, 1e+04]
  Objective range  [1e-07, 1e+06]
  QObjective range [2e+04, 2e+04]
  Bounds range     [2e-06, 1e+04]
  RHS range        [2e-06, 1e+01]

Presolve removed 3637 rows and 4150 columns
Presolve time: 0.02s
Presolved: 1509 rows, 3709 columns, 9804 nonzeros
Presolved model has 1408 quadratic objective terms
Ordering time: 0.01s

Barrier statistics:
 AA' NZ     : 1.775e+04
 Factor NZ  : 4.791e+04 (roughly 2 MB of memory)
 Factor Ops : 1.944e+06 (less than 1 second per iteration)
 Threads    : 1

                  Objective                Residual
Iter       Primal          Dual         Primal    Dual     Compl     Time
   0   6.36995350e+12 -7.54789956e+12  8.00e+03 3.85e+07  3.93e+10     0s
   1   1.52981637e+12 -5.65926531e+12  1.93e+03 9.30e+06  9.98e+09     0s
   2   1.69838467e+11 -3.40319887e+12  2.15e+02 1.04e+06  1.47e+09     0s
   3   2.59358634e+10 -1.23945628e+12  3.35e+01 1.61e+05  2.92e+08     0s
   4   1.68031559e+10 -9.10853071e+11  2.19e+01 1.05e+05  1.97e+08     0s
   5   5.85955943e+09 -5.57825450e+11  7.88e+00 3.80e+04  1.03e+08     0s
   6   1.42542877e+09 -1.89632373e+11  2.14e+00 1.03e+04  3.15e+07     0s
   7   4.87409008e+08 -8.40675600e+10  5.98e-01 2.88e+03  1.31e+07     0s
   8   2.37044136e+08 -4.84173111e+10  1.97e-01 9.49e+02  7.29e+06     0s
   9   1.43166618e+08 -8.56138135e+09  3.15e-02 1.52e+02  1.24e+06     0s
  10   9.94457947e+07 -2.66597435e+09  9.11e-03 4.39e+01  3.86e+05     0s
  11   5.44648108e+07 -9.34040940e+08  3.62e-04 1.74e+00  1.35e+05     0s
  12   1.27389290e+07 -9.99758705e+07  6.99e-10 1.74e-06  1.54e+04     0s
  13   1.42666667e+06 -8.24123770e+06  8.35e-10 2.42e-08  1.32e+03     0s
  14   3.34801703e+05 -1.02305074e+06  1.61e-09 2.33e-08  1.86e+02     0s
  15   1.15552281e+05 -6.45831040e+04  2.70e-09 7.24e-09  2.46e+01     0s
  16   7.37192781e+04  5.97831840e+04  4.95e-09 1.01e-08  1.91e+00     0s
  17   6.97130953e+04  6.82574642e+04  3.87e-08 7.54e-09  1.99e-01     0s
  18   6.93014264e+04  6.91779141e+04  7.69e-08 6.68e-09  1.69e-02     0s
  19   6.92548979e+04  6.92370413e+04  3.22e-06 1.33e-08  2.44e-03     0s
  20   6.92473946e+04  6.92454318e+04  6.02e-06 1.92e-08  2.69e-04     0s
  21   6.92464765e+04  6.92461516e+04  9.05e-05 1.57e-08  4.61e-05     0s
  22   6.92463609e+04  6.92463067e+04  7.09e-06 1.24e-08  7.44e-06     0s
  23   6.92463427e+04  6.92463312e+04  1.86e-06 1.22e-08  1.57e-06     0s
  24   6.92463426e+04  6.92463318e+04  3.47e-06 1.45e-08  1.45e-06     0s
  25   6.92463426e+04  6.92463320e+04  8.14e-06 1.13e-08  1.39e-06     0s
  26   6.92463411e+04  6.92463355e+04  4.19e-06 1.57e-08  7.53e-07     0s
  27   6.92463411e+04  6.92463355e+04  4.05e-06 1.22e-08  7.47e-07     0s
  28   6.92463389e+04  6.92463353e+04  5.81e-05 3.44e-08  6.60e-07     0s
  29   6.92463392e+04  6.92463390e+04  7.09e-06 1.61e-08  1.15e-08     0s
  30   6.92463393e+04  6.92463390e+04  3.21e-06 1.59e-08  1.51e-09     0s
  31   6.92463390e+04  6.92463390e+04  3.57e-08 8.40e-09  2.19e-10     0s

Barrier solved model in 31 iterations and 0.11 seconds (0.07 work units)
Optimal objective 6.92463390e+04


User-callback calls 93, time in user-callback 0.00 sec

Gurobi 13.0.2 (win64) logging started Thu Jul 16 16:15:09 2026

Set parameter LogFile to value "C:\Users\ehsanno\DataspellProjects\Spanish_Power_System\results\GoRES\ipopt_logs\2024-07-08_h08.log"

Gurobi 13.0.2 (win64) logging started Thu Jul 16 16:15:09 2026

Set parameter LogFile to value "C:\Users\ehsanno\DataspellProjects\Spanish_Power_System\results\GoRES\ipopt_logs\2024-07-08_h08.log"
Gurobi Optimizer version 13.0.2 build v13.0.2rc1 (win64 - Windows 11+.0 (26200.2))

CPU model: 11th Gen Intel(R) Core(TM) i5-1145G7 @ 2.60GHz, instruction set [SSE2|AVX|AVX2|AVX512]
Thread count: 4 physical cores, 8 logical processors, using up to 8 threads

Non-default parameters:
LogToConsole  0

Optimize a model with 5146 rows, 7859 columns and 19134 nonzeros (Min)
Model fingerprint: 0x31e445f4
Model has 2200 linear objective coefficients and an objective constant of 1.7632530520137381e+07
Model has 1482 quadratic objective terms
Coefficient statistics:
  Matrix range     [1e+00, 1e+04]
  Objective range  [1e-07, 1e+06]
  QObjective range [2e+04, 2e+04]
  Bounds range     [2e-06, 1e+04]
  RHS range        [2e-06, 1e+01]

Presolve removed 3642 rows and 4151 columns
Presolve time: 0.02s
Presolved: 1504 rows, 3708 columns, 9731 nonzeros
Presolved model has 1408 quadratic objective terms
Ordering time: 0.00s

Barrier statistics:
 AA' NZ     : 1.782e+04
 Factor NZ  : 4.737e+04 (roughly 2 MB of memory)
 Factor Ops : 1.936e+06 (less than 1 second per iteration)
 Threads    : 1

                  Objective                Residual
Iter       Primal          Dual         Primal    Dual     Compl     Time
   0   4.91771054e+12 -6.42992366e+12  7.76e+03 3.90e+07  3.97e+10     0s
   1   1.02756602e+12 -4.86669588e+12  1.63e+03 8.18e+06  8.83e+09     0s
   2   7.76919512e+10 -2.98587269e+12  1.23e+02 6.18e+05  1.08e+09     0s
   3   1.16351959e+10 -1.09531506e+12  1.87e+01 9.38e+04  2.34e+08     0s
   4   6.50741865e+09 -7.17629206e+11  1.06e+01 5.30e+04  1.39e+08     0s
   5   1.82318484e+09 -3.46947801e+11  3.09e+00 1.55e+04  5.85e+07     0s
   6   5.34500889e+08 -1.67808033e+11  8.29e-01 4.17e+03  2.62e+07     0s
   7   3.01442170e+08 -8.24892787e+10  3.46e-01 1.74e+03  1.24e+07     0s
   8   1.46408291e+08 -1.88042262e+10  2.33e-02 1.17e+02  2.66e+06     0s
   9   1.24464819e+08 -2.57338057e+09  1.76e-03 8.83e+00  3.71e+05     0s
  10   5.28520622e+07 -9.08276593e+08  3.96e-05 1.99e-01  1.32e+05     0s
  11   1.70511217e+07 -1.69872422e+08  2.82e-06 1.42e-02  2.56e+04     0s
  12   3.93986933e+06 -2.28865723e+07  2.88e-07 1.45e-03  3.67e+03     0s
  13   1.34043779e+06 -2.83071551e+06  2.32e-08 1.17e-04  5.71e+02     0s
  14   8.80562174e+05 -1.84202094e+05  5.14e-09 2.59e-05  1.46e+02     0s
  15   8.14463668e+05  7.69635455e+04  2.72e-09 1.37e-05  1.01e+02     0s
  16   7.27055054e+05  4.19645391e+05  4.71e-10 9.65e-09  4.21e+01     0s
  17   6.85175181e+05  6.45685002e+05  5.90e-10 1.89e-08  5.40e+00     0s
  18   6.77780886e+05  6.66761184e+05  4.74e-09 1.51e-08  1.51e+00     0s
  19   6.75579242e+05  6.74332359e+05  4.23e-09 2.83e-08  1.71e-01     0s
  20   6.75317408e+05  6.75151298e+05  1.16e-08 1.27e-08  2.27e-02     0s
  21   6.75277251e+05  6.75268813e+05  1.43e-08 1.34e-08  1.15e-03     0s
  22   6.75275119e+05  6.75274749e+05  3.90e-08 1.78e-08  4.97e-05     0s
  23   6.75275017e+05  6.75275019e+05  4.83e-09 1.70e-08  6.05e-08     0s
  24   6.75275023e+05  6.75275019e+05  1.76e-07 1.37e-08  1.57e-08     0s
  25   6.75275024e+05  6.75275020e+05  4.82e-08 2.13e-08  1.57e-11     0s

Barrier solved model in 25 iterations and 0.08 seconds (0.06 work units)
Optimal objective 6.75275024e+05


User-callback calls 77, time in user-callback 0.00 sec

Gurobi 13.0.2 (win64) logging started Thu Jul 16 16:23:39 2026

Set parameter LogFile to value "C:\Users\ehsanno\DataspellProjects\Spanish_Power_System\results\GoRES\ipopt_logs\2024-07-08_h08.log"

Gurobi 13.0.2 (win64) logging started Thu Jul 16 16:23:39 2026

Set parameter LogFile to value "C:\Users\ehsanno\DataspellProjects\Spanish_Power_System\results\GoRES\ipopt_logs\2024-07-08_h08.log"
Gurobi Optimizer version 13.0.2 build v13.0.2rc1 (win64 - Windows 11+.0 (26200.2))

CPU model: 11th Gen Intel(R) Core(TM) i5-1145G7 @ 2.60GHz, instruction set [SSE2|AVX|AVX2|AVX512]
Thread count: 4 physical cores, 8 logical processors, using up to 8 threads

Non-default parameters:
LogToConsole  0

Optimize a model with 5146 rows, 7859 columns and 19134 nonzeros (Min)
Model fingerprint: 0xb006deaf
Model has 2199 linear objective coefficients and an objective constant of 17632540.9476
Model has 1482 quadratic objective terms
Coefficient statistics:
  Matrix range     [1e+00, 1e+04]
  Objective range  [4e-01, 1e+06]
  QObjective range [2e+04, 2e+04]
  Bounds range     [2e-06, 1e+04]
  RHS range        [2e-06, 1e+01]

Presolve removed 3637 rows and 4141 columns
Presolve time: 0.02s
Presolved: 1509 rows, 3718 columns, 9742 nonzeros
Presolved model has 1408 quadratic objective terms
Ordering time: 0.00s

Barrier statistics:
 AA' NZ     : 1.783e+04
 Factor NZ  : 4.765e+04 (roughly 2 MB of memory)
 Factor Ops : 1.938e+06 (less than 1 second per iteration)
 Threads    : 1

                  Objective                Residual
Iter       Primal          Dual         Primal    Dual     Compl     Time
   0   4.63478398e+12 -1.60867832e+12  8.50e+03 4.00e+04  3.98e+07     0s
   1   1.04799171e+12 -7.44436486e+11  2.18e+03 1.02e+04  1.05e+07     0s
   2   1.15616879e+11 -7.71875179e+11  2.50e+02 1.17e+03  1.49e+06     0s
   3   9.32163707e+09 -5.15619212e+11  2.05e+01 9.62e+01  1.70e+05     0s
   4   2.09715367e+09 -3.05603234e+11  4.78e+00 2.24e+01  6.35e+04     0s
   5   1.12437824e+09 -1.97736472e+11  2.55e+00 1.20e+01  3.72e+04     0s
   6   4.46930475e+08 -1.03824539e+11  8.12e-01 3.82e+00  1.72e+04     0s
   7   2.52319028e+08 -4.39849691e+10  2.57e-01 1.21e+00  6.68e+03     0s
   8   1.63101228e+08 -9.23160559e+09  3.66e-02 1.72e-01  1.31e+03     0s
   9   1.17015843e+08 -2.59622389e+09  9.76e-03 4.59e-02  3.71e+02     0s
  10   9.00192921e+07 -1.89018804e+09  5.37e-03 2.52e-02  2.69e+02     0s
  11   3.30610035e+07 -3.93779315e+08  7.58e-04 3.56e-03  5.74e+01     0s
  12   6.04546522e+06 -3.16387719e+07  1.40e-05 6.59e-05  5.02e+00     0s
  13   1.60674230e+06 -1.97612993e+06  2.94e-07 1.38e-06  4.77e-01     0s
  14   1.16796422e+06 -2.99306096e+04  7.16e-08 3.36e-07  1.60e-01     0s
  15   1.02324894e+06  5.27287040e+05  2.62e-08 1.23e-07  6.61e-02     0s
  16   9.64913338e+05  7.01203218e+05  8.58e-09 4.03e-08  3.51e-02     0s
  17   9.23281279e+05  8.38408969e+05  1.50e-09 3.89e-10  1.13e-02     0s
  18   9.07209594e+05  8.99109636e+05  3.31e-09 9.97e-12  1.08e-03     0s
  19   9.05417614e+05  9.04443360e+05  3.82e-09 1.84e-11  1.30e-04     0s
  20   9.05189156e+05  9.05115191e+05  5.65e-09 4.03e-11  9.85e-06     0s
  21   9.05173746e+05  9.05156253e+05  9.88e-09 1.15e-11  2.33e-06     0s
  22   9.05169635e+05  9.05169385e+05  1.39e-08 9.76e-12  3.29e-08     0s
  23   9.05169572e+05  9.05169571e+05  6.47e-10 1.38e-11  5.35e-11     0s

Barrier solved model in 23 iterations and 0.06 seconds (0.05 work units)
Optimal objective 9.05169572e+05


User-callback calls 78, time in user-callback 0.00 sec

Gurobi 13.0.2 (win64) logging started Mon Jul 20 15:54:11 2026

Set parameter LogFile to value "C:\Users\ehsanno\DataspellProjects\Spanish_Power_System\results\GoRES\ipopt_logs\2024-07-08_h08.log"

Gurobi 13.0.2 (win64) logging started Mon Jul 20 15:54:11 2026

Set parameter LogFile to value "C:\Users\ehsanno\DataspellProjects\Spanish_Power_System\results\GoRES\ipopt_logs\2024-07-08_h08.log"
Gurobi Optimizer version 13.0.2 build v13.0.2rc1 (win64 - Windows 11+.0 (26200.2))

CPU model: 11th Gen Intel(R) Core(TM) i5-1145G7 @ 2.60GHz, instruction set [SSE2|AVX|AVX2|AVX512]
Thread count: 4 physical cores, 8 logical processors, using up to 8 threads

Non-default parameters:
LogToConsole  0

Optimize a model with 5146 rows, 8031 columns and 19306 nonzeros (Min)
Model fingerprint: 0x3981a2ae
Model has 2198 linear objective coefficients and an objective constant of 1.8334320539976057e+07
Model has 1660 quadratic objective terms
Coefficient statistics:
  Matrix range     [1e+00, 1e+04]
  Objective range  [1e-07, 1e+06]
  QObjective range [2e+04, 2e+04]
  Bounds range     [2e-06, 1e+04]
  RHS range        [2e-06, 1e+01]

Presolve removed 3644 rows and 4144 columns
Presolve time: 0.02s
Presolved: 1502 rows, 3887 columns, 9864 nonzeros
Presolved model has 1586 quadratic objective terms
Ordering time: 0.01s

Barrier statistics:
 AA' NZ     : 1.777e+04
 Factor NZ  : 4.736e+04 (roughly 3 MB of memory)
 Factor Ops : 1.944e+06 (less than 1 second per iteration)
 Threads    : 1

                  Objective                Residual
Iter       Primal          Dual         Primal    Dual     Compl     Time
   0   4.09821855e+12 -6.51908923e+12  8.45e+03 4.09e+07  4.16e+10     0s
   1   1.31157873e+12 -5.11661836e+12  2.71e+03 1.31e+07  1.39e+10     0s
   2   2.08017138e+11 -3.33454419e+12  4.30e+02 2.08e+06  2.60e+09     0s
   3   1.54455247e+10 -1.33601116e+12  3.23e+01 1.56e+05  3.19e+08     0s
   4   3.93437793e+09 -6.44230915e+11  8.45e+00 4.09e+04  1.19e+08     0s
   5   1.42348818e+09 -3.08642004e+11  3.15e+00 1.53e+04  5.11e+07     0s
   6   6.63057823e+08 -1.84232950e+11  1.34e+00 6.49e+03  2.91e+07     0s
   7   3.01967257e+08 -6.75148245e+10  3.97e-01 1.92e+03  1.01e+07     0s
   8   1.87737583e+08 -2.70643135e+10  1.03e-01 5.00e+02  3.86e+06     0s
   9   1.42031360e+08 -5.14424972e+09  1.55e-02 7.52e+01  7.15e+05     0s
  10   1.01143596e+08 -2.92048823e+09  5.97e-03 2.89e+01  4.02e+05     0s
  11   5.93824874e+07 -9.54202820e+08  5.97e-09 2.89e-05  1.32e+05     0s
  12   1.57044216e+07 -1.45021196e+08  1.30e-09 5.96e-08  2.10e+04     0s
  13   2.96849740e+06 -1.16161732e+07  9.00e-10 4.47e-08  1.90e+03     0s
  14   1.42726953e+06 -8.74872374e+05  1.95e-09 1.98e-08  3.00e+02     0s
  15   1.13054452e+06  1.62446061e+05  1.24e-08 1.76e-08  1.26e+02     0s
  16   1.01784302e+06  8.76307821e+05  4.91e-09 1.84e-08  1.85e+01     0s
  17   1.00225178e+06  9.39241419e+05  1.83e-08 1.34e-08  8.22e+00     0s
  18   9.93536554e+05  9.74430687e+05  2.07e-08 7.33e-09  2.49e+00     0s
  19   9.90513180e+05  9.85941249e+05  2.50e-08 1.66e-08  5.96e-01     0s
  20   9.89629732e+05  9.89106484e+05  1.62e-08 1.42e-08  6.82e-02     0s
  21   9.89519084e+05  9.89449058e+05  7.28e-08 9.56e-09  9.13e-03     0s
  22   9.89501161e+05  9.89497629e+05  3.46e-08 1.66e-08  4.62e-04     0s
  23   9.89500322e+05  9.89500107e+05  2.12e-09 2.49e-08  2.80e-05     0s
  24   9.89500281e+05  9.89500270e+05  1.17e-08 1.33e-08  4.72e-08     0s
  25   9.89500281e+05  9.89500270e+05  2.52e-07 8.74e-09  4.79e-11     0s

Barrier solved model in 25 iterations and 0.10 seconds (0.06 work units)
Optimal objective 9.89500281e+05


User-callback calls 81, time in user-callback 0.00 sec

Gurobi 13.0.2 (win64) logging started Mon Jul 20 15:56:42 2026

Set parameter LogFile to value "C:\Users\ehsanno\DataspellProjects\Spanish_Power_System\results\GoRES\ipopt_logs\2024-07-08_h08.log"

Gurobi 13.0.2 (win64) logging started Mon Jul 20 15:56:42 2026

Set parameter LogFile to value "C:\Users\ehsanno\DataspellProjects\Spanish_Power_System\results\GoRES\ipopt_logs\2024-07-08_h08.log"
Gurobi Optimizer version 13.0.2 build v13.0.2rc1 (win64 - Windows 11+.0 (26200.2))

CPU model: 11th Gen Intel(R) Core(TM) i5-1145G7 @ 2.60GHz, instruction set [SSE2|AVX|AVX2|AVX512]
Thread count: 4 physical cores, 8 logical processors, using up to 8 threads

Non-default parameters:
LogToConsole  0

Optimize a model with 5146 rows, 8031 columns and 19306 nonzeros (Min)
Model fingerprint: 0xa7a41220
Model has 2194 linear objective coefficients and an objective constant of 2.2917887375500020e+07
Model has 1660 quadratic objective terms
Coefficient statistics:
  Matrix range     [1e+00, 1e+04]
  Objective range  [4e-01, 1e+06]
  QObjective range [2e+04, 2e+04]
  Bounds range     [2e-06, 1e+04]
  RHS range        [2e-06, 1e+01]

Presolve removed 3644 rows and 4144 columns
Presolve time: 0.02s
Presolved: 1502 rows, 3887 columns, 9864 nonzeros
Presolved model has 1586 quadratic objective terms
Ordering time: 0.00s

Barrier statistics:
 AA' NZ     : 1.777e+04
 Factor NZ  : 4.736e+04 (roughly 3 MB of memory)
 Factor Ops : 1.944e+06 (less than 1 second per iteration)
 Threads    : 1

                  Objective                Residual
Iter       Primal          Dual         Primal    Dual     Compl     Time
   0   4.34549064e+12 -1.34980266e+12  8.69e+03 4.00e+04  3.98e+07     0s
   1   1.33321560e+12 -9.31054130e+11  2.78e+03 1.28e+04  1.31e+07     0s
   2   2.04719751e+11 -8.85231559e+11  4.34e+02 2.00e+03  2.28e+06     0s
   3   1.64443454e+10 -6.79005035e+11  3.53e+01 1.62e+02  2.54e+05     0s
   4   2.45665053e+09 -3.84003406e+11  5.50e+00 2.53e+01  7.52e+04     0s
   5   9.31248288e+08 -1.91098148e+11  2.06e+00 9.46e+00  3.30e+04     0s
   6   3.16504604e+08 -7.84347630e+10  4.76e-01 2.19e+00  1.19e+04     0s
   7   2.48598753e+08 -5.49407013e+10  2.86e-01 1.31e+00  8.15e+03     0s
   8   1.75477564e+08 -1.98752952e+10  8.45e-02 3.89e-01  2.81e+03     0s
   9   1.33629790e+08 -3.10466122e+09  9.22e-03 4.24e-02  4.33e+02     0s
  10   8.72526303e+07 -1.65917928e+09  2.52e-03 1.16e-02  2.29e+02     0s
  11   3.86038896e+07 -5.28833558e+08  5.19e-04 2.39e-03  7.32e+01     0s
  12   9.47662058e+06 -6.26306819e+07  2.61e-05 1.20e-04  9.19e+00     0s
  13   2.44866138e+06 -6.72909728e+06  1.15e-07 5.27e-07  1.17e+00     0s
  14   1.82019437e+06 -2.43412723e+06  4.24e-08 1.95e-07  5.42e-01     0s
  15   1.35305086e+06  4.63419467e+05  1.78e-08 1.46e-09  1.13e-01     0s
  16   1.25822557e+06  9.58566897e+05  9.40e-09 3.85e-10  3.82e-02     0s
  17   1.21599011e+06  1.16608947e+06  1.15e-08 3.60e-11  6.35e-03     0s
  18   1.20758321e+06  1.20265407e+06  2.76e-09 1.12e-11  6.28e-04     0s
  19   1.20645687e+06  1.20615079e+06  1.00e-08 3.36e-11  3.90e-05     0s
  20   1.20637489e+06  1.20633479e+06  3.62e-08 1.16e-11  5.10e-06     0s
  21   1.20636514e+06  1.20635990e+06  2.67e-09 1.71e-11  6.66e-07     0s
  22   1.20636376e+06  1.20636359e+06  1.85e-09 2.68e-11  2.20e-08     0s
  23   1.20636372e+06  1.20636372e+06  1.61e-09 9.26e-12  2.31e-11     0s

Barrier solved model in 23 iterations and 0.10 seconds (0.05 work units)
Optimal objective 1.20636372e+06


User-callback calls 83, time in user-callback 0.00 sec

Gurobi 13.0.2 (win64) logging started Mon Jul 20 15:58:27 2026

Set parameter LogFile to value "C:\Users\ehsanno\DataspellProjects\Spanish_Power_System\results\GoRES\ipopt_logs\2024-07-08_h08.log"

Gurobi 13.0.2 (win64) logging started Mon Jul 20 15:58:27 2026

Set parameter LogFile to value "C:\Users\ehsanno\DataspellProjects\Spanish_Power_System\results\GoRES\ipopt_logs\2024-07-08_h08.log"
Gurobi Optimizer version 13.0.2 build v13.0.2rc1 (win64 - Windows 11+.0 (26200.2))

CPU model: 11th Gen Intel(R) Core(TM) i5-1145G7 @ 2.60GHz, instruction set [SSE2|AVX|AVX2|AVX512]
Thread count: 4 physical cores, 8 logical processors, using up to 8 threads

Non-default parameters:
LogToConsole  0

Optimize a model with 5146 rows, 8031 columns and 19306 nonzeros (Min)
Model fingerprint: 0x12db639b
Model has 2194 linear objective coefficients and an objective constant of 2.7501464850600023e+07
Model has 1660 quadratic objective terms
Coefficient statistics:
  Matrix range     [1e+00, 1e+04]
  Objective range  [4e-01, 1e+06]
  QObjective range [2e+04, 2e+04]
  Bounds range     [2e-06, 1e+04]
  RHS range        [2e-06, 1e+01]

Presolve removed 3644 rows and 4144 columns
Presolve time: 0.03s
Presolved: 1502 rows, 3887 columns, 9864 nonzeros
Presolved model has 1586 quadratic objective terms
Ordering time: 0.01s

Barrier statistics:
 AA' NZ     : 1.777e+04
 Factor NZ  : 4.736e+04 (roughly 3 MB of memory)
 Factor Ops : 1.944e+06 (less than 1 second per iteration)
 Threads    : 1

                  Objective                Residual
Iter       Primal          Dual         Primal    Dual     Compl     Time
   0   4.39509426e+12 -1.39922290e+12  8.69e+03 4.00e+04  3.98e+07     0s
   1   1.33826726e+12 -9.35934718e+11  2.78e+03 1.28e+04  1.31e+07     0s
   2   2.04837002e+11 -8.85171387e+11  4.34e+02 2.00e+03  2.28e+06     0s
   3   1.64487782e+10 -6.78880804e+11  3.53e+01 1.62e+02  2.54e+05     0s
   4   2.45906599e+09 -3.83969423e+11  5.50e+00 2.53e+01  7.52e+04     0s
   5   9.33961846e+08 -1.91146887e+11  2.06e+00 9.47e+00  3.30e+04     0s
   6   3.19171016e+08 -7.84267444e+10  4.76e-01 2.19e+00  1.19e+04     0s
   7   2.51390492e+08 -5.49433472e+10  2.86e-01 1.31e+00  8.15e+03     0s
   8   1.78307634e+08 -1.98726557e+10  8.45e-02 3.89e-01  2.81e+03     0s
   9   1.37247641e+08 -3.49795314e+09  1.10e-02 5.06e-02  4.88e+02     0s
  10   8.87587546e+07 -1.70874494e+09  2.28e-03 1.05e-02  2.35e+02     0s
  11   3.65407164e+07 -4.77136270e+08  3.10e-04 1.43e-03  6.60e+01     0s
  12   9.95545087e+06 -7.04590625e+07  2.69e-05 1.24e-04  1.03e+01     0s
  13   2.74103254e+06 -6.52542458e+06  3.45e-08 1.59e-07  1.18e+00     0s
  14   1.83899016e+06 -7.71196586e+05  9.27e-09 5.49e-09  3.32e-01     0s
  15   1.51242400e+06  1.07688024e+06  2.40e-08 7.65e-10  5.55e-02     0s
  16   1.47971533e+06  1.19593494e+06  1.37e-08 4.25e-10  3.61e-02     0s
  17   1.43363923e+06  1.37556233e+06  1.59e-08 3.34e-11  7.39e-03     0s
  18   1.42479048e+06  1.41210952e+06  2.80e-08 1.34e-11  1.61e-03     0s
  19   1.42244606e+06  1.42182537e+06  1.93e-08 1.56e-11  7.90e-05     0s
  20   1.42229283e+06  1.42220890e+06  5.86e-08 1.15e-11  1.07e-05     0s
  21   1.42227285e+06  1.42226161e+06  1.65e-07 2.00e-11  1.41e-06     0s
  22   1.42226984e+06  1.42226933e+06  2.21e-09 1.64e-11  6.57e-08     0s
  23   1.42226971e+06  1.42226970e+06  2.37e-09 1.71e-11  1.30e-09     0s

Barrier solved model in 23 iterations and 0.11 seconds (0.05 work units)
Optimal objective 1.42226971e+06


User-callback calls 87, time in user-callback 0.00 sec
