This is Ipopt version 3.14.19, running with linear solver ma57.

Number of nonzeros in equality constraint Jacobian...:    13682
Number of nonzeros in inequality constraint Jacobian.:     3120
Number of nonzeros in Lagrangian Hessian.............:      899

Total number of variables............................:     5539
                     variables with only lower bounds:        0
                variables with lower and upper bounds:     4303
                     variables with only upper bounds:        0
Total number of equality constraints.................:     3582
Total number of inequality constraints...............:     1560
        inequality constraints with only lower bounds:        0
   inequality constraints with lower and upper bounds:     1560
        inequality constraints with only upper bounds:        0

iter    objective    inf_pr   inf_du lg(mu)  ||d||  lg(rg) alpha_du alpha_pr  ls
   0  1.1336013e+07 1.77e+01 8.46e+01  -1.0 0.00e+00    -  0.00e+00 0.00e+00   0
   1  1.1335783e+07 1.77e+01 8.42e+01  -1.0 5.06e+01    -  1.16e-02 1.84e-05f  1
   2  9.1559383e+06 1.74e+01 8.41e+01  -1.0 1.35e+02    -  1.55e-03 1.76e-02f  1
   3  8.9972179e+06 1.68e+01 8.35e+01  -1.0 1.47e+01  -4.0 1.27e-02 3.88e-02f  1
   4  8.1458936e+06 1.59e+01 8.11e+01  -1.0 1.43e+01  -4.5 3.22e-02 5.03e-02f  1
   5  6.9721748e+06 1.41e+01 7.36e+01  -1.0 1.36e+01    -  9.55e-02 1.16e-01f  1
   6  4.1613153e+06 9.93e+00 4.22e+01  -1.0 1.24e+01  -5.0 4.21e-01 2.94e-01f  1
   7  1.4657881e+06 3.88e-06 2.10e+01  -1.0 1.90e+01    -  5.77e-01 1.00e+00f  1
   8  1.3322773e+06 3.34e-12 2.12e-01  -1.0 3.60e-01    -  9.90e-01 1.00e+00f  1
   9  1.3533339e+06 1.78e-12 1.23e-03  -1.0 7.95e-02  -5.4 9.95e-01 1.00e+00f  1
iter    objective    inf_pr   inf_du lg(mu)  ||d||  lg(rg) alpha_du alpha_pr  ls
  10  3.1200514e+05 2.99e-12 3.01e-02  -2.5 6.92e-01    -  8.50e-01 1.00e+00f  1
  11  2.3020742e+05 4.13e-12 1.74e-02  -2.5 1.19e+00    -  8.97e-01 1.00e+00f  1
  12  1.7480206e+05 2.03e-12 2.48e-02  -3.8 9.24e-01  -5.9 7.37e-01 9.77e-01f  1
  13  1.6446367e+05 1.30e-12 6.51e-03  -3.8 3.07e-01  -6.4 8.97e-01 1.00e+00f  1
  14  1.6192290e+05 1.82e-12 1.96e-14  -3.8 4.86e-02    -  1.00e+00 1.00e+00f  1
  15  1.5902643e+05 1.38e-12 1.72e-03  -5.7 3.79e-02    -  8.00e-01 1.00e+00f  1
  16  1.5894122e+05 2.50e-12 9.35e-04  -5.7 8.80e-03    -  9.11e-01 9.65e-01f  1
  17  1.5893747e+05 3.43e-12 8.43e-10  -5.7 6.15e-03  -6.9 1.00e+00 1.00e+00f  1
  18  1.5890208e+05 2.01e-12 3.01e-05  -8.6 3.76e-03  -7.3 9.82e-01 9.77e-01f  1
  19  1.5890113e+05 2.15e-12 1.97e-14  -8.6 2.26e-03    -  1.00e+00 1.00e+00f  1
iter    objective    inf_pr   inf_du lg(mu)  ||d||  lg(rg) alpha_du alpha_pr  ls
  20  1.5890101e+05 1.75e-12 1.70e-11  -8.6 1.11e-03  -7.8 1.00e+00 1.00e+00f  1
  21  1.5890098e+05 1.33e-12 1.91e-14  -8.6 5.46e-04    -  1.00e+00 1.00e+00f  1
  22  1.5890094e+05 1.87e-12 2.07e-14  -9.0 2.79e-04    -  1.00e+00 1.00e+00h  1

Number of Iterations....: 22

                                   (scaled)                 (unscaled)
Objective...............:   1.5890093795483041e+01    1.5890093795483041e+05
Dual infeasibility......:   2.0676033753640848e-14    2.0676033753640848e-10
Constraint violation....:   3.6749238773280565e-13    1.8678392166293634e-12
Variable bound violation:   1.5344345527523728e-07    1.5344345527523728e-07
Complementarity.........:   6.9090885038908046e-09    6.9090885038908037e-05
Overall NLP error.......:   6.9090885038908046e-09    6.9090885038908037e-05


Number of objective function evaluations             = 23
Number of objective gradient evaluations             = 23
Number of equality constraint evaluations            = 23
Number of inequality constraint evaluations          = 23
Number of equality constraint Jacobian evaluations   = 1
Number of inequality constraint Jacobian evaluations = 1
Number of Lagrangian Hessian evaluations             = 1
Total seconds in IPOPT                               = 0.125

EXIT: Optimal Solution Found.

Gurobi 13.0.2 (win64) logging started Wed Jul 15 11:53:19 2026

Set parameter LogFile to value "C:\Users\ehsanno\DataspellProjects\Spanish_Power_System\results\GoRES\ipopt_logs\2024-07-08_h02.log"

Gurobi 13.0.2 (win64) logging started Wed Jul 15 11:53:19 2026

Set parameter LogFile to value "C:\Users\ehsanno\DataspellProjects\Spanish_Power_System\results\GoRES\ipopt_logs\2024-07-08_h02.log"
Gurobi Optimizer version 13.0.2 build v13.0.2rc1 (win64 - Windows 11+.0 (26200.2))

CPU model: 11th Gen Intel(R) Core(TM) i5-1145G7 @ 2.60GHz, instruction set [SSE2|AVX|AVX2|AVX512]
Thread count: 4 physical cores, 8 logical processors, using up to 8 threads

Non-default parameters:
LogToConsole  0

Optimize a model with 5142 rows, 7197 columns and 18460 nonzeros (Min)
Model fingerprint: 0xba92064c
Model has 2031 linear objective coefficients and an objective constant of 1.3469774257813606e+07
Model has 973 quadratic objective terms
Coefficient statistics:
  Matrix range     [1e+00, 1e+04]
  Objective range  [9e+00, 1e+06]
  QObjective range [2e+04, 2e+04]
  Bounds range     [2e-06, 1e+04]
  RHS range        [2e-06, 8e+00]

Presolve removed 3669 rows and 4174 columns
Presolve time: 0.01s
Presolved: 1473 rows, 3023 columns, 8990 nonzeros
Presolved model has 899 quadratic objective terms
Ordering time: 0.00s

Barrier statistics:
 AA' NZ     : 1.792e+04
 Factor NZ  : 4.680e+04 (roughly 2 MB of memory)
 Factor Ops : 1.875e+06 (less than 1 second per iteration)
 Threads    : 1

                  Objective                Residual
Iter       Primal          Dual         Primal    Dual     Compl     Time
   0   6.39921704e+12 -6.84181004e+11  7.25e+03 5.34e+03  5.33e+06     0s
   1   1.80026115e+12 -2.12479677e+11  2.15e+03 1.58e+03  1.61e+06     0s
   2   2.63384836e+11 -1.66896793e+11  3.21e+02 2.37e+02  2.98e+05     0s
   3   1.01859543e+11 -1.25571715e+11  1.25e+02 9.20e+01  1.20e+05     0s
   4   1.12879673e+10 -8.68699712e+10  1.45e+01 1.07e+01  2.70e+04     0s
   5   1.64840538e+09 -4.09778255e+10  2.63e+00 1.93e+00  9.27e+03     0s
   6   6.67815240e+08 -2.50863977e+10  1.21e+00 8.89e-01  5.38e+03     0s
   7   4.20549280e+08 -1.59311090e+10  6.08e-01 4.47e-01  3.28e+03     0s
   8   3.01577176e+08 -1.09066964e+10  3.94e-01 2.90e-01  2.18e+03     0s
   9   1.40058509e+08 -5.97561831e+09  1.17e-01 8.59e-02  1.12e+03     0s
  10   7.76833297e+07 -1.55243375e+09  2.86e-02 2.10e-02  2.82e+02     0s
  11   3.89098717e+07 -5.37730744e+08  1.59e-03 1.17e-03  9.54e+01     0s
  12   1.43708118e+07 -1.25223088e+08  1.88e-04 1.38e-04  2.30e+01     0s
  13   1.78249758e+06 -7.93419250e+06  5.16e-06 3.80e-06  1.60e+00     0s
  14   4.33048862e+05 -7.48429682e+05  3.68e-07 2.71e-07  1.94e-01     0s
  15   1.94056839e+05  1.20791220e+05  7.50e-09 3.78e-09  1.20e-02     0s
  16   1.62386459e+05  1.55512394e+05  4.14e-07 2.23e-11  1.13e-03     0s
  17   1.58999901e+05  1.58618718e+05  3.38e-07 8.39e-12  6.26e-05     0s
  18   1.58921190e+05  1.58899437e+05  1.06e-05 1.95e-11  3.12e-06     0s
  19   1.58912186e+05  1.58910653e+05  8.48e-07 1.38e-11  2.67e-07     0s
  20   1.58911924e+05  1.58910653e+05  9.44e-07 1.16e-11  2.65e-07     0s
  21   1.58911802e+05  1.58910650e+05  1.24e-06 1.59e-11  2.65e-07     0s
  22   1.58911813e+05  1.58910649e+05  2.01e-06 6.66e-12  2.66e-07     0s
  23   1.58911473e+05  1.58910642e+05  2.38e-06 1.03e-11  2.63e-07     0s
  24   1.58910927e+05  1.58910681e+05  3.40e-06 5.20e-12  2.48e-07     0s
  25   1.58911509e+05  1.58911374e+05  8.39e-07 1.22e-11  3.50e-08     0s
  26   1.58911467e+05  1.58911469e+05  9.23e-07 8.02e-12  4.89e-09     0s
  27   1.58910826e+05  1.58911469e+05  2.29e-06 1.03e-11  4.28e-09     0s
  28   1.58909846e+05  1.58911471e+05  4.65e-06 9.56e-12  3.24e-09     0s
  29   1.58911300e+05  1.58911482e+05  1.93e-06 9.22e-12  4.52e-10     0s
  30   1.58910130e+05  1.58911483e+05  2.75e-06 1.06e-11  1.75e-11     0s
  31   1.58910138e+05  1.58911483e+05  4.37e-06 3.75e-12  1.39e-13     0s
  32   1.58910285e+05  1.58911483e+05  3.32e-06 3.65e-12  1.16e-15     0s
  33   1.58910320e+05  1.58911483e+05  3.07e-06 2.27e-13  1.13e-18     0s

Barrier performed 33 iterations in 0.09 seconds (0.08 work units)
Sub-optimal termination - objective 1.58912186e+05


User-callback calls 84, time in user-callback 0.00 sec

Gurobi 13.0.2 (win64) logging started Wed Jul 15 12:00:37 2026

Set parameter LogFile to value "C:\Users\ehsanno\DataspellProjects\Spanish_Power_System\results\GoRES\ipopt_logs\2024-07-08_h02.log"

Gurobi 13.0.2 (win64) logging started Wed Jul 15 12:00:37 2026

Set parameter LogFile to value "C:\Users\ehsanno\DataspellProjects\Spanish_Power_System\results\GoRES\ipopt_logs\2024-07-08_h02.log"
Gurobi Optimizer version 13.0.2 build v13.0.2rc1 (win64 - Windows 11+.0 (26200.2))

CPU model: 11th Gen Intel(R) Core(TM) i5-1145G7 @ 2.60GHz, instruction set [SSE2|AVX|AVX2|AVX512]
Thread count: 4 physical cores, 8 logical processors, using up to 8 threads

Non-default parameters:
LogToConsole  0

Optimize a model with 5142 rows, 7197 columns and 18460 nonzeros (Min)
Model fingerprint: 0xba92064c
Model has 2031 linear objective coefficients and an objective constant of 1.3469774257813606e+07
Model has 973 quadratic objective terms
Coefficient statistics:
  Matrix range     [1e+00, 1e+04]
  Objective range  [9e+00, 1e+06]
  QObjective range [2e+04, 2e+04]
  Bounds range     [2e-06, 1e+04]
  RHS range        [2e-06, 8e+00]

Presolve removed 3669 rows and 4174 columns
Presolve time: 0.01s
Presolved: 1473 rows, 3023 columns, 8990 nonzeros
Presolved model has 899 quadratic objective terms
Ordering time: 0.00s

Barrier statistics:
 AA' NZ     : 1.792e+04
 Factor NZ  : 4.680e+04 (roughly 2 MB of memory)
 Factor Ops : 1.875e+06 (less than 1 second per iteration)
 Threads    : 1

                  Objective                Residual
Iter       Primal          Dual         Primal    Dual     Compl     Time
   0   6.39921704e+12 -6.84181004e+11  7.25e+03 5.34e+03  5.33e+06     0s
   1   1.80026115e+12 -2.12479677e+11  2.15e+03 1.58e+03  1.61e+06     0s
   2   2.63384836e+11 -1.66896793e+11  3.21e+02 2.37e+02  2.98e+05     0s
   3   1.01859543e+11 -1.25571715e+11  1.25e+02 9.20e+01  1.20e+05     0s
   4   1.12879673e+10 -8.68699712e+10  1.45e+01 1.07e+01  2.70e+04     0s
   5   1.64840538e+09 -4.09778255e+10  2.63e+00 1.93e+00  9.27e+03     0s
   6   6.67815240e+08 -2.50863977e+10  1.21e+00 8.89e-01  5.38e+03     0s
   7   4.20549280e+08 -1.59311090e+10  6.08e-01 4.47e-01  3.28e+03     0s
   8   3.01577176e+08 -1.09066964e+10  3.94e-01 2.90e-01  2.18e+03     0s
   9   1.40058509e+08 -5.97561831e+09  1.17e-01 8.59e-02  1.12e+03     0s
  10   7.76833297e+07 -1.55243375e+09  2.86e-02 2.10e-02  2.82e+02     0s
  11   3.89098717e+07 -5.37730744e+08  1.59e-03 1.17e-03  9.54e+01     0s
  12   1.43708118e+07 -1.25223088e+08  1.88e-04 1.38e-04  2.30e+01     0s
  13   1.78249758e+06 -7.93419250e+06  5.16e-06 3.80e-06  1.60e+00     0s
  14   4.33048862e+05 -7.48429682e+05  3.68e-07 2.71e-07  1.94e-01     0s
  15   1.94056839e+05  1.20791220e+05  7.50e-09 3.78e-09  1.20e-02     0s
  16   1.62386459e+05  1.55512394e+05  4.14e-07 2.23e-11  1.13e-03     0s
  17   1.58999901e+05  1.58618718e+05  3.38e-07 8.39e-12  6.26e-05     0s
  18   1.58921190e+05  1.58899437e+05  1.06e-05 1.95e-11  3.12e-06     0s
  19   1.58912186e+05  1.58910653e+05  8.48e-07 1.38e-11  2.67e-07     0s
  20   1.58911924e+05  1.58910653e+05  9.44e-07 1.16e-11  2.65e-07     0s
  21   1.58911802e+05  1.58910650e+05  1.24e-06 1.59e-11  2.65e-07     0s
  22   1.58911813e+05  1.58910649e+05  2.01e-06 6.66e-12  2.66e-07     0s
  23   1.58911473e+05  1.58910642e+05  2.38e-06 1.03e-11  2.63e-07     0s
  24   1.58910927e+05  1.58910681e+05  3.40e-06 5.20e-12  2.48e-07     0s
  25   1.58911509e+05  1.58911374e+05  8.39e-07 1.22e-11  3.50e-08     0s
  26   1.58911467e+05  1.58911469e+05  9.23e-07 8.02e-12  4.89e-09     0s
  27   1.58910826e+05  1.58911469e+05  2.29e-06 1.03e-11  4.28e-09     0s
  28   1.58909846e+05  1.58911471e+05  4.65e-06 9.56e-12  3.24e-09     0s
  29   1.58911300e+05  1.58911482e+05  1.93e-06 9.22e-12  4.52e-10     0s
  30   1.58910130e+05  1.58911483e+05  2.75e-06 1.06e-11  1.75e-11     0s
  31   1.58910138e+05  1.58911483e+05  4.37e-06 3.75e-12  1.39e-13     0s
  32   1.58910285e+05  1.58911483e+05  3.32e-06 3.65e-12  1.16e-15     0s
  33   1.58910320e+05  1.58911483e+05  3.07e-06 2.27e-13  1.13e-18     0s

Barrier performed 33 iterations in 0.09 seconds (0.08 work units)
Sub-optimal termination - objective 1.58912186e+05


User-callback calls 88, time in user-callback 0.00 sec

Gurobi 13.0.2 (win64) logging started Wed Jul 15 12:15:54 2026

Set parameter LogFile to value "C:\Users\ehsanno\DataspellProjects\Spanish_Power_System\results\GoRES\ipopt_logs\2024-07-08_h02.log"

Gurobi 13.0.2 (win64) logging started Wed Jul 15 12:15:54 2026

Set parameter LogFile to value "C:\Users\ehsanno\DataspellProjects\Spanish_Power_System\results\GoRES\ipopt_logs\2024-07-08_h02.log"
Gurobi Optimizer version 13.0.2 build v13.0.2rc1 (win64 - Windows 11+.0 (26200.2))

CPU model: 11th Gen Intel(R) Core(TM) i5-1145G7 @ 2.60GHz, instruction set [SSE2|AVX|AVX2|AVX512]
Thread count: 4 physical cores, 8 logical processors, using up to 8 threads

Non-default parameters:
LogToConsole  0

Optimize a model with 5142 rows, 7197 columns and 18460 nonzeros (Min)
Model fingerprint: 0x872c5b02
Model has 2031 linear objective coefficients and an objective constant of 1.5144334699795036e+07
Model has 973 quadratic objective terms
Coefficient statistics:
  Matrix range     [1e+00, 1e+04]
  Objective range  [9e+00, 1e+06]
  QObjective range [2e+04, 2e+04]
  Bounds range     [2e-06, 1e+04]
  RHS range        [2e-06, 8e+00]

Presolve removed 3669 rows and 4174 columns
Presolve time: 0.01s
Presolved: 1473 rows, 3023 columns, 8990 nonzeros
Presolved model has 899 quadratic objective terms
Ordering time: 0.00s

Barrier statistics:
 AA' NZ     : 1.792e+04
 Factor NZ  : 4.680e+04 (roughly 2 MB of memory)
 Factor Ops : 1.875e+06 (less than 1 second per iteration)
 Threads    : 1

                  Objective                Residual
Iter       Primal          Dual         Primal    Dual     Compl     Time
   0   6.39913704e+12 -6.84091160e+11  7.25e+03 5.34e+03  5.33e+06     0s
   1   1.80027239e+12 -2.12372780e+11  2.15e+03 1.58e+03  1.61e+06     0s
   2   2.63255644e+11 -1.66803993e+11  3.21e+02 2.37e+02  2.97e+05     0s
   3   1.02169360e+11 -1.25595167e+11  1.25e+02 9.23e+01  1.20e+05     0s
   4   1.13296227e+10 -8.69222793e+10  1.45e+01 1.07e+01  2.70e+04     0s
   5   1.67200350e+09 -4.11242739e+10  2.62e+00 1.93e+00  9.30e+03     0s
   6   6.82906014e+08 -2.51683288e+10  1.20e+00 8.87e-01  5.40e+03     0s
   7   4.13043509e+08 -1.54669063e+10  5.78e-01 4.26e-01  3.17e+03     0s
   8   2.73401951e+08 -9.50331558e+09  3.31e-01 2.43e-01  1.88e+03     0s
   9   1.25823139e+08 -4.70543903e+09  7.89e-02 5.81e-02  8.66e+02     0s
  10   7.67714389e+07 -1.45715658e+09  2.28e-02 1.68e-02  2.63e+02     0s
  11   3.60566813e+07 -6.38823200e+08  1.06e-03 7.79e-04  1.11e+02     0s
  12   7.92080795e+06 -3.82710337e+07  7.12e-06 5.24e-06  7.59e+00     0s
  13   8.78568405e+05 -2.59490759e+06  6.09e-08 4.48e-08  5.71e-01     0s
  14   3.55101684e+05 -1.36975815e+05  5.43e-09 3.25e-09  8.08e-02     0s
  15   2.40954474e+05  2.05453540e+05  2.77e-08 3.13e-11  5.83e-03     0s
  16   2.24830267e+05  2.21832699e+05  4.02e-07 1.95e-11  4.92e-04     0s
  17   2.23606161e+05  2.23426549e+05  1.33e-06 8.08e-12  2.95e-05     0s
  18   2.23564697e+05  2.23549913e+05  2.64e-05 9.10e-12  1.76e-06     0s
  19   2.23556574e+05  2.23552075e+05  2.82e-05 8.86e-12  1.06e-06     0s
  20   2.23547472e+05  2.23552588e+05  5.61e-05 8.17e-12  8.51e-07     0s
  21   2.23552170e+05  2.23555216e+05  3.41e-05 1.81e-11  1.11e-07     0s
  22   2.23554970e+05  2.23555539e+05  4.14e-06 7.41e-12  1.57e-08     0s
  23   2.23552362e+05  2.23555552e+05  6.21e-06 1.07e-11  9.94e-09     0s
  24   2.23551483e+05  2.23555551e+05  9.40e-06 1.04e-11  9.43e-09     0s
  25   2.23550199e+05  2.23555570e+05  1.55e-05 1.05e-11  3.31e-09     0s
  26   2.23555077e+05  2.23555588e+05  3.94e-06 1.14e-11  4.42e-10     0s
  27   2.23555142e+05  2.23555589e+05  3.80e-06 1.94e-11  5.69e-11     0s
  28   2.23555099e+05  2.23555589e+05  1.16e-06 1.44e-11  3.80e-12     0s
  29   2.23555131e+05  2.23555589e+05  8.70e-07 1.55e-11  6.75e-14     0s
  30   2.23555154e+05  2.23555589e+05  1.25e-06 7.28e-12  1.80e-16     0s
  31   2.23555177e+05  2.23555589e+05  1.16e-06 9.10e-13  4.69e-19     0s
  32   2.23555239e+05  2.23555589e+05  9.97e-07 7.28e-12  9.37e-21     0s
  33   2.23555275e+05  2.23555589e+05  8.64e-07 7.28e-12  8.61e-23     0s
  34   2.23555292e+05  2.23555589e+05  9.02e-07 2.18e-11  2.22e-25     0s
  35   2.23555362e+05  2.23555589e+05  6.66e-07 1.73e-11  1.32e-25     0s
  36   2.23555396e+05  2.23555589e+05  4.53e-07 7.28e-12  1.27e-27     0s
  37   2.23555434e+05  2.23555589e+05  4.51e-07 7.28e-12  1.99e-27     0s
  38   2.23555450e+05  2.23555589e+05  3.51e-07 3.41e-13  2.56e-27     0s
  39   2.23555457e+05  2.23555589e+05  4.11e-07 9.09e-13  4.02e-27     0s
  40   2.23555477e+05  2.23555589e+05  3.08e-07 1.42e-14  4.91e-27     0s
  41   2.23555494e+05  2.23555589e+05  2.47e-07 9.09e-13  5.49e-27     0s

Barrier solved model in 41 iterations and 0.10 seconds (0.09 work units)
Optimal objective 2.23555494e+05


User-callback calls 93, time in user-callback 0.00 sec

Gurobi 13.0.2 (win64) logging started Wed Jul 15 12:32:06 2026

Set parameter LogFile to value "C:\Users\ehsanno\DataspellProjects\Spanish_Power_System\results\GoRES\ipopt_logs\2024-07-08_h02.log"

Gurobi 13.0.2 (win64) logging started Wed Jul 15 12:32:06 2026

Set parameter LogFile to value "C:\Users\ehsanno\DataspellProjects\Spanish_Power_System\results\GoRES\ipopt_logs\2024-07-08_h02.log"
Gurobi Optimizer version 13.0.2 build v13.0.2rc1 (win64 - Windows 11+.0 (26200.2))

CPU model: 11th Gen Intel(R) Core(TM) i5-1145G7 @ 2.60GHz, instruction set [SSE2|AVX|AVX2|AVX512]
Thread count: 4 physical cores, 8 logical processors, using up to 8 threads

Non-default parameters:
LogToConsole  0

Optimize a model with 5142 rows, 7197 columns and 18460 nonzeros (Min)
Model fingerprint: 0xe3f8093b
Model has 2031 linear objective coefficients and an objective constant of 1.5144336928320009e+07
Model has 973 quadratic objective terms
Coefficient statistics:
  Matrix range     [1e+00, 1e+04]
  Objective range  [9e+00, 1e+06]
  QObjective range [2e+04, 2e+04]
  Bounds range     [2e-06, 1e+04]
  RHS range        [2e-06, 8e+00]

Presolve removed 3669 rows and 4174 columns
Presolve time: 0.01s
Presolved: 1473 rows, 3023 columns, 8990 nonzeros
Presolved model has 899 quadratic objective terms
Ordering time: 0.00s

Barrier statistics:
 AA' NZ     : 1.792e+04
 Factor NZ  : 4.680e+04 (roughly 2 MB of memory)
 Factor Ops : 1.875e+06 (less than 1 second per iteration)
 Threads    : 1

                  Objective                Residual
Iter       Primal          Dual         Primal    Dual     Compl     Time
   0   6.39913704e+12 -6.84091159e+11  7.25e+03 5.34e+03  5.33e+06     0s
   1   1.80027239e+12 -2.12372779e+11  2.15e+03 1.58e+03  1.61e+06     0s
   2   2.63255645e+11 -1.66803993e+11  3.21e+02 2.37e+02  2.97e+05     0s
   3   1.02169361e+11 -1.25595167e+11  1.25e+02 9.23e+01  1.20e+05     0s
   4   1.13296206e+10 -8.69222788e+10  1.45e+01 1.07e+01  2.70e+04     0s
   5   1.67200375e+09 -4.11242728e+10  2.62e+00 1.93e+00  9.30e+03     0s
   6   6.82906096e+08 -2.51683260e+10  1.20e+00 8.87e-01  5.40e+03     0s
   7   4.13043553e+08 -1.54669047e+10  5.78e-01 4.26e-01  3.17e+03     0s
   8   2.73401738e+08 -9.50330386e+09  3.31e-01 2.43e-01  1.88e+03     0s
   9   1.25822988e+08 -4.70542838e+09  7.89e-02 5.81e-02  8.66e+02     0s
  10   7.67714175e+07 -1.45715603e+09  2.28e-02 1.68e-02  2.63e+02     0s
  11   3.60565929e+07 -6.38821017e+08  1.06e-03 7.79e-04  1.11e+02     0s
  12   7.92078190e+06 -3.82708917e+07  7.12e-06 5.24e-06  7.59e+00     0s
  13   8.78566921e+05 -2.59487756e+06  6.09e-08 4.48e-08  5.71e-01     0s
  14   3.55101442e+05 -1.36972074e+05  1.82e-08 3.25e-09  8.08e-02     0s
  15   2.40954732e+05  2.05454231e+05  6.67e-08 3.13e-11  5.83e-03     0s
  16   2.24830571e+05  2.21833063e+05  6.03e-07 9.49e-12  4.92e-04     0s
  17   2.23606660e+05  2.23426965e+05  9.88e-07 1.78e-11  2.95e-05     0s
  18   2.23549647e+05  2.23549968e+05  4.02e-05 1.22e-11  1.76e-06     0s
  19   2.23552730e+05  2.23550032e+05  6.44e-05 1.50e-11  1.77e-06     0s
  20   2.23546787e+05  2.23554350e+05  4.83e-05 5.67e-12  4.68e-07     0s
  21   2.23555850e+05  2.23555834e+05  1.14e-05 1.73e-11  6.17e-08     0s
  22   2.23552696e+05  2.23555973e+05  1.07e-05 5.68e-12  1.51e-08     0s
  23   2.23554754e+05  2.23556021e+05  1.20e-05 1.04e-11  2.08e-09     0s
  24   2.23550991e+05  2.23556024e+05  7.85e-06 7.19e-12  5.66e-11     0s
  25   2.23551513e+05  2.23556025e+05  1.43e-05 1.18e-11  1.34e-11     0s
  26   2.23552602e+05  2.23556027e+05  9.04e-06 7.59e-12  6.39e-13     0s
  27   2.23553114e+05  2.23556027e+05  5.01e-06 1.02e-12  1.20e-14     0s
  28   2.23553551e+05  2.23556028e+05  4.94e-06 1.46e-11  2.67e-16     0s
  29   2.23554033e+05  2.23556028e+05  5.49e-06 7.28e-12  1.13e-17     0s
  30   2.23554238e+05  2.23556028e+05  5.10e-06 3.02e-14  2.02e-19     0s
  31   2.23554734e+05  2.23556029e+05  3.74e-06 2.27e-13  2.29e-20     0s
  32   2.23554867e+05  2.23556029e+05  3.29e-06 7.28e-12  1.46e-21     0s
  33   2.23555041e+05  2.23556029e+05  2.94e-06 2.84e-14  1.21e-22     0s
  34   2.23555059e+05  2.23556029e+05  2.85e-06 1.42e-14  5.15e-23     0s
  35   2.23555079e+05  2.23556029e+05  2.24e-06 1.36e-12  6.79e-15     0s
  36   2.23555124e+05  2.23556029e+05  2.14e-06 9.09e-13  1.10e-14     0s
  37   2.23555148e+05  2.23556029e+05  2.09e-06 1.65e-10  1.04e-14     0s
  38   2.23555167e+05  2.23556029e+05  2.11e-06 4.11e-11  5.97e-15     0s
  39   2.23555172e+05  2.23556029e+05  2.11e-06 3.81e-11  6.14e-15     0s
  40   2.23554851e+05  2.23556029e+05  2.74e-06 1.90e-11  5.60e-11     0s
  41   2.23555153e+05  2.23556029e+05  1.64e-06 2.62e-08  1.47e-11     0s
  42   2.23555327e+05  2.23556029e+05  3.21e-06 9.60e-12  1.06e-11     0s
  43   2.23555308e+05  2.23556029e+05  2.82e-06 1.07e-11  5.29e-12     0s
  44   2.23555247e+05  2.23556029e+05  4.10e-06 8.41e-12  2.82e-12     0s
  45   2.23555303e+05  2.23556029e+05  2.42e-06 1.13e-11  3.45e-14     0s
  46   2.23555423e+05  2.23556029e+05  1.65e-06 2.21e-11  1.97e-14     0s
  47   2.23555434e+05  2.23556029e+05  1.50e-06 5.26e-11  4.74e-14     0s
  48   2.23555471e+05  2.23556029e+05  1.45e-06 1.46e-11  8.25e-16     0s
  49   2.23555485e+05  2.23556029e+05  1.37e-06 9.28e-12  3.33e-15     0s
  50   2.23555495e+05  2.23556029e+05  1.46e-06 8.68e-12  1.76e-15     0s
  51   2.23556250e+05  2.23556029e+05  5.65e-07 3.65e-11  8.02e-12     0s
  52   2.23555903e+05  2.23556029e+05  3.64e-07 1.47e-09  1.37e-12     0s
  53   2.23556007e+05  2.23556029e+05  2.33e-07 1.05e-11  1.03e-13     0s

Barrier solved model in 53 iterations and 0.13 seconds (0.13 work units)
Optimal objective 2.23556007e+05


User-callback calls 115, time in user-callback 0.00 sec

Gurobi 13.0.2 (win64) logging started Wed Jul 15 14:21:55 2026

Set parameter LogFile to value "C:\Users\ehsanno\DataspellProjects\Spanish_Power_System\results\GoRES\ipopt_logs\2024-07-08_h02.log"

Gurobi 13.0.2 (win64) logging started Wed Jul 15 14:21:55 2026

Set parameter LogFile to value "C:\Users\ehsanno\DataspellProjects\Spanish_Power_System\results\GoRES\ipopt_logs\2024-07-08_h02.log"
Gurobi Optimizer version 13.0.2 build v13.0.2rc1 (win64 - Windows 11+.0 (26200.2))

CPU model: 11th Gen Intel(R) Core(TM) i5-1145G7 @ 2.60GHz, instruction set [SSE2|AVX|AVX2|AVX512]
Thread count: 4 physical cores, 8 logical processors, using up to 8 threads

Non-default parameters:
LogToConsole  0

Optimize a model with 5142 rows, 7197 columns and 18460 nonzeros (Min)
Model fingerprint: 0xe895b864
Model has 2031 linear objective coefficients and an objective constant of 1.2801267540385945e+07
Model has 973 quadratic objective terms
Coefficient statistics:
  Matrix range     [1e+00, 1e+04]
  Objective range  [9e+00, 1e+06]
  QObjective range [2e+04, 2e+04]
  Bounds range     [2e-06, 1e+04]
  RHS range        [2e-06, 8e+00]

Presolve removed 3670 rows and 4175 columns
Presolve time: 0.02s
Presolved: 1472 rows, 3022 columns, 8989 nonzeros
Presolved model has 899 quadratic objective terms
Ordering time: 0.00s

Barrier statistics:
 AA' NZ     : 1.792e+04
 Factor NZ  : 4.721e+04 (roughly 2 MB of memory)
 Factor Ops : 1.920e+06 (less than 1 second per iteration)
 Threads    : 1

                  Objective                Residual
Iter       Primal          Dual         Primal    Dual     Compl     Time
   0   6.39923855e+12 -6.84355494e+11  7.25e+03 5.34e+03  5.33e+06     0s
   1   1.80031330e+12 -2.12613094e+11  2.15e+03 1.58e+03  1.61e+06     0s
   2   2.63257255e+11 -1.67056500e+11  3.21e+02 2.37e+02  2.97e+05     0s
   3   1.02049253e+11 -1.25820344e+11  1.25e+02 9.22e+01  1.20e+05     0s
   4   1.08917913e+10 -8.69967337e+10  1.40e+01 1.03e+01  2.66e+04     0s
   5   1.67771049e+09 -4.12293581e+10  2.67e+00 1.96e+00  9.34e+03     0s
   6   6.82808473e+08 -2.51641877e+10  1.22e+00 8.97e-01  5.40e+03     0s
   7   4.06236170e+08 -1.52385293e+10  5.68e-01 4.19e-01  3.12e+03     0s
   8   3.27140567e+08 -1.29040965e+10  4.20e-01 3.09e-01  2.61e+03     0s
   9   1.10081548e+08 -4.60138270e+09  6.84e-02 5.04e-02  8.41e+02     0s
  10   6.77148919e+07 -1.25125115e+09  1.77e-02 1.30e-02  2.25e+02     0s
  11   3.27967365e+07 -4.17700601e+08  4.66e-04 3.43e-04  7.42e+01     0s
  12   1.00870009e+07 -7.31448840e+07  1.57e-05 1.16e-05  1.37e+01     0s
  13   1.22644967e+06 -5.26832546e+06  2.23e-07 1.64e-07  1.07e+00     0s
  14   3.54129859e+05 -6.52510017e+05  2.31e-08 1.70e-08  1.65e-01     0s
  15   1.54581667e+05  9.52066872e+04  3.50e-08 2.50e-10  9.76e-03     0s
  16   1.28010526e+05  1.22504370e+05  3.75e-07 9.87e-12  9.05e-04     0s
  17   1.25270011e+05  1.25005656e+05  1.08e-06 1.05e-11  4.34e-05     0s
  18   1.25192399e+05  1.25192016e+05  1.08e-07 1.31e-11  6.15e-08     0s
  19   1.25192279e+05  1.25192279e+05  1.06e-10 2.29e-11  6.15e-11     0s

Barrier solved model in 19 iterations and 0.07 seconds (0.04 work units)
Optimal objective 1.25192279e+05


User-callback calls 74, time in user-callback 0.00 sec

Gurobi 13.0.2 (win64) logging started Wed Jul 15 14:28:00 2026

Set parameter LogFile to value "C:\Users\ehsanno\DataspellProjects\Spanish_Power_System\results\GoRES\ipopt_logs\2024-07-08_h02.log"

Gurobi 13.0.2 (win64) logging started Wed Jul 15 14:28:00 2026

Set parameter LogFile to value "C:\Users\ehsanno\DataspellProjects\Spanish_Power_System\results\GoRES\ipopt_logs\2024-07-08_h02.log"
Gurobi Optimizer version 13.0.2 build v13.0.2rc1 (win64 - Windows 11+.0 (26200.2))

CPU model: 11th Gen Intel(R) Core(TM) i5-1145G7 @ 2.60GHz, instruction set [SSE2|AVX|AVX2|AVX512]
Thread count: 4 physical cores, 8 logical processors, using up to 8 threads

Non-default parameters:
LogToConsole  0

Optimize a model with 5142 rows, 7197 columns and 18460 nonzeros (Min)
Model fingerprint: 0x367ab29c
Model has 2031 linear objective coefficients and an objective constant of 1.2801267540385945e+07
Model has 973 quadratic objective terms
Coefficient statistics:
  Matrix range     [1e+00, 1e+04]
  Objective range  [9e+00, 1e+06]
  QObjective range [2e+04, 2e+04]
  Bounds range     [2e-06, 1e+04]
  RHS range        [2e-06, 8e+00]

Presolve removed 3666 rows and 4168 columns
Presolve time: 0.02s
Presolved: 1476 rows, 3029 columns, 8928 nonzeros
Presolved model has 899 quadratic objective terms
Ordering time: 0.00s

Barrier statistics:
 AA' NZ     : 1.769e+04
 Factor NZ  : 4.668e+04 (roughly 2 MB of memory)
 Factor Ops : 1.847e+06 (less than 1 second per iteration)
 Threads    : 1

                  Objective                Residual
Iter       Primal          Dual         Primal    Dual     Compl     Time
   0   4.91080748e+12 -5.21107277e+11  6.25e+03 3.32e+03  3.30e+06     0s
   1   1.37510235e+12 -9.65274039e+10  1.87e+03 9.95e+02  1.01e+06     0s
   2   2.32172875e+11 -5.81878265e+10  3.25e+02 1.72e+02  2.23e+05     0s
   3   1.13514297e+10 -4.23889943e+10  1.62e+01 8.63e+00  1.69e+04     0s
   4   2.71862824e+09 -2.38228036e+10  4.11e+00 2.19e+00  6.30e+03     0s
   5   8.66717613e+08 -1.15253398e+10  1.48e+00 7.84e-01  2.60e+03     0s
   6   3.46541246e+08 -6.84966956e+09  6.56e-01 3.49e-01  1.45e+03     0s
   7   2.21418708e+08 -4.62403319e+09  3.77e-01 2.00e-01  9.39e+02     0s
   8   1.50883377e+08 -3.06268437e+09  2.07e-01 1.10e-01  6.03e+02     0s
   9   6.22915808e+07 -1.09313807e+09  1.96e-02 1.04e-02  1.96e+02     0s
  10   2.79079388e+07 -3.54180822e+08  3.94e-03 2.09e-03  6.34e+01     0s
  11   8.63154833e+06 -7.14678612e+07  5.34e-04 2.83e-04  1.32e+01     0s
  12   1.97902249e+06 -3.95441735e+06  1.37e-05 7.30e-06  9.73e-01     0s
  13   1.12439895e+06  7.73761782e+05  1.74e-08 9.23e-09  5.75e-02     0s
  14   1.01807579e+06  9.78813221e+05  9.87e-09 1.08e-11  6.44e-03     0s
  15   1.00618686e+06  9.97111886e+05  3.19e-08 1.35e-11  1.49e-03     0s
  16   1.00519329e+06  1.00231484e+06  9.03e-08 1.35e-11  4.72e-04     0s
  17   1.00500375e+06  1.00373686e+06  6.85e-07 1.25e-11  2.08e-04     0s
  18   1.00482268e+06  1.00472638e+06  4.55e-08 1.09e-11  1.58e-05     0s
  19   1.00480737e+06  1.00480135e+06  1.18e-07 7.22e-12  9.88e-07     0s
  20   1.00480638e+06  1.00480624e+06  2.21e-08 1.70e-11  2.45e-08     0s
  21   1.00480635e+06  1.00480635e+06  4.57e-09 6.38e-12  1.73e-10     0s

Barrier solved model in 21 iterations and 0.06 seconds (0.04 work units)
Optimal objective 1.00480635e+06


User-callback calls 75, time in user-callback 0.00 sec

Gurobi 13.0.2 (win64) logging started Wed Jul 15 14:31:08 2026

Set parameter LogFile to value "C:\Users\ehsanno\DataspellProjects\Spanish_Power_System\results\GoRES\ipopt_logs\2024-07-08_h02.log"

Gurobi 13.0.2 (win64) logging started Wed Jul 15 14:31:08 2026

Set parameter LogFile to value "C:\Users\ehsanno\DataspellProjects\Spanish_Power_System\results\GoRES\ipopt_logs\2024-07-08_h02.log"
Gurobi Optimizer version 13.0.2 build v13.0.2rc1 (win64 - Windows 11+.0 (26200.2))

CPU model: 11th Gen Intel(R) Core(TM) i5-1145G7 @ 2.60GHz, instruction set [SSE2|AVX|AVX2|AVX512]
Thread count: 4 physical cores, 8 logical processors, using up to 8 threads

Non-default parameters:
LogToConsole  0

Optimize a model with 5142 rows, 7197 columns and 18460 nonzeros (Min)
Model fingerprint: 0xa16c32d3
Model has 2031 linear objective coefficients and an objective constant of 1.2801292701199995e+07
Model has 973 quadratic objective terms
Coefficient statistics:
  Matrix range     [1e+00, 1e+04]
  Objective range  [9e+00, 1e+06]
  QObjective range [2e+04, 2e+04]
  Bounds range     [2e-06, 1e+04]
  RHS range        [2e-06, 8e+00]

Presolve removed 3672 rows and 4176 columns
Presolve time: 0.01s
Presolved: 1470 rows, 3021 columns, 8927 nonzeros
Presolved model has 899 quadratic objective terms
Ordering time: 0.00s

Barrier statistics:
 AA' NZ     : 1.770e+04
 Factor NZ  : 4.733e+04 (roughly 2 MB of memory)
 Factor Ops : 1.928e+06 (less than 1 second per iteration)
 Threads    : 1

                  Objective                Residual
Iter       Primal          Dual         Primal    Dual     Compl     Time
   0   5.11767236e+12 -5.49567890e+11  6.50e+03 3.60e+03  3.59e+06     0s
   1   1.42648982e+12 -1.15970445e+11  1.93e+03 1.07e+03  1.09e+06     0s
   2   2.29214436e+11 -7.92139198e+10  3.19e+02 1.77e+02  2.30e+05     0s
   3   3.02191792e+10 -5.45916021e+10  4.26e+01 2.36e+01  3.56e+04     0s
   4   5.45446958e+09 -2.96547736e+10  8.03e+00 4.46e+00  9.38e+03     0s
   5   1.13145525e+09 -1.39786745e+10  1.99e+00 1.10e+00  3.28e+03     0s
   6   6.98014370e+08 -1.16333634e+10  1.31e+00 7.24e-01  2.66e+03     0s
   7   3.48631733e+08 -7.43241541e+09  6.73e-01 3.73e-01  1.60e+03     0s
   8   2.99408978e+08 -6.41372538e+09  5.30e-01 2.94e-01  1.36e+03     0s
   9   1.69386002e+08 -3.42864337e+09  2.54e-01 1.41e-01  6.93e+02     0s
  10   8.68799278e+07 -1.75075750e+09  5.77e-02 3.20e-02  3.26e+02     0s
  11   3.92272338e+07 -5.39718414e+08  1.16e-02 6.41e-03  9.78e+01     0s
  12   9.98442658e+06 -9.34050958e+07  1.69e-04 9.36e-05  1.70e+01     0s
  13   1.28244857e+06 -5.01809336e+06  5.58e-07 3.09e-07  1.04e+00     0s
  14   2.76736468e+05 -2.15720508e+05  4.32e-09 2.39e-09  8.10e-02     0s
  15   1.50294773e+05  9.23519723e+04  2.13e-08 6.93e-11  9.53e-03     0s
  16   1.28664519e+05  1.21776560e+05  7.18e-08 1.43e-11  1.13e-03     0s
  17   1.25289529e+05  1.24999522e+05  3.00e-07 1.36e-11  4.77e-05     0s
  18   1.25192914e+05  1.25188050e+05  8.49e-07 1.84e-11  8.24e-07     0s
  19   1.25192914e+05  1.25188052e+05  1.26e-06 1.23e-11  8.23e-07     0s
  20   1.25193215e+05  1.25187884e+05  1.53e-05 1.06e-11  7.38e-07     0s
  21   1.25192367e+05  1.25191184e+05  8.08e-06 8.45e-12  7.45e-10     0s
  22   1.25192366e+05  1.25191186e+05  6.91e-06 1.03e-11  3.06e-10     0s
  23   1.25192366e+05  1.25191186e+05  5.06e-06 7.37e-12  1.56e-10     0s
  24   1.25192366e+05  1.25191185e+05  1.21e-05 1.08e-11  1.11e-10     0s
  25   1.25192366e+05  1.25191186e+05  5.10e-06 1.64e-11  1.11e-13     0s
  26   1.25192366e+05  1.25191186e+05  8.04e-06 7.35e-12  1.11e-16     0s
  27   1.25192366e+05  1.25191186e+05  8.10e-06 1.46e-11  1.12e-19     0s

Barrier performed 27 iterations in 0.08 seconds (0.06 work units)
Sub-optimal termination - objective 1.25289529e+05


User-callback calls 84, time in user-callback 0.00 sec

Gurobi 13.0.2 (win64) logging started Wed Jul 15 17:24:33 2026

Set parameter LogFile to value "C:\Users\ehsanno\DataspellProjects\Spanish_Power_System\results\GoRES\ipopt_logs\2024-07-08_h02.log"

Gurobi 13.0.2 (win64) logging started Wed Jul 15 17:24:33 2026

Set parameter LogFile to value "C:\Users\ehsanno\DataspellProjects\Spanish_Power_System\results\GoRES\ipopt_logs\2024-07-08_h02.log"
Gurobi Optimizer version 13.0.2 build v13.0.2rc1 (win64 - Windows 11+.0 (26200.2))

CPU model: 11th Gen Intel(R) Core(TM) i5-1145G7 @ 2.60GHz, instruction set [SSE2|AVX|AVX2|AVX512]
Thread count: 4 physical cores, 8 logical processors, using up to 8 threads

Non-default parameters:
LogToConsole  0

Optimize a model with 5146 rows, 7443 columns and 18718 nonzeros (Min)
Model fingerprint: 0x791cda8b
Model has 2199 linear objective coefficients and an objective constant of 1.2930959863983719e+07
Model has 972 quadratic objective terms
Coefficient statistics:
  Matrix range     [1e+00, 1e+04]
  Objective range  [2e-01, 1e+06]
  QObjective range [2e+04, 2e+04]
  Bounds range     [2e-06, 1e+04]
  RHS range        [2e-06, 8e+00]

Presolve removed 10 rows and 197 columns
Presolve time: 0.01s

Barrier solved model in 0 iterations and 0.01 seconds (0.00 work units)
Model is infeasible

User-callback calls 26, time in user-callback 0.00 sec

Gurobi 13.0.2 (win64) logging started Wed Jul 15 17:27:39 2026

Set parameter LogFile to value "C:\Users\ehsanno\DataspellProjects\Spanish_Power_System\results\GoRES\ipopt_logs\2024-07-08_h02.log"

Gurobi 13.0.2 (win64) logging started Wed Jul 15 17:27:39 2026

Set parameter LogFile to value "C:\Users\ehsanno\DataspellProjects\Spanish_Power_System\results\GoRES\ipopt_logs\2024-07-08_h02.log"
Gurobi Optimizer version 13.0.2 build v13.0.2rc1 (win64 - Windows 11+.0 (26200.2))

CPU model: 11th Gen Intel(R) Core(TM) i5-1145G7 @ 2.60GHz, instruction set [SSE2|AVX|AVX2|AVX512]
Thread count: 4 physical cores, 8 logical processors, using up to 8 threads

Non-default parameters:
LogToConsole  0

Optimize a model with 5146 rows, 7443 columns and 18718 nonzeros (Min)
Model fingerprint: 0x7ba5bb8b
Model has 2199 linear objective coefficients and an objective constant of 1.2930954720160015e+07
Model has 972 quadratic objective terms
Coefficient statistics:
  Matrix range     [1e+00, 1e+04]
  Objective range  [4e-01, 1e+06]
  QObjective range [2e+04, 2e+04]
  Bounds range     [2e-06, 1e+04]
  RHS range        [2e-06, 8e+00]

Presolve removed 3645 rows and 4252 columns
Presolve time: 0.02s
Presolved: 1501 rows, 3191 columns, 9185 nonzeros
Presolved model has 898 quadratic objective terms
Ordering time: 0.01s

Barrier statistics:
 AA' NZ     : 1.800e+04
 Factor NZ  : 5.031e+04 (roughly 2 MB of memory)
 Factor Ops : 2.219e+06 (less than 1 second per iteration)
 Threads    : 1

                  Objective                Residual
Iter       Primal          Dual         Primal    Dual     Compl     Time
   0   5.61862298e+12 -1.66205280e+12  7.37e+03 3.76e+04  3.75e+07     0s
   1   1.15343767e+12 -8.41192680e+11  1.62e+03 8.28e+03  8.51e+06     0s
   2   8.97009334e+10 -7.69296034e+11  1.29e+02 6.56e+02  8.27e+05     0s
   3   1.60863846e+10 -4.21613525e+11  2.35e+01 1.20e+02  1.80e+05     0s
   4   2.30720198e+09 -2.33443385e+11  3.67e+00 1.87e+01  5.50e+04     0s
   5   7.66081879e+08 -1.16782860e+11  1.32e+00 6.73e+00  2.46e+04     0s
   6   6.00045557e+08 -9.59545751e+10  9.76e-01 4.98e+00  2.00e+04     0s
   7   5.17069506e+08 -8.16229370e+10  8.20e-01 4.18e+00  1.69e+04     0s
   8   4.81503781e+08 -7.43488565e+10  7.30e-01 3.72e+00  1.56e+04     0s
   9   4.56178739e+08 -6.69264716e+10  6.56e-01 3.35e+00  1.46e+04     0s
  10   4.25334798e+08 -5.79749874e+10  5.92e-01 3.02e+00  1.32e+04     0s
  11   4.02234710e+08 -4.89731511e+10  5.48e-01 2.80e+00  1.21e+04     0s
  12   3.86748057e+08 -3.48319023e+10  5.16e-01 2.63e+00  1.14e+04     0s
  13   3.78843141e+08 -1.87192516e+10  4.98e-01 2.54e+00  1.10e+04     0s
  14   3.75790396e+08 -3.35175353e+09  4.88e-01 2.49e+00  1.07e+04     0s
  15   3.72142997e+08  2.18676018e+10  4.79e-01 2.45e+00  1.05e+04     0s
  16   3.69770050e+08  6.22399104e+10  4.74e-01 2.42e+00  1.03e+04     0s
  17   3.68771981e+08  1.26716219e+11  4.70e-01 2.40e+00  1.02e+04     0s
  18   3.67911383e+08  2.03339425e+11  4.68e-01 2.39e+00  1.02e+04     0s
  19   3.67110031e+08  4.11511167e+11  4.66e-01 1.12e-01  1.02e+04     0s
  20   9.66018025e+13 -4.61326864e+13  7.38e+04 3.76e+04  3.74e+08     0s
  21   1.71129494e+13 -4.36313945e+12  1.98e+04 1.01e+04  1.36e+08     0s
  22   1.43636008e+12 -1.43559580e+12  2.00e+03 1.02e+03  1.78e+07     0s
  23   5.62556188e+10 -1.22323895e+12  8.05e+01 4.11e+01  8.80e+05     0s
  24   6.22515271e+09 -7.36608257e+11  9.10e+00 4.64e+00  2.01e+05     0s
  25   1.05698501e+09 -2.19776349e+11  1.64e+00 8.37e-01  4.66e+04     0s
  26   6.49219729e+08 -1.53320797e+11  9.72e-01 4.96e-01  3.14e+04     0s
  27   5.64143676e+08 -1.34205328e+11  8.22e-01 4.19e-01  2.75e+04     0s
  28   5.09392256e+08 -1.21727598e+11  7.30e-01 3.73e-01  2.55e+04     0s
  29   4.69330331e+08 -1.09475210e+11  6.62e-01 3.38e-01  2.40e+04     0s
  30   4.59359258e+08 -1.05548519e+11  6.45e-01 3.29e-01  2.34e+04     0s
  31   4.48400905e+08 -1.00929755e+11  6.26e-01 3.20e-01  2.27e+04     0s
  32   4.14783311e+08 -8.53591733e+10  5.68e-01 2.90e-01  2.05e+04     0s
  33   3.98461218e+08 -7.29437135e+10  5.40e-01 2.76e-01  1.95e+04     0s
  34   3.87062460e+08 -5.80428169e+10  5.18e-01 2.64e-01  1.86e+04     0s
  35   3.84176632e+08 -4.98381826e+10  5.11e-01 2.61e-01  1.83e+04     0s
  36   3.81124782e+08 -2.89131839e+10  4.99e-01 2.54e-01  1.79e+04     0s
  37   3.78257543e+08 -3.34399946e+09  4.88e-01 2.49e-01  1.74e+04     0s
  38   3.74180883e+08  3.60333984e+10  4.80e-01 2.45e-01  1.71e+04     0s
  39   3.71040330e+08  1.05930454e+11  4.74e-01 2.42e-01  1.68e+04     0s
  40   3.70026071e+08  2.14843798e+11  4.70e-01 2.40e-01  1.67e+04     0s
  41   3.69266488e+08  3.25258534e+11  4.68e-01 2.39e-01  1.67e+04     0s
  42   3.68020805e+08  6.66127194e+11  4.66e-01 2.35e-01  1.66e+04     0s
  43   3.67168384e+08  1.07272610e+12  4.65e-01 2.35e-01  1.67e+04     0s
  44   3.68399722e+08  1.79615279e+12  4.64e-01 2.35e-01  1.70e+04     0s
  45   3.67714853e+08  2.31963230e+12  4.64e-01 2.34e-01  1.72e+04     0s
  46   3.67441412e+08  3.09250571e+12  4.64e-01 2.34e-01  1.75e+04     0s
  47   3.66673667e+08  5.00091663e+12  4.63e-01 2.34e-01  1.82e+04     0s
  48   3.63297917e+08  1.02514204e+13  4.63e-01 2.34e-01  1.97e+04     0s
  49   3.63431804e+08  1.43280080e+13  4.63e-01 2.34e-01  2.10e+04     0s
  50   3.62668399e+08  2.67025015e+13  4.62e-01 2.34e-01  2.43e+04     0s
  51   3.60887330e+08  8.19182847e+13  4.62e-01 2.33e-01  3.29e+04     0s
  52   3.60810982e+08  1.22942225e+14  4.62e-01 2.33e-01  4.03e+04     0s
  53   3.60927623e+08  1.39981953e+14  4.62e-01 2.33e-01  4.33e+04     0s
  54   3.60874866e+08  1.67826123e+14  4.62e-01 2.33e-01  4.83e+04     0s
  55   3.61241649e+08  1.88830294e+14  4.62e-01 2.33e-01  5.20e+04     0s
  56   3.61339458e+08  2.46441979e+14  4.62e-01 2.33e-01  6.18e+04     0s
  57   3.61533732e+08  4.12045033e+14  4.62e-01 2.33e-01  8.79e+04     0s
  58   3.61906808e+08  4.55693995e+14  4.62e-01 2.33e-01  9.48e+04     0s
  59   3.61689101e+08  6.10226341e+14  4.62e-01 2.33e-01  1.18e+05     0s
  60   3.61822199e+08  1.03695720e+15  4.62e-01 2.33e-01  1.79e+05     0s

Barrier performed 60 iterations in 0.18 seconds (0.12 work units)
Numerical trouble encountered

Model may be infeasible or unbounded.  Consider using the
homogeneous algorithm (through parameter 'BarHomogeneous')


User-callback calls 118, time in user-callback 0.00 sec

Gurobi 13.0.2 (win64) logging started Wed Jul 15 17:29:58 2026

Set parameter LogFile to value "C:\Users\ehsanno\DataspellProjects\Spanish_Power_System\results\GoRES\ipopt_logs\2024-07-08_h02.log"

Gurobi 13.0.2 (win64) logging started Wed Jul 15 17:29:58 2026

Set parameter LogFile to value "C:\Users\ehsanno\DataspellProjects\Spanish_Power_System\results\GoRES\ipopt_logs\2024-07-08_h02.log"
Gurobi Optimizer version 13.0.2 build v13.0.2rc1 (win64 - Windows 11+.0 (26200.2))

CPU model: 11th Gen Intel(R) Core(TM) i5-1145G7 @ 2.60GHz, instruction set [SSE2|AVX|AVX2|AVX512]
Thread count: 4 physical cores, 8 logical processors, using up to 8 threads

Non-default parameters:
LogToConsole  0

Optimize a model with 5146 rows, 7443 columns and 18718 nonzeros (Min)
Model fingerprint: 0x3063ad6a
Model has 2199 linear objective coefficients and an objective constant of 1.2930954720160015e+07
Model has 972 quadratic objective terms
Coefficient statistics:
  Matrix range     [1e+00, 1e+04]
  Objective range  [4e-01, 1e+06]
  QObjective range [2e+04, 2e+04]
  Bounds range     [2e-06, 1e+04]
  RHS range        [2e-06, 8e+00]

Presolve removed 3657 rows and 4265 columns
Presolve time: 0.02s
Presolved: 1489 rows, 3178 columns, 9176 nonzeros
Presolved model has 898 quadratic objective terms
Ordering time: 0.01s

Barrier statistics:
 AA' NZ     : 1.787e+04
 Factor NZ  : 5.004e+04 (roughly 2 MB of memory)
 Factor Ops : 2.225e+06 (less than 1 second per iteration)
 Threads    : 1

                  Objective                Residual
Iter       Primal          Dual         Primal    Dual     Compl     Time
   0   5.70708900e+12 -2.04426862e+12  7.75e+03 3.76e+04  3.76e+07     0s
   1   1.22648722e+12 -1.11211687e+12  1.78e+03 8.65e+03  8.90e+06     0s
   2   1.14581103e+11 -9.60346820e+11  1.70e+02 8.26e+02  1.01e+06     0s
   3   1.82950503e+10 -5.24320577e+11  2.78e+01 1.35e+02  2.07e+05     0s
   4   2.46361389e+09 -2.96032122e+11  4.14e+00 2.01e+01  6.82e+04     0s
   5   9.97074467e+08 -1.63184054e+11  1.84e+00 8.93e+00  3.45e+04     0s
   6   5.84092104e+08 -1.09198904e+11  9.49e-01 4.61e+00  2.21e+04     0s
   7   3.92055726e+08 -7.05903927e+10  5.72e-01 2.78e+00  1.38e+04     0s
   8   1.94840509e+08 -4.39564398e+10  2.28e-01 1.10e+00  8.15e+03     0s
   9   9.21072641e+07 -4.80634271e+09  1.53e-02 7.41e-02  8.09e+02     0s
  10   7.03358173e+07 -8.47550057e+08  1.56e-03 7.58e-03  1.45e+02     0s
  11   4.40906612e+07 -4.71990786e+08  6.03e-04 2.93e-03  8.10e+01     0s
  12   1.42951229e+07 -1.43293938e+08  2.76e-09 2.93e-09  2.46e+01     0s
  13   2.43875170e+06 -1.49157009e+07  5.45e-10 9.46e-11  2.71e+00     0s
  14   4.45698582e+05 -1.05054810e+06  1.38e-09 2.37e-11  2.34e-01     0s
  15   2.17869099e+05 -8.81881077e+04  2.33e-10 4.83e-12  4.78e-02     0s
  16   1.45071142e+05  9.65871472e+04  1.87e-09 5.37e-12  7.58e-03     0s
  17   1.30243291e+05  1.22911596e+05  3.13e-08 7.87e-12  1.15e-03     0s
  18   1.27606297e+05  1.27262825e+05  4.91e-08 1.05e-11  5.37e-05     0s
  19   1.27497370e+05  1.27481028e+05  3.40e-09 1.32e-11  2.55e-06     0s
  20   1.27496421e+05  1.27483324e+05  3.13e-07 6.66e-12  2.06e-06     0s
  21   1.27496173e+05  1.27483958e+05  5.16e-07 1.09e-11  1.93e-06     0s
  22   1.27495083e+05  1.27486628e+05  4.61e-07 9.58e-12  1.35e-06     0s
  23   1.27493990e+05  1.27489306e+05  1.04e-06 6.88e-12  7.78e-07     0s
  24   1.27493810e+05  1.27489747e+05  2.22e-06 4.94e-12  6.83e-07     0s
  25   1.27492511e+05  1.27492924e+05  1.43e-06 8.89e-12  7.58e-10     0s
  26   1.27492511e+05  1.27492926e+05  1.72e-06 4.60e-12  3.63e-10     0s
  27   1.27492510e+05  1.27492928e+05  8.99e-07 1.48e-11  3.64e-13     0s
  28   1.27492510e+05  1.27492928e+05  1.26e-06 4.06e-12  1.21e-13     0s
  29   1.27492510e+05  1.27492928e+05  1.73e-06 6.05e-12  4.42e-14     0s
  30   1.27492510e+05  1.27492928e+05  2.06e-06 1.47e-11  1.98e-15     0s
  31   1.27492510e+05  1.27492928e+05  2.26e-06 7.28e-12  1.98e-18     0s

Barrier performed 31 iterations in 0.11 seconds (0.07 work units)
Sub-optimal termination - objective 1.27497370e+05


User-callback calls 81, time in user-callback 0.00 sec

Gurobi 13.0.2 (win64) logging started Wed Jul 15 18:00:23 2026

Set parameter LogFile to value "C:\Users\ehsanno\DataspellProjects\Spanish_Power_System\results\GoRES\ipopt_logs\2024-07-08_h02.log"

Gurobi 13.0.2 (win64) logging started Wed Jul 15 18:00:23 2026

Set parameter LogFile to value "C:\Users\ehsanno\DataspellProjects\Spanish_Power_System\results\GoRES\ipopt_logs\2024-07-08_h02.log"
Gurobi Optimizer version 13.0.2 build v13.0.2rc1 (win64 - Windows 11+.0 (26200.2))

CPU model: 11th Gen Intel(R) Core(TM) i5-1145G7 @ 2.60GHz, instruction set [SSE2|AVX|AVX2|AVX512]
Thread count: 4 physical cores, 8 logical processors, using up to 8 threads

Non-default parameters:
LogToConsole  0

Optimize a model with 5146 rows, 7443 columns and 18718 nonzeros (Min)
Model fingerprint: 0x275165f5
Model has 2199 linear objective coefficients and an objective constant of 1.2930954720160015e+07
Model has 972 quadratic objective terms
Coefficient statistics:
  Matrix range     [1e+00, 1e+04]
  Objective range  [4e-01, 1e+06]
  QObjective range [2e+04, 2e+04]
  Bounds range     [2e-06, 1e+04]
  RHS range        [2e-06, 8e+00]

Presolve removed 3653 rows and 4260 columns
Presolve time: 0.01s
Presolved: 1493 rows, 3183 columns, 9201 nonzeros
Presolved model has 898 quadratic objective terms
Ordering time: 0.01s

Barrier statistics:
 AA' NZ     : 1.786e+04
 Factor NZ  : 4.886e+04 (roughly 2 MB of memory)
 Factor Ops : 2.090e+06 (less than 1 second per iteration)
 Threads    : 1

                  Objective                Residual
Iter       Primal          Dual         Primal    Dual     Compl     Time
   0   6.44035086e+12 -2.36752870e+12  7.50e+03 3.76e+04  3.76e+07     0s
   1   1.44386149e+12 -1.34571091e+12  1.78e+03 8.95e+03  9.23e+06     0s
   2   1.54636519e+11 -1.13542740e+12  1.95e+02 9.78e+02  1.20e+06     0s
   3   2.29719150e+10 -5.85177491e+11  2.96e+01 1.49e+02  2.29e+05     0s
   4   3.59794545e+09 -2.57168803e+11  5.11e+00 2.56e+01  6.07e+04     0s
   5   1.14218552e+09 -1.17680468e+11  1.83e+00 9.20e+00  2.49e+04     0s
   6   7.68132358e+08 -8.88137755e+10  1.14e+00 5.71e+00  1.83e+04     0s
   7   4.01075678e+08 -4.67059613e+10  5.36e-01 2.69e+00  9.13e+03     0s
   8   2.44034897e+08 -3.52611043e+10  2.81e-01 1.41e+00  6.70e+03     0s
   9   9.00961898e+07 -3.32865126e+09  1.62e-02 8.11e-02  5.69e+02     0s
  10   6.52530467e+07 -8.35816894e+08  2.32e-03 1.16e-02  1.43e+02     0s
  11   4.15383681e+07 -5.33157844e+08  8.87e-04 4.45e-03  9.03e+01     0s
  12   1.23623200e+07 -1.33502478e+08  2.62e-09 4.45e-09  2.28e+01     0s
  13   1.94935856e+06 -1.00138659e+07  3.00e-09 4.73e-11  1.87e+00     0s
  14   3.64554898e+05 -5.60444865e+05  2.90e-09 2.18e-11  1.44e-01     0s
  15   1.68060054e+05  4.30953702e+04  1.95e-09 2.06e-11  1.95e-02     0s
  16   1.35127600e+05  1.14393688e+05  5.88e-09 2.95e-11  3.24e-03     0s
  17   1.28560466e+05  1.25780178e+05  3.81e-08 1.36e-11  4.34e-04     0s
  18   1.27620957e+05  1.27266755e+05  2.04e-08 9.59e-12  5.53e-05     0s
  19   1.27501557e+05  1.27474768e+05  5.65e-09 1.55e-11  4.18e-06     0s
  20   1.27501523e+05  1.27474835e+05  2.71e-07 1.65e-11  4.17e-06     0s
  21   1.27499468e+05  1.27475556e+05  1.12e-07 2.93e-11  3.73e-06     0s
  22   1.27498692e+05  1.27477501e+05  2.45e-07 6.15e-12  3.32e-06     0s
  23   1.27498430e+05  1.27478158e+05  4.30e-07 5.19e-12  3.17e-06     0s
  24   1.27496551e+05  1.27482862e+05  8.76e-07 1.48e-11  2.17e-06     0s
  25   1.27494564e+05  1.27487839e+05  1.22e-06 5.29e-12  1.10e-06     0s
  26   1.27494264e+05  1.27488592e+05  1.65e-06 1.02e-11  9.40e-07     0s
  27   1.27493580e+05  1.27490303e+05  3.61e-06 6.85e-12  5.74e-07     0s
  28   1.27492511e+05  1.27492982e+05  3.33e-06 6.70e-12  5.77e-10     0s
  29   1.27492510e+05  1.27492984e+05  1.24e-06 1.10e-11  5.78e-13     0s
  30   1.27492510e+05  1.27492984e+05  2.36e-06 2.92e-11  5.78e-16     0s
  31   1.27492510e+05  1.27492984e+05  8.47e-07 1.46e-11  5.78e-19     0s
  32   1.27492510e+05  1.27492984e+05  1.04e-06 7.28e-12  5.79e-22     0s
  33   1.27492510e+05  1.27492984e+05  1.08e-06 1.46e-11  5.80e-25     0s
  34   1.27492510e+05  1.27492984e+05  1.20e-06 7.28e-12  1.45e-27     0s
  35   1.27492510e+05  1.27492984e+05  8.53e-07 7.28e-12  2.10e-27     0s
  36   1.27492510e+05  1.27492984e+05  9.95e-07 3.64e-12  2.62e-27     0s

Barrier solved model in 36 iterations and 0.13 seconds (0.08 work units)
Optimal objective 1.27501557e+05


User-callback calls 86, time in user-callback 0.00 sec

Gurobi 13.0.2 (win64) logging started Thu Jul 16 15:27:14 2026

Set parameter LogFile to value "C:\Users\ehsanno\DataspellProjects\Spanish_Power_System\results\GoRES\ipopt_logs\2024-07-08_h02.log"

Gurobi 13.0.2 (win64) logging started Thu Jul 16 15:27:14 2026

Set parameter LogFile to value "C:\Users\ehsanno\DataspellProjects\Spanish_Power_System\results\GoRES\ipopt_logs\2024-07-08_h02.log"
Gurobi Optimizer version 13.0.2 build v13.0.2rc1 (win64 - Windows 11+.0 (26200.2))

CPU model: 11th Gen Intel(R) Core(TM) i5-1145G7 @ 2.60GHz, instruction set [SSE2|AVX|AVX2|AVX512]
Thread count: 4 physical cores, 8 logical processors, using up to 8 threads

Non-default parameters:
LogToConsole  0

Optimize a model with 5146 rows, 7443 columns and 18718 nonzeros (Min)
Model fingerprint: 0x275165f5
Model has 2199 linear objective coefficients and an objective constant of 1.2930954720160015e+07
Model has 972 quadratic objective terms
Coefficient statistics:
  Matrix range     [1e+00, 1e+04]
  Objective range  [4e-01, 1e+06]
  QObjective range [2e+04, 2e+04]
  Bounds range     [2e-06, 1e+04]
  RHS range        [2e-06, 8e+00]

Presolve removed 3653 rows and 4260 columns
Presolve time: 0.02s
Presolved: 1493 rows, 3183 columns, 9201 nonzeros
Presolved model has 898 quadratic objective terms
Ordering time: 0.00s

Barrier statistics:
 AA' NZ     : 1.786e+04
 Factor NZ  : 4.886e+04 (roughly 2 MB of memory)
 Factor Ops : 2.090e+06 (less than 1 second per iteration)
 Threads    : 1

                  Objective                Residual
Iter       Primal          Dual         Primal    Dual     Compl     Time
   0   6.44035086e+12 -2.36752870e+12  7.50e+03 3.76e+04  3.76e+07     0s
   1   1.44386149e+12 -1.34571091e+12  1.78e+03 8.95e+03  9.23e+06     0s
   2   1.54636519e+11 -1.13542740e+12  1.95e+02 9.78e+02  1.20e+06     0s
   3   2.29719150e+10 -5.85177491e+11  2.96e+01 1.49e+02  2.29e+05     0s
   4   3.59794545e+09 -2.57168803e+11  5.11e+00 2.56e+01  6.07e+04     0s
   5   1.14218552e+09 -1.17680468e+11  1.83e+00 9.20e+00  2.49e+04     0s
   6   7.68132358e+08 -8.88137755e+10  1.14e+00 5.71e+00  1.83e+04     0s
   7   4.01075678e+08 -4.67059613e+10  5.36e-01 2.69e+00  9.13e+03     0s
   8   2.44034897e+08 -3.52611043e+10  2.81e-01 1.41e+00  6.70e+03     0s
   9   9.00961898e+07 -3.32865126e+09  1.62e-02 8.11e-02  5.69e+02     0s
  10   6.52530467e+07 -8.35816894e+08  2.32e-03 1.16e-02  1.43e+02     0s
  11   4.15383681e+07 -5.33157844e+08  8.87e-04 4.45e-03  9.03e+01     0s
  12   1.23623200e+07 -1.33502478e+08  2.62e-09 4.45e-09  2.28e+01     0s
  13   1.94935856e+06 -1.00138659e+07  3.00e-09 4.73e-11  1.87e+00     0s
  14   3.64554898e+05 -5.60444865e+05  2.90e-09 2.18e-11  1.44e-01     0s
  15   1.68060054e+05  4.30953702e+04  1.95e-09 2.06e-11  1.95e-02     0s
  16   1.35127600e+05  1.14393688e+05  5.88e-09 2.95e-11  3.24e-03     0s
  17   1.28560466e+05  1.25780178e+05  3.81e-08 1.36e-11  4.34e-04     0s
  18   1.27620957e+05  1.27266755e+05  2.04e-08 9.59e-12  5.53e-05     0s
  19   1.27501557e+05  1.27474768e+05  5.65e-09 1.55e-11  4.18e-06     0s
  20   1.27501523e+05  1.27474835e+05  2.71e-07 1.65e-11  4.17e-06     0s
  21   1.27499468e+05  1.27475556e+05  1.12e-07 2.93e-11  3.73e-06     0s
  22   1.27498692e+05  1.27477501e+05  2.45e-07 6.15e-12  3.32e-06     0s
  23   1.27498430e+05  1.27478158e+05  4.30e-07 5.19e-12  3.17e-06     0s
  24   1.27496551e+05  1.27482862e+05  8.76e-07 1.48e-11  2.17e-06     0s
  25   1.27494564e+05  1.27487839e+05  1.22e-06 5.29e-12  1.10e-06     0s
  26   1.27494264e+05  1.27488592e+05  1.65e-06 1.02e-11  9.40e-07     0s
  27   1.27493580e+05  1.27490303e+05  3.61e-06 6.85e-12  5.74e-07     0s
  28   1.27492511e+05  1.27492982e+05  3.33e-06 6.70e-12  5.77e-10     0s
  29   1.27492510e+05  1.27492984e+05  1.24e-06 1.10e-11  5.78e-13     0s
  30   1.27492510e+05  1.27492984e+05  2.36e-06 2.92e-11  5.78e-16     0s
  31   1.27492510e+05  1.27492984e+05  8.47e-07 1.46e-11  5.78e-19     0s
  32   1.27492510e+05  1.27492984e+05  1.04e-06 7.28e-12  5.79e-22     0s
  33   1.27492510e+05  1.27492984e+05  1.08e-06 1.46e-11  5.80e-25     0s
  34   1.27492510e+05  1.27492984e+05  1.20e-06 7.28e-12  1.45e-27     0s
  35   1.27492510e+05  1.27492984e+05  8.53e-07 7.28e-12  2.10e-27     0s
  36   1.27492510e+05  1.27492984e+05  9.95e-07 3.64e-12  2.62e-27     0s

Barrier solved model in 36 iterations and 0.12 seconds (0.08 work units)
Optimal objective 1.27501557e+05


User-callback calls 102, time in user-callback 0.00 sec

Gurobi 13.0.2 (win64) logging started Thu Jul 16 16:07:49 2026

Set parameter LogFile to value "C:\Users\ehsanno\DataspellProjects\Spanish_Power_System\results\GoRES\ipopt_logs\2024-07-08_h02.log"

Gurobi 13.0.2 (win64) logging started Thu Jul 16 16:07:49 2026

Set parameter LogFile to value "C:\Users\ehsanno\DataspellProjects\Spanish_Power_System\results\GoRES\ipopt_logs\2024-07-08_h02.log"
Gurobi Optimizer version 13.0.2 build v13.0.2rc1 (win64 - Windows 11+.0 (26200.2))

CPU model: 11th Gen Intel(R) Core(TM) i5-1145G7 @ 2.60GHz, instruction set [SSE2|AVX|AVX2|AVX512]
Thread count: 4 physical cores, 8 logical processors, using up to 8 threads

Non-default parameters:
LogToConsole  0

Optimize a model with 5146 rows, 7859 columns and 19134 nonzeros (Min)
Model fingerprint: 0xda470d0d
Model has 2458 linear objective coefficients and an objective constant of 1.3265467163504839e+07
Model has 1482 quadratic objective terms
Coefficient statistics:
  Matrix range     [1e+00, 1e+04]
  Objective range  [2e-01, 1e+06]
  QObjective range [2e+04, 2e+04]
  Bounds range     [2e-06, 1e+04]
  RHS range        [2e-06, 8e+00]

Presolve removed 3638 rows and 4151 columns
Presolve time: 0.02s
Presolved: 1508 rows, 3708 columns, 9804 nonzeros
Presolved model has 1408 quadratic objective terms
Ordering time: 0.00s

Barrier statistics:
 AA' NZ     : 1.775e+04
 Factor NZ  : 4.819e+04 (roughly 2 MB of memory)
 Factor Ops : 2.014e+06 (less than 1 second per iteration)
 Threads    : 1

                  Objective                Residual
Iter       Primal          Dual         Primal    Dual     Compl     Time
   0   7.07762339e+12 -2.69510389e+12  8.06e+03 3.76e+04  3.76e+07     0s
   1   1.56676897e+12 -1.42910518e+12  1.94e+03 9.05e+03  9.32e+06     0s
   2   1.63829669e+11 -1.17890456e+12  2.08e+02 9.73e+02  1.16e+06     0s
   3   2.47232080e+10 -5.94850973e+11  3.22e+01 1.50e+02  2.17e+05     0s
   4   1.64674994e+10 -4.66209509e+11  2.17e+01 1.01e+02  1.50e+05     0s
   5   6.66275124e+09 -3.24261737e+11  9.01e+00 4.20e+01  8.32e+04     0s
   6   1.26891084e+09 -1.16681043e+11  2.02e+00 9.40e+00  2.28e+04     0s
   7   3.98254008e+08 -5.36069576e+10  5.20e-01 2.43e+00  9.09e+03     0s
   8   2.28597773e+08 -3.60999381e+10  2.57e-01 1.20e+00  5.87e+03     0s
   9   1.02301852e+08 -3.52254661e+09  1.55e-02 7.23e-02  5.16e+02     0s
  10   6.98177632e+07 -1.04608182e+09  4.31e-03 2.01e-02  1.54e+02     0s
  11   4.13942473e+07 -5.40073261e+08  1.18e-03 5.53e-03  7.88e+01     0s
  12   9.40721076e+06 -8.71540366e+07  2.56e-06 1.20e-05  1.29e+01     0s
  13   1.06641199e+06 -4.31774486e+06  3.71e-08 1.73e-07  7.20e-01     0s
  14   3.27553340e+05 -5.80147222e+05  3.79e-09 1.77e-08  1.21e-01     0s
  15   1.54661786e+05  5.83537718e+04  3.54e-09 1.10e-10  1.29e-02     0s
  16   1.31855674e+05  1.13886211e+05  4.16e-08 1.86e-11  2.40e-03     0s
  17   1.28594924e+05  1.23263769e+05  7.08e-08 1.33e-11  7.12e-04     0s
  18   1.27146885e+05  1.25721544e+05  4.49e-09 1.20e-11  1.90e-04     0s
  19   1.26715867e+05  1.26653724e+05  1.11e-08 1.34e-11  8.31e-06     0s
  20   1.26698508e+05  1.26690381e+05  2.05e-08 1.51e-11  1.09e-06     0s
  21   1.26696162e+05  1.26695884e+05  1.73e-08 3.11e-11  3.71e-08     0s
  22   1.26696089e+05  1.26696089e+05  4.60e-09 1.20e-11  3.79e-11     0s

Barrier solved model in 22 iterations and 0.07 seconds (0.05 work units)
Optimal objective 1.26696089e+05


User-callback calls 75, time in user-callback 0.00 sec

Gurobi 13.0.2 (win64) logging started Thu Jul 16 16:15:06 2026

Set parameter LogFile to value "C:\Users\ehsanno\DataspellProjects\Spanish_Power_System\results\GoRES\ipopt_logs\2024-07-08_h02.log"

Gurobi 13.0.2 (win64) logging started Thu Jul 16 16:15:06 2026

Set parameter LogFile to value "C:\Users\ehsanno\DataspellProjects\Spanish_Power_System\results\GoRES\ipopt_logs\2024-07-08_h02.log"
Gurobi Optimizer version 13.0.2 build v13.0.2rc1 (win64 - Windows 11+.0 (26200.2))

CPU model: 11th Gen Intel(R) Core(TM) i5-1145G7 @ 2.60GHz, instruction set [SSE2|AVX|AVX2|AVX512]
Thread count: 4 physical cores, 8 logical processors, using up to 8 threads

Non-default parameters:
LogToConsole  0

Optimize a model with 5146 rows, 7859 columns and 19134 nonzeros (Min)
Model fingerprint: 0xc8452e37
Model has 2458 linear objective coefficients and an objective constant of 1.3265467163504839e+07
Model has 1482 quadratic objective terms
Coefficient statistics:
  Matrix range     [1e+00, 1e+04]
  Objective range  [2e-01, 1e+06]
  QObjective range [2e+04, 2e+04]
  Bounds range     [2e-06, 1e+04]
  RHS range        [2e-06, 8e+00]

Presolve removed 3636 rows and 4145 columns
Presolve time: 0.02s
Presolved: 1510 rows, 3714 columns, 9764 nonzeros
Presolved model has 1408 quadratic objective terms
Ordering time: 0.00s

Barrier statistics:
 AA' NZ     : 1.800e+04
 Factor NZ  : 4.770e+04 (roughly 2 MB of memory)
 Factor Ops : 1.956e+06 (less than 1 second per iteration)
 Threads    : 1

                  Objective                Residual
Iter       Primal          Dual         Primal    Dual     Compl     Time
   0   5.62339214e+12 -1.51999732e+12  8.00e+03 3.81e+04  3.79e+07     0s
   1   1.05186201e+12 -6.23300991e+11  1.67e+03 7.94e+03  8.16e+06     0s
   2   7.41780104e+10 -6.40639425e+11  1.21e+02 5.75e+02  7.60e+05     0s
   3   1.14976318e+10 -4.33117664e+11  1.90e+01 9.04e+01  1.56e+05     0s
   4   3.11096014e+09 -2.48119745e+11  5.32e+00 2.53e+01  5.99e+04     0s
   5   1.35301663e+09 -1.35341226e+11  2.36e+00 1.12e+01  2.83e+04     0s
   6   3.60981341e+08 -5.84031340e+10  5.73e-01 2.73e+00  1.01e+04     0s
   7   2.25749349e+08 -3.30384866e+10  2.75e-01 1.31e+00  5.37e+03     0s
   8   1.35211111e+08 -1.80429163e+10  3.75e-02 1.79e-01  2.58e+03     0s
   9   1.03987119e+08 -2.33278733e+09  2.77e-03 1.32e-02  3.31e+02     0s
  10   5.65469064e+07 -9.64065705e+08  2.84e-04 1.35e-03  1.37e+02     0s
  11   1.83828714e+07 -2.02031204e+08  3.14e-05 1.50e-04  2.94e+01     0s
  12   3.42930956e+06 -2.57012687e+07  1.57e-06 7.49e-06  3.89e+00     0s
  13   7.24976331e+05 -3.10816140e+06  1.52e-07 7.25e-07  5.11e-01     0s
  14   2.87761007e+05 -5.41618022e+05  2.57e-08 1.22e-07  1.11e-01     0s
  15   1.58002655e+05  2.78172562e+04  2.06e-09 9.80e-09  1.74e-02     0s
  16   1.31652800e+05  1.20682594e+05  9.44e-09 2.47e-10  1.46e-03     0s
  17   1.29266887e+05  1.26738642e+05  3.12e-08 4.46e-11  3.37e-04     0s
  18   1.28423489e+05  1.27586713e+05  2.42e-09 1.05e-11  1.12e-04     0s
  19   1.28206511e+05  1.28112492e+05  4.10e-09 1.79e-11  1.25e-05     0s
  20   1.28181587e+05  1.28169310e+05  4.27e-09 1.94e-11  1.64e-06     0s
  21   1.28177944e+05  1.28177499e+05  8.19e-10 9.15e-12  5.93e-08     0s
  22   1.28177830e+05  1.28177829e+05  2.35e-10 8.71e-12  6.02e-11     0s

Barrier solved model in 22 iterations and 0.08 seconds (0.05 work units)
Optimal objective 1.28177830e+05


User-callback calls 79, time in user-callback 0.00 sec

Gurobi 13.0.2 (win64) logging started Thu Jul 16 16:23:35 2026

Set parameter LogFile to value "C:\Users\ehsanno\DataspellProjects\Spanish_Power_System\results\GoRES\ipopt_logs\2024-07-08_h02.log"

Gurobi 13.0.2 (win64) logging started Thu Jul 16 16:23:35 2026

Set parameter LogFile to value "C:\Users\ehsanno\DataspellProjects\Spanish_Power_System\results\GoRES\ipopt_logs\2024-07-08_h02.log"
Gurobi Optimizer version 13.0.2 build v13.0.2rc1 (win64 - Windows 11+.0 (26200.2))

CPU model: 11th Gen Intel(R) Core(TM) i5-1145G7 @ 2.60GHz, instruction set [SSE2|AVX|AVX2|AVX512]
Thread count: 4 physical cores, 8 logical processors, using up to 8 threads

Non-default parameters:
LogToConsole  0

Optimize a model with 5146 rows, 7859 columns and 19134 nonzeros (Min)
Model fingerprint: 0x2809553f
Model has 2438 linear objective coefficients and an objective constant of 1.3265458842800010e+07
Model has 1482 quadratic objective terms
Coefficient statistics:
  Matrix range     [1e+00, 1e+04]
  Objective range  [4e-01, 1e+06]
  QObjective range [2e+04, 2e+04]
  Bounds range     [2e-06, 1e+04]
  RHS range        [2e-06, 8e+00]

Presolve removed 3640 rows and 4146 columns
Presolve time: 0.02s
Presolved: 1506 rows, 3713 columns, 9742 nonzeros
Presolved model has 1408 quadratic objective terms
Ordering time: 0.00s

Barrier statistics:
 AA' NZ     : 1.782e+04
 Factor NZ  : 4.898e+04 (roughly 3 MB of memory)
 Factor Ops : 2.121e+06 (less than 1 second per iteration)
 Threads    : 1

                  Objective                Residual
Iter       Primal          Dual         Primal    Dual     Compl     Time
   0   4.63684764e+12 -1.56082577e+12  8.50e+03 4.00e+04  3.98e+07     0s
   1   1.04853231e+12 -6.96292639e+11  2.18e+03 1.02e+04  1.05e+07     0s
   2   1.15389403e+11 -7.18288048e+11  2.49e+02 1.17e+03  1.48e+06     0s
   3   9.41971538e+09 -4.80706102e+11  2.07e+01 9.73e+01  1.68e+05     0s
   4   3.29760227e+09 -3.40650181e+11  7.42e+00 3.49e+01  8.70e+04     0s
   5   9.43581421e+08 -1.53736521e+11  2.21e+00 1.04e+01  3.06e+04     0s
   6   5.06440676e+08 -1.10473560e+11  1.02e+00 4.82e+00  2.00e+04     0s
   7   2.50461041e+08 -4.94118320e+10  3.54e-01 1.66e+00  8.10e+03     0s
   8   1.64965460e+08 -2.19619445e+10  1.35e-01 6.33e-01  3.39e+03     0s
   9   1.23520418e+08 -8.61142682e+09  1.84e-02 8.65e-02  1.21e+03     0s
  10   9.41712114e+07 -2.21124339e+09  4.45e-03 2.09e-02  3.14e+02     0s
  11   5.07300518e+07 -7.88899743e+08  1.84e-04 8.66e-04  1.12e+02     0s
  12   1.37408729e+07 -7.22611954e+07  2.09e-06 9.84e-06  1.15e+01     0s
  13   6.36537002e+06 -3.10855054e+07  8.60e-07 4.04e-06  5.00e+00     0s
  14   1.83016283e+06 -1.24637471e+07  8.61e-09 3.42e-11  1.91e+00     0s
  15   7.45358162e+05 -2.53952548e+06  4.28e-09 1.65e-11  4.38e-01     0s
  16   6.00280969e+05 -1.82319220e+06  3.39e-09 1.06e-11  3.23e-01     0s
  17   3.20234398e+05  1.86126078e+05  8.70e-09 1.97e-11  1.79e-02     0s
  18   2.89136678e+05  2.63133035e+05  3.76e-08 1.55e-11  3.47e-03     0s
  19   2.85299770e+05  2.73153615e+05  2.07e-08 1.71e-11  1.62e-03     0s
  20   2.83315793e+05  2.78625694e+05  2.80e-08 1.30e-11  6.26e-04     0s
  21   2.82265461e+05  2.81733107e+05  6.01e-08 1.24e-11  7.10e-05     0s
  22   2.82144452e+05  2.82073716e+05  5.21e-08 7.46e-12  9.39e-06     0s
  23   2.82125978e+05  2.82122449e+05  7.63e-08 6.36e-12  4.38e-07     0s
  24   2.82124809e+05  2.82124817e+05  3.62e-07 2.71e-11  8.80e-09     0s

Barrier solved model in 24 iterations and 0.07 seconds (0.05 work units)
Optimal objective 2.82124809e+05


User-callback calls 79, time in user-callback 0.00 sec

Gurobi 13.0.2 (win64) logging started Mon Jul 20 15:54:06 2026

Set parameter LogFile to value "C:\Users\ehsanno\DataspellProjects\Spanish_Power_System\results\GoRES\ipopt_logs\2024-07-08_h02.log"

Gurobi 13.0.2 (win64) logging started Mon Jul 20 15:54:06 2026

Set parameter LogFile to value "C:\Users\ehsanno\DataspellProjects\Spanish_Power_System\results\GoRES\ipopt_logs\2024-07-08_h02.log"
Gurobi Optimizer version 13.0.2 build v13.0.2rc1 (win64 - Windows 11+.0 (26200.2))

CPU model: 11th Gen Intel(R) Core(TM) i5-1145G7 @ 2.60GHz, instruction set [SSE2|AVX|AVX2|AVX512]
Thread count: 4 physical cores, 8 logical processors, using up to 8 threads

Non-default parameters:
LogToConsole  0

Optimize a model with 5146 rows, 8031 columns and 19306 nonzeros (Min)
Model fingerprint: 0x18df3639
Model has 2609 linear objective coefficients and an objective constant of 1.8690324309822030e+07
Model has 1660 quadratic objective terms
Coefficient statistics:
  Matrix range     [1e+00, 1e+04]
  Objective range  [1e-07, 1e+06]
  QObjective range [2e+04, 2e+04]
  Bounds range     [8e-07, 1e+04]
  RHS range        [2e-06, 8e+00]

Presolve removed 3648 rows and 4152 columns
Presolve time: 0.02s
Presolved: 1498 rows, 3879 columns, 9856 nonzeros
Presolved model has 1586 quadratic objective terms
Ordering time: 0.01s

Barrier statistics:
 AA' NZ     : 1.777e+04
 Factor NZ  : 4.726e+04 (roughly 3 MB of memory)
 Factor Ops : 1.941e+06 (less than 1 second per iteration)
 Threads    : 1

                  Objective                Residual
Iter       Primal          Dual         Primal    Dual     Compl     Time
   0   4.09123712e+12 -5.12274690e+12  8.45e+03 4.09e+07  4.14e+10     0s
   1   1.30910653e+12 -3.98586830e+12  2.71e+03 1.31e+07  1.38e+10     0s
   2   2.06820411e+11 -2.62816839e+12  4.29e+02 2.07e+06  2.53e+09     0s
   3   1.56061209e+10 -1.13346830e+12  3.27e+01 1.58e+05  2.99e+08     0s
   4   2.42542871e+09 -5.05695693e+11  5.28e+00 2.56e+04  8.97e+07     0s
   5   7.79615969e+08 -2.06667023e+11  1.69e+00 8.16e+03  3.33e+07     0s
   6   3.01991644e+08 -9.12441178e+10  4.62e-01 2.24e+03  1.37e+07     0s
   7   2.08291241e+08 -5.37976137e+10  2.26e-01 1.09e+03  7.91e+06     0s
   8   1.40821970e+08 -1.65639842e+10  5.27e-02 2.55e+02  2.34e+06     0s
   9   1.11680937e+08 -2.87596322e+09  7.63e-03 3.69e+01  4.02e+05     0s
  10   6.98182362e+07 -1.55440597e+09  2.03e-03 9.81e+00  2.15e+05     0s
  11   3.16153428e+07 -5.60673833e+08  3.36e-04 1.63e+00  7.76e+04     0s
  12   9.93558879e+06 -1.14233087e+08  7.16e-09 1.63e-06  1.62e+04     0s
  13   1.36760665e+06 -6.34296162e+06  2.69e-09 3.54e-08  1.01e+03     0s
  14   3.57543761e+05 -3.99285571e+05  1.14e-09 1.21e-08  9.89e+01     0s
  15   2.29746876e+05  3.68487060e+04  1.45e-08 9.55e-09  2.52e+01     0s
  16   1.90644798e+05  1.42007443e+05  8.44e-08 1.23e-08  6.35e+00     0s
  17   1.79001898e+05  1.73560785e+05  3.62e-07 3.25e-08  7.11e-01     0s
  18   1.77871369e+05  1.76002247e+05  3.11e-07 1.45e-08  2.44e-01     0s
  19   1.77458635e+05  1.76401485e+05  4.77e-07 1.13e-08  1.38e-01     0s
  20   1.77333478e+05  1.76553729e+05  1.99e-07 1.89e-08  1.02e-01     0s
  21   1.77241811e+05  1.76672736e+05  1.32e-07 9.81e-09  7.44e-02     0s
  22   1.77177010e+05  1.76758898e+05  4.19e-07 4.13e-09  5.46e-02     0s
  23   1.77077486e+05  1.76939786e+05  7.44e-07 1.71e-08  1.80e-02     0s
  24   1.77063844e+05  1.76961227e+05  4.79e-07 1.55e-08  1.34e-02     0s
  25   1.77033615e+05  1.77023788e+05  3.95e-07 1.40e-08  1.29e-03     0s
  26   1.77030515e+05  1.77030045e+05  5.32e-07 2.32e-08  6.33e-05     0s
  27   1.77030392e+05  1.77030371e+05  1.39e-08 9.51e-09  2.74e-06     0s
  28   1.77030385e+05  1.77030385e+05  1.39e-07 8.36e-09  2.84e-09     0s

Barrier solved model in 28 iterations and 0.12 seconds (0.06 work units)
Optimal objective 1.77030385e+05


User-callback calls 98, time in user-callback 0.00 sec

Gurobi 13.0.2 (win64) logging started Mon Jul 20 15:56:36 2026

Set parameter LogFile to value "C:\Users\ehsanno\DataspellProjects\Spanish_Power_System\results\GoRES\ipopt_logs\2024-07-08_h02.log"

Gurobi 13.0.2 (win64) logging started Mon Jul 20 15:56:36 2026

Set parameter LogFile to value "C:\Users\ehsanno\DataspellProjects\Spanish_Power_System\results\GoRES\ipopt_logs\2024-07-08_h02.log"
Gurobi Optimizer version 13.0.2 build v13.0.2rc1 (win64 - Windows 11+.0 (26200.2))

CPU model: 11th Gen Intel(R) Core(TM) i5-1145G7 @ 2.60GHz, instruction set [SSE2|AVX|AVX2|AVX512]
Thread count: 4 physical cores, 8 logical processors, using up to 8 threads

Non-default parameters:
LogToConsole  0

Optimize a model with 5146 rows, 8031 columns and 19306 nonzeros (Min)
Model fingerprint: 0x6c0396b6
Model has 2421 linear objective coefficients and an objective constant of 2.3362895394700002e+07
Model has 1660 quadratic objective terms
Coefficient statistics:
  Matrix range     [1e+00, 1e+04]
  Objective range  [4e-01, 1e+06]
  QObjective range [2e+04, 2e+04]
  Bounds range     [8e-07, 1e+04]
  RHS range        [2e-06, 8e+00]

Presolve removed 3648 rows and 4152 columns
Presolve time: 0.03s
Presolved: 1498 rows, 3879 columns, 9856 nonzeros
Presolved model has 1586 quadratic objective terms
Ordering time: 0.01s

Barrier statistics:
 AA' NZ     : 1.777e+04
 Factor NZ  : 4.726e+04 (roughly 3 MB of memory)
 Factor Ops : 1.941e+06 (less than 1 second per iteration)
 Threads    : 1

                  Objective                Residual
Iter       Primal          Dual         Primal    Dual     Compl     Time
   0   4.33844746e+12 -1.25962683e+12  8.69e+03 4.00e+04  3.98e+07     0s
   1   1.33115603e+12 -8.40434687e+11  2.78e+03 1.28e+04  1.31e+07     0s
   2   2.04259458e+11 -7.94856398e+11  4.34e+02 1.99e+03  2.27e+06     0s
   3   1.64171003e+10 -6.12707903e+11  3.53e+01 1.62e+02  2.47e+05     0s
   4   2.39751434e+09 -3.45041318e+11  5.36e+00 2.46e+01  7.03e+04     0s
   5   7.49385593e+08 -1.46099449e+11  1.66e+00 7.64e+00  2.56e+04     0s
   6   2.99546458e+08 -6.78550064e+10  4.69e-01 2.16e+00  1.07e+04     0s
   7   2.00467987e+08 -3.87102904e+10  2.11e-01 9.70e-01  5.83e+03     0s
   8   1.41448587e+08 -1.29237739e+10  5.17e-02 2.38e-01  1.84e+03     0s
   9   1.12554223e+08 -2.77758025e+09  9.90e-03 4.55e-02  3.92e+02     0s
  10   6.83484725e+07 -1.30113194e+09  1.98e-03 9.12e-03  1.80e+02     0s
  11   2.92054838e+07 -4.68253902e+08  2.69e-04 1.24e-03  6.40e+01     0s
  12   6.89417225e+06 -5.40724889e+07  2.41e-06 1.11e-05  7.78e+00     0s
  13   8.06378910e+05 -2.45440491e+06  4.59e-09 2.11e-08  4.16e-01     0s
  14   3.25126278e+05 -2.84336289e+05  2.44e-09 2.12e-10  7.78e-02     0s
  15   2.30716128e+05  1.09208280e+05  2.23e-08 2.83e-11  1.55e-02     0s
  16   2.07529637e+05  1.86259704e+05  1.16e-07 2.41e-11  2.71e-03     0s
  17   2.05223419e+05  1.94259523e+05  9.04e-08 1.06e-11  1.40e-03     0s
  18   2.03471347e+05  1.98738955e+05  7.13e-07 1.52e-11  6.04e-04     0s
  19   2.02809601e+05  2.01034606e+05  1.95e-07 1.45e-11  2.26e-04     0s
  20   2.02471400e+05  2.02314389e+05  2.79e-07 1.43e-11  2.00e-05     0s
  21   2.02436573e+05  2.02416586e+05  1.38e-08 2.24e-11  2.55e-06     0s
  22   2.02431651e+05  2.02428186e+05  5.32e-08 1.10e-11  4.42e-07     0s
  23   2.02430710e+05  2.02430263e+05  5.85e-07 9.37e-12  5.20e-08     0s
  24   2.02430567e+05  2.02430485e+05  5.95e-08 1.64e-11  1.05e-08     0s
  25   2.02430549e+05  2.02430532e+05  5.60e-09 1.14e-11  2.11e-09     0s

Barrier solved model in 25 iterations and 0.13 seconds (0.06 work units)
Optimal objective 2.02430549e+05


User-callback calls 91, time in user-callback 0.00 sec

Gurobi 13.0.2 (win64) logging started Mon Jul 20 15:58:22 2026

Set parameter LogFile to value "C:\Users\ehsanno\DataspellProjects\Spanish_Power_System\results\GoRES\ipopt_logs\2024-07-08_h02.log"

Gurobi 13.0.2 (win64) logging started Mon Jul 20 15:58:22 2026

Set parameter LogFile to value "C:\Users\ehsanno\DataspellProjects\Spanish_Power_System\results\GoRES\ipopt_logs\2024-07-08_h02.log"
Gurobi Optimizer version 13.0.2 build v13.0.2rc1 (win64 - Windows 11+.0 (26200.2))

CPU model: 11th Gen Intel(R) Core(TM) i5-1145G7 @ 2.60GHz, instruction set [SSE2|AVX|AVX2|AVX512]
Thread count: 4 physical cores, 8 logical processors, using up to 8 threads

Non-default parameters:
LogToConsole  0

Optimize a model with 5146 rows, 8031 columns and 19306 nonzeros (Min)
Model fingerprint: 0xcecbe9c6
Model has 2421 linear objective coefficients and an objective constant of 2.8035474473640002e+07
Model has 1660 quadratic objective terms
Coefficient statistics:
  Matrix range     [1e+00, 1e+04]
  Objective range  [4e-01, 1e+06]
  QObjective range [2e+04, 2e+04]
  Bounds range     [8e-07, 1e+04]
  RHS range        [2e-06, 8e+00]

Presolve removed 3648 rows and 4152 columns
Presolve time: 0.06s
Presolved: 1498 rows, 3879 columns, 9856 nonzeros
Presolved model has 1586 quadratic objective terms
Ordering time: 0.02s

Barrier statistics:
 AA' NZ     : 1.777e+04
 Factor NZ  : 4.726e+04 (roughly 3 MB of memory)
 Factor Ops : 1.941e+06 (less than 1 second per iteration)
 Threads    : 1

                  Objective                Residual
Iter       Primal          Dual         Primal    Dual     Compl     Time
   0   4.38803818e+12 -1.30907813e+12  8.69e+03 4.00e+04  3.98e+07     0s
   1   1.33621556e+12 -8.45360716e+11  2.78e+03 1.28e+04  1.31e+07     0s
   2   2.04379133e+11 -7.94839562e+11  4.34e+02 1.99e+03  2.27e+06     0s
   3   1.64208091e+10 -6.12615605e+11  3.53e+01 1.62e+02  2.47e+05     0s
   4   2.39962255e+09 -3.45014879e+11  5.36e+00 2.46e+01  7.03e+04     0s
   5   7.52573690e+08 -1.46230742e+11  1.66e+00 7.65e+00  2.57e+04     0s
   6   3.02445068e+08 -6.78715291e+10  4.69e-01 2.16e+00  1.07e+04     0s
   7   2.03416605e+08 -3.87332626e+10  2.11e-01 9.70e-01  5.84e+03     0s
   8   1.44472045e+08 -1.29491530e+10  5.18e-02 2.38e-01  1.85e+03     0s
   9   1.16202145e+08 -3.11642155e+09  1.13e-02 5.19e-02  4.40e+02     0s
  10   7.40551188e+07 -1.50585634e+09  2.63e-03 1.21e-02  2.09e+02     0s
  11   3.18195353e+07 -5.22812358e+08  3.08e-04 1.42e-03  7.15e+01     0s
  12   8.05013059e+06 -6.79022897e+07  7.23e-07 3.33e-06  9.69e+00     0s
  13   9.56798280e+05 -3.10541682e+06  4.36e-09 6.32e-09  5.18e-01     0s
  14   3.76594217e+05 -3.16207577e+05  3.51e-09 2.67e-10  8.84e-02     0s
  15   2.78427729e+05  9.61644348e+04  7.89e-09 6.08e-11  2.33e-02     0s
  16   2.41455339e+05  1.93378562e+05  8.67e-08 1.83e-11  6.13e-03     0s
  17   2.33318607e+05  2.14866956e+05  7.64e-08 1.45e-11  2.35e-03     0s
  18   2.28964891e+05  2.23549029e+05  3.06e-07 1.01e-11  6.91e-04     0s
  19   2.28066872e+05  2.27087141e+05  7.94e-07 1.66e-11  1.25e-04     0s
  20   2.27816710e+05  2.27644255e+05  2.71e-07 5.86e-12  2.20e-05     0s
  21   2.27770286e+05  2.27761592e+05  3.81e-07 1.45e-11  1.11e-06     0s
  22   2.27767406e+05  2.27766304e+05  5.90e-08 1.01e-11  1.40e-07     0s
  23   2.27767200e+05  2.27766891e+05  2.58e-08 1.23e-11  3.92e-08     0s
  24   2.27767135e+05  2.27767077e+05  2.00e-08 9.61e-12  7.39e-09     0s

Barrier solved model in 24 iterations and 0.18 seconds (0.06 work units)
Optimal objective 2.27767135e+05


User-callback calls 97, time in user-callback 0.00 sec
