This is Ipopt version 3.14.19, running with linear solver ma57.

Number of nonzeros in equality constraint Jacobian...:    13682
Number of nonzeros in inequality constraint Jacobian.:     3120
Number of nonzeros in Lagrangian Hessian.............:      899

Total number of variables............................:     5539
                     variables with only lower bounds:        0
                variables with lower and upper bounds:     4303
                     variables with only upper bounds:        0
Total number of equality constraints.................:     3582
Total number of inequality constraints...............:     1560
        inequality constraints with only lower bounds:        0
   inequality constraints with lower and upper bounds:     1560
        inequality constraints with only upper bounds:        0

iter    objective    inf_pr   inf_du lg(mu)  ||d||  lg(rg) alpha_du alpha_pr  ls
   0  1.1568167e+07 1.78e+01 8.46e+01  -1.0 0.00e+00    -  0.00e+00 0.00e+00   0
   1  1.1567864e+07 1.78e+01 8.42e+01  -1.0 3.75e+01    -  1.11e-02 2.21e-05f  1
   2  8.9696020e+06 1.74e+01 8.42e+01  -1.0 1.86e+01    -  1.41e-03 1.71e-02f  1
   3  8.8781515e+06 1.68e+01 8.35e+01  -1.0 1.42e+01  -4.0 1.29e-02 3.55e-02f  1
   4  8.0028235e+06 1.60e+01 8.11e+01  -1.0 1.42e+01  -4.5 3.17e-02 5.02e-02f  1
   5  6.9291300e+06 1.42e+01 7.34e+01  -1.0 1.41e+01  -5.0 9.76e-02 1.12e-01f  1
   6  4.0920607e+06 9.99e+00 4.23e+01  -1.0 1.27e+01  -5.4 4.05e-01 2.96e-01f  1
   7  1.4918738e+06 1.23e-01 2.13e+01  -1.0 9.03e+00  -5.9 5.78e-01 9.88e-01f  1
   8  1.3397265e+06 2.94e-13 2.44e-01  -1.0 6.22e-01  -6.4 9.89e-01 1.00e+00f  1
   9  1.3662084e+06 4.94e-13 1.62e-03  -1.0 1.03e-01  -6.9 9.94e-01 1.00e+00f  1
iter    objective    inf_pr   inf_du lg(mu)  ||d||  lg(rg) alpha_du alpha_pr  ls
  10  4.7982696e+05 2.69e-10 1.46e-11  -1.7 5.77e-01    -  1.00e+00 1.00e+00f  1
  11  2.0799894e+05 4.36e-13 2.63e-02  -2.5 1.28e+00    -  8.51e-01 1.00e+00f  1
  12  1.4717737e+05 2.48e-13 2.86e-02  -3.8 1.07e+00    -  7.16e-01 9.37e-01f  1
  13  1.3190788e+05 2.95e-13 1.23e-02  -3.8 4.16e-01    -  8.37e-01 1.00e+00f  1
  14  1.2814579e+05 1.46e-11 3.09e-09  -3.8 6.75e-02  -7.3 1.00e+00 1.00e+00f  1
  15  1.2492548e+05 4.09e-13 1.45e-03  -5.7 4.28e-02  -7.8 7.82e-01 9.83e-01f  1
  16  1.2477425e+05 4.42e-13 1.84e-14  -5.7 3.26e-03    -  1.00e+00 1.00e+00f  1
  17  1.2473640e+05 4.01e-13 5.26e-07  -8.6 1.56e-02    -  9.91e-01 1.00e+00f  1
WARNING: Problem in step computation; switching to emergency mode.

Number of Iterations....: 17

                                   (scaled)                 (unscaled)
Objective...............:   1.2473639710924756e+01    1.2473639710924755e+05
Dual infeasibility......:   5.2601389118143903e-07    5.2601389118143906e-03
Constraint violation....:   1.1041943401910129e-14    4.0073500073845030e-13
Variable bound violation:   1.4220206701054394e-07    1.4220206701054394e-07
Complementarity.........:   1.9713131776228310e-08    1.9713131776228309e-04
Overall NLP error.......:   5.2601389118143903e-07    5.2601389118143906e-03


Number of objective function evaluations             = 18
Number of objective gradient evaluations             = 18
Number of equality constraint evaluations            = 18
Number of inequality constraint evaluations          = 18
Number of equality constraint Jacobian evaluations   = 1
Number of inequality constraint Jacobian evaluations = 1
Number of Lagrangian Hessian evaluations             = 1
Total seconds in IPOPT                               = 0.129

EXIT: Solved To Acceptable Level.

Gurobi 13.0.2 (win64) logging started Wed Jul 15 11:53:21 2026

Set parameter LogFile to value "C:\Users\ehsanno\DataspellProjects\Spanish_Power_System\results\GoRES\ipopt_logs\2024-07-08_h07.log"

Gurobi 13.0.2 (win64) logging started Wed Jul 15 11:53:21 2026

Set parameter LogFile to value "C:\Users\ehsanno\DataspellProjects\Spanish_Power_System\results\GoRES\ipopt_logs\2024-07-08_h07.log"
Gurobi Optimizer version 13.0.2 build v13.0.2rc1 (win64 - Windows 11+.0 (26200.2))

CPU model: 11th Gen Intel(R) Core(TM) i5-1145G7 @ 2.60GHz, instruction set [SSE2|AVX|AVX2|AVX512]
Thread count: 4 physical cores, 8 logical processors, using up to 8 threads

Non-default parameters:
LogToConsole  0

Optimize a model with 5142 rows, 7197 columns and 18460 nonzeros (Min)
Model fingerprint: 0xdf3cb971
Model has 2031 linear objective coefficients and an objective constant of 1.3305294370218230e+07
Model has 973 quadratic objective terms
Coefficient statistics:
  Matrix range     [1e+00, 1e+04]
  Objective range  [9e+00, 1e+06]
  QObjective range [2e+04, 2e+04]
  Bounds range     [6e-11, 1e+04]
  RHS range        [2e-06, 1e+01]

Presolve removed 3669 rows and 4174 columns
Presolve time: 0.02s
Presolved: 1473 rows, 3023 columns, 8990 nonzeros
Presolved model has 899 quadratic objective terms
Ordering time: 0.00s

Barrier statistics:
 AA' NZ     : 1.792e+04
 Factor NZ  : 4.680e+04 (roughly 2 MB of memory)
 Factor Ops : 1.875e+06 (less than 1 second per iteration)
 Threads    : 1

                  Objective                Residual
Iter       Primal          Dual         Primal    Dual     Compl     Time
   0   6.39918659e+12 -6.85447940e+11  7.25e+03 5.34e+03  5.33e+06     0s
   1   1.80022276e+12 -2.13623118e+11  2.15e+03 1.58e+03  1.61e+06     0s
   2   2.63242860e+11 -1.68206861e+11  3.21e+02 2.37e+02  2.98e+05     0s
   3   1.02623099e+11 -1.27034091e+11  1.26e+02 9.27e+01  1.21e+05     0s
   4   1.09842894e+10 -8.82856707e+10  1.41e+01 1.04e+01  2.68e+04     0s
   5   1.70662621e+09 -4.29324379e+10  2.68e+00 1.97e+00  9.61e+03     0s
   6   6.88571918e+08 -2.61939206e+10  1.21e+00 8.88e-01  5.52e+03     0s
   7   4.26870642e+08 -1.63960536e+10  5.87e-01 4.32e-01  3.30e+03     0s
   8   3.24436380e+08 -1.19043347e+10  4.08e-01 3.00e-01  2.34e+03     0s
   9   1.45795788e+08 -6.27697047e+09  1.10e-01 8.09e-02  1.15e+03     0s
  10   8.46886642e+07 -1.72427956e+09  2.89e-02 2.13e-02  3.09e+02     0s
  11   4.17418925e+07 -5.58313253e+08  1.42e-03 1.05e-03  9.90e+01     0s
  12   1.22298690e+07 -8.01824983e+07  2.49e-05 1.84e-05  1.52e+01     0s
  13   1.32437696e+06 -5.17563332e+06  2.57e-07 1.89e-07  1.07e+00     0s
  14   3.59747681e+05 -5.68458198e+05  1.78e-08 1.31e-08  1.52e-01     0s
  15   1.57512749e+05  8.99267622e+04  4.15e-08 1.25e-10  1.11e-02     0s
  16   1.28033778e+05  1.21836421e+05  4.68e-07 1.63e-11  1.02e-03     0s
  17   1.24814973e+05  1.24642389e+05  6.20e-07 1.06e-11  2.84e-05     0s
  18   1.24746976e+05  1.24746796e+05  3.88e-08 1.34e-11  2.91e-08     0s
  19   1.24746903e+05  1.24746903e+05  3.83e-11 1.14e-11  2.91e-11     0s

Barrier solved model in 19 iterations and 0.07 seconds (0.04 work units)
Optimal objective 1.24746903e+05


User-callback calls 73, time in user-callback 0.00 sec

Gurobi 13.0.2 (win64) logging started Wed Jul 15 12:00:39 2026

Set parameter LogFile to value "C:\Users\ehsanno\DataspellProjects\Spanish_Power_System\results\GoRES\ipopt_logs\2024-07-08_h07.log"

Gurobi 13.0.2 (win64) logging started Wed Jul 15 12:00:39 2026

Set parameter LogFile to value "C:\Users\ehsanno\DataspellProjects\Spanish_Power_System\results\GoRES\ipopt_logs\2024-07-08_h07.log"
Gurobi Optimizer version 13.0.2 build v13.0.2rc1 (win64 - Windows 11+.0 (26200.2))

CPU model: 11th Gen Intel(R) Core(TM) i5-1145G7 @ 2.60GHz, instruction set [SSE2|AVX|AVX2|AVX512]
Thread count: 4 physical cores, 8 logical processors, using up to 8 threads

Non-default parameters:
LogToConsole  0

Optimize a model with 5142 rows, 7197 columns and 18460 nonzeros (Min)
Model fingerprint: 0xdf3cb971
Model has 2031 linear objective coefficients and an objective constant of 1.3305294370218230e+07
Model has 973 quadratic objective terms
Coefficient statistics:
  Matrix range     [1e+00, 1e+04]
  Objective range  [9e+00, 1e+06]
  QObjective range [2e+04, 2e+04]
  Bounds range     [6e-11, 1e+04]
  RHS range        [2e-06, 1e+01]

Presolve removed 3669 rows and 4174 columns
Presolve time: 0.01s
Presolved: 1473 rows, 3023 columns, 8990 nonzeros
Presolved model has 899 quadratic objective terms
Ordering time: 0.00s

Barrier statistics:
 AA' NZ     : 1.792e+04
 Factor NZ  : 4.680e+04 (roughly 2 MB of memory)
 Factor Ops : 1.875e+06 (less than 1 second per iteration)
 Threads    : 1

                  Objective                Residual
Iter       Primal          Dual         Primal    Dual     Compl     Time
   0   6.39918659e+12 -6.85447940e+11  7.25e+03 5.34e+03  5.33e+06     0s
   1   1.80022276e+12 -2.13623118e+11  2.15e+03 1.58e+03  1.61e+06     0s
   2   2.63242860e+11 -1.68206861e+11  3.21e+02 2.37e+02  2.98e+05     0s
   3   1.02623099e+11 -1.27034091e+11  1.26e+02 9.27e+01  1.21e+05     0s
   4   1.09842894e+10 -8.82856707e+10  1.41e+01 1.04e+01  2.68e+04     0s
   5   1.70662621e+09 -4.29324379e+10  2.68e+00 1.97e+00  9.61e+03     0s
   6   6.88571918e+08 -2.61939206e+10  1.21e+00 8.88e-01  5.52e+03     0s
   7   4.26870642e+08 -1.63960536e+10  5.87e-01 4.32e-01  3.30e+03     0s
   8   3.24436380e+08 -1.19043347e+10  4.08e-01 3.00e-01  2.34e+03     0s
   9   1.45795788e+08 -6.27697047e+09  1.10e-01 8.09e-02  1.15e+03     0s
  10   8.46886642e+07 -1.72427956e+09  2.89e-02 2.13e-02  3.09e+02     0s
  11   4.17418925e+07 -5.58313253e+08  1.42e-03 1.05e-03  9.90e+01     0s
  12   1.22298690e+07 -8.01824983e+07  2.49e-05 1.84e-05  1.52e+01     0s
  13   1.32437696e+06 -5.17563332e+06  2.57e-07 1.89e-07  1.07e+00     0s
  14   3.59747681e+05 -5.68458198e+05  1.78e-08 1.31e-08  1.52e-01     0s
  15   1.57512749e+05  8.99267622e+04  4.15e-08 1.25e-10  1.11e-02     0s
  16   1.28033778e+05  1.21836421e+05  4.68e-07 1.63e-11  1.02e-03     0s
  17   1.24814973e+05  1.24642389e+05  6.20e-07 1.06e-11  2.84e-05     0s
  18   1.24746976e+05  1.24746796e+05  3.88e-08 1.34e-11  2.91e-08     0s
  19   1.24746903e+05  1.24746903e+05  3.83e-11 1.14e-11  2.91e-11     0s

Barrier solved model in 19 iterations and 0.05 seconds (0.04 work units)
Optimal objective 1.24746903e+05


User-callback calls 66, time in user-callback 0.00 sec

Gurobi 13.0.2 (win64) logging started Wed Jul 15 12:15:55 2026

Set parameter LogFile to value "C:\Users\ehsanno\DataspellProjects\Spanish_Power_System\results\GoRES\ipopt_logs\2024-07-08_h07.log"

Gurobi 13.0.2 (win64) logging started Wed Jul 15 12:15:55 2026

Set parameter LogFile to value "C:\Users\ehsanno\DataspellProjects\Spanish_Power_System\results\GoRES\ipopt_logs\2024-07-08_h07.log"
Gurobi Optimizer version 13.0.2 build v13.0.2rc1 (win64 - Windows 11+.0 (26200.2))

CPU model: 11th Gen Intel(R) Core(TM) i5-1145G7 @ 2.60GHz, instruction set [SSE2|AVX|AVX2|AVX512]
Thread count: 4 physical cores, 8 logical processors, using up to 8 threads

Non-default parameters:
LogToConsole  0

Optimize a model with 5142 rows, 7197 columns and 18460 nonzeros (Min)
Model fingerprint: 0x0cdd3f9c
Model has 2031 linear objective coefficients and an objective constant of 1.3305294370218230e+07
Model has 973 quadratic objective terms
Coefficient statistics:
  Matrix range     [1e+00, 1e+04]
  Objective range  [9e+00, 1e+06]
  QObjective range [2e+04, 2e+04]
  Bounds range     [2e-06, 1e+04]
  RHS range        [2e-06, 1e+01]

Presolve removed 3669 rows and 4174 columns
Presolve time: 0.01s
Presolved: 1473 rows, 3023 columns, 8990 nonzeros
Presolved model has 899 quadratic objective terms
Ordering time: 0.00s

Barrier statistics:
 AA' NZ     : 1.792e+04
 Factor NZ  : 4.680e+04 (roughly 2 MB of memory)
 Factor Ops : 1.875e+06 (less than 1 second per iteration)
 Threads    : 1

                  Objective                Residual
Iter       Primal          Dual         Primal    Dual     Compl     Time
   0   6.39918654e+12 -6.85447606e+11  7.25e+03 5.34e+03  5.33e+06     0s
   1   1.80021472e+12 -2.13622652e+11  2.15e+03 1.58e+03  1.61e+06     0s
   2   2.63256162e+11 -1.68216928e+11  3.21e+02 2.37e+02  2.98e+05     0s
   3   1.02636704e+11 -1.27048754e+11  1.26e+02 9.27e+01  1.21e+05     0s
   4   1.10172792e+10 -8.83155123e+10  1.42e+01 1.04e+01  2.69e+04     0s
   5   1.71038612e+09 -4.30078355e+10  2.69e+00 1.98e+00  9.63e+03     0s
   6   6.85964307e+08 -2.61657288e+10  1.20e+00 8.86e-01  5.51e+03     0s
   7   4.22194310e+08 -1.62264885e+10  5.76e-01 4.24e-01  3.26e+03     0s
   8   3.28242758e+08 -1.20930051e+10  4.13e-01 3.04e-01  2.38e+03     0s
   9   1.46378975e+08 -6.36715057e+09  1.11e-01 8.14e-02  1.17e+03     0s
  10   8.48596128e+07 -1.72197305e+09  2.86e-02 2.11e-02  3.09e+02     0s
  11   4.22116634e+07 -5.71314468e+08  1.58e-03 1.16e-03  1.01e+02     0s
  12   1.18372080e+07 -7.17369677e+07  7.03e-09 1.22e-09  1.37e+01     0s
  13   1.27017318e+06 -5.03783650e+06  3.16e-09 2.46e-11  1.04e+00     0s
  14   3.51888682e+05 -5.46118334e+05  5.87e-09 9.32e-12  1.48e-01     0s
  15   1.56312669e+05  9.17241179e+04  4.93e-08 1.40e-11  1.06e-02     0s
  16   1.27898013e+05  1.21892697e+05  8.37e-07 1.59e-11  9.87e-04     0s
  17   1.24808708e+05  1.24653608e+05  1.27e-06 1.98e-11  2.55e-05     0s
  18   1.24746973e+05  1.24746807e+05  9.87e-08 9.05e-12  2.63e-08     0s
  19   1.24746903e+05  1.24746903e+05  1.00e-10 1.85e-11  2.63e-11     0s

Barrier solved model in 19 iterations and 0.05 seconds (0.04 work units)
Optimal objective 1.24746903e+05


User-callback calls 68, time in user-callback 0.00 sec

Gurobi 13.0.2 (win64) logging started Wed Jul 15 12:32:08 2026

Set parameter LogFile to value "C:\Users\ehsanno\DataspellProjects\Spanish_Power_System\results\GoRES\ipopt_logs\2024-07-08_h07.log"

Gurobi 13.0.2 (win64) logging started Wed Jul 15 12:32:08 2026

Set parameter LogFile to value "C:\Users\ehsanno\DataspellProjects\Spanish_Power_System\results\GoRES\ipopt_logs\2024-07-08_h07.log"
Gurobi Optimizer version 13.0.2 build v13.0.2rc1 (win64 - Windows 11+.0 (26200.2))

CPU model: 11th Gen Intel(R) Core(TM) i5-1145G7 @ 2.60GHz, instruction set [SSE2|AVX|AVX2|AVX512]
Thread count: 4 physical cores, 8 logical processors, using up to 8 threads

Non-default parameters:
LogToConsole  0

Optimize a model with 5142 rows, 7197 columns and 18460 nonzeros (Min)
Model fingerprint: 0x69448323
Model has 2031 linear objective coefficients and an objective constant of 1.3305299337839985e+07
Model has 973 quadratic objective terms
Coefficient statistics:
  Matrix range     [1e+00, 1e+04]
  Objective range  [9e+00, 1e+06]
  QObjective range [2e+04, 2e+04]
  Bounds range     [2e-06, 1e+04]
  RHS range        [2e-06, 1e+01]

Presolve removed 3669 rows and 4174 columns
Presolve time: 0.01s
Presolved: 1473 rows, 3023 columns, 8990 nonzeros
Presolved model has 899 quadratic objective terms
Ordering time: 0.00s

Barrier statistics:
 AA' NZ     : 1.792e+04
 Factor NZ  : 4.680e+04 (roughly 2 MB of memory)
 Factor Ops : 1.875e+06 (less than 1 second per iteration)
 Threads    : 1

                  Objective                Residual
Iter       Primal          Dual         Primal    Dual     Compl     Time
   0   6.39918654e+12 -6.85447605e+11  7.25e+03 5.34e+03  5.33e+06     0s
   1   1.80021472e+12 -2.13622652e+11  2.15e+03 1.58e+03  1.61e+06     0s
   2   2.63256163e+11 -1.68216928e+11  3.21e+02 2.37e+02  2.98e+05     0s
   3   1.02636705e+11 -1.27048753e+11  1.26e+02 9.27e+01  1.21e+05     0s
   4   1.10172767e+10 -8.83155109e+10  1.42e+01 1.04e+01  2.69e+04     0s
   5   1.71038597e+09 -4.30078302e+10  2.69e+00 1.98e+00  9.63e+03     0s
   6   6.85964346e+08 -2.61657246e+10  1.20e+00 8.86e-01  5.51e+03     0s
   7   4.22194145e+08 -1.62264787e+10  5.76e-01 4.24e-01  3.26e+03     0s
   8   3.28242237e+08 -1.20929788e+10  4.13e-01 3.04e-01  2.38e+03     0s
   9   1.46378719e+08 -6.36712626e+09  1.11e-01 8.14e-02  1.17e+03     0s
  10   8.48596108e+07 -1.72197403e+09  2.86e-02 2.11e-02  3.09e+02     0s
  11   4.22146433e+07 -5.71401801e+08  1.58e-03 1.16e-03  1.01e+02     0s
  12   1.18379687e+07 -7.17401614e+07  9.43e-09 6.95e-09  1.37e+01     0s
  13   1.27027001e+06 -5.03833649e+06  2.16e-09 5.01e-11  1.04e+00     0s
  14   3.51908421e+05 -5.46073872e+05  8.25e-09 8.21e-12  1.48e-01     0s
  15   1.56315828e+05  9.17221576e+04  4.06e-08 8.31e-12  1.06e-02     0s
  16   1.27899110e+05  1.21893523e+05  3.27e-07 9.72e-12  9.87e-04     0s
  17   1.24809526e+05  1.24654812e+05  7.84e-07 1.06e-11  2.54e-05     0s
  18   1.24748182e+05  1.24747299e+05  1.56e-07 9.29e-12  1.48e-07     0s
  19   1.24748087e+05  1.24747342e+05  3.43e-07 1.16e-11  1.37e-07     0s
  20   1.24748008e+05  1.24747378e+05  6.70e-07 1.04e-11  1.27e-07     0s
  21   1.24747836e+05  1.24747457e+05  1.59e-06 1.20e-11  1.05e-07     0s
  22   1.24747604e+05  1.24747563e+05  2.23e-06 1.14e-11  7.64e-08     0s
  23   1.24747375e+05  1.24747667e+05  3.43e-06 7.62e-12  4.78e-08     0s
  24   1.24747292e+05  1.24747705e+05  3.44e-06 6.32e-12  3.75e-08     0s
  25   1.24746990e+05  1.24747842e+05  3.26e-06 2.63e-11  3.76e-11     0s
  26   1.24746990e+05  1.24747842e+05  3.99e-06 1.44e-11  2.73e-11     0s
  27   1.24746990e+05  1.24747842e+05  4.17e-06 8.85e-12  2.73e-14     0s
  28   1.24746990e+05  1.24747842e+05  2.50e-06 1.46e-11  2.73e-17     0s

Barrier performed 28 iterations in 0.10 seconds (0.06 work units)
Sub-optimal termination - objective 1.24748182e+05


User-callback calls 90, time in user-callback 0.00 sec

Gurobi 13.0.2 (win64) logging started Wed Jul 15 14:21:58 2026

Set parameter LogFile to value "C:\Users\ehsanno\DataspellProjects\Spanish_Power_System\results\GoRES\ipopt_logs\2024-07-08_h07.log"

Gurobi 13.0.2 (win64) logging started Wed Jul 15 14:21:58 2026

Set parameter LogFile to value "C:\Users\ehsanno\DataspellProjects\Spanish_Power_System\results\GoRES\ipopt_logs\2024-07-08_h07.log"
Gurobi Optimizer version 13.0.2 build v13.0.2rc1 (win64 - Windows 11+.0 (26200.2))

CPU model: 11th Gen Intel(R) Core(TM) i5-1145G7 @ 2.60GHz, instruction set [SSE2|AVX|AVX2|AVX512]
Thread count: 4 physical cores, 8 logical processors, using up to 8 threads

Non-default parameters:
LogToConsole  0

Optimize a model with 5142 rows, 7197 columns and 18460 nonzeros (Min)
Model fingerprint: 0x216f905c
Model has 2031 linear objective coefficients and an objective constant of 1.3334856596578693e+07
Model has 973 quadratic objective terms
Coefficient statistics:
  Matrix range     [1e+00, 1e+04]
  Objective range  [9e+00, 1e+06]
  QObjective range [2e+04, 2e+04]
  Bounds range     [2e-06, 1e+04]
  RHS range        [2e-06, 1e+01]

Presolve removed 3669 rows and 4174 columns
Presolve time: 0.02s
Presolved: 1473 rows, 3023 columns, 8990 nonzeros
Presolved model has 899 quadratic objective terms
Ordering time: 0.00s

Barrier statistics:
 AA' NZ     : 1.792e+04
 Factor NZ  : 4.680e+04 (roughly 2 MB of memory)
 Factor Ops : 1.875e+06 (less than 1 second per iteration)
 Threads    : 1

                  Objective                Residual
Iter       Primal          Dual         Primal    Dual     Compl     Time
   0   6.39916185e+12 -6.85746167e+11  7.25e+03 5.34e+03  5.33e+06     0s
   1   1.80023378e+12 -2.13913592e+11  2.15e+03 1.58e+03  1.61e+06     0s
   2   2.63238879e+11 -1.68534847e+11  3.21e+02 2.37e+02  2.98e+05     0s
   3   1.02650389e+11 -1.27363199e+11  1.26e+02 9.27e+01  1.21e+05     0s
   4   1.09466860e+10 -8.86273632e+10  1.41e+01 1.03e+01  2.68e+04     0s
   5   1.71431859e+09 -4.32002104e+10  2.68e+00 1.97e+00  9.64e+03     0s
   6   6.72790061e+08 -2.59187679e+10  1.19e+00 8.76e-01  5.43e+03     0s
   7   4.23011425e+08 -1.63170391e+10  5.80e-01 4.27e-01  3.27e+03     0s
   8   3.08747224e+08 -1.12312464e+10  3.79e-01 2.79e-01  2.19e+03     0s
   9   1.40590443e+08 -5.77609691e+09  9.70e-02 7.14e-02  1.05e+03     0s
  10   8.39974162e+07 -1.68043297e+09  2.70e-02 1.98e-02  3.01e+02     0s
  11   3.95551938e+07 -4.81896145e+08  9.03e-04 6.65e-04  8.59e+01     0s
  12   1.05402335e+07 -6.18960095e+07  1.17e-05 8.65e-06  1.19e+01     0s
  13   1.05244412e+06 -3.30433813e+06  1.22e-07 9.01e-08  7.16e-01     0s
  14   3.29963360e+05 -4.74542377e+05  4.52e-08 7.35e-09  1.32e-01     0s
  15   1.53284061e+05  9.66416985e+04  8.28e-08 5.33e-11  9.31e-03     0s
  16   1.27628402e+05  1.22400182e+05  7.74e-07 1.21e-11  8.59e-04     0s
  17   1.24949104e+05  1.24851968e+05  2.24e-07 6.21e-12  1.60e-05     0s
  18   1.24945804e+05  1.24855970e+05  6.07e-07 7.46e-12  1.48e-05     0s
  19   1.24938695e+05  1.24864667e+05  8.09e-07 9.32e-12  1.22e-05     0s
  20   1.24905777e+05  1.24905703e+05  5.90e-09 8.87e-12  1.23e-08     0s
  21   1.24905744e+05  1.24905744e+05  1.20e-12 2.25e-11  1.23e-11     0s

Barrier solved model in 21 iterations and 0.06 seconds (0.05 work units)
Optimal objective 1.24905744e+05


User-callback calls 78, time in user-callback 0.00 sec

Gurobi 13.0.2 (win64) logging started Wed Jul 15 14:28:02 2026

Set parameter LogFile to value "C:\Users\ehsanno\DataspellProjects\Spanish_Power_System\results\GoRES\ipopt_logs\2024-07-08_h07.log"

Gurobi 13.0.2 (win64) logging started Wed Jul 15 14:28:02 2026

Set parameter LogFile to value "C:\Users\ehsanno\DataspellProjects\Spanish_Power_System\results\GoRES\ipopt_logs\2024-07-08_h07.log"
Gurobi Optimizer version 13.0.2 build v13.0.2rc1 (win64 - Windows 11+.0 (26200.2))

CPU model: 11th Gen Intel(R) Core(TM) i5-1145G7 @ 2.60GHz, instruction set [SSE2|AVX|AVX2|AVX512]
Thread count: 4 physical cores, 8 logical processors, using up to 8 threads

Non-default parameters:
LogToConsole  0

Optimize a model with 5142 rows, 7197 columns and 18460 nonzeros (Min)
Model fingerprint: 0x55d65a93
Model has 2031 linear objective coefficients and an objective constant of 1.3334856596578693e+07
Model has 973 quadratic objective terms
Coefficient statistics:
  Matrix range     [1e+00, 1e+04]
  Objective range  [9e+00, 1e+06]
  QObjective range [2e+04, 2e+04]
  Bounds range     [2e-06, 1e+04]
  RHS range        [2e-06, 1e+01]

Presolve removed 3665 rows and 4167 columns
Presolve time: 0.02s
Presolved: 1477 rows, 3030 columns, 8930 nonzeros
Presolved model has 899 quadratic objective terms
Ordering time: 0.00s

Barrier statistics:
 AA' NZ     : 1.769e+04
 Factor NZ  : 4.703e+04 (roughly 2 MB of memory)
 Factor Ops : 1.877e+06 (less than 1 second per iteration)
 Threads    : 1

                  Objective                Residual
Iter       Primal          Dual         Primal    Dual     Compl     Time
   0   4.91072983e+12 -5.21952544e+11  6.25e+03 3.32e+03  3.31e+06     0s
   1   1.37573482e+12 -9.73742158e+10  1.87e+03 9.96e+02  1.01e+06     0s
   2   2.32742492e+11 -5.91687695e+10  3.25e+02 1.73e+02  2.24e+05     0s
   3   1.15945060e+10 -4.32943013e+10  1.66e+01 8.80e+00  1.72e+04     0s
   4   2.89102015e+09 -2.47228072e+10  4.32e+00 2.30e+00  6.52e+03     0s
   5   8.83109286e+08 -1.18321960e+10  1.46e+00 7.76e-01  2.62e+03     0s
   6   4.82877478e+08 -8.77061020e+09  8.24e-01 4.38e-01  1.85e+03     0s
   7   2.38484038e+08 -5.25541718e+09  3.73e-01 1.98e-01  1.04e+03     0s
   8   2.14419486e+08 -4.69702355e+09  3.13e-01 1.66e-01  9.27e+02     0s
   9   1.37113373e+08 -2.74071396e+09  1.50e-01 7.98e-02  5.21e+02     0s
  10   5.45730067e+07 -8.81712270e+08  9.38e-03 4.98e-03  1.56e+02     0s
  11   2.15363730e+07 -2.57550371e+08  1.99e-03 1.06e-03  4.59e+01     0s
  12   3.09654532e+06 -1.57742522e+07  6.11e-05 3.25e-05  3.09e+00     0s
  13   4.49832150e+05 -5.49489024e+05  7.35e-08 3.91e-08  1.64e-01     0s
  14   1.84839543e+05  3.42352671e+04  1.53e-08 1.64e-09  2.47e-02     0s
  15   1.38660608e+05  1.07262249e+05  5.15e-09 2.18e-10  5.15e-03     0s
  16   1.29242614e+05  1.17663551e+05  1.65e-07 2.84e-11  1.90e-03     0s
  17   1.25391527e+05  1.24553980e+05  1.80e-08 9.81e-12  1.37e-04     0s
  18   1.25355079e+05  1.25169827e+05  5.94e-06 9.25e-12  3.04e-05     0s
  19   1.25305633e+05  1.25299207e+05  1.97e-07 9.98e-12  1.05e-06     0s
  20   1.25304323e+05  1.25303992e+05  1.46e-06 1.51e-11  5.40e-08     0s
  21   1.25304218e+05  1.25304219e+05  5.56e-06 1.76e-11  1.56e-10     0s
  22   1.25304219e+05  1.25304219e+05  9.64e-08 7.36e-12  1.57e-13     0s

Barrier solved model in 22 iterations and 0.07 seconds (0.05 work units)
Optimal objective 1.25304219e+05


User-callback calls 77, time in user-callback 0.00 sec

Gurobi 13.0.2 (win64) logging started Wed Jul 15 14:31:09 2026

Set parameter LogFile to value "C:\Users\ehsanno\DataspellProjects\Spanish_Power_System\results\GoRES\ipopt_logs\2024-07-08_h07.log"

Gurobi 13.0.2 (win64) logging started Wed Jul 15 14:31:09 2026

Set parameter LogFile to value "C:\Users\ehsanno\DataspellProjects\Spanish_Power_System\results\GoRES\ipopt_logs\2024-07-08_h07.log"
Gurobi Optimizer version 13.0.2 build v13.0.2rc1 (win64 - Windows 11+.0 (26200.2))

CPU model: 11th Gen Intel(R) Core(TM) i5-1145G7 @ 2.60GHz, instruction set [SSE2|AVX|AVX2|AVX512]
Thread count: 4 physical cores, 8 logical processors, using up to 8 threads

Non-default parameters:
LogToConsole  0

Optimize a model with 5142 rows, 7197 columns and 18460 nonzeros (Min)
Model fingerprint: 0x49e038a4
Model has 2031 linear objective coefficients and an objective constant of 1.3334872499440016e+07
Model has 973 quadratic objective terms
Coefficient statistics:
  Matrix range     [1e+00, 1e+04]
  Objective range  [9e+00, 1e+06]
  QObjective range [2e+04, 2e+04]
  Bounds range     [2e-06, 1e+04]
  RHS range        [2e-06, 1e+01]

Presolve removed 3671 rows and 4175 columns
Presolve time: 0.02s
Presolved: 1471 rows, 3022 columns, 8929 nonzeros
Presolved model has 899 quadratic objective terms
Ordering time: 0.00s

Barrier statistics:
 AA' NZ     : 1.771e+04
 Factor NZ  : 4.741e+04 (roughly 2 MB of memory)
 Factor Ops : 1.947e+06 (less than 1 second per iteration)
 Threads    : 1

                  Objective                Residual
Iter       Primal          Dual         Primal    Dual     Compl     Time
   0   5.11659535e+12 -5.50532506e+11  6.50e+03 3.60e+03  3.59e+06     0s
   1   1.42831029e+12 -1.17027381e+11  1.94e+03 1.07e+03  1.09e+06     0s
   2   2.31283567e+11 -8.03740029e+10  3.22e+02 1.78e+02  2.32e+05     0s
   3   2.87224260e+10 -5.55265241e+10  4.05e+01 2.24e+01  3.44e+04     0s
   4   5.47185030e+09 -3.04328898e+10  8.03e+00 4.45e+00  9.46e+03     0s
   5   1.18762657e+09 -1.51154317e+10  2.03e+00 1.13e+00  3.48e+03     0s
   6   7.10053553e+08 -1.24675332e+10  1.28e+00 7.10e-01  2.77e+03     0s
   7   3.53122869e+08 -7.87315807e+09  6.41e-01 3.55e-01  1.64e+03     0s
   8   3.01537496e+08 -6.74126031e+09  5.39e-01 2.99e-01  1.39e+03     0s
   9   2.04594065e+08 -4.43335445e+09  2.72e-01 1.51e-01  8.71e+02     0s
  10   1.15790418e+08 -2.52755409e+09  8.80e-02 4.88e-02  4.70e+02     0s
  11   5.51914057e+07 -7.96147701e+08  2.21e-02 1.23e-02  1.44e+02     0s
  12   1.31876466e+07 -1.17231173e+08  1.38e-04 7.65e-05  2.14e+01     0s
  13   1.54996526e+06 -4.97252544e+06  2.90e-07 1.61e-07  1.07e+00     0s
  14   3.30631341e+05 -3.48539772e+05  1.21e-08 2.41e-09  1.12e-01     0s
  15   1.73501820e+05  3.95243812e+04  3.25e-09 2.89e-10  2.20e-02     0s
  16   1.35226055e+05  1.13927622e+05  1.24e-08 3.44e-11  3.50e-03     0s
  17   1.25549635e+05  1.24255078e+05  2.12e-07 1.13e-11  2.13e-04     0s
  18   1.24906712e+05  1.24902958e+05  1.17e-08 1.38e-11  6.17e-07     0s
  19   1.24906655e+05  1.24903072e+05  4.07e-07 1.44e-11  5.77e-07     0s
  20   1.24906597e+05  1.24903188e+05  7.45e-07 1.26e-11  5.37e-07     0s
  21   1.24906557e+05  1.24903268e+05  1.10e-06 1.40e-11  5.09e-07     0s
  22   1.24906413e+05  1.24903558e+05  1.51e-06 1.22e-11  4.08e-07     0s
  23   1.24906356e+05  1.24903671e+05  2.87e-06 1.27e-11  3.68e-07     0s
  24   1.24906206e+05  1.24903971e+05  3.85e-06 1.06e-11  2.63e-07     0s
  25   1.24905988e+05  1.24904411e+05  6.69e-06 7.32e-12  1.10e-07     0s
  26   1.24905832e+05  1.24904725e+05  6.59e-06 1.59e-11  1.10e-10     0s
  27   1.24905832e+05  1.24904725e+05  1.13e-05 1.09e-11  9.13e-11     0s
  28   1.24905832e+05  1.24904725e+05  5.08e-06 7.37e-12  9.13e-14     0s
  29   1.24905832e+05  1.24904725e+05  9.14e-06 1.50e-11  3.23e-15     0s
  30   1.24905832e+05  1.24904725e+05  9.35e-06 1.46e-11  3.23e-18     0s

Barrier performed 30 iterations in 0.08 seconds (0.06 work units)
Sub-optimal termination - objective 1.24906712e+05


User-callback calls 88, time in user-callback 0.00 sec

Gurobi 13.0.2 (win64) logging started Wed Jul 15 17:24:36 2026

Set parameter LogFile to value "C:\Users\ehsanno\DataspellProjects\Spanish_Power_System\results\GoRES\ipopt_logs\2024-07-08_h07.log"

Gurobi 13.0.2 (win64) logging started Wed Jul 15 17:24:36 2026

Set parameter LogFile to value "C:\Users\ehsanno\DataspellProjects\Spanish_Power_System\results\GoRES\ipopt_logs\2024-07-08_h07.log"
Gurobi Optimizer version 13.0.2 build v13.0.2rc1 (win64 - Windows 11+.0 (26200.2))

CPU model: 11th Gen Intel(R) Core(TM) i5-1145G7 @ 2.60GHz, instruction set [SSE2|AVX|AVX2|AVX512]
Thread count: 4 physical cores, 8 logical processors, using up to 8 threads

Non-default parameters:
LogToConsole  0

Optimize a model with 5146 rows, 7443 columns and 18718 nonzeros (Min)
Model fingerprint: 0x93ddfd1e
Model has 2199 linear objective coefficients and an objective constant of 1.3448094889635781e+07
Model has 972 quadratic objective terms
Coefficient statistics:
  Matrix range     [1e+00, 1e+04]
  Objective range  [3e-01, 1e+06]
  QObjective range [2e+04, 2e+04]
  Bounds range     [2e-06, 1e+04]
  RHS range        [2e-06, 1e+01]

Presolve removed 3645 rows and 4251 columns
Presolve time: 0.03s
Presolved: 1501 rows, 3192 columns, 9174 nonzeros
Presolved model has 898 quadratic objective terms
Ordering time: 0.00s

Barrier statistics:
 AA' NZ     : 1.795e+04
 Factor NZ  : 4.936e+04 (roughly 2 MB of memory)
 Factor Ops : 2.106e+06 (less than 1 second per iteration)
 Threads    : 1

                  Objective                Residual
Iter       Primal          Dual         Primal    Dual     Compl     Time
   0   4.86912280e+12 -1.48134831e+12  8.25e+03 3.79e+04  3.78e+07     0s
   1   9.51445384e+11 -7.45229187e+11  1.75e+03 8.02e+03  8.24e+06     0s
   2   6.01187285e+10 -7.28122165e+11  1.13e+02 5.17e+02  6.91e+05     0s
   3   1.34833583e+10 -4.18233199e+11  2.56e+01 1.18e+02  1.82e+05     0s
   4   1.90821207e+09 -2.38137857e+11  3.87e+00 1.78e+01  5.53e+04     0s
   5   5.43093591e+08 -1.27851929e+11  1.07e+00 4.91e+00  2.54e+04     0s
   6   3.21939700e+08 -7.41291882e+10  5.04e-01 2.31e+00  1.39e+04     0s
   7   1.91532422e+08 -4.69244756e+10  2.04e-01 9.36e-01  8.34e+03     0s
   8   1.18021015e+08 -7.91537397e+09  2.33e-02 1.07e-01  1.30e+03     0s
   9   9.05108921e+07 -1.70838368e+09  4.22e-03 1.94e-02  2.83e+02     0s
  10   5.97375969e+07 -1.04637486e+09  1.54e-03 7.05e-03  1.73e+02     0s
  11   1.93746522e+07 -2.08863771e+08  4.05e-05 1.86e-04  3.55e+01     0s
  12   3.76150425e+06 -2.54041439e+07  2.57e-10 1.86e-10  4.54e+00     0s
  13   4.90361668e+05 -7.62463724e+05  8.81e-11 1.82e-11  1.95e-01     0s
  14   2.28669814e+05 -6.33388477e+04  9.97e-10 1.35e-11  4.54e-02     0s
  15   1.53413235e+05  8.61226613e+04  3.65e-09 1.06e-11  1.05e-02     0s
  16   1.30414375e+05  1.18980534e+05  1.61e-08 7.87e-12  1.78e-03     0s
  17   1.24897325e+05  1.24113424e+05  1.35e-07 1.84e-11  1.22e-04     0s
  18   1.24600487e+05  1.24565117e+05  1.25e-08 8.25e-12  5.50e-06     0s
  19   1.24591125e+05  1.24590634e+05  1.65e-09 8.77e-12  7.64e-08     0s
  20   1.24590992e+05  1.24590991e+05  1.74e-11 5.83e-12  7.65e-11     0s

Barrier solved model in 20 iterations and 0.09 seconds (0.05 work units)
Optimal objective 1.24590992e+05


User-callback calls 72, time in user-callback 0.00 sec

Gurobi 13.0.2 (win64) logging started Wed Jul 15 17:27:43 2026

Set parameter LogFile to value "C:\Users\ehsanno\DataspellProjects\Spanish_Power_System\results\GoRES\ipopt_logs\2024-07-08_h07.log"

Gurobi 13.0.2 (win64) logging started Wed Jul 15 17:27:43 2026

Set parameter LogFile to value "C:\Users\ehsanno\DataspellProjects\Spanish_Power_System\results\GoRES\ipopt_logs\2024-07-08_h07.log"
Gurobi Optimizer version 13.0.2 build v13.0.2rc1 (win64 - Windows 11+.0 (26200.2))

CPU model: 11th Gen Intel(R) Core(TM) i5-1145G7 @ 2.60GHz, instruction set [SSE2|AVX|AVX2|AVX512]
Thread count: 4 physical cores, 8 logical processors, using up to 8 threads

Non-default parameters:
LogToConsole  0

Optimize a model with 5146 rows, 7443 columns and 18718 nonzeros (Min)
Model fingerprint: 0xef7f0515
Model has 2199 linear objective coefficients and an objective constant of 1.3448095041760011e+07
Model has 972 quadratic objective terms
Coefficient statistics:
  Matrix range     [1e+00, 1e+04]
  Objective range  [4e-01, 1e+06]
  QObjective range [2e+04, 2e+04]
  Bounds range     [2e-06, 1e+04]
  RHS range        [2e-06, 1e+01]

Presolve removed 3645 rows and 4252 columns
Presolve time: 0.02s
Presolved: 1501 rows, 3191 columns, 9185 nonzeros
Presolved model has 898 quadratic objective terms
Ordering time: 0.01s

Barrier statistics:
 AA' NZ     : 1.801e+04
 Factor NZ  : 4.993e+04 (roughly 2 MB of memory)
 Factor Ops : 2.194e+06 (less than 1 second per iteration)
 Threads    : 1

                  Objective                Residual
Iter       Primal          Dual         Primal    Dual     Compl     Time
   0   5.62055021e+12 -1.67089283e+12  7.38e+03 3.76e+04  3.76e+07     0s
   1   1.15612330e+12 -8.50515744e+11  1.63e+03 8.29e+03  8.53e+06     0s
   2   9.08115703e+10 -7.78899368e+11  1.30e+02 6.64e+02  8.36e+05     0s
   3   1.61996113e+10 -4.29522276e+11  2.36e+01 1.21e+02  1.81e+05     0s
   4   2.36870658e+09 -2.39199488e+11  3.72e+00 1.90e+01  5.57e+04     0s
   5   6.92914676e+08 -1.16249753e+11  1.16e+00 5.94e+00  2.36e+04     0s
   6   3.80317211e+08 -7.10121059e+10  4.92e-01 2.51e+00  1.35e+04     0s
   7   2.25569412e+08 -5.04090034e+10  2.61e-01 1.33e+00  9.27e+03     0s
   8   1.08589780e+08 -6.54208429e+09  1.51e-02 7.73e-02  1.08e+03     0s
   9   8.60430678e+07 -1.19568710e+09  1.64e-03 8.39e-03  2.01e+02     0s
  10   5.64161599e+07 -7.52278055e+08  6.75e-04 3.44e-03  1.26e+02     0s
  11   2.35206276e+07 -2.81403148e+08  1.18e-04 6.01e-04  4.75e+01     0s
  12   3.96673153e+06 -2.03732268e+07  2.76e-06 1.41e-05  3.79e+00     0s
  13   5.18159293e+05 -1.10814573e+06  1.38e-08 7.03e-08  2.53e-01     0s
  14   2.10710588e+05 -1.12499447e+04  1.32e-09 4.14e-09  3.45e-02     0s
  15   1.47719742e+05  9.59567343e+04  1.11e-08 6.83e-10  8.06e-03     0s
  16   1.28983221e+05  1.20412031e+05  2.37e-08 6.56e-11  1.33e-03     0s
  17   1.24778554e+05  1.24262377e+05  6.85e-08 1.41e-11  8.03e-05     0s
  18   1.24595332e+05  1.24576973e+05  4.63e-08 1.92e-11  2.86e-06     0s
  19   1.24595051e+05  1.24577799e+05  3.92e-07 1.91e-11  2.68e-06     0s
  20   1.24594230e+05  1.24580229e+05  5.33e-07 1.36e-11  2.16e-06     0s
  21   1.24594035e+05  1.24580805e+05  1.07e-06 8.07e-12  2.04e-06     0s
  22   1.24593867e+05  1.24581305e+05  1.70e-06 1.33e-11  1.94e-06     0s
  23   1.24593183e+05  1.24583324e+05  3.04e-06 1.29e-11  1.50e-06     0s
  24   1.24591143e+05  1.24589362e+05  2.10e-06 1.00e-11  2.18e-07     0s
  25   1.24591060e+05  1.24589606e+05  4.11e-06 8.56e-12  1.66e-07     0s
  26   1.24590798e+05  1.24590383e+05  1.60e-06 2.24e-11  1.66e-10     0s
  27   1.24590798e+05  1.24590384e+05  1.08e-06 1.13e-11  1.66e-13     0s
  28   1.24590798e+05  1.24590384e+05  1.23e-06 4.24e-12  3.20e-14     0s
  29   1.24590798e+05  1.24590384e+05  1.54e-06 7.28e-12  3.20e-17     0s
  30   1.24590798e+05  1.24590384e+05  1.24e-06 7.28e-12  3.21e-20     0s
  31   1.24590798e+05  1.24590384e+05  1.30e-06 1.46e-11  3.21e-23     0s
  32   1.24590798e+05  1.24590384e+05  1.51e-06 1.46e-11  3.22e-26     0s

Barrier performed 32 iterations in 0.13 seconds (0.07 work units)
Sub-optimal termination - objective 1.24595332e+05


User-callback calls 99, time in user-callback 0.00 sec

Gurobi 13.0.2 (win64) logging started Wed Jul 15 17:30:01 2026

Set parameter LogFile to value "C:\Users\ehsanno\DataspellProjects\Spanish_Power_System\results\GoRES\ipopt_logs\2024-07-08_h07.log"

Gurobi 13.0.2 (win64) logging started Wed Jul 15 17:30:01 2026

Set parameter LogFile to value "C:\Users\ehsanno\DataspellProjects\Spanish_Power_System\results\GoRES\ipopt_logs\2024-07-08_h07.log"
Gurobi Optimizer version 13.0.2 build v13.0.2rc1 (win64 - Windows 11+.0 (26200.2))

CPU model: 11th Gen Intel(R) Core(TM) i5-1145G7 @ 2.60GHz, instruction set [SSE2|AVX|AVX2|AVX512]
Thread count: 4 physical cores, 8 logical processors, using up to 8 threads

Non-default parameters:
LogToConsole  0

Optimize a model with 5146 rows, 7443 columns and 18718 nonzeros (Min)
Model fingerprint: 0xc65c3102
Model has 2199 linear objective coefficients and an objective constant of 1.3448095041760011e+07
Model has 972 quadratic objective terms
Coefficient statistics:
  Matrix range     [1e+00, 1e+04]
  Objective range  [4e-01, 1e+06]
  QObjective range [2e+04, 2e+04]
  Bounds range     [2e-06, 1e+04]
  RHS range        [2e-06, 1e+01]

Presolve removed 3657 rows and 4265 columns
Presolve time: 0.04s
Presolved: 1489 rows, 3178 columns, 9176 nonzeros
Presolved model has 898 quadratic objective terms
Ordering time: 0.01s

Barrier statistics:
 AA' NZ     : 1.787e+04
 Factor NZ  : 4.899e+04 (roughly 2 MB of memory)
 Factor Ops : 2.101e+06 (less than 1 second per iteration)
 Threads    : 1

                  Objective                Residual
Iter       Primal          Dual         Primal    Dual     Compl     Time
   0   5.70901450e+12 -2.05328955e+12  7.75e+03 3.76e+04  3.76e+07     0s
   1   1.22944619e+12 -1.12169703e+12  1.78e+03 8.67e+03  8.92e+06     0s
   2   1.16358681e+11 -9.70174232e+11  1.73e+02 8.38e+02  1.03e+06     0s
   3   1.84261975e+10 -5.31405066e+11  2.80e+01 1.36e+02  2.09e+05     0s
   4   2.39050990e+09 -3.01772640e+11  3.97e+00 1.93e+01  6.79e+04     0s
   5   9.83824369e+08 -1.65767978e+11  1.76e+00 8.56e+00  3.43e+04     0s
   6   5.72314940e+08 -1.08948443e+11  8.68e-01 4.22e+00  2.14e+04     0s
   7   4.22301042e+08 -7.68064379e+10  5.80e-01 2.82e+00  1.47e+04     0s
   8   1.94986438e+08 -4.42947384e+10  1.89e-01 9.20e-01  7.93e+03     0s
   9   1.09547265e+08 -5.47864603e+09  1.80e-02 8.72e-02  9.13e+02     0s
  10   7.85507460e+07 -1.10163868e+09  2.80e-03 1.36e-02  1.87e+02     0s
  11   5.02619056e+07 -5.94924216e+08  1.06e-03 5.16e-03  1.01e+02     0s
  12   1.48526851e+07 -1.81636770e+08  1.06e-09 5.16e-09  3.07e+01     0s
  13   1.93155075e+06 -5.53354579e+06  1.27e-09 6.09e-11  1.17e+00     0s
  14   3.45168747e+05 -4.08712334e+05  7.98e-10 9.90e-12  1.18e-01     0s
  15   1.69066773e+05  7.54186318e+04  1.32e-09 1.82e-11  1.46e-02     0s
  16   1.30942255e+05  1.19396601e+05  3.92e-08 7.69e-12  1.80e-03     0s
  17   1.25393804e+05  1.23861286e+05  2.52e-09 7.23e-12  2.40e-04     0s
  18   1.24627040e+05  1.24533256e+05  1.93e-10 1.86e-11  1.47e-05     0s
  19   1.24591890e+05  1.24586392e+05  6.22e-09 8.74e-12  8.59e-07     0s
  20   1.24591864e+05  1.24586485e+05  2.08e-07 6.28e-12  8.39e-07     0s
  21   1.24591713e+05  1.24587040e+05  5.49e-07 1.34e-11  7.20e-07     0s
  22   1.24591637e+05  1.24587320e+05  1.15e-06 9.97e-12  6.60e-07     0s
  23   1.24591080e+05  1.24589364e+05  1.72e-06 1.27e-11  2.22e-07     0s
  24   1.24590998e+05  1.24589664e+05  1.72e-06 7.27e-12  1.58e-07     0s
  25   1.24590798e+05  1.24590398e+05  2.07e-06 1.45e-11  1.59e-10     0s
  26   1.24590798e+05  1.24590398e+05  1.97e-06 9.19e-12  1.59e-13     0s
  27   1.24590798e+05  1.24590398e+05  1.61e-06 9.25e-12  1.20e-13     0s
  28   1.24590798e+05  1.24590398e+05  3.12e-06 1.08e-11  8.11e-14     0s
  29   1.24590798e+05  1.24590398e+05  5.10e-06 1.01e-11  3.52e-14     0s
  30   1.24590798e+05  1.24590398e+05  6.43e-06 8.35e-12  2.18e-15     0s
  31   1.24590798e+05  1.24590398e+05  6.25e-06 7.29e-12  2.18e-18     0s

Barrier performed 31 iterations in 0.16 seconds (0.07 work units)
Sub-optimal termination - objective 1.24627040e+05


User-callback calls 87, time in user-callback 0.00 sec

Gurobi 13.0.2 (win64) logging started Wed Jul 15 18:00:26 2026

Set parameter LogFile to value "C:\Users\ehsanno\DataspellProjects\Spanish_Power_System\results\GoRES\ipopt_logs\2024-07-08_h07.log"

Gurobi 13.0.2 (win64) logging started Wed Jul 15 18:00:26 2026

Set parameter LogFile to value "C:\Users\ehsanno\DataspellProjects\Spanish_Power_System\results\GoRES\ipopt_logs\2024-07-08_h07.log"
Gurobi Optimizer version 13.0.2 build v13.0.2rc1 (win64 - Windows 11+.0 (26200.2))

CPU model: 11th Gen Intel(R) Core(TM) i5-1145G7 @ 2.60GHz, instruction set [SSE2|AVX|AVX2|AVX512]
Thread count: 4 physical cores, 8 logical processors, using up to 8 threads

Non-default parameters:
LogToConsole  0

Optimize a model with 5146 rows, 7443 columns and 18718 nonzeros (Min)
Model fingerprint: 0x66cd260a
Model has 2199 linear objective coefficients and an objective constant of 1.3448095041760011e+07
Model has 972 quadratic objective terms
Coefficient statistics:
  Matrix range     [1e+00, 1e+04]
  Objective range  [4e-01, 1e+06]
  QObjective range [2e+04, 2e+04]
  Bounds range     [2e-06, 1e+04]
  RHS range        [2e-06, 1e+01]

Presolve removed 3652 rows and 4259 columns
Presolve time: 0.03s
Presolved: 1494 rows, 3184 columns, 9201 nonzeros
Presolved model has 898 quadratic objective terms
Ordering time: 0.02s

Barrier statistics:
 AA' NZ     : 1.786e+04
 Factor NZ  : 4.886e+04 (roughly 2 MB of memory)
 Factor Ops : 2.060e+06 (less than 1 second per iteration)
 Threads    : 1

                  Objective                Residual
Iter       Primal          Dual         Primal    Dual     Compl     Time
   0   6.43428022e+12 -2.37819824e+12  7.50e+03 3.76e+04  3.76e+07     0s
   1   1.44445790e+12 -1.35679923e+12  1.79e+03 8.96e+03  9.25e+06     0s
   2   1.55460724e+11 -1.14666897e+12  1.96e+02 9.84e+02  1.21e+06     0s
   3   2.50096232e+10 -5.86308596e+11  3.22e+01 1.62e+02  2.40e+05     0s
   4   3.59924669e+09 -2.61501559e+11  5.08e+00 2.55e+01  6.10e+04     0s
   5   1.11901685e+09 -1.17999014e+11  1.76e+00 8.82e+00  2.44e+04     0s
   6   7.87322034e+08 -9.09732447e+10  1.13e+00 5.65e+00  1.84e+04     0s
   7   4.08855983e+08 -4.66952853e+10  5.13e-01 2.58e+00  8.90e+03     0s
   8   2.22683928e+08 -2.72894389e+10  2.14e-01 1.07e+00  4.96e+03     0s
   9   9.92763843e+07 -2.45332903e+09  1.15e-02 5.76e-02  4.15e+02     0s
  10   6.58921488e+07 -6.93944284e+08  3.09e-03 1.55e-02  1.20e+02     0s
  11   3.25029174e+07 -2.97435828e+08  5.27e-04 2.65e-03  5.16e+01     0s
  12   5.75726357e+06 -4.17599810e+07  1.99e-09 2.65e-09  7.41e+00     0s
  13   7.38673518e+05 -2.17773709e+06  4.74e-10 5.61e-11  4.55e-01     0s
  14   3.74260064e+05 -5.29129358e+05  8.75e-10 2.29e-11  1.41e-01     0s
  15   1.73837003e+05  5.81581274e+04  3.62e-09 1.05e-11  1.80e-02     0s
  16   1.37429406e+05  1.10522213e+05  2.22e-08 2.86e-11  4.20e-03     0s
  17   1.25368423e+05  1.23946394e+05  1.16e-07 1.38e-11  2.22e-04     0s
  18   1.24611492e+05  1.24541416e+05  3.70e-07 1.13e-11  1.09e-05     0s
  19   1.24611369e+05  1.24541631e+05  7.90e-07 6.29e-12  1.09e-05     0s
  20   1.24607281e+05  1.24544709e+05  7.46e-08 2.60e-11  9.76e-06     0s
  21   1.24607098e+05  1.24545122e+05  4.07e-07 9.40e-12  9.67e-06     0s
  22   1.24606358e+05  1.24547224e+05  4.93e-07 1.97e-11  9.23e-06     0s
  23   1.24603357e+05  1.24555573e+05  5.14e-07 2.95e-12  7.44e-06     0s
  24   1.24599313e+05  1.24566663e+05  9.46e-07 1.34e-11  5.07e-06     0s
  25   1.24598353e+05  1.24569339e+05  9.77e-07 1.04e-11  4.49e-06     0s
  26   1.24591009e+05  1.24589195e+05  2.10e-07 1.02e-11  2.81e-07     0s
  27   1.24590993e+05  1.24589281e+05  4.47e-07 2.15e-11  2.60e-07     0s
  28   1.24590967e+05  1.24589433e+05  8.76e-07 1.64e-11  2.25e-07     0s
  29   1.24590934e+05  1.24589621e+05  1.45e-06 1.37e-11  1.81e-07     0s
  30   1.24590833e+05  1.24590201e+05  2.01e-06 1.14e-11  4.64e-08     0s
  31   1.24590811e+05  1.24590323e+05  1.76e-06 1.61e-11  1.79e-08     0s
  32   1.24590798e+05  1.24590400e+05  1.39e-06 1.36e-11  1.79e-11     0s
  33   1.24590798e+05  1.24590400e+05  1.12e-06 2.19e-11  8.33e-13     0s
  34   1.24590798e+05  1.24590400e+05  1.87e-06 7.34e-12  8.34e-16     0s
  35   1.24590798e+05  1.24590400e+05  3.16e-06 3.65e-12  4.79e-16     0s
  36   1.24590798e+05  1.24590400e+05  5.53e-06 1.85e-12  2.09e-16     0s
  37   1.24590798e+05  1.24590400e+05  5.81e-06 3.64e-12  2.09e-19     0s

Barrier performed 37 iterations in 0.18 seconds (0.08 work units)
Sub-optimal termination - objective 1.24607281e+05


User-callback calls 100, time in user-callback 0.00 sec

Gurobi 13.0.2 (win64) logging started Thu Jul 16 15:27:16 2026

Set parameter LogFile to value "C:\Users\ehsanno\DataspellProjects\Spanish_Power_System\results\GoRES\ipopt_logs\2024-07-08_h07.log"

Gurobi 13.0.2 (win64) logging started Thu Jul 16 15:27:16 2026

Set parameter LogFile to value "C:\Users\ehsanno\DataspellProjects\Spanish_Power_System\results\GoRES\ipopt_logs\2024-07-08_h07.log"
Gurobi Optimizer version 13.0.2 build v13.0.2rc1 (win64 - Windows 11+.0 (26200.2))

CPU model: 11th Gen Intel(R) Core(TM) i5-1145G7 @ 2.60GHz, instruction set [SSE2|AVX|AVX2|AVX512]
Thread count: 4 physical cores, 8 logical processors, using up to 8 threads

Non-default parameters:
LogToConsole  0

Optimize a model with 5146 rows, 7443 columns and 18718 nonzeros (Min)
Model fingerprint: 0x66cd260a
Model has 2199 linear objective coefficients and an objective constant of 1.3448095041760011e+07
Model has 972 quadratic objective terms
Coefficient statistics:
  Matrix range     [1e+00, 1e+04]
  Objective range  [4e-01, 1e+06]
  QObjective range [2e+04, 2e+04]
  Bounds range     [2e-06, 1e+04]
  RHS range        [2e-06, 1e+01]

Presolve removed 3652 rows and 4259 columns
Presolve time: 0.02s
Presolved: 1494 rows, 3184 columns, 9201 nonzeros
Presolved model has 898 quadratic objective terms
Ordering time: 0.00s

Barrier statistics:
 AA' NZ     : 1.786e+04
 Factor NZ  : 4.886e+04 (roughly 2 MB of memory)
 Factor Ops : 2.060e+06 (less than 1 second per iteration)
 Threads    : 1

                  Objective                Residual
Iter       Primal          Dual         Primal    Dual     Compl     Time
   0   6.43428022e+12 -2.37819824e+12  7.50e+03 3.76e+04  3.76e+07     0s
   1   1.44445790e+12 -1.35679923e+12  1.79e+03 8.96e+03  9.25e+06     0s
   2   1.55460724e+11 -1.14666897e+12  1.96e+02 9.84e+02  1.21e+06     0s
   3   2.50096232e+10 -5.86308596e+11  3.22e+01 1.62e+02  2.40e+05     0s
   4   3.59924669e+09 -2.61501559e+11  5.08e+00 2.55e+01  6.10e+04     0s
   5   1.11901685e+09 -1.17999014e+11  1.76e+00 8.82e+00  2.44e+04     0s
   6   7.87322034e+08 -9.09732447e+10  1.13e+00 5.65e+00  1.84e+04     0s
   7   4.08855983e+08 -4.66952853e+10  5.13e-01 2.58e+00  8.90e+03     0s
   8   2.22683928e+08 -2.72894389e+10  2.14e-01 1.07e+00  4.96e+03     0s
   9   9.92763843e+07 -2.45332903e+09  1.15e-02 5.76e-02  4.15e+02     0s
  10   6.58921488e+07 -6.93944284e+08  3.09e-03 1.55e-02  1.20e+02     0s
  11   3.25029174e+07 -2.97435828e+08  5.27e-04 2.65e-03  5.16e+01     0s
  12   5.75726357e+06 -4.17599810e+07  1.99e-09 2.65e-09  7.41e+00     0s
  13   7.38673518e+05 -2.17773709e+06  4.74e-10 5.61e-11  4.55e-01     0s
  14   3.74260064e+05 -5.29129358e+05  8.75e-10 2.29e-11  1.41e-01     0s
  15   1.73837003e+05  5.81581274e+04  3.62e-09 1.05e-11  1.80e-02     0s
  16   1.37429406e+05  1.10522213e+05  2.22e-08 2.86e-11  4.20e-03     0s
  17   1.25368423e+05  1.23946394e+05  1.16e-07 1.38e-11  2.22e-04     0s
  18   1.24611492e+05  1.24541416e+05  3.70e-07 1.13e-11  1.09e-05     0s
  19   1.24611369e+05  1.24541631e+05  7.90e-07 6.29e-12  1.09e-05     0s
  20   1.24607281e+05  1.24544709e+05  7.46e-08 2.60e-11  9.76e-06     0s
  21   1.24607098e+05  1.24545122e+05  4.07e-07 9.40e-12  9.67e-06     0s
  22   1.24606358e+05  1.24547224e+05  4.93e-07 1.97e-11  9.23e-06     0s
  23   1.24603357e+05  1.24555573e+05  5.14e-07 2.95e-12  7.44e-06     0s
  24   1.24599313e+05  1.24566663e+05  9.46e-07 1.34e-11  5.07e-06     0s
  25   1.24598353e+05  1.24569339e+05  9.77e-07 1.04e-11  4.49e-06     0s
  26   1.24591009e+05  1.24589195e+05  2.10e-07 1.02e-11  2.81e-07     0s
  27   1.24590993e+05  1.24589281e+05  4.47e-07 2.15e-11  2.60e-07     0s
  28   1.24590967e+05  1.24589433e+05  8.76e-07 1.64e-11  2.25e-07     0s
  29   1.24590934e+05  1.24589621e+05  1.45e-06 1.37e-11  1.81e-07     0s
  30   1.24590833e+05  1.24590201e+05  2.01e-06 1.14e-11  4.64e-08     0s
  31   1.24590811e+05  1.24590323e+05  1.76e-06 1.61e-11  1.79e-08     0s
  32   1.24590798e+05  1.24590400e+05  1.39e-06 1.36e-11  1.79e-11     0s
  33   1.24590798e+05  1.24590400e+05  1.12e-06 2.19e-11  8.33e-13     0s
  34   1.24590798e+05  1.24590400e+05  1.87e-06 7.34e-12  8.34e-16     0s
  35   1.24590798e+05  1.24590400e+05  3.16e-06 3.65e-12  4.79e-16     0s
  36   1.24590798e+05  1.24590400e+05  5.53e-06 1.85e-12  2.09e-16     0s
  37   1.24590798e+05  1.24590400e+05  5.81e-06 3.64e-12  2.09e-19     0s

Barrier performed 37 iterations in 0.10 seconds (0.08 work units)
Sub-optimal termination - objective 1.24607281e+05


User-callback calls 92, time in user-callback 0.00 sec

Gurobi 13.0.2 (win64) logging started Thu Jul 16 16:07:51 2026

Set parameter LogFile to value "C:\Users\ehsanno\DataspellProjects\Spanish_Power_System\results\GoRES\ipopt_logs\2024-07-08_h07.log"

Gurobi 13.0.2 (win64) logging started Thu Jul 16 16:07:51 2026

Set parameter LogFile to value "C:\Users\ehsanno\DataspellProjects\Spanish_Power_System\results\GoRES\ipopt_logs\2024-07-08_h07.log"
Gurobi Optimizer version 13.0.2 build v13.0.2rc1 (win64 - Windows 11+.0 (26200.2))

CPU model: 11th Gen Intel(R) Core(TM) i5-1145G7 @ 2.60GHz, instruction set [SSE2|AVX|AVX2|AVX512]
Thread count: 4 physical cores, 8 logical processors, using up to 8 threads

Non-default parameters:
LogToConsole  0

Optimize a model with 5146 rows, 7859 columns and 19134 nonzeros (Min)
Model fingerprint: 0xe95360b5
Model has 2226 linear objective coefficients and an objective constant of 1.3825775828678060e+07
Model has 1482 quadratic objective terms
Coefficient statistics:
  Matrix range     [1e+00, 1e+04]
  Objective range  [2e-01, 1e+06]
  QObjective range [2e+04, 2e+04]
  Bounds range     [2e-06, 1e+04]
  RHS range        [2e-06, 1e+01]

Presolve removed 3637 rows and 4150 columns
Presolve time: 0.02s
Presolved: 1509 rows, 3709 columns, 9804 nonzeros
Presolved model has 1408 quadratic objective terms
Ordering time: 0.00s

Barrier statistics:
 AA' NZ     : 1.775e+04
 Factor NZ  : 4.791e+04 (roughly 2 MB of memory)
 Factor Ops : 1.944e+06 (less than 1 second per iteration)
 Threads    : 1

                  Objective                Residual
Iter       Primal          Dual         Primal    Dual     Compl     Time
   0   7.07349747e+12 -2.70489073e+12  8.06e+03 3.76e+04  3.76e+07     0s
   1   1.56581720e+12 -1.43891371e+12  1.94e+03 9.05e+03  9.33e+06     0s
   2   1.63699812e+11 -1.18886604e+12  2.08e+02 9.73e+02  1.17e+06     0s
   3   2.48462008e+10 -6.03443170e+11  3.24e+01 1.51e+02  2.19e+05     0s
   4   1.65715110e+10 -4.74056463e+11  2.18e+01 1.02e+02  1.51e+05     0s
   5   6.76019039e+09 -3.32285857e+11  9.09e+00 4.24e+01  8.42e+04     0s
   6   1.20861574e+09 -1.16267932e+11  1.87e+00 8.74e+00  2.21e+04     0s
   7   4.39231345e+08 -5.63714854e+10  5.20e-01 2.42e+00  9.38e+03     0s
   8   2.21515850e+08 -3.31483088e+10  1.73e-01 8.09e-01  5.12e+03     0s
   9   1.23169576e+08 -3.41346788e+09  1.40e-02 6.55e-02  4.97e+02     0s
  10   6.90494578e+07 -1.42372577e+09  2.83e-03 1.32e-02  2.03e+02     0s
  11   2.11613616e+07 -1.81481017e+08  3.18e-05 1.48e-04  2.71e+01     0s
  12   1.75705923e+06 -7.92617587e+06  4.92e-08 2.30e-07  1.29e+00     0s
  13   6.42830762e+05 -1.82887169e+06  1.08e-08 5.06e-08  3.30e-01     0s
  14   2.81957816e+05 -3.50999933e+05  2.70e-09 1.11e-08  8.46e-02     0s
  15   1.61787200e+05  3.48339803e+04  1.16e-08 1.72e-09  1.70e-02     0s
  16   1.28301720e+05  1.17298132e+05  3.14e-08 3.17e-11  1.47e-03     0s
  17   1.25228619e+05  1.22381786e+05  2.83e-07 3.03e-11  3.80e-04     0s
  18   1.24159573e+05  1.22972916e+05  4.89e-08 1.91e-11  1.59e-04     0s
  19   1.23729721e+05  1.23567813e+05  1.09e-08 8.98e-12  2.16e-05     0s
  20   1.23675681e+05  1.23669230e+05  6.98e-08 1.38e-11  8.62e-07     0s
  21   1.23673607e+05  1.23673360e+05  1.03e-07 1.23e-11  3.31e-08     0s
  22   1.23673544e+05  1.23673543e+05  1.15e-08 2.03e-11  4.32e-11     0s

Barrier solved model in 22 iterations and 0.07 seconds (0.05 work units)
Optimal objective 1.23673544e+05


User-callback calls 78, time in user-callback 0.00 sec

Gurobi 13.0.2 (win64) logging started Thu Jul 16 16:15:09 2026

Set parameter LogFile to value "C:\Users\ehsanno\DataspellProjects\Spanish_Power_System\results\GoRES\ipopt_logs\2024-07-08_h07.log"

Gurobi 13.0.2 (win64) logging started Thu Jul 16 16:15:09 2026

Set parameter LogFile to value "C:\Users\ehsanno\DataspellProjects\Spanish_Power_System\results\GoRES\ipopt_logs\2024-07-08_h07.log"
Gurobi Optimizer version 13.0.2 build v13.0.2rc1 (win64 - Windows 11+.0 (26200.2))

CPU model: 11th Gen Intel(R) Core(TM) i5-1145G7 @ 2.60GHz, instruction set [SSE2|AVX|AVX2|AVX512]
Thread count: 4 physical cores, 8 logical processors, using up to 8 threads

Non-default parameters:
LogToConsole  0

Optimize a model with 5146 rows, 7859 columns and 19134 nonzeros (Min)
Model fingerprint: 0xa3d88607
Model has 2226 linear objective coefficients and an objective constant of 1.3825775828678060e+07
Model has 1482 quadratic objective terms
Coefficient statistics:
  Matrix range     [1e+00, 1e+04]
  Objective range  [2e-01, 1e+06]
  QObjective range [2e+04, 2e+04]
  Bounds range     [2e-06, 1e+04]
  RHS range        [2e-06, 1e+01]

Presolve removed 3644 rows and 4154 columns
Presolve time: 0.02s
Presolved: 1502 rows, 3705 columns, 9730 nonzeros
Presolved model has 1408 quadratic objective terms
Ordering time: 0.00s

Barrier statistics:
 AA' NZ     : 1.782e+04
 Factor NZ  : 4.773e+04 (roughly 2 MB of memory)
 Factor Ops : 2.002e+06 (less than 1 second per iteration)
 Threads    : 1

                  Objective                Residual
Iter       Primal          Dual         Primal    Dual     Compl     Time
   0   5.61925484e+12 -1.52644287e+12  8.00e+03 3.81e+04  3.79e+07     0s
   1   1.05256739e+12 -6.30843440e+11  1.67e+03 7.95e+03  8.17e+06     0s
   2   7.48492274e+10 -6.48279386e+11  1.22e+02 5.80e+02  7.66e+05     0s
   3   1.15018207e+10 -4.40058194e+11  1.90e+01 9.03e+01  1.56e+05     0s
   4   7.37797248e+09 -3.46788610e+11  1.23e+01 5.83e+01  1.05e+05     0s
   5   2.83107135e+09 -2.34967989e+11  4.80e+00 2.28e+01  5.44e+04     0s
   6   8.86578897e+08 -1.14823018e+11  1.48e+00 7.05e+00  2.18e+04     0s
   7   2.76589528e+08 -3.54108561e+10  2.97e-01 1.41e+00  5.71e+03     0s
   8   1.94147937e+08 -2.47321680e+10  1.24e-01 5.88e-01  3.75e+03     0s
   9   1.29226375e+08 -3.57465333e+09  1.27e-02 6.03e-02  5.16e+02     0s
  10   7.39953809e+07 -1.72324106e+09  3.36e-03 1.60e-02  2.45e+02     0s
  11   2.25648287e+07 -1.57897189e+08  9.40e-05 4.47e-04  2.42e+01     0s
  12   2.27566333e+06 -1.77221940e+07  9.40e-11 4.47e-10  2.67e+00     0s
  13   4.95010456e+05 -1.26839497e+06  1.92e-10 2.17e-11  2.36e-01     0s
  14   2.41567704e+05 -2.58504623e+05  4.78e-10 1.28e-11  6.69e-02     0s
  15   1.52288809e+05  5.00009209e+04  2.85e-09 7.31e-12  1.37e-02     0s
  16   1.27249069e+05  1.17148866e+05  9.81e-09 2.09e-11  1.35e-03     0s
  17   1.24446994e+05  1.22255991e+05  3.78e-08 1.15e-11  2.93e-04     0s
  18   1.23736870e+05  1.23531627e+05  4.35e-09 1.12e-11  2.74e-05     0s
  19   1.23689188e+05  1.23650132e+05  2.54e-09 1.43e-11  5.22e-06     0s
  20   1.23678497e+05  1.23676243e+05  6.29e-09 2.07e-11  3.01e-07     0s
  21   1.23677907e+05  1.23677896e+05  1.78e-08 2.03e-11  1.53e-09     0s

Barrier solved model in 21 iterations and 0.07 seconds (0.05 work units)
Optimal objective 1.23677907e+05


User-callback calls 72, time in user-callback 0.00 sec

Gurobi 13.0.2 (win64) logging started Thu Jul 16 16:23:36 2026

Set parameter LogFile to value "C:\Users\ehsanno\DataspellProjects\Spanish_Power_System\results\GoRES\ipopt_logs\2024-07-08_h07.log"

Gurobi 13.0.2 (win64) logging started Thu Jul 16 16:23:36 2026

Set parameter LogFile to value "C:\Users\ehsanno\DataspellProjects\Spanish_Power_System\results\GoRES\ipopt_logs\2024-07-08_h07.log"
Gurobi Optimizer version 13.0.2 build v13.0.2rc1 (win64 - Windows 11+.0 (26200.2))

CPU model: 11th Gen Intel(R) Core(TM) i5-1145G7 @ 2.60GHz, instruction set [SSE2|AVX|AVX2|AVX512]
Thread count: 4 physical cores, 8 logical processors, using up to 8 threads

Non-default parameters:
LogToConsole  0

Optimize a model with 5146 rows, 7859 columns and 19134 nonzeros (Min)
Model fingerprint: 0xfb7477cb
Model has 2219 linear objective coefficients and an objective constant of 1.3825776622720011e+07
Model has 1482 quadratic objective terms
Coefficient statistics:
  Matrix range     [1e+00, 1e+04]
  Objective range  [4e-01, 1e+06]
  QObjective range [2e+04, 2e+04]
  Bounds range     [2e-06, 1e+04]
  RHS range        [2e-06, 1e+01]

Presolve removed 3640 rows and 3734 columns
Presolve time: 0.01s

Barrier solved model in 0 iterations and 0.01 seconds (0.01 work units)
Model is infeasible

User-callback calls 26, time in user-callback 0.00 sec
Gurobi Optimizer version 13.0.2 build v13.0.2rc1 (win64 - Windows 11+.0 (26200.2))

CPU model: 11th Gen Intel(R) Core(TM) i5-1145G7 @ 2.60GHz, instruction set [SSE2|AVX|AVX2|AVX512]
Thread count: 4 physical cores, 8 logical processors, using up to 8 threads

Non-default parameters:
LogToConsole  0

Iteration    Objective       Primal Inf.    Dual Inf.      Time
       0      handle free variables                          0s

IIS computed: 5 constraints and 11 bounds
IIS runtime: 0.19 seconds (0.39 work units)

Gurobi 13.0.2 (win64) logging started Mon Jul 20 15:54:11 2026

Set parameter LogFile to value "C:\Users\ehsanno\DataspellProjects\Spanish_Power_System\results\GoRES\ipopt_logs\2024-07-08_h07.log"

Gurobi 13.0.2 (win64) logging started Mon Jul 20 15:54:11 2026

Set parameter LogFile to value "C:\Users\ehsanno\DataspellProjects\Spanish_Power_System\results\GoRES\ipopt_logs\2024-07-08_h07.log"
Gurobi Optimizer version 13.0.2 build v13.0.2rc1 (win64 - Windows 11+.0 (26200.2))

CPU model: 11th Gen Intel(R) Core(TM) i5-1145G7 @ 2.60GHz, instruction set [SSE2|AVX|AVX2|AVX512]
Thread count: 4 physical cores, 8 logical processors, using up to 8 threads

Non-default parameters:
LogToConsole  0

Optimize a model with 5146 rows, 8031 columns and 19306 nonzeros (Min)
Model fingerprint: 0xd7f02044
Model has 2257 linear objective coefficients and an objective constant of 1.8766480474868026e+07
Model has 1660 quadratic objective terms
Coefficient statistics:
  Matrix range     [1e+00, 1e+04]
  Objective range  [1e-07, 1e+06]
  QObjective range [2e+04, 2e+04]
  Bounds range     [2e-06, 1e+04]
  RHS range        [2e-06, 1e+01]

Presolve removed 3646 rows and 3737 columns
Presolve time: 0.02s

Barrier solved model in 0 iterations and 0.02 seconds (0.01 work units)
Model is infeasible

User-callback calls 27, time in user-callback 0.00 sec
Gurobi Optimizer version 13.0.2 build v13.0.2rc1 (win64 - Windows 11+.0 (26200.2))

CPU model: 11th Gen Intel(R) Core(TM) i5-1145G7 @ 2.60GHz, instruction set [SSE2|AVX|AVX2|AVX512]
Thread count: 4 physical cores, 8 logical processors, using up to 8 threads

Non-default parameters:
LogToConsole  0

Iteration    Objective       Primal Inf.    Dual Inf.      Time
       0      handle free variables                          0s
Warning: Markowitz tolerance tightened to 0.03125

IIS computed: 5 constraints and 13 bounds
IIS runtime: 0.32 seconds (0.40 work units)

Gurobi 13.0.2 (win64) logging started Mon Jul 20 15:56:41 2026

Set parameter LogFile to value "C:\Users\ehsanno\DataspellProjects\Spanish_Power_System\results\GoRES\ipopt_logs\2024-07-08_h07.log"

Gurobi 13.0.2 (win64) logging started Mon Jul 20 15:56:41 2026

Set parameter LogFile to value "C:\Users\ehsanno\DataspellProjects\Spanish_Power_System\results\GoRES\ipopt_logs\2024-07-08_h07.log"
Gurobi Optimizer version 13.0.2 build v13.0.2rc1 (win64 - Windows 11+.0 (26200.2))

CPU model: 11th Gen Intel(R) Core(TM) i5-1145G7 @ 2.60GHz, instruction set [SSE2|AVX|AVX2|AVX512]
Thread count: 4 physical cores, 8 logical processors, using up to 8 threads

Non-default parameters:
LogToConsole  0

Optimize a model with 5146 rows, 8031 columns and 19306 nonzeros (Min)
Model fingerprint: 0x722593cc
Model has 2239 linear objective coefficients and an objective constant of 2.3458103089600004e+07
Model has 1660 quadratic objective terms
Coefficient statistics:
  Matrix range     [1e+00, 1e+04]
  Objective range  [4e-01, 1e+06]
  QObjective range [2e+04, 2e+04]
  Bounds range     [2e-06, 1e+04]
  RHS range        [2e-06, 1e+01]

Presolve removed 3646 rows and 3737 columns
Presolve time: 0.03s

Barrier solved model in 0 iterations and 0.03 seconds (0.01 work units)
Model is infeasible

User-callback calls 28, time in user-callback 0.00 sec
Gurobi Optimizer version 13.0.2 build v13.0.2rc1 (win64 - Windows 11+.0 (26200.2))

CPU model: 11th Gen Intel(R) Core(TM) i5-1145G7 @ 2.60GHz, instruction set [SSE2|AVX|AVX2|AVX512]
Thread count: 4 physical cores, 8 logical processors, using up to 8 threads

Non-default parameters:
LogToConsole  0

Iteration    Objective       Primal Inf.    Dual Inf.      Time
       0      handle free variables                          0s
Warning: Markowitz tolerance tightened to 0.03125

IIS computed: 5 constraints and 13 bounds
IIS runtime: 0.42 seconds (0.40 work units)

Gurobi 13.0.2 (win64) logging started Mon Jul 20 15:58:27 2026

Set parameter LogFile to value "C:\Users\ehsanno\DataspellProjects\Spanish_Power_System\results\GoRES\ipopt_logs\2024-07-08_h07.log"

Gurobi 13.0.2 (win64) logging started Mon Jul 20 15:58:27 2026

Set parameter LogFile to value "C:\Users\ehsanno\DataspellProjects\Spanish_Power_System\results\GoRES\ipopt_logs\2024-07-08_h07.log"
Gurobi Optimizer version 13.0.2 build v13.0.2rc1 (win64 - Windows 11+.0 (26200.2))

CPU model: 11th Gen Intel(R) Core(TM) i5-1145G7 @ 2.60GHz, instruction set [SSE2|AVX|AVX2|AVX512]
Thread count: 4 physical cores, 8 logical processors, using up to 8 threads

Non-default parameters:
LogToConsole  0

Optimize a model with 5146 rows, 8031 columns and 19306 nonzeros (Min)
Model fingerprint: 0xd749991e
Model has 2239 linear objective coefficients and an objective constant of 2.8149723707520004e+07
Model has 1660 quadratic objective terms
Coefficient statistics:
  Matrix range     [1e+00, 1e+04]
  Objective range  [4e-01, 1e+06]
  QObjective range [2e+04, 2e+04]
  Bounds range     [2e-06, 1e+04]
  RHS range        [2e-06, 1e+01]

Presolve removed 3646 rows and 3737 columns
Presolve time: 0.02s

Barrier solved model in 0 iterations and 0.02 seconds (0.01 work units)
Model is infeasible

User-callback calls 28, time in user-callback 0.00 sec
Gurobi Optimizer version 13.0.2 build v13.0.2rc1 (win64 - Windows 11+.0 (26200.2))

CPU model: 11th Gen Intel(R) Core(TM) i5-1145G7 @ 2.60GHz, instruction set [SSE2|AVX|AVX2|AVX512]
Thread count: 4 physical cores, 8 logical processors, using up to 8 threads

Non-default parameters:
LogToConsole  0

Iteration    Objective       Primal Inf.    Dual Inf.      Time
       0      handle free variables                          0s
Warning: Markowitz tolerance tightened to 0.03125

IIS computed: 5 constraints and 13 bounds
IIS runtime: 0.36 seconds (0.40 work units)
