This is Ipopt version 3.14.19, running with linear solver ma57.

Number of nonzeros in equality constraint Jacobian...:    13682
Number of nonzeros in inequality constraint Jacobian.:     3120
Number of nonzeros in Lagrangian Hessian.............:      899

Total number of variables............................:     5539
                     variables with only lower bounds:        0
                variables with lower and upper bounds:     4303
                     variables with only upper bounds:        0
Total number of equality constraints.................:     3582
Total number of inequality constraints...............:     1560
        inequality constraints with only lower bounds:        0
   inequality constraints with lower and upper bounds:     1560
        inequality constraints with only upper bounds:        0

iter    objective    inf_pr   inf_du lg(mu)  ||d||  lg(rg) alpha_du alpha_pr  ls
   0  2.1922893e+07 1.42e+01 8.48e+01  -1.0 0.00e+00    -  0.00e+00 0.00e+00   0
   1  2.1924010e+07 1.42e+01 8.46e+01  -1.0 2.12e+01    -  9.09e-03 2.73e-05f  1
   2  1.8707560e+07 1.40e+01 8.45e+01  -1.0 2.07e+01  -4.0 1.09e-03 1.49e-02f  1
   3  1.8329133e+07 1.36e+01 8.37e+01  -1.0 5.37e+01    -  1.25e-02 2.62e-02f  1
   4  1.6872930e+07 1.30e+01 8.09e+01  -1.0 1.82e+01    -  3.55e-02 4.51e-02f  1
   5  1.4109922e+07 1.15e+01 6.75e+01  -1.0 1.76e+01    -  1.57e-01 1.15e-01f  1
   6  6.4344914e+06 6.79e+00 5.22e+01  -1.0 2.87e+01    -  2.57e-01 4.10e-01f  1
   7  2.0372443e+06 1.22e+00 7.53e+00  -1.0 1.94e+01    -  8.51e-01 8.20e-01f  1
   8  1.3131689e+06 3.05e-12 1.35e+00  -1.0 6.22e+00  -4.5 8.66e-01 1.00e+00f  1
   9  1.2946095e+06 2.15e-12 1.39e-02  -1.0 7.81e-01  -5.0 9.91e-01 1.00e+00f  1
iter    objective    inf_pr   inf_du lg(mu)  ||d||  lg(rg) alpha_du alpha_pr  ls
  10  1.2936243e+06 2.83e-12 1.46e-11  -1.0 6.08e-02    -  1.00e+00 1.00e+00f  1
  11  2.0563258e+05 4.19e-12 3.41e-02  -2.5 8.96e-01    -  8.50e-01 1.00e+00f  1
  12  1.3221124e+05 1.54e-12 1.33e-02  -2.5 9.39e-01  -5.4 9.05e-01 1.00e+00f  1
  13  8.1381482e+04 3.00e-12 2.24e-02  -3.8 5.11e-01  -5.9 7.36e-01 1.00e+00f  1
  14  7.6287107e+04 3.05e-12 6.38e-03  -3.8 2.84e-01  -6.4 8.91e-01 1.00e+00f  1
  15  7.4907845e+04 2.25e-12 2.36e-08  -3.8 1.72e-01  -6.9 1.00e+00 1.00e+00f  1
  16  7.2468840e+04 2.60e-12 2.77e-03  -5.7 1.34e-01    -  8.03e-01 9.91e-01f  1
  17  7.2271764e+04 4.25e-12 1.53e-03  -5.7 6.64e-02  -7.3 8.36e-01 1.00e+00f  1
  18  7.2215692e+04 2.98e-12 5.23e-10  -5.7 3.43e-02  -7.8 1.00e+00 1.00e+00f  1
  19  7.2170545e+04 3.10e-12 1.64e-04  -8.6 3.64e-02    -  9.28e-01 9.98e-01f  1
iter    objective    inf_pr   inf_du lg(mu)  ||d||  lg(rg) alpha_du alpha_pr  ls
  20  7.2164105e+04 2.78e-12 5.63e-11  -8.6 1.11e-02  -8.3 1.00e+00 1.00e+00f  1
  21  7.2162061e+04 3.42e-12 8.97e-12  -8.6 5.30e-03  -8.8 1.00e+00 1.00e+00f  1
  22  7.2161534e+04 1.45e-12 1.97e-14  -8.6 1.74e-03    -  1.00e+00 1.00e+00f  1
  23  7.2161449e+04 4.11e-12 2.07e-05  -9.0 2.55e-04  -9.2 1.00e+00 8.93e-01f  1

Number of Iterations....: 23

                                   (scaled)                 (unscaled)
Objective...............:   7.2161448915060760e+00    7.2161448915060755e+04
Dual infeasibility......:   2.0707982671804188e-05    2.0707982671804187e-01
Constraint violation....:   7.4240625362173945e-13    4.1122660832115798e-12
Variable bound violation:   9.9999806046750534e-09    9.9999806046750534e-09
Complementarity.........:   6.2551884310253744e-09    6.2551884310253745e-05
Overall NLP error.......:   2.0707982671804188e-05    2.0707982671804187e-01


Number of objective function evaluations             = 24
Number of objective gradient evaluations             = 24
Number of equality constraint evaluations            = 24
Number of inequality constraint evaluations          = 24
Number of equality constraint Jacobian evaluations   = 1
Number of inequality constraint Jacobian evaluations = 1
Number of Lagrangian Hessian evaluations             = 1
Total seconds in IPOPT                               = 0.128

EXIT: Optimal Solution Found.

Gurobi 13.0.2 (win64) logging started Wed Jul 15 11:53:30 2026

Set parameter LogFile to value "C:\Users\ehsanno\DataspellProjects\Spanish_Power_System\results\GoRES\ipopt_logs\2024-12-02_h10.log"

Gurobi 13.0.2 (win64) logging started Wed Jul 15 11:53:30 2026

Set parameter LogFile to value "C:\Users\ehsanno\DataspellProjects\Spanish_Power_System\results\GoRES\ipopt_logs\2024-12-02_h10.log"
Gurobi Optimizer version 13.0.2 build v13.0.2rc1 (win64 - Windows 11+.0 (26200.2))

CPU model: 11th Gen Intel(R) Core(TM) i5-1145G7 @ 2.60GHz, instruction set [SSE2|AVX|AVX2|AVX512]
Thread count: 4 physical cores, 8 logical processors, using up to 8 threads

Non-default parameters:
LogToConsole  0

Optimize a model with 5142 rows, 7197 columns and 18460 nonzeros (Min)
Model fingerprint: 0x4a023ad7
Model has 2031 linear objective coefficients and an objective constant of 2.1028782420466863e+07
Model has 973 quadratic objective terms
Coefficient statistics:
  Matrix range     [1e+00, 1e+04]
  Objective range  [4e+00, 1e+06]
  QObjective range [2e+04, 2e+04]
  Bounds range     [2e-10, 1e+04]
  RHS range        [3e-06, 1e+01]

Presolve removed 3670 rows and 4175 columns
Presolve time: 0.01s
Presolved: 1472 rows, 3022 columns, 8988 nonzeros
Presolved model has 899 quadratic objective terms
Ordering time: 0.00s

Barrier statistics:
 AA' NZ     : 1.792e+04
 Factor NZ  : 4.665e+04 (roughly 2 MB of memory)
 Factor Ops : 1.864e+06 (less than 1 second per iteration)
 Threads    : 1

                  Objective                Residual
Iter       Primal          Dual         Primal    Dual     Compl     Time
   0   6.39099303e+12 -6.91560471e+11  7.25e+03 5.34e+03  5.34e+06     0s
   1   1.79841621e+12 -2.19502041e+11  2.15e+03 1.58e+03  1.62e+06     0s
   2   2.61636901e+11 -1.74580783e+11  3.20e+02 2.35e+02  2.97e+05     0s
   3   1.06334672e+11 -1.33535967e+11  1.31e+02 9.61e+01  1.25e+05     0s
   4   1.28265921e+10 -1.05817757e+11  1.63e+01 1.20e+01  3.31e+04     0s
   5   1.54060675e+09 -4.34175827e+10  2.39e+00 1.76e+00  9.32e+03     0s
   6   6.60502413e+08 -2.64968856e+10  1.08e+00 7.93e-01  5.37e+03     0s
   7   3.84065681e+08 -1.48927713e+10  4.46e-01 3.28e-01  2.86e+03     0s
   8   2.59885707e+08 -9.21830406e+09  2.40e-01 1.77e-01  1.72e+03     0s
   9   9.23910006e+07 -1.27878692e+09  1.02e-02 7.53e-03  2.29e+02     0s
  10   3.31920559e+07 -3.06631537e+08  1.53e-03 1.13e-03  5.60e+01     0s
  11   3.51016922e+06 -1.30543352e+07  3.42e-05 2.52e-05  2.72e+00     0s
  12   3.85368235e+05 -6.96059130e+05  4.24e-09 2.52e-11  1.78e-01     0s
  13   1.14366863e+05 -4.40222039e+03  2.45e-08 1.57e-11  1.95e-02     0s
  14   7.89061263e+04  6.12036147e+04  2.41e-07 1.72e-11  2.91e-03     0s
  15   7.30306497e+04  7.07336778e+04  5.43e-07 1.46e-11  3.78e-04     0s
  16   7.22923007e+04  7.19755646e+04  2.50e-06 1.86e-11  5.21e-05     0s
  17   7.21869315e+04  7.21615427e+04  9.11e-06 9.48e-12  4.18e-06     0s
  18   7.21742619e+04  7.21711511e+04  1.01e-04 7.43e-12  5.33e-07     0s
  19   7.21722276e+04  7.21719499e+04  5.50e-06 1.17e-11  4.53e-08     0s
  20   7.21720180e+04  7.21719815e+04  6.71e-07 1.08e-11  5.96e-09     0s
  21   7.21720177e+04  7.21719821e+04  1.61e-06 1.60e-11  5.55e-09     0s
  22   7.21720177e+04  7.21719826e+04  1.75e-06 1.28e-11  5.12e-09     0s
  23   7.21720171e+04  7.21719837e+04  3.34e-06 1.22e-11  4.48e-09     0s
  24   7.21720027e+04  7.21719956e+04  4.60e-06 1.17e-11  1.08e-09     0s
  25   7.21720022e+04  7.21719971e+04  5.54e-06 1.22e-11  4.18e-10     0s
  26   7.21720015e+04  7.21719982e+04  3.49e-06 5.23e-12  6.92e-13     0s
  27   7.21720010e+04  7.21719984e+04  2.82e-06 3.75e-12  2.11e-13     0s
  28   7.21720009e+04  7.21719984e+04  2.48e-06 1.46e-11  1.66e-14     0s
  29   7.21720006e+04  7.21719985e+04  2.75e-06 7.29e-12  7.36e-17     0s

Barrier performed 29 iterations in 0.07 seconds (0.06 work units)
Sub-optimal termination - objective 7.21720006e+04


User-callback calls 82, time in user-callback 0.00 sec

Gurobi 13.0.2 (win64) logging started Wed Jul 15 12:00:48 2026

Set parameter LogFile to value "C:\Users\ehsanno\DataspellProjects\Spanish_Power_System\results\GoRES\ipopt_logs\2024-12-02_h10.log"

Gurobi 13.0.2 (win64) logging started Wed Jul 15 12:00:48 2026

Set parameter LogFile to value "C:\Users\ehsanno\DataspellProjects\Spanish_Power_System\results\GoRES\ipopt_logs\2024-12-02_h10.log"
Gurobi Optimizer version 13.0.2 build v13.0.2rc1 (win64 - Windows 11+.0 (26200.2))

CPU model: 11th Gen Intel(R) Core(TM) i5-1145G7 @ 2.60GHz, instruction set [SSE2|AVX|AVX2|AVX512]
Thread count: 4 physical cores, 8 logical processors, using up to 8 threads

Non-default parameters:
LogToConsole  0

Optimize a model with 5142 rows, 7197 columns and 18460 nonzeros (Min)
Model fingerprint: 0x4a023ad7
Model has 2031 linear objective coefficients and an objective constant of 2.1028782420466863e+07
Model has 973 quadratic objective terms
Coefficient statistics:
  Matrix range     [1e+00, 1e+04]
  Objective range  [4e+00, 1e+06]
  QObjective range [2e+04, 2e+04]
  Bounds range     [2e-10, 1e+04]
  RHS range        [3e-06, 1e+01]

Presolve removed 3670 rows and 4175 columns
Presolve time: 0.01s
Presolved: 1472 rows, 3022 columns, 8988 nonzeros
Presolved model has 899 quadratic objective terms
Ordering time: 0.00s

Barrier statistics:
 AA' NZ     : 1.792e+04
 Factor NZ  : 4.665e+04 (roughly 2 MB of memory)
 Factor Ops : 1.864e+06 (less than 1 second per iteration)
 Threads    : 1

                  Objective                Residual
Iter       Primal          Dual         Primal    Dual     Compl     Time
   0   6.39099303e+12 -6.91560471e+11  7.25e+03 5.34e+03  5.34e+06     0s
   1   1.79841621e+12 -2.19502041e+11  2.15e+03 1.58e+03  1.62e+06     0s
   2   2.61636901e+11 -1.74580783e+11  3.20e+02 2.35e+02  2.97e+05     0s
   3   1.06334672e+11 -1.33535967e+11  1.31e+02 9.61e+01  1.25e+05     0s
   4   1.28265921e+10 -1.05817757e+11  1.63e+01 1.20e+01  3.31e+04     0s
   5   1.54060675e+09 -4.34175827e+10  2.39e+00 1.76e+00  9.32e+03     0s
   6   6.60502413e+08 -2.64968856e+10  1.08e+00 7.93e-01  5.37e+03     0s
   7   3.84065681e+08 -1.48927713e+10  4.46e-01 3.28e-01  2.86e+03     0s
   8   2.59885707e+08 -9.21830406e+09  2.40e-01 1.77e-01  1.72e+03     0s
   9   9.23910006e+07 -1.27878692e+09  1.02e-02 7.53e-03  2.29e+02     0s
  10   3.31920559e+07 -3.06631537e+08  1.53e-03 1.13e-03  5.60e+01     0s
  11   3.51016922e+06 -1.30543352e+07  3.42e-05 2.52e-05  2.72e+00     0s
  12   3.85368235e+05 -6.96059130e+05  4.24e-09 2.52e-11  1.78e-01     0s
  13   1.14366863e+05 -4.40222039e+03  2.45e-08 1.57e-11  1.95e-02     0s
  14   7.89061263e+04  6.12036147e+04  2.41e-07 1.72e-11  2.91e-03     0s
  15   7.30306497e+04  7.07336778e+04  5.43e-07 1.46e-11  3.78e-04     0s
  16   7.22923007e+04  7.19755646e+04  2.50e-06 1.86e-11  5.21e-05     0s
  17   7.21869315e+04  7.21615427e+04  9.11e-06 9.48e-12  4.18e-06     0s
  18   7.21742619e+04  7.21711511e+04  1.01e-04 7.43e-12  5.33e-07     0s
  19   7.21722276e+04  7.21719499e+04  5.50e-06 1.17e-11  4.53e-08     0s
  20   7.21720180e+04  7.21719815e+04  6.71e-07 1.08e-11  5.96e-09     0s
  21   7.21720177e+04  7.21719821e+04  1.61e-06 1.60e-11  5.55e-09     0s
  22   7.21720177e+04  7.21719826e+04  1.75e-06 1.28e-11  5.12e-09     0s
  23   7.21720171e+04  7.21719837e+04  3.34e-06 1.22e-11  4.48e-09     0s
  24   7.21720027e+04  7.21719956e+04  4.60e-06 1.17e-11  1.08e-09     0s
  25   7.21720022e+04  7.21719971e+04  5.54e-06 1.22e-11  4.18e-10     0s
  26   7.21720015e+04  7.21719982e+04  3.49e-06 5.23e-12  6.92e-13     0s
  27   7.21720010e+04  7.21719984e+04  2.82e-06 3.75e-12  2.11e-13     0s
  28   7.21720009e+04  7.21719984e+04  2.48e-06 1.46e-11  1.66e-14     0s
  29   7.21720006e+04  7.21719985e+04  2.75e-06 7.29e-12  7.36e-17     0s

Barrier performed 29 iterations in 0.07 seconds (0.06 work units)
Sub-optimal termination - objective 7.21720006e+04


User-callback calls 85, time in user-callback 0.00 sec

Gurobi 13.0.2 (win64) logging started Wed Jul 15 12:16:04 2026

Set parameter LogFile to value "C:\Users\ehsanno\DataspellProjects\Spanish_Power_System\results\GoRES\ipopt_logs\2024-12-02_h10.log"

Gurobi 13.0.2 (win64) logging started Wed Jul 15 12:16:04 2026

Set parameter LogFile to value "C:\Users\ehsanno\DataspellProjects\Spanish_Power_System\results\GoRES\ipopt_logs\2024-12-02_h10.log"
Gurobi Optimizer version 13.0.2 build v13.0.2rc1 (win64 - Windows 11+.0 (26200.2))

CPU model: 11th Gen Intel(R) Core(TM) i5-1145G7 @ 2.60GHz, instruction set [SSE2|AVX|AVX2|AVX512]
Thread count: 4 physical cores, 8 logical processors, using up to 8 threads

Non-default parameters:
LogToConsole  0

Optimize a model with 5142 rows, 7197 columns and 18460 nonzeros (Min)
Model fingerprint: 0x4a023ad7
Model has 2031 linear objective coefficients and an objective constant of 2.1028782420466863e+07
Model has 973 quadratic objective terms
Coefficient statistics:
  Matrix range     [1e+00, 1e+04]
  Objective range  [4e+00, 1e+06]
  QObjective range [2e+04, 2e+04]
  Bounds range     [2e-10, 1e+04]
  RHS range        [3e-06, 1e+01]

Presolve removed 3670 rows and 4175 columns
Presolve time: 0.01s
Presolved: 1472 rows, 3022 columns, 8988 nonzeros
Presolved model has 899 quadratic objective terms
Ordering time: 0.00s

Barrier statistics:
 AA' NZ     : 1.792e+04
 Factor NZ  : 4.665e+04 (roughly 2 MB of memory)
 Factor Ops : 1.864e+06 (less than 1 second per iteration)
 Threads    : 1

                  Objective                Residual
Iter       Primal          Dual         Primal    Dual     Compl     Time
   0   6.39099303e+12 -6.91560471e+11  7.25e+03 5.34e+03  5.34e+06     0s
   1   1.79841621e+12 -2.19502041e+11  2.15e+03 1.58e+03  1.62e+06     0s
   2   2.61636901e+11 -1.74580783e+11  3.20e+02 2.35e+02  2.97e+05     0s
   3   1.06334672e+11 -1.33535967e+11  1.31e+02 9.61e+01  1.25e+05     0s
   4   1.28265921e+10 -1.05817757e+11  1.63e+01 1.20e+01  3.31e+04     0s
   5   1.54060675e+09 -4.34175827e+10  2.39e+00 1.76e+00  9.32e+03     0s
   6   6.60502413e+08 -2.64968856e+10  1.08e+00 7.93e-01  5.37e+03     0s
   7   3.84065681e+08 -1.48927713e+10  4.46e-01 3.28e-01  2.86e+03     0s
   8   2.59885707e+08 -9.21830406e+09  2.40e-01 1.77e-01  1.72e+03     0s
   9   9.23910006e+07 -1.27878692e+09  1.02e-02 7.53e-03  2.29e+02     0s
  10   3.31920559e+07 -3.06631537e+08  1.53e-03 1.13e-03  5.60e+01     0s
  11   3.51016922e+06 -1.30543352e+07  3.42e-05 2.52e-05  2.72e+00     0s
  12   3.85368235e+05 -6.96059130e+05  4.24e-09 2.52e-11  1.78e-01     0s
  13   1.14366863e+05 -4.40222039e+03  2.45e-08 1.57e-11  1.95e-02     0s
  14   7.89061263e+04  6.12036147e+04  2.41e-07 1.72e-11  2.91e-03     0s
  15   7.30306497e+04  7.07336778e+04  5.43e-07 1.46e-11  3.78e-04     0s
  16   7.22923007e+04  7.19755646e+04  2.50e-06 1.86e-11  5.21e-05     0s
  17   7.21869315e+04  7.21615427e+04  9.11e-06 9.48e-12  4.18e-06     0s
  18   7.21742619e+04  7.21711511e+04  1.01e-04 7.43e-12  5.33e-07     0s
  19   7.21722276e+04  7.21719499e+04  5.50e-06 1.17e-11  4.53e-08     0s
  20   7.21720180e+04  7.21719815e+04  6.71e-07 1.08e-11  5.96e-09     0s
  21   7.21720177e+04  7.21719821e+04  1.61e-06 1.60e-11  5.55e-09     0s
  22   7.21720177e+04  7.21719826e+04  1.75e-06 1.28e-11  5.12e-09     0s
  23   7.21720171e+04  7.21719837e+04  3.34e-06 1.22e-11  4.48e-09     0s
  24   7.21720027e+04  7.21719956e+04  4.60e-06 1.17e-11  1.08e-09     0s
  25   7.21720022e+04  7.21719971e+04  5.54e-06 1.22e-11  4.18e-10     0s
  26   7.21720015e+04  7.21719982e+04  3.49e-06 5.23e-12  6.92e-13     0s
  27   7.21720010e+04  7.21719984e+04  2.82e-06 3.75e-12  2.11e-13     0s
  28   7.21720009e+04  7.21719984e+04  2.48e-06 1.46e-11  1.66e-14     0s
  29   7.21720006e+04  7.21719985e+04  2.75e-06 7.29e-12  7.36e-17     0s

Barrier performed 29 iterations in 0.07 seconds (0.06 work units)
Sub-optimal termination - objective 7.21720006e+04


User-callback calls 79, time in user-callback 0.00 sec

Gurobi 13.0.2 (win64) logging started Wed Jul 15 12:32:17 2026

Set parameter LogFile to value "C:\Users\ehsanno\DataspellProjects\Spanish_Power_System\results\GoRES\ipopt_logs\2024-12-02_h10.log"

Gurobi 13.0.2 (win64) logging started Wed Jul 15 12:32:17 2026

Set parameter LogFile to value "C:\Users\ehsanno\DataspellProjects\Spanish_Power_System\results\GoRES\ipopt_logs\2024-12-02_h10.log"
Gurobi Optimizer version 13.0.2 build v13.0.2rc1 (win64 - Windows 11+.0 (26200.2))

CPU model: 11th Gen Intel(R) Core(TM) i5-1145G7 @ 2.60GHz, instruction set [SSE2|AVX|AVX2|AVX512]
Thread count: 4 physical cores, 8 logical processors, using up to 8 threads

Non-default parameters:
LogToConsole  0

Optimize a model with 5142 rows, 7197 columns and 18460 nonzeros (Min)
Model fingerprint: 0xf05394d8
Model has 2031 linear objective coefficients and an objective constant of 2.1028782076399997e+07
Model has 973 quadratic objective terms
Coefficient statistics:
  Matrix range     [1e+00, 1e+04]
  Objective range  [4e+00, 1e+06]
  QObjective range [2e+04, 2e+04]
  Bounds range     [3e-06, 1e+04]
  RHS range        [3e-06, 1e+01]

Presolve removed 3670 rows and 4175 columns
Presolve time: 0.01s
Presolved: 1472 rows, 3022 columns, 8988 nonzeros
Presolved model has 899 quadratic objective terms
Ordering time: 0.00s

Barrier statistics:
 AA' NZ     : 1.792e+04
 Factor NZ  : 4.665e+04 (roughly 2 MB of memory)
 Factor Ops : 1.864e+06 (less than 1 second per iteration)
 Threads    : 1

                  Objective                Residual
Iter       Primal          Dual         Primal    Dual     Compl     Time
   0   6.39099303e+12 -6.91560470e+11  7.25e+03 5.34e+03  5.34e+06     0s
   1   1.79841621e+12 -2.19502041e+11  2.15e+03 1.58e+03  1.62e+06     0s
   2   2.61636902e+11 -1.74580783e+11  3.20e+02 2.35e+02  2.97e+05     0s
   3   1.06334672e+11 -1.33535967e+11  1.31e+02 9.61e+01  1.25e+05     0s
   4   1.28265920e+10 -1.05817757e+11  1.63e+01 1.20e+01  3.31e+04     0s
   5   1.54060680e+09 -4.34175828e+10  2.39e+00 1.76e+00  9.32e+03     0s
   6   6.60502589e+08 -2.64968890e+10  1.08e+00 7.93e-01  5.37e+03     0s
   7   3.84065676e+08 -1.48927705e+10  4.46e-01 3.28e-01  2.86e+03     0s
   8   2.59885366e+08 -9.21828486e+09  2.40e-01 1.77e-01  1.72e+03     0s
   9   9.23908395e+07 -1.27877987e+09  1.02e-02 7.53e-03  2.29e+02     0s
  10   3.31918686e+07 -3.06628562e+08  1.53e-03 1.13e-03  5.60e+01     0s
  11   3.51014038e+06 -1.30542679e+07  3.42e-05 2.52e-05  2.72e+00     0s
  12   3.85367936e+05 -6.96061388e+05  6.14e-10 2.52e-11  1.78e-01     0s
  13   1.14366822e+05 -4.40250444e+03  2.27e-08 2.12e-11  1.95e-02     0s
  14   7.89061125e+04  6.12035643e+04  1.02e-07 1.06e-11  2.91e-03     0s
  15   7.30306576e+04  7.07337027e+04  3.42e-07 6.12e-12  3.78e-04     0s
  16   7.22923134e+04  7.19755802e+04  3.18e-06 2.14e-11  5.21e-05     0s
  17   7.21869728e+04  7.21615564e+04  3.95e-06 1.20e-11  4.18e-06     0s
  18   7.21743127e+04  7.21711671e+04  1.27e-04 1.18e-11  5.33e-07     0s
  19   7.21722534e+04  7.21719703e+04  6.08e-06 1.26e-11  4.54e-08     0s
  20   7.21720373e+04  7.21720020e+04  1.82e-06 1.37e-11  5.57e-09     0s
  21   7.21720340e+04  7.21720056e+04  3.84e-06 8.79e-12  3.96e-09     0s
  22   7.21720331e+04  7.21720075e+04  5.72e-06 7.41e-12  2.85e-09     0s
  23   7.21720334e+04  7.21720078e+04  8.08e-06 9.45e-12  2.46e-09     0s
  24   7.21720229e+04  7.21720157e+04  9.55e-06 9.84e-12  6.09e-10     0s
  25   7.21720202e+04  7.21720177e+04  9.17e-06 1.59e-11  1.68e-11     0s
  26   7.21720204e+04  7.21720177e+04  1.02e-05 7.45e-12  2.53e-14     0s
  27   7.21720198e+04  7.21720179e+04  2.24e-06 7.28e-12  4.22e-16     0s
  28   7.21720196e+04  7.21720179e+04  2.50e-06 3.64e-12  1.98e-18     0s
  29   7.21720195e+04  7.21720179e+04  1.76e-06 7.28e-12  1.24e-20     0s
  30   7.21720193e+04  7.21720180e+04  1.69e-06 7.28e-12  1.50e-22     0s
  31   7.21720192e+04  7.21720180e+04  1.38e-06 2.27e-13  8.75e-25     0s
  32   7.21720191e+04  7.21720180e+04  2.11e-06 7.28e-12  7.57e-27     0s
  33   7.21720189e+04  7.21720180e+04  1.30e-06 1.36e-12  7.13e-27     0s
  34   7.21720189e+04  7.21720181e+04  1.62e-06 9.09e-13  6.70e-27     0s
  35   7.21720188e+04  7.21720181e+04  1.60e-06 7.11e-15  6.36e-27     0s
  36   7.21720187e+04  7.21720181e+04  9.93e-07 3.64e-12  6.08e-27     0s
  37   7.21720186e+04  7.21720181e+04  9.15e-07 3.64e-12  5.85e-27     0s
  38   7.21720186e+04  7.21720181e+04  8.97e-07 3.64e-12  5.67e-27     0s
  39   7.21720185e+04  7.21720181e+04  8.34e-07 3.64e-12  5.52e-27     0s
  40   7.21720185e+04  7.21720181e+04  4.50e-07 7.28e-12  5.40e-27     0s
  41   7.21720184e+04  7.21720181e+04  5.97e-07 1.78e-15  5.30e-27     0s
  42   7.21720184e+04  7.21720181e+04  3.13e-07 3.64e-12  5.22e-27     0s
  43   7.21720184e+04  7.21720181e+04  3.94e-07 7.11e-15  5.15e-27     0s
  44   7.21720183e+04  7.21720181e+04  5.54e-07 4.55e-13  5.10e-27     0s
  45   7.21720183e+04  7.21720181e+04  5.86e-07 7.28e-12  5.06e-27     0s
  46   7.21720183e+04  7.21720181e+04  3.76e-07 4.55e-13  5.61e-27     0s

Barrier solved model in 46 iterations and 0.10 seconds (0.10 work units)
Optimal objective 7.30306576e+04


User-callback calls 105, time in user-callback 0.00 sec

Gurobi 13.0.2 (win64) logging started Wed Jul 15 14:22:08 2026

Set parameter LogFile to value "C:\Users\ehsanno\DataspellProjects\Spanish_Power_System\results\GoRES\ipopt_logs\2024-12-02_h10.log"

Gurobi 13.0.2 (win64) logging started Wed Jul 15 14:22:08 2026

Set parameter LogFile to value "C:\Users\ehsanno\DataspellProjects\Spanish_Power_System\results\GoRES\ipopt_logs\2024-12-02_h10.log"
Gurobi Optimizer version 13.0.2 build v13.0.2rc1 (win64 - Windows 11+.0 (26200.2))

CPU model: 11th Gen Intel(R) Core(TM) i5-1145G7 @ 2.60GHz, instruction set [SSE2|AVX|AVX2|AVX512]
Thread count: 4 physical cores, 8 logical processors, using up to 8 threads

Non-default parameters:
LogToConsole  0

Optimize a model with 5142 rows, 7197 columns and 18460 nonzeros (Min)
Model fingerprint: 0x0a5b53b4
Model has 2031 linear objective coefficients and an objective constant of 2.1481231324291132e+07
Model has 973 quadratic objective terms
Coefficient statistics:
  Matrix range     [1e+00, 1e+04]
  Objective range  [4e+00, 1e+06]
  QObjective range [2e+04, 2e+04]
  Bounds range     [5e-12, 1e+04]
  RHS range        [3e-06, 1e+01]

Presolve removed 3670 rows and 4175 columns
Presolve time: 0.02s
Presolved: 1472 rows, 3022 columns, 8988 nonzeros
Presolved model has 899 quadratic objective terms
Ordering time: 0.01s

Barrier statistics:
 AA' NZ     : 1.792e+04
 Factor NZ  : 4.665e+04 (roughly 2 MB of memory)
 Factor Ops : 1.864e+06 (less than 1 second per iteration)
 Threads    : 1

                  Objective                Residual
Iter       Primal          Dual         Primal    Dual     Compl     Time
   0   6.39096840e+12 -6.92186516e+11  7.25e+03 5.34e+03  5.34e+06     0s
   1   1.79846193e+12 -2.20139453e+11  2.15e+03 1.58e+03  1.62e+06     0s
   2   2.61495711e+11 -1.75251361e+11  3.19e+02 2.35e+02  2.97e+05     0s
   3   1.06634731e+11 -1.34185601e+11  1.31e+02 9.64e+01  1.26e+05     0s
   4   1.29263326e+10 -1.06483969e+11  1.64e+01 1.21e+01  3.33e+04     0s
   5   1.57389475e+09 -4.40049870e+10  2.42e+00 1.78e+00  9.44e+03     0s
   6   6.99001131e+08 -2.70520798e+10  1.12e+00 8.27e-01  5.48e+03     0s
   7   4.47395015e+08 -1.71377714e+10  5.81e-01 4.28e-01  3.34e+03     0s
   8   2.02981660e+08 -5.68748819e+09  1.69e-01 1.24e-01  1.05e+03     0s
   9   7.50973562e+07 -9.28744956e+08  6.55e-03 4.83e-03  1.67e+02     0s
  10   1.85832249e+07 -1.12772161e+08  4.84e-04 3.56e-04  2.16e+01     0s
  11   1.44823779e+06 -5.06987770e+06  6.66e-06 4.90e-06  1.07e+00     0s
  12   2.44485275e+05 -3.05361640e+05  6.88e-09 2.24e-11  9.04e-02     0s
  13   9.36446517e+04  3.70297291e+04  9.41e-08 1.04e-11  9.30e-03     0s
  14   7.56852427e+04  6.61846227e+04  4.97e-07 1.19e-11  1.56e-03     0s
  15   7.26680822e+04  7.12991466e+04  8.17e-07 1.46e-11  2.25e-04     0s
  16   7.22335381e+04  7.20779917e+04  2.54e-06 4.89e-12  2.56e-05     0s
  17   7.21756680e+04  7.21596863e+04  1.97e-05 1.27e-11  2.63e-06     0s
  18   7.21671745e+04  7.21651765e+04  4.68e-07 1.15e-11  3.28e-07     0s
  19   7.21657252e+04  7.21656019e+04  2.75e-08 1.84e-11  2.02e-08     0s
  20   7.21657147e+04  7.21656037e+04  5.82e-07 1.50e-11  1.81e-08     0s
  21   7.21657133e+04  7.21656039e+04  8.65e-07 1.19e-11  1.78e-08     0s
  22   7.21656312e+04  7.21656150e+04  9.47e-07 1.75e-11  2.43e-09     0s
  23   7.21656307e+04  7.21656156e+04  1.63e-06 1.31e-11  2.05e-09     0s
  24   7.21656304e+04  7.21656164e+04  2.89e-06 8.65e-12  1.38e-09     0s
  25   7.21656298e+04  7.21656173e+04  6.38e-06 1.10e-11  7.37e-10     0s
  26   7.21656289e+04  7.21656182e+04  6.65e-06 5.19e-12  3.78e-10     0s
  27   7.21656276e+04  7.21656192e+04  1.41e-05 6.84e-12  2.40e-10     0s
  28   7.21656270e+04  7.21656198e+04  1.04e-05 9.28e-12  4.19e-13     0s
  29   7.21656266e+04  7.21656201e+04  3.45e-06 2.60e-13  6.79e-16     0s
  30   7.21656264e+04  7.21656202e+04  4.68e-06 7.28e-12  8.74e-19     0s

Barrier performed 30 iterations in 0.13 seconds (0.08 work units)
Sub-optimal termination - objective 7.21657252e+04


User-callback calls 92, time in user-callback 0.00 sec

Gurobi 13.0.2 (win64) logging started Wed Jul 15 14:28:11 2026

Set parameter LogFile to value "C:\Users\ehsanno\DataspellProjects\Spanish_Power_System\results\GoRES\ipopt_logs\2024-12-02_h10.log"

Gurobi 13.0.2 (win64) logging started Wed Jul 15 14:28:11 2026

Set parameter LogFile to value "C:\Users\ehsanno\DataspellProjects\Spanish_Power_System\results\GoRES\ipopt_logs\2024-12-02_h10.log"
Gurobi Optimizer version 13.0.2 build v13.0.2rc1 (win64 - Windows 11+.0 (26200.2))

CPU model: 11th Gen Intel(R) Core(TM) i5-1145G7 @ 2.60GHz, instruction set [SSE2|AVX|AVX2|AVX512]
Thread count: 4 physical cores, 8 logical processors, using up to 8 threads

Non-default parameters:
LogToConsole  0

Optimize a model with 5142 rows, 7197 columns and 18460 nonzeros (Min)
Model fingerprint: 0xcd69f2e3
Model has 2031 linear objective coefficients and an objective constant of 2.1481231324291132e+07
Model has 973 quadratic objective terms
Coefficient statistics:
  Matrix range     [1e+00, 1e+04]
  Objective range  [4e+00, 1e+06]
  QObjective range [2e+04, 2e+04]
  Bounds range     [5e-12, 1e+04]
  RHS range        [3e-06, 1e+01]

Presolve removed 3660 rows and 4157 columns
Presolve time: 0.01s
Presolved: 1482 rows, 3040 columns, 8936 nonzeros
Presolved model has 899 quadratic objective terms
Ordering time: 0.00s

Barrier statistics:
 AA' NZ     : 1.770e+04
 Factor NZ  : 4.776e+04 (roughly 2 MB of memory)
 Factor Ops : 1.975e+06 (less than 1 second per iteration)
 Threads    : 1

                  Objective                Residual
Iter       Primal          Dual         Primal    Dual     Compl     Time
   0   4.89553500e+12 -5.25451202e+11  6.25e+03 3.32e+03  3.30e+06     0s
   1   1.37391946e+12 -1.01138540e+11  1.88e+03 9.98e+02  1.01e+06     0s
   2   2.33128716e+11 -6.34791781e+10  3.27e+02 1.74e+02  2.25e+05     0s
   3   1.10217239e+10 -4.65403566e+10  1.57e+01 8.35e+00  1.71e+04     0s
   4   3.22383464e+09 -2.75791836e+10  4.71e+00 2.50e+00  7.12e+03     0s
   5   1.05495565e+09 -1.35619145e+10  1.59e+00 8.44e-01  2.92e+03     0s
   6   4.15192398e+08 -7.49150175e+09  5.51e-01 2.93e-01  1.48e+03     0s
   7   2.32103384e+08 -4.30059992e+09  2.63e-01 1.40e-01  8.11e+02     0s
   8   1.80349957e+08 -3.17518079e+09  1.71e-01 9.08e-02  5.91e+02     0s
   9   7.56081603e+07 -8.42359463e+08  3.75e-02 1.99e-02  1.55e+02     0s
  10   3.34848315e+07 -2.90640935e+08  3.27e-03 1.74e-03  5.32e+01     0s
  11   1.23756989e+07 -3.80470770e+07  1.65e-04 8.78e-05  8.24e+00     0s
  12   6.23660846e+06  2.80602937e+06  1.56e-06 8.30e-07  5.60e-01     0s
  13   5.42250335e+06  5.05849881e+06  6.27e-08 3.33e-08  5.95e-02     0s
  14   5.32197176e+06  5.28182336e+06  9.36e-09 2.32e-09  6.56e-03     0s
  15   5.31169161e+06  5.30698269e+06  4.61e-09 2.34e-10  7.69e-04     0s
  16   5.31036938e+06  5.31030802e+06  1.77e-08 1.61e-11  1.00e-05     0s
  17   5.31035246e+06  5.31035225e+06  1.18e-08 8.48e-12  3.41e-08     0s
  18   5.31034752e+06  5.31035233e+06  1.84e-06 1.56e-11  1.95e-09     0s
  19   5.31033926e+06  5.31035233e+06  4.57e-06 1.33e-11  1.83e-09     0s
  20   5.31035256e+06  5.31035233e+06  3.98e-07 9.36e-12  2.85e-11     0s
  21   5.31035230e+06  5.31035233e+06  6.83e-08 3.71e-12  1.47e-13     0s

Barrier solved model in 21 iterations and 0.06 seconds (0.05 work units)
Optimal objective 5.31035230e+06


User-callback calls 74, time in user-callback 0.00 sec

Gurobi 13.0.2 (win64) logging started Wed Jul 15 14:31:18 2026

Set parameter LogFile to value "C:\Users\ehsanno\DataspellProjects\Spanish_Power_System\results\GoRES\ipopt_logs\2024-12-02_h10.log"

Gurobi 13.0.2 (win64) logging started Wed Jul 15 14:31:18 2026

Set parameter LogFile to value "C:\Users\ehsanno\DataspellProjects\Spanish_Power_System\results\GoRES\ipopt_logs\2024-12-02_h10.log"
Gurobi Optimizer version 13.0.2 build v13.0.2rc1 (win64 - Windows 11+.0 (26200.2))

CPU model: 11th Gen Intel(R) Core(TM) i5-1145G7 @ 2.60GHz, instruction set [SSE2|AVX|AVX2|AVX512]
Thread count: 4 physical cores, 8 logical processors, using up to 8 threads

Non-default parameters:
LogToConsole  0

Optimize a model with 5142 rows, 7197 columns and 18460 nonzeros (Min)
Model fingerprint: 0x835eef8c
Model has 2031 linear objective coefficients and an objective constant of 2.1481247973359987e+07
Model has 973 quadratic objective terms
Coefficient statistics:
  Matrix range     [1e+00, 1e+04]
  Objective range  [4e+00, 1e+06]
  QObjective range [2e+04, 2e+04]
  Bounds range     [3e-06, 1e+04]
  RHS range        [3e-06, 1e+01]

Presolve removed 3668 rows and 4171 columns
Presolve time: 0.01s
Presolved: 1474 rows, 3026 columns, 8925 nonzeros
Presolved model has 899 quadratic objective terms
Ordering time: 0.00s

Barrier statistics:
 AA' NZ     : 1.772e+04
 Factor NZ  : 4.639e+04 (roughly 2 MB of memory)
 Factor Ops : 1.830e+06 (less than 1 second per iteration)
 Threads    : 1

                  Objective                Residual
Iter       Primal          Dual         Primal    Dual     Compl     Time
   0   5.09640011e+12 -5.54004453e+11  6.50e+03 3.60e+03  3.59e+06     0s
   1   1.42798110e+12 -1.21133875e+11  1.94e+03 1.08e+03  1.10e+06     0s
   2   2.33175974e+11 -8.50056311e+10  3.26e+02 1.81e+02  2.35e+05     0s
   3   1.51635814e+10 -5.62581779e+10  2.15e+01 1.19e+01  2.24e+04     0s
   4   3.28338692e+09 -3.26072445e+10  4.88e+00 2.70e+00  8.23e+03     0s
   5   1.04815841e+09 -1.61940352e+10  1.65e+00 9.13e-01  3.50e+03     0s
   6   3.83140727e+08 -8.07728949e+09  5.82e-01 3.23e-01  1.60e+03     0s
   7   2.98983853e+08 -6.29110879e+09  4.03e-01 2.23e-01  1.22e+03     0s
   8   1.35522624e+08 -2.36845360e+09  9.38e-02 5.20e-02  4.35e+02     0s
   9   4.63396664e+07 -5.96610678e+08  3.82e-03 2.12e-03  1.06e+02     0s
  10   1.07046618e+07 -7.46404697e+07  4.13e-04 2.29e-04  1.40e+01     0s
  11   3.18086262e+06 -1.55528757e+07  7.90e-05 4.38e-05  3.08e+00     0s
  12   1.09807358e+06 -4.40361468e+06  1.53e-05 8.50e-06  9.03e-01     0s
  13   5.17937219e+05 -1.89587125e+06  1.55e-09 1.30e-11  3.96e-01     0s
  14   2.10674530e+05  1.59839108e+04  1.61e-09 1.13e-11  3.20e-02     0s
  15   1.68988861e+05  1.31776866e+05  5.51e-08 1.02e-11  6.11e-03     0s
  16   1.60914342e+05  1.58890704e+05  2.31e-08 1.72e-11  3.32e-04     0s
  17   1.60417801e+05  1.60369830e+05  1.73e-07 1.27e-11  7.88e-06     0s
  18   1.60403710e+05  1.60402228e+05  4.05e-09 1.06e-11  2.43e-07     0s
  19   1.60403108e+05  1.60403048e+05  5.03e-09 1.79e-11  9.56e-09     0s

Barrier solved model in 19 iterations and 0.05 seconds (0.04 work units)
Optimal objective 1.60403108e+05


User-callback calls 71, time in user-callback 0.00 sec

Gurobi 13.0.2 (win64) logging started Wed Jul 15 17:24:49 2026

Set parameter LogFile to value "C:\Users\ehsanno\DataspellProjects\Spanish_Power_System\results\GoRES\ipopt_logs\2024-12-02_h10.log"

Gurobi 13.0.2 (win64) logging started Wed Jul 15 17:24:49 2026

Set parameter LogFile to value "C:\Users\ehsanno\DataspellProjects\Spanish_Power_System\results\GoRES\ipopt_logs\2024-12-02_h10.log"
Gurobi Optimizer version 13.0.2 build v13.0.2rc1 (win64 - Windows 11+.0 (26200.2))

CPU model: 11th Gen Intel(R) Core(TM) i5-1145G7 @ 2.60GHz, instruction set [SSE2|AVX|AVX2|AVX512]
Thread count: 4 physical cores, 8 logical processors, using up to 8 threads

Non-default parameters:
LogToConsole  0

Optimize a model with 5146 rows, 7443 columns and 18718 nonzeros (Min)
Model fingerprint: 0x975c1129
Model has 2199 linear objective coefficients and an objective constant of 2.3853247001803674e+07
Model has 972 quadratic objective terms
Coefficient statistics:
  Matrix range     [1e+00, 1e+04]
  Objective range  [4e-01, 1e+06]
  QObjective range [2e+04, 2e+04]
  Bounds range     [8e-13, 1e+04]
  RHS range        [3e-06, 1e+01]

Presolve removed 3643 rows and 4247 columns
Presolve time: 0.02s
Presolved: 1503 rows, 3196 columns, 9177 nonzeros
Presolved model has 898 quadratic objective terms
Ordering time: 0.01s

Barrier statistics:
 AA' NZ     : 1.795e+04
 Factor NZ  : 4.943e+04 (roughly 2 MB of memory)
 Factor Ops : 2.109e+06 (less than 1 second per iteration)
 Threads    : 1

                  Objective                Residual
Iter       Primal          Dual         Primal    Dual     Compl     Time
   0   4.87289448e+12 -1.52258790e+12  8.25e+03 3.79e+04  3.77e+07     0s
   1   9.51931454e+11 -7.87328459e+11  1.75e+03 8.02e+03  8.24e+06     0s
   2   6.00547349e+10 -7.70974117e+11  1.12e+02 5.16e+02  6.94e+05     0s
   3   1.50162837e+10 -4.52935118e+11  2.84e+01 1.30e+02  1.99e+05     0s
   4   7.86859376e+09 -3.51739460e+11  1.50e+01 6.88e+01  1.21e+05     0s
   5   1.99577238e+09 -2.01554729e+11  3.92e+00 1.80e+01  4.78e+04     0s
   6   5.39203150e+08 -9.65949616e+10  9.23e-01 4.24e+00  1.87e+04     0s
   7   3.10334850e+08 -4.59996483e+10  3.31e-01 1.52e+00  8.24e+03     0s
   8   1.90696925e+08 -1.39672891e+10  4.96e-02 2.27e-01  2.30e+03     0s
   9   1.36038670e+08 -2.19560508e+09  7.16e-03 3.29e-02  3.67e+02     0s
  10   5.58941465e+07 -7.06444330e+08  7.16e-09 3.29e-08  1.18e+02     0s
  11   1.27346183e+07 -5.08088867e+07  2.46e-10 1.13e-09  9.87e+00     0s
  12   5.11468412e+06 -1.14852003e+07  7.76e-11 2.53e-10  2.58e+00     0s
  13   2.79813508e+06  4.80581196e+05  4.15e-11 3.00e-11  3.60e-01     0s
  14   2.40991893e+06  1.89409600e+06  4.01e-10 6.81e-12  8.02e-02     0s
  15   2.33763427e+06  2.09894876e+06  4.93e-10 8.43e-12  3.71e-02     0s
  16   2.28441575e+06  2.23208897e+06  2.54e-09 1.59e-11  8.13e-03     0s
  17   2.27046051e+06  2.26788054e+06  1.17e-08 1.09e-11  4.01e-04     0s
  18   2.26955929e+06  2.26940940e+06  3.23e-08 1.82e-11  2.33e-05     0s
  19   2.26951789e+06  2.26951419e+06  3.58e-08 1.98e-11  5.76e-07     0s
  20   2.26951666e+06  2.26951661e+06  3.56e-10 1.32e-11  8.25e-09     0s

Barrier solved model in 20 iterations and 0.08 seconds (0.05 work units)
Optimal objective 2.26951666e+06


User-callback calls 66, time in user-callback 0.00 sec

Gurobi 13.0.2 (win64) logging started Wed Jul 15 17:27:56 2026

Set parameter LogFile to value "C:\Users\ehsanno\DataspellProjects\Spanish_Power_System\results\GoRES\ipopt_logs\2024-12-02_h10.log"

Gurobi 13.0.2 (win64) logging started Wed Jul 15 17:27:56 2026

Set parameter LogFile to value "C:\Users\ehsanno\DataspellProjects\Spanish_Power_System\results\GoRES\ipopt_logs\2024-12-02_h10.log"
Gurobi Optimizer version 13.0.2 build v13.0.2rc1 (win64 - Windows 11+.0 (26200.2))

CPU model: 11th Gen Intel(R) Core(TM) i5-1145G7 @ 2.60GHz, instruction set [SSE2|AVX|AVX2|AVX512]
Thread count: 4 physical cores, 8 logical processors, using up to 8 threads

Non-default parameters:
LogToConsole  0

Optimize a model with 5146 rows, 7443 columns and 18718 nonzeros (Min)
Model fingerprint: 0xf52c2a53
Model has 2199 linear objective coefficients and an objective constant of 2.3853235078320011e+07
Model has 972 quadratic objective terms
Coefficient statistics:
  Matrix range     [1e+00, 1e+04]
  Objective range  [4e-01, 1e+06]
  QObjective range [2e+04, 2e+04]
  Bounds range     [3e-06, 1e+04]
  RHS range        [3e-06, 1e+01]

Presolve removed 3651 rows and 4256 columns
Presolve time: 0.02s
Presolved: 1495 rows, 3187 columns, 9156 nonzeros
Presolved model has 898 quadratic objective terms
Ordering time: 0.00s

Barrier statistics:
 AA' NZ     : 1.784e+04
 Factor NZ  : 4.897e+04 (roughly 2 MB of memory)
 Factor Ops : 2.097e+06 (less than 1 second per iteration)
 Threads    : 1

                  Objective                Residual
Iter       Primal          Dual         Primal    Dual     Compl     Time
   0   5.62834874e+12 -1.70734328e+12  7.38e+03 3.76e+04  3.75e+07     0s
   1   1.15745391e+12 -8.90532135e+11  1.62e+03 8.29e+03  8.53e+06     0s
   2   9.03826441e+10 -8.19418558e+11  1.29e+02 6.59e+02  8.36e+05     0s
   3   1.65149234e+10 -4.56125605e+11  2.40e+01 1.22e+02  1.86e+05     0s
   4   2.42985330e+09 -2.53369344e+11  3.71e+00 1.89e+01  5.75e+04     0s
   5   7.04784968e+08 -1.24846888e+11  1.05e+00 5.36e+00  2.45e+04     0s
   6   3.71067177e+08 -6.57481742e+10  3.47e-01 1.77e+00  1.19e+04     0s
   7   2.00784306e+08 -2.90286717e+10  4.99e-02 2.55e-01  4.79e+03     0s
   8   1.62111399e+08 -5.51624251e+09  6.41e-03 3.27e-02  8.97e+02     0s
   9   1.04058340e+08 -1.83169580e+09  1.64e-03 8.36e-03  3.03e+02     0s
  10   3.62864490e+07 -4.39345630e+08  1.08e-04 5.52e-04  7.42e+01     0s
  11   8.15683209e+06 -5.10928938e+07  1.06e-05 5.40e-05  9.23e+00     0s
  12   1.52258444e+06 -4.16856285e+06  6.09e-07 3.11e-06  8.87e-01     0s
  13   6.21474739e+05 -3.07154094e+05  3.54e-08 1.80e-07  1.45e-01     0s
  14   4.25242717e+05  3.11541068e+05  1.00e-09 5.12e-09  1.77e-02     0s
  15   4.04237089e+05  3.53997961e+05  4.04e-09 2.05e-09  7.83e-03     0s
  16   3.99809565e+05  3.62151399e+05  3.90e-09 1.51e-09  5.87e-03     0s
  17   3.94661656e+05  3.68632887e+05  4.67e-09 7.96e-10  4.06e-03     0s
  18   3.90504996e+05  3.76790583e+05  5.34e-09 3.52e-10  2.14e-03     0s
  19   3.88566936e+05  3.80270573e+05  2.18e-08 1.52e-10  1.29e-03     0s
  20   3.87318127e+05  3.83172820e+05  1.13e-08 5.36e-11  6.46e-04     0s
  21   3.86849660e+05  3.84342536e+05  9.38e-09 2.07e-11  3.91e-04     0s
  22   3.86389189e+05  3.85752514e+05  1.04e-08 1.02e-11  9.92e-05     0s
  23   3.86299431e+05  3.86036142e+05  4.16e-09 6.49e-12  4.10e-05     0s
  24   3.86278515e+05  3.86083455e+05  1.71e-09 6.52e-12  3.04e-05     0s
  25   3.86244229e+05  3.86190871e+05  3.88e-09 9.89e-12  8.32e-06     0s
  26   3.86232401e+05  3.86232188e+05  2.20e-10 1.33e-11  3.31e-08     0s
  27   3.86232325e+05  3.86232324e+05  1.22e-09 6.94e-12  4.93e-10     0s

Barrier solved model in 27 iterations and 0.10 seconds (0.06 work units)
Optimal objective 3.86232325e+05


User-callback calls 72, time in user-callback 0.00 sec

Gurobi 13.0.2 (win64) logging started Wed Jul 15 17:30:16 2026

Set parameter LogFile to value "C:\Users\ehsanno\DataspellProjects\Spanish_Power_System\results\GoRES\ipopt_logs\2024-12-02_h10.log"

Gurobi 13.0.2 (win64) logging started Wed Jul 15 17:30:16 2026

Set parameter LogFile to value "C:\Users\ehsanno\DataspellProjects\Spanish_Power_System\results\GoRES\ipopt_logs\2024-12-02_h10.log"
Gurobi Optimizer version 13.0.2 build v13.0.2rc1 (win64 - Windows 11+.0 (26200.2))

CPU model: 11th Gen Intel(R) Core(TM) i5-1145G7 @ 2.60GHz, instruction set [SSE2|AVX|AVX2|AVX512]
Thread count: 4 physical cores, 8 logical processors, using up to 8 threads

Non-default parameters:
LogToConsole  0

Optimize a model with 5146 rows, 7443 columns and 18718 nonzeros (Min)
Model fingerprint: 0x5c92783e
Model has 2199 linear objective coefficients and an objective constant of 2.3853235078320011e+07
Model has 972 quadratic objective terms
Coefficient statistics:
  Matrix range     [1e+00, 1e+04]
  Objective range  [4e-01, 1e+06]
  QObjective range [2e+04, 2e+04]
  Bounds range     [3e-06, 1e+04]
  RHS range        [3e-06, 1e+01]

Presolve removed 3655 rows and 4263 columns
Presolve time: 0.02s
Presolved: 1491 rows, 3180 columns, 9181 nonzeros
Presolved model has 898 quadratic objective terms
Ordering time: 0.01s

Barrier statistics:
 AA' NZ     : 1.788e+04
 Factor NZ  : 4.901e+04 (roughly 2 MB of memory)
 Factor Ops : 2.098e+06 (less than 1 second per iteration)
 Threads    : 1

                  Objective                Residual
Iter       Primal          Dual         Primal    Dual     Compl     Time
   0   5.70479404e+12 -2.09662493e+12  7.75e+03 3.76e+04  3.76e+07     0s
   1   1.22855376e+12 -1.16497216e+12  1.78e+03 8.67e+03  8.93e+06     0s
   2   1.16469224e+11 -1.01213693e+12  1.73e+02 8.39e+02  1.03e+06     0s
   3   1.85200984e+10 -5.60007537e+11  2.81e+01 1.36e+02  2.12e+05     0s
   4   2.31949657e+09 -3.12824366e+11  3.78e+00 1.83e+01  6.79e+04     0s
   5   8.79771098e+08 -1.59368460e+11  1.50e+00 7.26e+00  3.15e+04     0s
   6   5.29614592e+08 -1.00189205e+11  6.90e-01 3.35e+00  1.89e+04     0s
   7   3.81282092e+08 -6.24067793e+10  4.01e-01 1.95e+00  1.13e+04     0s
   8   1.91741878e+08 -2.43838938e+10  4.74e-02 2.30e-01  4.02e+03     0s
   9   1.55281531e+08 -4.43651990e+09  5.80e-03 2.82e-02  7.26e+02     0s
  10   9.04178370e+07 -1.58286732e+09  1.20e-03 5.82e-03  2.62e+02     0s
  11   2.29991636e+07 -1.07856127e+08  3.11e-06 1.51e-05  2.04e+01     0s
  12   1.82880141e+06 -8.98528041e+06  1.41e-08 6.85e-08  1.69e+00     0s
  13   4.54356404e+05 -1.36160010e+06  1.27e-09 5.89e-09  2.84e-01     0s
  14   1.41810780e+05 -8.88974846e+04  1.89e-09 2.19e-11  3.60e-02     0s
  15   8.98554234e+04  6.56963711e+04  2.13e-09 9.09e-12  3.77e-03     0s
  16   8.49657402e+04  7.33728079e+04  1.11e-08 9.23e-12  1.81e-03     0s
  17   8.32805431e+04  7.59061973e+04  1.16e-08 4.21e-12  1.15e-03     0s
  18   8.28471473e+04  7.65379588e+04  9.92e-09 1.05e-11  9.85e-04     0s
  19   8.24974141e+04  7.70492489e+04  1.35e-08 6.20e-12  8.51e-04     0s
  20   8.15398526e+04  7.82667052e+04  1.28e-07 8.06e-12  5.11e-04     0s
  21   8.10274126e+04  7.86885222e+04  4.20e-08 5.62e-12  3.65e-04     0s
  22   8.08223661e+04  7.91565314e+04  3.83e-08 6.80e-12  2.60e-04     0s
  23   8.05762626e+04  7.95436449e+04  5.72e-10 1.27e-11  1.61e-04     0s
  24   8.03773730e+04  8.03080065e+04  9.24e-10 1.21e-11  1.08e-05     0s
  25   8.03603747e+04  8.03576621e+04  4.77e-10 1.46e-11  4.24e-07     0s
  26   8.03594349e+04  8.03593987e+04  6.30e-10 1.10e-11  5.64e-09     0s

Barrier solved model in 26 iterations and 0.09 seconds (0.06 work units)
Optimal objective 8.03594349e+04


User-callback calls 75, time in user-callback 0.00 sec

Gurobi 13.0.2 (win64) logging started Wed Jul 15 18:00:45 2026

Set parameter LogFile to value "C:\Users\ehsanno\DataspellProjects\Spanish_Power_System\results\GoRES\ipopt_logs\2024-12-02_h10.log"

Gurobi 13.0.2 (win64) logging started Wed Jul 15 18:00:45 2026

Set parameter LogFile to value "C:\Users\ehsanno\DataspellProjects\Spanish_Power_System\results\GoRES\ipopt_logs\2024-12-02_h10.log"
Gurobi Optimizer version 13.0.2 build v13.0.2rc1 (win64 - Windows 11+.0 (26200.2))

CPU model: 11th Gen Intel(R) Core(TM) i5-1145G7 @ 2.60GHz, instruction set [SSE2|AVX|AVX2|AVX512]
Thread count: 4 physical cores, 8 logical processors, using up to 8 threads

Non-default parameters:
LogToConsole  0

Optimize a model with 5146 rows, 7443 columns and 18718 nonzeros (Min)
Model fingerprint: 0xd8c22c50
Model has 2199 linear objective coefficients and an objective constant of 2.3853235078320011e+07
Model has 972 quadratic objective terms
Coefficient statistics:
  Matrix range     [1e+00, 1e+04]
  Objective range  [4e-01, 1e+06]
  QObjective range [2e+04, 2e+04]
  Bounds range     [3e-06, 1e+04]
  RHS range        [3e-06, 1e+01]

Presolve removed 3653 rows and 4260 columns
Presolve time: 0.02s
Presolved: 1493 rows, 3183 columns, 9199 nonzeros
Presolved model has 898 quadratic objective terms
Ordering time: 0.00s

Barrier statistics:
 AA' NZ     : 1.786e+04
 Factor NZ  : 4.850e+04 (roughly 2 MB of memory)
 Factor Ops : 2.033e+06 (less than 1 second per iteration)
 Threads    : 1

                  Objective                Residual
Iter       Primal          Dual         Primal    Dual     Compl     Time
   0   6.43205945e+12 -2.42082243e+12  7.50e+03 3.76e+04  3.76e+07     0s
   1   1.44403058e+12 -1.39935269e+12  1.79e+03 8.96e+03  9.25e+06     0s
   2   1.55520572e+11 -1.18882763e+12  1.96e+02 9.84e+02  1.22e+06     0s
   3   2.33542384e+10 -6.23791025e+11  3.01e+01 1.51e+02  2.36e+05     0s
   4   3.71069978e+09 -2.78586885e+11  5.15e+00 2.58e+01  6.35e+04     0s
   5   1.14887597e+09 -1.21762917e+11  1.69e+00 8.46e+00  2.46e+04     0s
   6   7.27698060e+08 -8.61471231e+10  9.16e-01 4.59e+00  1.68e+04     0s
   7   4.42483192e+08 -4.76649682e+10  4.37e-01 2.19e+00  8.83e+03     0s
   8   1.81515490e+08 -1.68036035e+10  3.82e-02 1.92e-01  2.76e+03     0s
   9   1.40750364e+08 -2.85300230e+09  4.79e-03 2.40e-02  4.72e+02     0s
  10   8.92304318e+07 -1.40485325e+09  1.41e-03 7.09e-03  2.34e+02     0s
  11   2.10524850e+07 -1.19739191e+08  1.51e-05 7.60e-05  2.20e+01     0s
  12   1.59545311e+06 -6.76921916e+06  6.66e-10 7.60e-11  1.31e+00     0s
  13   2.96574642e+05 -5.09851743e+05  5.08e-10 1.57e-11  1.26e-01     0s
  14   1.04597472e+05 -9.95363776e+03  8.91e-10 2.10e-11  1.79e-02     0s
  15   7.79241585e+04  5.19364654e+04  3.41e-09 2.00e-11  4.06e-03     0s
  16   7.24337282e+04  6.33983904e+04  1.02e-08 6.58e-12  1.41e-03     0s
  17   6.97350989e+04  6.85496740e+04  1.36e-07 1.16e-11  1.85e-04     0s
  18   6.94071705e+04  6.92987325e+04  3.64e-07 8.54e-12  1.69e-05     0s
  19   6.93690896e+04  6.93587941e+04  3.20e-06 6.54e-12  1.61e-06     0s
  20   6.93640406e+04  6.93626438e+04  1.84e-05 2.51e-11  2.20e-07     0s
  21   6.93632268e+04  6.93631729e+04  6.68e-07 1.11e-11  8.49e-09     0s
  22   6.93632187e+04  6.93631755e+04  1.39e-06 8.20e-12  6.50e-09     0s
  23   6.93632130e+04  6.93631769e+04  2.05e-06 6.54e-12  4.75e-09     0s
  24   6.93632125e+04  6.93631771e+04  3.45e-06 6.65e-12  4.75e-09     0s
  25   6.93632065e+04  6.93631632e+04  6.49e-06 7.51e-11  4.33e-09     0s
  26   6.93631987e+04  6.93631771e+04  6.43e-06 8.51e-12  1.17e-09     0s
  27   6.93631959e+04  6.93631809e+04  1.04e-05 8.08e-12  6.01e-10     0s
  28   6.93631949e+04  6.93631830e+04  7.39e-06 3.16e-11  6.09e-13     0s
  29   6.93631952e+04  6.93631827e+04  3.65e-06 2.93e-11  6.18e-16     0s
  30   6.93631948e+04  6.93631831e+04  5.12e-06 2.93e-11  5.15e-16     0s
  31   6.93631946e+04  6.93631833e+04  9.11e-06 1.47e-11  4.14e-16     0s
  32   6.93631944e+04  6.93631835e+04  1.43e-05 1.47e-11  2.86e-16     0s
  33   6.93631940e+04  6.93631839e+04  2.06e-05 1.46e-11  1.23e-16     0s
  34   6.93631912e+04  6.93631863e+04  1.59e-05 7.28e-12  4.67e-18     0s

Barrier performed 34 iterations in 0.12 seconds (0.08 work units)
Sub-optimal termination - objective 6.97350989e+04


User-callback calls 82, time in user-callback 0.00 sec

Gurobi 13.0.2 (win64) logging started Thu Jul 16 15:27:26 2026

Set parameter LogFile to value "C:\Users\ehsanno\DataspellProjects\Spanish_Power_System\results\GoRES\ipopt_logs\2024-12-02_h10.log"

Gurobi 13.0.2 (win64) logging started Thu Jul 16 15:27:26 2026

Set parameter LogFile to value "C:\Users\ehsanno\DataspellProjects\Spanish_Power_System\results\GoRES\ipopt_logs\2024-12-02_h10.log"
Gurobi Optimizer version 13.0.2 build v13.0.2rc1 (win64 - Windows 11+.0 (26200.2))

CPU model: 11th Gen Intel(R) Core(TM) i5-1145G7 @ 2.60GHz, instruction set [SSE2|AVX|AVX2|AVX512]
Thread count: 4 physical cores, 8 logical processors, using up to 8 threads

Non-default parameters:
LogToConsole  0

Optimize a model with 5146 rows, 7443 columns and 18718 nonzeros (Min)
Model fingerprint: 0xd8c22c50
Model has 2199 linear objective coefficients and an objective constant of 2.3853235078320011e+07
Model has 972 quadratic objective terms
Coefficient statistics:
  Matrix range     [1e+00, 1e+04]
  Objective range  [4e-01, 1e+06]
  QObjective range [2e+04, 2e+04]
  Bounds range     [3e-06, 1e+04]
  RHS range        [3e-06, 1e+01]

Presolve removed 3653 rows and 4260 columns
Presolve time: 0.02s
Presolved: 1493 rows, 3183 columns, 9199 nonzeros
Presolved model has 898 quadratic objective terms
Ordering time: 0.00s

Barrier statistics:
 AA' NZ     : 1.786e+04
 Factor NZ  : 4.850e+04 (roughly 2 MB of memory)
 Factor Ops : 2.033e+06 (less than 1 second per iteration)
 Threads    : 1

                  Objective                Residual
Iter       Primal          Dual         Primal    Dual     Compl     Time
   0   6.43205945e+12 -2.42082243e+12  7.50e+03 3.76e+04  3.76e+07     0s
   1   1.44403058e+12 -1.39935269e+12  1.79e+03 8.96e+03  9.25e+06     0s
   2   1.55520572e+11 -1.18882763e+12  1.96e+02 9.84e+02  1.22e+06     0s
   3   2.33542384e+10 -6.23791025e+11  3.01e+01 1.51e+02  2.36e+05     0s
   4   3.71069978e+09 -2.78586885e+11  5.15e+00 2.58e+01  6.35e+04     0s
   5   1.14887597e+09 -1.21762917e+11  1.69e+00 8.46e+00  2.46e+04     0s
   6   7.27698060e+08 -8.61471231e+10  9.16e-01 4.59e+00  1.68e+04     0s
   7   4.42483192e+08 -4.76649682e+10  4.37e-01 2.19e+00  8.83e+03     0s
   8   1.81515490e+08 -1.68036035e+10  3.82e-02 1.92e-01  2.76e+03     0s
   9   1.40750364e+08 -2.85300230e+09  4.79e-03 2.40e-02  4.72e+02     0s
  10   8.92304318e+07 -1.40485325e+09  1.41e-03 7.09e-03  2.34e+02     0s
  11   2.10524850e+07 -1.19739191e+08  1.51e-05 7.60e-05  2.20e+01     0s
  12   1.59545311e+06 -6.76921916e+06  6.66e-10 7.60e-11  1.31e+00     0s
  13   2.96574642e+05 -5.09851743e+05  5.08e-10 1.57e-11  1.26e-01     0s
  14   1.04597472e+05 -9.95363776e+03  8.91e-10 2.10e-11  1.79e-02     0s
  15   7.79241585e+04  5.19364654e+04  3.41e-09 2.00e-11  4.06e-03     0s
  16   7.24337282e+04  6.33983904e+04  1.02e-08 6.58e-12  1.41e-03     0s
  17   6.97350989e+04  6.85496740e+04  1.36e-07 1.16e-11  1.85e-04     0s
  18   6.94071705e+04  6.92987325e+04  3.64e-07 8.54e-12  1.69e-05     0s
  19   6.93690896e+04  6.93587941e+04  3.20e-06 6.54e-12  1.61e-06     0s
  20   6.93640406e+04  6.93626438e+04  1.84e-05 2.51e-11  2.20e-07     0s
  21   6.93632268e+04  6.93631729e+04  6.68e-07 1.11e-11  8.49e-09     0s
  22   6.93632187e+04  6.93631755e+04  1.39e-06 8.20e-12  6.50e-09     0s
  23   6.93632130e+04  6.93631769e+04  2.05e-06 6.54e-12  4.75e-09     0s
  24   6.93632125e+04  6.93631771e+04  3.45e-06 6.65e-12  4.75e-09     0s
  25   6.93632065e+04  6.93631632e+04  6.49e-06 7.51e-11  4.33e-09     0s
  26   6.93631987e+04  6.93631771e+04  6.43e-06 8.51e-12  1.17e-09     0s
  27   6.93631959e+04  6.93631809e+04  1.04e-05 8.08e-12  6.01e-10     0s
  28   6.93631949e+04  6.93631830e+04  7.39e-06 3.16e-11  6.09e-13     0s
  29   6.93631952e+04  6.93631827e+04  3.65e-06 2.93e-11  6.18e-16     0s
  30   6.93631948e+04  6.93631831e+04  5.12e-06 2.93e-11  5.15e-16     0s
  31   6.93631946e+04  6.93631833e+04  9.11e-06 1.47e-11  4.14e-16     0s
  32   6.93631944e+04  6.93631835e+04  1.43e-05 1.47e-11  2.86e-16     0s
  33   6.93631940e+04  6.93631839e+04  2.06e-05 1.46e-11  1.23e-16     0s
  34   6.93631912e+04  6.93631863e+04  1.59e-05 7.28e-12  4.67e-18     0s

Barrier performed 34 iterations in 0.10 seconds (0.08 work units)
Sub-optimal termination - objective 6.97350989e+04


User-callback calls 94, time in user-callback 0.00 sec

Gurobi 13.0.2 (win64) logging started Thu Jul 16 16:08:03 2026

Set parameter LogFile to value "C:\Users\ehsanno\DataspellProjects\Spanish_Power_System\results\GoRES\ipopt_logs\2024-12-02_h10.log"

Gurobi 13.0.2 (win64) logging started Thu Jul 16 16:08:03 2026

Set parameter LogFile to value "C:\Users\ehsanno\DataspellProjects\Spanish_Power_System\results\GoRES\ipopt_logs\2024-12-02_h10.log"
Gurobi Optimizer version 13.0.2 build v13.0.2rc1 (win64 - Windows 11+.0 (26200.2))

CPU model: 11th Gen Intel(R) Core(TM) i5-1145G7 @ 2.60GHz, instruction set [SSE2|AVX|AVX2|AVX512]
Thread count: 4 physical cores, 8 logical processors, using up to 8 threads

Non-default parameters:
LogToConsole  0

Optimize a model with 5146 rows, 7859 columns and 19134 nonzeros (Min)
Model fingerprint: 0x3f0c6c20
Model has 2338 linear objective coefficients and an objective constant of 24698915.2354265
Model has 1482 quadratic objective terms
Coefficient statistics:
  Matrix range     [1e+00, 1e+04]
  Objective range  [9e-07, 1e+06]
  QObjective range [2e+04, 2e+04]
  Bounds range     [3e-06, 1e+04]
  RHS range        [3e-06, 1e+01]

Presolve removed 3637 rows and 4150 columns
Presolve time: 0.02s
Presolved: 1509 rows, 3709 columns, 9804 nonzeros
Presolved model has 1408 quadratic objective terms
Ordering time: 0.00s

Barrier statistics:
 AA' NZ     : 1.775e+04
 Factor NZ  : 4.791e+04 (roughly 2 MB of memory)
 Factor Ops : 1.944e+06 (less than 1 second per iteration)
 Threads    : 1

                  Objective                Residual
Iter       Primal          Dual         Primal    Dual     Compl     Time
   0   6.36998564e+12 -7.80456635e+12  8.00e+03 3.85e+07  3.93e+10     0s
   1   1.52992363e+12 -5.78649298e+12  1.93e+03 9.30e+06  9.99e+09     0s
   2   1.69984163e+11 -3.41361228e+12  2.15e+02 1.04e+06  1.47e+09     0s
   3   2.62384264e+10 -1.23707454e+12  3.38e+01 1.63e+05  2.93e+08     0s
   4   1.70544166e+10 -9.11083309e+11  2.22e+01 1.07e+05  1.98e+08     0s
   5   6.03167250e+09 -5.61533403e+11  8.05e+00 3.88e+04  1.05e+08     0s
   6   1.46400089e+09 -1.88120768e+11  2.13e+00 1.03e+04  3.12e+07     0s
   7   6.65796891e+08 -1.12119584e+11  7.66e-01 3.69e+03  1.77e+07     0s
   8   3.26823158e+08 -6.74835383e+10  2.89e-01 1.39e+03  1.03e+07     0s
   9   1.73301306e+08 -8.28542293e+09  2.89e-02 1.39e+02  1.21e+06     0s
  10   1.22274923e+08 -2.19980014e+09  6.24e-03 3.01e+01  3.23e+05     0s
  11   5.51520890e+07 -6.13313453e+08  5.93e-05 2.86e-01  9.15e+04     0s
  12   7.96451159e+06 -4.51032389e+07  2.50e-08 1.21e-04  7.26e+03     0s
  13   8.22141821e+05 -3.18009771e+06  1.27e-09 8.00e-07  5.48e+02     0s
  14   2.11113165e+05 -3.40464905e+05  2.71e-09 5.84e-08  7.55e+01     0s
  15   9.34370989e+04  1.52348412e+04  4.66e-09 1.39e-08  1.07e+01     0s
  16   7.14844819e+04  6.55038291e+04  2.87e-09 1.81e-08  8.18e-01     0s
  17   6.96121853e+04  6.90129675e+04  6.19e-08 2.01e-08  8.20e-02     0s
  18   6.94102742e+04  6.93323724e+04  3.00e-07 1.71e-08  1.07e-02     0s
  19   6.93805123e+04  6.93707233e+04  1.79e-06 1.03e-08  1.34e-03     0s
  20   6.93762030e+04  6.93748990e+04  6.72e-06 8.19e-09  1.78e-04     0s
  21   6.93756856e+04  6.93755190e+04  5.44e-05 1.23e-08  2.18e-05     0s
  22   6.93756345e+04  6.93755937e+04  5.64e-06 1.83e-08  5.56e-06     0s
  23   6.93756265e+04  6.93756163e+04  1.56e-06 1.59e-08  1.38e-06     0s
  24   6.93756254e+04  6.93756152e+04  3.86e-08 1.96e-08  1.39e-06     0s

Barrier solved model in 24 iterations and 0.09 seconds (0.06 work units)
Optimal objective 6.93756254e+04


User-callback calls 83, time in user-callback 0.00 sec

Gurobi 13.0.2 (win64) logging started Thu Jul 16 16:15:21 2026

Set parameter LogFile to value "C:\Users\ehsanno\DataspellProjects\Spanish_Power_System\results\GoRES\ipopt_logs\2024-12-02_h10.log"

Gurobi 13.0.2 (win64) logging started Thu Jul 16 16:15:21 2026

Set parameter LogFile to value "C:\Users\ehsanno\DataspellProjects\Spanish_Power_System\results\GoRES\ipopt_logs\2024-12-02_h10.log"
Gurobi Optimizer version 13.0.2 build v13.0.2rc1 (win64 - Windows 11+.0 (26200.2))

CPU model: 11th Gen Intel(R) Core(TM) i5-1145G7 @ 2.60GHz, instruction set [SSE2|AVX|AVX2|AVX512]
Thread count: 4 physical cores, 8 logical processors, using up to 8 threads

Non-default parameters:
LogToConsole  0

Optimize a model with 5146 rows, 7859 columns and 19134 nonzeros (Min)
Model fingerprint: 0xc7a9ed58
Model has 2338 linear objective coefficients and an objective constant of 24698915.2354265
Model has 1482 quadratic objective terms
Coefficient statistics:
  Matrix range     [1e+00, 1e+04]
  Objective range  [9e-07, 1e+06]
  QObjective range [2e+04, 2e+04]
  Bounds range     [3e-06, 1e+04]
  RHS range        [3e-06, 1e+01]

Presolve removed 3641 rows and 4148 columns
Presolve time: 0.02s
Presolved: 1505 rows, 3711 columns, 9735 nonzeros
Presolved model has 1408 quadratic objective terms
Ordering time: 0.00s

Barrier statistics:
 AA' NZ     : 1.782e+04
 Factor NZ  : 4.701e+04 (roughly 2 MB of memory)
 Factor Ops : 1.909e+06 (less than 1 second per iteration)
 Threads    : 1

                  Objective                Residual
Iter       Primal          Dual         Primal    Dual     Compl     Time
   0   4.92576014e+12 -6.68974494e+12  7.76e+03 3.90e+07  3.97e+10     0s
   1   1.02958976e+12 -4.99077213e+12  1.63e+03 8.18e+06  8.84e+09     0s
   2   7.79837466e+10 -2.99776158e+12  1.23e+02 6.19e+05  1.09e+09     0s
   3   1.17865271e+10 -1.09608956e+12  1.88e+01 9.46e+04  2.35e+08     0s
   4   6.56509761e+09 -7.15603932e+11  1.06e+01 5.32e+04  1.39e+08     0s
   5   1.90229120e+09 -3.48354828e+11  3.15e+00 1.58e+04  5.89e+07     0s
   6   5.79822284e+08 -1.68503370e+11  8.30e-01 4.17e+03  2.62e+07     0s
   7   3.19181655e+08 -7.42335547e+10  2.95e-01 1.48e+03  1.11e+07     0s
   8   1.75400604e+08 -1.42024677e+10  1.71e-02 8.57e+01  2.01e+06     0s
   9   1.40435949e+08 -2.27311308e+09  1.58e-03 7.95e+00  3.31e+05     0s
  10   8.21659971e+07 -1.12449395e+09  4.11e-04 2.06e+00  1.65e+05     0s
  11   2.83502147e+07 -2.93036159e+08  6.78e-05 3.41e-01  4.39e+04     0s
  12   7.13879428e+06 -4.00466477e+07  7.50e-06 3.77e-02  6.45e+03     0s
  13   2.68024383e+06 -5.66736189e+06  1.07e-06 5.39e-03  1.14e+03     0s
  14   1.76172077e+06 -3.57153382e+05  2.06e-07 1.04e-03  2.90e+02     0s
  15   1.48387587e+06  1.00160245e+06  3.98e-08 2.00e-04  6.59e+01     0s
  16   1.43071757e+06  1.15923618e+06  1.61e-08 8.11e-05  3.71e+01     0s
  17   1.38658360e+06  1.29220268e+06  2.17e-09 1.09e-05  1.29e+01     0s
  18   1.37155298e+06  1.33946420e+06  1.04e-09 1.58e-06  4.39e+00     0s
  19   1.36545112e+06  1.36049792e+06  6.54e-10 1.20e-08  6.77e-01     0s
  20   1.36445499e+06  1.36385817e+06  3.96e-09 1.91e-08  8.16e-02     0s
  21   1.36431892e+06  1.36428774e+06  1.50e-08 1.93e-08  4.26e-03     0s
  22   1.36431089e+06  1.36430941e+06  3.12e-08 2.70e-08  2.03e-04     0s
  23   1.36431051e+06  1.36431051e+06  6.03e-11 1.41e-08  2.41e-07     0s
  24   1.36431055e+06  1.36431051e+06  3.97e-08 2.40e-08  2.41e-10     0s

Barrier solved model in 24 iterations and 0.12 seconds (0.05 work units)
Optimal objective 1.36431055e+06


User-callback calls 82, time in user-callback 0.00 sec

Gurobi 13.0.2 (win64) logging started Thu Jul 16 16:23:50 2026

Set parameter LogFile to value "C:\Users\ehsanno\DataspellProjects\Spanish_Power_System\results\GoRES\ipopt_logs\2024-12-02_h10.log"

Gurobi 13.0.2 (win64) logging started Thu Jul 16 16:23:50 2026

Set parameter LogFile to value "C:\Users\ehsanno\DataspellProjects\Spanish_Power_System\results\GoRES\ipopt_logs\2024-12-02_h10.log"
Gurobi Optimizer version 13.0.2 build v13.0.2rc1 (win64 - Windows 11+.0 (26200.2))

CPU model: 11th Gen Intel(R) Core(TM) i5-1145G7 @ 2.60GHz, instruction set [SSE2|AVX|AVX2|AVX512]
Thread count: 4 physical cores, 8 logical processors, using up to 8 threads

Non-default parameters:
LogToConsole  0

Optimize a model with 5146 rows, 7859 columns and 19134 nonzeros (Min)
Model fingerprint: 0xa342fb86
Model has 2309 linear objective coefficients and an objective constant of 2.4698906388320033e+07
Model has 1482 quadratic objective terms
Coefficient statistics:
  Matrix range     [1e+00, 1e+04]
  Objective range  [4e-01, 1e+06]
  QObjective range [2e+04, 2e+04]
  Bounds range     [3e-06, 1e+04]
  RHS range        [3e-06, 1e+01]

Presolve removed 3637 rows and 3731 columns
Presolve time: 0.01s

Barrier solved model in 0 iterations and 0.01 seconds (0.01 work units)
Model is infeasible

User-callback calls 27, time in user-callback 0.00 sec
Gurobi Optimizer version 13.0.2 build v13.0.2rc1 (win64 - Windows 11+.0 (26200.2))

CPU model: 11th Gen Intel(R) Core(TM) i5-1145G7 @ 2.60GHz, instruction set [SSE2|AVX|AVX2|AVX512]
Thread count: 4 physical cores, 8 logical processors, using up to 8 threads

Non-default parameters:
LogToConsole  0

Iteration    Objective       Primal Inf.    Dual Inf.      Time
       0      handle free variables                          0s

IIS computed: 5 constraints and 11 bounds
IIS runtime: 0.21 seconds (0.40 work units)

Gurobi 13.0.2 (win64) logging started Mon Jul 20 15:54:29 2026

Set parameter LogFile to value "C:\Users\ehsanno\DataspellProjects\Spanish_Power_System\results\GoRES\ipopt_logs\2024-12-02_h10.log"

Gurobi 13.0.2 (win64) logging started Mon Jul 20 15:54:29 2026

Set parameter LogFile to value "C:\Users\ehsanno\DataspellProjects\Spanish_Power_System\results\GoRES\ipopt_logs\2024-12-02_h10.log"
Gurobi Optimizer version 13.0.2 build v13.0.2rc1 (win64 - Windows 11+.0 (26200.2))

CPU model: 11th Gen Intel(R) Core(TM) i5-1145G7 @ 2.60GHz, instruction set [SSE2|AVX|AVX2|AVX512]
Thread count: 4 physical cores, 8 logical processors, using up to 8 threads

Non-default parameters:
LogToConsole  0

Optimize a model with 5146 rows, 8031 columns and 19306 nonzeros (Min)
Model fingerprint: 0xee63bce1
Model has 2500 linear objective coefficients and an objective constant of 2.3798542658835590e+07
Model has 1660 quadratic objective terms
Coefficient statistics:
  Matrix range     [1e+00, 1e+04]
  Objective range  [3e-08, 1e+06]
  QObjective range [2e+04, 2e+04]
  Bounds range     [3e-06, 1e+04]
  RHS range        [3e-06, 1e+01]

Presolve removed 3643 rows and 3734 columns
Presolve time: 0.01s

Barrier solved model in 0 iterations and 0.01 seconds (0.01 work units)
Model is infeasible

User-callback calls 28, time in user-callback 0.00 sec
Gurobi Optimizer version 13.0.2 build v13.0.2rc1 (win64 - Windows 11+.0 (26200.2))

CPU model: 11th Gen Intel(R) Core(TM) i5-1145G7 @ 2.60GHz, instruction set [SSE2|AVX|AVX2|AVX512]
Thread count: 4 physical cores, 8 logical processors, using up to 8 threads

Non-default parameters:
LogToConsole  0

Iteration    Objective       Primal Inf.    Dual Inf.      Time
       0      handle free variables                          0s

IIS computed: 5 constraints and 13 bounds
IIS runtime: 0.30 seconds (0.39 work units)

Gurobi 13.0.2 (win64) logging started Mon Jul 20 15:56:59 2026

Set parameter LogFile to value "C:\Users\ehsanno\DataspellProjects\Spanish_Power_System\results\GoRES\ipopt_logs\2024-12-02_h10.log"

Gurobi 13.0.2 (win64) logging started Mon Jul 20 15:56:59 2026

Set parameter LogFile to value "C:\Users\ehsanno\DataspellProjects\Spanish_Power_System\results\GoRES\ipopt_logs\2024-12-02_h10.log"
Gurobi Optimizer version 13.0.2 build v13.0.2rc1 (win64 - Windows 11+.0 (26200.2))

CPU model: 11th Gen Intel(R) Core(TM) i5-1145G7 @ 2.60GHz, instruction set [SSE2|AVX|AVX2|AVX512]
Thread count: 4 physical cores, 8 logical processors, using up to 8 threads

Non-default parameters:
LogToConsole  0

Optimize a model with 5146 rows, 8031 columns and 19306 nonzeros (Min)
Model fingerprint: 0xaa1269cf
Model has 2380 linear objective coefficients and an objective constant of 2.9748172531700037e+07
Model has 1660 quadratic objective terms
Coefficient statistics:
  Matrix range     [1e+00, 1e+04]
  Objective range  [4e-01, 1e+06]
  QObjective range [2e+04, 2e+04]
  Bounds range     [3e-06, 1e+04]
  RHS range        [3e-06, 1e+01]

Presolve removed 3643 rows and 3734 columns
Presolve time: 0.02s

Barrier solved model in 0 iterations and 0.02 seconds (0.01 work units)
Model is infeasible

User-callback calls 28, time in user-callback 0.00 sec
Gurobi Optimizer version 13.0.2 build v13.0.2rc1 (win64 - Windows 11+.0 (26200.2))

CPU model: 11th Gen Intel(R) Core(TM) i5-1145G7 @ 2.60GHz, instruction set [SSE2|AVX|AVX2|AVX512]
Thread count: 4 physical cores, 8 logical processors, using up to 8 threads

Non-default parameters:
LogToConsole  0

Iteration    Objective       Primal Inf.    Dual Inf.      Time
       0      handle free variables                          0s

IIS computed: 5 constraints and 13 bounds
IIS runtime: 0.34 seconds (0.39 work units)

Gurobi 13.0.2 (win64) logging started Mon Jul 20 15:58:44 2026

Set parameter LogFile to value "C:\Users\ehsanno\DataspellProjects\Spanish_Power_System\results\GoRES\ipopt_logs\2024-12-02_h10.log"

Gurobi 13.0.2 (win64) logging started Mon Jul 20 15:58:44 2026

Set parameter LogFile to value "C:\Users\ehsanno\DataspellProjects\Spanish_Power_System\results\GoRES\ipopt_logs\2024-12-02_h10.log"
Gurobi Optimizer version 13.0.2 build v13.0.2rc1 (win64 - Windows 11+.0 (26200.2))

CPU model: 11th Gen Intel(R) Core(TM) i5-1145G7 @ 2.60GHz, instruction set [SSE2|AVX|AVX2|AVX512]
Thread count: 4 physical cores, 8 logical processors, using up to 8 threads

Non-default parameters:
LogToConsole  0

Optimize a model with 5146 rows, 8031 columns and 19306 nonzeros (Min)
Model fingerprint: 0xc534c78a
Model has 2380 linear objective coefficients and an objective constant of 3.5697807038040042e+07
Model has 1660 quadratic objective terms
Coefficient statistics:
  Matrix range     [1e+00, 1e+04]
  Objective range  [4e-01, 1e+06]
  QObjective range [2e+04, 2e+04]
  Bounds range     [3e-06, 1e+04]
  RHS range        [3e-06, 1e+01]

Presolve removed 3643 rows and 3734 columns
Presolve time: 0.02s

Barrier solved model in 0 iterations and 0.02 seconds (0.01 work units)
Model is infeasible

User-callback calls 27, time in user-callback 0.00 sec
Gurobi Optimizer version 13.0.2 build v13.0.2rc1 (win64 - Windows 11+.0 (26200.2))

CPU model: 11th Gen Intel(R) Core(TM) i5-1145G7 @ 2.60GHz, instruction set [SSE2|AVX|AVX2|AVX512]
Thread count: 4 physical cores, 8 logical processors, using up to 8 threads

Non-default parameters:
LogToConsole  0

Iteration    Objective       Primal Inf.    Dual Inf.      Time
       0      handle free variables                          0s

IIS computed: 5 constraints and 13 bounds
IIS runtime: 0.30 seconds (0.39 work units)
