This is Ipopt version 3.14.19, running with linear solver ma57.

Number of nonzeros in equality constraint Jacobian...:    13237
Number of nonzeros in inequality constraint Jacobian.:     3120
Number of nonzeros in Lagrangian Hessian.............:      454

Total number of variables............................:     5094
                     variables with only lower bounds:        0
                variables with lower and upper bounds:     3858
                     variables with only upper bounds:        0
Total number of equality constraints.................:     3582
Total number of inequality constraints...............:     1560
        inequality constraints with only lower bounds:        0
   inequality constraints with lower and upper bounds:     1560
        inequality constraints with only upper bounds:        0

iter    objective    inf_pr   inf_du lg(mu)  ||d||  lg(rg) alpha_du alpha_pr  ls
   0  1.9209956e+07 1.77e+01 8.37e+01  -1.0 0.00e+00    -  0.00e+00 0.00e+00   0
   1  1.9213559e+07 1.77e+01 8.37e+01  -1.0 1.32e+02    -  7.49e-03 2.77e-05f  1
   2  1.6213984e+07 1.75e+01 8.35e+01  -1.0 2.06e+02    -  7.04e-04 1.47e-02f  1
   3  1.5572010e+07 1.72e+01 8.23e+01  -1.0 1.62e+01  -4.0 1.47e-02 1.68e-02f  1
   4  1.4580501e+07 1.64e+01 7.78e+01  -1.0 7.92e+01    -  5.25e-02 4.56e-02f  1
   5  1.1103036e+07 1.40e+01 6.61e+01  -1.0 1.47e+02    -  1.51e-01 1.48e-01f  1
   6  5.0565337e+06 8.00e+00 4.43e+01  -1.0 3.80e+01    -  3.45e-01 4.27e-01f  1
   7  1.8168857e+06 2.61e-01 9.61e+00  -1.0 5.60e+01    -  8.09e-01 9.67e-01f  1
   8  1.8723232e+06 7.27e-12 1.03e-01  -1.0 1.82e+00    -  9.90e-01 1.00e+00f  1
   9  1.8667314e+06 8.58e-12 1.46e-11  -1.0 5.67e-01    -  1.00e+00 1.00e+00f  1
iter    objective    inf_pr   inf_du lg(mu)  ||d||  lg(rg) alpha_du alpha_pr  ls
  10  8.1857474e+05 7.96e-10 9.04e-02  -2.5 5.36e-01  -4.5 7.75e-01 9.88e-01f  1
  11  7.5200447e+05 2.82e-11 7.76e-02  -2.5 6.43e-01    -  7.33e-01 1.00e+00f  1
  12  7.3640379e+05 2.16e-11 1.30e-02  -2.5 7.97e-01    -  9.22e-01 1.00e+00f  1
  13  7.0356315e+05 1.75e-11 6.69e-03  -3.8 5.99e-01    -  8.07e-01 8.53e-01f  1
  14  6.9549559e+05 8.49e-12 9.89e-04  -3.8 2.82e-01    -  9.82e-01 1.00e+00f  1
  15  6.9339458e+05 6.44e-12 7.19e-04  -5.7 4.50e-02  -5.0 7.52e-01 7.69e-01f  1
  16  6.9274914e+05 1.02e-11 1.51e-03  -5.7 3.62e-02    -  1.00e+00 9.13e-01f  1
  17  6.9265517e+05 1.02e-11 4.74e-08  -5.7 1.28e-02  -5.4 1.00e+00 1.00e+00f  1
  18  6.9262317e+05 1.48e-11 1.32e-04  -8.6 6.15e-03  -5.9 9.95e-01 9.63e-01f  1
  19  6.9262022e+05 9.06e-12 1.98e-14  -8.6 3.25e-03    -  1.00e+00 1.00e+00f  1
iter    objective    inf_pr   inf_du lg(mu)  ||d||  lg(rg) alpha_du alpha_pr  ls
  20  6.9261975e+05 1.96e-11 6.48e-10  -8.6 1.57e-03  -6.4 1.00e+00 1.00e+00f  1
  21  6.9261962e+05 1.25e-11 1.07e-10  -8.6 7.81e-04  -6.9 1.00e+00 1.00e+00f  1
  22  6.9261959e+05 2.45e-11 1.74e-11  -8.6 3.80e-04  -7.3 1.00e+00 1.00e+00h  1
  23  6.9261956e+05 7.17e-12 2.88e-12  -9.0 1.89e-04  -7.8 1.00e+00 1.00e+00h  1

Number of Iterations....: 23

                                   (scaled)                 (unscaled)
Objective...............:   6.9261955984100965e+01    6.9261955984100956e+05
Dual infeasibility......:   2.8846135919713412e-12    2.8846135919713412e-08
Constraint violation....:   1.7388313011679202e-12    7.1735950513129865e-12
Variable bound violation:   1.5344071258027725e-07    1.5344071258027725e-07
Complementarity.........:   4.4615340555858002e-09    4.4615340555858001e-05
Overall NLP error.......:   4.4615340555858002e-09    4.4615340555858001e-05


Number of objective function evaluations             = 24
Number of objective gradient evaluations             = 24
Number of equality constraint evaluations            = 24
Number of inequality constraint evaluations          = 24
Number of equality constraint Jacobian evaluations   = 1
Number of inequality constraint Jacobian evaluations = 1
Number of Lagrangian Hessian evaluations             = 1
Total seconds in IPOPT                               = 0.117

EXIT: Optimal Solution Found.

Gurobi 13.0.2 (win64) logging started Wed Jul 15 11:53:33 2026

Set parameter LogFile to value "C:\Users\ehsanno\DataspellProjects\Spanish_Power_System\results\GoRES\ipopt_logs\2024-12-02_h18.log"

Gurobi 13.0.2 (win64) logging started Wed Jul 15 11:53:33 2026

Set parameter LogFile to value "C:\Users\ehsanno\DataspellProjects\Spanish_Power_System\results\GoRES\ipopt_logs\2024-12-02_h18.log"
Gurobi Optimizer version 13.0.2 build v13.0.2rc1 (win64 - Windows 11+.0 (26200.2))

CPU model: 11th Gen Intel(R) Core(TM) i5-1145G7 @ 2.60GHz, instruction set [SSE2|AVX|AVX2|AVX512]
Thread count: 4 physical cores, 8 logical processors, using up to 8 threads

Non-default parameters:
LogToConsole  0

Optimize a model with 5142 rows, 7197 columns and 18460 nonzeros (Min)
Model fingerprint: 0x1c794356
Model has 2031 linear objective coefficients and an objective constant of 2.0453472947114080e+07
Model has 973 quadratic objective terms
Coefficient statistics:
  Matrix range     [1e+00, 1e+04]
  Objective range  [4e-01, 1e+06]
  QObjective range [2e+04, 2e+04]
  Bounds range     [4e-12, 1e+04]
  RHS range        [3e-06, 1e+01]

Presolve removed 3696 rows and 4646 columns
Presolve time: 0.01s
Presolved: 1446 rows, 2551 columns, 8489 nonzeros
Presolved model has 454 quadratic objective terms
Ordering time: 0.00s

Barrier statistics:
 AA' NZ     : 1.784e+04
 Factor NZ  : 4.763e+04 (roughly 2 MB of memory)
 Factor Ops : 2.002e+06 (less than 1 second per iteration)
 Threads    : 1

                  Objective                Residual
Iter       Primal          Dual         Primal    Dual     Compl     Time
   0   5.62082125e+12 -5.31113718e+11  7.25e+03 7.18e+03  7.17e+06     0s
   1   1.61158951e+12 -2.39766713e+11  2.14e+03 2.12e+03  2.16e+06     0s
   2   1.96339515e+11 -1.99341588e+11  2.64e+02 2.62e+02  3.14e+05     0s
   3   2.06631151e+10 -1.12294715e+11  2.84e+01 2.81e+01  4.79e+04     0s
   4   3.98216744e+09 -5.24322976e+10  5.92e+00 5.86e+00  1.46e+04     0s
   5   1.17186122e+09 -2.39597646e+10  2.05e+00 2.03e+00  5.91e+03     0s
   6   5.79271222e+08 -1.44186438e+10  9.97e-01 9.88e-01  3.43e+03     0s
   7   2.61489140e+08 -4.94977131e+09  2.13e-01 2.11e-01  1.10e+03     0s
   8   9.16727521e+07 -8.67638623e+08  3.05e-02 3.02e-02  1.92e+02     0s
   9   2.67019577e+07 -1.60879205e+08  4.70e-03 4.65e-03  3.69e+01     0s
  10   1.65864316e+07 -9.53033486e+07  1.48e-03 1.46e-03  2.19e+01     0s
  11   2.92027617e+06 -8.99706566e+06  1.36e-04 1.35e-04  2.33e+00     0s
  12   9.62573896e+05 -1.76167675e+05  3.79e-06 3.75e-06  2.22e-01     0s
  13   7.51377343e+05  5.15942877e+05  2.87e-07 2.85e-07  4.60e-02     0s
  14   7.00957174e+05  6.71696966e+05  2.84e-07 8.85e-12  5.71e-03     0s
  15   6.94331401e+05  6.88940088e+05  5.55e-07 1.36e-11  1.05e-03     0s
  16   6.92828151e+05  6.92109044e+05  3.14e-06 5.91e-12  1.40e-04     0s
  17   6.92638876e+05  6.92621064e+05  2.04e-06 1.03e-11  3.47e-06     0s
  18   6.92528627e+05  6.92629100e+05  3.17e-04 6.98e-12  4.41e-07     0s
  19   6.92630221e+05  6.92629967e+05  7.07e-06 1.04e-11  5.53e-08     0s
  20   6.92630411e+05  6.92630081e+05  2.86e-06 7.58e-12  8.01e-09     0s
  21   6.92631573e+05  6.92630094e+05  3.00e-06 5.36e-12  1.92e-09     0s
  22   6.92632504e+05  6.92630095e+05  4.36e-06 5.51e-12  1.60e-09     0s
  23   6.92631563e+05  6.92630098e+05  2.84e-06 8.68e-12  1.54e-10     0s
  24   6.92630126e+05  6.92630098e+05  3.52e-07 8.02e-12  7.46e-12     0s
  25   6.92630018e+05  6.92630098e+05  1.42e-07 7.02e-12  2.51e-13     0s

Barrier solved model in 25 iterations and 0.06 seconds (0.05 work units)
Optimal objective 6.92630018e+05


User-callback calls 80, time in user-callback 0.00 sec

Gurobi 13.0.2 (win64) logging started Wed Jul 15 12:00:50 2026

Set parameter LogFile to value "C:\Users\ehsanno\DataspellProjects\Spanish_Power_System\results\GoRES\ipopt_logs\2024-12-02_h18.log"

Gurobi 13.0.2 (win64) logging started Wed Jul 15 12:00:50 2026

Set parameter LogFile to value "C:\Users\ehsanno\DataspellProjects\Spanish_Power_System\results\GoRES\ipopt_logs\2024-12-02_h18.log"
Gurobi Optimizer version 13.0.2 build v13.0.2rc1 (win64 - Windows 11+.0 (26200.2))

CPU model: 11th Gen Intel(R) Core(TM) i5-1145G7 @ 2.60GHz, instruction set [SSE2|AVX|AVX2|AVX512]
Thread count: 4 physical cores, 8 logical processors, using up to 8 threads

Non-default parameters:
LogToConsole  0

Optimize a model with 5142 rows, 7197 columns and 18460 nonzeros (Min)
Model fingerprint: 0x1c794356
Model has 2031 linear objective coefficients and an objective constant of 2.0453472947114080e+07
Model has 973 quadratic objective terms
Coefficient statistics:
  Matrix range     [1e+00, 1e+04]
  Objective range  [4e-01, 1e+06]
  QObjective range [2e+04, 2e+04]
  Bounds range     [4e-12, 1e+04]
  RHS range        [3e-06, 1e+01]

Presolve removed 3696 rows and 4646 columns
Presolve time: 0.01s
Presolved: 1446 rows, 2551 columns, 8489 nonzeros
Presolved model has 454 quadratic objective terms
Ordering time: 0.00s

Barrier statistics:
 AA' NZ     : 1.784e+04
 Factor NZ  : 4.763e+04 (roughly 2 MB of memory)
 Factor Ops : 2.002e+06 (less than 1 second per iteration)
 Threads    : 1

                  Objective                Residual
Iter       Primal          Dual         Primal    Dual     Compl     Time
   0   5.62082125e+12 -5.31113718e+11  7.25e+03 7.18e+03  7.17e+06     0s
   1   1.61158951e+12 -2.39766713e+11  2.14e+03 2.12e+03  2.16e+06     0s
   2   1.96339515e+11 -1.99341588e+11  2.64e+02 2.62e+02  3.14e+05     0s
   3   2.06631151e+10 -1.12294715e+11  2.84e+01 2.81e+01  4.79e+04     0s
   4   3.98216744e+09 -5.24322976e+10  5.92e+00 5.86e+00  1.46e+04     0s
   5   1.17186122e+09 -2.39597646e+10  2.05e+00 2.03e+00  5.91e+03     0s
   6   5.79271222e+08 -1.44186438e+10  9.97e-01 9.88e-01  3.43e+03     0s
   7   2.61489140e+08 -4.94977131e+09  2.13e-01 2.11e-01  1.10e+03     0s
   8   9.16727521e+07 -8.67638623e+08  3.05e-02 3.02e-02  1.92e+02     0s
   9   2.67019577e+07 -1.60879205e+08  4.70e-03 4.65e-03  3.69e+01     0s
  10   1.65864316e+07 -9.53033486e+07  1.48e-03 1.46e-03  2.19e+01     0s
  11   2.92027617e+06 -8.99706566e+06  1.36e-04 1.35e-04  2.33e+00     0s
  12   9.62573896e+05 -1.76167675e+05  3.79e-06 3.75e-06  2.22e-01     0s
  13   7.51377343e+05  5.15942877e+05  2.87e-07 2.85e-07  4.60e-02     0s
  14   7.00957174e+05  6.71696966e+05  2.84e-07 8.85e-12  5.71e-03     0s
  15   6.94331401e+05  6.88940088e+05  5.55e-07 1.36e-11  1.05e-03     0s
  16   6.92828151e+05  6.92109044e+05  3.14e-06 5.91e-12  1.40e-04     0s
  17   6.92638876e+05  6.92621064e+05  2.04e-06 1.03e-11  3.47e-06     0s
  18   6.92528627e+05  6.92629100e+05  3.17e-04 6.98e-12  4.41e-07     0s
  19   6.92630221e+05  6.92629967e+05  7.07e-06 1.04e-11  5.53e-08     0s
  20   6.92630411e+05  6.92630081e+05  2.86e-06 7.58e-12  8.01e-09     0s
  21   6.92631573e+05  6.92630094e+05  3.00e-06 5.36e-12  1.92e-09     0s
  22   6.92632504e+05  6.92630095e+05  4.36e-06 5.51e-12  1.60e-09     0s
  23   6.92631563e+05  6.92630098e+05  2.84e-06 8.68e-12  1.54e-10     0s
  24   6.92630126e+05  6.92630098e+05  3.52e-07 8.02e-12  7.46e-12     0s
  25   6.92630018e+05  6.92630098e+05  1.42e-07 7.02e-12  2.51e-13     0s

Barrier solved model in 25 iterations and 0.06 seconds (0.05 work units)
Optimal objective 6.92630018e+05


User-callback calls 78, time in user-callback 0.00 sec

Gurobi 13.0.2 (win64) logging started Wed Jul 15 12:16:07 2026

Set parameter LogFile to value "C:\Users\ehsanno\DataspellProjects\Spanish_Power_System\results\GoRES\ipopt_logs\2024-12-02_h18.log"

Gurobi 13.0.2 (win64) logging started Wed Jul 15 12:16:07 2026

Set parameter LogFile to value "C:\Users\ehsanno\DataspellProjects\Spanish_Power_System\results\GoRES\ipopt_logs\2024-12-02_h18.log"
Gurobi Optimizer version 13.0.2 build v13.0.2rc1 (win64 - Windows 11+.0 (26200.2))

CPU model: 11th Gen Intel(R) Core(TM) i5-1145G7 @ 2.60GHz, instruction set [SSE2|AVX|AVX2|AVX512]
Thread count: 4 physical cores, 8 logical processors, using up to 8 threads

Non-default parameters:
LogToConsole  0

Optimize a model with 5142 rows, 7197 columns and 18460 nonzeros (Min)
Model fingerprint: 0x1c794356
Model has 2031 linear objective coefficients and an objective constant of 2.0453472947114080e+07
Model has 973 quadratic objective terms
Coefficient statistics:
  Matrix range     [1e+00, 1e+04]
  Objective range  [4e-01, 1e+06]
  QObjective range [2e+04, 2e+04]
  Bounds range     [4e-12, 1e+04]
  RHS range        [3e-06, 1e+01]

Presolve removed 3696 rows and 4646 columns
Presolve time: 0.01s
Presolved: 1446 rows, 2551 columns, 8489 nonzeros
Presolved model has 454 quadratic objective terms
Ordering time: 0.00s

Barrier statistics:
 AA' NZ     : 1.784e+04
 Factor NZ  : 4.763e+04 (roughly 2 MB of memory)
 Factor Ops : 2.002e+06 (less than 1 second per iteration)
 Threads    : 1

                  Objective                Residual
Iter       Primal          Dual         Primal    Dual     Compl     Time
   0   5.62082125e+12 -5.31113718e+11  7.25e+03 7.18e+03  7.17e+06     0s
   1   1.61158951e+12 -2.39766713e+11  2.14e+03 2.12e+03  2.16e+06     0s
   2   1.96339515e+11 -1.99341588e+11  2.64e+02 2.62e+02  3.14e+05     0s
   3   2.06631151e+10 -1.12294715e+11  2.84e+01 2.81e+01  4.79e+04     0s
   4   3.98216744e+09 -5.24322976e+10  5.92e+00 5.86e+00  1.46e+04     0s
   5   1.17186122e+09 -2.39597646e+10  2.05e+00 2.03e+00  5.91e+03     0s
   6   5.79271222e+08 -1.44186438e+10  9.97e-01 9.88e-01  3.43e+03     0s
   7   2.61489140e+08 -4.94977131e+09  2.13e-01 2.11e-01  1.10e+03     0s
   8   9.16727521e+07 -8.67638623e+08  3.05e-02 3.02e-02  1.92e+02     0s
   9   2.67019577e+07 -1.60879205e+08  4.70e-03 4.65e-03  3.69e+01     0s
  10   1.65864316e+07 -9.53033486e+07  1.48e-03 1.46e-03  2.19e+01     0s
  11   2.92027617e+06 -8.99706566e+06  1.36e-04 1.35e-04  2.33e+00     0s
  12   9.62573896e+05 -1.76167675e+05  3.79e-06 3.75e-06  2.22e-01     0s
  13   7.51377343e+05  5.15942877e+05  2.87e-07 2.85e-07  4.60e-02     0s
  14   7.00957174e+05  6.71696966e+05  2.84e-07 8.85e-12  5.71e-03     0s
  15   6.94331401e+05  6.88940088e+05  5.55e-07 1.36e-11  1.05e-03     0s
  16   6.92828151e+05  6.92109044e+05  3.14e-06 5.91e-12  1.40e-04     0s
  17   6.92638876e+05  6.92621064e+05  2.04e-06 1.03e-11  3.47e-06     0s
  18   6.92528627e+05  6.92629100e+05  3.17e-04 6.98e-12  4.41e-07     0s
  19   6.92630221e+05  6.92629967e+05  7.07e-06 1.04e-11  5.53e-08     0s
  20   6.92630411e+05  6.92630081e+05  2.86e-06 7.58e-12  8.01e-09     0s
  21   6.92631573e+05  6.92630094e+05  3.00e-06 5.36e-12  1.92e-09     0s
  22   6.92632504e+05  6.92630095e+05  4.36e-06 5.51e-12  1.60e-09     0s
  23   6.92631563e+05  6.92630098e+05  2.84e-06 8.68e-12  1.54e-10     0s
  24   6.92630126e+05  6.92630098e+05  3.52e-07 8.02e-12  7.46e-12     0s
  25   6.92630018e+05  6.92630098e+05  1.42e-07 7.02e-12  2.51e-13     0s

Barrier solved model in 25 iterations and 0.06 seconds (0.05 work units)
Optimal objective 6.92630018e+05


User-callback calls 76, time in user-callback 0.00 sec

Gurobi 13.0.2 (win64) logging started Wed Jul 15 12:32:20 2026

Set parameter LogFile to value "C:\Users\ehsanno\DataspellProjects\Spanish_Power_System\results\GoRES\ipopt_logs\2024-12-02_h18.log"

Gurobi 13.0.2 (win64) logging started Wed Jul 15 12:32:20 2026

Set parameter LogFile to value "C:\Users\ehsanno\DataspellProjects\Spanish_Power_System\results\GoRES\ipopt_logs\2024-12-02_h18.log"
Gurobi Optimizer version 13.0.2 build v13.0.2rc1 (win64 - Windows 11+.0 (26200.2))

CPU model: 11th Gen Intel(R) Core(TM) i5-1145G7 @ 2.60GHz, instruction set [SSE2|AVX|AVX2|AVX512]
Thread count: 4 physical cores, 8 logical processors, using up to 8 threads

Non-default parameters:
LogToConsole  0

Optimize a model with 5142 rows, 7197 columns and 18460 nonzeros (Min)
Model fingerprint: 0x99bfa567
Model has 2031 linear objective coefficients and an objective constant of 2.0453492859519996e+07
Model has 973 quadratic objective terms
Coefficient statistics:
  Matrix range     [1e+00, 1e+04]
  Objective range  [4e-01, 1e+06]
  QObjective range [2e+04, 2e+04]
  Bounds range     [3e-06, 1e+04]
  RHS range        [3e-06, 1e+01]

Presolve removed 3696 rows and 4646 columns
Presolve time: 0.02s
Presolved: 1446 rows, 2551 columns, 8489 nonzeros
Presolved model has 454 quadratic objective terms
Ordering time: 0.00s

Barrier statistics:
 AA' NZ     : 1.784e+04
 Factor NZ  : 4.763e+04 (roughly 2 MB of memory)
 Factor Ops : 2.002e+06 (less than 1 second per iteration)
 Threads    : 1

                  Objective                Residual
Iter       Primal          Dual         Primal    Dual     Compl     Time
   0   5.62082125e+12 -5.31113717e+11  7.25e+03 7.18e+03  7.17e+06     0s
   1   1.61158951e+12 -2.39766713e+11  2.14e+03 2.12e+03  2.16e+06     0s
   2   1.96339517e+11 -1.99341588e+11  2.64e+02 2.62e+02  3.14e+05     0s
   3   2.06631080e+10 -1.12294711e+11  2.84e+01 2.81e+01  4.79e+04     0s
   4   3.98216724e+09 -5.24322949e+10  5.92e+00 5.86e+00  1.46e+04     0s
   5   1.17186119e+09 -2.39597611e+10  2.05e+00 2.03e+00  5.91e+03     0s
   6   5.79271325e+08 -1.44186429e+10  9.97e-01 9.88e-01  3.43e+03     0s
   7   2.61489165e+08 -4.94977083e+09  2.13e-01 2.11e-01  1.10e+03     0s
   8   9.16727733e+07 -8.67638242e+08  3.05e-02 3.02e-02  1.92e+02     0s
   9   2.67016904e+07 -1.60875942e+08  4.69e-03 4.65e-03  3.69e+01     0s
  10   1.65863033e+07 -9.53017245e+07  1.48e-03 1.46e-03  2.19e+01     0s
  11   2.92026367e+06 -8.99696156e+06  1.36e-04 1.35e-04  2.33e+00     0s
  12   9.62573493e+05 -1.76158782e+05  3.79e-06 3.75e-06  2.22e-01     0s
  13   7.51378341e+05  5.15944606e+05  2.87e-07 2.85e-07  4.60e-02     0s
  14   7.00958037e+05  6.71698183e+05  2.22e-07 8.28e-12  5.71e-03     0s
  15   6.94331874e+05  6.88942080e+05  6.70e-07 1.39e-11  1.05e-03     0s
  16   6.92829005e+05  6.92109994e+05  4.12e-06 9.35e-12  1.40e-04     0s
  17   6.92639367e+05  6.92621902e+05  4.08e-06 1.30e-11  3.47e-06     0s
  18   6.92596789e+05  6.92629796e+05  1.32e-04 1.89e-11  4.76e-07     0s
  19   6.92650394e+05  6.92630736e+05  5.25e-05 3.78e-12  6.04e-08     0s
  20   6.92658336e+05  6.92630716e+05  5.83e-05 3.84e-12  5.97e-08     0s
  21   6.92631935e+05  6.92630903e+05  7.83e-06 4.59e-12  8.51e-09     0s
  22   6.92630929e+05  6.92630920e+05  1.36e-07 3.49e-12  1.12e-09     0s

Barrier solved model in 22 iterations and 0.06 seconds (0.05 work units)
Optimal objective 6.92630929e+05


User-callback calls 77, time in user-callback 0.00 sec

Gurobi 13.0.2 (win64) logging started Wed Jul 15 14:22:12 2026

Set parameter LogFile to value "C:\Users\ehsanno\DataspellProjects\Spanish_Power_System\results\GoRES\ipopt_logs\2024-12-02_h18.log"

Gurobi 13.0.2 (win64) logging started Wed Jul 15 14:22:12 2026

Set parameter LogFile to value "C:\Users\ehsanno\DataspellProjects\Spanish_Power_System\results\GoRES\ipopt_logs\2024-12-02_h18.log"
Gurobi Optimizer version 13.0.2 build v13.0.2rc1 (win64 - Windows 11+.0 (26200.2))

CPU model: 11th Gen Intel(R) Core(TM) i5-1145G7 @ 2.60GHz, instruction set [SSE2|AVX|AVX2|AVX512]
Thread count: 4 physical cores, 8 logical processors, using up to 8 threads

Non-default parameters:
LogToConsole  0

Optimize a model with 5142 rows, 7197 columns and 18460 nonzeros (Min)
Model fingerprint: 0xd80078a6
Model has 2031 linear objective coefficients and an objective constant of 1.9806926647317439e+07
Model has 973 quadratic objective terms
Coefficient statistics:
  Matrix range     [1e+00, 1e+04]
  Objective range  [4e-01, 1e+06]
  QObjective range [2e+04, 2e+04]
  Bounds range     [6e-12, 1e+04]
  RHS range        [3e-06, 1e+01]

Presolve removed 3696 rows and 4646 columns
Presolve time: 0.02s
Presolved: 1446 rows, 2551 columns, 8484 nonzeros
Presolved model has 454 quadratic objective terms
Ordering time: 0.00s

Barrier statistics:
 AA' NZ     : 1.783e+04
 Factor NZ  : 5.045e+04 (roughly 2 MB of memory)
 Factor Ops : 2.332e+06 (less than 1 second per iteration)
 Threads    : 1

                  Objective                Residual
Iter       Primal          Dual         Primal    Dual     Compl     Time
   0   5.62285764e+12 -5.31332514e+11  7.25e+03 7.18e+03  7.17e+06     0s
   1   1.61215741e+12 -2.39974852e+11  2.14e+03 2.12e+03  2.16e+06     0s
   2   1.96418040e+11 -1.99572294e+11  2.64e+02 2.62e+02  3.14e+05     0s
   3   2.05576460e+10 -1.12468853e+11  2.83e+01 2.80e+01  4.78e+04     0s
   4   3.96132436e+09 -5.25565601e+10  5.90e+00 5.85e+00  1.46e+04     0s
   5   1.15123791e+09 -2.39500471e+10  2.03e+00 2.01e+00  5.89e+03     0s
   6   4.90447711e+08 -1.24931797e+10  7.65e-01 7.58e-01  2.92e+03     0s
   7   1.37516428e+08 -1.88409487e+09  5.98e-02 5.92e-02  4.11e+02     0s
   8   4.80583128e+07 -4.15154669e+08  7.20e-03 7.14e-03  9.13e+01     0s
   9   2.16714781e+07 -1.64594743e+08  1.80e-03 1.78e-03  3.65e+01     0s
  10   5.21458121e+06 -2.91773522e+07  2.61e-04 2.59e-04  6.72e+00     0s
  11   1.21863001e+06 -1.72847213e+06  1.08e-05 1.07e-05  5.76e-01     0s
  12   7.47789782e+05  3.72851903e+05  2.58e-07 2.56e-07  7.32e-02     0s
  13   6.68501130e+05  6.14182938e+05  5.98e-08 5.70e-09  1.06e-02     0s
  14   6.54949622e+05  6.49862505e+05  6.63e-07 3.58e-10  9.94e-04     0s
  15   6.53091311e+05  6.52408800e+05  1.84e-06 2.17e-11  1.33e-04     0s
  16   6.52896636e+05  6.52870588e+05  5.83e-06 6.54e-12  4.72e-06     0s
  17   6.52884524e+05  6.52881038e+05  2.72e-07 7.22e-12  6.81e-07     0s
  18   6.52883077e+05  6.52882596e+05  2.28e-08 9.23e-12  9.41e-08     0s
  19   6.52883137e+05  6.52882656e+05  3.34e-07 8.59e-12  7.04e-08     0s
  20   6.52882858e+05  6.52882808e+05  1.38e-08 1.06e-11  9.72e-09     0s

Barrier solved model in 20 iterations and 0.07 seconds (0.05 work units)
Optimal objective 6.52882858e+05


User-callback calls 75, time in user-callback 0.00 sec

Gurobi 13.0.2 (win64) logging started Wed Jul 15 14:28:14 2026

Set parameter LogFile to value "C:\Users\ehsanno\DataspellProjects\Spanish_Power_System\results\GoRES\ipopt_logs\2024-12-02_h18.log"

Gurobi 13.0.2 (win64) logging started Wed Jul 15 14:28:14 2026

Set parameter LogFile to value "C:\Users\ehsanno\DataspellProjects\Spanish_Power_System\results\GoRES\ipopt_logs\2024-12-02_h18.log"
Gurobi Optimizer version 13.0.2 build v13.0.2rc1 (win64 - Windows 11+.0 (26200.2))

CPU model: 11th Gen Intel(R) Core(TM) i5-1145G7 @ 2.60GHz, instruction set [SSE2|AVX|AVX2|AVX512]
Thread count: 4 physical cores, 8 logical processors, using up to 8 threads

Non-default parameters:
LogToConsole  0

Optimize a model with 5142 rows, 7197 columns and 18460 nonzeros (Min)
Model fingerprint: 0xf42374d7
Model has 2031 linear objective coefficients and an objective constant of 1.9806926647317439e+07
Model has 973 quadratic objective terms
Coefficient statistics:
  Matrix range     [1e+00, 1e+04]
  Objective range  [4e-01, 1e+06]
  QObjective range [2e+04, 2e+04]
  Bounds range     [6e-12, 1e+04]
  RHS range        [3e-06, 1e+01]

Presolve removed 3688 rows and 4636 columns
Presolve time: 0.01s
Presolved: 1454 rows, 2561 columns, 8441 nonzeros
Presolved model has 454 quadratic objective terms
Ordering time: 0.00s

Barrier statistics:
 AA' NZ     : 1.773e+04
 Factor NZ  : 4.730e+04 (roughly 2 MB of memory)
 Factor Ops : 1.952e+06 (less than 1 second per iteration)
 Threads    : 1

                  Objective                Residual
Iter       Primal          Dual         Primal    Dual     Compl     Time
   0   3.91461665e+12 -3.03429166e+11  6.13e+03 4.09e+03  4.07e+06     0s
   1   1.13852593e+12 -7.95898953e+10  1.86e+03 1.24e+03  1.25e+06     0s
   2   1.48722909e+11 -5.93838997e+10  2.47e+02 1.65e+02  1.93e+05     0s
   3   7.36992300e+09 -4.05529737e+10  1.23e+01 8.23e+00  1.60e+04     0s
   4   1.63307009e+09 -2.09297295e+10  2.76e+00 1.85e+00  5.63e+03     0s
   5   4.79822390e+08 -8.30587252e+09  7.82e-01 5.23e-01  1.96e+03     0s
   6   2.60921446e+08 -4.73531999e+09  3.40e-01 2.27e-01  1.07e+03     0s
   7   1.51614214e+08 -2.15875701e+09  1.41e-01 9.44e-02  4.79e+02     0s
   8   5.34676815e+07 -4.33314121e+08  2.42e-02 1.62e-02  9.67e+01     0s
   9   1.98631824e+07 -1.10000354e+08  5.82e-03 3.89e-03  2.54e+01     0s
  10   1.86569643e+07 -8.17615723e+07  3.58e-03 2.40e-03  1.96e+01     0s
  11   7.59007724e+06 -2.37929239e+07  4.35e-04 2.91e-04  6.11e+00     0s
  12   4.53425941e+06 -4.51656718e+06  1.21e-09 2.91e-10  1.76e+00     0s
  13   3.51375611e+06  9.76680254e+05  6.64e-10 5.68e-12  4.94e-01     0s
  14   3.11920553e+06  2.94213468e+06  3.96e-09 4.15e-12  3.44e-02     0s
  15   3.07559758e+06  3.05870694e+06  3.11e-08 8.76e-12  3.29e-03     0s
  16   3.07180612e+06  3.07029699e+06  5.86e-09 5.45e-12  2.94e-04     0s
  17   3.07149540e+06  3.07149367e+06  8.87e-09 7.81e-12  3.38e-07     0s
  18   3.07149517e+06  3.07149504e+06  2.16e-07 1.20e-11  3.56e-10     0s

Barrier solved model in 18 iterations and 0.05 seconds (0.04 work units)
Optimal objective 3.07149517e+06


User-callback calls 67, time in user-callback 0.00 sec

Gurobi 13.0.2 (win64) logging started Wed Jul 15 14:31:21 2026

Set parameter LogFile to value "C:\Users\ehsanno\DataspellProjects\Spanish_Power_System\results\GoRES\ipopt_logs\2024-12-02_h18.log"

Gurobi 13.0.2 (win64) logging started Wed Jul 15 14:31:21 2026

Set parameter LogFile to value "C:\Users\ehsanno\DataspellProjects\Spanish_Power_System\results\GoRES\ipopt_logs\2024-12-02_h18.log"
Gurobi Optimizer version 13.0.2 build v13.0.2rc1 (win64 - Windows 11+.0 (26200.2))

CPU model: 11th Gen Intel(R) Core(TM) i5-1145G7 @ 2.60GHz, instruction set [SSE2|AVX|AVX2|AVX512]
Thread count: 4 physical cores, 8 logical processors, using up to 8 threads

Non-default parameters:
LogToConsole  0

Optimize a model with 5142 rows, 7197 columns and 18460 nonzeros (Min)
Model fingerprint: 0x0faceef6
Model has 2031 linear objective coefficients and an objective constant of 1.9806971657919992e+07
Model has 973 quadratic objective terms
Coefficient statistics:
  Matrix range     [1e+00, 1e+04]
  Objective range  [4e-01, 1e+06]
  QObjective range [2e+04, 2e+04]
  Bounds range     [3e-06, 1e+04]
  RHS range        [3e-06, 1e+01]

Presolve removed 3693 rows and 4642 columns
Presolve time: 0.02s
Presolved: 1449 rows, 2555 columns, 8435 nonzeros
Presolved model has 454 quadratic objective terms
Ordering time: 0.00s

Barrier statistics:
 AA' NZ     : 1.772e+04
 Factor NZ  : 4.810e+04 (roughly 2 MB of memory)
 Factor Ops : 2.046e+06 (less than 1 second per iteration)
 Threads    : 1

                  Objective                Residual
Iter       Primal          Dual         Primal    Dual     Compl     Time
   0   4.10364489e+12 -3.54097186e+11  6.37e+03 5.13e+03  5.11e+06     0s
   1   1.19010621e+12 -1.15648527e+11  1.93e+03 1.55e+03  1.57e+06     0s
   2   1.47945076e+11 -9.53400213e+10  2.43e+02 1.96e+02  2.34e+05     0s
   3   1.14208281e+10 -6.03169942e+10  1.90e+01 1.53e+01  2.66e+04     0s
   4   2.18028962e+09 -2.89185879e+10  3.78e+00 3.04e+00  8.21e+03     0s
   5   6.46580242e+08 -1.26555780e+10  1.18e+00 9.50e-01  3.10e+03     0s
   6   3.10870101e+08 -7.23370971e+09  4.77e-01 3.84e-01  1.67e+03     0s
   7   1.82527946e+08 -3.42365344e+09  1.45e-01 1.17e-01  7.52e+02     0s
   8   7.06080701e+07 -6.53044743e+08  2.22e-02 1.78e-02  1.44e+02     0s
   9   2.73390699e+07 -1.73018662e+08  5.50e-03 4.43e-03  3.94e+01     0s
  10   1.99034413e+07 -1.11247409e+08  2.46e-03 1.98e-03  2.57e+01     0s
  11   4.22220148e+06 -1.43657976e+07  3.00e-04 2.41e-04  3.63e+00     0s
  12   1.27446384e+06 -9.38816995e+05  2.80e-06 2.25e-06  4.32e-01     0s
  13   8.85238655e+05  6.14094815e+05  8.56e-08 6.89e-08  5.29e-02     0s
  14   8.26845819e+05  7.68087939e+05  4.10e-08 8.53e-09  1.15e-02     0s
  15   8.11869898e+05  8.08083692e+05  4.03e-08 3.70e-10  7.38e-04     0s
  16   8.10786897e+05  8.10783023e+05  1.61e-08 1.10e-11  7.55e-07     0s
  17   8.10785811e+05  8.10785789e+05  6.43e-08 3.70e-12  7.56e-10     0s

Barrier solved model in 17 iterations and 0.05 seconds (0.04 work units)
Optimal objective 8.10785811e+05


User-callback calls 68, time in user-callback 0.00 sec

Gurobi 13.0.2 (win64) logging started Wed Jul 15 17:24:53 2026

Set parameter LogFile to value "C:\Users\ehsanno\DataspellProjects\Spanish_Power_System\results\GoRES\ipopt_logs\2024-12-02_h18.log"

Gurobi 13.0.2 (win64) logging started Wed Jul 15 17:24:53 2026

Set parameter LogFile to value "C:\Users\ehsanno\DataspellProjects\Spanish_Power_System\results\GoRES\ipopt_logs\2024-12-02_h18.log"
Gurobi Optimizer version 13.0.2 build v13.0.2rc1 (win64 - Windows 11+.0 (26200.2))

CPU model: 11th Gen Intel(R) Core(TM) i5-1145G7 @ 2.60GHz, instruction set [SSE2|AVX|AVX2|AVX512]
Thread count: 4 physical cores, 8 logical processors, using up to 8 threads

Non-default parameters:
LogToConsole  0

Optimize a model with 5146 rows, 7443 columns and 18718 nonzeros (Min)
Model fingerprint: 0x33df0eec
Model has 2199 linear objective coefficients and an objective constant of 1.9099440788429108e+07
Model has 972 quadratic objective terms
Coefficient statistics:
  Matrix range     [1e+00, 1e+04]
  Objective range  [4e-01, 1e+06]
  QObjective range [2e+04, 2e+04]
  Bounds range     [6e-12, 1e+04]
  RHS range        [3e-06, 1e+01]

Presolve removed 3671 rows and 4306 columns
Presolve time: 0.01s

Barrier solved model in 0 iterations and 0.01 seconds (0.01 work units)
Model is infeasible

User-callback calls 28, time in user-callback 0.00 sec

Gurobi 13.0.2 (win64) logging started Wed Jul 15 17:28:01 2026

Set parameter LogFile to value "C:\Users\ehsanno\DataspellProjects\Spanish_Power_System\results\GoRES\ipopt_logs\2024-12-02_h18.log"

Gurobi 13.0.2 (win64) logging started Wed Jul 15 17:28:01 2026

Set parameter LogFile to value "C:\Users\ehsanno\DataspellProjects\Spanish_Power_System\results\GoRES\ipopt_logs\2024-12-02_h18.log"
Gurobi Optimizer version 13.0.2 build v13.0.2rc1 (win64 - Windows 11+.0 (26200.2))

CPU model: 11th Gen Intel(R) Core(TM) i5-1145G7 @ 2.60GHz, instruction set [SSE2|AVX|AVX2|AVX512]
Thread count: 4 physical cores, 8 logical processors, using up to 8 threads

Non-default parameters:
LogToConsole  0

Optimize a model with 5146 rows, 7443 columns and 18718 nonzeros (Min)
Model fingerprint: 0x497eb702
Model has 2199 linear objective coefficients and an objective constant of 1.9099451085920002e+07
Model has 972 quadratic objective terms
Coefficient statistics:
  Matrix range     [1e+00, 1e+04]
  Objective range  [4e-01, 1e+06]
  QObjective range [2e+04, 2e+04]
  Bounds range     [3e-06, 1e+04]
  RHS range        [3e-06, 1e+01]

Presolve removed 3672 rows and 4725 columns
Presolve time: 0.02s
Presolved: 1474 rows, 2718 columns, 8689 nonzeros
Presolved model has 454 quadratic objective terms
Ordering time: 0.00s

Barrier statistics:
 AA' NZ     : 1.796e+04
 Factor NZ  : 4.901e+04 (roughly 2 MB of memory)
 Factor Ops : 2.122e+06 (less than 1 second per iteration)
 Threads    : 1

                  Objective                Residual
Iter       Primal          Dual         Primal    Dual     Compl     Time
   0   5.16778703e+12 -1.39838611e+12  7.31e+03 3.77e+04  3.76e+07     0s
   1   1.11834317e+12 -8.08457374e+11  1.65e+03 8.48e+03  8.74e+06     0s
   2   9.47688783e+10 -7.47642764e+11  1.41e+02 7.26e+02  9.14e+05     0s
   3   1.48662213e+10 -4.22343046e+11  2.24e+01 1.15e+02  1.85e+05     0s
   4   2.39492917e+09 -2.08452385e+11  3.74e+00 1.93e+01  5.42e+04     0s
   5   9.28183477e+08 -1.04648658e+11  1.44e+00 7.44e+00  2.44e+04     0s
   6   8.52979110e+08 -9.78504643e+10  1.31e+00 6.73e+00  2.29e+04     0s
   7   7.85039909e+08 -8.95533119e+10  1.19e+00 6.15e+00  2.09e+04     0s
   8   7.60876229e+08 -8.54305354e+10  1.15e+00 5.95e+00  2.02e+04     0s
   9   7.38161493e+08 -8.06646143e+10  1.12e+00 5.77e+00  1.96e+04     0s
  10   6.93370824e+08 -6.47570104e+10  1.07e+00 5.50e+00  1.87e+04     0s
  11   6.74000134e+08 -4.35984068e+10  1.04e+00 5.37e+00  1.82e+04     0s
  12   6.65466092e+08 -8.20598045e+09  1.03e+00 5.29e+00  1.78e+04     0s
  13   6.47254665e+08  6.77241057e+10  1.01e+00 5.20e+00  1.75e+04     0s
  14   6.38263949e+08  1.96740624e+11  1.00e+00 5.17e+00  1.73e+04     0s
  15   6.35515844e+08  4.46964959e+11  1.00e+00 5.15e+00  1.73e+04     0s
  16   6.34177014e+08  5.89125129e+11  1.00e+00 5.01e+00  1.74e+04     0s
  17   7.21052682e+13 -2.38884713e+13  7.31e+04 3.77e+04  3.75e+08     0s
  18   1.46306373e+13 -2.79057111e+12  1.93e+04 9.93e+03  1.44e+08     0s
  19   1.88120325e+11 -1.26711317e+12  2.78e+02 1.43e+02  2.53e+06     0s
  20   1.75341105e+10 -9.09648308e+11  2.61e+01 1.35e+01  3.91e+05     0s
  21   1.39815950e+09 -2.75360584e+11  2.03e+00 1.05e+00  6.44e+04     0s
  22   9.40867920e+08 -1.88910476e+11  1.31e+00 6.74e-01  4.26e+04     0s
  23   8.78425159e+08 -1.71480465e+11  1.21e+00 6.23e-01  3.94e+04     0s
  24   8.15608448e+08 -1.49510725e+11  1.12e+00 5.78e-01  3.65e+04     0s
  25   7.57622125e+08 -1.17180790e+11  1.08e+00 5.56e-01  3.51e+04     0s
  26   7.16829843e+08 -6.50941715e+10  1.05e+00 5.41e-01  3.40e+04     0s
  27   6.95317752e+08  9.21044144e+09  1.03e+00 5.30e-01  3.32e+04     0s
  28   6.71968942e+08  1.29260394e+11  1.02e+00 5.23e-01  3.26e+04     0s
  29   6.55051203e+08  3.16558502e+11  1.01e+00 5.19e-01  3.23e+04     0s
  30   6.47928508e+08  6.91836247e+11  1.00e+00 5.16e-01  3.21e+04     0s
  31   6.42887087e+08  1.20342059e+12  1.00e+00 5.15e-01  3.23e+04     0s
  32   6.38933087e+08  1.98206082e+12  9.99e-01 5.15e-01  3.26e+04     0s
  33   6.40110918e+08  2.29718509e+12  9.99e-01 5.15e-01  3.28e+04     0s
  34   6.38627681e+08  2.90627500e+12  9.99e-01 5.15e-01  3.31e+04     0s
  35   6.40413469e+08  6.04585378e+12  9.98e-01 5.14e-01  3.54e+04     0s
  36   6.32720091e+08  1.43009999e+13  9.97e-01 5.14e-01  3.75e+04     0s
  37   6.34797811e+08  2.37753935e+13  9.96e-01 5.13e-01  4.06e+04     0s
  38   6.36269239e+08  4.86217866e+13  9.96e-01 5.13e-01  4.73e+04     0s
  39   6.40412263e+08  8.10842193e+13  9.96e-01 5.13e-01  5.58e+04     0s
  40   6.41677464e+08  1.41833651e+14  9.95e-01 5.13e-01  7.03e+04     0s
  41   6.43918867e+08  2.20347530e+14  9.95e-01 5.13e-01  8.82e+04     0s
  42   6.44287562e+08  3.91312211e+14  9.95e-01 5.13e-01  1.24e+05     0s
  43   6.45030793e+08  6.97132434e+14  9.95e-01 5.13e-01  1.82e+05     0s
  44   6.46330854e+08  1.31827139e+15  9.95e-01 5.13e-01  2.91e+05     0s
  45   6.45848371e+08  1.70813214e+15  9.95e-01 5.13e-01  3.58e+05     0s
  46   7.21052682e+13 -2.38884713e+13  7.31e+04 3.77e+04  3.75e+08     0s
  47   1.12618858e+13 -1.46010410e+12  1.64e+04 8.46e+03  2.27e+07     0s
  48   9.80805587e+11 -6.03702384e+10  1.81e+03 9.31e+02  4.46e+05     0s
  49   1.15691097e+11 -7.46296584e+09  2.24e+02 1.15e+02  1.25e+04     0s
  50   3.76427264e+10 -2.98455126e+09  7.43e+01 3.83e+01  2.41e+03     0s
  51   1.51479561e+10 -1.64437054e+09  3.08e+01 1.59e+01  7.08e+02     0s
  52   6.38170610e+09 -1.08857904e+09  1.37e+01 7.07e+00  2.53e+02     0s
  53   2.11509293e+09 -7.96201402e+08  5.33e+00 2.75e+00  8.65e+01     0s
  54   1.45172223e+09 -7.45440065e+08  4.02e+00 2.07e+00  6.85e+01     0s
  55   1.32074841e+09 -7.26571118e+08  3.76e+00 1.94e+00  7.29e+01     0s
  56   1.20010905e+09 -7.13353867e+08  3.51e+00 1.81e+00  6.95e+01     0s
  57   9.88631174e+08 -6.77422382e+08  3.07e+00 1.58e+00  7.41e+01     0s
  58   8.14644396e+08 -6.52131284e+08  2.71e+00 1.39e+00  6.68e+01     0s
  59   7.71412339e+08 -6.44777818e+08  2.61e+00 1.35e+00  6.56e+01     0s
  60   6.80290530e+08 -6.28572937e+08  2.42e+00 1.25e+00  6.29e+01     0s
  61   5.01120707e+08 -5.96954406e+08  2.03e+00 1.05e+00  5.61e+01     0s
  62   3.58785884e+08 -5.67260281e+08  1.72e+00 8.86e-01  5.11e+01     0s
  63   3.43590907e+08 -5.62965439e+08  1.69e+00 8.69e-01  5.09e+01     0s
  64   3.21439401e+08 -5.54357850e+08  1.63e+00 8.40e-01  5.18e+01     0s
  65   3.19510911e+08 -5.42388320e+08  1.62e+00 8.34e-01  6.09e+01     0s
  66   3.03477599e+08 -5.33069260e+08  1.58e+00 8.12e-01  6.34e+01     0s
  67   2.99195327e+08 -5.29932828e+08  1.56e+00 8.06e-01  6.43e+01     0s
  68   2.89280629e+08 -5.13103233e+08  1.52e+00 7.84e-01  7.26e+01     0s
  69   2.56241336e+08 -4.78705456e+08  1.42e+00 7.30e-01  8.24e+01     0s
  70   2.50579650e+08 -4.72845543e+08  1.40e+00 7.19e-01  8.27e+01     0s
  71   2.43491856e+08 -4.65284456e+08  1.37e+00 7.06e-01  8.29e+01     0s
  72   2.26072091e+08 -4.45958166e+08  1.30e+00 6.72e-01  8.31e+01     0s
  73   2.25691063e+08 -4.33175541e+08  1.28e+00 6.62e-01  8.88e+01     0s
  74   2.20257464e+08 -4.10243849e+08  1.24e+00 6.40e-01  9.54e+01     0s
  75   2.20608002e+08 -4.01695312e+08  1.23e+00 6.33e-01  9.83e+01     0s
  76   2.18055104e+08 -3.92638608e+08  1.21e+00 6.23e-01  9.94e+01     0s
  77   2.18261297e+08 -3.64645478e+08  1.16e+00 5.99e-01  1.07e+02     0s
  78   2.18861458e+08 -3.51632942e+08  1.14e+00 5.89e-01  1.11e+02     0s
  79   2.21108982e+08 -3.37916606e+08  1.13e+00 5.80e-01  1.16e+02     0s
  80   2.33701088e+08 -3.25088950e+08  1.14e+00 5.85e-01  1.32e+02     0s
  81   2.40806578e+08 -3.11011011e+08  1.13e+00 5.81e-01  1.43e+02     0s
  82   2.50839474e+08 -2.87535442e+08  1.11e+00 5.73e-01  1.58e+02     0s
  83   2.90443972e+08 -2.25475862e+08  1.10e+00 5.66e-01  2.21e+02     0s
  84   3.44458401e+08 -1.42533539e+08  1.08e+00 5.55e-01  3.08e+02     0s
  85   3.75863546e+08 -1.01749070e+08  1.07e+00 5.53e-01  3.78e+02     0s
  86   4.02942590e+08 -6.64837162e+07  1.07e+00 5.50e-01  4.41e+02     0s
  87   5.55259052e+08  1.25763553e+08  1.06e+00 5.45e-01  8.97e+02     0s
  88   7.28687133e+08  3.30847649e+08  1.05e+00 5.44e-01  2.56e+03     0s
  89   7.66586373e+08  4.28562053e+08  1.06e+00 5.47e-01  1.78e+04     0s
  90   7.68745351e+08  1.98510890e+09  1.05e+00 5.43e-01  7.54e+05     0s
  91*  7.68995442e+08  1.33912234e+12  7.61e-04 2.69e-04  1.44e+00     0s
  92*  7.68995443e+08  1.33377559e+15  7.61e-07 1.03e-04  1.44e-03     0s
  93*  7.68995443e+08  1.33376533e+18  7.61e-10 2.02e-04  1.44e-06     0s
  94*  7.68995443e+08  1.33376512e+21  7.61e-13 1.47e-04  1.44e-09     0s

Barrier performed 94 iterations in 0.27 seconds (0.17 work units)
Infeasible model


User-callback calls 164, time in user-callback 0.00 sec

Gurobi 13.0.2 (win64) logging started Wed Jul 15 17:30:20 2026

Set parameter LogFile to value "C:\Users\ehsanno\DataspellProjects\Spanish_Power_System\results\GoRES\ipopt_logs\2024-12-02_h18.log"

Gurobi 13.0.2 (win64) logging started Wed Jul 15 17:30:20 2026

Set parameter LogFile to value "C:\Users\ehsanno\DataspellProjects\Spanish_Power_System\results\GoRES\ipopt_logs\2024-12-02_h18.log"
Gurobi Optimizer version 13.0.2 build v13.0.2rc1 (win64 - Windows 11+.0 (26200.2))

CPU model: 11th Gen Intel(R) Core(TM) i5-1145G7 @ 2.60GHz, instruction set [SSE2|AVX|AVX2|AVX512]
Thread count: 4 physical cores, 8 logical processors, using up to 8 threads

Non-default parameters:
LogToConsole  0

Optimize a model with 5146 rows, 7443 columns and 18718 nonzeros (Min)
Model fingerprint: 0x50c66803
Model has 2199 linear objective coefficients and an objective constant of 1.9099451085920002e+07
Model has 972 quadratic objective terms
Coefficient statistics:
  Matrix range     [1e+00, 1e+04]
  Objective range  [4e-01, 1e+06]
  QObjective range [2e+04, 2e+04]
  Bounds range     [3e-06, 1e+04]
  RHS range        [3e-06, 1e+01]

Presolve removed 3681 rows and 4735 columns
Presolve time: 0.03s
Presolved: 1465 rows, 2708 columns, 8686 nonzeros
Presolved model has 454 quadratic objective terms
Ordering time: 0.01s

Barrier statistics:
 AA' NZ     : 1.785e+04
 Factor NZ  : 4.934e+04 (roughly 2 MB of memory)
 Factor Ops : 2.197e+06 (less than 1 second per iteration)
 Threads    : 1

                  Objective                Residual
Iter       Primal          Dual         Primal    Dual     Compl     Time
   0   5.21979026e+12 -1.77610433e+12  7.69e+03 3.77e+04  3.77e+07     0s
   1   1.12992622e+12 -1.07445244e+12  1.73e+03 8.48e+03  8.75e+06     0s
   2   8.17014356e+10 -9.36501695e+11  1.27e+02 6.21e+02  8.18e+05     0s
   3   1.87976350e+10 -5.37199174e+11  2.96e+01 1.45e+02  2.31e+05     0s
   4   2.98356165e+09 -2.94361772e+11  4.87e+00 2.39e+01  7.90e+04     0s
   5   9.13741324e+08 -1.32507805e+11  1.54e+00 7.55e+00  3.12e+04     0s
   6   4.23318379e+08 -6.92574010e+10  4.23e-01 2.07e+00  1.48e+04     0s
   7   2.36420818e+08 -3.89103379e+10  1.27e-01 6.22e-01  7.86e+03     0s
   8   1.69521608e+08 -5.30153827e+09  1.46e-02 7.13e-02  1.03e+03     0s
   9   1.05873149e+08 -1.73783328e+09  2.66e-03 1.31e-02  3.42e+02     0s
  10   3.11330112e+07 -1.29523111e+08  1.37e-05 6.72e-05  2.96e+01     0s
  11   5.14073588e+06 -1.61566606e+07  8.01e-07 3.93e-06  3.92e+00     0s
  12   2.44688065e+06 -1.30040472e+06  1.15e-07 5.65e-07  6.89e-01     0s
  13   2.01560484e+06  9.86343424e+05  2.94e-08 1.44e-07  1.89e-01     0s
  14   1.89983828e+06  1.39192756e+06  9.77e-09 4.79e-08  9.34e-02     0s
  15   1.80281053e+06  1.75104567e+06  2.13e-09 1.49e-09  9.52e-03     0s
  16   1.78923035e+06  1.77664654e+06  9.60e-09 2.68e-10  2.31e-03     0s
  17   1.78795506e+06  1.77824494e+06  5.92e-08 1.31e-10  1.79e-03     0s
  18   1.78549624e+06  1.78487759e+06  1.60e-07 1.73e-11  1.14e-04     0s
  19   1.78532224e+06  1.78528184e+06  1.61e-07 7.97e-12  7.43e-06     0s
  20   1.78531316e+06  1.78531243e+06  6.43e-08 8.49e-12  1.33e-07     0s
  21   1.78531292e+06  1.78531289e+06  4.99e-09 1.02e-11  6.18e-09     0s

Barrier solved model in 21 iterations and 0.08 seconds (0.05 work units)
Optimal objective 1.78531292e+06


User-callback calls 74, time in user-callback 0.00 sec

Gurobi 13.0.2 (win64) logging started Wed Jul 15 18:00:49 2026

Set parameter LogFile to value "C:\Users\ehsanno\DataspellProjects\Spanish_Power_System\results\GoRES\ipopt_logs\2024-12-02_h18.log"

Gurobi 13.0.2 (win64) logging started Wed Jul 15 18:00:49 2026

Set parameter LogFile to value "C:\Users\ehsanno\DataspellProjects\Spanish_Power_System\results\GoRES\ipopt_logs\2024-12-02_h18.log"
Gurobi Optimizer version 13.0.2 build v13.0.2rc1 (win64 - Windows 11+.0 (26200.2))

CPU model: 11th Gen Intel(R) Core(TM) i5-1145G7 @ 2.60GHz, instruction set [SSE2|AVX|AVX2|AVX512]
Thread count: 4 physical cores, 8 logical processors, using up to 8 threads

Non-default parameters:
LogToConsole  0

Optimize a model with 5146 rows, 7443 columns and 18718 nonzeros (Min)
Model fingerprint: 0x39c833fc
Model has 2199 linear objective coefficients and an objective constant of 1.9099451085920002e+07
Model has 972 quadratic objective terms
Coefficient statistics:
  Matrix range     [1e+00, 1e+04]
  Objective range  [4e-01, 1e+06]
  QObjective range [2e+04, 2e+04]
  Bounds range     [3e-06, 1e+04]
  RHS range        [3e-06, 1e+01]

Presolve removed 3679 rows and 4733 columns
Presolve time: 0.02s
Presolved: 1467 rows, 2710 columns, 8681 nonzeros
Presolved model has 454 quadratic objective terms
Ordering time: 0.01s

Barrier statistics:
 AA' NZ     : 1.782e+04
 Factor NZ  : 4.856e+04 (roughly 2 MB of memory)
 Factor Ops : 2.083e+06 (less than 1 second per iteration)
 Threads    : 1

                  Objective                Residual
Iter       Primal          Dual         Primal    Dual     Compl     Time
   0   6.11769156e+12 -2.08351931e+12  7.44e+03 3.76e+04  3.76e+07     0s
   1   1.33218384e+12 -1.28965808e+12  1.68e+03 8.47e+03  8.79e+06     0s
   2   1.31044972e+11 -1.11510632e+12  1.67e+02 8.42e+02  1.10e+06     0s
   3   2.17521639e+10 -5.76488564e+11  2.81e+01 1.42e+02  2.36e+05     0s
   4   3.05055766e+09 -2.38879875e+11  4.25e+00 2.15e+01  6.02e+04     0s
   5   1.00152787e+09 -1.05267146e+11  1.47e+00 7.44e+00  2.41e+04     0s
   6   7.43427160e+08 -8.18608683e+10  9.55e-01 4.82e+00  1.85e+04     0s
   7   3.79829666e+08 -3.40054324e+10  3.14e-01 1.59e+00  7.19e+03     0s
   8   1.72738070e+08 -1.03963100e+10  2.15e-02 1.09e-01  2.00e+03     0s
   9   1.31134262e+08 -2.41247102e+09  4.86e-03 2.45e-02  4.72e+02     0s
  10   5.86241169e+07 -8.81234224e+08  2.74e-04 1.38e-03  1.73e+02     0s
  11   1.01678780e+07 -1.77561279e+07  2.30e-06 1.16e-05  5.13e+00     0s
  12   1.36905810e+06 -2.00384973e+06  8.87e-08 4.48e-07  6.20e-01     0s
  13   8.29993994e+05  5.16621122e+04  1.60e-08 8.08e-08  1.43e-01     0s
  14   7.62011089e+05  2.12445058e+05  9.89e-09 5.00e-08  1.01e-01     0s
  15   6.39199587e+05  5.61299520e+05  5.46e-09 2.87e-09  1.43e-02     0s
  16   6.15278702e+05  6.07377265e+05  1.02e-08 1.20e-10  1.45e-03     0s
  17   6.13173330e+05  6.12069293e+05  3.68e-10 6.14e-12  2.03e-04     0s
  18   6.12871535e+05  6.12804168e+05  7.11e-11 6.20e-12  1.24e-05     0s
  19   6.12848978e+05  6.12844053e+05  7.59e-10 1.45e-11  9.05e-07     0s
  20   6.12846915e+05  6.12846205e+05  1.53e-08 1.06e-11  1.30e-07     0s
  21   6.12847032e+05  6.12846232e+05  4.38e-07 1.88e-11  1.20e-07     0s
  22   6.12846670e+05  6.12846515e+05  3.03e-07 1.37e-11  1.65e-08     0s
  23   6.12846710e+05  6.12846520e+05  3.19e-07 1.21e-11  1.45e-08     0s
  24   6.12847046e+05  6.12846521e+05  1.41e-06 8.91e-12  1.40e-08     0s
  25   6.12847129e+05  6.12846545e+05  1.00e-06 1.03e-11  4.10e-09     0s
  26   6.12847948e+05  6.12846547e+05  3.25e-06 1.18e-11  3.33e-09     0s
  27   6.12846626e+05  6.12846553e+05  4.32e-07 9.93e-12  3.93e-10     0s
  28   6.12846822e+05  6.12846553e+05  8.44e-07 1.38e-11  1.98e-10     0s
  29   6.12846792e+05  6.12846553e+05  7.64e-07 1.40e-11  2.81e-11     0s
  30   6.12846444e+05  6.12846553e+05  4.01e-07 2.90e-11  3.94e-12     0s
  31   6.12846276e+05  6.12846553e+05  8.98e-07 1.80e-11  5.09e-13     0s
  32   6.12846234e+05  6.12846553e+05  6.82e-07 7.28e-12  3.09e-15     0s
  33   6.12846233e+05  6.12846553e+05  7.02e-07 7.28e-12  1.09e-16     0s
  34   6.12846233e+05  6.12846553e+05  7.20e-07 1.46e-11  2.37e-17     0s

Barrier solved model in 34 iterations and 0.13 seconds (0.08 work units)
Optimal objective 6.12848978e+05


User-callback calls 88, time in user-callback 0.00 sec

Gurobi 13.0.2 (win64) logging started Thu Jul 16 15:27:29 2026

Set parameter LogFile to value "C:\Users\ehsanno\DataspellProjects\Spanish_Power_System\results\GoRES\ipopt_logs\2024-12-02_h18.log"

Gurobi 13.0.2 (win64) logging started Thu Jul 16 15:27:29 2026

Set parameter LogFile to value "C:\Users\ehsanno\DataspellProjects\Spanish_Power_System\results\GoRES\ipopt_logs\2024-12-02_h18.log"
Gurobi Optimizer version 13.0.2 build v13.0.2rc1 (win64 - Windows 11+.0 (26200.2))

CPU model: 11th Gen Intel(R) Core(TM) i5-1145G7 @ 2.60GHz, instruction set [SSE2|AVX|AVX2|AVX512]
Thread count: 4 physical cores, 8 logical processors, using up to 8 threads

Non-default parameters:
LogToConsole  0

Optimize a model with 5146 rows, 7443 columns and 18718 nonzeros (Min)
Model fingerprint: 0x39c833fc
Model has 2199 linear objective coefficients and an objective constant of 1.9099451085920002e+07
Model has 972 quadratic objective terms
Coefficient statistics:
  Matrix range     [1e+00, 1e+04]
  Objective range  [4e-01, 1e+06]
  QObjective range [2e+04, 2e+04]
  Bounds range     [3e-06, 1e+04]
  RHS range        [3e-06, 1e+01]

Presolve removed 3679 rows and 4733 columns
Presolve time: 0.02s
Presolved: 1467 rows, 2710 columns, 8681 nonzeros
Presolved model has 454 quadratic objective terms
Ordering time: 0.00s

Barrier statistics:
 AA' NZ     : 1.782e+04
 Factor NZ  : 4.856e+04 (roughly 2 MB of memory)
 Factor Ops : 2.083e+06 (less than 1 second per iteration)
 Threads    : 1

                  Objective                Residual
Iter       Primal          Dual         Primal    Dual     Compl     Time
   0   6.11769156e+12 -2.08351931e+12  7.44e+03 3.76e+04  3.76e+07     0s
   1   1.33218384e+12 -1.28965808e+12  1.68e+03 8.47e+03  8.79e+06     0s
   2   1.31044972e+11 -1.11510632e+12  1.67e+02 8.42e+02  1.10e+06     0s
   3   2.17521639e+10 -5.76488564e+11  2.81e+01 1.42e+02  2.36e+05     0s
   4   3.05055766e+09 -2.38879875e+11  4.25e+00 2.15e+01  6.02e+04     0s
   5   1.00152787e+09 -1.05267146e+11  1.47e+00 7.44e+00  2.41e+04     0s
   6   7.43427160e+08 -8.18608683e+10  9.55e-01 4.82e+00  1.85e+04     0s
   7   3.79829666e+08 -3.40054324e+10  3.14e-01 1.59e+00  7.19e+03     0s
   8   1.72738070e+08 -1.03963100e+10  2.15e-02 1.09e-01  2.00e+03     0s
   9   1.31134262e+08 -2.41247102e+09  4.86e-03 2.45e-02  4.72e+02     0s
  10   5.86241169e+07 -8.81234224e+08  2.74e-04 1.38e-03  1.73e+02     0s
  11   1.01678780e+07 -1.77561279e+07  2.30e-06 1.16e-05  5.13e+00     0s
  12   1.36905810e+06 -2.00384973e+06  8.87e-08 4.48e-07  6.20e-01     0s
  13   8.29993994e+05  5.16621122e+04  1.60e-08 8.08e-08  1.43e-01     0s
  14   7.62011089e+05  2.12445058e+05  9.89e-09 5.00e-08  1.01e-01     0s
  15   6.39199587e+05  5.61299520e+05  5.46e-09 2.87e-09  1.43e-02     0s
  16   6.15278702e+05  6.07377265e+05  1.02e-08 1.20e-10  1.45e-03     0s
  17   6.13173330e+05  6.12069293e+05  3.68e-10 6.14e-12  2.03e-04     0s
  18   6.12871535e+05  6.12804168e+05  7.11e-11 6.20e-12  1.24e-05     0s
  19   6.12848978e+05  6.12844053e+05  7.59e-10 1.45e-11  9.05e-07     0s
  20   6.12846915e+05  6.12846205e+05  1.53e-08 1.06e-11  1.30e-07     0s
  21   6.12847032e+05  6.12846232e+05  4.38e-07 1.88e-11  1.20e-07     0s
  22   6.12846670e+05  6.12846515e+05  3.03e-07 1.37e-11  1.65e-08     0s
  23   6.12846710e+05  6.12846520e+05  3.19e-07 1.21e-11  1.45e-08     0s
  24   6.12847046e+05  6.12846521e+05  1.41e-06 8.91e-12  1.40e-08     0s
  25   6.12847129e+05  6.12846545e+05  1.00e-06 1.03e-11  4.10e-09     0s
  26   6.12847948e+05  6.12846547e+05  3.25e-06 1.18e-11  3.33e-09     0s
  27   6.12846626e+05  6.12846553e+05  4.32e-07 9.93e-12  3.93e-10     0s
  28   6.12846822e+05  6.12846553e+05  8.44e-07 1.38e-11  1.98e-10     0s
  29   6.12846792e+05  6.12846553e+05  7.64e-07 1.40e-11  2.81e-11     0s
  30   6.12846444e+05  6.12846553e+05  4.01e-07 2.90e-11  3.94e-12     0s
  31   6.12846276e+05  6.12846553e+05  8.98e-07 1.80e-11  5.09e-13     0s
  32   6.12846234e+05  6.12846553e+05  6.82e-07 7.28e-12  3.09e-15     0s
  33   6.12846233e+05  6.12846553e+05  7.02e-07 7.28e-12  1.09e-16     0s
  34   6.12846233e+05  6.12846553e+05  7.20e-07 1.46e-11  2.37e-17     0s

Barrier solved model in 34 iterations and 0.09 seconds (0.08 work units)
Optimal objective 6.12848978e+05


User-callback calls 91, time in user-callback 0.00 sec

Gurobi 13.0.2 (win64) logging started Thu Jul 16 16:08:07 2026

Set parameter LogFile to value "C:\Users\ehsanno\DataspellProjects\Spanish_Power_System\results\GoRES\ipopt_logs\2024-12-02_h18.log"

Gurobi 13.0.2 (win64) logging started Thu Jul 16 16:08:07 2026

Set parameter LogFile to value "C:\Users\ehsanno\DataspellProjects\Spanish_Power_System\results\GoRES\ipopt_logs\2024-12-02_h18.log"
Gurobi Optimizer version 13.0.2 build v13.0.2rc1 (win64 - Windows 11+.0 (26200.2))

CPU model: 11th Gen Intel(R) Core(TM) i5-1145G7 @ 2.60GHz, instruction set [SSE2|AVX|AVX2|AVX512]
Thread count: 4 physical cores, 8 logical processors, using up to 8 threads

Non-default parameters:
LogToConsole  0

Optimize a model with 5146 rows, 7859 columns and 19134 nonzeros (Min)
Model fingerprint: 0x28e4550e
Model has 2358 linear objective coefficients and an objective constant of 1.9463721637436487e+07
Model has 1482 quadratic objective terms
Coefficient statistics:
  Matrix range     [1e+00, 1e+04]
  Objective range  [2e-07, 1e+06]
  QObjective range [2e+04, 2e+04]
  Bounds range     [3e-06, 1e+04]
  RHS range        [3e-06, 1e+01]

Presolve removed 3647 rows and 4606 columns
Presolve time: 0.02s
Presolved: 1499 rows, 3253 columns, 9331 nonzeros
Presolved model has 964 quadratic objective terms
Ordering time: 0.00s

Barrier statistics:
 AA' NZ     : 1.778e+04
 Factor NZ  : 4.946e+04 (roughly 2 MB of memory)
 Factor Ops : 2.160e+06 (less than 1 second per iteration)
 Threads    : 1

                  Objective                Residual
Iter       Primal          Dual         Primal    Dual     Compl     Time
   0   6.33997797e+12 -5.88525095e+12  8.00e+03 3.85e+07  3.91e+10     0s
   1   1.52934091e+12 -4.37133330e+12  1.94e+03 9.34e+06  9.99e+09     0s
   2   1.67897460e+11 -2.67260814e+12  2.14e+02 1.03e+06  1.43e+09     0s
   3   2.50865534e+10 -1.00607241e+12  3.24e+01 1.56e+05  2.80e+08     0s
   4   3.41942394e+09 -3.54620688e+11  4.69e+00 2.26e+04  6.95e+07     0s
   5   9.71569336e+08 -1.33798037e+11  1.42e+00 6.83e+03  2.43e+07     0s
   6   6.71348453e+08 -9.55545526e+10  8.09e-01 3.90e+03  1.72e+07     0s
   7   3.34687388e+08 -3.48542377e+10  2.35e-01 1.13e+03  6.02e+06     0s
   8   1.75673189e+08 -3.99373598e+09  2.19e-02 1.05e+02  6.79e+05     0s
   9   9.36150530e+07 -1.03100650e+09  3.29e-03 1.59e+01  1.78e+05     0s
  10   3.37798624e+07 -1.74806238e+08  5.53e-04 2.66e+00  3.27e+04     0s
  11   3.11713073e+06 -1.13047669e+07  1.98e-05 9.54e-02  2.25e+03     0s
  12   9.20991595e+05 -5.25163401e+05  7.57e-07 3.65e-03  2.26e+02     0s
  13   7.82196986e+05 -1.23689172e+05  3.16e-07 1.52e-03  1.42e+02     0s
  14   6.84950146e+05  2.52400552e+05  1.08e-07 5.21e-04  6.76e+01     0s
  15   6.15154784e+05  5.61078756e+05  2.17e-08 3.87e-05  8.45e+00     0s
  16   6.03460081e+05  5.94833185e+05  8.55e-08 4.23e-06  1.35e+00     0s
  17   6.00879740e+05  6.00399323e+05  1.29e-07 4.94e-08  7.51e-02     0s
  18   6.00679250e+05  6.00649354e+05  3.55e-08 1.55e-08  4.67e-03     0s
  19   6.00671427e+05  6.00670148e+05  1.12e-09 1.87e-08  2.00e-04     0s
  20   6.00671131e+05  6.00671128e+05  2.86e-09 9.53e-09  3.35e-07     0s
  21   6.00671144e+05  6.00671129e+05  2.17e-07 7.91e-09  1.52e-07     0s
  22   6.00671155e+05  6.00671130e+05  2.86e-07 1.39e-08  1.52e-10     0s

Barrier solved model in 22 iterations and 0.07 seconds (0.05 work units)
Optimal objective 6.00671155e+05


User-callback calls 79, time in user-callback 0.00 sec

Gurobi 13.0.2 (win64) logging started Thu Jul 16 16:15:24 2026

Set parameter LogFile to value "C:\Users\ehsanno\DataspellProjects\Spanish_Power_System\results\GoRES\ipopt_logs\2024-12-02_h18.log"

Gurobi 13.0.2 (win64) logging started Thu Jul 16 16:15:24 2026

Set parameter LogFile to value "C:\Users\ehsanno\DataspellProjects\Spanish_Power_System\results\GoRES\ipopt_logs\2024-12-02_h18.log"
Gurobi Optimizer version 13.0.2 build v13.0.2rc1 (win64 - Windows 11+.0 (26200.2))

CPU model: 11th Gen Intel(R) Core(TM) i5-1145G7 @ 2.60GHz, instruction set [SSE2|AVX|AVX2|AVX512]
Thread count: 4 physical cores, 8 logical processors, using up to 8 threads

Non-default parameters:
LogToConsole  0

Optimize a model with 5146 rows, 7859 columns and 19134 nonzeros (Min)
Model fingerprint: 0x3212f73e
Model has 2358 linear objective coefficients and an objective constant of 1.9463721637436487e+07
Model has 1482 quadratic objective terms
Coefficient statistics:
  Matrix range     [1e+00, 1e+04]
  Objective range  [2e-07, 1e+06]
  QObjective range [2e+04, 2e+04]
  Bounds range     [3e-06, 1e+04]
  RHS range        [3e-06, 1e+01]

Presolve removed 3656 rows and 4610 columns
Presolve time: 0.02s
Presolved: 1490 rows, 3249 columns, 9269 nonzeros
Presolved model has 964 quadratic objective terms
Ordering time: 0.00s

Barrier statistics:
 AA' NZ     : 1.784e+04
 Factor NZ  : 4.773e+04 (roughly 2 MB of memory)
 Factor Ops : 1.993e+06 (less than 1 second per iteration)
 Threads    : 1

                  Objective                Residual
Iter       Primal          Dual         Primal    Dual     Compl     Time
   0   4.72658745e+12 -4.78843077e+12  7.75e+03 3.91e+07  3.96e+10     0s
   1   9.89402633e+11 -3.58018174e+12  1.63e+03 8.22e+06  8.79e+09     0s
   2   8.25983346e+10 -2.19791238e+12  1.36e+02 6.85e+05  1.10e+09     0s
   3   1.00772901e+10 -6.89369791e+11  1.65e+01 8.34e+04  1.83e+08     0s
   4   3.06933238e+09 -4.75568969e+11  4.99e+00 2.52e+04  1.02e+08     0s
   5   5.80259874e+08 -1.20408920e+11  7.56e-01 3.81e+03  2.18e+07     0s
   6   2.87456895e+08 -4.18457137e+10  1.66e-01 8.36e+02  7.11e+06     0s
   7   1.93714126e+08 -5.25429429e+09  1.70e-02 8.56e+01  8.78e+05     0s
   8   1.00018761e+08 -1.64544588e+09  3.27e-03 1.65e+01  2.75e+05     0s
   9   3.63888651e+07 -2.68463820e+08  2.60e-04 1.31e+00  4.77e+04     0s
  10   5.32664959e+06 -3.64302496e+07  2.53e-06 1.28e-02  6.53e+03     0s
  11   1.72366909e+06 -4.74435087e+06  2.28e-07 1.15e-03  1.01e+03     0s
  12   1.03816285e+06 -5.67292967e+05  3.42e-08 1.73e-04  2.51e+02     0s
  13   9.33891337e+05 -8.89880081e+04  1.57e-08 7.91e-05  1.60e+02     0s
  14   8.28681979e+05  4.19705348e+05  4.10e-09 2.07e-05  6.40e+01     0s
  15   7.77204647e+05  6.39883885e+05  9.45e-10 4.77e-06  2.15e+01     0s
  16   7.54301024e+05  7.19979033e+05  2.37e-09 9.34e-07  5.37e+00     0s
  17   7.47285617e+05  7.42953806e+05  1.13e-08 7.92e-08  6.78e-01     0s
  18   7.46341125e+05  7.45823851e+05  8.18e-09 1.61e-08  8.09e-02     0s
  19   7.46218148e+05  7.46190907e+05  1.38e-09 1.34e-08  4.26e-03     0s
  20   7.46210928e+05  7.46209967e+05  1.16e-09 7.68e-09  1.50e-04     0s
  21   7.46210682e+05  7.46210682e+05  2.79e-09 8.90e-09  1.75e-07     0s
  22   7.46210690e+05  7.46210682e+05  5.27e-08 1.35e-08  1.76e-10     0s

Barrier solved model in 22 iterations and 0.07 seconds (0.05 work units)
Optimal objective 7.46210690e+05


User-callback calls 73, time in user-callback 0.00 sec

Gurobi 13.0.2 (win64) logging started Thu Jul 16 16:23:54 2026

Set parameter LogFile to value "C:\Users\ehsanno\DataspellProjects\Spanish_Power_System\results\GoRES\ipopt_logs\2024-12-02_h18.log"

Gurobi 13.0.2 (win64) logging started Thu Jul 16 16:23:54 2026

Set parameter LogFile to value "C:\Users\ehsanno\DataspellProjects\Spanish_Power_System\results\GoRES\ipopt_logs\2024-12-02_h18.log"
Gurobi Optimizer version 13.0.2 build v13.0.2rc1 (win64 - Windows 11+.0 (26200.2))

CPU model: 11th Gen Intel(R) Core(TM) i5-1145G7 @ 2.60GHz, instruction set [SSE2|AVX|AVX2|AVX512]
Thread count: 4 physical cores, 8 logical processors, using up to 8 threads

Non-default parameters:
LogToConsole  0

Optimize a model with 5146 rows, 7859 columns and 19134 nonzeros (Min)
Model fingerprint: 0x25aae4de
Model has 2332 linear objective coefficients and an objective constant of 1.9463727809360020e+07
Model has 1482 quadratic objective terms
Coefficient statistics:
  Matrix range     [1e+00, 1e+04]
  Objective range  [4e-01, 1e+06]
  QObjective range [2e+04, 2e+04]
  Bounds range     [3e-06, 1e+04]
  RHS range        [3e-06, 1e+01]

Presolve removed 3654 rows and 4195 columns
Presolve time: 0.01s

Barrier solved model in 0 iterations and 0.01 seconds (0.01 work units)
Model is infeasible

User-callback calls 27, time in user-callback 0.00 sec
Gurobi Optimizer version 13.0.2 build v13.0.2rc1 (win64 - Windows 11+.0 (26200.2))

CPU model: 11th Gen Intel(R) Core(TM) i5-1145G7 @ 2.60GHz, instruction set [SSE2|AVX|AVX2|AVX512]
Thread count: 4 physical cores, 8 logical processors, using up to 8 threads

Non-default parameters:
LogToConsole  0

Iteration    Objective       Primal Inf.    Dual Inf.      Time
       0      handle free variables                          0s

IIS computed: 5 constraints and 11 bounds
IIS runtime: 0.20 seconds (0.39 work units)

Gurobi 13.0.2 (win64) logging started Mon Jul 20 15:54:35 2026

Set parameter LogFile to value "C:\Users\ehsanno\DataspellProjects\Spanish_Power_System\results\GoRES\ipopt_logs\2024-12-02_h18.log"

Gurobi 13.0.2 (win64) logging started Mon Jul 20 15:54:35 2026

Set parameter LogFile to value "C:\Users\ehsanno\DataspellProjects\Spanish_Power_System\results\GoRES\ipopt_logs\2024-12-02_h18.log"
Gurobi Optimizer version 13.0.2 build v13.0.2rc1 (win64 - Windows 11+.0 (26200.2))

CPU model: 11th Gen Intel(R) Core(TM) i5-1145G7 @ 2.60GHz, instruction set [SSE2|AVX|AVX2|AVX512]
Thread count: 4 physical cores, 8 logical processors, using up to 8 threads

Non-default parameters:
LogToConsole  0

Optimize a model with 5146 rows, 8031 columns and 19306 nonzeros (Min)
Model fingerprint: 0xa2f6d93f
Model has 2584 linear objective coefficients and an objective constant of 2.4343910078184262e+07
Model has 1660 quadratic objective terms
Coefficient statistics:
  Matrix range     [1e+00, 1e+04]
  Objective range  [2e-08, 1e+06]
  QObjective range [2e+04, 2e+04]
  Bounds range     [3e-06, 1e+04]
  RHS range        [3e-06, 1e+01]

Presolve removed 3651 rows and 4190 columns
Presolve time: 0.02s

Barrier solved model in 0 iterations and 0.02 seconds (0.01 work units)
Model is infeasible

User-callback calls 28, time in user-callback 0.00 sec
Gurobi Optimizer version 13.0.2 build v13.0.2rc1 (win64 - Windows 11+.0 (26200.2))

CPU model: 11th Gen Intel(R) Core(TM) i5-1145G7 @ 2.60GHz, instruction set [SSE2|AVX|AVX2|AVX512]
Thread count: 4 physical cores, 8 logical processors, using up to 8 threads

Non-default parameters:
LogToConsole  0

Iteration    Objective       Primal Inf.    Dual Inf.      Time
       0      handle free variables                          0s

IIS computed: 5 constraints and 13 bounds
IIS runtime: 0.38 seconds (0.40 work units)

Gurobi 13.0.2 (win64) logging started Mon Jul 20 15:57:04 2026

Set parameter LogFile to value "C:\Users\ehsanno\DataspellProjects\Spanish_Power_System\results\GoRES\ipopt_logs\2024-12-02_h18.log"

Gurobi 13.0.2 (win64) logging started Mon Jul 20 15:57:04 2026

Set parameter LogFile to value "C:\Users\ehsanno\DataspellProjects\Spanish_Power_System\results\GoRES\ipopt_logs\2024-12-02_h18.log"
Gurobi Optimizer version 13.0.2 build v13.0.2rc1 (win64 - Windows 11+.0 (26200.2))

CPU model: 11th Gen Intel(R) Core(TM) i5-1145G7 @ 2.60GHz, instruction set [SSE2|AVX|AVX2|AVX512]
Thread count: 4 physical cores, 8 logical processors, using up to 8 threads

Non-default parameters:
LogToConsole  0

Optimize a model with 5146 rows, 8031 columns and 19306 nonzeros (Min)
Model fingerprint: 0x8f6595ff
Model has 2431 linear objective coefficients and an objective constant of 3.0429884962200038e+07
Model has 1660 quadratic objective terms
Coefficient statistics:
  Matrix range     [1e+00, 1e+04]
  Objective range  [4e-01, 1e+06]
  QObjective range [2e+04, 2e+04]
  Bounds range     [3e-06, 1e+04]
  RHS range        [3e-06, 1e+01]

Presolve removed 3651 rows and 4190 columns
Presolve time: 0.02s

Barrier solved model in 0 iterations and 0.02 seconds (0.01 work units)
Model is infeasible

User-callback calls 28, time in user-callback 0.00 sec
Gurobi Optimizer version 13.0.2 build v13.0.2rc1 (win64 - Windows 11+.0 (26200.2))

CPU model: 11th Gen Intel(R) Core(TM) i5-1145G7 @ 2.60GHz, instruction set [SSE2|AVX|AVX2|AVX512]
Thread count: 4 physical cores, 8 logical processors, using up to 8 threads

Non-default parameters:
LogToConsole  0

Iteration    Objective       Primal Inf.    Dual Inf.      Time
       0      handle free variables                          0s

IIS computed: 5 constraints and 13 bounds
IIS runtime: 0.31 seconds (0.40 work units)

Gurobi 13.0.2 (win64) logging started Mon Jul 20 15:58:51 2026

Set parameter LogFile to value "C:\Users\ehsanno\DataspellProjects\Spanish_Power_System\results\GoRES\ipopt_logs\2024-12-02_h18.log"

Gurobi 13.0.2 (win64) logging started Mon Jul 20 15:58:51 2026

Set parameter LogFile to value "C:\Users\ehsanno\DataspellProjects\Spanish_Power_System\results\GoRES\ipopt_logs\2024-12-02_h18.log"
Gurobi Optimizer version 13.0.2 build v13.0.2rc1 (win64 - Windows 11+.0 (26200.2))

CPU model: 11th Gen Intel(R) Core(TM) i5-1145G7 @ 2.60GHz, instruction set [SSE2|AVX|AVX2|AVX512]
Thread count: 4 physical cores, 8 logical processors, using up to 8 threads

Non-default parameters:
LogToConsole  0

Optimize a model with 5146 rows, 8031 columns and 19306 nonzeros (Min)
Model fingerprint: 0xff8eb4ce
Model has 2431 linear objective coefficients and an objective constant of 3.6515861954640046e+07
Model has 1660 quadratic objective terms
Coefficient statistics:
  Matrix range     [1e+00, 1e+04]
  Objective range  [4e-01, 1e+06]
  QObjective range [2e+04, 2e+04]
  Bounds range     [3e-06, 1e+04]
  RHS range        [3e-06, 1e+01]

Presolve removed 3651 rows and 4190 columns
Presolve time: 0.02s

Barrier solved model in 0 iterations and 0.02 seconds (0.01 work units)
Model is infeasible

User-callback calls 28, time in user-callback 0.00 sec
Gurobi Optimizer version 13.0.2 build v13.0.2rc1 (win64 - Windows 11+.0 (26200.2))

CPU model: 11th Gen Intel(R) Core(TM) i5-1145G7 @ 2.60GHz, instruction set [SSE2|AVX|AVX2|AVX512]
Thread count: 4 physical cores, 8 logical processors, using up to 8 threads

Non-default parameters:
LogToConsole  0

Iteration    Objective       Primal Inf.    Dual Inf.      Time
       0      handle free variables                          0s

IIS computed: 5 constraints and 13 bounds
IIS runtime: 0.42 seconds (0.40 work units)
