This is Ipopt version 3.14.19, running with linear solver ma57.

Number of nonzeros in equality constraint Jacobian...:    13682
Number of nonzeros in inequality constraint Jacobian.:     3120
Number of nonzeros in Lagrangian Hessian.............:      899

Total number of variables............................:     5539
                     variables with only lower bounds:        0
                variables with lower and upper bounds:     4303
                     variables with only upper bounds:        0
Total number of equality constraints.................:     3582
Total number of inequality constraints...............:     1560
        inequality constraints with only lower bounds:        0
   inequality constraints with lower and upper bounds:     1560
        inequality constraints with only upper bounds:        0

iter    objective    inf_pr   inf_du lg(mu)  ||d||  lg(rg) alpha_du alpha_pr  ls
   0  1.0619052e+07 1.77e+01 8.46e+01  -1.0 0.00e+00    -  0.00e+00 0.00e+00   0
   1  1.0618697e+07 1.77e+01 8.41e+01  -1.0 1.81e+01    -  1.21e-02 1.81e-05f  1
   2  8.4737814e+06 1.74e+01 8.41e+01  -1.0 2.19e+01    -  1.67e-03 1.80e-02f  1
   3  8.3413717e+06 1.67e+01 8.35e+01  -1.0 1.39e+01  -4.0 1.29e-02 4.16e-02f  1
   4  7.5167456e+06 1.59e+01 8.11e+01  -1.0 1.40e+01  -4.5 3.20e-02 5.08e-02f  1
   5  6.4384019e+06 1.40e+01 7.43e+01  -1.0 1.35e+01    -  8.95e-02 1.20e-01f  1
   6  3.9200546e+06 1.00e+01 4.41e+01  -1.0 1.23e+01    -  3.90e-01 2.84e-01f  1
   7  1.4549735e+06 4.69e-01 2.07e+01  -1.0 1.36e+01    -  5.98e-01 9.53e-01f  1
   8  1.2981860e+06 8.34e-13 2.16e-01  -1.0 1.36e+01    -  9.90e-01 1.00e+00f  1
   9  1.3199941e+06 7.24e-13 1.31e-03  -1.0 8.17e-02    -  9.95e-01 1.00e+00f  1
iter    objective    inf_pr   inf_du lg(mu)  ||d||  lg(rg) alpha_du alpha_pr  ls
  10  2.8047946e+05 4.81e-11 2.86e-02  -2.5 6.63e-01  -5.0 8.50e-01 1.00e+00f  1
  11  1.9706655e+05 1.97e-13 1.63e-02  -2.5 1.18e+00  -5.4 9.00e-01 1.00e+00f  1
  12  1.4107681e+05 3.16e-13 2.31e-02  -3.8 9.18e-01  -5.9 7.37e-01 9.76e-01f  1
  13  1.3053011e+05 2.28e-13 6.15e-03  -3.8 3.01e-01  -6.4 8.96e-01 1.00e+00f  1
  14  1.2795317e+05 2.06e-13 6.56e-09  -3.8 4.78e-02  -6.9 1.00e+00 1.00e+00f  1
  15  1.2502723e+05 3.58e-13 8.25e-04  -5.7 3.70e-02    -  8.04e-01 1.00e+00f  1
  16  1.2492763e+05 3.92e-13 2.39e-05  -5.7 1.78e-03    -  9.86e-01 1.00e+00f  1
  17  1.2492627e+05 2.20e-12 1.12e-12  -5.7 2.44e-05  -7.3 1.00e+00 1.00e+00f  1
  18  1.2489024e+05 2.62e-13 5.24e-07  -8.6 4.81e-04  -7.8 9.91e-01 1.00e+00f  1
WARNING: Problem in step computation; switching to emergency mode.

Number of Iterations....: 18

                                   (scaled)                 (unscaled)
Objective...............:   1.2489024459352860e+01    1.2489024459352859e+05
Dual infeasibility......:   5.2405726563245565e-07    5.2405726563245561e-03
Constraint violation....:   8.2600593032111647e-14    2.6201263381153694e-13
Variable bound violation:   1.4349604349206402e-07    1.4349604349206402e-07
Complementarity.........:   2.1296429555619198e-08    2.1296429555619196e-04
Overall NLP error.......:   5.2405726563245565e-07    5.2405726563245561e-03


Number of objective function evaluations             = 19
Number of objective gradient evaluations             = 19
Number of equality constraint evaluations            = 19
Number of inequality constraint evaluations          = 19
Number of equality constraint Jacobian evaluations   = 1
Number of inequality constraint Jacobian evaluations = 1
Number of Lagrangian Hessian evaluations             = 1
Total seconds in IPOPT                               = 0.143

EXIT: Solved To Acceptable Level.

Gurobi 13.0.2 (win64) logging started Wed Jul 15 11:53:20 2026

Set parameter LogFile to value "C:\Users\ehsanno\DataspellProjects\Spanish_Power_System\results\GoRES\ipopt_logs\2024-07-08_h05.log"

Gurobi 13.0.2 (win64) logging started Wed Jul 15 11:53:20 2026

Set parameter LogFile to value "C:\Users\ehsanno\DataspellProjects\Spanish_Power_System\results\GoRES\ipopt_logs\2024-07-08_h05.log"
Gurobi Optimizer version 13.0.2 build v13.0.2rc1 (win64 - Windows 11+.0 (26200.2))

CPU model: 11th Gen Intel(R) Core(TM) i5-1145G7 @ 2.60GHz, instruction set [SSE2|AVX|AVX2|AVX512]
Thread count: 4 physical cores, 8 logical processors, using up to 8 threads

Non-default parameters:
LogToConsole  0

Optimize a model with 5142 rows, 7197 columns and 18460 nonzeros (Min)
Model fingerprint: 0xce3dd862
Model has 2031 linear objective coefficients and an objective constant of 1.2788664582299937e+07
Model has 973 quadratic objective terms
Coefficient statistics:
  Matrix range     [1e+00, 1e+04]
  Objective range  [9e+00, 1e+06]
  QObjective range [2e+04, 2e+04]
  Bounds range     [6e-11, 1e+04]
  RHS range        [2e-06, 8e+00]

Presolve removed 3670 rows and 4175 columns
Presolve time: 0.02s
Presolved: 1472 rows, 3022 columns, 8989 nonzeros
Presolved model has 899 quadratic objective terms
Ordering time: 0.00s

Barrier statistics:
 AA' NZ     : 1.792e+04
 Factor NZ  : 4.721e+04 (roughly 2 MB of memory)
 Factor Ops : 1.920e+06 (less than 1 second per iteration)
 Threads    : 1

                  Objective                Residual
Iter       Primal          Dual         Primal    Dual     Compl     Time
   0   6.39926062e+12 -6.84154985e+11  7.25e+03 5.34e+03  5.33e+06     0s
   1   1.80027538e+12 -2.12395816e+11  2.15e+03 1.58e+03  1.61e+06     0s
   2   2.63284054e+11 -1.66816067e+11  3.21e+02 2.37e+02  2.98e+05     0s
   3   1.02080133e+11 -1.25586017e+11  1.25e+02 9.23e+01  1.20e+05     0s
   4   1.09161210e+10 -8.67556717e+10  1.41e+01 1.03e+01  2.66e+04     0s
   5   1.67128755e+09 -4.11445081e+10  2.67e+00 1.97e+00  9.34e+03     0s
   6   6.73813818e+08 -2.52130092e+10  1.23e+00 9.04e-01  5.42e+03     0s
   7   4.25399005e+08 -1.61238042e+10  6.24e-01 4.59e-01  3.33e+03     0s
   8   3.17282436e+08 -1.16176778e+10  4.29e-01 3.16e-01  2.34e+03     0s
   9   1.45239442e+08 -6.58195885e+09  1.36e-01 1.00e-01  1.24e+03     0s
  10   7.21454511e+07 -1.22053908e+09  2.26e-02 1.66e-02  2.23e+02     0s
  11   4.08179586e+07 -6.11109043e+08  4.48e-03 3.30e-03  1.09e+02     0s
  12   1.19579563e+07 -1.18485346e+08  4.48e-09 3.30e-09  2.14e+01     0s
  13   2.00795368e+06 -1.14520604e+07  6.97e-09 1.46e-11  2.21e+00     0s
  14   3.51496432e+05 -5.01652622e+05  1.32e-09 1.00e-11  1.40e-01     0s
  15   1.60374118e+05  7.14737399e+04  1.85e-08 1.94e-11  1.46e-02     0s
  16   1.30245881e+05  1.19230454e+05  2.27e-07 2.10e-11  1.81e-03     0s
  17   1.25430038e+05  1.24250629e+05  7.32e-07 1.21e-11  1.94e-04     0s
  18   1.24902620e+05  1.24895670e+05  3.79e-07 5.89e-12  1.15e-06     0s
  19   1.24900747e+05  1.24900740e+05  4.72e-10 1.39e-11  1.15e-09     0s

Barrier solved model in 19 iterations and 0.06 seconds (0.04 work units)
Optimal objective 1.24900747e+05


User-callback calls 71, time in user-callback 0.00 sec

Gurobi 13.0.2 (win64) logging started Wed Jul 15 12:00:38 2026

Set parameter LogFile to value "C:\Users\ehsanno\DataspellProjects\Spanish_Power_System\results\GoRES\ipopt_logs\2024-07-08_h05.log"

Gurobi 13.0.2 (win64) logging started Wed Jul 15 12:00:38 2026

Set parameter LogFile to value "C:\Users\ehsanno\DataspellProjects\Spanish_Power_System\results\GoRES\ipopt_logs\2024-07-08_h05.log"
Gurobi Optimizer version 13.0.2 build v13.0.2rc1 (win64 - Windows 11+.0 (26200.2))

CPU model: 11th Gen Intel(R) Core(TM) i5-1145G7 @ 2.60GHz, instruction set [SSE2|AVX|AVX2|AVX512]
Thread count: 4 physical cores, 8 logical processors, using up to 8 threads

Non-default parameters:
LogToConsole  0

Optimize a model with 5142 rows, 7197 columns and 18460 nonzeros (Min)
Model fingerprint: 0xce3dd862
Model has 2031 linear objective coefficients and an objective constant of 1.2788664582299937e+07
Model has 973 quadratic objective terms
Coefficient statistics:
  Matrix range     [1e+00, 1e+04]
  Objective range  [9e+00, 1e+06]
  QObjective range [2e+04, 2e+04]
  Bounds range     [6e-11, 1e+04]
  RHS range        [2e-06, 8e+00]

Presolve removed 3670 rows and 4175 columns
Presolve time: 0.01s
Presolved: 1472 rows, 3022 columns, 8989 nonzeros
Presolved model has 899 quadratic objective terms
Ordering time: 0.00s

Barrier statistics:
 AA' NZ     : 1.792e+04
 Factor NZ  : 4.721e+04 (roughly 2 MB of memory)
 Factor Ops : 1.920e+06 (less than 1 second per iteration)
 Threads    : 1

                  Objective                Residual
Iter       Primal          Dual         Primal    Dual     Compl     Time
   0   6.39926062e+12 -6.84154985e+11  7.25e+03 5.34e+03  5.33e+06     0s
   1   1.80027538e+12 -2.12395816e+11  2.15e+03 1.58e+03  1.61e+06     0s
   2   2.63284054e+11 -1.66816067e+11  3.21e+02 2.37e+02  2.98e+05     0s
   3   1.02080133e+11 -1.25586017e+11  1.25e+02 9.23e+01  1.20e+05     0s
   4   1.09161210e+10 -8.67556717e+10  1.41e+01 1.03e+01  2.66e+04     0s
   5   1.67128755e+09 -4.11445081e+10  2.67e+00 1.97e+00  9.34e+03     0s
   6   6.73813818e+08 -2.52130092e+10  1.23e+00 9.04e-01  5.42e+03     0s
   7   4.25399005e+08 -1.61238042e+10  6.24e-01 4.59e-01  3.33e+03     0s
   8   3.17282436e+08 -1.16176778e+10  4.29e-01 3.16e-01  2.34e+03     0s
   9   1.45239442e+08 -6.58195885e+09  1.36e-01 1.00e-01  1.24e+03     0s
  10   7.21454511e+07 -1.22053908e+09  2.26e-02 1.66e-02  2.23e+02     0s
  11   4.08179586e+07 -6.11109043e+08  4.48e-03 3.30e-03  1.09e+02     0s
  12   1.19579563e+07 -1.18485346e+08  4.48e-09 3.30e-09  2.14e+01     0s
  13   2.00795368e+06 -1.14520604e+07  6.97e-09 1.46e-11  2.21e+00     0s
  14   3.51496432e+05 -5.01652622e+05  1.32e-09 1.00e-11  1.40e-01     0s
  15   1.60374118e+05  7.14737399e+04  1.85e-08 1.94e-11  1.46e-02     0s
  16   1.30245881e+05  1.19230454e+05  2.27e-07 2.10e-11  1.81e-03     0s
  17   1.25430038e+05  1.24250629e+05  7.32e-07 1.21e-11  1.94e-04     0s
  18   1.24902620e+05  1.24895670e+05  3.79e-07 5.89e-12  1.15e-06     0s
  19   1.24900747e+05  1.24900740e+05  4.72e-10 1.39e-11  1.15e-09     0s

Barrier solved model in 19 iterations and 0.05 seconds (0.04 work units)
Optimal objective 1.24900747e+05


User-callback calls 69, time in user-callback 0.00 sec

Gurobi 13.0.2 (win64) logging started Wed Jul 15 12:15:55 2026

Set parameter LogFile to value "C:\Users\ehsanno\DataspellProjects\Spanish_Power_System\results\GoRES\ipopt_logs\2024-07-08_h05.log"

Gurobi 13.0.2 (win64) logging started Wed Jul 15 12:15:55 2026

Set parameter LogFile to value "C:\Users\ehsanno\DataspellProjects\Spanish_Power_System\results\GoRES\ipopt_logs\2024-07-08_h05.log"
Gurobi Optimizer version 13.0.2 build v13.0.2rc1 (win64 - Windows 11+.0 (26200.2))

CPU model: 11th Gen Intel(R) Core(TM) i5-1145G7 @ 2.60GHz, instruction set [SSE2|AVX|AVX2|AVX512]
Thread count: 4 physical cores, 8 logical processors, using up to 8 threads

Non-default parameters:
LogToConsole  0

Optimize a model with 5142 rows, 7197 columns and 18460 nonzeros (Min)
Model fingerprint: 0xf355c851
Model has 2031 linear objective coefficients and an objective constant of 1.2815057351686521e+07
Model has 973 quadratic objective terms
Coefficient statistics:
  Matrix range     [1e+00, 1e+04]
  Objective range  [9e+00, 1e+06]
  QObjective range [2e+04, 2e+04]
  Bounds range     [2e-06, 1e+04]
  RHS range        [2e-06, 8e+00]

Presolve removed 3669 rows and 4174 columns
Presolve time: 0.01s
Presolved: 1473 rows, 3023 columns, 8990 nonzeros
Presolved model has 899 quadratic objective terms
Ordering time: 0.00s

Barrier statistics:
 AA' NZ     : 1.792e+04
 Factor NZ  : 4.680e+04 (roughly 2 MB of memory)
 Factor Ops : 1.875e+06 (less than 1 second per iteration)
 Threads    : 1

                  Objective                Residual
Iter       Primal          Dual         Primal    Dual     Compl     Time
   0   6.39925500e+12 -6.84162021e+11  7.25e+03 5.34e+03  5.33e+06     0s
   1   1.80026973e+12 -2.12417736e+11  2.15e+03 1.58e+03  1.61e+06     0s
   2   2.63215712e+11 -1.66834986e+11  3.21e+02 2.37e+02  2.97e+05     0s
   3   1.02147012e+11 -1.25626122e+11  1.25e+02 9.23e+01  1.20e+05     0s
   4   1.10253732e+10 -8.67629316e+10  1.42e+01 1.04e+01  2.66e+04     0s
   5   1.78749486e+09 -4.24414586e+10  2.81e+00 2.07e+00  9.72e+03     0s
   6   6.75200079e+08 -2.50768449e+10  1.24e+00 9.11e-01  5.40e+03     0s
   7   4.45920502e+08 -1.67283345e+10  6.66e-01 4.91e-01  3.47e+03     0s
   8   3.11245918e+08 -1.12198007e+10  4.21e-01 3.10e-01  2.26e+03     0s
   9   1.44509949e+08 -6.37712337e+09  1.34e-01 9.87e-02  1.20e+03     0s
  10   7.31439609e+07 -1.29531936e+09  2.48e-02 1.82e-02  2.37e+02     0s
  11   4.03466953e+07 -6.07702369e+08  4.00e-03 2.94e-03  1.08e+02     0s
  12   1.15123510e+07 -1.11195877e+08  4.27e-09 2.95e-09  2.02e+01     0s
  13   1.83979890e+06 -1.00176651e+07  1.25e-09 2.55e-11  1.95e+00     0s
  14   3.29157244e+05 -3.62758521e+05  1.72e-09 1.17e-11  1.14e-01     0s
  15   1.57943999e+05  9.64163587e+04  7.64e-08 1.13e-11  1.01e-02     0s
  16   1.33215178e+05  1.25353999e+05  9.08e-07 1.15e-11  1.29e-03     0s
  17   1.29497817e+05  1.29013514e+05  7.50e-07 1.13e-11  7.96e-05     0s
  18   1.29314336e+05  1.29288473e+05  5.84e-06 9.69e-12  4.21e-06     0s
  19   1.29307439e+05  1.29306038e+05  4.92e-07 1.02e-11  2.33e-07     0s
  20   1.29307410e+05  1.29306043e+05  3.65e-07 8.14e-12  2.31e-07     0s
  21   1.29307403e+05  1.29306042e+05  3.60e-07 8.85e-12  2.31e-07     0s
  22   1.29307293e+05  1.29306038e+05  6.89e-07 5.07e-12  2.31e-07     0s
  23   1.29307073e+05  1.29306029e+05  8.22e-07 5.63e-12  2.31e-07     0s
  24   1.29307019e+05  1.29306028e+05  1.44e-06 7.13e-12  2.31e-07     0s
  25   1.29307027e+05  1.29306028e+05  2.97e-06 5.55e-12  2.31e-07     0s
  26   1.29306131e+05  1.29305996e+05  4.13e-06 5.79e-12  2.27e-07     0s
  27   1.29304665e+05  1.29306011e+05  7.04e-06 4.20e-12  2.10e-07     0s
  28   1.29302714e+05  1.29306037e+05  1.79e-05 4.20e-12  1.84e-07     0s
  29   1.29301872e+05  1.29306033e+05  3.18e-05 5.01e-12  1.78e-07     0s
  30   1.29299608e+05  1.29306071e+05  4.57e-05 7.17e-12  1.47e-07     0s
  31   1.29287164e+05  1.29306205e+05  4.50e-05 1.19e-11  2.34e-09     0s
  32   1.29286848e+05  1.29306189e+05  4.55e-05 1.12e-11  1.93e-09     0s
  33   1.29286762e+05  1.29306195e+05  4.39e-05 1.00e-11  1.92e-12     0s
  34   1.29286955e+05  1.29306207e+05  6.36e-05 8.16e-12  7.93e-13     0s
  35   1.29287364e+05  1.29306231e+05  7.79e-05 7.71e-12  1.31e-13     0s
  36   1.29287525e+05  1.29306240e+05  6.06e-05 1.46e-11  1.30e-16     0s
  37   1.29287685e+05  1.29306249e+05  5.14e-05 7.28e-12  1.29e-19     0s

Barrier performed 37 iterations in 0.10 seconds (0.08 work units)
Sub-optimal termination - objective 1.29307439e+05


User-callback calls 96, time in user-callback 0.00 sec

Gurobi 13.0.2 (win64) logging started Wed Jul 15 12:32:07 2026

Set parameter LogFile to value "C:\Users\ehsanno\DataspellProjects\Spanish_Power_System\results\GoRES\ipopt_logs\2024-07-08_h05.log"

Gurobi 13.0.2 (win64) logging started Wed Jul 15 12:32:07 2026

Set parameter LogFile to value "C:\Users\ehsanno\DataspellProjects\Spanish_Power_System\results\GoRES\ipopt_logs\2024-07-08_h05.log"
Gurobi Optimizer version 13.0.2 build v13.0.2rc1 (win64 - Windows 11+.0 (26200.2))

CPU model: 11th Gen Intel(R) Core(TM) i5-1145G7 @ 2.60GHz, instruction set [SSE2|AVX|AVX2|AVX512]
Thread count: 4 physical cores, 8 logical processors, using up to 8 threads

Non-default parameters:
LogToConsole  0

Optimize a model with 5142 rows, 7197 columns and 18460 nonzeros (Min)
Model fingerprint: 0xdbdabb44
Model has 2031 linear objective coefficients and an objective constant of 1.2815055273519997e+07
Model has 973 quadratic objective terms
Coefficient statistics:
  Matrix range     [1e+00, 1e+04]
  Objective range  [9e+00, 1e+06]
  QObjective range [2e+04, 2e+04]
  Bounds range     [2e-06, 1e+04]
  RHS range        [2e-06, 8e+00]

Presolve removed 3669 rows and 4174 columns
Presolve time: 0.02s
Presolved: 1473 rows, 3023 columns, 8990 nonzeros
Presolved model has 899 quadratic objective terms
Ordering time: 0.00s

Barrier statistics:
 AA' NZ     : 1.792e+04
 Factor NZ  : 4.680e+04 (roughly 2 MB of memory)
 Factor Ops : 1.875e+06 (less than 1 second per iteration)
 Threads    : 1

                  Objective                Residual
Iter       Primal          Dual         Primal    Dual     Compl     Time
   0   6.39925500e+12 -6.84162021e+11  7.25e+03 5.34e+03  5.33e+06     0s
   1   1.80026973e+12 -2.12417736e+11  2.15e+03 1.58e+03  1.61e+06     0s
   2   2.63215712e+11 -1.66834986e+11  3.21e+02 2.37e+02  2.97e+05     0s
   3   1.02147012e+11 -1.25626122e+11  1.25e+02 9.23e+01  1.20e+05     0s
   4   1.10253729e+10 -8.67629314e+10  1.42e+01 1.04e+01  2.66e+04     0s
   5   1.78749470e+09 -4.24414539e+10  2.81e+00 2.07e+00  9.72e+03     0s
   6   6.75200237e+08 -2.50768464e+10  1.24e+00 9.11e-01  5.40e+03     0s
   7   4.45920511e+08 -1.67283332e+10  6.66e-01 4.91e-01  3.47e+03     0s
   8   3.11245849e+08 -1.12197965e+10  4.21e-01 3.10e-01  2.26e+03     0s
   9   1.44509862e+08 -6.37711823e+09  1.34e-01 9.87e-02  1.20e+03     0s
  10   7.31439669e+07 -1.29532038e+09  2.48e-02 1.82e-02  2.37e+02     0s
  11   4.03460224e+07 -6.07687056e+08  4.00e-03 2.94e-03  1.08e+02     0s
  12   1.15120174e+07 -1.11191056e+08  5.07e-09 2.94e-09  2.02e+01     0s
  13   1.83971119e+06 -1.00170087e+07  6.20e-09 1.55e-11  1.95e+00     0s
  14   3.29146589e+05 -3.62711331e+05  4.06e-09 1.27e-11  1.14e-01     0s
  15   1.57942704e+05  9.64186492e+04  1.01e-07 1.52e-11  1.01e-02     0s
  16   1.33215008e+05  1.25354674e+05  1.57e-07 1.04e-11  1.29e-03     0s
  17   1.29497767e+05  1.29013988e+05  4.64e-07 1.22e-11  7.95e-05     0s
  18   1.29315517e+05  1.29288669e+05  7.60e-06 1.32e-11  4.25e-06     0s
  19   1.29314021e+05  1.29288947e+05  7.96e-06 1.40e-11  4.17e-06     0s
  20   1.29307786e+05  1.29306358e+05  9.45e-07 1.17e-11  2.31e-07     0s
  21   1.29307715e+05  1.29306357e+05  1.07e-06 1.48e-11  2.31e-07     0s
  22   1.29307529e+05  1.29306349e+05  1.40e-06 1.51e-11  2.31e-07     0s
  23   1.29307249e+05  1.29306349e+05  1.41e-06 8.05e-12  2.28e-07     0s
  24   1.29306599e+05  1.29306358e+05  5.07e-06 4.38e-12  2.20e-07     0s
  25   1.29306110e+05  1.29306399e+05  7.28e-06 8.25e-12  2.03e-07     0s
  26   1.29302871e+05  1.29306407e+05  1.52e-05 6.17e-12  1.71e-07     0s
  27   1.29301882e+05  1.29306488e+05  2.99e-05 6.65e-12  1.40e-07     0s
  28   1.29294184e+05  1.29306555e+05  3.55e-05 7.81e-12  5.75e-08     0s
  29   1.29292319e+05  1.29306599e+05  4.85e-05 1.01e-11  3.30e-08     0s
  30   1.29289368e+05  1.29306644e+05  5.26e-05 9.75e-12  6.53e-10     0s
  31   1.29289418e+05  1.29306650e+05  5.39e-05 1.12e-11  6.49e-13     0s
  32   1.29289557e+05  1.29306657e+05  5.80e-05 1.49e-11  3.93e-14     0s
  33   1.29289703e+05  1.29306665e+05  7.02e-05 1.46e-11  3.90e-17     0s

Barrier performed 33 iterations in 0.09 seconds (0.07 work units)
Sub-optimal termination - objective 1.33215008e+05


User-callback calls 95, time in user-callback 0.00 sec

Gurobi 13.0.2 (win64) logging started Wed Jul 15 14:21:57 2026

Set parameter LogFile to value "C:\Users\ehsanno\DataspellProjects\Spanish_Power_System\results\GoRES\ipopt_logs\2024-07-08_h05.log"

Gurobi 13.0.2 (win64) logging started Wed Jul 15 14:21:57 2026

Set parameter LogFile to value "C:\Users\ehsanno\DataspellProjects\Spanish_Power_System\results\GoRES\ipopt_logs\2024-07-08_h05.log"
Gurobi Optimizer version 13.0.2 build v13.0.2rc1 (win64 - Windows 11+.0 (26200.2))

CPU model: 11th Gen Intel(R) Core(TM) i5-1145G7 @ 2.60GHz, instruction set [SSE2|AVX|AVX2|AVX512]
Thread count: 4 physical cores, 8 logical processors, using up to 8 threads

Non-default parameters:
LogToConsole  0

Optimize a model with 5142 rows, 7197 columns and 18460 nonzeros (Min)
Model fingerprint: 0xb5d681e6
Model has 2031 linear objective coefficients and an objective constant of 1.2745539622904222e+07
Model has 973 quadratic objective terms
Coefficient statistics:
  Matrix range     [1e+00, 1e+04]
  Objective range  [9e+00, 1e+06]
  QObjective range [2e+04, 2e+04]
  Bounds range     [2e-06, 1e+04]
  RHS range        [2e-06, 8e+00]

Presolve removed 3669 rows and 4174 columns
Presolve time: 0.02s
Presolved: 1473 rows, 3023 columns, 8990 nonzeros
Presolved model has 899 quadratic objective terms
Ordering time: 0.00s

Barrier statistics:
 AA' NZ     : 1.792e+04
 Factor NZ  : 4.680e+04 (roughly 2 MB of memory)
 Factor Ops : 1.875e+06 (less than 1 second per iteration)
 Threads    : 1

                  Objective                Residual
Iter       Primal          Dual         Primal    Dual     Compl     Time
   0   6.39924074e+12 -6.84379076e+11  7.25e+03 5.34e+03  5.33e+06     0s
   1   1.80009825e+12 -2.12609755e+11  2.15e+03 1.58e+03  1.61e+06     0s
   2   2.64076231e+11 -1.67380361e+11  3.22e+02 2.37e+02  2.99e+05     0s
   3   1.01990787e+11 -1.26065298e+11  1.25e+02 9.22e+01  1.20e+05     0s
   4   1.09245834e+10 -8.71981392e+10  1.41e+01 1.04e+01  2.67e+04     0s
   5   1.68158005e+09 -4.14045362e+10  2.67e+00 1.97e+00  9.38e+03     0s
   6   6.77667412e+08 -2.54151865e+10  1.23e+00 9.05e-01  5.44e+03     0s
   7   4.29435799e+08 -1.63865058e+10  6.30e-01 4.64e-01  3.37e+03     0s
   8   3.09077449e+08 -1.13223005e+10  4.13e-01 3.04e-01  2.26e+03     0s
   9   1.42148466e+08 -6.33288543e+09  1.27e-01 9.34e-02  1.19e+03     0s
  10   7.48163776e+07 -1.41877423e+09  2.64e-02 1.94e-02  2.58e+02     0s
  11   4.10071213e+07 -6.29162626e+08  3.86e-03 2.84e-03  1.12e+02     0s
  12   1.13844610e+07 -1.04725759e+08  2.99e-06 2.20e-06  1.91e+01     0s
  13   1.76098146e+06 -9.08577572e+06  4.69e-08 3.45e-08  1.78e+00     0s
  14   4.93056538e+05 -1.38607762e+06  6.41e-09 4.72e-09  3.09e-01     0s
  15   1.79876161e+05  3.61368681e+04  4.91e-09 7.61e-11  2.36e-02     0s
  16   1.30966591e+05  1.20248043e+05  1.22e-07 8.60e-12  1.76e-03     0s
  17   1.25348840e+05  1.24524322e+05  3.56e-07 1.41e-11  1.35e-04     0s
  18   1.25079985e+05  1.25077680e+05  7.32e-07 1.31e-11  3.85e-07     0s
  19   1.25079263e+05  1.25079261e+05  6.93e-10 9.18e-12  3.85e-10     0s

Barrier solved model in 19 iterations and 0.09 seconds (0.04 work units)
Optimal objective 1.25079263e+05


User-callback calls 82, time in user-callback 0.00 sec

Gurobi 13.0.2 (win64) logging started Wed Jul 15 14:28:01 2026

Set parameter LogFile to value "C:\Users\ehsanno\DataspellProjects\Spanish_Power_System\results\GoRES\ipopt_logs\2024-07-08_h05.log"

Gurobi 13.0.2 (win64) logging started Wed Jul 15 14:28:01 2026

Set parameter LogFile to value "C:\Users\ehsanno\DataspellProjects\Spanish_Power_System\results\GoRES\ipopt_logs\2024-07-08_h05.log"
Gurobi Optimizer version 13.0.2 build v13.0.2rc1 (win64 - Windows 11+.0 (26200.2))

CPU model: 11th Gen Intel(R) Core(TM) i5-1145G7 @ 2.60GHz, instruction set [SSE2|AVX|AVX2|AVX512]
Thread count: 4 physical cores, 8 logical processors, using up to 8 threads

Non-default parameters:
LogToConsole  0

Optimize a model with 5142 rows, 7197 columns and 18460 nonzeros (Min)
Model fingerprint: 0xc693b3c9
Model has 2031 linear objective coefficients and an objective constant of 1.2745539622904222e+07
Model has 973 quadratic objective terms
Coefficient statistics:
  Matrix range     [1e+00, 1e+04]
  Objective range  [9e+00, 1e+06]
  QObjective range [2e+04, 2e+04]
  Bounds range     [2e-06, 1e+04]
  RHS range        [2e-06, 8e+00]

Presolve removed 3665 rows and 4167 columns
Presolve time: 0.01s
Presolved: 1477 rows, 3030 columns, 8930 nonzeros
Presolved model has 899 quadratic objective terms
Ordering time: 0.00s

Barrier statistics:
 AA' NZ     : 1.769e+04
 Factor NZ  : 4.703e+04 (roughly 2 MB of memory)
 Factor Ops : 1.877e+06 (less than 1 second per iteration)
 Threads    : 1

                  Objective                Residual
Iter       Primal          Dual         Primal    Dual     Compl     Time
   0   4.91080902e+12 -5.21095528e+11  6.25e+03 3.32e+03  3.30e+06     0s
   1   1.37566987e+12 -9.65695186e+10  1.87e+03 9.96e+02  1.01e+06     0s
   2   2.32604105e+11 -5.82110936e+10  3.25e+02 1.73e+02  2.24e+05     0s
   3   1.13849075e+10 -4.24080670e+10  1.63e+01 8.66e+00  1.69e+04     0s
   4   2.91200680e+09 -2.42925252e+10  4.39e+00 2.33e+00  6.55e+03     0s
   5   9.18405753e+08 -1.15555916e+10  1.55e+00 8.22e-01  2.64e+03     0s
   6   5.24453161e+08 -9.04423292e+09  9.26e-01 4.92e-01  2.00e+03     0s
   7   2.66588330e+08 -5.76437978e+09  4.54e-01 2.41e-01  1.20e+03     0s
   8   2.31695226e+08 -5.06511462e+09  3.74e-01 1.99e-01  1.04e+03     0s
   9   1.45795479e+08 -2.97934303e+09  2.03e-01 1.08e-01  5.92e+02     0s
  10   8.56759578e+07 -1.53404248e+09  7.16e-02 3.81e-02  2.91e+02     0s
  11   7.56240598e+07 -1.29018718e+09  5.59e-02 2.97e-02  2.43e+02     0s
  12   6.61936845e+07 -1.02420190e+09  4.43e-02 2.35e-02  1.94e+02     0s
  13   6.27856586e+07 -9.13985683e+08  3.66e-02 1.94e-02  1.73e+02     0s
  14   5.69460275e+07 -7.43680456e+08  2.99e-02 1.59e-02  1.42e+02     0s
  15   5.46912652e+07 -6.78657826e+08  2.35e-02 1.25e-02  1.30e+02     0s
  16   4.92805798e+07 -5.17076431e+08  1.80e-02 9.56e-03  1.00e+02     0s
  17   4.29072588e+07 -3.53527847e+08  1.04e-02 5.51e-03  7.00e+01     0s
  18   3.80878887e+07 -2.31734023e+08  6.26e-03 3.33e-03  4.74e+01     0s
  19   3.07401302e+07 -9.09049443e+07  2.20e-03 1.17e-03  2.10e+01     0s
  20   2.68456050e+07 -3.63391889e+07  1.08e-03 5.73e-04  1.08e+01     0s
  21   2.43501963e+07 -8.04399338e+06  4.41e-04 2.34e-04  5.48e+00     0s
  22   2.35761701e+07 -1.16654045e+06  2.89e-04 1.54e-04  4.16e+00     0s
  23   2.26404908e+07  5.45746083e+06  1.33e-04 7.05e-05  2.86e+00     0s
  24   2.18832622e+07  1.08111755e+07  3.14e-05 1.67e-05  1.82e+00     0s
  25   2.04803215e+07  1.81768866e+07  3.71e-09 1.40e-08  3.78e-01     0s
  26   2.00960581e+07  1.94132565e+07  6.14e-09 3.26e-09  1.12e-01     0s
  27   1.99477537e+07  1.98756122e+07  1.89e-08 4.99e-10  1.18e-02     0s
  28   1.99300013e+07  1.99205328e+07  4.18e-09 6.40e-10  1.55e-03     0s
  29   1.99275517e+07  1.99270535e+07  1.79e-09 2.75e-10  8.32e-05     0s
  30   1.99274279e+07  1.99274109e+07  1.43e-09 4.66e-10  2.71e-06     0s
  31   1.99274235e+07  1.99274232e+07  3.66e-10 5.62e-10  2.75e-09     0s

Barrier solved model in 31 iterations and 0.07 seconds (0.06 work units)
Optimal objective 1.99274235e+07


User-callback calls 88, time in user-callback 0.00 sec

Gurobi 13.0.2 (win64) logging started Wed Jul 15 14:31:08 2026

Set parameter LogFile to value "C:\Users\ehsanno\DataspellProjects\Spanish_Power_System\results\GoRES\ipopt_logs\2024-07-08_h05.log"

Gurobi 13.0.2 (win64) logging started Wed Jul 15 14:31:08 2026

Set parameter LogFile to value "C:\Users\ehsanno\DataspellProjects\Spanish_Power_System\results\GoRES\ipopt_logs\2024-07-08_h05.log"
Gurobi Optimizer version 13.0.2 build v13.0.2rc1 (win64 - Windows 11+.0 (26200.2))

CPU model: 11th Gen Intel(R) Core(TM) i5-1145G7 @ 2.60GHz, instruction set [SSE2|AVX|AVX2|AVX512]
Thread count: 4 physical cores, 8 logical processors, using up to 8 threads

Non-default parameters:
LogToConsole  0

Optimize a model with 5142 rows, 7197 columns and 18460 nonzeros (Min)
Model fingerprint: 0x7c52ab5d
Model has 2031 linear objective coefficients and an objective constant of 1.2745568481360005e+07
Model has 973 quadratic objective terms
Coefficient statistics:
  Matrix range     [1e+00, 1e+04]
  Objective range  [9e+00, 1e+06]
  QObjective range [2e+04, 2e+04]
  Bounds range     [2e-06, 1e+04]
  RHS range        [2e-06, 8e+00]

Presolve removed 3671 rows and 4175 columns
Presolve time: 0.01s
Presolved: 1471 rows, 3022 columns, 8929 nonzeros
Presolved model has 899 quadratic objective terms
Ordering time: 0.00s

Barrier statistics:
 AA' NZ     : 1.771e+04
 Factor NZ  : 4.710e+04 (roughly 2 MB of memory)
 Factor Ops : 1.906e+06 (less than 1 second per iteration)
 Threads    : 1

                  Objective                Residual
Iter       Primal          Dual         Primal    Dual     Compl     Time
   0   5.11767450e+12 -5.49534011e+11  6.50e+03 3.60e+03  3.59e+06     0s
   1   1.42722126e+12 -1.16009250e+11  1.94e+03 1.07e+03  1.09e+06     0s
   2   2.29580964e+11 -7.92297017e+10  3.19e+02 1.77e+02  2.30e+05     0s
   3   3.02441798e+10 -5.46026321e+10  4.26e+01 2.36e+01  3.56e+04     0s
   4   5.34152850e+09 -2.94493117e+10  7.88e+00 4.37e+00  9.24e+03     0s
   5   1.14310306e+09 -1.42918523e+10  2.00e+00 1.11e+00  3.35e+03     0s
   6   6.78713064e+08 -1.17451392e+10  1.27e+00 7.07e-01  2.67e+03     0s
   7   3.51945062e+08 -7.79947650e+09  6.66e-01 3.69e-01  1.67e+03     0s
   8   3.12855491e+08 -6.96498192e+09  5.55e-01 3.08e-01  1.48e+03     0s
   9   1.75431906e+08 -3.74096497e+09  2.66e-01 1.48e-01  7.56e+02     0s
  10   9.90648634e+07 -2.12095944e+09  8.40e-02 4.66e-02  4.01e+02     0s
  11   5.44088911e+07 -8.50310936e+08  2.82e-02 1.57e-02  1.56e+02     0s
  12   1.68766741e+07 -1.72091459e+08  3.34e-04 1.85e-04  3.11e+01     0s
  13   3.93444396e+06 -2.06886688e+07  1.25e-09 1.85e-10  4.05e+00     0s
  14   1.24954458e+06 -1.18519969e+05  3.72e-10 8.78e-12  2.25e-01     0s
  15   9.87056824e+05  7.50588087e+05  3.21e-09 9.44e-12  3.89e-02     0s
  16   9.24782861e+05  8.95402832e+05  8.42e-09 7.20e-12  4.83e-03     0s
  17   9.14021556e+05  9.10111895e+05  1.03e-07 1.01e-11  6.43e-04     0s
  18   9.13441764e+05  9.11672851e+05  1.55e-06 1.52e-11  2.91e-04     0s
  19   9.13308213e+05  9.12060078e+05  2.69e-06 9.99e-12  2.05e-04     0s
  20   9.13151367e+05  9.12467438e+05  2.24e-06 1.15e-11  1.12e-04     0s
  21   9.13025168e+05  9.12850785e+05  6.93e-07 1.73e-11  2.87e-05     0s
  22   9.12982341e+05  9.12970834e+05  4.90e-07 1.53e-11  1.89e-06     0s
  23   9.12979537e+05  9.12979017e+05  1.51e-06 1.59e-11  8.54e-08     0s
  24   9.12979410e+05  9.12979403e+05  3.09e-06 8.70e-12  9.55e-10     0s
  25   9.12979402e+05  9.12979406e+05  1.55e-07 2.08e-11  1.52e-11     0s

Barrier solved model in 25 iterations and 0.06 seconds (0.05 work units)
Optimal objective 9.12979402e+05


User-callback calls 80, time in user-callback 0.00 sec

Gurobi 13.0.2 (win64) logging started Wed Jul 15 17:24:34 2026

Set parameter LogFile to value "C:\Users\ehsanno\DataspellProjects\Spanish_Power_System\results\GoRES\ipopt_logs\2024-07-08_h05.log"

Gurobi 13.0.2 (win64) logging started Wed Jul 15 17:24:34 2026

Set parameter LogFile to value "C:\Users\ehsanno\DataspellProjects\Spanish_Power_System\results\GoRES\ipopt_logs\2024-07-08_h05.log"
Gurobi Optimizer version 13.0.2 build v13.0.2rc1 (win64 - Windows 11+.0 (26200.2))

CPU model: 11th Gen Intel(R) Core(TM) i5-1145G7 @ 2.60GHz, instruction set [SSE2|AVX|AVX2|AVX512]
Thread count: 4 physical cores, 8 logical processors, using up to 8 threads

Non-default parameters:
LogToConsole  0

Optimize a model with 5146 rows, 7443 columns and 18718 nonzeros (Min)
Model fingerprint: 0xa77e67e8
Model has 2199 linear objective coefficients and an objective constant of 1.2265485521753281e+07
Model has 972 quadratic objective terms
Coefficient statistics:
  Matrix range     [1e+00, 1e+04]
  Objective range  [1e-01, 1e+06]
  QObjective range [2e+04, 2e+04]
  Bounds range     [2e-06, 1e+04]
  RHS range        [2e-06, 8e+00]

Presolve removed 10 rows and 197 columns
Presolve time: 0.01s

Barrier solved model in 0 iterations and 0.01 seconds (0.00 work units)
Model is infeasible

User-callback calls 26, time in user-callback 0.00 sec

Gurobi 13.0.2 (win64) logging started Wed Jul 15 17:27:41 2026

Set parameter LogFile to value "C:\Users\ehsanno\DataspellProjects\Spanish_Power_System\results\GoRES\ipopt_logs\2024-07-08_h05.log"

Gurobi 13.0.2 (win64) logging started Wed Jul 15 17:27:41 2026

Set parameter LogFile to value "C:\Users\ehsanno\DataspellProjects\Spanish_Power_System\results\GoRES\ipopt_logs\2024-07-08_h05.log"
Gurobi Optimizer version 13.0.2 build v13.0.2rc1 (win64 - Windows 11+.0 (26200.2))

CPU model: 11th Gen Intel(R) Core(TM) i5-1145G7 @ 2.60GHz, instruction set [SSE2|AVX|AVX2|AVX512]
Thread count: 4 physical cores, 8 logical processors, using up to 8 threads

Non-default parameters:
LogToConsole  0

Optimize a model with 5146 rows, 7443 columns and 18718 nonzeros (Min)
Model fingerprint: 0x20dc0f44
Model has 2199 linear objective coefficients and an objective constant of 12265495.81752
Model has 972 quadratic objective terms
Coefficient statistics:
  Matrix range     [1e+00, 1e+04]
  Objective range  [4e-01, 1e+06]
  QObjective range [2e+04, 2e+04]
  Bounds range     [2e-06, 1e+04]
  RHS range        [2e-06, 8e+00]

Presolve removed 10 rows and 197 columns
Presolve time: 0.00s

Barrier solved model in 0 iterations and 0.00 seconds (0.00 work units)
Model is infeasible

User-callback calls 25, time in user-callback 0.00 sec

Gurobi 13.0.2 (win64) logging started Wed Jul 15 17:30:00 2026

Set parameter LogFile to value "C:\Users\ehsanno\DataspellProjects\Spanish_Power_System\results\GoRES\ipopt_logs\2024-07-08_h05.log"

Gurobi 13.0.2 (win64) logging started Wed Jul 15 17:30:00 2026

Set parameter LogFile to value "C:\Users\ehsanno\DataspellProjects\Spanish_Power_System\results\GoRES\ipopt_logs\2024-07-08_h05.log"
Gurobi Optimizer version 13.0.2 build v13.0.2rc1 (win64 - Windows 11+.0 (26200.2))

CPU model: 11th Gen Intel(R) Core(TM) i5-1145G7 @ 2.60GHz, instruction set [SSE2|AVX|AVX2|AVX512]
Thread count: 4 physical cores, 8 logical processors, using up to 8 threads

Non-default parameters:
LogToConsole  0

Optimize a model with 5146 rows, 7443 columns and 18718 nonzeros (Min)
Model fingerprint: 0x1f94fe3d
Model has 2199 linear objective coefficients and an objective constant of 12265495.81752
Model has 972 quadratic objective terms
Coefficient statistics:
  Matrix range     [1e+00, 1e+04]
  Objective range  [4e-01, 1e+06]
  QObjective range [2e+04, 2e+04]
  Bounds range     [2e-06, 1e+04]
  RHS range        [2e-06, 8e+00]

Presolve removed 3656 rows and 4264 columns
Presolve time: 0.03s
Presolved: 1490 rows, 3179 columns, 9178 nonzeros
Presolved model has 898 quadratic objective terms
Ordering time: 0.01s

Barrier statistics:
 AA' NZ     : 1.787e+04
 Factor NZ  : 4.900e+04 (roughly 2 MB of memory)
 Factor Ops : 2.098e+06 (less than 1 second per iteration)
 Threads    : 1

                  Objective                Residual
Iter       Primal          Dual         Primal    Dual     Compl     Time
   0   5.70909716e+12 -2.04275368e+12  7.75e+03 3.76e+04  3.76e+07     0s
   1   1.22721277e+12 -1.11135482e+12  1.78e+03 8.65e+03  8.90e+06     0s
   2   1.14422946e+11 -9.59746227e+11  1.70e+02 8.24e+02  1.01e+06     0s
   3   1.77052540e+10 -5.17354477e+11  2.69e+01 1.31e+02  2.02e+05     0s
   4   2.47068351e+09 -2.66089992e+11  4.16e+00 2.02e+01  6.16e+04     0s
   5   1.07919577e+09 -1.55671000e+11  1.94e+00 9.43e+00  3.35e+04     0s
   6   4.90985938e+08 -9.22997083e+10  7.35e-01 3.57e+00  1.84e+04     0s
   7   4.74917829e+08 -8.88120982e+10  7.05e-01 3.43e+00  1.77e+04     0s
   8   4.55094873e+08 -8.44728874e+10  6.69e-01 3.25e+00  1.68e+04     0s
   9   4.42882627e+08 -8.15728025e+10  6.48e-01 3.15e+00  1.63e+04     0s
  10   4.31918040e+08 -7.81884253e+10  6.29e-01 3.06e+00  1.58e+04     0s
  11   4.23529100e+08 -7.47076580e+10  6.16e-01 2.99e+00  1.55e+04     0s
  12   3.72204132e+08 -5.59776865e+10  5.86e-01 2.85e+00  1.47e+04     0s
  13   2.45221501e+08  5.73811526e+09  5.38e-01 2.61e+00  1.31e+04     0s
  14   2.27175625e+08  3.22090256e+10  5.32e-01 2.58e+00  1.29e+04     0s
  15   2.30665448e+08  7.11191028e+10  5.29e-01 2.57e+00  1.28e+04     0s
  16   2.09067033e+08  1.94428395e+11  5.19e-01 2.52e+00  1.24e+04     0s
  17   2.03222248e+08  3.84680332e+11  5.16e-01 1.18e+00  1.23e+04     0s
  18   2.01338269e+08  5.63185444e+11  5.15e-01 1.18e+00  1.24e+04     0s
  19   1.99785043e+08  7.81980356e+11  5.15e-01 1.18e+00  1.25e+04     0s
  20   9.75030861e+13 -4.65185085e+13  7.75e+04 3.76e+04  3.74e+08     0s
  21   1.77908853e+13 -4.88067753e+12  2.13e+04 1.03e+04  1.39e+08     0s
  22   1.37372868e+12 -1.91882546e+12  1.99e+03 9.64e+02  1.70e+07     0s
  23   7.58345974e+10 -1.56218619e+12  1.12e+02 5.45e+01  1.16e+06     0s
  24   1.44623186e+10 -9.76016395e+11  2.18e+01 1.06e+01  3.26e+05     0s
  25   2.24003757e+09 -4.65411639e+11  3.57e+00 1.73e+00  1.05e+05     0s
  26   6.00838329e+08 -1.88324343e+11  8.96e-01 4.35e-01  3.74e+04     0s
  27   4.73565291e+08 -1.72277202e+11  6.99e-01 3.40e-01  3.45e+04     0s
  28   4.40433127e+08 -1.57948848e+11  6.43e-01 3.12e-01  3.17e+04     0s
  29   4.28585430e+08 -1.49959713e+11  6.23e-01 3.02e-01  3.07e+04     0s
  30   4.16047634e+08 -1.37315778e+11  6.03e-01 2.93e-01  2.97e+04     0s
  31   3.98158391e+08 -1.14960193e+11  5.85e-01 2.84e-01  2.88e+04     0s
  32   3.56474484e+08 -8.03769389e+10  5.68e-01 2.76e-01  2.78e+04     0s
  33   2.84020770e+08 -1.16296883e+10  5.44e-01 2.64e-01  2.64e+04     0s
  34   2.27214982e+08  9.78056587e+10  5.27e-01 2.56e-01  2.52e+04     0s
  35   2.24770717e+08  3.10173008e+11  5.22e-01 2.53e-01  2.47e+04     0s
  36   2.08503848e+08  7.19096418e+11  5.16e-01 2.50e-01  2.42e+04     0s
  37   2.06620424e+08  9.09833795e+11  5.16e-01 2.50e-01  2.42e+04     0s
  38   2.06264919e+08  9.50341380e+11  5.15e-01 2.50e-01  2.43e+04     0s
  39   2.06133138e+08  1.09316348e+12  5.15e-01 2.66e-05  2.43e+04     0s
  40   2.02141139e+08  1.92273333e+12  5.14e-01 3.37e-04  2.45e+04     0s
  41   2.01753099e+08  2.28806511e+12  5.14e-01 6.49e-03  2.48e+04     0s
  42   2.00243397e+08  3.34932766e+12  5.13e-01 1.86e-04  2.52e+04     0s
  43   2.02102162e+08  3.74489443e+12  5.13e-01 1.78e-03  2.54e+04     0s
  44   2.02383888e+08  8.27794151e+12  5.12e-01 6.61e-02  2.64e+04     0s
  45   1.98637586e+08  2.59689207e+13  5.11e-01 3.80e-03  2.82e+04     0s
  46   1.94794537e+08  8.93598709e+13  5.11e-01 2.59e-01  3.68e+04     0s
  47   1.94693252e+08  1.31107267e+14  5.11e-01 6.58e-05  4.33e+04     0s
  48   1.94122719e+08  1.85962646e+14  5.11e-01 1.29e-01  5.14e+04     0s
  49   1.91835338e+08  7.00432600e+14  5.10e-01 1.12e+00  1.06e+05     0s
  50   9.75030861e+13 -4.65185085e+13  7.75e+04 3.76e+04  3.74e+08     0s
  51   1.50105110e+12 -1.14049562e+11  2.58e+03 1.25e+03  4.89e+05     0s
  52   1.62548543e+11 -1.05021090e+10  3.11e+02 1.51e+02  1.45e+04     0s
  53   3.51613336e+10 -3.04556267e+09  7.03e+01 3.42e+01  1.67e+03     0s
  54   1.54948406e+10 -1.97882838e+09  3.23e+01 1.57e+01  6.12e+02     0s
  55   6.14638185e+09 -1.45467546e+09  1.41e+01 6.86e+00  2.27e+02     0s
  56   3.01168869e+09 -1.25164863e+09  7.92e+00 3.85e+00  1.21e+02     0s
  57   1.94105018e+09 -1.16926574e+09  5.79e+00 2.81e+00  9.57e+01     0s
  58   1.85624078e+09 -1.15895776e+09  5.62e+00 2.73e+00  9.59e+01     0s
  59   1.55339106e+09 -1.12804916e+09  5.00e+00 2.43e+00  8.83e+01     0s
  60   1.36734143e+09 -1.08423092e+09  4.59e+00 2.23e+00  1.01e+02     0s
  61   1.10365590e+09 -1.04584560e+09  4.03e+00 1.96e+00  9.09e+01     0s
  62   8.63864010e+08 -1.00673170e+09  3.51e+00 1.70e+00  8.27e+01     0s
  63   6.01934386e+08 -9.58058432e+08  2.93e+00 1.42e+00  7.62e+01     0s
  64   4.62306010e+08 -9.24206248e+08  2.62e+00 1.27e+00  7.52e+01     0s
  65   4.38339517e+08 -9.16340910e+08  2.56e+00 1.24e+00  7.54e+01     0s
  66   4.07024244e+08 -9.05938521e+08  2.48e+00 1.21e+00  7.54e+01     0s
  67   4.09177368e+08 -8.99587110e+08  2.48e+00 1.20e+00  8.01e+01     0s
  68   4.01046233e+08 -8.96043561e+08  2.46e+00 1.19e+00  8.06e+01     0s
  69   3.96486693e+08 -8.86136224e+08  2.44e+00 1.18e+00  8.63e+01     0s
  70   3.91362870e+08 -8.82715451e+08  2.42e+00 1.18e+00  8.73e+01     0s
  71   3.72588900e+08 -8.65546811e+08  2.36e+00 1.15e+00  9.35e+01     0s
  72   3.26275878e+08 -8.21879990e+08  2.21e+00 1.08e+00  1.08e+02     0s
  73   3.14506080e+08 -8.03161561e+08  2.16e+00 1.05e+00  1.14e+02     0s
  74   2.98777781e+08 -7.72617733e+08  2.09e+00 1.01e+00  1.24e+02     0s
  75   2.53605877e+08 -7.39327082e+08  1.93e+00 9.39e-01  1.14e+02     0s
  76   1.86723262e+08 -6.69089269e+08  1.67e+00 8.12e-01  1.07e+02     0s
  77   1.53651357e+08 -6.11991843e+08  1.51e+00 7.34e-01  1.09e+02     0s
  78   1.46583016e+08 -5.97766298e+08  1.47e+00 7.15e-01  1.08e+02     0s
  79   1.40346387e+08 -5.82478583e+08  1.43e+00 6.96e-01  1.08e+02     0s
  80   1.37677457e+08 -5.73065778e+08  1.41e+00 6.86e-01  1.08e+02     0s
  81   1.20967034e+08 -4.68978703e+08  1.20e+00 5.81e-01  1.07e+02     0s
  82   1.06325198e+08 -4.19091580e+08  1.07e+00 5.18e-01  9.58e+01     0s
  83   7.58786001e+07 -3.20579801e+08  8.02e-01 3.89e-01  7.15e+01     0s
  84   7.34005163e+07 -3.12533399e+08  7.80e-01 3.79e-01  6.96e+01     0s
  85   7.14841751e+07 -3.06149625e+08  7.64e-01 3.71e-01  6.82e+01     0s
  86   6.98184104e+07 -3.00300276e+08  7.49e-01 3.64e-01  6.70e+01     0s
  87   6.76951048e+07 -2.91815110e+08  7.28e-01 3.53e-01  6.55e+01     0s
  88   6.72221192e+07 -2.85491074e+08  7.16e-01 3.48e-01  6.57e+01     0s
  89   6.81049633e+07 -2.80245007e+08  7.09e-01 3.45e-01  6.72e+01     0s
  90   6.40234526e+07 -2.60958490e+08  6.62e-01 3.21e-01  6.26e+01     0s
  91   6.76259858e+07 -2.52513752e+08  6.59e-01 3.20e-01  6.77e+01     0s
  92   7.09613186e+07 -2.42491396e+08  6.52e-01 3.17e-01  7.22e+01     0s
  93   7.27742317e+07 -2.36830657e+08  6.48e-01 3.15e-01  7.43e+01     0s
  94   7.38012765e+07 -2.30267998e+08  6.38e-01 3.10e-01  7.45e+01     0s
  95   8.14170617e+07 -2.13305950e+08  6.27e-01 3.05e-01  8.30e+01     0s
  96   8.48389255e+07 -2.02118592e+08  6.15e-01 2.99e-01  8.52e+01     0s
  97   8.80948630e+07 -1.93330267e+08  6.07e-01 2.95e-01  8.83e+01     0s
  98   9.95996577e+07 -1.73296677e+08  6.03e-01 2.93e-01  1.06e+02     0s
  99   1.10810499e+08 -1.54100376e+08  5.97e-01 2.90e-01  1.24e+02     0s
 100   1.26720167e+08 -1.27215061e+08  5.86e-01 2.85e-01  1.50e+02     0s
 101   1.50347546e+08 -8.98190215e+07  5.74e-01 2.79e-01  1.91e+02     0s
 102   1.55642141e+08 -8.22391645e+07  5.72e-01 2.78e-01  1.99e+02     0s
 103   1.69475837e+08 -6.29689026e+07  5.66e-01 2.75e-01  2.26e+02     0s
 104   1.91601564e+08 -3.41292763e+07  5.62e-01 2.73e-01  2.81e+02     0s
 105   2.06452974e+08 -1.59565180e+07  5.59e-01 2.72e-01  3.24e+02     0s
 106   3.10926557e+08  1.04599081e+08  5.63e-01 2.73e-01  8.63e+02     0s
 107   4.73234714e+08  3.13705768e+08  5.78e-01 2.81e-01  6.26e+03     0s
 108   3.79215538e+08  1.27419546e+09  5.67e-01 2.75e-01  1.29e+05     0s
 109*  3.81664082e+08  9.73300405e+11  9.70e-04 2.82e-04  1.32e+00     0s
 110*  3.81664089e+08  9.70291014e+14  9.70e-07 9.11e-05  1.32e-03     0s
 111*  3.81664089e+08  9.70286411e+17  9.70e-10 7.02e-05  1.32e-06     0s
 112*  3.81664089e+08  9.70286332e+20  9.70e-13 7.78e-05  1.32e-09     0s

Barrier performed 112 iterations in 0.43 seconds (0.21 work units)
Infeasible model


User-callback calls 205, time in user-callback 0.00 sec

Gurobi 13.0.2 (win64) logging started Wed Jul 15 18:00:25 2026

Set parameter LogFile to value "C:\Users\ehsanno\DataspellProjects\Spanish_Power_System\results\GoRES\ipopt_logs\2024-07-08_h05.log"

Gurobi 13.0.2 (win64) logging started Wed Jul 15 18:00:25 2026

Set parameter LogFile to value "C:\Users\ehsanno\DataspellProjects\Spanish_Power_System\results\GoRES\ipopt_logs\2024-07-08_h05.log"
Gurobi Optimizer version 13.0.2 build v13.0.2rc1 (win64 - Windows 11+.0 (26200.2))

CPU model: 11th Gen Intel(R) Core(TM) i5-1145G7 @ 2.60GHz, instruction set [SSE2|AVX|AVX2|AVX512]
Thread count: 4 physical cores, 8 logical processors, using up to 8 threads

Non-default parameters:
LogToConsole  0

Optimize a model with 5146 rows, 7443 columns and 18718 nonzeros (Min)
Model fingerprint: 0x4f82209b
Model has 2199 linear objective coefficients and an objective constant of 12265495.81752
Model has 972 quadratic objective terms
Coefficient statistics:
  Matrix range     [1e+00, 1e+04]
  Objective range  [4e-01, 1e+06]
  QObjective range [2e+04, 2e+04]
  Bounds range     [2e-06, 1e+04]
  RHS range        [2e-06, 8e+00]

Presolve removed 3654 rows and 4261 columns
Presolve time: 0.03s
Presolved: 1492 rows, 3182 columns, 9194 nonzeros
Presolved model has 898 quadratic objective terms
Ordering time: 0.01s

Barrier statistics:
 AA' NZ     : 1.785e+04
 Factor NZ  : 4.870e+04 (roughly 2 MB of memory)
 Factor Ops : 2.071e+06 (less than 1 second per iteration)
 Threads    : 1

                  Objective                Residual
Iter       Primal          Dual         Primal    Dual     Compl     Time
   0   6.49035333e+12 -2.36927354e+12  7.50e+03 3.76e+04  3.76e+07     0s
   1   1.51295696e+12 -1.36115970e+12  1.85e+03 9.30e+03  9.60e+06     0s
   2   1.72371368e+11 -1.14588442e+12  2.15e+02 1.08e+03  1.31e+06     0s
   3   2.52545567e+10 -5.87406706e+11  3.23e+01 1.62e+02  2.42e+05     0s
   4   3.92065507e+09 -2.63426466e+11  5.48e+00 2.75e+01  6.33e+04     0s
   5   1.16159587e+09 -1.16066144e+11  1.84e+00 9.24e+00  2.46e+04     0s
   6   7.88264483e+08 -8.73276150e+10  1.16e+00 5.82e+00  1.81e+04     0s
   7   4.03672071e+08 -4.57379187e+10  5.43e-01 2.73e+00  8.95e+03     0s
   8   2.42594663e+08 -3.24056416e+10  2.62e-01 1.31e+00  6.11e+03     0s
   9   9.98968032e+07 -4.71123294e+09  2.86e-02 1.43e-01  8.12e+02     0s
  10   6.88998910e+07 -8.79488189e+08  4.00e-03 2.01e-02  1.52e+02     0s
  11   4.21450326e+07 -6.00833969e+08  1.42e-03 7.11e-03  1.01e+02     0s
  12   1.04268411e+07 -7.58840970e+07  9.31e-06 4.67e-05  1.35e+01     0s
  13   1.21622144e+06 -6.28302154e+06  2.72e-08 1.37e-07  1.17e+00     0s
  14   2.94252640e+05 -4.46706667e+05  3.77e-09 5.15e-09  1.16e-01     0s
  15   1.43083909e+05  7.78706983e+03  1.35e-09 3.87e-10  2.11e-02     0s
  16   1.09279855e+05  8.87177321e+04  9.12e-09 4.25e-11  3.21e-03     0s
  17   1.02744380e+05  9.99648858e+04  1.93e-07 2.19e-11  4.34e-04     0s
  18   1.01811612e+05  1.01455784e+05  4.89e-08 7.88e-12  5.55e-05     0s
  19   1.01688455e+05  1.01672014e+05  1.62e-09 1.90e-11  2.57e-06     0s
  20   1.01687994e+05  1.01673100e+05  3.94e-07 1.40e-11  2.33e-06     0s
  21   1.01687221e+05  1.01674777e+05  5.60e-07 1.42e-11  1.95e-06     0s
  22   1.01686670e+05  1.01675981e+05  1.36e-06 1.51e-11  1.69e-06     0s
  23   1.01685558e+05  1.01678445e+05  2.01e-06 1.05e-11  1.14e-06     0s
  24   1.01683226e+05  1.01683579e+05  3.50e-06 2.81e-11  3.40e-09     0s
  25   1.01683220e+05  1.01683592e+05  3.15e-06 9.85e-12  5.88e-10     0s
  26   1.01683219e+05  1.01683595e+05  2.46e-06 1.97e-11  5.88e-13     0s
  27   1.01683219e+05  1.01683595e+05  2.06e-06 2.19e-11  5.89e-16     0s
  28   1.01683219e+05  1.01683595e+05  1.28e-06 7.28e-12  5.90e-19     0s
  29   1.01683219e+05  1.01683595e+05  9.94e-07 7.28e-12  5.90e-22     0s
  30   1.01683219e+05  1.01683595e+05  8.61e-07 1.46e-11  5.91e-25     0s
  31   1.01683219e+05  1.01683595e+05  8.91e-07 1.46e-11  1.47e-27     0s
  32   1.01683219e+05  1.01683595e+05  1.11e-06 1.46e-11  2.12e-27     0s
  33   1.01683219e+05  1.01683595e+05  1.22e-06 2.91e-11  2.64e-27     0s

Barrier solved model in 33 iterations and 0.13 seconds (0.08 work units)
Optimal objective 1.01688455e+05


User-callback calls 86, time in user-callback 0.00 sec

Gurobi 13.0.2 (win64) logging started Thu Jul 16 15:27:15 2026

Set parameter LogFile to value "C:\Users\ehsanno\DataspellProjects\Spanish_Power_System\results\GoRES\ipopt_logs\2024-07-08_h05.log"

Gurobi 13.0.2 (win64) logging started Thu Jul 16 15:27:15 2026

Set parameter LogFile to value "C:\Users\ehsanno\DataspellProjects\Spanish_Power_System\results\GoRES\ipopt_logs\2024-07-08_h05.log"
Gurobi Optimizer version 13.0.2 build v13.0.2rc1 (win64 - Windows 11+.0 (26200.2))

CPU model: 11th Gen Intel(R) Core(TM) i5-1145G7 @ 2.60GHz, instruction set [SSE2|AVX|AVX2|AVX512]
Thread count: 4 physical cores, 8 logical processors, using up to 8 threads

Non-default parameters:
LogToConsole  0

Optimize a model with 5146 rows, 7443 columns and 18718 nonzeros (Min)
Model fingerprint: 0x4f82209b
Model has 2199 linear objective coefficients and an objective constant of 12265495.81752
Model has 972 quadratic objective terms
Coefficient statistics:
  Matrix range     [1e+00, 1e+04]
  Objective range  [4e-01, 1e+06]
  QObjective range [2e+04, 2e+04]
  Bounds range     [2e-06, 1e+04]
  RHS range        [2e-06, 8e+00]

Presolve removed 3654 rows and 4261 columns
Presolve time: 0.02s
Presolved: 1492 rows, 3182 columns, 9194 nonzeros
Presolved model has 898 quadratic objective terms
Ordering time: 0.00s

Barrier statistics:
 AA' NZ     : 1.785e+04
 Factor NZ  : 4.870e+04 (roughly 2 MB of memory)
 Factor Ops : 2.071e+06 (less than 1 second per iteration)
 Threads    : 1

                  Objective                Residual
Iter       Primal          Dual         Primal    Dual     Compl     Time
   0   6.49035333e+12 -2.36927354e+12  7.50e+03 3.76e+04  3.76e+07     0s
   1   1.51295696e+12 -1.36115970e+12  1.85e+03 9.30e+03  9.60e+06     0s
   2   1.72371368e+11 -1.14588442e+12  2.15e+02 1.08e+03  1.31e+06     0s
   3   2.52545567e+10 -5.87406706e+11  3.23e+01 1.62e+02  2.42e+05     0s
   4   3.92065507e+09 -2.63426466e+11  5.48e+00 2.75e+01  6.33e+04     0s
   5   1.16159587e+09 -1.16066144e+11  1.84e+00 9.24e+00  2.46e+04     0s
   6   7.88264483e+08 -8.73276150e+10  1.16e+00 5.82e+00  1.81e+04     0s
   7   4.03672071e+08 -4.57379187e+10  5.43e-01 2.73e+00  8.95e+03     0s
   8   2.42594663e+08 -3.24056416e+10  2.62e-01 1.31e+00  6.11e+03     0s
   9   9.98968032e+07 -4.71123294e+09  2.86e-02 1.43e-01  8.12e+02     0s
  10   6.88998910e+07 -8.79488189e+08  4.00e-03 2.01e-02  1.52e+02     0s
  11   4.21450326e+07 -6.00833969e+08  1.42e-03 7.11e-03  1.01e+02     0s
  12   1.04268411e+07 -7.58840970e+07  9.31e-06 4.67e-05  1.35e+01     0s
  13   1.21622144e+06 -6.28302154e+06  2.72e-08 1.37e-07  1.17e+00     0s
  14   2.94252640e+05 -4.46706667e+05  3.77e-09 5.15e-09  1.16e-01     0s
  15   1.43083909e+05  7.78706983e+03  1.35e-09 3.87e-10  2.11e-02     0s
  16   1.09279855e+05  8.87177321e+04  9.12e-09 4.25e-11  3.21e-03     0s
  17   1.02744380e+05  9.99648858e+04  1.93e-07 2.19e-11  4.34e-04     0s
  18   1.01811612e+05  1.01455784e+05  4.89e-08 7.88e-12  5.55e-05     0s
  19   1.01688455e+05  1.01672014e+05  1.62e-09 1.90e-11  2.57e-06     0s
  20   1.01687994e+05  1.01673100e+05  3.94e-07 1.40e-11  2.33e-06     0s
  21   1.01687221e+05  1.01674777e+05  5.60e-07 1.42e-11  1.95e-06     0s
  22   1.01686670e+05  1.01675981e+05  1.36e-06 1.51e-11  1.69e-06     0s
  23   1.01685558e+05  1.01678445e+05  2.01e-06 1.05e-11  1.14e-06     0s
  24   1.01683226e+05  1.01683579e+05  3.50e-06 2.81e-11  3.40e-09     0s
  25   1.01683220e+05  1.01683592e+05  3.15e-06 9.85e-12  5.88e-10     0s
  26   1.01683219e+05  1.01683595e+05  2.46e-06 1.97e-11  5.88e-13     0s
  27   1.01683219e+05  1.01683595e+05  2.06e-06 2.19e-11  5.89e-16     0s
  28   1.01683219e+05  1.01683595e+05  1.28e-06 7.28e-12  5.90e-19     0s
  29   1.01683219e+05  1.01683595e+05  9.94e-07 7.28e-12  5.90e-22     0s
  30   1.01683219e+05  1.01683595e+05  8.61e-07 1.46e-11  5.91e-25     0s
  31   1.01683219e+05  1.01683595e+05  8.91e-07 1.46e-11  1.47e-27     0s
  32   1.01683219e+05  1.01683595e+05  1.11e-06 1.46e-11  2.12e-27     0s
  33   1.01683219e+05  1.01683595e+05  1.22e-06 2.91e-11  2.64e-27     0s

Barrier solved model in 33 iterations and 0.11 seconds (0.08 work units)
Optimal objective 1.01688455e+05


User-callback calls 96, time in user-callback 0.00 sec

Gurobi 13.0.2 (win64) logging started Thu Jul 16 16:07:50 2026

Set parameter LogFile to value "C:\Users\ehsanno\DataspellProjects\Spanish_Power_System\results\GoRES\ipopt_logs\2024-07-08_h05.log"

Gurobi 13.0.2 (win64) logging started Thu Jul 16 16:07:50 2026

Set parameter LogFile to value "C:\Users\ehsanno\DataspellProjects\Spanish_Power_System\results\GoRES\ipopt_logs\2024-07-08_h05.log"
Gurobi Optimizer version 13.0.2 build v13.0.2rc1 (win64 - Windows 11+.0 (26200.2))

CPU model: 11th Gen Intel(R) Core(TM) i5-1145G7 @ 2.60GHz, instruction set [SSE2|AVX|AVX2|AVX512]
Thread count: 4 physical cores, 8 logical processors, using up to 8 threads

Non-default parameters:
LogToConsole  0

Optimize a model with 5146 rows, 7859 columns and 19134 nonzeros (Min)
Model fingerprint: 0x491f75ee
Model has 2488 linear objective coefficients and an objective constant of 1.2938516745653484e+07
Model has 1482 quadratic objective terms
Coefficient statistics:
  Matrix range     [1e+00, 1e+04]
  Objective range  [2e-09, 1e+06]
  QObjective range [2e+04, 2e+04]
  Bounds range     [2e-06, 1e+04]
  RHS range        [2e-06, 8e+00]

Presolve removed 3638 rows and 4151 columns
Presolve time: 0.02s
Presolved: 1508 rows, 3708 columns, 9804 nonzeros
Presolved model has 1408 quadratic objective terms
Ordering time: 0.00s

Barrier statistics:
 AA' NZ     : 1.775e+04
 Factor NZ  : 4.819e+04 (roughly 2 MB of memory)
 Factor Ops : 2.014e+06 (less than 1 second per iteration)
 Threads    : 1

                  Objective                Residual
Iter       Primal          Dual         Primal    Dual     Compl     Time
   0   6.37394007e+12 -6.18312143e+12  8.00e+03 3.85e+07  3.91e+10     0s
   1   1.52980477e+12 -4.61945389e+12  1.93e+03 9.29e+06  9.88e+09     0s
   2   1.68633849e+11 -2.86773152e+12  2.14e+02 1.03e+06  1.40e+09     0s
   3   2.41504708e+10 -1.07670436e+12  3.12e+01 1.50e+05  2.66e+08     0s
   4   1.57596249e+10 -8.00268046e+11  2.06e+01 9.92e+04  1.81e+08     0s
   5   5.61179818e+09 -4.97878313e+11  7.58e+00 3.65e+04  9.56e+07     0s
   6   1.24064782e+09 -1.68747795e+11  1.95e+00 9.39e+03  2.84e+07     0s
   7   4.30905815e+08 -7.70929549e+10  5.52e-01 2.66e+03  1.22e+07     0s
   8   2.25320035e+08 -4.90907819e+10  2.33e-01 1.12e+03  7.54e+06     0s
   9   1.06795673e+08 -4.96438338e+09  1.80e-02 8.64e+01  7.28e+05     0s
  10   7.59555810e+07 -1.30955901e+09  3.40e-03 1.64e+01  1.92e+05     0s
  11   5.18544583e+07 -8.36298260e+08  1.43e-03 6.88e+00  1.22e+05     0s
  12   1.49166264e+07 -1.56953332e+08  1.79e-05 8.64e-02  2.35e+04     0s
  13   1.83137434e+06 -8.52780596e+06  2.60e-07 1.25e-03  1.42e+03     0s
  14   4.40872179e+05 -1.11486879e+06  2.27e-08 1.09e-04  2.13e+02     0s
  15   1.68317518e+05 -1.05274212e+04  5.24e-09 2.81e-06  2.45e+01     0s
  16   1.22638160e+05  8.50388804e+04  2.90e-08 3.58e-07  5.15e+00     0s
  17   1.12084202e+05  1.07371791e+05  1.83e-07 1.77e-08  6.45e-01     0s
  18   1.10400983e+05  1.09087531e+05  9.93e-08 9.56e-09  1.80e-01     0s
  19   1.10100814e+05  1.10050955e+05  1.49e-07 9.16e-09  6.82e-03     0s
  20   1.10087328e+05  1.10085249e+05  1.11e-07 1.39e-08  2.85e-04     0s
  21   1.10086727e+05  1.10086685e+05  1.79e-09 8.21e-09  5.78e-06     0s
  22   1.10086715e+05  1.10086715e+05  2.58e-10 3.70e-08  5.80e-09     0s

Barrier solved model in 22 iterations and 0.07 seconds (0.05 work units)
Optimal objective 1.10086715e+05


User-callback calls 76, time in user-callback 0.00 sec

Gurobi 13.0.2 (win64) logging started Thu Jul 16 16:15:08 2026

Set parameter LogFile to value "C:\Users\ehsanno\DataspellProjects\Spanish_Power_System\results\GoRES\ipopt_logs\2024-07-08_h05.log"

Gurobi 13.0.2 (win64) logging started Thu Jul 16 16:15:08 2026

Set parameter LogFile to value "C:\Users\ehsanno\DataspellProjects\Spanish_Power_System\results\GoRES\ipopt_logs\2024-07-08_h05.log"
Gurobi Optimizer version 13.0.2 build v13.0.2rc1 (win64 - Windows 11+.0 (26200.2))

CPU model: 11th Gen Intel(R) Core(TM) i5-1145G7 @ 2.60GHz, instruction set [SSE2|AVX|AVX2|AVX512]
Thread count: 4 physical cores, 8 logical processors, using up to 8 threads

Non-default parameters:
LogToConsole  0

Optimize a model with 5146 rows, 7859 columns and 19134 nonzeros (Min)
Model fingerprint: 0x08dbbcf8
Model has 2488 linear objective coefficients and an objective constant of 1.2938516745653484e+07
Model has 1482 quadratic objective terms
Coefficient statistics:
  Matrix range     [1e+00, 1e+04]
  Objective range  [2e-09, 1e+06]
  QObjective range [2e+04, 2e+04]
  Bounds range     [2e-06, 1e+04]
  RHS range        [2e-06, 8e+00]

Presolve removed 3637 rows and 4147 columns
Presolve time: 0.02s
Presolved: 1509 rows, 3712 columns, 9761 nonzeros
Presolved model has 1408 quadratic objective terms
Ordering time: 0.00s

Barrier statistics:
 AA' NZ     : 1.800e+04
 Factor NZ  : 4.769e+04 (roughly 2 MB of memory)
 Factor Ops : 1.960e+06 (less than 1 second per iteration)
 Threads    : 1

                  Objective                Residual
Iter       Primal          Dual         Primal    Dual     Compl     Time
   0   4.91771431e+12 -5.05289558e+12  7.76e+03 3.90e+07  3.95e+10     0s
   1   1.02480821e+12 -3.82689884e+12  1.62e+03 8.16e+06  8.71e+09     0s
   2   7.62270685e+10 -2.42273953e+12  1.21e+02 6.06e+05  1.01e+09     0s
   3   1.16041090e+10 -9.52561612e+11  1.86e+01 9.35e+04  2.18e+08     0s
   4   5.19414740e+09 -5.51284527e+11  8.48e+00 4.26e+04  1.09e+08     0s
   5   1.75640922e+09 -2.71519284e+11  2.96e+00 1.49e+04  4.75e+07     0s
   6   3.97759566e+08 -1.12779596e+11  6.62e-01 3.32e+03  1.77e+07     0s
   7   2.33406817e+08 -6.09522431e+10  3.07e-01 1.54e+03  9.28e+06     0s
   8   1.12073294e+08 -1.65753149e+10  3.00e-02 1.51e+02  2.37e+06     0s
   9   9.44365120e+07 -3.14470789e+09  2.69e-03 1.35e+01  4.47e+05     0s
  10   5.94899878e+07 -1.06895148e+09  7.17e-04 3.60e+00  1.55e+05     0s
  11   2.22494464e+07 -3.55439841e+08  7.17e-10 3.61e-06  5.16e+04     0s
  12   5.45997288e+06 -4.40976937e+07  1.07e-10 3.55e-07  6.77e+03     0s
  13   1.07610721e+06 -5.52845969e+06  7.64e-11 3.78e-08  9.03e+02     0s
  14   3.30732159e+05 -7.48272001e+05  8.98e-11 7.56e-09  1.47e+02     0s
  15   1.71723271e+05 -8.34933974e+04  3.94e-10 2.10e-08  3.49e+01     0s
  16   1.17165243e+05  9.49525638e+04  4.43e-09 4.71e-08  3.04e+00     0s
  17   1.12118345e+05  1.09352552e+05  7.38e-08 2.52e-08  3.78e-01     0s
  18   1.11024617e+05  1.10288787e+05  6.48e-08 8.47e-09  1.01e-01     0s
  19   1.10835819e+05  1.10750370e+05  4.25e-08 2.26e-08  1.17e-02     0s
  20   1.10811049e+05  1.10806938e+05  2.11e-08 2.47e-08  5.62e-04     0s
  21   1.10809858e+05  1.10809690e+05  1.84e-08 1.50e-08  2.29e-05     0s
  22   1.10809813e+05  1.10809812e+05  4.25e-10 1.87e-08  2.34e-08     0s
  23   1.10809813e+05  1.10809813e+05  3.40e-10 1.20e-08  2.35e-11     0s

Barrier solved model in 23 iterations and 0.08 seconds (0.05 work units)
Optimal objective 1.10809813e+05


User-callback calls 78, time in user-callback 0.00 sec

Gurobi 13.0.2 (win64) logging started Thu Jul 16 16:23:36 2026

Set parameter LogFile to value "C:\Users\ehsanno\DataspellProjects\Spanish_Power_System\results\GoRES\ipopt_logs\2024-07-08_h05.log"

Gurobi 13.0.2 (win64) logging started Thu Jul 16 16:23:36 2026

Set parameter LogFile to value "C:\Users\ehsanno\DataspellProjects\Spanish_Power_System\results\GoRES\ipopt_logs\2024-07-08_h05.log"
Gurobi Optimizer version 13.0.2 build v13.0.2rc1 (win64 - Windows 11+.0 (26200.2))

CPU model: 11th Gen Intel(R) Core(TM) i5-1145G7 @ 2.60GHz, instruction set [SSE2|AVX|AVX2|AVX512]
Thread count: 4 physical cores, 8 logical processors, using up to 8 threads

Non-default parameters:
LogToConsole  0

Optimize a model with 5146 rows, 7859 columns and 19134 nonzeros (Min)
Model fingerprint: 0x1f0ffd24
Model has 2416 linear objective coefficients and an objective constant of 1.2938524537279997e+07
Model has 1482 quadratic objective terms
Coefficient statistics:
  Matrix range     [1e+00, 1e+04]
  Objective range  [4e-01, 1e+06]
  QObjective range [2e+04, 2e+04]
  Bounds range     [2e-06, 1e+04]
  RHS range        [2e-06, 8e+00]

Presolve removed 3639 rows and 4144 columns
Presolve time: 0.01s
Presolved: 1507 rows, 3715 columns, 9745 nonzeros
Presolved model has 1408 quadratic objective terms
Ordering time: 0.00s

Barrier statistics:
 AA' NZ     : 1.783e+04
 Factor NZ  : 4.801e+04 (roughly 2 MB of memory)
 Factor Ops : 2.010e+06 (less than 1 second per iteration)
 Threads    : 1

                  Objective                Residual
Iter       Primal          Dual         Primal    Dual     Compl     Time
   0   4.63783639e+12 -1.56078140e+12  8.50e+03 4.00e+04  3.98e+07     0s
   1   1.04877751e+12 -6.96244615e+11  2.18e+03 1.02e+04  1.05e+07     0s
   2   1.15417511e+11 -7.18258056e+11  2.49e+02 1.17e+03  1.48e+06     0s
   3   9.41034166e+09 -4.80575689e+11  2.07e+01 9.72e+01  1.68e+05     0s
   4   3.30349862e+09 -3.41621457e+11  7.43e+00 3.49e+01  8.72e+04     0s
   5   9.51048204e+08 -1.54910131e+11  2.22e+00 1.04e+01  3.08e+04     0s
   6   5.08755964e+08 -1.11471518e+11  1.03e+00 4.84e+00  2.02e+04     0s
   7   2.52003926e+08 -4.88727514e+10  3.58e-01 1.68e+00  8.00e+03     0s
   8   1.26767798e+08 -1.14167304e+10  2.86e-02 1.34e-01  1.63e+03     0s
   9   9.80552146e+07 -1.56458316e+09  2.65e-03 1.25e-02  2.25e+02     0s
  10   5.44539263e+07 -7.91304513e+08  5.85e-04 2.75e-03  1.14e+02     0s
  11   1.73841179e+07 -2.25520220e+08  4.30e-05 2.02e-04  3.24e+01     0s
  12   4.08701548e+06 -3.22997940e+07  3.93e-06 1.85e-05  4.85e+00     0s
  13   8.32525688e+05 -3.83072411e+06  3.95e-07 1.85e-06  6.22e-01     0s
  14   2.87203166e+05 -5.39138987e+05  5.37e-08 2.52e-07  1.10e-01     0s
  15   1.58660943e+05 -1.97830589e+04  6.95e-09 3.27e-08  2.38e-02     0s
  16   1.18750969e+05  1.02772746e+05  2.82e-09 7.51e-10  2.13e-03     0s
  17   1.14950292e+05  1.12745418e+05  3.54e-08 2.09e-11  2.94e-04     0s
  18   1.14166464e+05  1.13527976e+05  3.12e-08 2.95e-11  8.51e-05     0s
  19   1.14028890e+05  1.13963002e+05  8.20e-09 1.82e-11  8.79e-06     0s
  20   1.14014092e+05  1.14005296e+05  4.01e-09 1.40e-11  1.17e-06     0s
  21   1.14011771e+05  1.14011453e+05  1.86e-09 1.74e-11  4.25e-08     0s
  22   1.14011687e+05  1.14011687e+05  5.97e-10 2.21e-11  4.39e-11     0s

Barrier solved model in 22 iterations and 0.06 seconds (0.05 work units)
Optimal objective 1.14011687e+05


User-callback calls 73, time in user-callback 0.00 sec

Gurobi 13.0.2 (win64) logging started Mon Jul 20 15:54:09 2026

Set parameter LogFile to value "C:\Users\ehsanno\DataspellProjects\Spanish_Power_System\results\GoRES\ipopt_logs\2024-07-08_h05.log"

Gurobi 13.0.2 (win64) logging started Mon Jul 20 15:54:09 2026

Set parameter LogFile to value "C:\Users\ehsanno\DataspellProjects\Spanish_Power_System\results\GoRES\ipopt_logs\2024-07-08_h05.log"
Gurobi Optimizer version 13.0.2 build v13.0.2rc1 (win64 - Windows 11+.0 (26200.2))

CPU model: 11th Gen Intel(R) Core(TM) i5-1145G7 @ 2.60GHz, instruction set [SSE2|AVX|AVX2|AVX512]
Thread count: 4 physical cores, 8 logical processors, using up to 8 threads

Non-default parameters:
LogToConsole  0

Optimize a model with 5146 rows, 8031 columns and 19306 nonzeros (Min)
Model fingerprint: 0xff4f9b10
Model has 2654 linear objective coefficients and an objective constant of 1.8661211749588873e+07
Model has 1660 quadratic objective terms
Coefficient statistics:
  Matrix range     [1e+00, 1e+04]
  Objective range  [1e-01, 1e+06]
  QObjective range [2e+04, 2e+04]
  Bounds range     [9e-07, 1e+04]
  RHS range        [2e-06, 8e+00]

Presolve removed 3647 rows and 3738 columns
Presolve time: 0.02s

Barrier solved model in 0 iterations and 0.02 seconds (0.01 work units)
Model is infeasible

User-callback calls 27, time in user-callback 0.00 sec
Gurobi Optimizer version 13.0.2 build v13.0.2rc1 (win64 - Windows 11+.0 (26200.2))

CPU model: 11th Gen Intel(R) Core(TM) i5-1145G7 @ 2.60GHz, instruction set [SSE2|AVX|AVX2|AVX512]
Thread count: 4 physical cores, 8 logical processors, using up to 8 threads

Non-default parameters:
LogToConsole  0

Iteration    Objective       Primal Inf.    Dual Inf.      Time
       0      handle free variables                          0s
Warning: Markowitz tolerance tightened to 0.03125

IIS computed: 5 constraints and 13 bounds
IIS runtime: 0.30 seconds (0.39 work units)

Gurobi 13.0.2 (win64) logging started Mon Jul 20 15:56:40 2026

Set parameter LogFile to value "C:\Users\ehsanno\DataspellProjects\Spanish_Power_System\results\GoRES\ipopt_logs\2024-07-08_h05.log"

Gurobi 13.0.2 (win64) logging started Mon Jul 20 15:56:40 2026

Set parameter LogFile to value "C:\Users\ehsanno\DataspellProjects\Spanish_Power_System\results\GoRES\ipopt_logs\2024-07-08_h05.log"
Gurobi Optimizer version 13.0.2 build v13.0.2rc1 (win64 - Windows 11+.0 (26200.2))

CPU model: 11th Gen Intel(R) Core(TM) i5-1145G7 @ 2.60GHz, instruction set [SSE2|AVX|AVX2|AVX512]
Thread count: 4 physical cores, 8 logical processors, using up to 8 threads

Non-default parameters:
LogToConsole  0

Optimize a model with 5146 rows, 8031 columns and 19306 nonzeros (Min)
Model fingerprint: 0x8fcb69ee
Model has 2468 linear objective coefficients and an objective constant of 2.3326503353500023e+07
Model has 1660 quadratic objective terms
Coefficient statistics:
  Matrix range     [1e+00, 1e+04]
  Objective range  [4e-01, 1e+06]
  QObjective range [2e+04, 2e+04]
  Bounds range     [9e-07, 1e+04]
  RHS range        [2e-06, 8e+00]

Presolve removed 3647 rows and 3738 columns
Presolve time: 0.02s

Barrier solved model in 0 iterations and 0.02 seconds (0.01 work units)
Model is infeasible

User-callback calls 28, time in user-callback 0.00 sec
Gurobi Optimizer version 13.0.2 build v13.0.2rc1 (win64 - Windows 11+.0 (26200.2))

CPU model: 11th Gen Intel(R) Core(TM) i5-1145G7 @ 2.60GHz, instruction set [SSE2|AVX|AVX2|AVX512]
Thread count: 4 physical cores, 8 logical processors, using up to 8 threads

Non-default parameters:
LogToConsole  0

Iteration    Objective       Primal Inf.    Dual Inf.      Time
       0      handle free variables                          0s
Warning: Markowitz tolerance tightened to 0.0625

IIS computed: 5 constraints and 13 bounds
IIS runtime: 0.30 seconds (0.39 work units)

Gurobi 13.0.2 (win64) logging started Mon Jul 20 15:58:25 2026

Set parameter LogFile to value "C:\Users\ehsanno\DataspellProjects\Spanish_Power_System\results\GoRES\ipopt_logs\2024-07-08_h05.log"

Gurobi 13.0.2 (win64) logging started Mon Jul 20 15:58:25 2026

Set parameter LogFile to value "C:\Users\ehsanno\DataspellProjects\Spanish_Power_System\results\GoRES\ipopt_logs\2024-07-08_h05.log"
Gurobi Optimizer version 13.0.2 build v13.0.2rc1 (win64 - Windows 11+.0 (26200.2))

CPU model: 11th Gen Intel(R) Core(TM) i5-1145G7 @ 2.60GHz, instruction set [SSE2|AVX|AVX2|AVX512]
Thread count: 4 physical cores, 8 logical processors, using up to 8 threads

Non-default parameters:
LogToConsole  0

Optimize a model with 5146 rows, 8031 columns and 19306 nonzeros (Min)
Model fingerprint: 0xe7bf9ad3
Model has 2468 linear objective coefficients and an objective constant of 2.7991804024200026e+07
Model has 1660 quadratic objective terms
Coefficient statistics:
  Matrix range     [1e+00, 1e+04]
  Objective range  [4e-01, 1e+06]
  QObjective range [2e+04, 2e+04]
  Bounds range     [9e-07, 1e+04]
  RHS range        [2e-06, 8e+00]

Presolve removed 3647 rows and 3738 columns
Presolve time: 0.02s

Barrier solved model in 0 iterations and 0.02 seconds (0.01 work units)
Model is infeasible

User-callback calls 27, time in user-callback 0.00 sec
Gurobi Optimizer version 13.0.2 build v13.0.2rc1 (win64 - Windows 11+.0 (26200.2))

CPU model: 11th Gen Intel(R) Core(TM) i5-1145G7 @ 2.60GHz, instruction set [SSE2|AVX|AVX2|AVX512]
Thread count: 4 physical cores, 8 logical processors, using up to 8 threads

Non-default parameters:
LogToConsole  0

Iteration    Objective       Primal Inf.    Dual Inf.      Time
       0      handle free variables                          0s
Warning: Markowitz tolerance tightened to 0.0625

IIS computed: 5 constraints and 13 bounds
IIS runtime: 0.29 seconds (0.39 work units)
