This is Ipopt version 3.14.19, running with linear solver ma57.

Number of nonzeros in equality constraint Jacobian...:    13237
Number of nonzeros in inequality constraint Jacobian.:     3120
Number of nonzeros in Lagrangian Hessian.............:      454

Total number of variables............................:     5094
                     variables with only lower bounds:        0
                variables with lower and upper bounds:     3858
                     variables with only upper bounds:        0
Total number of equality constraints.................:     3582
Total number of inequality constraints...............:     1560
        inequality constraints with only lower bounds:        0
   inequality constraints with lower and upper bounds:     1560
        inequality constraints with only upper bounds:        0

iter    objective    inf_pr   inf_du lg(mu)  ||d||  lg(rg) alpha_du alpha_pr  ls
   0  1.9419682e+07 1.77e+01 8.37e+01  -1.0 0.00e+00    -  0.00e+00 0.00e+00   0
   1  1.9423526e+07 1.77e+01 8.37e+01  -1.0 2.28e+02    -  7.42e-03 2.84e-05f  1
   2  1.6368858e+07 1.75e+01 8.35e+01  -1.0 2.43e+01    -  6.93e-04 1.46e-02f  1
   3  1.5717727e+07 1.72e+01 8.23e+01  -1.0 1.18e+02    -  1.48e-02 1.65e-02f  1
   4  1.4712807e+07 1.64e+01 7.78e+01  -1.0 3.49e+01    -  5.34e-02 4.56e-02f  1
   5  1.1153892e+07 1.40e+01 6.63e+01  -1.0 1.40e+01  -4.0 1.47e-01 1.50e-01f  1
   6  5.1141980e+06 8.06e+00 4.36e+01  -1.0 8.97e+01    -  3.56e-01 4.22e-01f  1
   7  1.8218950e+06 2.78e-01 9.47e+00  -1.0 2.11e+01    -  8.08e-01 9.65e-01f  1
   8  1.8930456e+06 2.44e-07 1.02e-01  -1.0 5.33e+00    -  9.90e-01 1.00e+00f  1
   9  1.8894547e+06 2.65e-12 4.55e-13  -1.0 2.97e-01    -  1.00e+00 1.00e+00f  1
iter    objective    inf_pr   inf_du lg(mu)  ||d||  lg(rg) alpha_du alpha_pr  ls
  10  8.4432790e+05 9.03e-10 1.06e-01  -2.5 5.70e-01  -4.5 7.54e-01 9.83e-01f  1
  11  7.7327827e+05 1.22e-11 9.58e-02  -2.5 6.04e-01    -  7.00e-01 1.00e+00f  1
  12  7.5740419e+05 9.63e-12 2.47e-02  -2.5 8.47e-01  -5.0 8.70e-01 1.00e+00f  1
  13  7.2571398e+05 2.32e-12 8.55e-03  -3.8 6.87e-01    -  7.83e-01 8.16e-01f  1
  14  7.1606222e+05 4.37e-12 2.79e-03  -3.8 3.64e-01  -5.4 9.58e-01 1.00e+00f  1
  15  7.1521718e+05 2.04e-11 1.96e-14  -3.8 4.41e-02    -  1.00e+00 1.00e+00f  1
  16  7.1349636e+05 4.62e-12 7.70e-04  -5.7 2.78e-02  -5.9 8.33e-01 7.97e-01f  1
  17  7.1302453e+05 3.18e-12 2.03e-14  -5.7 6.25e-02    -  1.00e+00 1.00e+00f  1
  18  7.1301069e+05 6.53e-12 2.86e-09  -5.7 6.96e-03  -6.4 1.00e+00 1.00e+00f  1
  19  7.1298296e+05 5.37e-12 7.52e-05  -8.6 4.15e-03  -6.9 9.95e-01 9.71e-01f  1
iter    objective    inf_pr   inf_du lg(mu)  ||d||  lg(rg) alpha_du alpha_pr  ls
  20  7.1298134e+05 4.22e-12 1.92e-14  -8.6 2.14e-03    -  1.00e+00 1.00e+00f  1
  21  7.1298114e+05 7.18e-12 1.96e-14  -8.6 1.04e-03    -  1.00e+00 1.00e+00f  1
  22  7.1298108e+05 7.25e-12 1.94e-14  -8.6 5.11e-04    -  1.00e+00 1.00e+00f  1
  23  7.1298105e+05 9.32e-12 1.96e-14  -9.0 2.55e-04    -  1.00e+00 1.00e+00h  1

Number of Iterations....: 23

                                   (scaled)                 (unscaled)
Objective...............:   7.1298104546831794e+01    7.1298104546831793e+05
Dual infeasibility......:   1.9622438359834117e-14    1.9622438359834117e-10
Constraint violation....:   1.2052112969272850e-12    9.3194341133084890e-12
Variable bound violation:   1.5344013348794761e-07    1.5344013348794761e-07
Complementarity.........:   7.0977741675510290e-09    7.0977741675510282e-05
Overall NLP error.......:   7.0977741675510290e-09    7.0977741675510282e-05


Number of objective function evaluations             = 24
Number of objective gradient evaluations             = 24
Number of equality constraint evaluations            = 24
Number of inequality constraint evaluations          = 24
Number of equality constraint Jacobian evaluations   = 1
Number of inequality constraint Jacobian evaluations = 1
Number of Lagrangian Hessian evaluations             = 1
Total seconds in IPOPT                               = 0.119

EXIT: Optimal Solution Found.

Gurobi 13.0.2 (win64) logging started Wed Jul 15 11:53:33 2026

Set parameter LogFile to value "C:\Users\ehsanno\DataspellProjects\Spanish_Power_System\results\GoRES\ipopt_logs\2024-12-02_h19.log"

Gurobi 13.0.2 (win64) logging started Wed Jul 15 11:53:33 2026

Set parameter LogFile to value "C:\Users\ehsanno\DataspellProjects\Spanish_Power_System\results\GoRES\ipopt_logs\2024-12-02_h19.log"
Gurobi Optimizer version 13.0.2 build v13.0.2rc1 (win64 - Windows 11+.0 (26200.2))

CPU model: 11th Gen Intel(R) Core(TM) i5-1145G7 @ 2.60GHz, instruction set [SSE2|AVX|AVX2|AVX512]
Thread count: 4 physical cores, 8 logical processors, using up to 8 threads

Non-default parameters:
LogToConsole  0

Optimize a model with 5142 rows, 7197 columns and 18460 nonzeros (Min)
Model fingerprint: 0xc43223aa
Model has 2031 linear objective coefficients and an objective constant of 2.0609813296977803e+07
Model has 973 quadratic objective terms
Coefficient statistics:
  Matrix range     [1e+00, 1e+04]
  Objective range  [4e-01, 1e+06]
  QObjective range [2e+04, 2e+04]
  Bounds range     [4e-12, 1e+04]
  RHS range        [3e-06, 1e+01]

Presolve removed 3697 rows and 4647 columns
Presolve time: 0.01s
Presolved: 1445 rows, 2550 columns, 8482 nonzeros
Presolved model has 454 quadratic objective terms
Ordering time: 0.00s

Barrier statistics:
 AA' NZ     : 1.783e+04
 Factor NZ  : 4.868e+04 (roughly 2 MB of memory)
 Factor Ops : 2.116e+06 (less than 1 second per iteration)
 Threads    : 1

                  Objective                Residual
Iter       Primal          Dual         Primal    Dual     Compl     Time
   0   5.62079619e+12 -5.31016570e+11  7.25e+03 7.18e+03  7.17e+06     0s
   1   1.61160990e+12 -2.39704413e+11  2.14e+03 2.12e+03  2.16e+06     0s
   2   1.96326446e+11 -1.99278864e+11  2.64e+02 2.62e+02  3.14e+05     0s
   3   2.06640065e+10 -1.12236323e+11  2.84e+01 2.81e+01  4.79e+04     0s
   4   3.99941379e+09 -5.24259301e+10  5.93e+00 5.87e+00  1.47e+04     0s
   5   1.18765898e+09 -2.39931381e+10  2.05e+00 2.04e+00  5.92e+03     0s
   6   5.78670715e+08 -1.35441098e+10  9.01e-01 8.93e-01  3.21e+03     0s
   7   1.80142479e+08 -2.56311228e+09  9.60e-02 9.51e-02  5.64e+02     0s
   8   6.18568635e+07 -4.97058481e+08  1.23e-02 1.22e-02  1.11e+02     0s
   9   2.75458172e+07 -1.83203668e+08  4.44e-03 4.40e-03  4.14e+01     0s
  10   1.21732153e+07 -7.73080542e+07  4.89e-04 4.84e-04  1.75e+01     0s
  11   2.14052374e+06 -6.28689029e+06  2.52e-05 2.50e-05  1.65e+00     0s
  12   9.56102488e+05 -2.18723848e+05  8.06e-07 7.99e-07  2.30e-01     0s
  13   7.66065615e+05  5.38500539e+05  5.38e-08 5.33e-08  4.45e-02     0s
  14   7.20814119e+05  6.91196730e+05  7.91e-08 3.77e-12  5.79e-03     0s
  15   7.14294219e+05  7.09943275e+05  3.37e-07 6.89e-12  8.50e-04     0s
  16   7.13127560e+05  7.12634620e+05  3.05e-06 9.27e-12  9.65e-05     0s
  17   7.12999457e+05  7.12985001e+05  9.76e-06 9.96e-12  2.52e-06     0s
  18   7.13056010e+05  7.12990344e+05  3.89e-04 3.21e-12  3.27e-07     0s
  19   7.12991423e+05  7.12991474e+05  3.81e-05 1.72e-11  4.45e-08     0s
  20   7.12992553e+05  7.12991568e+05  4.20e-06 1.03e-11  6.17e-09     0s
  21   7.12992583e+05  7.12991580e+05  4.71e-06 1.50e-11  7.87e-10     0s
  22   7.12993020e+05  7.12991581e+05  5.92e-06 1.29e-11  3.28e-10     0s
  23   7.12991860e+05  7.12991581e+05  1.67e-06 8.28e-12  2.28e-11     0s
  24   7.12991609e+05  7.12991581e+05  1.47e-07 1.68e-11  1.45e-12     0s

Barrier solved model in 24 iterations and 0.06 seconds (0.05 work units)
Optimal objective 7.12991609e+05


User-callback calls 77, time in user-callback 0.00 sec

Gurobi 13.0.2 (win64) logging started Wed Jul 15 12:00:51 2026

Set parameter LogFile to value "C:\Users\ehsanno\DataspellProjects\Spanish_Power_System\results\GoRES\ipopt_logs\2024-12-02_h19.log"

Gurobi 13.0.2 (win64) logging started Wed Jul 15 12:00:51 2026

Set parameter LogFile to value "C:\Users\ehsanno\DataspellProjects\Spanish_Power_System\results\GoRES\ipopt_logs\2024-12-02_h19.log"
Gurobi Optimizer version 13.0.2 build v13.0.2rc1 (win64 - Windows 11+.0 (26200.2))

CPU model: 11th Gen Intel(R) Core(TM) i5-1145G7 @ 2.60GHz, instruction set [SSE2|AVX|AVX2|AVX512]
Thread count: 4 physical cores, 8 logical processors, using up to 8 threads

Non-default parameters:
LogToConsole  0

Optimize a model with 5142 rows, 7197 columns and 18460 nonzeros (Min)
Model fingerprint: 0xc43223aa
Model has 2031 linear objective coefficients and an objective constant of 2.0609813296977803e+07
Model has 973 quadratic objective terms
Coefficient statistics:
  Matrix range     [1e+00, 1e+04]
  Objective range  [4e-01, 1e+06]
  QObjective range [2e+04, 2e+04]
  Bounds range     [4e-12, 1e+04]
  RHS range        [3e-06, 1e+01]

Presolve removed 3697 rows and 4647 columns
Presolve time: 0.01s
Presolved: 1445 rows, 2550 columns, 8482 nonzeros
Presolved model has 454 quadratic objective terms
Ordering time: 0.00s

Barrier statistics:
 AA' NZ     : 1.783e+04
 Factor NZ  : 4.868e+04 (roughly 2 MB of memory)
 Factor Ops : 2.116e+06 (less than 1 second per iteration)
 Threads    : 1

                  Objective                Residual
Iter       Primal          Dual         Primal    Dual     Compl     Time
   0   5.62079619e+12 -5.31016570e+11  7.25e+03 7.18e+03  7.17e+06     0s
   1   1.61160990e+12 -2.39704413e+11  2.14e+03 2.12e+03  2.16e+06     0s
   2   1.96326446e+11 -1.99278864e+11  2.64e+02 2.62e+02  3.14e+05     0s
   3   2.06640065e+10 -1.12236323e+11  2.84e+01 2.81e+01  4.79e+04     0s
   4   3.99941379e+09 -5.24259301e+10  5.93e+00 5.87e+00  1.47e+04     0s
   5   1.18765898e+09 -2.39931381e+10  2.05e+00 2.04e+00  5.92e+03     0s
   6   5.78670715e+08 -1.35441098e+10  9.01e-01 8.93e-01  3.21e+03     0s
   7   1.80142479e+08 -2.56311228e+09  9.60e-02 9.51e-02  5.64e+02     0s
   8   6.18568635e+07 -4.97058481e+08  1.23e-02 1.22e-02  1.11e+02     0s
   9   2.75458172e+07 -1.83203668e+08  4.44e-03 4.40e-03  4.14e+01     0s
  10   1.21732153e+07 -7.73080542e+07  4.89e-04 4.84e-04  1.75e+01     0s
  11   2.14052374e+06 -6.28689029e+06  2.52e-05 2.50e-05  1.65e+00     0s
  12   9.56102488e+05 -2.18723848e+05  8.06e-07 7.99e-07  2.30e-01     0s
  13   7.66065615e+05  5.38500539e+05  5.38e-08 5.33e-08  4.45e-02     0s
  14   7.20814119e+05  6.91196730e+05  7.91e-08 3.77e-12  5.79e-03     0s
  15   7.14294219e+05  7.09943275e+05  3.37e-07 6.89e-12  8.50e-04     0s
  16   7.13127560e+05  7.12634620e+05  3.05e-06 9.27e-12  9.65e-05     0s
  17   7.12999457e+05  7.12985001e+05  9.76e-06 9.96e-12  2.52e-06     0s
  18   7.13056010e+05  7.12990344e+05  3.89e-04 3.21e-12  3.27e-07     0s
  19   7.12991423e+05  7.12991474e+05  3.81e-05 1.72e-11  4.45e-08     0s
  20   7.12992553e+05  7.12991568e+05  4.20e-06 1.03e-11  6.17e-09     0s
  21   7.12992583e+05  7.12991580e+05  4.71e-06 1.50e-11  7.87e-10     0s
  22   7.12993020e+05  7.12991581e+05  5.92e-06 1.29e-11  3.28e-10     0s
  23   7.12991860e+05  7.12991581e+05  1.67e-06 8.28e-12  2.28e-11     0s
  24   7.12991609e+05  7.12991581e+05  1.47e-07 1.68e-11  1.45e-12     0s

Barrier solved model in 24 iterations and 0.06 seconds (0.05 work units)
Optimal objective 7.12991609e+05


User-callback calls 76, time in user-callback 0.00 sec

Gurobi 13.0.2 (win64) logging started Wed Jul 15 12:16:07 2026

Set parameter LogFile to value "C:\Users\ehsanno\DataspellProjects\Spanish_Power_System\results\GoRES\ipopt_logs\2024-12-02_h19.log"

Gurobi 13.0.2 (win64) logging started Wed Jul 15 12:16:07 2026

Set parameter LogFile to value "C:\Users\ehsanno\DataspellProjects\Spanish_Power_System\results\GoRES\ipopt_logs\2024-12-02_h19.log"
Gurobi Optimizer version 13.0.2 build v13.0.2rc1 (win64 - Windows 11+.0 (26200.2))

CPU model: 11th Gen Intel(R) Core(TM) i5-1145G7 @ 2.60GHz, instruction set [SSE2|AVX|AVX2|AVX512]
Thread count: 4 physical cores, 8 logical processors, using up to 8 threads

Non-default parameters:
LogToConsole  0

Optimize a model with 5142 rows, 7197 columns and 18460 nonzeros (Min)
Model fingerprint: 0xc43223aa
Model has 2031 linear objective coefficients and an objective constant of 2.0609813296977803e+07
Model has 973 quadratic objective terms
Coefficient statistics:
  Matrix range     [1e+00, 1e+04]
  Objective range  [4e-01, 1e+06]
  QObjective range [2e+04, 2e+04]
  Bounds range     [4e-12, 1e+04]
  RHS range        [3e-06, 1e+01]

Presolve removed 3697 rows and 4647 columns
Presolve time: 0.01s
Presolved: 1445 rows, 2550 columns, 8482 nonzeros
Presolved model has 454 quadratic objective terms
Ordering time: 0.00s

Barrier statistics:
 AA' NZ     : 1.783e+04
 Factor NZ  : 4.868e+04 (roughly 2 MB of memory)
 Factor Ops : 2.116e+06 (less than 1 second per iteration)
 Threads    : 1

                  Objective                Residual
Iter       Primal          Dual         Primal    Dual     Compl     Time
   0   5.62079619e+12 -5.31016570e+11  7.25e+03 7.18e+03  7.17e+06     0s
   1   1.61160990e+12 -2.39704413e+11  2.14e+03 2.12e+03  2.16e+06     0s
   2   1.96326446e+11 -1.99278864e+11  2.64e+02 2.62e+02  3.14e+05     0s
   3   2.06640065e+10 -1.12236323e+11  2.84e+01 2.81e+01  4.79e+04     0s
   4   3.99941379e+09 -5.24259301e+10  5.93e+00 5.87e+00  1.47e+04     0s
   5   1.18765898e+09 -2.39931381e+10  2.05e+00 2.04e+00  5.92e+03     0s
   6   5.78670715e+08 -1.35441098e+10  9.01e-01 8.93e-01  3.21e+03     0s
   7   1.80142479e+08 -2.56311228e+09  9.60e-02 9.51e-02  5.64e+02     0s
   8   6.18568635e+07 -4.97058481e+08  1.23e-02 1.22e-02  1.11e+02     0s
   9   2.75458172e+07 -1.83203668e+08  4.44e-03 4.40e-03  4.14e+01     0s
  10   1.21732153e+07 -7.73080542e+07  4.89e-04 4.84e-04  1.75e+01     0s
  11   2.14052374e+06 -6.28689029e+06  2.52e-05 2.50e-05  1.65e+00     0s
  12   9.56102488e+05 -2.18723848e+05  8.06e-07 7.99e-07  2.30e-01     0s
  13   7.66065615e+05  5.38500539e+05  5.38e-08 5.33e-08  4.45e-02     0s
  14   7.20814119e+05  6.91196730e+05  7.91e-08 3.77e-12  5.79e-03     0s
  15   7.14294219e+05  7.09943275e+05  3.37e-07 6.89e-12  8.50e-04     0s
  16   7.13127560e+05  7.12634620e+05  3.05e-06 9.27e-12  9.65e-05     0s
  17   7.12999457e+05  7.12985001e+05  9.76e-06 9.96e-12  2.52e-06     0s
  18   7.13056010e+05  7.12990344e+05  3.89e-04 3.21e-12  3.27e-07     0s
  19   7.12991423e+05  7.12991474e+05  3.81e-05 1.72e-11  4.45e-08     0s
  20   7.12992553e+05  7.12991568e+05  4.20e-06 1.03e-11  6.17e-09     0s
  21   7.12992583e+05  7.12991580e+05  4.71e-06 1.50e-11  7.87e-10     0s
  22   7.12993020e+05  7.12991581e+05  5.92e-06 1.29e-11  3.28e-10     0s
  23   7.12991860e+05  7.12991581e+05  1.67e-06 8.28e-12  2.28e-11     0s
  24   7.12991609e+05  7.12991581e+05  1.47e-07 1.68e-11  1.45e-12     0s

Barrier solved model in 24 iterations and 0.06 seconds (0.05 work units)
Optimal objective 7.12991609e+05


User-callback calls 75, time in user-callback 0.00 sec

Gurobi 13.0.2 (win64) logging started Wed Jul 15 12:32:20 2026

Set parameter LogFile to value "C:\Users\ehsanno\DataspellProjects\Spanish_Power_System\results\GoRES\ipopt_logs\2024-12-02_h19.log"

Gurobi 13.0.2 (win64) logging started Wed Jul 15 12:32:20 2026

Set parameter LogFile to value "C:\Users\ehsanno\DataspellProjects\Spanish_Power_System\results\GoRES\ipopt_logs\2024-12-02_h19.log"
Gurobi Optimizer version 13.0.2 build v13.0.2rc1 (win64 - Windows 11+.0 (26200.2))

CPU model: 11th Gen Intel(R) Core(TM) i5-1145G7 @ 2.60GHz, instruction set [SSE2|AVX|AVX2|AVX512]
Thread count: 4 physical cores, 8 logical processors, using up to 8 threads

Non-default parameters:
LogToConsole  0

Optimize a model with 5142 rows, 7197 columns and 18460 nonzeros (Min)
Model fingerprint: 0x9140fc23
Model has 2031 linear objective coefficients and an objective constant of 2.0609833846079990e+07
Model has 973 quadratic objective terms
Coefficient statistics:
  Matrix range     [1e+00, 1e+04]
  Objective range  [4e-01, 1e+06]
  QObjective range [2e+04, 2e+04]
  Bounds range     [3e-06, 1e+04]
  RHS range        [3e-06, 1e+01]

Presolve removed 3697 rows and 4647 columns
Presolve time: 0.01s
Presolved: 1445 rows, 2550 columns, 8482 nonzeros
Presolved model has 454 quadratic objective terms
Ordering time: 0.00s

Barrier statistics:
 AA' NZ     : 1.783e+04
 Factor NZ  : 4.868e+04 (roughly 2 MB of memory)
 Factor Ops : 2.116e+06 (less than 1 second per iteration)
 Threads    : 1

                  Objective                Residual
Iter       Primal          Dual         Primal    Dual     Compl     Time
   0   5.62079619e+12 -5.31016570e+11  7.25e+03 7.18e+03  7.17e+06     0s
   1   1.61160990e+12 -2.39704412e+11  2.14e+03 2.12e+03  2.16e+06     0s
   2   1.96326447e+11 -1.99278864e+11  2.64e+02 2.62e+02  3.14e+05     0s
   3   2.06639994e+10 -1.12236319e+11  2.84e+01 2.81e+01  4.79e+04     0s
   4   3.99941354e+09 -5.24259272e+10  5.93e+00 5.87e+00  1.47e+04     0s
   5   1.18765890e+09 -2.39931342e+10  2.05e+00 2.04e+00  5.92e+03     0s
   6   5.78672119e+08 -1.35441321e+10  9.01e-01 8.93e-01  3.21e+03     0s
   7   1.80143145e+08 -2.56312733e+09  9.60e-02 9.51e-02  5.64e+02     0s
   8   6.18570084e+07 -4.97058253e+08  1.23e-02 1.22e-02  1.11e+02     0s
   9   2.75456277e+07 -1.83201068e+08  4.44e-03 4.40e-03  4.14e+01     0s
  10   1.21731942e+07 -7.73076230e+07  4.89e-04 4.84e-04  1.75e+01     0s
  11   2.14052902e+06 -6.28689525e+06  2.52e-05 2.50e-05  1.65e+00     0s
  12   9.56105301e+05 -2.18724042e+05  8.06e-07 7.99e-07  2.30e-01     0s
  13   7.66066993e+05  5.38502145e+05  1.25e-07 5.33e-08  4.45e-02     0s
  14   7.20815162e+05  6.91197920e+05  5.98e-08 1.01e-11  5.79e-03     0s
  15   7.14294597e+05  7.09946075e+05  5.11e-07 7.45e-12  8.50e-04     0s
  16   7.13129425e+05  7.12635931e+05  5.73e-07 1.35e-11  9.64e-05     0s
  17   7.12999782e+05  7.12985912e+05  3.14e-06 1.09e-11  2.52e-06     0s
  18   7.12976824e+05  7.12991629e+05  3.91e-04 8.29e-12  3.50e-07     0s
  19   7.12898409e+05  7.12992342e+05  4.70e-04 5.57e-12  1.91e-08     0s
  20   7.12986831e+05  7.12992477e+05  2.53e-05 1.63e-11  1.52e-09     0s
  21   7.12992521e+05  7.12992476e+05  2.07e-06 5.56e-11  8.38e-10     0s
  22   7.12992498e+05  7.12992479e+05  7.39e-08 6.07e-12  4.91e-12     0s

Barrier solved model in 22 iterations and 0.06 seconds (0.05 work units)
Optimal objective 7.12992498e+05


User-callback calls 78, time in user-callback 0.00 sec

Gurobi 13.0.2 (win64) logging started Wed Jul 15 14:22:12 2026

Set parameter LogFile to value "C:\Users\ehsanno\DataspellProjects\Spanish_Power_System\results\GoRES\ipopt_logs\2024-12-02_h19.log"

Gurobi 13.0.2 (win64) logging started Wed Jul 15 14:22:12 2026

Set parameter LogFile to value "C:\Users\ehsanno\DataspellProjects\Spanish_Power_System\results\GoRES\ipopt_logs\2024-12-02_h19.log"
Gurobi Optimizer version 13.0.2 build v13.0.2rc1 (win64 - Windows 11+.0 (26200.2))

CPU model: 11th Gen Intel(R) Core(TM) i5-1145G7 @ 2.60GHz, instruction set [SSE2|AVX|AVX2|AVX512]
Thread count: 4 physical cores, 8 logical processors, using up to 8 threads

Non-default parameters:
LogToConsole  0

Optimize a model with 5142 rows, 7197 columns and 18460 nonzeros (Min)
Model fingerprint: 0x2cc67a84
Model has 2031 linear objective coefficients and an objective constant of 2.0231230619052678e+07
Model has 973 quadratic objective terms
Coefficient statistics:
  Matrix range     [1e+00, 1e+04]
  Objective range  [4e-01, 1e+06]
  QObjective range [2e+04, 2e+04]
  Bounds range     [3e-11, 1e+04]
  RHS range        [3e-06, 1e+01]

Presolve removed 3697 rows and 4647 columns
Presolve time: 0.02s
Presolved: 1445 rows, 2550 columns, 8482 nonzeros
Presolved model has 454 quadratic objective terms
Ordering time: 0.00s

Barrier statistics:
 AA' NZ     : 1.783e+04
 Factor NZ  : 4.868e+04 (roughly 2 MB of memory)
 Factor Ops : 2.116e+06 (less than 1 second per iteration)
 Threads    : 1

                  Objective                Residual
Iter       Primal          Dual         Primal    Dual     Compl     Time
   0   5.62083418e+12 -5.31128513e+11  7.25e+03 7.18e+03  7.17e+06     0s
   1   1.61190484e+12 -2.39831574e+11  2.14e+03 2.12e+03  2.16e+06     0s
   2   1.96458569e+11 -1.99463124e+11  2.65e+02 2.62e+02  3.14e+05     0s
   3   2.59724823e+10 -1.11517798e+11  3.55e+01 3.52e+01  5.43e+04     0s
   4   4.14073805e+09 -5.29916230e+10  6.13e+00 6.08e+00  1.50e+04     0s
   5   1.43332359e+09 -2.66748390e+10  2.42e+00 2.40e+00  6.68e+03     0s
   6   6.81995575e+08 -1.61923555e+10  1.20e+00 1.19e+00  3.90e+03     0s
   7   4.02260643e+08 -9.21286513e+09  5.84e-01 5.79e-01  2.13e+03     0s
   8   1.34394549e+08 -1.77395164e+09  8.71e-02 8.64e-02  3.94e+02     0s
   9   4.01799780e+07 -2.99801235e+08  8.75e-03 8.67e-03  6.72e+01     0s
  10   2.71729711e+07 -2.12245724e+08  5.20e-03 5.15e-03  4.72e+01     0s
  11   9.25284563e+06 -6.41792777e+07  4.73e-06 4.69e-06  1.43e+01     0s
  12   1.43346264e+06 -2.13242517e+06  5.23e-08 5.18e-08  6.97e-01     0s
  13   8.15954431e+05  2.01455371e+05  6.29e-08 2.87e-09  1.20e-01     0s
  14   7.12354759e+05  5.49082028e+05  1.35e-07 5.40e-10  3.19e-02     0s
  15   6.76398474e+05  6.62356750e+05  1.11e-07 1.77e-11  2.74e-03     0s
  16   6.72318699e+05  6.71223066e+05  1.01e-06 9.21e-12  2.14e-04     0s
  17   6.71972938e+05  6.71929876e+05  6.18e-06 1.08e-11  8.23e-06     0s
  18   6.71977650e+05  6.71949341e+05  1.50e-04 9.07e-12  1.03e-06     0s
  19   6.71943807e+05  6.71951800e+05  8.81e-05 1.01e-11  1.44e-07     0s
  20   6.71921337e+05  6.71951826e+05  1.26e-04 1.52e-11  1.42e-07     0s
  21   6.71952968e+05  6.71952106e+05  1.08e-05 7.46e-12  1.94e-08     0s
  22   6.71956776e+05  6.71952111e+05  2.01e-05 6.68e-12  1.62e-08     0s
  23   6.71952164e+05  6.71952146e+05  3.01e-07 8.99e-12  2.24e-09     0s
  24   6.71952439e+05  6.71952147e+05  6.74e-07 5.98e-12  1.56e-09     0s
  25   6.71952704e+05  6.71952148e+05  1.20e-06 5.86e-12  8.53e-10     0s
  26   6.71952306e+05  6.71952149e+05  6.20e-07 1.46e-11  6.74e-11     0s
  27   6.71952188e+05  6.71952149e+05  7.34e-08 5.77e-12  1.22e-12     0s

Barrier solved model in 27 iterations and 0.10 seconds (0.06 work units)
Optimal objective 6.71952188e+05


User-callback calls 91, time in user-callback 0.00 sec

Gurobi 13.0.2 (win64) logging started Wed Jul 15 14:28:14 2026

Set parameter LogFile to value "C:\Users\ehsanno\DataspellProjects\Spanish_Power_System\results\GoRES\ipopt_logs\2024-12-02_h19.log"

Gurobi 13.0.2 (win64) logging started Wed Jul 15 14:28:14 2026

Set parameter LogFile to value "C:\Users\ehsanno\DataspellProjects\Spanish_Power_System\results\GoRES\ipopt_logs\2024-12-02_h19.log"
Gurobi Optimizer version 13.0.2 build v13.0.2rc1 (win64 - Windows 11+.0 (26200.2))

CPU model: 11th Gen Intel(R) Core(TM) i5-1145G7 @ 2.60GHz, instruction set [SSE2|AVX|AVX2|AVX512]
Thread count: 4 physical cores, 8 logical processors, using up to 8 threads

Non-default parameters:
LogToConsole  0

Optimize a model with 5142 rows, 7197 columns and 18460 nonzeros (Min)
Model fingerprint: 0xed69b132
Model has 2031 linear objective coefficients and an objective constant of 2.0231230619052678e+07
Model has 973 quadratic objective terms
Coefficient statistics:
  Matrix range     [1e+00, 1e+04]
  Objective range  [4e-01, 1e+06]
  QObjective range [2e+04, 2e+04]
  Bounds range     [3e-11, 1e+04]
  RHS range        [3e-06, 1e+01]

Presolve removed 3691 rows and 4638 columns
Presolve time: 0.01s
Presolved: 1451 rows, 2559 columns, 8431 nonzeros
Presolved model has 454 quadratic objective terms
Ordering time: 0.00s

Barrier statistics:
 AA' NZ     : 1.769e+04
 Factor NZ  : 4.772e+04 (roughly 2 MB of memory)
 Factor Ops : 1.990e+06 (less than 1 second per iteration)
 Threads    : 1

                  Objective                Residual
Iter       Primal          Dual         Primal    Dual     Compl     Time
   0   3.92359365e+12 -3.03621098e+11  6.13e+03 4.09e+03  4.07e+06     0s
   1   1.14073603e+12 -7.96373937e+10  1.86e+03 1.24e+03  1.25e+06     0s
   2   1.49657411e+11 -5.94084829e+10  2.48e+02 1.66e+02  1.94e+05     0s
   3   7.42332089e+09 -4.06024914e+10  1.24e+01 8.26e+00  1.61e+04     0s
   4   1.65757294e+09 -2.09911365e+10  2.79e+00 1.86e+00  5.66e+03     0s
   5   4.96161148e+08 -8.70633358e+09  8.37e-01 5.59e-01  2.04e+03     0s
   6   3.37661648e+08 -6.36933081e+09  4.89e-01 3.27e-01  1.46e+03     0s
   7   1.73240108e+08 -2.62437768e+09  1.69e-01 1.13e-01  5.81e+02     0s
   8   9.75372111e+07 -1.05490745e+09  6.36e-02 4.25e-02  2.33e+02     0s
   9   4.99234524e+07 -4.22922597e+08  2.06e-02 1.38e-02  9.37e+01     0s
  10   2.51458857e+07 -1.31939223e+08  6.15e-03 4.11e-03  3.08e+01     0s
  11   1.75126659e+07 -5.60750845e+07  1.65e-03 1.10e-03  1.44e+01     0s
  12   8.58622592e+06  4.87962851e+06  2.51e-05 1.68e-05  7.22e-01     0s
  13   7.90807390e+06  7.18766657e+06  1.57e-06 1.05e-06  1.40e-01     0s
  14   7.76929577e+06  7.60574480e+06  1.71e-07 1.14e-07  3.18e-02     0s
  15   7.73417484e+06  7.71025661e+06  1.79e-08 1.19e-08  4.66e-03     0s
  16   7.72825833e+06  7.72711643e+06  3.80e-08 1.40e-10  2.22e-04     0s
  17   7.72797988e+06  7.72796226e+06  8.81e-08 3.02e-12  3.42e-06     0s
  18   7.72797435e+06  7.72797337e+06  1.27e-06 5.41e-12  4.91e-08     0s
  19   7.72797356e+06  7.72797353e+06  3.69e-08 4.08e-12  3.58e-09     0s

Barrier solved model in 19 iterations and 0.05 seconds (0.04 work units)
Optimal objective 7.72797356e+06


User-callback calls 68, time in user-callback 0.00 sec

Gurobi 13.0.2 (win64) logging started Wed Jul 15 14:31:21 2026

Set parameter LogFile to value "C:\Users\ehsanno\DataspellProjects\Spanish_Power_System\results\GoRES\ipopt_logs\2024-12-02_h19.log"

Gurobi 13.0.2 (win64) logging started Wed Jul 15 14:31:21 2026

Set parameter LogFile to value "C:\Users\ehsanno\DataspellProjects\Spanish_Power_System\results\GoRES\ipopt_logs\2024-12-02_h19.log"
Gurobi Optimizer version 13.0.2 build v13.0.2rc1 (win64 - Windows 11+.0 (26200.2))

CPU model: 11th Gen Intel(R) Core(TM) i5-1145G7 @ 2.60GHz, instruction set [SSE2|AVX|AVX2|AVX512]
Thread count: 4 physical cores, 8 logical processors, using up to 8 threads

Non-default parameters:
LogToConsole  0

Optimize a model with 5142 rows, 7197 columns and 18460 nonzeros (Min)
Model fingerprint: 0x6800d180
Model has 2031 linear objective coefficients and an objective constant of 20231276.92408
Model has 973 quadratic objective terms
Coefficient statistics:
  Matrix range     [1e+00, 1e+04]
  Objective range  [4e-01, 1e+06]
  QObjective range [2e+04, 2e+04]
  Bounds range     [3e-06, 1e+04]
  RHS range        [3e-06, 1e+01]

Presolve removed 3694 rows and 4643 columns
Presolve time: 0.02s
Presolved: 1448 rows, 2554 columns, 8433 nonzeros
Presolved model has 454 quadratic objective terms
Ordering time: 0.00s

Barrier statistics:
 AA' NZ     : 1.772e+04
 Factor NZ  : 4.873e+04 (roughly 2 MB of memory)
 Factor Ops : 2.110e+06 (less than 1 second per iteration)
 Threads    : 1

                  Objective                Residual
Iter       Primal          Dual         Primal    Dual     Compl     Time
   0   4.10362183e+12 -3.54015817e+11  6.37e+03 5.13e+03  5.10e+06     0s
   1   1.19015237e+12 -1.15580358e+11  1.93e+03 1.55e+03  1.57e+06     0s
   2   1.48144973e+11 -9.52839906e+10  2.44e+02 1.96e+02  2.34e+05     0s
   3   1.15541041e+10 -6.03167226e+10  1.92e+01 1.55e+01  2.68e+04     0s
   4   2.19209893e+09 -2.91689258e+10  3.78e+00 3.04e+00  8.29e+03     0s
   5   6.66702562e+08 -1.30441622e+10  1.23e+00 9.86e-01  3.18e+03     0s
   6   3.62365280e+08 -8.43016016e+09  5.72e-01 4.61e-01  1.97e+03     0s
   7   2.24325744e+08 -4.52888916e+09  2.61e-01 2.10e-01  1.02e+03     0s
   8   9.13884998e+07 -9.62012029e+08  4.52e-02 3.64e-02  2.13e+02     0s
   9   2.34505713e+07 -1.55271440e+08  5.04e-03 4.05e-03  3.51e+01     0s
  10   2.11991137e+07 -1.27732989e+08  1.06e-03 8.56e-04  2.91e+01     0s
  11   6.28971419e+06 -1.78947729e+07  1.61e-04 1.29e-04  4.72e+00     0s
  12   2.91805213e+06  1.29427269e+06  1.87e-06 1.51e-06  3.17e-01     0s
  13   2.60856787e+06  2.36780558e+06  1.08e-07 8.71e-08  4.70e-02     0s
  14   2.55105166e+06  2.49596370e+06  2.82e-08 1.32e-08  1.07e-02     0s
  15   2.53719835e+06  2.52740587e+06  2.74e-08 1.54e-09  1.91e-03     0s
  16   2.53446628e+06  2.53432278e+06  2.33e-08 1.20e-11  2.80e-05     0s
  17   2.53442667e+06  2.53442616e+06  3.37e-07 8.21e-12  1.35e-07     0s
  18   2.53443154e+06  2.53442652e+06  2.02e-05 3.43e-12  2.97e-09     0s
  19   2.53442745e+06  2.53442652e+06  5.64e-06 7.61e-12  5.75e-12     0s
  20   2.53442653e+06  2.53442652e+06  3.95e-07 3.68e-12  5.75e-15     0s
  21   2.53442652e+06  2.53442652e+06  3.54e-09 7.28e-12  5.75e-18     0s

Barrier solved model in 21 iterations and 0.06 seconds (0.04 work units)
Optimal objective 2.53442652e+06


User-callback calls 77, time in user-callback 0.00 sec

Gurobi 13.0.2 (win64) logging started Wed Jul 15 17:24:53 2026

Set parameter LogFile to value "C:\Users\ehsanno\DataspellProjects\Spanish_Power_System\results\GoRES\ipopt_logs\2024-12-02_h19.log"

Gurobi 13.0.2 (win64) logging started Wed Jul 15 17:24:53 2026

Set parameter LogFile to value "C:\Users\ehsanno\DataspellProjects\Spanish_Power_System\results\GoRES\ipopt_logs\2024-12-02_h19.log"
Gurobi Optimizer version 13.0.2 build v13.0.2rc1 (win64 - Windows 11+.0 (26200.2))

CPU model: 11th Gen Intel(R) Core(TM) i5-1145G7 @ 2.60GHz, instruction set [SSE2|AVX|AVX2|AVX512]
Thread count: 4 physical cores, 8 logical processors, using up to 8 threads

Non-default parameters:
LogToConsole  0

Optimize a model with 5146 rows, 7443 columns and 18718 nonzeros (Min)
Model fingerprint: 0x3766f9ea
Model has 2199 linear objective coefficients and an objective constant of 1.9098354721042059e+07
Model has 972 quadratic objective terms
Coefficient statistics:
  Matrix range     [1e+00, 1e+04]
  Objective range  [4e-01, 1e+06]
  QObjective range [2e+04, 2e+04]
  Bounds range     [2e-12, 1e+04]
  RHS range        [3e-06, 1e+01]

Presolve removed 3671 rows and 4723 columns
Presolve time: 0.03s
Presolved: 1475 rows, 2720 columns, 8685 nonzeros
Presolved model has 454 quadratic objective terms
Ordering time: 0.00s

Barrier statistics:
 AA' NZ     : 1.793e+04
 Factor NZ  : 5.084e+04 (roughly 2 MB of memory)
 Factor Ops : 2.334e+06 (less than 1 second per iteration)
 Threads    : 1

                  Objective                Residual
Iter       Primal          Dual         Primal    Dual     Compl     Time
   0   4.42157850e+12 -1.21939901e+12  8.12e+03 3.80e+04  3.78e+07     0s
   1   9.15813237e+11 -7.03887847e+11  1.76e+03 8.23e+03  8.46e+06     0s
   2   6.65042027e+10 -6.93618512e+11  1.29e+02 6.05e+02  7.96e+05     0s
   3   1.16278475e+10 -3.86962400e+11  2.28e+01 1.07e+02  1.72e+05     0s
   4   2.02849401e+09 -1.97225481e+11  4.06e+00 1.90e+01  5.17e+04     0s
   5   1.21937541e+09 -1.37404987e+11  2.39e+00 1.12e+01  3.40e+04     0s
   6   9.50281185e+08 -1.07565176e+11  1.83e+00 8.53e+00  2.62e+04     0s
   7   8.51971637e+08 -9.42529456e+10  1.61e+00 7.52e+00  2.31e+04     0s
   8   8.07516432e+08 -8.63921452e+10  1.50e+00 7.02e+00  2.16e+04     0s
   9   7.73812045e+08 -7.94270976e+10  1.42e+00 6.61e+00  2.03e+04     0s
  10   7.57192408e+08 -7.47376914e+10  1.37e+00 6.41e+00  1.97e+04     0s
  11   7.29530158e+08 -6.15788141e+10  1.28e+00 6.00e+00  1.84e+04     0s
  12   7.13000328e+08 -3.82981058e+10  1.23e+00 5.74e+00  1.77e+04     0s
  13   7.06139153e+08 -1.21872001e+10  1.21e+00 5.65e+00  1.73e+04     0s
  14   7.05161403e+08  3.67276403e+10  1.20e+00 5.60e+00  1.72e+04     0s
  15   7.06130716e+08  2.83500801e+11  1.19e+00 5.56e+00  1.69e+04     0s
  16   7.11947713e+08  7.70104962e+11  1.19e+00 5.39e+00  1.70e+04     0s
  17   6.46419347e+13 -2.37077698e+13  8.13e+04 3.80e+04  3.77e+08     0s
  18   1.27445356e+13 -2.65127280e+12  2.16e+04 1.01e+04  1.46e+08     0s
  19   3.17359086e+11 -1.11015882e+12  6.12e+02 2.86e+02  4.77e+06     0s
  20   3.83459787e+10 -8.42707058e+11  7.44e+01 3.48e+01  6.80e+05     0s
  21   9.21210370e+09 -5.23631540e+11  1.80e+01 8.40e+00  2.16e+05     0s
  22   2.49363764e+09 -2.26814847e+11  4.79e+00 2.24e+00  6.66e+04     0s
  23   1.43332751e+09 -1.54125293e+11  2.65e+00 1.24e+00  4.11e+04     0s
  24   1.17627174e+09 -1.32653583e+11  2.10e+00 9.80e-01  3.47e+04     0s
  25   9.22320376e+08 -1.01080199e+11  1.56e+00 7.29e-01  2.61e+04     0s
  26   8.28245969e+08 -8.07683971e+10  1.34e+00 6.28e-01  2.25e+04     0s
  27   7.96675369e+08 -6.92736882e+10  1.26e+00 5.91e-01  2.11e+04     0s
  28   7.82245244e+08 -5.74666283e+10  1.23e+00 5.75e-01  2.05e+04     0s
  29   7.72643699e+08 -4.05214772e+09  1.21e+00 5.64e-01  2.02e+04     0s
  30   7.69237897e+08  4.47963074e+10  1.20e+00 5.60e-01  2.00e+04     0s
  31   7.68512213e+08  2.97278733e+11  1.19e+00 5.56e-01  1.97e+04     0s
  32   7.73478587e+08  1.20730859e+12  1.19e+00 4.80e-01  1.99e+04     0s
  33   7.75075066e+08  2.32152043e+12  1.19e+00 4.80e-01  2.02e+04     0s
  34   7.77628944e+08  7.32546139e+12  1.19e+00 4.79e-01  2.11e+04     0s
  35   7.85571617e+08  1.71487410e+13  1.19e+00 4.79e-01  2.29e+04     0s
  36   8.06395603e+08  4.07861230e+13  1.19e+00 4.79e-01  2.72e+04     0s
  37   8.13512140e+08  9.38218073e+13  1.19e+00 4.79e-01  3.60e+04     0s
  38   8.17737813e+08  2.39446853e+14  1.19e+00 4.79e-01  5.71e+04     0s
  39   8.18598308e+08  5.06580490e+14  1.19e+00 4.79e-01  9.31e+04     0s
  40   8.17941793e+08  8.11440317e+14  1.19e+00 4.79e-01  1.33e+05     0s
  41   8.17754794e+08  1.74565303e+15  1.19e+00 4.79e-01  2.45e+05     0s
  42   8.15191747e+08  4.03424127e+15  1.19e+00 4.79e-01  4.97e+05     0s
  43   6.46419347e+13 -2.37077698e+13  8.13e+04 3.80e+04  3.77e+08     0s
  44   1.03279551e+13 -1.56677047e+12  1.93e+04 9.02e+03  2.53e+07     0s
  45   9.64442800e+11 -6.13280881e+10  2.31e+03 1.08e+03  5.30e+05     0s
  46   8.14015724e+10 -5.37000787e+09  2.09e+02 9.76e+01  8.47e+03     0s
  47   1.44022040e+10 -1.42261864e+09  3.85e+01 1.80e+01  6.70e+02     0s
  48   6.78984796e+09 -9.79415689e+08  1.89e+01 8.85e+00  2.67e+02     0s
  49   3.34252160e+09 -7.64513002e+08  1.00e+01 4.67e+00  1.24e+02     0s
  50   1.74742634e+09 -6.55417742e+08  5.85e+00 2.73e+00  7.11e+01     0s
  51   1.33109100e+09 -6.18974521e+08  4.75e+00 2.22e+00  6.20e+01     0s
  52   1.16813037e+09 -6.01474381e+08  4.31e+00 2.01e+00  5.82e+01     0s
  53   1.12304523e+09 -5.97056175e+08  4.19e+00 1.96e+00  5.68e+01     0s
  54   1.09026276e+09 -5.93762083e+08  4.10e+00 1.92e+00  5.58e+01     0s
  55   8.55623533e+08 -5.64834212e+08  3.47e+00 1.62e+00  5.29e+01     0s
  56   7.69098611e+08 -5.39349190e+08  3.22e+00 1.50e+00  6.09e+01     0s
  57   6.48035954e+08 -5.20600618e+08  2.88e+00 1.34e+00  5.50e+01     0s
  58   5.80130311e+08 -5.07575816e+08  2.68e+00 1.25e+00  5.28e+01     0s
  59   5.58958414e+08 -5.00012695e+08  2.61e+00 1.22e+00  5.42e+01     0s
  60   4.87597487e+08 -4.87638253e+08  2.41e+00 1.12e+00  5.06e+01     0s
  61   4.54573817e+08 -4.78989662e+08  2.31e+00 1.08e+00  5.07e+01     0s
  62   4.26261311e+08 -4.72558913e+08  2.22e+00 1.04e+00  4.98e+01     0s
  63   3.83900089e+08 -4.54639681e+08  2.08e+00 9.74e-01  5.33e+01     0s
  64   3.60400390e+08 -4.43470370e+08  2.01e+00 9.37e-01  5.60e+01     0s
  65   3.47024110e+08 -4.38753488e+08  1.96e+00 9.17e-01  5.59e+01     0s
  66   3.16131710e+08 -4.24552506e+08  1.86e+00 8.68e-01  5.87e+01     0s
  67   3.01011606e+08 -4.16768919e+08  1.81e+00 8.44e-01  5.98e+01     0s
  68   2.90067720e+08 -4.10210831e+08  1.77e+00 8.26e-01  6.10e+01     0s
  69   2.85573241e+08 -3.80979897e+08  1.71e+00 8.00e-01  7.90e+01     0s
  70   2.77185054e+08 -3.47796596e+08  1.63e+00 7.62e-01  9.38e+01     0s
  71   2.73809542e+08 -3.24900415e+08  1.57e+00 7.36e-01  1.02e+02     0s
  72   2.69862490e+08 -3.03092962e+08  1.52e+00 7.10e-01  1.08e+02     0s
  73   2.75088967e+08 -2.71997765e+08  1.47e+00 6.87e-01  1.22e+02     0s
  74   2.79393311e+08 -2.33788292e+08  1.40e+00 6.55e-01  1.35e+02     0s
  75   2.87091225e+08 -2.08252591e+08  1.37e+00 6.39e-01  1.46e+02     0s
  76   2.96918233e+08 -1.84055272e+08  1.34e+00 6.27e-01  1.58e+02     0s
  77   3.09581325e+08 -1.57895765e+08  1.32e+00 6.17e-01  1.73e+02     0s
  78   3.19751208e+08 -1.39164743e+08  1.31e+00 6.10e-01  1.85e+02     0s
  79   3.29110826e+08 -1.22533130e+08  1.29e+00 6.05e-01  1.96e+02     0s
  80   3.60100697e+08 -7.44297610e+07  1.27e+00 5.94e-01  2.37e+02     0s
  81   4.12725806e+08 -4.41556595e+06  1.26e+00 5.88e-01  3.27e+02     0s
  82   6.32281573e+08  2.67448319e+08  1.25e+00 5.86e-01  9.08e+02     0s
  83   7.82331730e+08  4.55263425e+08  1.25e+00 5.82e-01  2.64e+03     0s
  84   8.13981498e+08  5.22392598e+08  1.22e+00 5.72e-01  1.01e+04     0s
  85   7.75444061e+08  1.12503156e+09  1.22e+00 5.71e-01  3.68e+05     0s
  86*  7.75450306e+08  3.79693792e+11  2.01e-03 6.84e-04  4.55e+00     0s
  87*  7.75450305e+08  3.68267192e+14  2.01e-06 4.09e-04  4.55e-03     0s
  88*  7.75450305e+08  3.68612202e+17  2.01e-09 5.35e-04  4.56e-06     0s
  89*  7.75450305e+08  3.68980378e+20  2.01e-12 3.54e-04  4.56e-09     0s

Barrier performed 89 iterations in 0.30 seconds (0.16 work units)
Infeasible model


User-callback calls 165, time in user-callback 0.00 sec

Gurobi 13.0.2 (win64) logging started Wed Jul 15 17:28:01 2026

Set parameter LogFile to value "C:\Users\ehsanno\DataspellProjects\Spanish_Power_System\results\GoRES\ipopt_logs\2024-12-02_h19.log"

Gurobi 13.0.2 (win64) logging started Wed Jul 15 17:28:01 2026

Set parameter LogFile to value "C:\Users\ehsanno\DataspellProjects\Spanish_Power_System\results\GoRES\ipopt_logs\2024-12-02_h19.log"
Gurobi Optimizer version 13.0.2 build v13.0.2rc1 (win64 - Windows 11+.0 (26200.2))

CPU model: 11th Gen Intel(R) Core(TM) i5-1145G7 @ 2.60GHz, instruction set [SSE2|AVX|AVX2|AVX512]
Thread count: 4 physical cores, 8 logical processors, using up to 8 threads

Non-default parameters:
LogToConsole  0

Optimize a model with 5146 rows, 7443 columns and 18718 nonzeros (Min)
Model fingerprint: 0xc4e1a541
Model has 2199 linear objective coefficients and an objective constant of 19098359.16864
Model has 972 quadratic objective terms
Coefficient statistics:
  Matrix range     [1e+00, 1e+04]
  Objective range  [4e-01, 1e+06]
  QObjective range [2e+04, 2e+04]
  Bounds range     [3e-06, 1e+04]
  RHS range        [3e-06, 1e+01]

Presolve removed 3672 rows and 4725 columns
Presolve time: 0.02s
Presolved: 1474 rows, 2718 columns, 8689 nonzeros
Presolved model has 454 quadratic objective terms
Ordering time: 0.00s

Barrier statistics:
 AA' NZ     : 1.796e+04
 Factor NZ  : 4.901e+04 (roughly 2 MB of memory)
 Factor Ops : 2.122e+06 (less than 1 second per iteration)
 Threads    : 1

                  Objective                Residual
Iter       Primal          Dual         Primal    Dual     Compl     Time
   0   5.16779837e+12 -1.39748771e+12  7.31e+03 3.77e+04  3.76e+07     0s
   1   1.11821302e+12 -8.07999922e+11  1.65e+03 8.48e+03  8.73e+06     0s
   2   9.45370044e+10 -7.47619632e+11  1.41e+02 7.24e+02  9.12e+05     0s
   3   1.49984352e+10 -4.23618332e+11  2.26e+01 1.16e+02  1.87e+05     0s
   4   2.31863382e+09 -2.08539691e+11  3.63e+00 1.87e+01  5.38e+04     0s
   5   5.78770602e+08 -7.58784612e+10  8.94e-01 4.61e+00  1.69e+04     0s
   6   4.16273241e+08 -5.35900975e+10  4.91e-01 2.53e+00  1.16e+04     0s
   7   3.40205255e+08 -3.93518906e+10  3.22e-01 1.66e+00  8.35e+03     0s
   8   2.91078397e+08 -2.94277479e+10  2.04e-01 1.05e+00  6.13e+03     0s
   9   2.42708249e+08 -1.94767623e+10  1.18e-01 6.09e-01  3.98e+03     0s
  10   2.20361934e+08 -1.57928287e+10  6.13e-02 3.16e-01  3.16e+03     0s
  11   1.74222558e+08 -4.55705938e+09  1.54e-02 7.94e-02  8.96e+02     0s
  12   1.25177866e+08 -1.48599054e+09  4.20e-03 2.16e-02  2.99e+02     0s
  13   7.34374124e+07 -4.95337817e+08  5.06e-04 2.61e-03  1.04e+02     0s
  14   5.26220536e+07 -1.50163762e+08  1.23e-04 6.33e-04  3.72e+01     0s
  15   4.98981952e+07 -1.29853311e+08  9.96e-05 5.13e-04  3.30e+01     0s
  16   4.21015143e+07 -6.10278345e+07  5.56e-05 2.87e-04  1.89e+01     0s
  17   4.17956742e+07 -5.96776968e+07  5.41e-05 2.79e-04  1.86e+01     0s
  18   4.12152259e+07 -5.66190604e+07  4.38e-05 2.26e-04  1.79e+01     0s
  19   2.97277256e+07  1.66818697e+07  7.52e-11 2.26e-10  2.39e+00     0s
  20   2.74197641e+07  2.63974722e+07  2.05e-10 1.11e-10  1.87e-01     0s
  21   2.71988423e+07  2.71116809e+07  2.18e-09 3.45e-11  1.60e-02     0s
  22   2.71820218e+07  2.71700622e+07  5.38e-09 3.47e-11  2.19e-03     0s
  23   2.71793864e+07  2.71791054e+07  6.05e-09 1.09e-11  5.15e-05     0s
  24   2.71793221e+07  2.71793186e+07  6.76e-08 3.85e-11  5.84e-07     0s
  25   2.71793242e+07  2.71793211e+07  9.93e-07 6.14e-11  7.79e-09     0s
  26   2.71793216e+07  2.71793211e+07  1.23e-07 5.82e-11  2.43e-11     0s

Barrier solved model in 26 iterations and 0.11 seconds (0.05 work units)
Optimal objective 2.71793216e+07


User-callback calls 76, time in user-callback 0.00 sec

Gurobi 13.0.2 (win64) logging started Wed Jul 15 17:30:21 2026

Set parameter LogFile to value "C:\Users\ehsanno\DataspellProjects\Spanish_Power_System\results\GoRES\ipopt_logs\2024-12-02_h19.log"

Gurobi 13.0.2 (win64) logging started Wed Jul 15 17:30:21 2026

Set parameter LogFile to value "C:\Users\ehsanno\DataspellProjects\Spanish_Power_System\results\GoRES\ipopt_logs\2024-12-02_h19.log"
Gurobi Optimizer version 13.0.2 build v13.0.2rc1 (win64 - Windows 11+.0 (26200.2))

CPU model: 11th Gen Intel(R) Core(TM) i5-1145G7 @ 2.60GHz, instruction set [SSE2|AVX|AVX2|AVX512]
Thread count: 4 physical cores, 8 logical processors, using up to 8 threads

Non-default parameters:
LogToConsole  0

Optimize a model with 5146 rows, 7443 columns and 18718 nonzeros (Min)
Model fingerprint: 0x81ffddb7
Model has 2199 linear objective coefficients and an objective constant of 19098359.16864
Model has 972 quadratic objective terms
Coefficient statistics:
  Matrix range     [1e+00, 1e+04]
  Objective range  [4e-01, 1e+06]
  QObjective range [2e+04, 2e+04]
  Bounds range     [3e-06, 1e+04]
  RHS range        [3e-06, 1e+01]

Presolve removed 3681 rows and 4735 columns
Presolve time: 0.02s
Presolved: 1465 rows, 2708 columns, 8688 nonzeros
Presolved model has 454 quadratic objective terms
Ordering time: 0.00s

Barrier statistics:
 AA' NZ     : 1.785e+04
 Factor NZ  : 4.968e+04 (roughly 2 MB of memory)
 Factor Ops : 2.220e+06 (less than 1 second per iteration)
 Threads    : 1

                  Objective                Residual
Iter       Primal          Dual         Primal    Dual     Compl     Time
   0   5.21980204e+12 -1.77510432e+12  7.69e+03 3.77e+04  3.76e+07     0s
   1   1.12970208e+12 -1.07395721e+12  1.73e+03 8.48e+03  8.75e+06     0s
   2   8.13323823e+10 -9.36322354e+11  1.26e+02 6.19e+02  8.14e+05     0s
   3   1.88246687e+10 -5.38546984e+11  2.96e+01 1.45e+02  2.31e+05     0s
   4   3.00780279e+09 -2.93752111e+11  4.93e+00 2.41e+01  7.90e+04     0s
   5   9.56509358e+08 -1.35835204e+11  1.64e+00 8.03e+00  3.22e+04     0s
   6   5.28622145e+08 -8.15951598e+10  6.79e-01 3.33e+00  1.81e+04     0s
   7   3.13597309e+08 -3.46715300e+10  2.53e-01 1.24e+00  7.27e+03     0s
   8   1.84754956e+08 -1.18805808e+10  3.02e-02 1.48e-01  2.30e+03     0s
   9   1.35499718e+08 -1.79892335e+09  3.52e-03 1.72e-02  3.59e+02     0s
  10   4.61066107e+07 -5.85905843e+08  9.29e-05 4.55e-04  1.16e+02     0s
  11   9.31154234e+06 -3.16578130e+07  4.37e-06 2.14e-05  7.54e+00     0s
  12   2.20968519e+06 -6.17164127e+06  3.34e-07 1.64e-06  1.54e+00     0s
  13   8.60974882e+05 -1.53999135e+05  2.78e-08 1.36e-07  1.87e-01     0s
  14   7.57172745e+05  1.42477604e+05  1.19e-08 5.83e-08  1.13e-01     0s
  15   6.31488240e+05  5.72326405e+05  1.03e-09 2.27e-09  1.09e-02     0s
  16   6.14235956e+05  6.09256663e+05  3.33e-09 4.54e-11  9.16e-04     0s
  17   6.12951215e+05  6.12637095e+05  1.58e-07 1.24e-11  5.78e-05     0s
  18   6.12854970e+05  6.12835320e+05  9.68e-07 7.24e-12  3.62e-06     0s
  19   6.12847282e+05  6.12844811e+05  3.45e-08 1.94e-11  4.54e-07     0s
  20   6.12846248e+05  6.12845905e+05  6.24e-10 1.59e-11  6.30e-08     0s
  21   6.12846099e+05  6.12846048e+05  5.13e-08 7.94e-12  8.72e-09     0s

Barrier solved model in 21 iterations and 0.09 seconds (0.05 work units)
Optimal objective 6.12846099e+05


User-callback calls 73, time in user-callback 0.00 sec

Gurobi 13.0.2 (win64) logging started Wed Jul 15 18:00:50 2026

Set parameter LogFile to value "C:\Users\ehsanno\DataspellProjects\Spanish_Power_System\results\GoRES\ipopt_logs\2024-12-02_h19.log"

Gurobi 13.0.2 (win64) logging started Wed Jul 15 18:00:50 2026

Set parameter LogFile to value "C:\Users\ehsanno\DataspellProjects\Spanish_Power_System\results\GoRES\ipopt_logs\2024-12-02_h19.log"
Gurobi Optimizer version 13.0.2 build v13.0.2rc1 (win64 - Windows 11+.0 (26200.2))

CPU model: 11th Gen Intel(R) Core(TM) i5-1145G7 @ 2.60GHz, instruction set [SSE2|AVX|AVX2|AVX512]
Thread count: 4 physical cores, 8 logical processors, using up to 8 threads

Non-default parameters:
LogToConsole  0

Optimize a model with 5146 rows, 7443 columns and 18718 nonzeros (Min)
Model fingerprint: 0x2f3e2731
Model has 2199 linear objective coefficients and an objective constant of 19098359.16864
Model has 972 quadratic objective terms
Coefficient statistics:
  Matrix range     [1e+00, 1e+04]
  Objective range  [4e-01, 1e+06]
  QObjective range [2e+04, 2e+04]
  Bounds range     [3e-06, 1e+04]
  RHS range        [3e-06, 1e+01]

Presolve removed 3678 rows and 4732 columns
Presolve time: 0.04s
Presolved: 1468 rows, 2711 columns, 8689 nonzeros
Presolved model has 454 quadratic objective terms
Ordering time: 0.00s

Barrier statistics:
 AA' NZ     : 1.784e+04
 Factor NZ  : 4.913e+04 (roughly 2 MB of memory)
 Factor Ops : 2.134e+06 (less than 1 second per iteration)
 Threads    : 1

                  Objective                Residual
Iter       Primal          Dual         Primal    Dual     Compl     Time
   0   6.11270054e+12 -2.08427303e+12  7.44e+03 3.76e+04  3.76e+07     0s
   1   1.33057330e+12 -1.29072162e+12  1.68e+03 8.47e+03  8.78e+06     0s
   2   1.30469340e+11 -1.11596409e+12  1.66e+02 8.39e+02  1.09e+06     0s
   3   2.14690694e+10 -5.76219341e+11  2.78e+01 1.40e+02  2.34e+05     0s
   4   2.97939435e+09 -2.37295665e+11  4.17e+00 2.11e+01  5.95e+04     0s
   5   9.93417559e+08 -1.06169335e+11  1.48e+00 7.47e+00  2.43e+04     0s
   6   7.85726994e+08 -9.05706230e+10  8.63e-01 4.36e+00  2.05e+04     0s
   7   5.50406765e+08 -5.86822366e+10  5.25e-01 2.65e+00  1.29e+04     0s
   8   2.25911772e+08 -2.31306487e+10  8.52e-02 4.30e-01  4.61e+03     0s
   9   1.63061563e+08 -3.29292955e+09  1.03e-02 5.19e-02  6.50e+02     0s
  10   9.32068420e+07 -9.59865250e+08  1.49e-03 7.54e-03  1.95e+02     0s
  11   1.52742149e+07 -5.65284925e+07  1.31e-06 6.62e-06  1.32e+01     0s
  12   1.79803495e+06 -5.69958370e+06  2.05e-08 1.04e-07  1.38e+00     0s
  13   9.04453054e+05 -5.90913835e+05  1.41e-08 1.55e-08  2.75e-01     0s
  14   7.12024312e+05  2.49008521e+05  4.35e-09 2.79e-09  8.51e-02     0s
  15   6.31891612e+05  5.51877404e+05  4.26e-09 4.66e-11  1.47e-02     0s
  16   6.14075662e+05  6.09587776e+05  5.11e-09 7.93e-12  8.25e-04     0s
  17   6.12938657e+05  6.12634899e+05  6.48e-11 1.96e-11  5.58e-05     0s
  18   6.12853088e+05  6.12836839e+05  5.79e-11 1.96e-11  2.99e-06     0s
  19   6.12846973e+05  6.12845154e+05  1.79e-10 9.65e-12  3.34e-07     0s
  20   6.12846204e+05  6.12845948e+05  2.44e-09 1.26e-11  4.69e-08     0s
  21   6.12846089e+05  6.12846054e+05  4.94e-09 6.18e-12  6.45e-09     0s

Barrier solved model in 21 iterations and 0.15 seconds (0.05 work units)
Optimal objective 6.12846089e+05


User-callback calls 73, time in user-callback 0.00 sec

Gurobi 13.0.2 (win64) logging started Thu Jul 16 15:27:30 2026

Set parameter LogFile to value "C:\Users\ehsanno\DataspellProjects\Spanish_Power_System\results\GoRES\ipopt_logs\2024-12-02_h19.log"

Gurobi 13.0.2 (win64) logging started Thu Jul 16 15:27:30 2026

Set parameter LogFile to value "C:\Users\ehsanno\DataspellProjects\Spanish_Power_System\results\GoRES\ipopt_logs\2024-12-02_h19.log"
Gurobi Optimizer version 13.0.2 build v13.0.2rc1 (win64 - Windows 11+.0 (26200.2))

CPU model: 11th Gen Intel(R) Core(TM) i5-1145G7 @ 2.60GHz, instruction set [SSE2|AVX|AVX2|AVX512]
Thread count: 4 physical cores, 8 logical processors, using up to 8 threads

Non-default parameters:
LogToConsole  0

Optimize a model with 5146 rows, 7443 columns and 18718 nonzeros (Min)
Model fingerprint: 0x2f3e2731
Model has 2199 linear objective coefficients and an objective constant of 19098359.16864
Model has 972 quadratic objective terms
Coefficient statistics:
  Matrix range     [1e+00, 1e+04]
  Objective range  [4e-01, 1e+06]
  QObjective range [2e+04, 2e+04]
  Bounds range     [3e-06, 1e+04]
  RHS range        [3e-06, 1e+01]

Presolve removed 3678 rows and 4732 columns
Presolve time: 0.02s
Presolved: 1468 rows, 2711 columns, 8689 nonzeros
Presolved model has 454 quadratic objective terms
Ordering time: 0.00s

Barrier statistics:
 AA' NZ     : 1.784e+04
 Factor NZ  : 4.913e+04 (roughly 2 MB of memory)
 Factor Ops : 2.134e+06 (less than 1 second per iteration)
 Threads    : 1

                  Objective                Residual
Iter       Primal          Dual         Primal    Dual     Compl     Time
   0   6.11270054e+12 -2.08427303e+12  7.44e+03 3.76e+04  3.76e+07     0s
   1   1.33057330e+12 -1.29072162e+12  1.68e+03 8.47e+03  8.78e+06     0s
   2   1.30469340e+11 -1.11596409e+12  1.66e+02 8.39e+02  1.09e+06     0s
   3   2.14690694e+10 -5.76219341e+11  2.78e+01 1.40e+02  2.34e+05     0s
   4   2.97939435e+09 -2.37295665e+11  4.17e+00 2.11e+01  5.95e+04     0s
   5   9.93417559e+08 -1.06169335e+11  1.48e+00 7.47e+00  2.43e+04     0s
   6   7.85726994e+08 -9.05706230e+10  8.63e-01 4.36e+00  2.05e+04     0s
   7   5.50406765e+08 -5.86822366e+10  5.25e-01 2.65e+00  1.29e+04     0s
   8   2.25911772e+08 -2.31306487e+10  8.52e-02 4.30e-01  4.61e+03     0s
   9   1.63061563e+08 -3.29292955e+09  1.03e-02 5.19e-02  6.50e+02     0s
  10   9.32068420e+07 -9.59865250e+08  1.49e-03 7.54e-03  1.95e+02     0s
  11   1.52742149e+07 -5.65284925e+07  1.31e-06 6.62e-06  1.32e+01     0s
  12   1.79803495e+06 -5.69958370e+06  2.05e-08 1.04e-07  1.38e+00     0s
  13   9.04453054e+05 -5.90913835e+05  1.41e-08 1.55e-08  2.75e-01     0s
  14   7.12024312e+05  2.49008521e+05  4.35e-09 2.79e-09  8.51e-02     0s
  15   6.31891612e+05  5.51877404e+05  4.26e-09 4.66e-11  1.47e-02     0s
  16   6.14075662e+05  6.09587776e+05  5.11e-09 7.93e-12  8.25e-04     0s
  17   6.12938657e+05  6.12634899e+05  6.48e-11 1.96e-11  5.58e-05     0s
  18   6.12853088e+05  6.12836839e+05  5.79e-11 1.96e-11  2.99e-06     0s
  19   6.12846973e+05  6.12845154e+05  1.79e-10 9.65e-12  3.34e-07     0s
  20   6.12846204e+05  6.12845948e+05  2.44e-09 1.26e-11  4.69e-08     0s
  21   6.12846089e+05  6.12846054e+05  4.94e-09 6.18e-12  6.45e-09     0s

Barrier solved model in 21 iterations and 0.06 seconds (0.05 work units)
Optimal objective 6.12846089e+05


User-callback calls 76, time in user-callback 0.00 sec

Gurobi 13.0.2 (win64) logging started Thu Jul 16 16:08:08 2026

Set parameter LogFile to value "C:\Users\ehsanno\DataspellProjects\Spanish_Power_System\results\GoRES\ipopt_logs\2024-12-02_h19.log"

Gurobi 13.0.2 (win64) logging started Thu Jul 16 16:08:08 2026

Set parameter LogFile to value "C:\Users\ehsanno\DataspellProjects\Spanish_Power_System\results\GoRES\ipopt_logs\2024-12-02_h19.log"
Gurobi Optimizer version 13.0.2 build v13.0.2rc1 (win64 - Windows 11+.0 (26200.2))

CPU model: 11th Gen Intel(R) Core(TM) i5-1145G7 @ 2.60GHz, instruction set [SSE2|AVX|AVX2|AVX512]
Thread count: 4 physical cores, 8 logical processors, using up to 8 threads

Non-default parameters:
LogToConsole  0

Optimize a model with 5146 rows, 7859 columns and 19134 nonzeros (Min)
Model fingerprint: 0xc7b975b8
Model has 2554 linear objective coefficients and an objective constant of 1.9573417786585551e+07
Model has 1482 quadratic objective terms
Coefficient statistics:
  Matrix range     [1e+00, 1e+04]
  Objective range  [7e-07, 1e+06]
  QObjective range [2e+04, 2e+04]
  Bounds range     [3e-06, 1e+04]
  RHS range        [3e-06, 1e+01]

Presolve removed 3647 rows and 4606 columns
Presolve time: 0.02s
Presolved: 1499 rows, 3253 columns, 9331 nonzeros
Presolved model has 964 quadratic objective terms
Ordering time: 0.00s

Barrier statistics:
 AA' NZ     : 1.778e+04
 Factor NZ  : 4.946e+04 (roughly 2 MB of memory)
 Factor Ops : 2.160e+06 (less than 1 second per iteration)
 Threads    : 1

                  Objective                Residual
Iter       Primal          Dual         Primal    Dual     Compl     Time
   0   6.33998674e+12 -5.88491368e+12  8.00e+03 3.85e+07  3.91e+10     0s
   1   1.52935067e+12 -4.37103892e+12  1.94e+03 9.34e+06  9.99e+09     0s
   2   1.67907006e+11 -2.67243801e+12  2.14e+02 1.03e+06  1.43e+09     0s
   3   2.50937920e+10 -1.00602712e+12  3.24e+01 1.56e+05  2.80e+08     0s
   4   3.42259459e+09 -3.54458818e+11  4.68e+00 2.25e+04  6.94e+07     0s
   5   9.71651339e+08 -1.33034265e+11  1.41e+00 6.77e+03  2.41e+07     0s
   6   6.70197500e+08 -9.46378851e+10  7.97e-01 3.84e+03  1.70e+07     0s
   7   3.37410659e+08 -3.44900262e+10  2.31e-01 1.11e+03  5.96e+06     0s
   8   1.79703372e+08 -4.01277729e+09  2.21e-02 1.07e+02  6.83e+05     0s
   9   9.29716546e+07 -9.74954639e+08  2.74e-03 1.32e+01  1.69e+05     0s
  10   3.99721697e+07 -2.65608301e+08  7.46e-04 3.59e+00  4.79e+04     0s
  11   4.16593251e+06 -1.84838128e+07  2.04e-05 9.82e-02  3.54e+03     0s
  12   1.02059453e+06 -1.06683961e+06  2.89e-07 1.39e-03  3.26e+02     0s
  13   7.33513754e+05  1.53260322e+05  5.97e-08 2.88e-04  9.07e+01     0s
  14   6.80116242e+05  3.29431957e+05  2.56e-08 1.23e-04  5.48e+01     0s
  15   6.40640523e+05  4.54739801e+05  2.48e-08 1.95e-05  2.91e+01     0s
  16   6.10244060e+05  5.81608350e+05  3.49e-08 2.68e-06  4.48e+00     0s
  17   6.03275987e+05  6.01973847e+05  9.37e-08 4.14e-08  2.04e-01     0s
  18   6.02774362e+05  6.02693030e+05  1.73e-08 1.63e-08  1.27e-02     0s
  19   6.02754120e+05  6.02748996e+05  1.39e-09 1.82e-08  8.01e-04     0s
  20   6.02752892e+05  6.02752870e+05  4.02e-09 1.72e-08  3.43e-06     0s
  21   6.02752948e+05  6.02752877e+05  4.63e-07 2.78e-08  1.89e-06     0s
  22   6.02752961e+05  6.02752879e+05  4.06e-07 2.49e-08  1.67e-06     0s
  23   6.02752957e+05  6.02752881e+05  2.87e-07 1.06e-08  1.10e-06     0s
  24   6.02752962e+05  6.02752883e+05  5.25e-07 3.00e-09  7.82e-07     0s
  25   6.02752977e+05  6.02752887e+05  7.01e-07 3.86e-08  7.92e-10     0s
  26   6.02752977e+05  6.02752887e+05  7.16e-07 1.52e-08  7.93e-13     0s
  27   6.02752977e+05  6.02752887e+05  4.71e-07 3.74e-09  2.58e-13     0s
  28   6.02752977e+05  6.02752887e+05  4.09e-07 1.49e-08  2.58e-16     0s
  29   6.02752977e+05  6.02752887e+05  3.08e-07 7.45e-09  2.58e-19     0s
  30   6.02752978e+05  6.02752887e+05  3.97e-07 1.49e-08  2.59e-22     0s
  31   6.02752978e+05  6.02752887e+05  3.03e-07 1.49e-08  1.23e-24     0s

Barrier solved model in 31 iterations and 0.10 seconds (0.07 work units)
Optimal objective 6.02752892e+05


User-callback calls 94, time in user-callback 0.00 sec

Gurobi 13.0.2 (win64) logging started Thu Jul 16 16:15:25 2026

Set parameter LogFile to value "C:\Users\ehsanno\DataspellProjects\Spanish_Power_System\results\GoRES\ipopt_logs\2024-12-02_h19.log"

Gurobi 13.0.2 (win64) logging started Thu Jul 16 16:15:25 2026

Set parameter LogFile to value "C:\Users\ehsanno\DataspellProjects\Spanish_Power_System\results\GoRES\ipopt_logs\2024-12-02_h19.log"
Gurobi Optimizer version 13.0.2 build v13.0.2rc1 (win64 - Windows 11+.0 (26200.2))

CPU model: 11th Gen Intel(R) Core(TM) i5-1145G7 @ 2.60GHz, instruction set [SSE2|AVX|AVX2|AVX512]
Thread count: 4 physical cores, 8 logical processors, using up to 8 threads

Non-default parameters:
LogToConsole  0

Optimize a model with 5146 rows, 7859 columns and 19134 nonzeros (Min)
Model fingerprint: 0x9b2c4a6e
Model has 2554 linear objective coefficients and an objective constant of 1.9573417786585551e+07
Model has 1482 quadratic objective terms
Coefficient statistics:
  Matrix range     [1e+00, 1e+04]
  Objective range  [7e-07, 1e+06]
  QObjective range [2e+04, 2e+04]
  Bounds range     [3e-06, 1e+04]
  RHS range        [3e-06, 1e+01]

Presolve removed 3656 rows and 4610 columns
Presolve time: 0.02s
Presolved: 1490 rows, 3249 columns, 9269 nonzeros
Presolved model has 964 quadratic objective terms
Ordering time: 0.00s

Barrier statistics:
 AA' NZ     : 1.784e+04
 Factor NZ  : 4.773e+04 (roughly 2 MB of memory)
 Factor Ops : 1.993e+06 (less than 1 second per iteration)
 Threads    : 1

                  Objective                Residual
Iter       Primal          Dual         Primal    Dual     Compl     Time
   0   4.72659625e+12 -4.78815961e+12  7.75e+03 3.91e+07  3.96e+10     0s
   1   9.89412520e+11 -3.57995731e+12  1.63e+03 8.22e+06  8.79e+09     0s
   2   8.26082896e+10 -2.19780903e+12  1.36e+02 6.85e+05  1.10e+09     0s
   3   1.00893395e+10 -6.89502401e+11  1.65e+01 8.35e+04  1.83e+08     0s
   4   3.09571733e+09 -4.76146009e+11  5.02e+00 2.53e+04  1.02e+08     0s
   5   5.89954736e+08 -1.19550835e+11  7.57e-01 3.82e+03  2.16e+07     0s
   6   2.91530176e+08 -4.03968650e+10  1.61e-01 8.10e+02  6.86e+06     0s
   7   1.98257818e+08 -4.90023500e+09  1.61e-02 8.13e+01  8.21e+05     0s
   8   1.11713680e+08 -1.35218181e+09  3.01e-03 1.52e+01  2.31e+05     0s
   9   5.02659223e+07 -3.85991333e+08  7.89e-04 3.98e+00  6.84e+04     0s
  10   1.67093663e+07 -1.86977860e+08  7.89e-10 3.98e-06  3.19e+04     0s
  11   2.41751076e+06 -4.74453162e+06  1.33e-10 2.36e-08  1.12e+03     0s
  12   1.19903748e+06 -1.78925626e+06  9.88e-10 7.80e-09  4.67e+02     0s
  13   9.38941834e+05 -1.63053509e+05  5.10e-10 8.99e-09  1.72e+02     0s
  14   8.76957963e+05  1.31325573e+05  4.28e-10 1.14e-08  1.17e+02     0s
  15   7.89233596e+05  5.79971865e+05  3.67e-10 1.34e-08  3.27e+01     0s
  16   7.65959839e+05  6.73520703e+05  8.41e-10 3.53e-08  1.45e+01     0s
  17   7.50414396e+05  7.37906466e+05  5.07e-10 1.88e-08  1.96e+00     0s
  18   7.47361946e+05  7.47052100e+05  2.78e-09 1.95e-08  4.85e-02     0s
  19   7.47257779e+05  7.47228113e+05  5.20e-11 1.16e-08  4.64e-03     0s
  20   7.47250078e+05  7.47249549e+05  1.36e-09 7.34e-09  8.27e-05     0s
  21   7.47249948e+05  7.47249947e+05  6.92e-11 1.75e-08  1.19e-07     0s
  22   7.47249970e+05  7.47249948e+05  1.54e-07 1.84e-08  1.20e-10     0s

Barrier solved model in 22 iterations and 0.08 seconds (0.05 work units)
Optimal objective 7.47249970e+05


User-callback calls 78, time in user-callback 0.00 sec

Gurobi 13.0.2 (win64) logging started Thu Jul 16 16:23:54 2026

Set parameter LogFile to value "C:\Users\ehsanno\DataspellProjects\Spanish_Power_System\results\GoRES\ipopt_logs\2024-12-02_h19.log"

Gurobi 13.0.2 (win64) logging started Thu Jul 16 16:23:54 2026

Set parameter LogFile to value "C:\Users\ehsanno\DataspellProjects\Spanish_Power_System\results\GoRES\ipopt_logs\2024-12-02_h19.log"
Gurobi Optimizer version 13.0.2 build v13.0.2rc1 (win64 - Windows 11+.0 (26200.2))

CPU model: 11th Gen Intel(R) Core(TM) i5-1145G7 @ 2.60GHz, instruction set [SSE2|AVX|AVX2|AVX512]
Thread count: 4 physical cores, 8 logical processors, using up to 8 threads

Non-default parameters:
LogToConsole  0

Optimize a model with 5146 rows, 7859 columns and 19134 nonzeros (Min)
Model fingerprint: 0x7f1edea8
Model has 2496 linear objective coefficients and an objective constant of 1.9573423767840009e+07
Model has 1482 quadratic objective terms
Coefficient statistics:
  Matrix range     [1e+00, 1e+04]
  Objective range  [4e-01, 1e+06]
  QObjective range [2e+04, 2e+04]
  Bounds range     [3e-06, 1e+04]
  RHS range        [3e-06, 1e+01]

Presolve removed 3654 rows and 4195 columns
Presolve time: 0.02s

Barrier solved model in 0 iterations and 0.02 seconds (0.01 work units)
Model is infeasible

User-callback calls 28, time in user-callback 0.00 sec
Gurobi Optimizer version 13.0.2 build v13.0.2rc1 (win64 - Windows 11+.0 (26200.2))

CPU model: 11th Gen Intel(R) Core(TM) i5-1145G7 @ 2.60GHz, instruction set [SSE2|AVX|AVX2|AVX512]
Thread count: 4 physical cores, 8 logical processors, using up to 8 threads

Non-default parameters:
LogToConsole  0

Iteration    Objective       Primal Inf.    Dual Inf.      Time
       0      handle free variables                          0s

IIS computed: 5 constraints and 11 bounds
IIS runtime: 0.26 seconds (0.40 work units)

Gurobi 13.0.2 (win64) logging started Mon Jul 20 15:54:36 2026

Set parameter LogFile to value "C:\Users\ehsanno\DataspellProjects\Spanish_Power_System\results\GoRES\ipopt_logs\2024-12-02_h19.log"

Gurobi 13.0.2 (win64) logging started Mon Jul 20 15:54:36 2026

Set parameter LogFile to value "C:\Users\ehsanno\DataspellProjects\Spanish_Power_System\results\GoRES\ipopt_logs\2024-12-02_h19.log"
Gurobi Optimizer version 13.0.2 build v13.0.2rc1 (win64 - Windows 11+.0 (26200.2))

CPU model: 11th Gen Intel(R) Core(TM) i5-1145G7 @ 2.60GHz, instruction set [SSE2|AVX|AVX2|AVX512]
Thread count: 4 physical cores, 8 logical processors, using up to 8 threads

Non-default parameters:
LogToConsole  0

Optimize a model with 5146 rows, 8031 columns and 19306 nonzeros (Min)
Model fingerprint: 0x259d9649
Model has 2672 linear objective coefficients and an objective constant of 25372637.2361743
Model has 1660 quadratic objective terms
Coefficient statistics:
  Matrix range     [1e+00, 1e+04]
  Objective range  [2e-08, 1e+06]
  QObjective range [2e+04, 2e+04]
  Bounds range     [3e-06, 1e+04]
  RHS range        [3e-06, 1e+01]

Presolve removed 3651 rows and 4190 columns
Presolve time: 0.02s

Barrier solved model in 0 iterations and 0.02 seconds (0.01 work units)
Model is infeasible

User-callback calls 28, time in user-callback 0.00 sec
Gurobi Optimizer version 13.0.2 build v13.0.2rc1 (win64 - Windows 11+.0 (26200.2))

CPU model: 11th Gen Intel(R) Core(TM) i5-1145G7 @ 2.60GHz, instruction set [SSE2|AVX|AVX2|AVX512]
Thread count: 4 physical cores, 8 logical processors, using up to 8 threads

Non-default parameters:
LogToConsole  0

Iteration    Objective       Primal Inf.    Dual Inf.      Time
       0      handle free variables                          0s

IIS computed: 5 constraints and 13 bounds
IIS runtime: 0.38 seconds (0.40 work units)

Gurobi 13.0.2 (win64) logging started Mon Jul 20 15:57:06 2026

Set parameter LogFile to value "C:\Users\ehsanno\DataspellProjects\Spanish_Power_System\results\GoRES\ipopt_logs\2024-12-02_h19.log"

Gurobi 13.0.2 (win64) logging started Mon Jul 20 15:57:06 2026

Set parameter LogFile to value "C:\Users\ehsanno\DataspellProjects\Spanish_Power_System\results\GoRES\ipopt_logs\2024-12-02_h19.log"
Gurobi Optimizer version 13.0.2 build v13.0.2rc1 (win64 - Windows 11+.0 (26200.2))

CPU model: 11th Gen Intel(R) Core(TM) i5-1145G7 @ 2.60GHz, instruction set [SSE2|AVX|AVX2|AVX512]
Thread count: 4 physical cores, 8 logical processors, using up to 8 threads

Non-default parameters:
LogToConsole  0

Optimize a model with 5146 rows, 8031 columns and 19306 nonzeros (Min)
Model fingerprint: 0x6ee7ac8d
Model has 2427 linear objective coefficients and an objective constant of 3.1715792521400027e+07
Model has 1660 quadratic objective terms
Coefficient statistics:
  Matrix range     [1e+00, 1e+04]
  Objective range  [4e-01, 1e+06]
  QObjective range [2e+04, 2e+04]
  Bounds range     [3e-06, 1e+04]
  RHS range        [3e-06, 1e+01]

Presolve removed 3651 rows and 4190 columns
Presolve time: 0.02s

Barrier solved model in 0 iterations and 0.02 seconds (0.01 work units)
Model is infeasible

User-callback calls 27, time in user-callback 0.00 sec
Gurobi Optimizer version 13.0.2 build v13.0.2rc1 (win64 - Windows 11+.0 (26200.2))

CPU model: 11th Gen Intel(R) Core(TM) i5-1145G7 @ 2.60GHz, instruction set [SSE2|AVX|AVX2|AVX512]
Thread count: 4 physical cores, 8 logical processors, using up to 8 threads

Non-default parameters:
LogToConsole  0

Iteration    Objective       Primal Inf.    Dual Inf.      Time
       0      handle free variables                          0s
Warning: Markowitz tolerance tightened to 0.03125

IIS computed: 5 constraints and 13 bounds
IIS runtime: 0.31 seconds (0.40 work units)

Gurobi 13.0.2 (win64) logging started Mon Jul 20 15:58:52 2026

Set parameter LogFile to value "C:\Users\ehsanno\DataspellProjects\Spanish_Power_System\results\GoRES\ipopt_logs\2024-12-02_h19.log"

Gurobi 13.0.2 (win64) logging started Mon Jul 20 15:58:52 2026

Set parameter LogFile to value "C:\Users\ehsanno\DataspellProjects\Spanish_Power_System\results\GoRES\ipopt_logs\2024-12-02_h19.log"
Gurobi Optimizer version 13.0.2 build v13.0.2rc1 (win64 - Windows 11+.0 (26200.2))

CPU model: 11th Gen Intel(R) Core(TM) i5-1145G7 @ 2.60GHz, instruction set [SSE2|AVX|AVX2|AVX512]
Thread count: 4 physical cores, 8 logical processors, using up to 8 threads

Non-default parameters:
LogToConsole  0

Optimize a model with 5146 rows, 8031 columns and 19306 nonzeros (Min)
Model fingerprint: 0x19634c81
Model has 2427 linear objective coefficients and an objective constant of 3.8058951025680028e+07
Model has 1660 quadratic objective terms
Coefficient statistics:
  Matrix range     [1e+00, 1e+04]
  Objective range  [4e-01, 1e+06]
  QObjective range [2e+04, 2e+04]
  Bounds range     [3e-06, 1e+04]
  RHS range        [3e-06, 1e+01]

Presolve removed 3651 rows and 4190 columns
Presolve time: 0.02s

Barrier solved model in 0 iterations and 0.02 seconds (0.01 work units)
Model is infeasible

User-callback calls 28, time in user-callback 0.00 sec
Gurobi Optimizer version 13.0.2 build v13.0.2rc1 (win64 - Windows 11+.0 (26200.2))

CPU model: 11th Gen Intel(R) Core(TM) i5-1145G7 @ 2.60GHz, instruction set [SSE2|AVX|AVX2|AVX512]
Thread count: 4 physical cores, 8 logical processors, using up to 8 threads

Non-default parameters:
LogToConsole  0

Iteration    Objective       Primal Inf.    Dual Inf.      Time
       0      handle free variables                          0s
Warning: Markowitz tolerance tightened to 0.03125

IIS computed: 5 constraints and 13 bounds
IIS runtime: 0.33 seconds (0.40 work units)
