This is Ipopt version 3.14.19, running with linear solver ma57.

Number of nonzeros in equality constraint Jacobian...:    13682
Number of nonzeros in inequality constraint Jacobian.:     3120
Number of nonzeros in Lagrangian Hessian.............:      899

Total number of variables............................:     5539
                     variables with only lower bounds:        0
                variables with lower and upper bounds:     4303
                     variables with only upper bounds:        0
Total number of equality constraints.................:     3582
Total number of inequality constraints...............:     1560
        inequality constraints with only lower bounds:        0
   inequality constraints with lower and upper bounds:     1560
        inequality constraints with only upper bounds:        0

iter    objective    inf_pr   inf_du lg(mu)  ||d||  lg(rg) alpha_du alpha_pr  ls
   0  1.2852236e+07 1.77e+01 8.46e+01  -1.0 0.00e+00    -  0.00e+00 0.00e+00   0
   1  1.2852221e+07 1.77e+01 8.42e+01  -1.0 2.25e+01    -  1.09e-02 1.95e-05f  1
   2  1.0529297e+07 1.74e+01 8.42e+01  -1.0 1.88e+01    -  1.43e-03 1.69e-02f  1
   3  1.0298145e+07 1.68e+01 8.35e+01  -1.0 7.06e+01    -  1.26e-02 3.52e-02f  1
   4  9.3483332e+06 1.60e+01 8.11e+01  -1.0 1.45e+01  -4.0 3.19e-02 4.95e-02f  1
   5  7.9790080e+06 1.42e+01 7.29e+01  -1.0 2.32e+01    -  1.03e-01 1.12e-01f  1
   6  4.6107772e+06 9.87e+00 4.45e+01  -1.0 1.37e+01  -4.5 3.78e-01 3.05e-01f  1
   7  1.5575361e+06 5.32e-01 1.92e+01  -1.0 9.62e+00  -5.0 6.29e-01 9.46e-01f  1
   8  1.4012821e+06 5.15e-13 2.45e-01  -1.0 8.48e-01  -5.4 9.88e-01 1.00e+00f  1
   9  1.4171280e+06 8.40e-10 1.70e-03  -1.0 1.54e-01    -  9.94e-01 1.00e+00f  1
iter    objective    inf_pr   inf_du lg(mu)  ||d||  lg(rg) alpha_du alpha_pr  ls
  10  5.5072639e+05 2.21e-10 7.28e-12  -1.7 6.15e-01    -  1.00e+00 1.00e+00f  1
  11  2.9148423e+05 2.32e-10 2.21e-02  -2.5 1.27e+00  -5.9 8.70e-01 1.00e+00f  1
  12  2.3376912e+05 9.29e-12 2.82e-02  -3.8 1.06e+00    -  7.30e-01 9.60e-01f  1
  13  2.2130586e+05 3.40e-13 1.16e-02  -3.8 4.01e-01    -  8.46e-01 1.00e+00f  1
  14  2.1822790e+05 2.22e-13 2.69e-08  -3.8 6.53e-02  -6.4 1.00e+00 1.00e+00f  1
  15  2.1519614e+05 1.01e-12 2.53e-03  -5.7 4.61e-02    -  7.71e-01 1.00e+00f  1
  16  2.1510263e+05 6.40e-13 1.40e-03  -5.7 7.30e-03  -6.9 8.89e-01 9.82e-01f  1
  17  2.1509576e+05 2.18e-12 2.03e-10  -5.7 4.43e-03  -7.3 1.00e+00 1.00e+00f  1
  18  2.1505938e+05 5.64e-13 2.50e-05  -8.6 2.74e-03    -  9.92e-01 9.86e-01f  1
  19  2.1505838e+05 8.54e-13 2.07e-14  -8.6 1.49e-03    -  1.00e+00 1.00e+00f  1
iter    objective    inf_pr   inf_du lg(mu)  ||d||  lg(rg) alpha_du alpha_pr  ls
  20  2.1505819e+05 6.59e-13 1.12e-11  -8.6 7.37e-04  -7.8 1.00e+00 1.00e+00f  1
  21  2.1505815e+05 4.11e-13 1.92e-14  -8.6 3.64e-04    -  1.00e+00 1.00e+00f  1
  22  2.1505814e+05 6.19e-13 1.88e-14  -8.6 1.72e-04    -  1.00e+00 1.00e+00h  1
  23  2.1505810e+05 4.37e-13 1.93e-14  -9.0 9.18e-05    -  1.00e+00 1.00e+00h  1

Number of Iterations....: 23

                                   (scaled)                 (unscaled)
Objective...............:   2.1505810426839776e+01    2.1505810426839776e+05
Dual infeasibility......:   1.9326566455095148e-14    1.9326566455095148e-10
Constraint violation....:   1.3054062772185228e-14    4.3658132664603505e-13
Variable bound violation:   1.5344001802475304e-07    1.5344001802475304e-07
Complementarity.........:   3.0542665099693621e-09    3.0542665099693622e-05
Overall NLP error.......:   3.0542665099693621e-09    3.0542665099693622e-05


Number of objective function evaluations             = 24
Number of objective gradient evaluations             = 24
Number of equality constraint evaluations            = 24
Number of inequality constraint evaluations          = 24
Number of equality constraint Jacobian evaluations   = 1
Number of inequality constraint Jacobian evaluations = 1
Number of Lagrangian Hessian evaluations             = 1
Total seconds in IPOPT                               = 0.132

EXIT: Optimal Solution Found.

Gurobi 13.0.2 (win64) logging started Wed Jul 15 11:53:18 2026

Set parameter LogFile to value "C:\Users\ehsanno\DataspellProjects\Spanish_Power_System\results\GoRES\ipopt_logs\2024-07-08_h01.log"

Gurobi 13.0.2 (win64) logging started Wed Jul 15 11:53:18 2026

Set parameter LogFile to value "C:\Users\ehsanno\DataspellProjects\Spanish_Power_System\results\GoRES\ipopt_logs\2024-07-08_h01.log"
Gurobi Optimizer version 13.0.2 build v13.0.2rc1 (win64 - Windows 11+.0 (26200.2))

CPU model: 11th Gen Intel(R) Core(TM) i5-1145G7 @ 2.60GHz, instruction set [SSE2|AVX|AVX2|AVX512]
Thread count: 4 physical cores, 8 logical processors, using up to 8 threads

Non-default parameters:
LogToConsole  0

Optimize a model with 5142 rows, 7197 columns and 18460 nonzeros (Min)
Model fingerprint: 0x97bac73f
Model has 2031 linear objective coefficients and an objective constant of 1.4868576110486249e+07
Model has 973 quadratic objective terms
Coefficient statistics:
  Matrix range     [1e+00, 1e+04]
  Objective range  [9e+00, 1e+06]
  QObjective range [2e+04, 2e+04]
  Bounds range     [2e-06, 1e+04]
  RHS range        [2e-06, 9e+00]

Presolve removed 3669 rows and 4174 columns
Presolve time: 0.01s
Presolved: 1473 rows, 3023 columns, 8990 nonzeros
Presolved model has 899 quadratic objective terms
Ordering time: 0.00s

Barrier statistics:
 AA' NZ     : 1.792e+04
 Factor NZ  : 4.680e+04 (roughly 2 MB of memory)
 Factor Ops : 1.875e+06 (less than 1 second per iteration)
 Threads    : 1

                  Objective                Residual
Iter       Primal          Dual         Primal    Dual     Compl     Time
   0   6.39913913e+12 -6.84295044e+11  7.25e+03 5.34e+03  5.33e+06     0s
   1   1.80078183e+12 -2.12583750e+11  2.15e+03 1.58e+03  1.61e+06     0s
   2   2.63498833e+11 -1.67004252e+11  3.21e+02 2.37e+02  2.98e+05     0s
   3   1.02146166e+11 -1.25762236e+11  1.25e+02 9.23e+01  1.20e+05     0s
   4   1.10014017e+10 -8.69561732e+10  1.41e+01 1.04e+01  2.67e+04     0s
   5   1.69517574e+09 -4.12643139e+10  2.65e+00 1.95e+00  9.34e+03     0s
   6   6.82938355e+08 -2.50023876e+10  1.20e+00 8.82e-01  5.35e+03     0s
   7   4.10475909e+08 -1.51887472e+10  5.63e-01 4.14e-01  3.10e+03     0s
   8   2.88190473e+08 -9.99246583e+09  3.49e-01 2.57e-01  1.98e+03     0s
   9   1.30621367e+08 -4.96109470e+09  8.34e-02 6.14e-02  9.13e+02     0s
  10   7.94224788e+07 -1.51155069e+09  2.38e-02 1.75e-02  2.73e+02     0s
  11   3.77651788e+07 -6.79930981e+08  1.16e-03 8.57e-04  1.18e+02     0s
  12   8.77633526e+06 -4.63976500e+07  5.31e-06 3.91e-06  9.07e+00     0s
  13   9.51090488e+05 -2.94282348e+06  5.17e-08 3.81e-08  6.40e-01     0s
  14   3.67017362e+05 -2.26663123e+05  2.16e-08 3.02e-09  9.75e-02     0s
  15   2.35400957e+05  1.93131727e+05  5.55e-08 2.57e-11  6.94e-03     0s
  16   2.16695605e+05  2.13024204e+05  6.72e-08 9.43e-12  6.03e-04     0s
  17   2.15127667e+05  2.14918344e+05  2.43e-06 1.96e-11  3.45e-05     0s
  18   2.15068243e+05  2.15061830e+05  2.11e-05 1.86e-11  2.05e-06     0s
  19   2.15070947e+05  2.15061961e+05  3.31e-05 1.68e-11  2.03e-06     0s
  20   2.15059285e+05  2.15064826e+05  4.21e-05 7.87e-12  1.11e-06     0s
  21   2.15049950e+05  2.15064989e+05  7.10e-05 7.92e-12  1.01e-06     0s
  22   2.15066741e+05  2.15068220e+05  8.12e-06 1.80e-11  1.34e-07     0s
  23   2.15068083e+05  2.15068593e+05  3.12e-06 1.49e-11  1.90e-08     0s
  24   2.15068077e+05  2.15068593e+05  4.28e-06 7.85e-12  1.90e-08     0s
  25   2.15066817e+05  2.15068581e+05  7.73e-06 4.76e-11  1.75e-08     0s
  26   2.15068233e+05  2.15068649e+05  2.52e-06 5.16e-12  1.01e-09     0s
  27   2.15068193e+05  2.15068649e+05  2.95e-06 9.10e-12  1.01e-09     0s
  28   2.15067593e+05  2.15068648e+05  5.75e-06 8.43e-11  9.97e-10     0s
  29   2.15067577e+05  2.15068649e+05  5.23e-06 4.61e-12  8.47e-10     0s
  30   2.15066984e+05  2.15068649e+05  7.83e-06 5.89e-12  7.75e-10     0s
  31   2.15066684e+05  2.15068651e+05  8.28e-06 1.07e-11  7.38e-11     0s
  32   2.15067774e+05  2.15068652e+05  3.59e-06 1.51e-11  8.20e-12     0s
  33   2.15068439e+05  2.15068652e+05  1.52e-06 8.59e-12  8.17e-13     0s
  34   2.15068503e+05  2.15068652e+05  4.09e-07 7.79e-12  6.18e-14     0s
  35   2.15068545e+05  2.15068652e+05  3.05e-07 7.32e-12  4.43e-15     0s
  36   2.15068588e+05  2.15068652e+05  1.88e-07 7.29e-12  4.26e-16     0s

Barrier solved model in 36 iterations and 0.09 seconds (0.08 work units)
Optimal objective 2.15068588e+05


User-callback calls 93, time in user-callback 0.00 sec

Gurobi 13.0.2 (win64) logging started Wed Jul 15 12:00:37 2026

Set parameter LogFile to value "C:\Users\ehsanno\DataspellProjects\Spanish_Power_System\results\GoRES\ipopt_logs\2024-07-08_h01.log"

Gurobi 13.0.2 (win64) logging started Wed Jul 15 12:00:37 2026

Set parameter LogFile to value "C:\Users\ehsanno\DataspellProjects\Spanish_Power_System\results\GoRES\ipopt_logs\2024-07-08_h01.log"
Gurobi Optimizer version 13.0.2 build v13.0.2rc1 (win64 - Windows 11+.0 (26200.2))

CPU model: 11th Gen Intel(R) Core(TM) i5-1145G7 @ 2.60GHz, instruction set [SSE2|AVX|AVX2|AVX512]
Thread count: 4 physical cores, 8 logical processors, using up to 8 threads

Non-default parameters:
LogToConsole  0

Optimize a model with 5142 rows, 7197 columns and 18460 nonzeros (Min)
Model fingerprint: 0x97bac73f
Model has 2031 linear objective coefficients and an objective constant of 1.4868576110486249e+07
Model has 973 quadratic objective terms
Coefficient statistics:
  Matrix range     [1e+00, 1e+04]
  Objective range  [9e+00, 1e+06]
  QObjective range [2e+04, 2e+04]
  Bounds range     [2e-06, 1e+04]
  RHS range        [2e-06, 9e+00]

Presolve removed 3669 rows and 4174 columns
Presolve time: 0.01s
Presolved: 1473 rows, 3023 columns, 8990 nonzeros
Presolved model has 899 quadratic objective terms
Ordering time: 0.00s

Barrier statistics:
 AA' NZ     : 1.792e+04
 Factor NZ  : 4.680e+04 (roughly 2 MB of memory)
 Factor Ops : 1.875e+06 (less than 1 second per iteration)
 Threads    : 1

                  Objective                Residual
Iter       Primal          Dual         Primal    Dual     Compl     Time
   0   6.39913913e+12 -6.84295044e+11  7.25e+03 5.34e+03  5.33e+06     0s
   1   1.80078183e+12 -2.12583750e+11  2.15e+03 1.58e+03  1.61e+06     0s
   2   2.63498833e+11 -1.67004252e+11  3.21e+02 2.37e+02  2.98e+05     0s
   3   1.02146166e+11 -1.25762236e+11  1.25e+02 9.23e+01  1.20e+05     0s
   4   1.10014017e+10 -8.69561732e+10  1.41e+01 1.04e+01  2.67e+04     0s
   5   1.69517574e+09 -4.12643139e+10  2.65e+00 1.95e+00  9.34e+03     0s
   6   6.82938355e+08 -2.50023876e+10  1.20e+00 8.82e-01  5.35e+03     0s
   7   4.10475909e+08 -1.51887472e+10  5.63e-01 4.14e-01  3.10e+03     0s
   8   2.88190473e+08 -9.99246583e+09  3.49e-01 2.57e-01  1.98e+03     0s
   9   1.30621367e+08 -4.96109470e+09  8.34e-02 6.14e-02  9.13e+02     0s
  10   7.94224788e+07 -1.51155069e+09  2.38e-02 1.75e-02  2.73e+02     0s
  11   3.77651788e+07 -6.79930981e+08  1.16e-03 8.57e-04  1.18e+02     0s
  12   8.77633526e+06 -4.63976500e+07  5.31e-06 3.91e-06  9.07e+00     0s
  13   9.51090488e+05 -2.94282348e+06  5.17e-08 3.81e-08  6.40e-01     0s
  14   3.67017362e+05 -2.26663123e+05  2.16e-08 3.02e-09  9.75e-02     0s
  15   2.35400957e+05  1.93131727e+05  5.55e-08 2.57e-11  6.94e-03     0s
  16   2.16695605e+05  2.13024204e+05  6.72e-08 9.43e-12  6.03e-04     0s
  17   2.15127667e+05  2.14918344e+05  2.43e-06 1.96e-11  3.45e-05     0s
  18   2.15068243e+05  2.15061830e+05  2.11e-05 1.86e-11  2.05e-06     0s
  19   2.15070947e+05  2.15061961e+05  3.31e-05 1.68e-11  2.03e-06     0s
  20   2.15059285e+05  2.15064826e+05  4.21e-05 7.87e-12  1.11e-06     0s
  21   2.15049950e+05  2.15064989e+05  7.10e-05 7.92e-12  1.01e-06     0s
  22   2.15066741e+05  2.15068220e+05  8.12e-06 1.80e-11  1.34e-07     0s
  23   2.15068083e+05  2.15068593e+05  3.12e-06 1.49e-11  1.90e-08     0s
  24   2.15068077e+05  2.15068593e+05  4.28e-06 7.85e-12  1.90e-08     0s
  25   2.15066817e+05  2.15068581e+05  7.73e-06 4.76e-11  1.75e-08     0s
  26   2.15068233e+05  2.15068649e+05  2.52e-06 5.16e-12  1.01e-09     0s
  27   2.15068193e+05  2.15068649e+05  2.95e-06 9.10e-12  1.01e-09     0s
  28   2.15067593e+05  2.15068648e+05  5.75e-06 8.43e-11  9.97e-10     0s
  29   2.15067577e+05  2.15068649e+05  5.23e-06 4.61e-12  8.47e-10     0s
  30   2.15066984e+05  2.15068649e+05  7.83e-06 5.89e-12  7.75e-10     0s
  31   2.15066684e+05  2.15068651e+05  8.28e-06 1.07e-11  7.38e-11     0s
  32   2.15067774e+05  2.15068652e+05  3.59e-06 1.51e-11  8.20e-12     0s
  33   2.15068439e+05  2.15068652e+05  1.52e-06 8.59e-12  8.17e-13     0s
  34   2.15068503e+05  2.15068652e+05  4.09e-07 7.79e-12  6.18e-14     0s
  35   2.15068545e+05  2.15068652e+05  3.05e-07 7.32e-12  4.43e-15     0s
  36   2.15068588e+05  2.15068652e+05  1.88e-07 7.29e-12  4.26e-16     0s

Barrier solved model in 36 iterations and 0.10 seconds (0.08 work units)
Optimal objective 2.15068588e+05


User-callback calls 96, time in user-callback 0.00 sec

Gurobi 13.0.2 (win64) logging started Wed Jul 15 12:15:54 2026

Set parameter LogFile to value "C:\Users\ehsanno\DataspellProjects\Spanish_Power_System\results\GoRES\ipopt_logs\2024-07-08_h01.log"

Gurobi 13.0.2 (win64) logging started Wed Jul 15 12:15:54 2026

Set parameter LogFile to value "C:\Users\ehsanno\DataspellProjects\Spanish_Power_System\results\GoRES\ipopt_logs\2024-07-08_h01.log"
Gurobi Optimizer version 13.0.2 build v13.0.2rc1 (win64 - Windows 11+.0 (26200.2))

CPU model: 11th Gen Intel(R) Core(TM) i5-1145G7 @ 2.60GHz, instruction set [SSE2|AVX|AVX2|AVX512]
Thread count: 4 physical cores, 8 logical processors, using up to 8 threads

Non-default parameters:
LogToConsole  0

Optimize a model with 5142 rows, 7197 columns and 18460 nonzeros (Min)
Model fingerprint: 0x4dd4696b
Model has 2031 linear objective coefficients and an objective constant of 1.5989839072821239e+07
Model has 973 quadratic objective terms
Coefficient statistics:
  Matrix range     [1e+00, 1e+04]
  Objective range  [9e+00, 1e+06]
  QObjective range [2e+04, 2e+04]
  Bounds range     [2e-06, 1e+04]
  RHS range        [2e-06, 9e+00]

Presolve removed 3669 rows and 4174 columns
Presolve time: 0.01s
Presolved: 1473 rows, 3023 columns, 8990 nonzeros
Presolved model has 899 quadratic objective terms
Ordering time: 0.00s

Barrier statistics:
 AA' NZ     : 1.792e+04
 Factor NZ  : 4.680e+04 (roughly 2 MB of memory)
 Factor Ops : 1.875e+06 (less than 1 second per iteration)
 Threads    : 1

                  Objective                Residual
Iter       Primal          Dual         Primal    Dual     Compl     Time
   0   6.39903839e+12 -6.84222430e+11  7.25e+03 5.34e+03  5.33e+06     0s
   1   1.80077138e+12 -2.12573149e+11  2.15e+03 1.58e+03  1.61e+06     0s
   2   2.63589014e+11 -1.66980641e+11  3.22e+02 2.37e+02  2.98e+05     0s
   3   1.01988115e+11 -1.25668339e+11  1.25e+02 9.21e+01  1.20e+05     0s
   4   1.13136670e+10 -8.69755793e+10  1.45e+01 1.06e+01  2.70e+04     0s
   5   1.65874518e+09 -4.09551114e+10  2.57e+00 1.89e+00  9.21e+03     0s
   6   6.73835123e+08 -2.48126072e+10  1.17e+00 8.59e-01  5.28e+03     0s
   7   3.96018511e+08 -1.46924123e+10  5.26e-01 3.87e-01  2.98e+03     0s
   8   2.33289207e+08 -7.53340138e+09  2.45e-01 1.80e-01  1.46e+03     0s
   9   1.14505835e+08 -4.12065589e+09  2.65e-02 1.95e-02  7.22e+02     0s
  10   6.89313897e+07 -1.31435042e+09  6.83e-03 5.03e-03  2.31e+02     0s
  11   2.14226828e+07 -2.16024009e+08  1.06e-04 7.79e-05  3.90e+01     0s
  12   2.63697062e+06 -8.95801847e+06  8.34e-08 6.14e-08  1.90e+00     0s
  13   5.62185406e+05 -4.41783378e+05  2.20e-08 1.09e-09  1.65e-01     0s
  14   3.63081954e+05  1.52965321e+05  8.00e-08 1.55e-10  3.45e-02     0s
  15   3.06175752e+05  2.84071658e+05  2.73e-07 7.91e-12  3.63e-03     0s
  16   2.97157118e+05  2.96001006e+05  7.16e-07 1.84e-11  1.90e-04     0s
  17   2.96734964e+05  2.96673535e+05  7.79e-07 1.55e-11  1.01e-05     0s
  18   2.96708327e+05  2.96710307e+05  5.00e-05 1.52e-11  8.18e-07     0s
  19   2.96712780e+05  2.96712488e+05  2.00e-06 2.29e-11  1.22e-07     0s
  20   2.96712608e+05  2.96712488e+05  2.36e-06 2.51e-11  1.22e-07     0s
  21   2.96713056e+05  2.96712489e+05  2.01e-06 2.30e-11  1.22e-07     0s
  22   2.96713546e+05  2.96712489e+05  1.30e-06 8.18e-12  1.22e-07     0s
  23   2.96712664e+05  2.96712653e+05  4.48e-06 1.14e-11  6.91e-08     0s
  24   2.96712815e+05  2.96712842e+05  5.34e-07 1.42e-11  9.35e-09     0s
  25   2.96712873e+05  2.96712866e+05  3.02e-08 5.36e-12  1.31e-09     0s

Barrier solved model in 25 iterations and 0.07 seconds (0.06 work units)
Optimal objective 2.96712873e+05


User-callback calls 76, time in user-callback 0.00 sec

Gurobi 13.0.2 (win64) logging started Wed Jul 15 12:32:06 2026

Set parameter LogFile to value "C:\Users\ehsanno\DataspellProjects\Spanish_Power_System\results\GoRES\ipopt_logs\2024-07-08_h01.log"

Gurobi 13.0.2 (win64) logging started Wed Jul 15 12:32:06 2026

Set parameter LogFile to value "C:\Users\ehsanno\DataspellProjects\Spanish_Power_System\results\GoRES\ipopt_logs\2024-07-08_h01.log"
Gurobi Optimizer version 13.0.2 build v13.0.2rc1 (win64 - Windows 11+.0 (26200.2))

CPU model: 11th Gen Intel(R) Core(TM) i5-1145G7 @ 2.60GHz, instruction set [SSE2|AVX|AVX2|AVX512]
Thread count: 4 physical cores, 8 logical processors, using up to 8 threads

Non-default parameters:
LogToConsole  0

Optimize a model with 5142 rows, 7197 columns and 18460 nonzeros (Min)
Model fingerprint: 0x1981bad7
Model has 2031 linear objective coefficients and an objective constant of 1.5989826572160020e+07
Model has 973 quadratic objective terms
Coefficient statistics:
  Matrix range     [1e+00, 1e+04]
  Objective range  [9e+00, 1e+06]
  QObjective range [2e+04, 2e+04]
  Bounds range     [2e-06, 1e+04]
  RHS range        [2e-06, 9e+00]

Presolve removed 3669 rows and 4174 columns
Presolve time: 0.01s
Presolved: 1473 rows, 3023 columns, 8990 nonzeros
Presolved model has 899 quadratic objective terms
Ordering time: 0.00s

Barrier statistics:
 AA' NZ     : 1.792e+04
 Factor NZ  : 4.680e+04 (roughly 2 MB of memory)
 Factor Ops : 1.875e+06 (less than 1 second per iteration)
 Threads    : 1

                  Objective                Residual
Iter       Primal          Dual         Primal    Dual     Compl     Time
   0   6.39903840e+12 -6.84222429e+11  7.25e+03 5.34e+03  5.33e+06     0s
   1   1.80077138e+12 -2.12573149e+11  2.15e+03 1.58e+03  1.61e+06     0s
   2   2.63589015e+11 -1.66980641e+11  3.22e+02 2.37e+02  2.98e+05     0s
   3   1.01988116e+11 -1.25668339e+11  1.25e+02 9.21e+01  1.20e+05     0s
   4   1.13136651e+10 -8.69755788e+10  1.45e+01 1.06e+01  2.70e+04     0s
   5   1.65874511e+09 -4.09551088e+10  2.57e+00 1.89e+00  9.21e+03     0s
   6   6.73835217e+08 -2.48126072e+10  1.17e+00 8.59e-01  5.28e+03     0s
   7   3.96018417e+08 -1.46924075e+10  5.26e-01 3.87e-01  2.98e+03     0s
   8   2.33288849e+08 -7.53338431e+09  2.45e-01 1.80e-01  1.46e+03     0s
   9   1.14505918e+08 -4.12064647e+09  2.65e-02 1.95e-02  7.22e+02     0s
  10   6.89311629e+07 -1.31434029e+09  6.83e-03 5.03e-03  2.31e+02     0s
  11   2.14221052e+07 -2.16010756e+08  1.06e-04 7.79e-05  3.90e+01     0s
  12   2.63682724e+06 -8.95738219e+06  8.34e-08 6.14e-08  1.90e+00     0s
  13   5.62177094e+05 -4.41748364e+05  2.01e-08 1.09e-09  1.65e-01     0s
  14   3.63079873e+05  1.52973388e+05  4.46e-08 1.55e-10  3.45e-02     0s
  15   3.06175536e+05  2.84073688e+05  2.89e-07 1.16e-11  3.63e-03     0s
  16   2.97157546e+05  2.96001556e+05  7.40e-07 1.51e-11  1.90e-04     0s
  17   2.96735007e+05  2.96674114e+05  1.60e-06 1.58e-11  1.01e-05     0s
  18   2.96733257e+05  2.96711049e+05  6.31e-05 1.37e-11  8.17e-07     0s
  19   2.96735320e+05  2.96712534e+05  5.03e-05 8.05e-12  3.24e-07     0s
  20   2.96713473e+05  2.96713329e+05  4.12e-06 1.64e-11  4.67e-08     0s
  21   2.96712346e+05  2.96713454e+05  5.65e-06 1.39e-11  6.53e-09     0s
  22   2.96713079e+05  2.96713471e+05  1.01e-06 1.35e-11  9.07e-10     0s
  23   2.96712790e+05  2.96713474e+05  2.01e-06 1.25e-11  1.73e-10     0s
  24   2.96712961e+05  2.96713474e+05  1.63e-06 1.62e-11  1.67e-11     0s
  25   2.96713466e+05  2.96713474e+05  2.36e-07 1.03e-11  2.26e-12     0s
  26   2.96713490e+05  2.96713474e+05  1.65e-07 8.07e-12  2.19e-14     0s

Barrier solved model in 26 iterations and 0.07 seconds (0.06 work units)
Optimal objective 2.96713490e+05


User-callback calls 79, time in user-callback 0.00 sec

Gurobi 13.0.2 (win64) logging started Wed Jul 15 14:21:55 2026

Set parameter LogFile to value "C:\Users\ehsanno\DataspellProjects\Spanish_Power_System\results\GoRES\ipopt_logs\2024-07-08_h01.log"

Gurobi 13.0.2 (win64) logging started Wed Jul 15 14:21:55 2026

Set parameter LogFile to value "C:\Users\ehsanno\DataspellProjects\Spanish_Power_System\results\GoRES\ipopt_logs\2024-07-08_h01.log"
Gurobi Optimizer version 13.0.2 build v13.0.2rc1 (win64 - Windows 11+.0 (26200.2))

CPU model: 11th Gen Intel(R) Core(TM) i5-1145G7 @ 2.60GHz, instruction set [SSE2|AVX|AVX2|AVX512]
Thread count: 4 physical cores, 8 logical processors, using up to 8 threads

Non-default parameters:
LogToConsole  0

Optimize a model with 5142 rows, 7197 columns and 18460 nonzeros (Min)
Model fingerprint: 0xcc7e5e1c
Model has 2031 linear objective coefficients and an objective constant of 1.4649139823333198e+07
Model has 973 quadratic objective terms
Coefficient statistics:
  Matrix range     [1e+00, 1e+04]
  Objective range  [9e+00, 1e+06]
  QObjective range [2e+04, 2e+04]
  Bounds range     [2e-06, 1e+04]
  RHS range        [2e-06, 9e+00]

Presolve removed 3669 rows and 4174 columns
Presolve time: 0.02s
Presolved: 1473 rows, 3023 columns, 8990 nonzeros
Presolved model has 899 quadratic objective terms
Ordering time: 0.00s

Barrier statistics:
 AA' NZ     : 1.792e+04
 Factor NZ  : 4.680e+04 (roughly 2 MB of memory)
 Factor Ops : 1.875e+06 (less than 1 second per iteration)
 Threads    : 1

                  Objective                Residual
Iter       Primal          Dual         Primal    Dual     Compl     Time
   0   6.39904198e+12 -6.84510690e+11  7.25e+03 5.34e+03  5.33e+06     0s
   1   1.80077017e+12 -2.12794825e+11  2.15e+03 1.58e+03  1.61e+06     0s
   2   2.63560274e+11 -1.67263380e+11  3.22e+02 2.37e+02  2.98e+05     0s
   3   1.02155903e+11 -1.26015786e+11  1.25e+02 9.23e+01  1.20e+05     0s
   4   1.14787476e+10 -8.74234662e+10  1.47e+01 1.08e+01  2.72e+04     0s
   5   1.67752860e+09 -4.14779215e+10  2.59e+00 1.91e+00  9.32e+03     0s
   6   6.83916280e+08 -2.51894649e+10  1.18e+00 8.67e-01  5.35e+03     0s
   7   3.95776727e+08 -1.47599410e+10  5.21e-01 3.84e-01  2.98e+03     0s
   8   2.40753502e+08 -7.91154195e+09  2.56e-01 1.88e-01  1.54e+03     0s
   9   9.92901705e+07 -2.89992533e+09  2.99e-02 2.20e-02  5.15e+02     0s
  10   5.20763751e+07 -7.88062110e+08  6.29e-03 4.63e-03  1.40e+02     0s
  11   1.15519566e+07 -8.26402859e+07  1.02e-04 7.49e-05  1.55e+01     0s
  12   1.18598503e+06 -2.75565768e+06  1.44e-07 1.06e-07  6.48e-01     0s
  13   4.21430902e+05 -5.81302729e+04  4.25e-08 2.35e-09  7.88e-02     0s
  14   3.08402436e+05  2.20128774e+05  1.66e-07 2.28e-10  1.45e-02     0s
  15   2.80100389e+05  2.73672109e+05  2.96e-07 1.62e-11  1.06e-03     0s
  16   2.76910510e+05  2.76488573e+05  2.99e-07 1.25e-11  6.93e-05     0s
  17   2.76792525e+05  2.76767869e+05  5.90e-06 2.06e-11  3.95e-06     0s
  18   2.76793095e+05  2.76767891e+05  1.16e-05 2.07e-11  3.95e-06     0s
  19   2.76786771e+05  2.76762569e+05  1.19e-06 3.97e-10  4.03e-06     0s
  20   2.76777585e+05  2.76779869e+05  2.49e-05 9.60e-12  8.23e-08     0s
  21   2.76778876e+05  2.76780087e+05  6.57e-06 1.54e-11  1.22e-08     0s
  22   2.76780046e+05  2.76780119e+05  3.77e-07 9.92e-12  1.69e-09     0s
  23   2.76779913e+05  2.76780122e+05  6.90e-07 8.49e-12  8.70e-10     0s
  24   2.76779368e+05  2.76780122e+05  1.45e-06 6.23e-12  6.25e-10     0s
  25   2.76780124e+05  2.76780124e+05  1.54e-08 8.62e-12  7.80e-11     0s

Barrier solved model in 25 iterations and 0.08 seconds (0.06 work units)
Optimal objective 2.76780124e+05


User-callback calls 78, time in user-callback 0.00 sec

Gurobi 13.0.2 (win64) logging started Wed Jul 15 14:28:00 2026

Set parameter LogFile to value "C:\Users\ehsanno\DataspellProjects\Spanish_Power_System\results\GoRES\ipopt_logs\2024-07-08_h01.log"

Gurobi 13.0.2 (win64) logging started Wed Jul 15 14:28:00 2026

Set parameter LogFile to value "C:\Users\ehsanno\DataspellProjects\Spanish_Power_System\results\GoRES\ipopt_logs\2024-07-08_h01.log"
Gurobi Optimizer version 13.0.2 build v13.0.2rc1 (win64 - Windows 11+.0 (26200.2))

CPU model: 11th Gen Intel(R) Core(TM) i5-1145G7 @ 2.60GHz, instruction set [SSE2|AVX|AVX2|AVX512]
Thread count: 4 physical cores, 8 logical processors, using up to 8 threads

Non-default parameters:
LogToConsole  0

Optimize a model with 5142 rows, 7197 columns and 18460 nonzeros (Min)
Model fingerprint: 0xaab710d6
Model has 2031 linear objective coefficients and an objective constant of 1.4649139823333198e+07
Model has 973 quadratic objective terms
Coefficient statistics:
  Matrix range     [1e+00, 1e+04]
  Objective range  [9e+00, 1e+06]
  QObjective range [2e+04, 2e+04]
  Bounds range     [2e-06, 1e+04]
  RHS range        [2e-06, 9e+00]

Presolve removed 3665 rows and 4167 columns
Presolve time: 0.01s
Presolved: 1477 rows, 3030 columns, 8930 nonzeros
Presolved model has 899 quadratic objective terms
Ordering time: 0.00s

Barrier statistics:
 AA' NZ     : 1.769e+04
 Factor NZ  : 4.703e+04 (roughly 2 MB of memory)
 Factor Ops : 1.877e+06 (less than 1 second per iteration)
 Threads    : 1

                  Objective                Residual
Iter       Primal          Dual         Primal    Dual     Compl     Time
   0   4.91061083e+12 -5.21144651e+11  6.25e+03 3.32e+03  3.30e+06     0s
   1   1.37590341e+12 -9.66296613e+10  1.87e+03 9.96e+02  1.01e+06     0s
   2   2.32982793e+11 -5.82733417e+10  3.26e+02 1.73e+02  2.24e+05     0s
   3   1.14305267e+10 -4.24696002e+10  1.63e+01 8.64e+00  1.69e+04     0s
   4   3.02288389e+09 -2.44308832e+10  4.46e+00 2.37e+00  6.61e+03     0s
   5   8.92336622e+08 -1.14636011e+10  1.42e+00 7.55e-01  2.60e+03     0s
   6   5.00387692e+08 -8.28620409e+09  7.95e-01 4.22e-01  1.80e+03     0s
   7   2.62748846e+08 -4.80083125e+09  3.75e-01 1.99e-01  9.84e+02     0s
   8   2.09787448e+08 -3.78724917e+09  2.68e-01 1.42e-01  7.63e+02     0s
   9   1.03193606e+08 -1.40357536e+09  8.50e-02 4.52e-02  2.72e+02     0s
  10   5.61347275e+07 -5.09748291e+08  2.80e-02 1.49e-02  9.83e+01     0s
  11   2.62634727e+07 -1.43569970e+08  6.51e-03 3.46e-03  2.85e+01     0s
  12   1.96612169e+07 -9.60502503e+07  2.38e-03 1.27e-03  1.92e+01     0s
  13   1.26291047e+07 -3.24181323e+07  4.56e-04 2.42e-04  7.40e+00     0s
  14   1.14549951e+07 -2.56149139e+07  1.17e-04 6.23e-05  6.08e+00     0s
  15   9.26850685e+06 -6.94299776e+06  3.58e-05 1.90e-05  2.66e+00     0s
  16   8.57356253e+06 -2.08615480e+06  9.42e-06 5.00e-06  1.75e+00     0s
  17   7.64118626e+06  4.30915007e+06  4.11e-07 2.18e-07  5.46e-01     0s
  18   7.46949244e+06  5.28254355e+06  1.90e-09 1.38e-11  3.58e-01     0s
  19   7.17566025e+06  6.98422629e+06  7.13e-09 5.77e-12  3.14e-02     0s
  20   7.14573309e+06  7.07864874e+06  3.83e-08 8.67e-12  1.10e-02     0s
  21   7.13412352e+06  7.12146557e+06  9.94e-09 1.46e-11  2.07e-03     0s
  22   7.13169073e+06  7.13000672e+06  1.30e-08 7.28e-12  2.76e-04     0s
  23   7.13133931e+06  7.13111677e+06  1.02e-07 1.46e-11  3.65e-05     0s
  24   7.13128728e+06  7.13127629e+06  2.20e-07 5.89e-12  1.84e-06     0s
  25   7.13128463e+06  7.13128463e+06  2.17e-07 1.74e-11  1.83e-08     0s
  26   7.13128536e+06  7.13128471e+06  5.41e-07 1.13e-11  1.29e-10     0s
  27   7.13128468e+06  7.13128471e+06  1.65e-07 1.17e-11  5.68e-12     0s

Barrier solved model in 27 iterations and 0.07 seconds (0.05 work units)
Optimal objective 7.13128468e+06


User-callback calls 82, time in user-callback 0.00 sec

Gurobi 13.0.2 (win64) logging started Wed Jul 15 14:31:07 2026

Set parameter LogFile to value "C:\Users\ehsanno\DataspellProjects\Spanish_Power_System\results\GoRES\ipopt_logs\2024-07-08_h01.log"

Gurobi 13.0.2 (win64) logging started Wed Jul 15 14:31:07 2026

Set parameter LogFile to value "C:\Users\ehsanno\DataspellProjects\Spanish_Power_System\results\GoRES\ipopt_logs\2024-07-08_h01.log"
Gurobi Optimizer version 13.0.2 build v13.0.2rc1 (win64 - Windows 11+.0 (26200.2))

CPU model: 11th Gen Intel(R) Core(TM) i5-1145G7 @ 2.60GHz, instruction set [SSE2|AVX|AVX2|AVX512]
Thread count: 4 physical cores, 8 logical processors, using up to 8 threads

Non-default parameters:
LogToConsole  0

Optimize a model with 5142 rows, 7197 columns and 18460 nonzeros (Min)
Model fingerprint: 0xff53c63b
Model has 2031 linear objective coefficients and an objective constant of 1.4649154656240005e+07
Model has 973 quadratic objective terms
Coefficient statistics:
  Matrix range     [1e+00, 1e+04]
  Objective range  [9e+00, 1e+06]
  QObjective range [2e+04, 2e+04]
  Bounds range     [2e-06, 1e+04]
  RHS range        [2e-06, 9e+00]

Presolve removed 3672 rows and 4176 columns
Presolve time: 0.02s
Presolved: 1470 rows, 3021 columns, 8927 nonzeros
Presolved model has 899 quadratic objective terms
Ordering time: 0.00s

Barrier statistics:
 AA' NZ     : 1.770e+04
 Factor NZ  : 4.733e+04 (roughly 2 MB of memory)
 Factor Ops : 1.928e+06 (less than 1 second per iteration)
 Threads    : 1

                  Objective                Residual
Iter       Primal          Dual         Primal    Dual     Compl     Time
   0   5.11747607e+12 -5.49584185e+11  6.50e+03 3.60e+03  3.59e+06     0s
   1   1.42672014e+12 -1.16011988e+11  1.93e+03 1.07e+03  1.09e+06     0s
   2   2.29572831e+11 -7.92607985e+10  3.19e+02 1.77e+02  2.30e+05     0s
   3   3.59398031e+10 -5.69243054e+10  5.05e+01 2.80e+01  4.13e+04     0s
   4   7.21969450e+09 -3.08686093e+10  1.04e+01 5.77e+00  1.09e+04     0s
   5   1.17678988e+09 -1.29017124e+10  1.97e+00 1.09e+00  3.04e+03     0s
   6   7.03682447e+08 -1.04411124e+10  1.25e+00 6.93e-01  2.37e+03     0s
   7   3.68241162e+08 -6.76592101e+09  6.87e-01 3.81e-01  1.45e+03     0s
   8   2.94214613e+08 -5.52249551e+09  5.48e-01 3.04e-01  1.17e+03     0s
   9   1.96009683e+08 -3.60841372e+09  2.72e-01 1.51e-01  7.27e+02     0s
  10   1.47747376e+08 -2.64399704e+09  1.70e-01 9.44e-02  5.20e+02     0s
  11   4.98226108e+07 -4.51220814e+08  1.63e-02 9.06e-03  8.60e+01     0s
  12   9.04793236e+06 -2.37956561e+07  6.25e-05 3.47e-05  5.40e+00     0s
  13   2.81579880e+06  4.80855536e+05  8.97e-07 4.97e-07  3.84e-01     0s
  14   2.35074117e+06  1.91230550e+06  1.02e-07 5.63e-08  7.21e-02     0s
  15   2.24579599e+06  2.20016160e+06  1.02e-08 2.24e-09  7.50e-03     0s
  16   2.23072178e+06  2.22330445e+06  1.39e-07 1.40e-10  1.22e-03     0s
  17   2.22804985e+06  2.22610437e+06  6.08e-07 2.06e-11  3.20e-04     0s
  18   2.22737287e+06  2.22711709e+06  9.36e-08 1.56e-11  4.20e-05     0s
  19   2.22729058e+06  2.22725555e+06  4.42e-07 1.58e-11  5.76e-06     0s
  20   2.22727817e+06  2.22727762e+06  3.94e-07 9.21e-12  9.81e-08     0s
  21   2.22727812e+06  2.22727805e+06  3.95e-07 1.10e-11  2.01e-10     0s
  22   2.22727805e+06  2.22727805e+06  3.68e-08 9.61e-12  9.56e-12     0s

Barrier solved model in 22 iterations and 0.06 seconds (0.05 work units)
Optimal objective 2.22727805e+06


User-callback calls 72, time in user-callback 0.00 sec

Gurobi 13.0.2 (win64) logging started Wed Jul 15 17:24:33 2026

Set parameter LogFile to value "C:\Users\ehsanno\DataspellProjects\Spanish_Power_System\results\GoRES\ipopt_logs\2024-07-08_h01.log"

Gurobi 13.0.2 (win64) logging started Wed Jul 15 17:24:33 2026

Set parameter LogFile to value "C:\Users\ehsanno\DataspellProjects\Spanish_Power_System\results\GoRES\ipopt_logs\2024-07-08_h01.log"
Gurobi Optimizer version 13.0.2 build v13.0.2rc1 (win64 - Windows 11+.0 (26200.2))

CPU model: 11th Gen Intel(R) Core(TM) i5-1145G7 @ 2.60GHz, instruction set [SSE2|AVX|AVX2|AVX512]
Thread count: 4 physical cores, 8 logical processors, using up to 8 threads

Non-default parameters:
LogToConsole  0

Optimize a model with 5146 rows, 7443 columns and 18718 nonzeros (Min)
Model fingerprint: 0xa8cab7cd
Model has 2199 linear objective coefficients and an objective constant of 1.3017888485925760e+07
Model has 972 quadratic objective terms
Coefficient statistics:
  Matrix range     [1e+00, 1e+04]
  Objective range  [2e-01, 1e+06]
  QObjective range [2e+04, 2e+04]
  Bounds range     [2e-06, 1e+04]
  RHS range        [2e-06, 9e+00]

Presolve removed 10 rows and 197 columns
Presolve time: 0.00s

Barrier solved model in 0 iterations and 0.00 seconds (0.00 work units)
Model is infeasible

User-callback calls 26, time in user-callback 0.00 sec

Gurobi 13.0.2 (win64) logging started Wed Jul 15 17:27:39 2026

Set parameter LogFile to value "C:\Users\ehsanno\DataspellProjects\Spanish_Power_System\results\GoRES\ipopt_logs\2024-07-08_h01.log"

Gurobi 13.0.2 (win64) logging started Wed Jul 15 17:27:39 2026

Set parameter LogFile to value "C:\Users\ehsanno\DataspellProjects\Spanish_Power_System\results\GoRES\ipopt_logs\2024-07-08_h01.log"
Gurobi Optimizer version 13.0.2 build v13.0.2rc1 (win64 - Windows 11+.0 (26200.2))

CPU model: 11th Gen Intel(R) Core(TM) i5-1145G7 @ 2.60GHz, instruction set [SSE2|AVX|AVX2|AVX512]
Thread count: 4 physical cores, 8 logical processors, using up to 8 threads

Non-default parameters:
LogToConsole  0

Optimize a model with 5146 rows, 7443 columns and 18718 nonzeros (Min)
Model fingerprint: 0x7f9a9e03
Model has 2199 linear objective coefficients and an objective constant of 1.3017896538320005e+07
Model has 972 quadratic objective terms
Coefficient statistics:
  Matrix range     [1e+00, 1e+04]
  Objective range  [4e-01, 1e+06]
  QObjective range [2e+04, 2e+04]
  Bounds range     [2e-06, 1e+04]
  RHS range        [2e-06, 9e+00]

Presolve removed 10 rows and 197 columns
Presolve time: 0.00s

Barrier solved model in 0 iterations and 0.00 seconds (0.00 work units)
Model is infeasible

User-callback calls 25, time in user-callback 0.00 sec

Gurobi 13.0.2 (win64) logging started Wed Jul 15 17:29:57 2026

Set parameter LogFile to value "C:\Users\ehsanno\DataspellProjects\Spanish_Power_System\results\GoRES\ipopt_logs\2024-07-08_h01.log"

Gurobi 13.0.2 (win64) logging started Wed Jul 15 17:29:57 2026

Set parameter LogFile to value "C:\Users\ehsanno\DataspellProjects\Spanish_Power_System\results\GoRES\ipopt_logs\2024-07-08_h01.log"
Gurobi Optimizer version 13.0.2 build v13.0.2rc1 (win64 - Windows 11+.0 (26200.2))

CPU model: 11th Gen Intel(R) Core(TM) i5-1145G7 @ 2.60GHz, instruction set [SSE2|AVX|AVX2|AVX512]
Thread count: 4 physical cores, 8 logical processors, using up to 8 threads

Non-default parameters:
LogToConsole  0

Optimize a model with 5146 rows, 7443 columns and 18718 nonzeros (Min)
Model fingerprint: 0x9a74b818
Model has 2199 linear objective coefficients and an objective constant of 1.3017896538320005e+07
Model has 972 quadratic objective terms
Coefficient statistics:
  Matrix range     [1e+00, 1e+04]
  Objective range  [4e-01, 1e+06]
  QObjective range [2e+04, 2e+04]
  Bounds range     [2e-06, 1e+04]
  RHS range        [2e-06, 9e+00]

Presolve removed 3657 rows and 4265 columns
Presolve time: 0.04s
Presolved: 1489 rows, 3178 columns, 9182 nonzeros
Presolved model has 898 quadratic objective terms
Ordering time: 0.01s

Barrier statistics:
 AA' NZ     : 1.787e+04
 Factor NZ  : 5.024e+04 (roughly 2 MB of memory)
 Factor Ops : 2.285e+06 (less than 1 second per iteration)
 Threads    : 1

                  Objective                Residual
Iter       Primal          Dual         Primal    Dual     Compl     Time
   0   5.70908438e+12 -2.04484561e+12  7.75e+03 3.76e+04  3.76e+07     0s
   1   1.22976805e+12 -1.11368210e+12  1.79e+03 8.67e+03  8.92e+06     0s
   2   1.16282281e+11 -9.61742443e+11  1.72e+02 8.37e+02  1.02e+06     0s
   3   1.82772226e+10 -5.25308933e+11  2.78e+01 1.35e+02  2.07e+05     0s
   4   3.26180438e+09 -3.05598311e+11  5.33e+00 2.59e+01  7.53e+04     0s
   5   2.30879620e+09 -2.35744884e+11  3.87e+00 1.88e+01  5.56e+04     0s
   6   2.21501301e+09 -2.25356631e+11  3.72e+00 1.81e+01  5.35e+04     0s
   7   2.17704483e+09 -2.19179249e+11  3.67e+00 1.78e+01  5.26e+04     0s
   8   2.11824746e+09 -2.03426734e+11  3.58e+00 1.74e+01  5.13e+04     0s
   9   2.06453237e+09 -1.72097620e+11  3.50e+00 1.70e+01  5.01e+04     0s
  10   2.03900970e+09 -1.18930250e+11  3.46e+00 1.68e+01  4.96e+04     0s
  11   2.05293105e+09  2.22254369e+10  3.45e+00 1.68e+01  4.95e+04     0s
  12   2.05909433e+09  3.97932496e+11  3.43e+00 1.67e+01  4.91e+04     0s
  13   9.75029288e+13 -4.65207496e+13  7.75e+04 3.76e+04  3.74e+08     0s
  14   1.77646785e+13 -4.87496814e+12  2.13e+04 1.03e+04  1.39e+08     0s
  15   1.36278157e+12 -1.91793563e+12  1.97e+03 9.57e+02  1.69e+07     0s
  16   7.62801625e+10 -1.55054702e+12  1.13e+02 5.48e+01  1.16e+06     0s
  17   1.35396728e+10 -9.59576740e+11  2.03e+01 9.86e+00  3.14e+05     0s
  18   3.40098307e+09 -4.96413941e+11  5.31e+00 2.58e+00  1.21e+05     0s
  19   2.51081393e+09 -3.90643648e+11  3.97e+00 1.93e+00  9.15e+04     0s
  20   2.40128289e+09 -3.72472390e+11  3.80e+00 1.84e+00  8.76e+04     0s
  21   2.31265686e+09 -3.47705319e+11  3.66e+00 1.78e+00  8.45e+04     0s
  22   2.24267063e+09 -3.13711066e+11  3.56e+00 1.73e+00  8.21e+04     0s
  23   2.18575979e+09 -2.37531282e+11  3.49e+00 1.69e+00  8.03e+04     0s
  24   2.15413526e+09 -1.37007788e+11  3.46e+00 1.68e+00  7.97e+04     0s
  25   2.16067331e+09  2.13615578e+11  3.45e+00 1.68e+00  7.96e+04     0s
  26   2.12484208e+09  9.57446350e+11  3.43e+00 1.65e+00  7.89e+04     0s
  27   2.10593996e+09  2.21289587e+12  3.42e+00 1.64e+00  7.91e+04     0s
  28   2.09070562e+09  5.39128609e+12  3.41e+00 1.64e+00  7.96e+04     0s
  29   2.08569914e+09  9.29283765e+12  3.41e+00 1.64e+00  8.08e+04     0s
  30   2.08612647e+09  1.82620703e+13  3.41e+00 1.64e+00  8.31e+04     0s
  31   2.08449423e+09  3.41629259e+13  3.41e+00 1.64e+00  8.73e+04     0s
  32   2.08565248e+09  7.68137809e+13  3.41e+00 1.64e+00  9.66e+04     0s
  33   2.08950793e+09  1.42793339e+14  3.41e+00 1.63e+00  1.11e+05     0s
  34   2.09634134e+09  2.45833742e+14  3.41e+00 1.63e+00  1.31e+05     0s
  35   2.10621578e+09  5.17441537e+14  3.41e+00 1.63e+00  1.77e+05     0s
  36   2.11021105e+09  8.24157972e+14  3.40e+00 1.63e+00  2.27e+05     0s
  37   2.11613498e+09  1.63669234e+15  3.40e+00 1.63e+00  3.46e+05     0s
  38   2.11541143e+09  3.49769709e+15  3.40e+00 1.63e+00  5.92e+05     0s
  39   2.11094725e+09  5.03240303e+15  3.40e+00 1.63e+00  7.91e+05     0s
  40   2.11064699e+09  5.25645667e+15  3.40e+00 1.63e+00  8.20e+05     0s
  41   2.11039056e+09  5.56002565e+15  3.40e+00 1.63e+00  8.59e+05     0s
  42   2.11007387e+09  6.23393077e+15  3.40e+00 1.63e+00  9.45e+05     0s
  43   9.75029288e+13 -4.65207496e+13  7.75e+04 3.76e+04  3.74e+08     0s
  44   1.50140636e+12 -1.14130513e+11  2.58e+03 1.25e+03  4.89e+05     0s
  45   1.62587004e+11 -1.05117794e+10  3.11e+02 1.51e+02  1.45e+04     0s
  46   3.51673311e+10 -3.04902402e+09  7.04e+01 3.42e+01  1.67e+03     0s
  47   1.54732068e+10 -1.97827951e+09  3.23e+01 1.57e+01  6.12e+02     0s
  48   6.20348497e+09 -1.45811956e+09  1.42e+01 6.91e+00  2.29e+02     0s
  49   3.43741422e+09 -1.27606991e+09  8.76e+00 4.25e+00  1.36e+02     0s
  50   2.63554336e+09 -1.21691950e+09  7.16e+00 3.48e+00  1.15e+02     0s
  51   2.29647625e+09 -1.18561705e+09  6.48e+00 3.15e+00  1.11e+02     0s
  52   2.10088304e+09 -1.16662203e+09  6.09e+00 2.96e+00  1.06e+02     0s
  53   1.80641718e+09 -1.12472198e+09  5.47e+00 2.66e+00  1.09e+02     0s
  54   1.51663047e+09 -1.08081053e+09  4.87e+00 2.36e+00  1.10e+02     0s
  55   1.21072383e+09 -1.03764209e+09  4.21e+00 2.05e+00  9.59e+01     0s
  56   1.11891991e+09 -1.02297750e+09  4.02e+00 1.95e+00  9.27e+01     0s
  57   1.06698026e+09 -1.01383132e+09  3.90e+00 1.90e+00  9.14e+01     0s
  58   9.92180993e+08 -1.00046161e+09  3.74e+00 1.82e+00  8.94e+01     0s
  59   1.07880625e+09 -9.99330581e+08  3.91e+00 1.90e+00  1.03e+02     0s
  60   1.06925628e+09 -9.94844375e+08  3.89e+00 1.89e+00  1.04e+02     0s
  61   1.06484246e+09 -9.85900490e+08  3.86e+00 1.88e+00  1.11e+02     0s
  62   1.05607340e+09 -9.65002760e+08  3.82e+00 1.85e+00  1.25e+02     0s
  63   9.89390002e+08 -9.08065234e+08  3.62e+00 1.76e+00  1.55e+02     0s
  64   1.04680680e+09 -7.90765628e+08  3.57e+00 1.73e+00  2.71e+02     0s
  65   1.11941222e+09 -6.78418345e+08  3.55e+00 1.72e+00  4.34e+02     0s
  66   1.27854516e+09 -4.53252214e+08  3.52e+00 1.71e+00  8.21e+02     0s
  67   1.38775283e+09 -3.16709891e+08  3.52e+00 1.71e+00  1.13e+03     0s
  68   1.52258752e+09 -1.63639269e+08  3.51e+00 1.71e+00  1.50e+03     0s
  69   2.06712288e+09  4.84058873e+08  3.50e+00 1.70e+00  4.37e+03     0s
  70   2.19593116e+09  7.75031233e+08  3.49e+00 1.70e+00  1.65e+04     0s
  71   2.33840173e+09  1.14031577e+10  3.52e+00 1.71e+00  9.75e+05     0s
  72*  2.33586399e+09  1.00684107e+13  3.47e-03 1.13e-03  3.44e+00     0s
  73*  2.33586399e+09  1.00526231e+16  3.47e-06 3.43e-06  3.44e-03     0s
  74*  2.33586399e+09  1.00525926e+19  3.47e-09 1.33e-05  3.44e-06     0s
  75*  2.33586399e+09  1.00525923e+22  3.47e-12 6.17e-06  3.44e-09     0s

Barrier performed 75 iterations in 0.28 seconds (0.16 work units)
Infeasible model


User-callback calls 146, time in user-callback 0.00 sec

Gurobi 13.0.2 (win64) logging started Wed Jul 15 18:00:22 2026

Set parameter LogFile to value "C:\Users\ehsanno\DataspellProjects\Spanish_Power_System\results\GoRES\ipopt_logs\2024-07-08_h01.log"

Gurobi 13.0.2 (win64) logging started Wed Jul 15 18:00:22 2026

Set parameter LogFile to value "C:\Users\ehsanno\DataspellProjects\Spanish_Power_System\results\GoRES\ipopt_logs\2024-07-08_h01.log"
Gurobi Optimizer version 13.0.2 build v13.0.2rc1 (win64 - Windows 11+.0 (26200.2))

CPU model: 11th Gen Intel(R) Core(TM) i5-1145G7 @ 2.60GHz, instruction set [SSE2|AVX|AVX2|AVX512]
Thread count: 4 physical cores, 8 logical processors, using up to 8 threads

Non-default parameters:
LogToConsole  0

Optimize a model with 5146 rows, 7443 columns and 18718 nonzeros (Min)
Model fingerprint: 0x5d17c0ec
Model has 2199 linear objective coefficients and an objective constant of 1.3017896538320005e+07
Model has 972 quadratic objective terms
Coefficient statistics:
  Matrix range     [1e+00, 1e+04]
  Objective range  [4e-01, 1e+06]
  QObjective range [2e+04, 2e+04]
  Bounds range     [2e-06, 1e+04]
  RHS range        [2e-06, 9e+00]

Presolve removed 3654 rows and 4261 columns
Presolve time: 0.02s
Presolved: 1492 rows, 3182 columns, 9200 nonzeros
Presolved model has 898 quadratic objective terms
Ordering time: 0.01s

Barrier statistics:
 AA' NZ     : 1.785e+04
 Factor NZ  : 4.893e+04 (roughly 2 MB of memory)
 Factor Ops : 2.097e+06 (less than 1 second per iteration)
 Threads    : 1

                  Objective                Residual
Iter       Primal          Dual         Primal    Dual     Compl     Time
   0   6.43832891e+12 -2.36845267e+12  7.50e+03 3.76e+04  3.76e+07     0s
   1   1.44596114e+12 -1.34756096e+12  1.79e+03 8.97e+03  9.24e+06     0s
   2   1.55875183e+11 -1.13732754e+12  1.96e+02 9.86e+02  1.21e+06     0s
   3   2.30271478e+10 -5.87522923e+11  2.97e+01 1.49e+02  2.30e+05     0s
   4   3.54967481e+09 -2.56698844e+11  5.04e+00 2.53e+01  6.03e+04     0s
   5   1.11846693e+09 -1.16505633e+11  1.79e+00 9.01e+00  2.43e+04     0s
   6   1.04231876e+09 -1.09526237e+11  1.64e+00 8.25e+00  2.30e+04     0s
   7   9.85438837e+08 -1.03202153e+11  1.55e+00 7.79e+00  2.17e+04     0s
   8   9.63792291e+08 -9.95670190e+10  1.51e+00 7.57e+00  2.11e+04     0s
   9   9.25689558e+08 -9.16015898e+10  1.43e+00 7.15e+00  2.00e+04     0s
  10   9.04293866e+08 -8.66127414e+10  1.39e+00 7.00e+00  1.95e+04     0s
  11   8.64036919e+08 -7.66614937e+10  1.36e+00 6.81e+00  1.90e+04     0s
  12   8.12964095e+08 -6.20768547e+10  1.33e+00 6.66e+00  1.85e+04     0s
  13   7.82642398e+08 -2.79193509e+10  1.31e+00 6.57e+00  1.83e+04     0s
  14   7.56139419e+08  4.73685548e+10  1.30e+00 6.51e+00  1.81e+04     0s
  15   7.40538163e+08  1.29888059e+11  1.29e+00 6.47e+00  1.80e+04     0s
  16   7.31919170e+08  2.26452154e+11  1.29e+00 6.45e+00  1.80e+04     0s
  17   1.04804069e+14 -4.68475132e+13  7.50e+04 3.76e+04  3.74e+08     0s
  18   2.02788245e+13 -5.42031641e+12  2.10e+04 1.05e+04  1.44e+08     0s
  19   1.31555460e+12 -2.32541191e+12  1.62e+03 8.15e+02  1.45e+07     0s
  20   6.28480717e+10 -1.61489992e+12  7.90e+01 3.96e+01  9.07e+05     0s
  21   6.81914664e+09 -7.05607740e+11  8.79e+00 4.41e+00  1.83e+05     0s
  22   1.35527067e+09 -2.32326797e+11  1.82e+00 9.15e-01  4.87e+04     0s
  23   1.22302695e+09 -2.12557619e+11  1.64e+00 8.21e-01  4.46e+04     0s
  24   1.14808060e+09 -1.94126660e+11  1.52e+00 7.63e-01  4.14e+04     0s
  25   1.09821815e+09 -1.74686003e+11  1.45e+00 7.25e-01  3.94e+04     0s
  26   1.04965125e+09 -1.55256822e+11  1.40e+00 7.02e-01  3.81e+04     0s
  27   9.85634526e+08 -1.27593373e+11  1.36e+00 6.84e-01  3.71e+04     0s
  28   8.62697024e+08 -6.65154971e+10  1.32e+00 6.61e-01  3.56e+04     0s
  29   8.48979135e+08 -2.53247280e+10  1.31e+00 6.59e-01  3.55e+04     0s
  30   8.07265775e+08  8.10062967e+10  1.30e+00 6.53e-01  3.52e+04     0s
  31   7.83881872e+08  2.27757338e+11  1.29e+00 6.48e-01  3.50e+04     0s
  32   7.63072873e+08  4.53857228e+11  1.29e+00 6.45e-01  3.48e+04     0s
  33   7.54625095e+08  6.64311659e+11  1.28e+00 6.43e-01  3.48e+04     0s
  34   7.47589916e+08  9.34745482e+11  1.28e+00 6.42e-01  3.49e+04     0s
  35   7.33567182e+08  1.78899688e+12  1.28e+00 6.40e-01  3.50e+04     0s
  36   7.30205205e+08  2.49393202e+12  1.28e+00 6.40e-01  3.53e+04     0s
  37   7.23114523e+08  4.41272082e+12  1.27e+00 6.38e-01  3.60e+04     0s
  38   7.20730072e+08  6.76262067e+12  1.27e+00 6.37e-01  3.70e+04     0s
  39   7.20798246e+08  8.03552198e+12  1.27e+00 6.37e-01  3.76e+04     0s
  40   7.16056371e+08  1.24053455e+13  1.27e+00 6.37e-01  3.94e+04     0s
  41   7.16195482e+08  1.69752654e+13  1.27e+00 6.36e-01  4.13e+04     0s
  42   7.15691345e+08  2.10207780e+13  1.27e+00 6.36e-01  4.28e+04     0s
  43   7.16068580e+08  4.45575845e+13  1.27e+00 6.36e-01  4.89e+04     0s
  44   7.15424576e+08  7.29331822e+13  1.27e+00 6.35e-01  5.59e+04     0s
  45   7.11424641e+08  1.01933020e+14  1.27e+00 6.35e-01  6.19e+04     0s
  46   7.11165569e+08  1.07471533e+14  1.27e+00 6.35e-01  6.30e+04     0s
  47   7.10826483e+08  1.16656388e+14  1.27e+00 6.35e-01  6.49e+04     0s
  48   7.10337472e+08  1.35161761e+14  1.27e+00 6.35e-01  6.86e+04     0s
  49   7.09395441e+08  2.15968796e+14  1.27e+00 6.35e-01  8.36e+04     0s
  50   7.09529252e+08  2.37261159e+14  1.27e+00 6.35e-01  8.82e+04     0s

Barrier performed 50 iterations in 0.18 seconds (0.11 work units)
Numerical trouble encountered

Model may be infeasible or unbounded.  Consider using the
homogeneous algorithm (through parameter 'BarHomogeneous')


User-callback calls 111, time in user-callback 0.00 sec

Gurobi 13.0.2 (win64) logging started Thu Jul 16 15:27:12 2026

Set parameter LogFile to value "C:\Users\ehsanno\DataspellProjects\Spanish_Power_System\results\GoRES\ipopt_logs\2024-07-08_h01.log"

Gurobi 13.0.2 (win64) logging started Thu Jul 16 15:27:12 2026

Set parameter LogFile to value "C:\Users\ehsanno\DataspellProjects\Spanish_Power_System\results\GoRES\ipopt_logs\2024-07-08_h01.log"
Gurobi Optimizer version 13.0.2 build v13.0.2rc1 (win64 - Windows 11+.0 (26200.2))

CPU model: 11th Gen Intel(R) Core(TM) i5-1145G7 @ 2.60GHz, instruction set [SSE2|AVX|AVX2|AVX512]
Thread count: 4 physical cores, 8 logical processors, using up to 8 threads

Non-default parameters:
LogToConsole  0

Optimize a model with 5146 rows, 7443 columns and 18718 nonzeros (Min)
Model fingerprint: 0x5d17c0ec
Model has 2199 linear objective coefficients and an objective constant of 1.3017896538320005e+07
Model has 972 quadratic objective terms
Coefficient statistics:
  Matrix range     [1e+00, 1e+04]
  Objective range  [4e-01, 1e+06]
  QObjective range [2e+04, 2e+04]
  Bounds range     [2e-06, 1e+04]
  RHS range        [2e-06, 9e+00]

Presolve removed 3654 rows and 4261 columns
Presolve time: 0.02s
Presolved: 1492 rows, 3182 columns, 9200 nonzeros
Presolved model has 898 quadratic objective terms
Ordering time: 0.00s

Barrier statistics:
 AA' NZ     : 1.785e+04
 Factor NZ  : 4.893e+04 (roughly 2 MB of memory)
 Factor Ops : 2.097e+06 (less than 1 second per iteration)
 Threads    : 1

                  Objective                Residual
Iter       Primal          Dual         Primal    Dual     Compl     Time
   0   6.43832891e+12 -2.36845267e+12  7.50e+03 3.76e+04  3.76e+07     0s
   1   1.44596114e+12 -1.34756096e+12  1.79e+03 8.97e+03  9.24e+06     0s
   2   1.55875183e+11 -1.13732754e+12  1.96e+02 9.86e+02  1.21e+06     0s
   3   2.30271478e+10 -5.87522923e+11  2.97e+01 1.49e+02  2.30e+05     0s
   4   3.54967481e+09 -2.56698844e+11  5.04e+00 2.53e+01  6.03e+04     0s
   5   1.11846693e+09 -1.16505633e+11  1.79e+00 9.01e+00  2.43e+04     0s
   6   1.04231876e+09 -1.09526237e+11  1.64e+00 8.25e+00  2.30e+04     0s
   7   9.85438837e+08 -1.03202153e+11  1.55e+00 7.79e+00  2.17e+04     0s
   8   9.63792291e+08 -9.95670190e+10  1.51e+00 7.57e+00  2.11e+04     0s
   9   9.25689558e+08 -9.16015898e+10  1.43e+00 7.15e+00  2.00e+04     0s
  10   9.04293866e+08 -8.66127414e+10  1.39e+00 7.00e+00  1.95e+04     0s
  11   8.64036919e+08 -7.66614937e+10  1.36e+00 6.81e+00  1.90e+04     0s
  12   8.12964095e+08 -6.20768547e+10  1.33e+00 6.66e+00  1.85e+04     0s
  13   7.82642398e+08 -2.79193509e+10  1.31e+00 6.57e+00  1.83e+04     0s
  14   7.56139419e+08  4.73685548e+10  1.30e+00 6.51e+00  1.81e+04     0s
  15   7.40538163e+08  1.29888059e+11  1.29e+00 6.47e+00  1.80e+04     0s
  16   7.31919170e+08  2.26452154e+11  1.29e+00 6.45e+00  1.80e+04     0s
  17   1.04804069e+14 -4.68475132e+13  7.50e+04 3.76e+04  3.74e+08     0s
  18   2.02788245e+13 -5.42031641e+12  2.10e+04 1.05e+04  1.44e+08     0s
  19   1.31555460e+12 -2.32541191e+12  1.62e+03 8.15e+02  1.45e+07     0s
  20   6.28480717e+10 -1.61489992e+12  7.90e+01 3.96e+01  9.07e+05     0s
  21   6.81914664e+09 -7.05607740e+11  8.79e+00 4.41e+00  1.83e+05     0s
  22   1.35527067e+09 -2.32326797e+11  1.82e+00 9.15e-01  4.87e+04     0s
  23   1.22302695e+09 -2.12557619e+11  1.64e+00 8.21e-01  4.46e+04     0s
  24   1.14808060e+09 -1.94126660e+11  1.52e+00 7.63e-01  4.14e+04     0s
  25   1.09821815e+09 -1.74686003e+11  1.45e+00 7.25e-01  3.94e+04     0s
  26   1.04965125e+09 -1.55256822e+11  1.40e+00 7.02e-01  3.81e+04     0s
  27   9.85634526e+08 -1.27593373e+11  1.36e+00 6.84e-01  3.71e+04     0s
  28   8.62697024e+08 -6.65154971e+10  1.32e+00 6.61e-01  3.56e+04     0s
  29   8.48979135e+08 -2.53247280e+10  1.31e+00 6.59e-01  3.55e+04     0s
  30   8.07265775e+08  8.10062967e+10  1.30e+00 6.53e-01  3.52e+04     0s
  31   7.83881872e+08  2.27757338e+11  1.29e+00 6.48e-01  3.50e+04     0s
  32   7.63072873e+08  4.53857228e+11  1.29e+00 6.45e-01  3.48e+04     0s
  33   7.54625095e+08  6.64311659e+11  1.28e+00 6.43e-01  3.48e+04     0s
  34   7.47589916e+08  9.34745482e+11  1.28e+00 6.42e-01  3.49e+04     0s
  35   7.33567182e+08  1.78899688e+12  1.28e+00 6.40e-01  3.50e+04     0s
  36   7.30205205e+08  2.49393202e+12  1.28e+00 6.40e-01  3.53e+04     0s
  37   7.23114523e+08  4.41272082e+12  1.27e+00 6.38e-01  3.60e+04     0s
  38   7.20730072e+08  6.76262067e+12  1.27e+00 6.37e-01  3.70e+04     0s
  39   7.20798246e+08  8.03552198e+12  1.27e+00 6.37e-01  3.76e+04     0s
  40   7.16056371e+08  1.24053455e+13  1.27e+00 6.37e-01  3.94e+04     0s
  41   7.16195482e+08  1.69752654e+13  1.27e+00 6.36e-01  4.13e+04     0s
  42   7.15691345e+08  2.10207780e+13  1.27e+00 6.36e-01  4.28e+04     0s
  43   7.16068580e+08  4.45575845e+13  1.27e+00 6.36e-01  4.89e+04     0s
  44   7.15424576e+08  7.29331822e+13  1.27e+00 6.35e-01  5.59e+04     0s
  45   7.11424641e+08  1.01933020e+14  1.27e+00 6.35e-01  6.19e+04     0s
  46   7.11165569e+08  1.07471533e+14  1.27e+00 6.35e-01  6.30e+04     0s
  47   7.10826483e+08  1.16656388e+14  1.27e+00 6.35e-01  6.49e+04     0s
  48   7.10337472e+08  1.35161761e+14  1.27e+00 6.35e-01  6.86e+04     0s
  49   7.09395441e+08  2.15968796e+14  1.27e+00 6.35e-01  8.36e+04     0s
  50   7.09529252e+08  2.37261159e+14  1.27e+00 6.35e-01  8.82e+04     0s

Barrier performed 50 iterations in 0.13 seconds (0.11 work units)
Numerical trouble encountered

Model may be infeasible or unbounded.  Consider using the
homogeneous algorithm (through parameter 'BarHomogeneous')


User-callback calls 119, time in user-callback 0.00 sec

Gurobi 13.0.2 (win64) logging started Thu Jul 16 16:07:48 2026

Set parameter LogFile to value "C:\Users\ehsanno\DataspellProjects\Spanish_Power_System\results\GoRES\ipopt_logs\2024-07-08_h01.log"

Gurobi 13.0.2 (win64) logging started Thu Jul 16 16:07:48 2026

Set parameter LogFile to value "C:\Users\ehsanno\DataspellProjects\Spanish_Power_System\results\GoRES\ipopt_logs\2024-07-08_h01.log"
Gurobi Optimizer version 13.0.2 build v13.0.2rc1 (win64 - Windows 11+.0 (26200.2))

CPU model: 11th Gen Intel(R) Core(TM) i5-1145G7 @ 2.60GHz, instruction set [SSE2|AVX|AVX2|AVX512]
Thread count: 4 physical cores, 8 logical processors, using up to 8 threads

Non-default parameters:
LogToConsole  0

Optimize a model with 5146 rows, 7859 columns and 19134 nonzeros (Min)
Model fingerprint: 0xbec1169e
Model has 2543 linear objective coefficients and an objective constant of 14432842.1155017
Model has 1482 quadratic objective terms
Coefficient statistics:
  Matrix range     [1e+00, 1e+04]
  Objective range  [2e-01, 1e+06]
  QObjective range [2e+04, 2e+04]
  Bounds range     [2e-06, 1e+04]
  RHS range        [2e-06, 9e+00]

Presolve removed 3638 rows and 4151 columns
Presolve time: 0.01s
Presolved: 1508 rows, 3708 columns, 9804 nonzeros
Presolved model has 1408 quadratic objective terms
Ordering time: 0.00s

Barrier statistics:
 AA' NZ     : 1.775e+04
 Factor NZ  : 4.819e+04 (roughly 2 MB of memory)
 Factor Ops : 2.014e+06 (less than 1 second per iteration)
 Threads    : 1

                  Objective                Residual
Iter       Primal          Dual         Primal    Dual     Compl     Time
   0   7.07758029e+12 -2.69613354e+12  8.06e+03 3.76e+04  3.76e+07     0s
   1   1.56677085e+12 -1.43014540e+12  1.94e+03 9.05e+03  9.32e+06     0s
   2   1.63843219e+11 -1.17997533e+12  2.08e+02 9.73e+02  1.17e+06     0s
   3   2.47152600e+10 -5.95669500e+11  3.22e+01 1.50e+02  2.17e+05     0s
   4   1.64684397e+10 -4.66956479e+11  2.17e+01 1.01e+02  1.50e+05     0s
   5   6.66839430e+09 -3.24904541e+11  9.00e+00 4.20e+01  8.32e+04     0s
   6   1.27533496e+09 -1.16790623e+11  2.01e+00 9.36e+00  2.28e+04     0s
   7   4.02390967e+08 -5.34832599e+10  5.12e-01 2.39e+00  9.03e+03     0s
   8   2.18108629e+08 -3.22595150e+10  2.08e-01 9.73e-01  5.14e+03     0s
   9   1.08446688e+08 -3.05714148e+09  1.38e-02 6.43e-02  4.49e+02     0s
  10   7.12472007e+07 -1.20207990e+09  4.66e-03 2.17e-02  1.75e+02     0s
  11   3.28561444e+07 -5.66370773e+08  3.83e-04 1.79e-03  8.05e+01     0s
  12   6.20535467e+06 -2.59635384e+07  2.55e-06 1.19e-05  4.30e+00     0s
  13   6.60190409e+05 -1.79445414e+06  2.75e-08 1.28e-07  3.28e-01     0s
  14   2.75819103e+05 -3.23736166e+05  7.61e-09 2.43e-08  8.01e-02     0s
  15   1.46789534e+05  8.44918307e+04  2.10e-09 4.79e-11  8.33e-03     0s
  16   1.30319925e+05  1.20683997e+05  7.52e-08 1.33e-11  1.29e-03     0s
  17   1.27521032e+05  1.25213353e+05  7.10e-08 1.46e-11  3.08e-04     0s
  18   1.26828907e+05  1.26624449e+05  1.84e-08 1.08e-11  2.73e-05     0s
  19   1.26765931e+05  1.26755711e+05  2.27e-09 9.80e-12  1.37e-06     0s
  20   1.26763172e+05  1.26762573e+05  2.22e-08 9.70e-12  8.00e-08     0s
  21   1.26763014e+05  1.26763013e+05  1.67e-09 8.20e-12  1.05e-10     0s

Barrier solved model in 21 iterations and 0.07 seconds (0.05 work units)
Optimal objective 1.26763014e+05


User-callback calls 73, time in user-callback 0.00 sec

Gurobi 13.0.2 (win64) logging started Thu Jul 16 16:15:06 2026

Set parameter LogFile to value "C:\Users\ehsanno\DataspellProjects\Spanish_Power_System\results\GoRES\ipopt_logs\2024-07-08_h01.log"

Gurobi 13.0.2 (win64) logging started Thu Jul 16 16:15:06 2026

Set parameter LogFile to value "C:\Users\ehsanno\DataspellProjects\Spanish_Power_System\results\GoRES\ipopt_logs\2024-07-08_h01.log"
Gurobi Optimizer version 13.0.2 build v13.0.2rc1 (win64 - Windows 11+.0 (26200.2))

CPU model: 11th Gen Intel(R) Core(TM) i5-1145G7 @ 2.60GHz, instruction set [SSE2|AVX|AVX2|AVX512]
Thread count: 4 physical cores, 8 logical processors, using up to 8 threads

Non-default parameters:
LogToConsole  0

Optimize a model with 5146 rows, 7859 columns and 19134 nonzeros (Min)
Model fingerprint: 0x3dce19b4
Model has 2543 linear objective coefficients and an objective constant of 14432842.1155017
Model has 1482 quadratic objective terms
Coefficient statistics:
  Matrix range     [1e+00, 1e+04]
  Objective range  [2e-01, 1e+06]
  QObjective range [2e+04, 2e+04]
  Bounds range     [2e-06, 1e+04]
  RHS range        [2e-06, 9e+00]

Presolve removed 3636 rows and 4145 columns
Presolve time: 0.02s
Presolved: 1510 rows, 3714 columns, 9764 nonzeros
Presolved model has 1408 quadratic objective terms
Ordering time: 0.00s

Barrier statistics:
 AA' NZ     : 1.800e+04
 Factor NZ  : 4.770e+04 (roughly 2 MB of memory)
 Factor Ops : 1.956e+06 (less than 1 second per iteration)
 Threads    : 1

                  Objective                Residual
Iter       Primal          Dual         Primal    Dual     Compl     Time
   0   5.62334926e+12 -1.52113949e+12  8.00e+03 3.81e+04  3.79e+07     0s
   1   1.05186608e+12 -6.24459802e+11  1.67e+03 7.94e+03  8.16e+06     0s
   2   7.41943025e+10 -6.41954400e+11  1.21e+02 5.75e+02  7.60e+05     0s
   3   1.15105534e+10 -4.34233735e+11  1.90e+01 9.04e+01  1.56e+05     0s
   4   3.12749250e+09 -2.49043344e+11  5.33e+00 2.54e+01  6.00e+04     0s
   5   1.35949355e+09 -1.35284733e+11  2.35e+00 1.12e+01  2.82e+04     0s
   6   3.66564420e+08 -5.79187058e+10  5.61e-01 2.67e+00  9.95e+03     0s
   7   2.24690688e+08 -3.10720668e+10  2.51e-01 1.20e+00  5.00e+03     0s
   8   1.38816734e+08 -1.58407391e+10  3.28e-02 1.56e-01  2.25e+03     0s
   9   1.04580930e+08 -2.13844160e+09  2.79e-03 1.33e-02  3.04e+02     0s
  10   4.74477324e+07 -6.15749380e+08  7.40e-07 3.52e-06  8.85e+01     0s
  11   1.04957444e+07 -1.01959454e+08  1.06e-10 1.66e-10  1.50e+01     0s
  12   2.23331637e+06 -1.51192214e+07  1.28e-10 9.17e-11  2.31e+00     0s
  13   5.19185421e+05 -1.70737450e+06  7.40e-11 1.51e-11  2.97e-01     0s
  14   2.09741484e+05 -1.52035049e+05  1.43e-10 1.32e-11  4.83e-02     0s
  15   1.39328096e+05  1.02312587e+05  2.22e-09 7.42e-12  4.94e-03     0s
  16   1.30643823e+05  1.26229164e+05  1.61e-08 1.23e-11  5.89e-04     0s
  17   1.30069714e+05  1.26808908e+05  9.89e-09 9.57e-12  4.35e-04     0s
  18   1.29184835e+05  1.28129795e+05  8.11e-09 2.31e-11  1.41e-04     0s
  19   1.28929258e+05  1.28816314e+05  6.47e-10 1.85e-11  1.51e-05     0s
  20   1.28899644e+05  1.28894054e+05  1.41e-10 1.44e-11  7.46e-07     0s
  21   1.28898050e+05  1.28897844e+05  1.28e-10 1.42e-11  2.74e-08     0s
  22   1.28897994e+05  1.28897993e+05  3.34e-10 5.75e-12  3.10e-11     0s

Barrier solved model in 22 iterations and 0.09 seconds (0.05 work units)
Optimal objective 1.28897994e+05


User-callback calls 82, time in user-callback 0.00 sec

Gurobi 13.0.2 (win64) logging started Thu Jul 16 16:23:34 2026

Set parameter LogFile to value "C:\Users\ehsanno\DataspellProjects\Spanish_Power_System\results\GoRES\ipopt_logs\2024-07-08_h01.log"

Gurobi 13.0.2 (win64) logging started Thu Jul 16 16:23:34 2026

Set parameter LogFile to value "C:\Users\ehsanno\DataspellProjects\Spanish_Power_System\results\GoRES\ipopt_logs\2024-07-08_h01.log"
Gurobi Optimizer version 13.0.2 build v13.0.2rc1 (win64 - Windows 11+.0 (26200.2))

CPU model: 11th Gen Intel(R) Core(TM) i5-1145G7 @ 2.60GHz, instruction set [SSE2|AVX|AVX2|AVX512]
Thread count: 4 physical cores, 8 logical processors, using up to 8 threads

Non-default parameters:
LogToConsole  0

Optimize a model with 5146 rows, 7859 columns and 19134 nonzeros (Min)
Model fingerprint: 0x5ac33bc0
Model has 2511 linear objective coefficients and an objective constant of 1.4432851618080024e+07
Model has 1482 quadratic objective terms
Coefficient statistics:
  Matrix range     [1e+00, 1e+04]
  Objective range  [4e-01, 1e+06]
  QObjective range [2e+04, 2e+04]
  Bounds range     [2e-06, 1e+04]
  RHS range        [2e-06, 9e+00]

Presolve removed 3638 rows and 4142 columns
Presolve time: 0.02s
Presolved: 1508 rows, 3717 columns, 9748 nonzeros
Presolved model has 1408 quadratic objective terms
Ordering time: 0.00s

Barrier statistics:
 AA' NZ     : 1.783e+04
 Factor NZ  : 4.781e+04 (roughly 2 MB of memory)
 Factor Ops : 2.003e+06 (less than 1 second per iteration)
 Threads    : 1

                  Objective                Residual
Iter       Primal          Dual         Primal    Dual     Compl     Time
   0   4.63880483e+12 -1.56283464e+12  8.50e+03 4.00e+04  3.98e+07     0s
   1   1.04904752e+12 -6.98317182e+11  2.18e+03 1.02e+04  1.05e+07     0s
   2   1.15465117e+11 -7.20596518e+11  2.49e+02 1.17e+03  1.48e+06     0s
   3   9.43916232e+09 -4.82639480e+11  2.07e+01 9.73e+01  1.68e+05     0s
   4   3.30527199e+09 -3.41611924e+11  7.41e+00 3.48e+01  8.68e+04     0s
   5   9.51769330e+08 -1.53872483e+11  2.19e+00 1.03e+01  3.05e+04     0s
   6   5.05935903e+08 -1.09323971e+11  9.91e-01 4.66e+00  1.96e+04     0s
   7   2.62297856e+08 -4.95718788e+10  3.54e-01 1.66e+00  8.08e+03     0s
   8   1.41652112e+08 -1.22357772e+10  3.31e-02 1.56e-01  1.75e+03     0s
   9   1.10964828e+08 -1.51385208e+09  3.01e-03 1.41e-02  2.21e+02     0s
  10   6.15902778e+07 -7.83137175e+08  7.16e-04 3.36e-03  1.14e+02     0s
  11   2.51370609e+07 -2.02997815e+08  1.26e-04 5.90e-04  3.05e+01     0s
  12   1.00949456e+07 -6.05110863e+07  3.66e-05 1.72e-04  9.42e+00     0s
  13   4.75057324e+06 -4.42781511e+07  2.58e-09 1.76e-10  6.53e+00     0s
  14   1.70266407e+06 -1.06171530e+07  1.25e-09 4.30e-11  1.64e+00     0s
  15   9.72469410e+05 -4.15290854e+06  1.86e-09 1.72e-11  6.83e-01     0s
  16   6.70237296e+05 -2.45991257e+06  4.48e-09 1.67e-11  4.17e-01     0s
  17   3.39907052e+05 -1.79270930e+04  6.44e-09 1.83e-11  4.77e-02     0s
  18   2.82697774e+05  1.64867476e+05  1.13e-08 2.15e-11  1.57e-02     0s
  19   2.62034356e+05  2.41877989e+05  8.56e-09 1.78e-11  2.69e-03     0s
  20   2.57521381e+05  2.56953347e+05  2.91e-08 1.38e-11  7.57e-05     0s
  21   2.57329656e+05  2.57274652e+05  5.49e-09 2.43e-11  7.33e-06     0s
  22   2.57315396e+05  2.57313505e+05  1.45e-09 9.57e-12  2.52e-07     0s
  23   2.57314801e+05  2.57314836e+05  9.93e-09 1.41e-11  5.50e-09     0s

Barrier solved model in 23 iterations and 0.07 seconds (0.05 work units)
Optimal objective 2.57314801e+05


User-callback calls 78, time in user-callback 0.00 sec

Gurobi 13.0.2 (win64) logging started Mon Jul 20 15:54:05 2026

Set parameter LogFile to value "C:\Users\ehsanno\DataspellProjects\Spanish_Power_System\results\GoRES\ipopt_logs\2024-07-08_h01.log"

Gurobi 13.0.2 (win64) logging started Mon Jul 20 15:54:05 2026

Set parameter LogFile to value "C:\Users\ehsanno\DataspellProjects\Spanish_Power_System\results\GoRES\ipopt_logs\2024-07-08_h01.log"
Gurobi Optimizer version 13.0.2 build v13.0.2rc1 (win64 - Windows 11+.0 (26200.2))

CPU model: 11th Gen Intel(R) Core(TM) i5-1145G7 @ 2.60GHz, instruction set [SSE2|AVX|AVX2|AVX512]
Thread count: 4 physical cores, 8 logical processors, using up to 8 threads

Non-default parameters:
LogToConsole  0

Optimize a model with 5146 rows, 8031 columns and 19306 nonzeros (Min)
Model fingerprint: 0x0c1d94d8
Model has 2714 linear objective coefficients and an objective constant of 1.8846097736782391e+07
Model has 1660 quadratic objective terms
Coefficient statistics:
  Matrix range     [1e+00, 1e+04]
  Objective range  [2e-01, 1e+06]
  QObjective range [2e+04, 2e+04]
  Bounds range     [8e-07, 1e+04]
  RHS range        [2e-06, 9e+00]

Presolve removed 3646 rows and 3737 columns
Presolve time: 0.01s

Barrier solved model in 0 iterations and 0.01 seconds (0.01 work units)
Model is infeasible

User-callback calls 27, time in user-callback 0.00 sec
Gurobi Optimizer version 13.0.2 build v13.0.2rc1 (win64 - Windows 11+.0 (26200.2))

CPU model: 11th Gen Intel(R) Core(TM) i5-1145G7 @ 2.60GHz, instruction set [SSE2|AVX|AVX2|AVX512]
Thread count: 4 physical cores, 8 logical processors, using up to 8 threads

Non-default parameters:
LogToConsole  0

Iteration    Objective       Primal Inf.    Dual Inf.      Time
       0      handle free variables                          0s
Warning: Markowitz tolerance tightened to 0.03125

IIS computed: 5 constraints and 13 bounds
IIS runtime: 0.31 seconds (0.39 work units)

Gurobi 13.0.2 (win64) logging started Mon Jul 20 15:56:35 2026

Set parameter LogFile to value "C:\Users\ehsanno\DataspellProjects\Spanish_Power_System\results\GoRES\ipopt_logs\2024-07-08_h01.log"

Gurobi 13.0.2 (win64) logging started Mon Jul 20 15:56:35 2026

Set parameter LogFile to value "C:\Users\ehsanno\DataspellProjects\Spanish_Power_System\results\GoRES\ipopt_logs\2024-07-08_h01.log"
Gurobi Optimizer version 13.0.2 build v13.0.2rc1 (win64 - Windows 11+.0 (26200.2))

CPU model: 11th Gen Intel(R) Core(TM) i5-1145G7 @ 2.60GHz, instruction set [SSE2|AVX|AVX2|AVX512]
Thread count: 4 physical cores, 8 logical processors, using up to 8 threads

Non-default parameters:
LogToConsole  0

Optimize a model with 5146 rows, 8031 columns and 19306 nonzeros (Min)
Model fingerprint: 0x13310254
Model has 2513 linear objective coefficients and an objective constant of 2.3557626925100010e+07
Model has 1660 quadratic objective terms
Coefficient statistics:
  Matrix range     [1e+00, 1e+04]
  Objective range  [4e-01, 1e+06]
  QObjective range [2e+04, 2e+04]
  Bounds range     [8e-07, 1e+04]
  RHS range        [2e-06, 9e+00]

Presolve removed 3646 rows and 3737 columns
Presolve time: 0.02s

Barrier solved model in 0 iterations and 0.02 seconds (0.01 work units)
Model is infeasible

User-callback calls 29, time in user-callback 0.00 sec
Gurobi Optimizer version 13.0.2 build v13.0.2rc1 (win64 - Windows 11+.0 (26200.2))

CPU model: 11th Gen Intel(R) Core(TM) i5-1145G7 @ 2.60GHz, instruction set [SSE2|AVX|AVX2|AVX512]
Thread count: 4 physical cores, 8 logical processors, using up to 8 threads

Non-default parameters:
LogToConsole  0

Iteration    Objective       Primal Inf.    Dual Inf.      Time
       0      handle free variables                          0s
Warning: Markowitz tolerance tightened to 0.0625

IIS computed: 5 constraints and 13 bounds
IIS runtime: 0.37 seconds (0.39 work units)

Gurobi 13.0.2 (win64) logging started Mon Jul 20 15:58:21 2026

Set parameter LogFile to value "C:\Users\ehsanno\DataspellProjects\Spanish_Power_System\results\GoRES\ipopt_logs\2024-07-08_h01.log"

Gurobi 13.0.2 (win64) logging started Mon Jul 20 15:58:21 2026

Set parameter LogFile to value "C:\Users\ehsanno\DataspellProjects\Spanish_Power_System\results\GoRES\ipopt_logs\2024-07-08_h01.log"
Gurobi Optimizer version 13.0.2 build v13.0.2rc1 (win64 - Windows 11+.0 (26200.2))

CPU model: 11th Gen Intel(R) Core(TM) i5-1145G7 @ 2.60GHz, instruction set [SSE2|AVX|AVX2|AVX512]
Thread count: 4 physical cores, 8 logical processors, using up to 8 threads

Non-default parameters:
LogToConsole  0

Optimize a model with 5146 rows, 8031 columns and 19306 nonzeros (Min)
Model fingerprint: 0xd9e620b1
Model has 2513 linear objective coefficients and an objective constant of 2.8269152310120013e+07
Model has 1660 quadratic objective terms
Coefficient statistics:
  Matrix range     [1e+00, 1e+04]
  Objective range  [4e-01, 1e+06]
  QObjective range [2e+04, 2e+04]
  Bounds range     [8e-07, 1e+04]
  RHS range        [2e-06, 9e+00]

Presolve removed 3646 rows and 3737 columns
Presolve time: 0.02s

Barrier solved model in 0 iterations and 0.02 seconds (0.01 work units)
Model is infeasible

User-callback calls 27, time in user-callback 0.00 sec
Gurobi Optimizer version 13.0.2 build v13.0.2rc1 (win64 - Windows 11+.0 (26200.2))

CPU model: 11th Gen Intel(R) Core(TM) i5-1145G7 @ 2.60GHz, instruction set [SSE2|AVX|AVX2|AVX512]
Thread count: 4 physical cores, 8 logical processors, using up to 8 threads

Non-default parameters:
LogToConsole  0

Iteration    Objective       Primal Inf.    Dual Inf.      Time
       0      handle free variables                          0s
Warning: Markowitz tolerance tightened to 0.0625

IIS computed: 5 constraints and 13 bounds
IIS runtime: 0.30 seconds (0.39 work units)
