This is Ipopt version 3.14.19, running with linear solver ma57.

Number of nonzeros in equality constraint Jacobian...:    13682
Number of nonzeros in inequality constraint Jacobian.:     3120
Number of nonzeros in Lagrangian Hessian.............:      899

Total number of variables............................:     5539
                     variables with only lower bounds:        0
                variables with lower and upper bounds:     4303
                     variables with only upper bounds:        0
Total number of equality constraints.................:     3582
Total number of inequality constraints...............:     1560
        inequality constraints with only lower bounds:        0
   inequality constraints with lower and upper bounds:     1560
        inequality constraints with only upper bounds:        0

iter    objective    inf_pr   inf_du lg(mu)  ||d||  lg(rg) alpha_du alpha_pr  ls
   0  1.9229535e+07 1.42e+01 8.47e+01  -1.0 0.00e+00    -  0.00e+00 0.00e+00   0
   1  1.9230073e+07 1.42e+01 8.45e+01  -1.0 1.72e+01    -  9.56e-03 2.79e-05f  1
   2  1.6013052e+07 1.40e+01 8.44e+01  -1.0 5.85e+01    -  1.11e-03 1.58e-02f  1
   3  1.5739087e+07 1.36e+01 8.36e+01  -1.0 1.54e+01  -4.0 1.19e-02 2.73e-02f  1
   4  1.4481398e+07 1.30e+01 8.10e+01  -1.0 1.17e+02    -  3.37e-02 4.48e-02f  1
   5  1.2278708e+07 1.16e+01 6.88e+01  -1.0 1.06e+02    -  1.45e-01 1.11e-01f  1
   6  6.0048380e+06 7.12e+00 5.17e+01  -1.0 1.06e+02    -  2.69e-01 3.84e-01f  1
   7  1.9894516e+06 1.29e+00 6.77e+00  -1.0 1.02e+01  -4.5 8.67e-01 8.19e-01f  1
   8  1.3440389e+06 1.42e-12 6.16e-01  -1.0 5.53e+00  -5.0 9.32e-01 1.00e+00f  1
   9  1.3258152e+06 3.15e-12 6.24e-03  -1.0 6.97e-01    -  9.92e-01 1.00e+00f  1
iter    objective    inf_pr   inf_du lg(mu)  ||d||  lg(rg) alpha_du alpha_pr  ls
  10  4.1293223e+05 5.68e-12 2.66e-06  -1.7 7.18e-01  -5.4 1.00e+00 1.00e+00f  1
  11  1.4387642e+05 3.42e-12 1.70e-02  -2.5 1.02e+00    -  8.84e-01 1.00e+00f  1
  12  8.5048950e+04 1.58e-12 2.66e-02  -3.8 4.77e-01  -5.9 7.35e-01 1.00e+00f  1
  13  7.7814710e+04 1.78e-12 9.82e-03  -3.8 2.56e-01    -  8.64e-01 1.00e+00f  1
  14  7.6073711e+04 1.67e-12 6.04e-08  -3.8 1.47e-01  -6.4 1.00e+00 1.00e+00f  1
  15  7.3521945e+04 1.90e-12 3.44e-03  -5.7 1.12e-01    -  7.90e-01 9.69e-01f  1
  16  7.3255794e+04 3.83e-12 1.70e-03  -5.7 5.43e-02    -  8.67e-01 1.00e+00f  1
  17  7.3189442e+04 3.13e-12 3.92e-09  -5.7 2.86e-02  -6.9 1.00e+00 1.00e+00f  1
  18  7.3142397e+04 1.62e-12 1.56e-04  -8.6 1.86e-02  -7.3 9.44e-01 9.94e-01f  1
  19  7.3135438e+04 4.96e-12 1.92e-14  -8.6 8.90e-03    -  1.00e+00 1.00e+00f  1
iter    objective    inf_pr   inf_du lg(mu)  ||d||  lg(rg) alpha_du alpha_pr  ls
  20  7.3133376e+04 1.38e-12 1.93e-14  -8.6 4.18e-03    -  1.00e+00 1.00e+00f  1
  21  7.3132848e+04 1.49e-12 1.96e-14  -8.6 1.37e-03    -  1.00e+00 1.00e+00f  1
  22  7.3132774e+04 5.05e-12 1.93e-14  -8.6 2.10e-04    -  1.00e+00 1.00e+00f  1
  23  7.3132738e+04 2.60e-12 1.49e-12  -9.0 9.76e-05  -7.8 1.00e+00 1.00e+00h  1

Number of Iterations....: 23

                                   (scaled)                 (unscaled)
Objective...............:   7.3132738217788988e+00    7.3132738217788981e+04
Dual infeasibility......:   1.4876414298270100e-12    1.4876414298270099e-08
Constraint violation....:   7.9902751082272516e-13    2.5985880114376414e-12
Variable bound violation:   9.9909089317031700e-09    9.9909089317031700e-09
Complementarity.........:   2.8709408876405546e-09    2.8709408876405544e-05
Overall NLP error.......:   2.8709408876405546e-09    2.8709408876405544e-05


Number of objective function evaluations             = 24
Number of objective gradient evaluations             = 24
Number of equality constraint evaluations            = 24
Number of inequality constraint evaluations          = 24
Number of equality constraint Jacobian evaluations   = 1
Number of inequality constraint Jacobian evaluations = 1
Number of Lagrangian Hessian evaluations             = 1
Total seconds in IPOPT                               = 0.136

EXIT: Optimal Solution Found.

Gurobi 13.0.2 (win64) logging started Wed Jul 15 11:53:25 2026

Set parameter LogFile to value "C:\Users\ehsanno\DataspellProjects\Spanish_Power_System\results\GoRES\ipopt_logs\2024-07-08_h20.log"

Gurobi 13.0.2 (win64) logging started Wed Jul 15 11:53:25 2026

Set parameter LogFile to value "C:\Users\ehsanno\DataspellProjects\Spanish_Power_System\results\GoRES\ipopt_logs\2024-07-08_h20.log"
Gurobi Optimizer version 13.0.2 build v13.0.2rc1 (win64 - Windows 11+.0 (26200.2))

CPU model: 11th Gen Intel(R) Core(TM) i5-1145G7 @ 2.60GHz, instruction set [SSE2|AVX|AVX2|AVX512]
Thread count: 4 physical cores, 8 logical processors, using up to 8 threads

Non-default parameters:
LogToConsole  0

Optimize a model with 5142 rows, 7193 columns and 18456 nonzeros (Min)
Model fingerprint: 0x8c046d4e
Model has 2031 linear objective coefficients and an objective constant of 1.8281762897466995e+07
Model has 973 quadratic objective terms
Coefficient statistics:
  Matrix range     [1e+00, 1e+04]
  Objective range  [9e+00, 1e+06]
  QObjective range [2e+04, 2e+04]
  Bounds range     [3e-06, 1e+04]
  RHS range        [3e-06, 1e+01]

Presolve removed 3669 rows and 4170 columns
Presolve time: 0.01s
Presolved: 1473 rows, 3023 columns, 8990 nonzeros
Presolved model has 899 quadratic objective terms
Ordering time: 0.00s

Barrier statistics:
 AA' NZ     : 1.792e+04
 Factor NZ  : 4.667e+04 (roughly 2 MB of memory)
 Factor Ops : 1.864e+06 (less than 1 second per iteration)
 Threads    : 1

                  Objective                Residual
Iter       Primal          Dual         Primal    Dual     Compl     Time
   0   6.39103775e+12 -6.92169424e+11  7.25e+03 5.34e+03  5.34e+06     0s
   1   1.79552617e+12 -2.19960229e+11  2.15e+03 1.58e+03  1.61e+06     0s
   2   2.60936772e+11 -1.75499733e+11  3.19e+02 2.35e+02  2.97e+05     0s
   3   1.05438272e+11 -1.34399702e+11  1.29e+02 9.53e+01  1.25e+05     0s
   4   1.30801781e+10 -1.07146729e+11  1.66e+01 1.22e+01  3.35e+04     0s
   5   1.55319969e+09 -4.48843198e+10  2.42e+00 1.78e+00  9.54e+03     0s
   6   6.79210053e+08 -2.76918198e+10  1.12e+00 8.21e-01  5.56e+03     0s
   7   3.92758525e+08 -1.56326518e+10  4.67e-01 3.44e-01  2.99e+03     0s
   8   2.96597984e+08 -1.14607319e+10  2.98e-01 2.19e-01  2.14e+03     0s
   9   1.05338569e+08 -1.96495130e+09  1.44e-02 1.06e-02  3.47e+02     0s
  10   4.76700518e+07 -5.48793629e+08  2.77e-03 2.04e-03  9.85e+01     0s
  11   6.93925295e+06 -2.93481529e+07  6.32e-05 4.65e-05  5.96e+00     0s
  12   6.41840570e+05 -1.45954921e+06  1.15e-07 8.46e-08  3.45e-01     0s
  13   1.53309154e+05 -7.15865273e+04  7.41e-09 1.96e-11  3.69e-02     0s
  14   8.55572668e+04  5.53159481e+04  8.02e-08 1.19e-11  4.97e-03     0s
  15   7.42904397e+04  7.12525243e+04  5.68e-07 9.12e-12  4.99e-04     0s
  16   7.32909326e+04  7.29334879e+04  8.34e-06 1.74e-11  5.87e-05     0s
  17   7.31643699e+04  7.31247932e+04  1.30e-05 7.58e-12  6.50e-06     0s
  18   7.31466484e+04  7.31415022e+04  7.91e-05 1.73e-11  8.29e-07     0s
  19   7.31437084e+04  7.31431497e+04  7.60e-06 9.87e-12  8.88e-08     0s
  20   7.31433117e+04  7.31432808e+04  6.07e-08 8.60e-12  5.07e-09     0s

Barrier solved model in 20 iterations and 0.06 seconds (0.04 work units)
Optimal objective 7.31433117e+04


User-callback calls 71, time in user-callback 0.00 sec

Gurobi 13.0.2 (win64) logging started Wed Jul 15 12:00:43 2026

Set parameter LogFile to value "C:\Users\ehsanno\DataspellProjects\Spanish_Power_System\results\GoRES\ipopt_logs\2024-07-08_h20.log"

Gurobi 13.0.2 (win64) logging started Wed Jul 15 12:00:43 2026

Set parameter LogFile to value "C:\Users\ehsanno\DataspellProjects\Spanish_Power_System\results\GoRES\ipopt_logs\2024-07-08_h20.log"
Gurobi Optimizer version 13.0.2 build v13.0.2rc1 (win64 - Windows 11+.0 (26200.2))

CPU model: 11th Gen Intel(R) Core(TM) i5-1145G7 @ 2.60GHz, instruction set [SSE2|AVX|AVX2|AVX512]
Thread count: 4 physical cores, 8 logical processors, using up to 8 threads

Non-default parameters:
LogToConsole  0

Optimize a model with 5142 rows, 7193 columns and 18456 nonzeros (Min)
Model fingerprint: 0x8c046d4e
Model has 2031 linear objective coefficients and an objective constant of 1.8281762897466995e+07
Model has 973 quadratic objective terms
Coefficient statistics:
  Matrix range     [1e+00, 1e+04]
  Objective range  [9e+00, 1e+06]
  QObjective range [2e+04, 2e+04]
  Bounds range     [3e-06, 1e+04]
  RHS range        [3e-06, 1e+01]

Presolve removed 3669 rows and 4170 columns
Presolve time: 0.01s
Presolved: 1473 rows, 3023 columns, 8990 nonzeros
Presolved model has 899 quadratic objective terms
Ordering time: 0.00s

Barrier statistics:
 AA' NZ     : 1.792e+04
 Factor NZ  : 4.667e+04 (roughly 2 MB of memory)
 Factor Ops : 1.864e+06 (less than 1 second per iteration)
 Threads    : 1

                  Objective                Residual
Iter       Primal          Dual         Primal    Dual     Compl     Time
   0   6.39103775e+12 -6.92169424e+11  7.25e+03 5.34e+03  5.34e+06     0s
   1   1.79552617e+12 -2.19960229e+11  2.15e+03 1.58e+03  1.61e+06     0s
   2   2.60936772e+11 -1.75499733e+11  3.19e+02 2.35e+02  2.97e+05     0s
   3   1.05438272e+11 -1.34399702e+11  1.29e+02 9.53e+01  1.25e+05     0s
   4   1.30801781e+10 -1.07146729e+11  1.66e+01 1.22e+01  3.35e+04     0s
   5   1.55319969e+09 -4.48843198e+10  2.42e+00 1.78e+00  9.54e+03     0s
   6   6.79210053e+08 -2.76918198e+10  1.12e+00 8.21e-01  5.56e+03     0s
   7   3.92758525e+08 -1.56326518e+10  4.67e-01 3.44e-01  2.99e+03     0s
   8   2.96597984e+08 -1.14607319e+10  2.98e-01 2.19e-01  2.14e+03     0s
   9   1.05338569e+08 -1.96495130e+09  1.44e-02 1.06e-02  3.47e+02     0s
  10   4.76700518e+07 -5.48793629e+08  2.77e-03 2.04e-03  9.85e+01     0s
  11   6.93925295e+06 -2.93481529e+07  6.32e-05 4.65e-05  5.96e+00     0s
  12   6.41840570e+05 -1.45954921e+06  1.15e-07 8.46e-08  3.45e-01     0s
  13   1.53309154e+05 -7.15865273e+04  7.41e-09 1.96e-11  3.69e-02     0s
  14   8.55572668e+04  5.53159481e+04  8.02e-08 1.19e-11  4.97e-03     0s
  15   7.42904397e+04  7.12525243e+04  5.68e-07 9.12e-12  4.99e-04     0s
  16   7.32909326e+04  7.29334879e+04  8.34e-06 1.74e-11  5.87e-05     0s
  17   7.31643699e+04  7.31247932e+04  1.30e-05 7.58e-12  6.50e-06     0s
  18   7.31466484e+04  7.31415022e+04  7.91e-05 1.73e-11  8.29e-07     0s
  19   7.31437084e+04  7.31431497e+04  7.60e-06 9.87e-12  8.88e-08     0s
  20   7.31433117e+04  7.31432808e+04  6.07e-08 8.60e-12  5.07e-09     0s

Barrier solved model in 20 iterations and 0.05 seconds (0.04 work units)
Optimal objective 7.31433117e+04


User-callback calls 71, time in user-callback 0.00 sec

Gurobi 13.0.2 (win64) logging started Wed Jul 15 12:16:00 2026

Set parameter LogFile to value "C:\Users\ehsanno\DataspellProjects\Spanish_Power_System\results\GoRES\ipopt_logs\2024-07-08_h20.log"

Gurobi 13.0.2 (win64) logging started Wed Jul 15 12:16:00 2026

Set parameter LogFile to value "C:\Users\ehsanno\DataspellProjects\Spanish_Power_System\results\GoRES\ipopt_logs\2024-07-08_h20.log"
Gurobi Optimizer version 13.0.2 build v13.0.2rc1 (win64 - Windows 11+.0 (26200.2))

CPU model: 11th Gen Intel(R) Core(TM) i5-1145G7 @ 2.60GHz, instruction set [SSE2|AVX|AVX2|AVX512]
Thread count: 4 physical cores, 8 logical processors, using up to 8 threads

Non-default parameters:
LogToConsole  0

Optimize a model with 5142 rows, 7193 columns and 18456 nonzeros (Min)
Model fingerprint: 0xace84547
Model has 2031 linear objective coefficients and an objective constant of 1.8525026698920585e+07
Model has 973 quadratic objective terms
Coefficient statistics:
  Matrix range     [1e+00, 1e+04]
  Objective range  [9e+00, 1e+06]
  QObjective range [2e+04, 2e+04]
  Bounds range     [3e-12, 1e+04]
  RHS range        [3e-06, 1e+01]

Presolve removed 3669 rows and 4170 columns
Presolve time: 0.01s
Presolved: 1473 rows, 3023 columns, 8990 nonzeros
Presolved model has 899 quadratic objective terms
Ordering time: 0.00s

Barrier statistics:
 AA' NZ     : 1.792e+04
 Factor NZ  : 4.667e+04 (roughly 2 MB of memory)
 Factor Ops : 1.864e+06 (less than 1 second per iteration)
 Threads    : 1

                  Objective                Residual
Iter       Primal          Dual         Primal    Dual     Compl     Time
   0   6.39096202e+12 -6.92144020e+11  7.25e+03 5.34e+03  5.34e+06     0s
   1   1.79551936e+12 -2.19936240e+11  2.15e+03 1.58e+03  1.61e+06     0s
   2   2.60956332e+11 -1.75475392e+11  3.19e+02 2.35e+02  2.97e+05     0s
   3   1.05461683e+11 -1.34375988e+11  1.29e+02 9.53e+01  1.25e+05     0s
   4   1.31086894e+10 -1.07128050e+11  1.66e+01 1.22e+01  3.35e+04     0s
   5   1.56810501e+09 -4.48676300e+10  2.41e+00 1.77e+00  9.53e+03     0s
   6   6.74343610e+08 -2.72397988e+10  1.10e+00 8.06e-01  5.45e+03     0s
   7   3.89067002e+08 -1.52448279e+10  4.53e-01 3.34e-01  2.91e+03     0s
   8   2.39356205e+08 -8.09080153e+09  2.10e-01 1.55e-01  1.49e+03     0s
   9   8.87030624e+07 -1.41940788e+09  1.78e-02 1.31e-02  2.53e+02     0s
  10   2.25557633e+07 -1.60380209e+08  1.07e-03 7.87e-04  3.01e+01     0s
  11   2.15468525e+06 -7.08093533e+06  2.18e-05 1.61e-05  1.52e+00     0s
  12   3.41788325e+05 -5.25815285e+05  6.01e-08 4.43e-08  1.43e-01     0s
  13   1.14972170e+05 -6.05914070e+03  2.96e-08 6.22e-10  1.99e-02     0s
  14   8.19554134e+04  5.70362091e+04  2.49e-07 9.17e-11  4.09e-03     0s
  15   7.48581584e+04  7.08882444e+04  8.05e-07 1.76e-11  6.52e-04     0s
  16   7.37474300e+04  7.33634424e+04  1.98e-06 1.77e-11  6.31e-05     0s
  17   7.36182197e+04  7.35805883e+04  1.98e-05 1.49e-11  6.20e-06     0s
  18   7.36017848e+04  7.35958184e+04  2.33e-04 1.63e-11  8.22e-07     0s
  19   7.35984003e+04  7.35977964e+04  8.24e-06 6.04e-12  9.62e-08     0s
  20   7.35979943e+04  7.35979538e+04  2.63e-07 1.48e-11  6.62e-09     0s
  21   7.35979718e+04  7.35979676e+04  1.98e-08 8.36e-12  6.88e-10     0s

Barrier solved model in 21 iterations and 0.06 seconds (0.05 work units)
Optimal objective 7.35979718e+04


User-callback calls 74, time in user-callback 0.00 sec

Gurobi 13.0.2 (win64) logging started Wed Jul 15 12:32:12 2026

Set parameter LogFile to value "C:\Users\ehsanno\DataspellProjects\Spanish_Power_System\results\GoRES\ipopt_logs\2024-07-08_h20.log"

Gurobi 13.0.2 (win64) logging started Wed Jul 15 12:32:12 2026

Set parameter LogFile to value "C:\Users\ehsanno\DataspellProjects\Spanish_Power_System\results\GoRES\ipopt_logs\2024-07-08_h20.log"
Gurobi Optimizer version 13.0.2 build v13.0.2rc1 (win64 - Windows 11+.0 (26200.2))

CPU model: 11th Gen Intel(R) Core(TM) i5-1145G7 @ 2.60GHz, instruction set [SSE2|AVX|AVX2|AVX512]
Thread count: 4 physical cores, 8 logical processors, using up to 8 threads

Non-default parameters:
LogToConsole  0

Optimize a model with 5142 rows, 7193 columns and 18456 nonzeros (Min)
Model fingerprint: 0x0a40ad09
Model has 2031 linear objective coefficients and an objective constant of 1.8525019618800011e+07
Model has 973 quadratic objective terms
Coefficient statistics:
  Matrix range     [1e+00, 1e+04]
  Objective range  [9e+00, 1e+06]
  QObjective range [2e+04, 2e+04]
  Bounds range     [3e-06, 1e+04]
  RHS range        [3e-06, 1e+01]

Presolve removed 3669 rows and 4170 columns
Presolve time: 0.01s
Presolved: 1473 rows, 3023 columns, 8990 nonzeros
Presolved model has 899 quadratic objective terms
Ordering time: 0.00s

Barrier statistics:
 AA' NZ     : 1.792e+04
 Factor NZ  : 4.667e+04 (roughly 2 MB of memory)
 Factor Ops : 1.864e+06 (less than 1 second per iteration)
 Threads    : 1

                  Objective                Residual
Iter       Primal          Dual         Primal    Dual     Compl     Time
   0   6.39096202e+12 -6.92144020e+11  7.25e+03 5.34e+03  5.34e+06     0s
   1   1.79551936e+12 -2.19936240e+11  2.15e+03 1.58e+03  1.61e+06     0s
   2   2.60956332e+11 -1.75475392e+11  3.19e+02 2.35e+02  2.97e+05     0s
   3   1.05461683e+11 -1.34375988e+11  1.29e+02 9.53e+01  1.25e+05     0s
   4   1.31086898e+10 -1.07128050e+11  1.66e+01 1.22e+01  3.35e+04     0s
   5   1.56810517e+09 -4.48676305e+10  2.41e+00 1.77e+00  9.53e+03     0s
   6   6.74343755e+08 -2.72398000e+10  1.10e+00 8.06e-01  5.45e+03     0s
   7   3.89066945e+08 -1.52448239e+10  4.53e-01 3.34e-01  2.91e+03     0s
   8   2.39355609e+08 -8.09076863e+09  2.10e-01 1.55e-01  1.49e+03     0s
   9   8.87031688e+07 -1.41941273e+09  1.78e-02 1.31e-02  2.53e+02     0s
  10   2.25556752e+07 -1.60379600e+08  1.07e-03 7.87e-04  3.01e+01     0s
  11   2.15468762e+06 -7.08089137e+06  2.18e-05 1.61e-05  1.52e+00     0s
  12   3.41788685e+05 -5.25813356e+05  6.02e-08 4.43e-08  1.43e-01     0s
  13   1.14972415e+05 -6.05855199e+03  3.29e-08 6.22e-10  1.99e-02     0s
  14   8.19555699e+04  5.70364521e+04  3.77e-07 9.17e-11  4.09e-03     0s
  15   7.48582557e+04  7.08882933e+04  3.87e-07 1.90e-11  6.52e-04     0s
  16   7.37474845e+04  7.33634844e+04  4.51e-06 1.50e-11  6.31e-05     0s
  17   7.36182726e+04  7.35806065e+04  1.80e-05 1.10e-11  6.19e-06     0s
  18   7.36013307e+04  7.35960208e+04  3.76e-05 1.22e-11  8.34e-07     0s
  19   7.35984063e+04  7.35978237e+04  4.17e-06 1.20e-11  9.52e-08     0s
  20   7.35980618e+04  7.35979671e+04  3.17e-06 8.89e-12  1.37e-08     0s
  21   7.35979971e+04  7.35979902e+04  4.11e-07 1.24e-11  9.46e-10     0s
  22   7.35979937e+04  7.35979926e+04  1.46e-07 1.62e-11  1.18e-10     0s

Barrier solved model in 22 iterations and 0.06 seconds (0.05 work units)
Optimal objective 7.35979937e+04


User-callback calls 72, time in user-callback 0.00 sec

Gurobi 13.0.2 (win64) logging started Wed Jul 15 14:22:03 2026

Set parameter LogFile to value "C:\Users\ehsanno\DataspellProjects\Spanish_Power_System\results\GoRES\ipopt_logs\2024-07-08_h20.log"

Gurobi 13.0.2 (win64) logging started Wed Jul 15 14:22:03 2026

Set parameter LogFile to value "C:\Users\ehsanno\DataspellProjects\Spanish_Power_System\results\GoRES\ipopt_logs\2024-07-08_h20.log"
Gurobi Optimizer version 13.0.2 build v13.0.2rc1 (win64 - Windows 11+.0 (26200.2))

CPU model: 11th Gen Intel(R) Core(TM) i5-1145G7 @ 2.60GHz, instruction set [SSE2|AVX|AVX2|AVX512]
Thread count: 4 physical cores, 8 logical processors, using up to 8 threads

Non-default parameters:
LogToConsole  0

Optimize a model with 5142 rows, 7193 columns and 18456 nonzeros (Min)
Model fingerprint: 0x0d8e4a2e
Model has 2031 linear objective coefficients and an objective constant of 1.9448921921224356e+07
Model has 973 quadratic objective terms
Coefficient statistics:
  Matrix range     [1e+00, 1e+04]
  Objective range  [9e+00, 1e+06]
  QObjective range [2e+04, 2e+04]
  Bounds range     [1e-11, 1e+04]
  RHS range        [3e-06, 1e+01]

Presolve removed 3669 rows and 4170 columns
Presolve time: 0.02s
Presolved: 1473 rows, 3023 columns, 8990 nonzeros
Presolved model has 899 quadratic objective terms
Ordering time: 0.00s

Barrier statistics:
 AA' NZ     : 1.792e+04
 Factor NZ  : 4.667e+04 (roughly 2 MB of memory)
 Factor Ops : 1.864e+06 (less than 1 second per iteration)
 Threads    : 1

                  Objective                Residual
Iter       Primal          Dual         Primal    Dual     Compl     Time
   0   6.39101926e+12 -6.93046734e+11  7.25e+03 5.34e+03  5.34e+06     0s
   1   1.79553052e+12 -2.20803707e+11  2.15e+03 1.58e+03  1.61e+06     0s
   2   2.60914402e+11 -1.76423665e+11  3.19e+02 2.35e+02  2.97e+05     0s
   3   1.05627308e+11 -1.35259441e+11  1.30e+02 9.55e+01  1.25e+05     0s
   4   1.31144246e+10 -1.08024727e+11  1.66e+01 1.23e+01  3.37e+04     0s
   5   1.57115130e+09 -4.54802384e+10  2.43e+00 1.79e+00  9.64e+03     0s
   6   6.76747625e+08 -2.76868041e+10  1.11e+00 8.18e-01  5.54e+03     0s
   7   3.94758110e+08 -1.56901119e+10  4.68e-01 3.45e-01  2.99e+03     0s
   8   2.78746544e+08 -9.83131066e+09  2.77e-01 2.04e-01  1.83e+03     0s
   9   1.12428325e+08 -2.64854483e+09  1.68e-02 1.24e-02  4.62e+02     0s
  10   5.21783217e+07 -6.25969079e+08  2.90e-03 2.13e-03  1.12e+02     0s
  11   7.66869484e+06 -3.56155546e+07  6.02e-05 4.43e-05  7.11e+00     0s
  12   7.48207910e+05 -1.86507727e+06  2.24e-09 4.44e-11  4.29e-01     0s
  13   1.71248403e+05 -1.15929670e+05  7.60e-09 9.30e-12  4.72e-02     0s
  14   8.83882756e+04  5.13073936e+04  3.94e-08 1.27e-11  6.09e-03     0s
  15   7.45003803e+04  7.10959048e+04  4.66e-07 2.03e-11  5.59e-04     0s
  16   7.33785813e+04  7.29929019e+04  5.40e-06 1.42e-11  6.34e-05     0s
  17   7.32269524e+04  7.31785110e+04  2.90e-05 1.18e-11  7.94e-06     0s
  18   7.32049903e+04  7.31980345e+04  2.56e-04 1.27e-11  1.06e-06     0s
  19   7.32010475e+04  7.32002736e+04  1.87e-05 1.56e-11  1.22e-07     0s
  20   7.32005014e+04  7.32004552e+04  7.41e-07 1.37e-11  7.50e-09     0s
  21   7.32004769e+04  7.32004716e+04  5.67e-08 7.33e-12  8.68e-10     0s

Barrier solved model in 21 iterations and 0.07 seconds (0.05 work units)
Optimal objective 7.32004769e+04


User-callback calls 72, time in user-callback 0.00 sec

Gurobi 13.0.2 (win64) logging started Wed Jul 15 14:28:06 2026

Set parameter LogFile to value "C:\Users\ehsanno\DataspellProjects\Spanish_Power_System\results\GoRES\ipopt_logs\2024-07-08_h20.log"

Gurobi 13.0.2 (win64) logging started Wed Jul 15 14:28:06 2026

Set parameter LogFile to value "C:\Users\ehsanno\DataspellProjects\Spanish_Power_System\results\GoRES\ipopt_logs\2024-07-08_h20.log"
Gurobi Optimizer version 13.0.2 build v13.0.2rc1 (win64 - Windows 11+.0 (26200.2))

CPU model: 11th Gen Intel(R) Core(TM) i5-1145G7 @ 2.60GHz, instruction set [SSE2|AVX|AVX2|AVX512]
Thread count: 4 physical cores, 8 logical processors, using up to 8 threads

Non-default parameters:
LogToConsole  0

Optimize a model with 5142 rows, 7193 columns and 18456 nonzeros (Min)
Model fingerprint: 0x4dbf2f9d
Model has 2031 linear objective coefficients and an objective constant of 1.9448921921224356e+07
Model has 973 quadratic objective terms
Coefficient statistics:
  Matrix range     [1e+00, 1e+04]
  Objective range  [9e+00, 1e+06]
  QObjective range [2e+04, 2e+04]
  Bounds range     [1e-11, 1e+04]
  RHS range        [3e-06, 1e+01]

Presolve removed 3659 rows and 4154 columns
Presolve time: 0.01s
Presolved: 1483 rows, 3039 columns, 8946 nonzeros
Presolved model has 899 quadratic objective terms
Ordering time: 0.00s

Barrier statistics:
 AA' NZ     : 1.774e+04
 Factor NZ  : 4.667e+04 (roughly 2 MB of memory)
 Factor Ops : 1.840e+06 (less than 1 second per iteration)
 Threads    : 1

                  Objective                Residual
Iter       Primal          Dual         Primal    Dual     Compl     Time
   0   4.85758539e+12 -5.26050491e+11  6.25e+03 3.32e+03  3.31e+06     0s
   1   1.36254422e+12 -1.01693070e+11  1.88e+03 9.98e+02  1.01e+06     0s
   2   2.29645550e+11 -6.42380362e+10  3.25e+02 1.73e+02  2.24e+05     0s
   3   1.09082806e+10 -4.73803753e+10  1.57e+01 8.35e+00  1.73e+04     0s
   4   3.09456180e+09 -2.81275936e+10  4.60e+00 2.44e+00  7.10e+03     0s
   5   1.04202070e+09 -1.44869190e+10  1.62e+00 8.60e-01  3.09e+03     0s
   6   4.25704791e+08 -8.27137444e+09  6.20e-01 3.29e-01  1.63e+03     0s
   7   2.48070062e+08 -4.85837249e+09  3.36e-01 1.78e-01  9.22e+02     0s
   8   2.08559500e+08 -4.01291462e+09  2.55e-01 1.36e-01  7.54e+02     0s
   9   1.00367137e+08 -1.54449684e+09  6.78e-02 3.60e-02  2.81e+02     0s
  10   3.52179798e+07 -3.30000345e+08  7.50e-03 3.98e-03  6.03e+01     0s
  11   9.06948915e+06 -6.01305389e+07  1.14e-03 6.06e-04  1.13e+01     0s
  12   2.36828938e+06 -9.52075147e+06  1.28e-04 6.77e-05  1.94e+00     0s
  13   9.46921909e+05 -1.70072049e+06  1.62e-05 8.61e-06  4.33e-01     0s
  14   5.30032070e+05 -7.86209199e+04  3.13e-07 1.66e-07  9.95e-02     0s
  15   4.30761854e+05  3.58282204e+05  2.88e-08 1.53e-08  1.18e-02     0s
  16   4.15817113e+05  4.07769918e+05  5.64e-09 1.16e-09  1.32e-03     0s
  17   4.14020312e+05  4.13732290e+05  1.04e-08 1.36e-11  4.71e-05     0s
  18   4.13957056e+05  4.13955016e+05  2.09e-09 1.89e-11  3.33e-07     0s
  19   4.13956438e+05  4.13956383e+05  8.13e-09 7.66e-12  8.44e-09     0s

Barrier solved model in 19 iterations and 0.05 seconds (0.04 work units)
Optimal objective 4.13956438e+05


User-callback calls 70, time in user-callback 0.00 sec

Gurobi 13.0.2 (win64) logging started Wed Jul 15 14:31:14 2026

Set parameter LogFile to value "C:\Users\ehsanno\DataspellProjects\Spanish_Power_System\results\GoRES\ipopt_logs\2024-07-08_h20.log"

Gurobi 13.0.2 (win64) logging started Wed Jul 15 14:31:14 2026

Set parameter LogFile to value "C:\Users\ehsanno\DataspellProjects\Spanish_Power_System\results\GoRES\ipopt_logs\2024-07-08_h20.log"
Gurobi Optimizer version 13.0.2 build v13.0.2rc1 (win64 - Windows 11+.0 (26200.2))

CPU model: 11th Gen Intel(R) Core(TM) i5-1145G7 @ 2.60GHz, instruction set [SSE2|AVX|AVX2|AVX512]
Thread count: 4 physical cores, 8 logical processors, using up to 8 threads

Non-default parameters:
LogToConsole  0

Optimize a model with 5142 rows, 7193 columns and 18456 nonzeros (Min)
Model fingerprint: 0x1ad7077e
Model has 2031 linear objective coefficients and an objective constant of 1.9448940768560003e+07
Model has 973 quadratic objective terms
Coefficient statistics:
  Matrix range     [1e+00, 1e+04]
  Objective range  [9e+00, 1e+06]
  QObjective range [2e+04, 2e+04]
  Bounds range     [3e-06, 1e+04]
  RHS range        [3e-06, 1e+01]

Presolve removed 3669 rows and 4169 columns
Presolve time: 0.01s
Presolved: 1473 rows, 3024 columns, 8926 nonzeros
Presolved model has 899 quadratic objective terms
Ordering time: 0.00s

Barrier statistics:
 AA' NZ     : 1.771e+04
 Factor NZ  : 4.706e+04 (roughly 2 MB of memory)
 Factor Ops : 1.893e+06 (less than 1 second per iteration)
 Threads    : 1

                  Objective                Residual
Iter       Primal          Dual         Primal    Dual     Compl     Time
   0   5.08445161e+12 -5.54758298e+11  6.50e+03 3.60e+03  3.59e+06     0s
   1   1.42375950e+12 -1.21828345e+11  1.94e+03 1.08e+03  1.10e+06     0s
   2   2.32406401e+11 -8.59088706e+10  3.25e+02 1.80e+02  2.35e+05     0s
   3   1.67140698e+10 -5.79555963e+10  2.38e+01 1.32e+01  2.41e+04     0s
   4   3.23689535e+09 -3.26719034e+10  4.86e+00 2.69e+00  8.10e+03     0s
   5   1.00985405e+09 -1.65745421e+10  1.63e+00 9.06e-01  3.52e+03     0s
   6   4.42640710e+08 -9.72454570e+09  7.23e-01 4.01e-01  1.93e+03     0s
   7   3.12626847e+08 -7.10440844e+09  4.59e-01 2.55e-01  1.38e+03     0s
   8   1.82793181e+08 -3.82654331e+09  1.71e-01 9.51e-02  7.11e+02     0s
   9   8.01507081e+07 -1.46394954e+09  1.21e-02 6.69e-03  2.57e+02     0s
  10   2.43119685e+07 -2.00275973e+08  1.32e-03 7.33e-04  3.70e+01     0s
  11   3.95885400e+06 -2.41219718e+07  7.97e-05 4.42e-05  4.61e+00     0s
  12   5.52864947e+05 -1.29653686e+06  1.60e-06 8.86e-07  3.04e-01     0s
  13   1.37170066e+05 -3.92843802e+04  9.76e-09 7.54e-12  2.90e-02     0s
  14   9.55544105e+04  2.57862791e+04  6.01e-09 9.61e-12  1.15e-02     0s
  15   8.02887051e+04  5.55974906e+04  4.57e-08 1.01e-11  4.06e-03     0s
  16   7.62745343e+04  7.11462102e+04  3.48e-08 1.11e-11  8.42e-04     0s
  17   7.53257544e+04  7.48452637e+04  2.33e-07 2.18e-11  7.89e-05     0s
  18   7.52346484e+04  7.52161461e+04  1.65e-07 1.86e-11  3.04e-06     0s
  19   7.52310433e+04  7.52309265e+04  1.89e-07 1.40e-11  1.93e-08     0s
  20   7.52310067e+04  7.52310033e+04  6.47e-09 8.21e-12  5.26e-10     0s

Barrier solved model in 20 iterations and 0.05 seconds (0.04 work units)
Optimal objective 7.52310067e+04


User-callback calls 70, time in user-callback 0.00 sec

Gurobi 13.0.2 (win64) logging started Wed Jul 15 17:24:42 2026

Set parameter LogFile to value "C:\Users\ehsanno\DataspellProjects\Spanish_Power_System\results\GoRES\ipopt_logs\2024-07-08_h20.log"

Gurobi 13.0.2 (win64) logging started Wed Jul 15 17:24:42 2026

Set parameter LogFile to value "C:\Users\ehsanno\DataspellProjects\Spanish_Power_System\results\GoRES\ipopt_logs\2024-07-08_h20.log"
Gurobi Optimizer version 13.0.2 build v13.0.2rc1 (win64 - Windows 11+.0 (26200.2))

CPU model: 11th Gen Intel(R) Core(TM) i5-1145G7 @ 2.60GHz, instruction set [SSE2|AVX|AVX2|AVX512]
Thread count: 4 physical cores, 8 logical processors, using up to 8 threads

Non-default parameters:
LogToConsole  0

Optimize a model with 5146 rows, 7439 columns and 18714 nonzeros (Min)
Model fingerprint: 0xfb90b72d
Model has 2199 linear objective coefficients and an objective constant of 2.1126816880683795e+07
Model has 972 quadratic objective terms
Coefficient statistics:
  Matrix range     [1e+00, 1e+04]
  Objective range  [4e-01, 1e+06]
  QObjective range [2e+04, 2e+04]
  Bounds range     [1e-11, 1e+04]
  RHS range        [3e-06, 1e+01]

Presolve removed 3641 rows and 4241 columns
Presolve time: 0.02s
Presolved: 1505 rows, 3198 columns, 9181 nonzeros
Presolved model has 898 quadratic objective terms
Ordering time: 0.00s

Barrier statistics:
 AA' NZ     : 1.796e+04
 Factor NZ  : 4.939e+04 (roughly 2 MB of memory)
 Factor Ops : 2.107e+06 (less than 1 second per iteration)
 Threads    : 1

                  Objective                Residual
Iter       Primal          Dual         Primal    Dual     Compl     Time
   0   4.87495068e+12 -1.52912013e+12  8.25e+03 3.79e+04  3.78e+07     0s
   1   9.52429716e+11 -7.93774742e+11  1.75e+03 8.02e+03  8.25e+06     0s
   2   6.03607837e+10 -7.77834788e+11  1.13e+02 5.18e+02  6.97e+05     0s
   3   1.33742025e+10 -4.49207166e+11  2.53e+01 1.16e+02  1.83e+05     0s
   4   2.03687107e+09 -2.55659929e+11  4.03e+00 1.85e+01  5.74e+04     0s
   5   5.29439150e+08 -1.26983006e+11  9.18e-01 4.21e+00  2.39e+04     0s
   6   3.07728025e+08 -6.17211308e+10  3.50e-01 1.61e+00  1.09e+04     0s
   7   1.86057431e+08 -2.48748006e+10  4.96e-02 2.28e-01  4.06e+03     0s
   8   1.49726561e+08 -3.27918824e+09  3.79e-03 1.74e-02  5.37e+02     0s
   9   9.31298632e+07 -1.49268342e+09  8.81e-04 4.04e-03  2.47e+02     0s
  10   3.12276472e+07 -3.08332469e+08  9.49e-05 4.35e-04  5.28e+01     0s
  11   7.21015587e+06 -4.56117775e+07  1.19e-05 5.46e-05  8.20e+00     0s
  12   1.20050554e+06 -3.09260879e+06  4.50e-07 2.07e-06  6.67e-01     0s
  13   5.27318565e+05 -2.41476935e+05  4.55e-10 7.98e-12  1.19e-01     0s
  14   3.64803729e+05  2.91066980e+05  9.95e-10 7.57e-12  1.15e-02     0s
  15   3.47702482e+05  3.23723642e+05  6.81e-09 1.92e-11  3.72e-03     0s
  16   3.41736239e+05  3.35893639e+05  9.91e-09 6.47e-12  9.07e-04     0s
  17   3.41439279e+05  3.36272070e+05  7.66e-09 8.88e-12  8.02e-04     0s
  18   3.41081393e+05  3.36805376e+05  1.00e-08 7.12e-12  6.64e-04     0s
  19   3.40730960e+05  3.37494235e+05  1.93e-08 7.96e-12  5.03e-04     0s
  20   3.40480375e+05  3.38007548e+05  1.71e-08 5.67e-12  3.84e-04     0s
  21   3.40153090e+05  3.38452915e+05  2.36e-08 6.03e-12  2.64e-04     0s
  22   3.39808922e+05  3.39619576e+05  6.13e-10 1.94e-11  2.94e-05     0s
  23   3.39765931e+05  3.39762367e+05  3.46e-08 6.01e-12  5.53e-07     0s
  24   3.39765075e+05  3.39765063e+05  6.65e-10 5.69e-12  1.90e-09     0s

Barrier solved model in 24 iterations and 0.08 seconds (0.05 work units)
Optimal objective 3.39765075e+05


User-callback calls 71, time in user-callback 0.00 sec

Gurobi 13.0.2 (win64) logging started Wed Jul 15 17:27:50 2026

Set parameter LogFile to value "C:\Users\ehsanno\DataspellProjects\Spanish_Power_System\results\GoRES\ipopt_logs\2024-07-08_h20.log"

Gurobi 13.0.2 (win64) logging started Wed Jul 15 17:27:50 2026

Set parameter LogFile to value "C:\Users\ehsanno\DataspellProjects\Spanish_Power_System\results\GoRES\ipopt_logs\2024-07-08_h20.log"
Gurobi Optimizer version 13.0.2 build v13.0.2rc1 (win64 - Windows 11+.0 (26200.2))

CPU model: 11th Gen Intel(R) Core(TM) i5-1145G7 @ 2.60GHz, instruction set [SSE2|AVX|AVX2|AVX512]
Thread count: 4 physical cores, 8 logical processors, using up to 8 threads

Non-default parameters:
LogToConsole  0

Optimize a model with 5146 rows, 7439 columns and 18714 nonzeros (Min)
Model fingerprint: 0x999e2d6c
Model has 2199 linear objective coefficients and an objective constant of 2.1126838328560010e+07
Model has 972 quadratic objective terms
Coefficient statistics:
  Matrix range     [1e+00, 1e+04]
  Objective range  [4e-01, 1e+06]
  QObjective range [2e+04, 2e+04]
  Bounds range     [3e-06, 1e+04]
  RHS range        [3e-06, 1e+01]

Presolve removed 3651 rows and 4253 columns
Presolve time: 0.03s
Presolved: 1495 rows, 3186 columns, 9159 nonzeros
Presolved model has 898 quadratic objective terms
Ordering time: 0.01s

Barrier statistics:
 AA' NZ     : 1.785e+04
 Factor NZ  : 4.893e+04 (roughly 2 MB of memory)
 Factor Ops : 2.096e+06 (less than 1 second per iteration)
 Threads    : 1

                  Objective                Residual
Iter       Primal          Dual         Primal    Dual     Compl     Time
   0   5.63040541e+12 -1.71298723e+12  7.38e+03 3.76e+04  3.76e+07     0s
   1   1.15792090e+12 -8.96098699e+11  1.62e+03 8.29e+03  8.53e+06     0s
   2   9.04034776e+10 -8.25470647e+11  1.29e+02 6.59e+02  8.37e+05     0s
   3   1.64398895e+10 -4.63197825e+11  2.38e+01 1.22e+02  1.86e+05     0s
   4   2.48683077e+09 -2.60135622e+11  3.81e+00 1.94e+01  5.88e+04     0s
   5   7.65339295e+08 -1.31466500e+11  1.17e+00 5.97e+00  2.59e+04     0s
   6   4.01450413e+08 -7.38733210e+10  4.28e-01 2.19e+00  1.35e+04     0s
   7   1.91688385e+08 -3.38633776e+10  5.84e-02 2.98e-01  5.59e+03     0s
   8   1.56770034e+08 -7.66294726e+09  8.91e-03 4.55e-02  1.24e+03     0s
   9   1.16328850e+08 -2.50894832e+09  2.66e-03 1.36e-02  4.12e+02     0s
  10   6.62946293e+07 -9.30559733e+08  2.16e-04 1.10e-03  1.56e+02     0s
  11   1.57766981e+07 -1.11262422e+08  6.57e-06 3.35e-05  1.98e+01     0s
  12   1.71091074e+06 -6.21129750e+06  1.17e-07 5.96e-07  1.24e+00     0s
  13   3.99907542e+05 -5.08095104e+05  2.12e-09 1.08e-08  1.42e-01     0s
  14   2.05260601e+05  4.80011394e+04  4.14e-10 1.62e-11  2.45e-02     0s
  15   1.77772643e+05  1.14845450e+05  4.43e-09 8.13e-12  9.81e-03     0s
  16   1.71062294e+05  1.26912448e+05  4.59e-09 8.80e-12  6.88e-03     0s
  17   1.64450827e+05  1.42353063e+05  4.27e-09 9.21e-12  3.45e-03     0s
  18   1.62121357e+05  1.47533528e+05  2.06e-09 7.87e-12  2.27e-03     0s
  19   1.59350479e+05  1.50215654e+05  2.97e-08 1.48e-11  1.42e-03     0s
  20   1.58328247e+05  1.54170728e+05  1.41e-08 7.37e-12  6.48e-04     0s
  21   1.57548249e+05  1.57168504e+05  2.60e-08 1.32e-11  5.92e-05     0s
  22   1.57448723e+05  1.57426013e+05  1.28e-09 1.16e-11  3.54e-06     0s
  23   1.57441698e+05  1.57441220e+05  2.25e-10 4.42e-12  7.45e-08     0s
  24   1.57441566e+05  1.57441562e+05  5.09e-10 1.79e-11  6.25e-10     0s

Barrier solved model in 24 iterations and 0.11 seconds (0.05 work units)
Optimal objective 1.57441566e+05


User-callback calls 70, time in user-callback 0.01 sec

Gurobi 13.0.2 (win64) logging started Wed Jul 15 17:30:08 2026

Set parameter LogFile to value "C:\Users\ehsanno\DataspellProjects\Spanish_Power_System\results\GoRES\ipopt_logs\2024-07-08_h20.log"

Gurobi 13.0.2 (win64) logging started Wed Jul 15 17:30:08 2026

Set parameter LogFile to value "C:\Users\ehsanno\DataspellProjects\Spanish_Power_System\results\GoRES\ipopt_logs\2024-07-08_h20.log"
Gurobi Optimizer version 13.0.2 build v13.0.2rc1 (win64 - Windows 11+.0 (26200.2))

CPU model: 11th Gen Intel(R) Core(TM) i5-1145G7 @ 2.60GHz, instruction set [SSE2|AVX|AVX2|AVX512]
Thread count: 4 physical cores, 8 logical processors, using up to 8 threads

Non-default parameters:
LogToConsole  0

Optimize a model with 5146 rows, 7439 columns and 18714 nonzeros (Min)
Model fingerprint: 0x78fccd0f
Model has 2199 linear objective coefficients and an objective constant of 2.1126838328560010e+07
Model has 972 quadratic objective terms
Coefficient statistics:
  Matrix range     [1e+00, 1e+04]
  Objective range  [4e-01, 1e+06]
  QObjective range [2e+04, 2e+04]
  Bounds range     [3e-06, 1e+04]
  RHS range        [3e-06, 1e+01]

Presolve removed 3654 rows and 4258 columns
Presolve time: 0.02s
Presolved: 1492 rows, 3181 columns, 9183 nonzeros
Presolved model has 898 quadratic objective terms
Ordering time: 0.00s

Barrier statistics:
 AA' NZ     : 1.789e+04
 Factor NZ  : 4.903e+04 (roughly 2 MB of memory)
 Factor Ops : 2.098e+06 (less than 1 second per iteration)
 Threads    : 1

                  Objective                Residual
Iter       Primal          Dual         Primal    Dual     Compl     Time
   0   5.70687602e+12 -2.10213633e+12  7.75e+03 3.76e+04  3.76e+07     0s
   1   1.22908612e+12 -1.17069065e+12  1.78e+03 8.67e+03  8.93e+06     0s
   2   1.16519403e+11 -1.01889086e+12  1.73e+02 8.39e+02  1.03e+06     0s
   3   1.95089927e+10 -5.65090571e+11  2.95e+01 1.43e+02  2.19e+05     0s
   4   2.67339688e+09 -3.02817898e+11  4.34e+00 2.11e+01  6.72e+04     0s
   5   1.08251713e+09 -1.68573849e+11  1.81e+00 8.77e+00  3.41e+04     0s
   6   5.21701437e+08 -9.79942752e+10  6.45e-01 3.13e+00  1.83e+04     0s
   7   2.37560516e+08 -5.50083656e+10  1.81e-01 8.79e-01  9.56e+03     0s
   8   1.56865629e+08 -7.13052814e+09  1.97e-02 9.54e-02  1.18e+03     0s
   9   1.12992444e+08 -2.25474569e+09  5.73e-03 2.78e-02  3.75e+02     0s
  10   6.47392448e+07 -9.18710895e+08  7.58e-04 3.68e-03  1.54e+02     0s
  11   1.43472068e+07 -8.82599065e+07  4.16e-06 2.02e-05  1.60e+01     0s
  12   1.49004419e+06 -6.66742790e+06  1.47e-10 2.18e-11  1.27e+00     0s
  13   2.81255466e+05 -4.25933757e+05  6.67e-10 1.21e-11  1.10e-01     0s
  14   1.04945645e+05  6.68404228e+02  2.94e-10 6.23e-12  1.63e-02     0s
  15   7.91065997e+04  5.23194028e+04  5.62e-09 9.83e-12  4.18e-03     0s
  16   7.30486703e+04  6.33224250e+04  2.79e-08 5.68e-12  1.52e-03     0s
  17   7.07161871e+04  6.92708451e+04  5.52e-08 1.08e-11  2.26e-04     0s
  18   7.03744355e+04  7.02315698e+04  3.35e-09 1.46e-11  2.23e-05     0s
  19   7.03298934e+04  7.03161090e+04  4.48e-11 6.48e-12  2.15e-06     0s
  20   7.03238722e+04  7.03218784e+04  1.60e-09 7.51e-12  3.11e-07     0s
  21   7.03228524e+04  7.03227648e+04  5.84e-09 1.35e-11  1.37e-08     0s
  22   7.03228529e+04  7.03227651e+04  3.03e-07 1.19e-11  1.36e-08     0s
  23   7.03228253e+04  7.03227799e+04  4.98e-07 1.19e-11  7.40e-09     0s
  24   7.03228266e+04  7.03227800e+04  4.38e-07 4.46e-12  7.35e-09     0s
  25   7.03228282e+04  7.03227800e+04  1.10e-06 6.05e-12  7.33e-09     0s
  26   7.03227985e+04  7.03227950e+04  3.02e-07 8.45e-12  6.68e-10     0s
  27   7.03227982e+04  7.03227950e+04  5.12e-07 6.83e-12  6.65e-10     0s
  28   7.03227975e+04  7.03227937e+04  1.57e-07 1.77e-10  6.48e-10     0s

Barrier solved model in 28 iterations and 0.11 seconds (0.07 work units)
Optimal objective 7.03227975e+04


User-callback calls 75, time in user-callback 0.00 sec

Gurobi 13.0.2 (win64) logging started Wed Jul 15 18:00:35 2026

Set parameter LogFile to value "C:\Users\ehsanno\DataspellProjects\Spanish_Power_System\results\GoRES\ipopt_logs\2024-07-08_h20.log"

Gurobi 13.0.2 (win64) logging started Wed Jul 15 18:00:35 2026

Set parameter LogFile to value "C:\Users\ehsanno\DataspellProjects\Spanish_Power_System\results\GoRES\ipopt_logs\2024-07-08_h20.log"
Gurobi Optimizer version 13.0.2 build v13.0.2rc1 (win64 - Windows 11+.0 (26200.2))

CPU model: 11th Gen Intel(R) Core(TM) i5-1145G7 @ 2.60GHz, instruction set [SSE2|AVX|AVX2|AVX512]
Thread count: 4 physical cores, 8 logical processors, using up to 8 threads

Non-default parameters:
LogToConsole  0

Optimize a model with 5146 rows, 7439 columns and 18714 nonzeros (Min)
Model fingerprint: 0x35fb4561
Model has 2199 linear objective coefficients and an objective constant of 2.1126838328560010e+07
Model has 972 quadratic objective terms
Coefficient statistics:
  Matrix range     [1e+00, 1e+04]
  Objective range  [4e-01, 1e+06]
  QObjective range [2e+04, 2e+04]
  Bounds range     [3e-06, 1e+04]
  RHS range        [3e-06, 1e+01]

Presolve removed 3652 rows and 4255 columns
Presolve time: 0.13s
Presolved: 1494 rows, 3184 columns, 9201 nonzeros
Presolved model has 898 quadratic objective terms
Ordering time: 0.01s

Barrier statistics:
 AA' NZ     : 1.786e+04
 Factor NZ  : 4.886e+04 (roughly 2 MB of memory)
 Factor Ops : 2.060e+06 (less than 1 second per iteration)
 Threads    : 1

                  Objective                Residual
Iter       Primal          Dual         Primal    Dual     Compl     Time
   0   6.43414096e+12 -2.42642385e+12  7.50e+03 3.76e+04  3.76e+07     0s
   1   1.44456643e+12 -1.40514324e+12  1.79e+03 8.96e+03  9.25e+06     0s
   2   1.55529336e+11 -1.19546932e+12  1.96e+02 9.84e+02  1.22e+06     0s
   3   2.28429058e+10 -6.29024257e+11  2.94e+01 1.48e+02  2.33e+05     0s
   4   3.76360990e+09 -2.84852017e+11  5.23e+00 2.62e+01  6.46e+04     0s
   5   1.17458247e+09 -1.26408362e+11  1.76e+00 8.81e+00  2.53e+04     0s
   6   7.15923701e+08 -8.77006056e+10  9.22e-01 4.63e+00  1.69e+04     0s
   7   4.31813566e+08 -4.83199505e+10  4.60e-01 2.31e+00  8.88e+03     0s
   8   1.92505849e+08 -2.06618103e+10  8.83e-02 4.43e-01  3.50e+03     0s
   9   1.33098927e+08 -2.72619966e+09  9.92e-03 4.98e-02  4.56e+02     0s
  10   7.95260190e+07 -1.14560217e+09  2.25e-03 1.13e-02  1.93e+02     0s
  11   2.01124190e+07 -1.59750625e+08  3.79e-05 1.90e-04  2.81e+01     0s
  12   2.14512422e+06 -8.64710259e+06  6.39e-07 3.21e-06  1.68e+00     0s
  13   3.30607953e+05 -5.15177859e+05  7.26e-10 2.12e-11  1.32e-01     0s
  14   1.07828446e+05 -7.81054860e+03  1.07e-09 1.05e-11  1.80e-02     0s
  15   8.45141424e+04  4.02940915e+04  3.92e-09 1.17e-11  6.90e-03     0s
  16   8.13279461e+04  4.57289142e+04  5.46e-09 6.34e-12  5.55e-03     0s
  17   7.50114471e+04  5.87663597e+04  9.10e-09 1.11e-11  2.53e-03     0s
  18   7.09251585e+04  6.90768346e+04  1.02e-07 9.64e-12  2.88e-04     0s
  19   7.03943514e+04  7.02197872e+04  1.16e-06 6.82e-12  2.72e-05     0s
  20   7.03333556e+04  7.03126846e+04  2.21e-06 2.38e-11  3.22e-06     0s
  21   7.03244019e+04  7.03216128e+04  2.01e-05 1.51e-11  4.39e-07     0s
  22   7.03229256e+04  7.03227391e+04  9.80e-07 2.02e-11  2.86e-08     0s
  23   7.03228041e+04  7.03227908e+04  2.01e-07 2.99e-11  2.13e-09     0s

Barrier solved model in 23 iterations and 0.28 seconds (0.05 work units)
Optimal objective 7.03228041e+04


User-callback calls 93, time in user-callback 0.00 sec

Gurobi 13.0.2 (win64) logging started Thu Jul 16 15:27:21 2026

Set parameter LogFile to value "C:\Users\ehsanno\DataspellProjects\Spanish_Power_System\results\GoRES\ipopt_logs\2024-07-08_h20.log"

Gurobi 13.0.2 (win64) logging started Thu Jul 16 15:27:21 2026

Set parameter LogFile to value "C:\Users\ehsanno\DataspellProjects\Spanish_Power_System\results\GoRES\ipopt_logs\2024-07-08_h20.log"
Gurobi Optimizer version 13.0.2 build v13.0.2rc1 (win64 - Windows 11+.0 (26200.2))

CPU model: 11th Gen Intel(R) Core(TM) i5-1145G7 @ 2.60GHz, instruction set [SSE2|AVX|AVX2|AVX512]
Thread count: 4 physical cores, 8 logical processors, using up to 8 threads

Non-default parameters:
LogToConsole  0

Optimize a model with 5146 rows, 7439 columns and 18714 nonzeros (Min)
Model fingerprint: 0x35fb4561
Model has 2199 linear objective coefficients and an objective constant of 2.1126838328560010e+07
Model has 972 quadratic objective terms
Coefficient statistics:
  Matrix range     [1e+00, 1e+04]
  Objective range  [4e-01, 1e+06]
  QObjective range [2e+04, 2e+04]
  Bounds range     [3e-06, 1e+04]
  RHS range        [3e-06, 1e+01]

Presolve removed 3652 rows and 4255 columns
Presolve time: 0.02s
Presolved: 1494 rows, 3184 columns, 9201 nonzeros
Presolved model has 898 quadratic objective terms
Ordering time: 0.00s

Barrier statistics:
 AA' NZ     : 1.786e+04
 Factor NZ  : 4.886e+04 (roughly 2 MB of memory)
 Factor Ops : 2.060e+06 (less than 1 second per iteration)
 Threads    : 1

                  Objective                Residual
Iter       Primal          Dual         Primal    Dual     Compl     Time
   0   6.43414096e+12 -2.42642385e+12  7.50e+03 3.76e+04  3.76e+07     0s
   1   1.44456643e+12 -1.40514324e+12  1.79e+03 8.96e+03  9.25e+06     0s
   2   1.55529336e+11 -1.19546932e+12  1.96e+02 9.84e+02  1.22e+06     0s
   3   2.28429058e+10 -6.29024257e+11  2.94e+01 1.48e+02  2.33e+05     0s
   4   3.76360990e+09 -2.84852017e+11  5.23e+00 2.62e+01  6.46e+04     0s
   5   1.17458247e+09 -1.26408362e+11  1.76e+00 8.81e+00  2.53e+04     0s
   6   7.15923701e+08 -8.77006056e+10  9.22e-01 4.63e+00  1.69e+04     0s
   7   4.31813566e+08 -4.83199505e+10  4.60e-01 2.31e+00  8.88e+03     0s
   8   1.92505849e+08 -2.06618103e+10  8.83e-02 4.43e-01  3.50e+03     0s
   9   1.33098927e+08 -2.72619966e+09  9.92e-03 4.98e-02  4.56e+02     0s
  10   7.95260190e+07 -1.14560217e+09  2.25e-03 1.13e-02  1.93e+02     0s
  11   2.01124190e+07 -1.59750625e+08  3.79e-05 1.90e-04  2.81e+01     0s
  12   2.14512422e+06 -8.64710259e+06  6.39e-07 3.21e-06  1.68e+00     0s
  13   3.30607953e+05 -5.15177859e+05  7.26e-10 2.12e-11  1.32e-01     0s
  14   1.07828446e+05 -7.81054860e+03  1.07e-09 1.05e-11  1.80e-02     0s
  15   8.45141424e+04  4.02940915e+04  3.92e-09 1.17e-11  6.90e-03     0s
  16   8.13279461e+04  4.57289142e+04  5.46e-09 6.34e-12  5.55e-03     0s
  17   7.50114471e+04  5.87663597e+04  9.10e-09 1.11e-11  2.53e-03     0s
  18   7.09251585e+04  6.90768346e+04  1.02e-07 9.64e-12  2.88e-04     0s
  19   7.03943514e+04  7.02197872e+04  1.16e-06 6.82e-12  2.72e-05     0s
  20   7.03333556e+04  7.03126846e+04  2.21e-06 2.38e-11  3.22e-06     0s
  21   7.03244019e+04  7.03216128e+04  2.01e-05 1.51e-11  4.39e-07     0s
  22   7.03229256e+04  7.03227391e+04  9.80e-07 2.02e-11  2.86e-08     0s
  23   7.03228041e+04  7.03227908e+04  2.01e-07 2.99e-11  2.13e-09     0s

Barrier solved model in 23 iterations and 0.08 seconds (0.05 work units)
Optimal objective 7.03228041e+04


User-callback calls 77, time in user-callback 0.00 sec

Gurobi 13.0.2 (win64) logging started Thu Jul 16 16:07:56 2026

Set parameter LogFile to value "C:\Users\ehsanno\DataspellProjects\Spanish_Power_System\results\GoRES\ipopt_logs\2024-07-08_h20.log"

Gurobi 13.0.2 (win64) logging started Thu Jul 16 16:07:56 2026

Set parameter LogFile to value "C:\Users\ehsanno\DataspellProjects\Spanish_Power_System\results\GoRES\ipopt_logs\2024-07-08_h20.log"
Gurobi Optimizer version 13.0.2 build v13.0.2rc1 (win64 - Windows 11+.0 (26200.2))

CPU model: 11th Gen Intel(R) Core(TM) i5-1145G7 @ 2.60GHz, instruction set [SSE2|AVX|AVX2|AVX512]
Thread count: 4 physical cores, 8 logical processors, using up to 8 threads

Non-default parameters:
LogToConsole  0

Optimize a model with 5146 rows, 7855 columns and 19130 nonzeros (Min)
Model fingerprint: 0x19eeb119
Model has 2206 linear objective coefficients and an objective constant of 2.0894574447646216e+07
Model has 1482 quadratic objective terms
Coefficient statistics:
  Matrix range     [1e+00, 1e+04]
  Objective range  [2e-08, 1e+06]
  QObjective range [2e+04, 2e+04]
  Bounds range     [3e-06, 1e+04]
  RHS range        [3e-06, 1e+01]

Presolve removed 3637 rows and 4146 columns
Presolve time: 0.03s
Presolved: 1509 rows, 3709 columns, 9804 nonzeros
Presolved model has 1408 quadratic objective terms
Ordering time: 0.00s

Barrier statistics:
 AA' NZ     : 1.775e+04
 Factor NZ  : 4.791e+04 (roughly 2 MB of memory)
 Factor Ops : 1.944e+06 (less than 1 second per iteration)
 Threads    : 1

                  Objective                Residual
Iter       Primal          Dual         Primal    Dual     Compl     Time
   0   6.36999521e+12 -7.96344450e+12  8.00e+03 3.85e+07  3.93e+10     0s
   1   1.53009128e+12 -6.00375027e+12  1.93e+03 9.30e+06  1.00e+10     0s
   2   1.70302932e+11 -3.59595417e+12  2.16e+02 1.04e+06  1.49e+09     0s
   3   2.51892452e+10 -1.26961430e+12  3.25e+01 1.56e+05  2.90e+08     0s
   4   1.63956791e+10 -9.30688860e+11  2.13e+01 1.03e+05  1.97e+08     0s
   5   5.74096967e+09 -5.64472023e+11  7.67e+00 3.69e+04  1.03e+08     0s
   6   1.41096169e+09 -1.88579351e+11  2.06e+00 9.93e+03  3.10e+07     0s
   7   6.47714552e+08 -1.14118030e+11  7.37e-01 3.55e+03  1.80e+07     0s
   8   1.93971362e+08 -4.60123570e+10  7.59e-02 3.66e+02  6.61e+06     0s
   9   1.44687676e+08 -3.58969415e+09  5.13e-03 2.47e+01  5.18e+05     0s
  10   8.57774247e+07 -1.49131895e+09  1.09e-03 5.25e+00  2.17e+05     0s
  11   2.05024466e+07 -1.54967937e+08  3.65e-06 1.76e-02  2.40e+04     0s
  12   1.81495716e+06 -9.38269212e+06  1.03e-09 6.71e-08  1.53e+03     0s
  13   3.23013187e+05 -6.74605427e+05  9.95e-10 9.84e-09  1.36e+02     0s
  14   1.14483433e+05 -4.76360043e+04  7.09e-10 1.46e-08  2.22e+01     0s
  15   8.67201750e+04  2.76213783e+04  6.75e-09 1.86e-08  8.09e+00     0s
  16   7.38055909e+04  6.16628648e+04  1.78e-08 1.48e-08  1.66e+00     0s
  17   7.06027677e+04  6.98085382e+04  8.35e-08 1.51e-08  1.09e-01     0s
  18   7.03587809e+04  7.02687362e+04  9.15e-07 1.63e-08  1.23e-02     0s
  19   7.03284580e+04  7.03145581e+04  4.99e-06 1.48e-08  1.90e-03     0s
  20   7.03230456e+04  7.03212507e+04  7.81e-06 6.87e-09  2.46e-04     0s
  21   7.03222494e+04  7.03219897e+04  2.70e-05 1.82e-08  3.42e-05     0s
  22   7.03221064e+04  7.03220783e+04  6.46e-06 1.16e-08  3.63e-06     0s
  23   7.03221075e+04  7.03220795e+04  1.00e-05 8.22e-09  3.17e-06     0s
  24   7.03221091e+04  7.03220797e+04  1.50e-05 6.55e-09  3.08e-06     0s
  25   7.03220907e+04  7.03220886e+04  1.23e-05 1.36e-08  5.81e-08     0s
  26   7.03220915e+04  7.03220887e+04  3.49e-06 8.86e-09  4.03e-09     0s
  27   7.03220916e+04  7.03220887e+04  6.77e-06 5.35e-09  2.61e-09     0s
  28   7.03220916e+04  7.03220887e+04  1.35e-05 1.16e-08  2.16e-09     0s
  29   7.03220919e+04  7.03220887e+04  6.63e-06 8.76e-09  2.14e-10     0s
  30   7.03220918e+04  7.03220887e+04  6.14e-06 4.79e-09  2.01e-10     0s
  31   7.03220919e+04  7.03220887e+04  4.44e-06 1.61e-08  3.43e-11     0s
  32   7.03220919e+04  7.03220887e+04  3.30e-06 1.49e-08  3.40e-14     0s
  33   7.03220919e+04  7.03220887e+04  7.27e-06 1.49e-08  2.13e-14     0s
  34   7.03220919e+04  7.03220887e+04  1.10e-05 3.76e-12  8.43e-15     0s
  35   7.03220920e+04  7.03220887e+04  1.11e-05 1.49e-08  9.36e-17     0s

Barrier solved model in 35 iterations and 0.17 seconds (0.08 work units)
Optimal objective 7.03220920e+04


User-callback calls 110, time in user-callback 0.00 sec

Gurobi 13.0.2 (win64) logging started Thu Jul 16 16:15:15 2026

Set parameter LogFile to value "C:\Users\ehsanno\DataspellProjects\Spanish_Power_System\results\GoRES\ipopt_logs\2024-07-08_h20.log"

Gurobi 13.0.2 (win64) logging started Thu Jul 16 16:15:15 2026

Set parameter LogFile to value "C:\Users\ehsanno\DataspellProjects\Spanish_Power_System\results\GoRES\ipopt_logs\2024-07-08_h20.log"
Gurobi Optimizer version 13.0.2 build v13.0.2rc1 (win64 - Windows 11+.0 (26200.2))

CPU model: 11th Gen Intel(R) Core(TM) i5-1145G7 @ 2.60GHz, instruction set [SSE2|AVX|AVX2|AVX512]
Thread count: 4 physical cores, 8 logical processors, using up to 8 threads

Non-default parameters:
LogToConsole  0

Optimize a model with 5146 rows, 7855 columns and 19130 nonzeros (Min)
Model fingerprint: 0x5195b797
Model has 2206 linear objective coefficients and an objective constant of 2.0894574447646216e+07
Model has 1482 quadratic objective terms
Coefficient statistics:
  Matrix range     [1e+00, 1e+04]
  Objective range  [2e-08, 1e+06]
  QObjective range [2e+04, 2e+04]
  Bounds range     [3e-06, 1e+04]
  RHS range        [3e-06, 1e+01]

Presolve removed 3636 rows and 4135 columns
Presolve time: 0.02s
Presolved: 1510 rows, 3720 columns, 9749 nonzeros
Presolved model has 1408 quadratic objective terms
Ordering time: 0.00s

Barrier statistics:
 AA' NZ     : 1.783e+04
 Factor NZ  : 4.688e+04 (roughly 2 MB of memory)
 Factor Ops : 1.882e+06 (less than 1 second per iteration)
 Threads    : 1

                  Objective                Residual
Iter       Primal          Dual         Primal    Dual     Compl     Time
   0   4.92175358e+12 -6.85140908e+12  7.76e+03 3.90e+07  3.97e+10     0s
   1   1.02890398e+12 -5.21463934e+12  1.63e+03 8.19e+06  8.87e+09     0s
   2   7.80110780e+10 -3.19075963e+12  1.23e+02 6.20e+05  1.11e+09     0s
   3   1.16998589e+10 -1.14142620e+12  1.87e+01 9.38e+04  2.39e+08     0s
   4   6.50893998e+09 -7.39155148e+11  1.05e+01 5.26e+04  1.41e+08     0s
   5   1.87203812e+09 -3.52909555e+11  3.08e+00 1.55e+04  5.89e+07     0s
   6   5.87076985e+08 -1.70749617e+11  8.39e-01 4.22e+03  2.65e+07     0s
   7   3.10901684e+08 -7.11835848e+10  2.83e-01 1.42e+03  1.06e+07     0s
   8   1.99209181e+08 -2.64235530e+10  5.77e-02 2.90e+02  3.79e+06     0s
   9   1.54222148e+08 -3.52414384e+09  7.00e-03 3.52e+01  5.09e+05     0s
  10   8.69557363e+07 -1.36811053e+09  1.38e-03 6.94e+00  1.99e+05     0s
  11   2.55017985e+07 -1.43955831e+08  3.54e-05 1.78e-01  2.31e+04     0s
  12   3.55908451e+06 -1.49202595e+07  1.17e-07 5.90e-04  2.52e+03     0s
  13   1.12826339e+06 -6.41858204e+05  2.68e-09 1.35e-05  2.41e+02     0s
  14   9.49743262e+05 -6.69344433e+04  1.37e-09 6.90e-06  1.39e+02     0s
  15   8.57792051e+05  2.14832886e+05  7.64e-10 3.84e-06  8.77e+01     0s
  16   7.62688784e+05  4.96069797e+05  1.34e-09 9.07e-07  3.64e+01     0s
  17   7.19004812e+05  6.51736392e+05  1.71e-09 7.24e-08  9.17e+00     0s
  18   7.12799746e+05  6.72044745e+05  8.93e-10 3.74e-08  5.56e+00     0s
  19   7.06833727e+05  6.90212369e+05  3.35e-09 1.14e-08  2.27e+00     0s
  20   7.04576708e+05  6.98642416e+05  2.76e-09 1.71e-08  8.09e-01     0s
  21   7.03344048e+05  7.03055007e+05  3.36e-09 1.46e-08  3.94e-02     0s
  22   7.03278301e+05  7.03264954e+05  1.11e-08 1.12e-08  1.82e-03     0s
  23   7.03274859e+05  7.03274218e+05  3.17e-08 1.92e-08  8.70e-05     0s
  24   7.03274682e+05  7.03274670e+05  6.75e-08 1.21e-08  3.49e-06     0s
  25   7.03274693e+05  7.03274688e+05  5.39e-09 1.51e-08  5.63e-08     0s
  26   7.03274694e+05  7.03274689e+05  1.73e-07 1.69e-08  4.64e-09     0s

Barrier solved model in 26 iterations and 0.08 seconds (0.06 work units)
Optimal objective 7.03274694e+05


User-callback calls 78, time in user-callback 0.00 sec

Gurobi 13.0.2 (win64) logging started Thu Jul 16 16:23:43 2026

Set parameter LogFile to value "C:\Users\ehsanno\DataspellProjects\Spanish_Power_System\results\GoRES\ipopt_logs\2024-07-08_h20.log"

Gurobi 13.0.2 (win64) logging started Thu Jul 16 16:23:43 2026

Set parameter LogFile to value "C:\Users\ehsanno\DataspellProjects\Spanish_Power_System\results\GoRES\ipopt_logs\2024-07-08_h20.log"
Gurobi Optimizer version 13.0.2 build v13.0.2rc1 (win64 - Windows 11+.0 (26200.2))

CPU model: 11th Gen Intel(R) Core(TM) i5-1145G7 @ 2.60GHz, instruction set [SSE2|AVX|AVX2|AVX512]
Thread count: 4 physical cores, 8 logical processors, using up to 8 threads

Non-default parameters:
LogToConsole  0

Optimize a model with 5146 rows, 7855 columns and 19130 nonzeros (Min)
Model fingerprint: 0x14eea078
Model has 2199 linear objective coefficients and an objective constant of 2.0894605947520021e+07
Model has 1482 quadratic objective terms
Coefficient statistics:
  Matrix range     [1e+00, 1e+04]
  Objective range  [4e-01, 1e+06]
  QObjective range [2e+04, 2e+04]
  Bounds range     [3e-06, 1e+04]
  RHS range        [3e-06, 1e+01]

Presolve removed 3631 rows and 4126 columns
Presolve time: 0.02s
Presolved: 1515 rows, 3729 columns, 9759 nonzeros
Presolved model has 1408 quadratic objective terms
Ordering time: 0.00s

Barrier statistics:
 AA' NZ     : 1.784e+04
 Factor NZ  : 4.743e+04 (roughly 2 MB of memory)
 Factor Ops : 1.935e+06 (less than 1 second per iteration)
 Threads    : 1

                  Objective                Residual
Iter       Primal          Dual         Primal    Dual     Compl     Time
   0   4.63462907e+12 -1.62565771e+12  8.50e+03 4.00e+04  3.98e+07     0s
   1   1.04797981e+12 -7.61553906e+11  2.18e+03 1.02e+04  1.05e+07     0s
   2   1.15721180e+11 -7.91150230e+11  2.50e+02 1.17e+03  1.49e+06     0s
   3   9.52304311e+09 -5.31973958e+11  2.08e+01 9.78e+01  1.73e+05     0s
   4   2.20976541e+09 -3.11055720e+11  4.91e+00 2.31e+01  6.41e+04     0s
   5   1.13607696e+09 -1.91716376e+11  2.46e+00 1.16e+01  3.53e+04     0s
   6   4.38306411e+08 -9.64606064e+10  6.69e-01 3.15e+00  1.54e+04     0s
   7   2.55926549e+08 -3.48105833e+10  1.57e-01 7.38e-01  5.10e+03     0s
   8   1.88565834e+08 -8.56912503e+09  2.15e-02 1.01e-01  1.20e+03     0s
   9   1.33929204e+08 -2.90622487e+09  6.64e-03 3.12e-02  4.11e+02     0s
  10   1.01945402e+08 -2.02507930e+09  3.37e-03 1.59e-02  2.87e+02     0s
  11   4.22890986e+07 -5.57870276e+08  6.50e-04 3.06e-03  8.03e+01     0s
  12   8.78773970e+06 -4.37462713e+07  7.09e-06 3.33e-05  6.98e+00     0s
  13   2.94371108e+06 -7.15030088e+06  1.26e-07 5.94e-07  1.34e+00     0s
  14   1.92061289e+06 -1.70327919e+06  3.52e-08 1.65e-07  4.81e-01     0s
  15   1.52848226e+06  6.77917784e+04  2.68e-09 1.26e-08  1.94e-01     0s
  16   1.40074251e+06  7.29299798e+05  5.84e-10 2.74e-09  8.92e-02     0s
  17   1.32427384e+06  1.14192206e+06  4.49e-10 6.14e-10  2.42e-02     0s
  18   1.29660419e+06  1.26018829e+06  8.96e-10 1.02e-10  4.84e-03     0s
  19   1.29291351e+06  1.27070569e+06  2.45e-09 1.57e-11  2.95e-03     0s
  20   1.28943471e+06  1.28449761e+06  1.55e-09 2.30e-11  6.56e-04     0s
  21   1.28855784e+06  1.28769258e+06  6.45e-09 1.79e-11  1.15e-04     0s
  22   1.28842097e+06  1.28814265e+06  6.58e-09 1.34e-11  3.70e-05     0s
  23   1.28836224e+06  1.28834995e+06  5.49e-09 1.72e-11  1.63e-06     0s
  24   1.28835944e+06  1.28835897e+06  3.72e-09 7.70e-12  6.31e-08     0s
  25   1.28835933e+06  1.28835932e+06  1.00e-09 1.86e-11  2.31e-09     0s

Barrier solved model in 25 iterations and 0.07 seconds (0.06 work units)
Optimal objective 1.28835933e+06


User-callback calls 78, time in user-callback 0.00 sec

Gurobi 13.0.2 (win64) logging started Mon Jul 20 15:54:18 2026

Set parameter LogFile to value "C:\Users\ehsanno\DataspellProjects\Spanish_Power_System\results\GoRES\ipopt_logs\2024-07-08_h20.log"

Gurobi 13.0.2 (win64) logging started Mon Jul 20 15:54:18 2026

Set parameter LogFile to value "C:\Users\ehsanno\DataspellProjects\Spanish_Power_System\results\GoRES\ipopt_logs\2024-07-08_h20.log"
Gurobi Optimizer version 13.0.2 build v13.0.2rc1 (win64 - Windows 11+.0 (26200.2))

CPU model: 11th Gen Intel(R) Core(TM) i5-1145G7 @ 2.60GHz, instruction set [SSE2|AVX|AVX2|AVX512]
Thread count: 4 physical cores, 8 logical processors, using up to 8 threads

Non-default parameters:
LogToConsole  0

Optimize a model with 5146 rows, 8027 columns and 19302 nonzeros (Min)
Model fingerprint: 0x094be56f
Model has 2197 linear objective coefficients and an objective constant of 2.6393239375743516e+07
Model has 1660 quadratic objective terms
Coefficient statistics:
  Matrix range     [1e+00, 1e+04]
  Objective range  [2e-07, 1e+06]
  QObjective range [2e+04, 2e+04]
  Bounds range     [3e-06, 1e+04]
  RHS range        [3e-06, 1e+01]

Presolve removed 3638 rows and 4128 columns
Presolve time: 0.02s
Presolved: 1508 rows, 3899 columns, 9882 nonzeros
Presolved model has 1586 quadratic objective terms
Ordering time: 0.00s

Barrier statistics:
 AA' NZ     : 1.778e+04
 Factor NZ  : 4.733e+04 (roughly 3 MB of memory)
 Factor Ops : 1.942e+06 (less than 1 second per iteration)
 Threads    : 1

                  Objective                Residual
Iter       Primal          Dual         Primal    Dual     Compl     Time
   0   4.10626476e+12 -7.00930784e+12  8.45e+03 4.09e+07  4.16e+10     0s
   1   1.31962635e+12 -5.51447331e+12  2.72e+03 1.32e+07  1.39e+10     0s
   2   2.10559341e+11 -3.58200784e+12  4.35e+02 2.10e+06  2.64e+09     0s
   3   1.44255287e+10 -1.39600597e+12  3.01e+01 1.45e+05  3.15e+08     0s
   4   2.23641946e+09 -5.51966035e+11  4.78e+00 2.32e+04  9.15e+07     0s
   5   7.19514801e+08 -2.36403932e+11  1.36e+00 6.60e+03  3.63e+07     0s
   6   3.44141971e+08 -9.54608719e+10  3.79e-01 1.83e+03  1.39e+07     0s
   7   2.62294271e+08 -5.62552076e+10  1.75e-01 8.45e+02  8.04e+06     0s
   8   1.95369227e+08 -1.00640891e+10  2.45e-02 1.19e+02  1.39e+06     0s
   9   1.45090641e+08 -3.56456504e+09  7.65e-03 3.70e+01  4.92e+05     0s
  10   8.49075262e+07 -1.45644860e+09  1.18e-03 5.73e+00  2.01e+05     0s
  11   3.37178024e+07 -4.38049256e+08  1.99e-04 9.61e-01  6.14e+04     0s
  12   1.09528989e+07 -9.39600322e+07  1.10e-06 5.33e-03  1.36e+04     0s
  13   5.29102480e+06 -3.24733493e+07  2.84e-09 2.98e-08  4.91e+03     0s
  14   2.14742241e+06 -1.25927893e+06  3.60e-09 1.86e-08  4.43e+02     0s
  15   1.71777434e+06  5.88587591e+05  1.53e-09 2.42e-08  1.47e+02     0s
  16   1.55936010e+06  1.46120813e+06  1.07e-09 1.93e-08  1.28e+01     0s
  17   1.54253740e+06  1.49160767e+06  3.86e-08 2.51e-08  6.62e+00     0s
  18   1.53458992e+06  1.52495345e+06  5.12e-09 1.37e-08  1.25e+00     0s
  19   1.53291581e+06  1.53172024e+06  3.35e-08 1.59e-08  1.55e-01     0s
  20   1.53269475e+06  1.53244659e+06  1.98e-08 1.54e-08  3.23e-02     0s
  21   1.53263530e+06  1.53262802e+06  8.28e-08 1.01e-08  9.44e-04     0s
  22   1.53263342e+06  1.53263282e+06  1.39e-09 1.40e-08  7.80e-05     0s
  23   1.53263328e+06  1.53263328e+06  1.41e-09 1.41e-08  1.32e-07     0s
  24   1.53263331e+06  1.53263328e+06  3.99e-07 1.48e-08  4.21e-10     0s
  25   1.53263333e+06  1.53263328e+06  2.59e-07 3.80e-08  7.11e-11     0s
  26   1.53263337e+06  1.53263328e+06  3.39e-07 1.49e-08  7.11e-14     0s
  27   1.53263336e+06  1.53263328e+06  5.73e-07 7.45e-09  2.45e-14     0s
  28   1.53263338e+06  1.53263328e+06  4.90e-07 2.98e-08  4.75e-15     0s
  29   1.53263339e+06  1.53263328e+06  5.75e-07 1.49e-08  2.88e-15     0s
  30   1.53263337e+06  1.53263328e+06  7.11e-07 1.49e-08  9.42e-16     0s
  31   1.53263341e+06  1.53263328e+06  8.14e-07 1.49e-08  2.39e-16     0s
  32   1.53263343e+06  1.53263328e+06  1.08e-06 1.49e-08  2.72e-17     0s

Barrier solved model in 32 iterations and 0.13 seconds (0.07 work units)
Optimal objective 1.53263328e+06


User-callback calls 98, time in user-callback 0.00 sec

Gurobi 13.0.2 (win64) logging started Mon Jul 20 15:56:48 2026

Set parameter LogFile to value "C:\Users\ehsanno\DataspellProjects\Spanish_Power_System\results\GoRES\ipopt_logs\2024-07-08_h20.log"

Gurobi 13.0.2 (win64) logging started Mon Jul 20 15:56:48 2026

Set parameter LogFile to value "C:\Users\ehsanno\DataspellProjects\Spanish_Power_System\results\GoRES\ipopt_logs\2024-07-08_h20.log"
Gurobi Optimizer version 13.0.2 build v13.0.2rc1 (win64 - Windows 11+.0 (26200.2))

CPU model: 11th Gen Intel(R) Core(TM) i5-1145G7 @ 2.60GHz, instruction set [SSE2|AVX|AVX2|AVX512]
Thread count: 4 physical cores, 8 logical processors, using up to 8 threads

Non-default parameters:
LogToConsole  0

Optimize a model with 5146 rows, 8027 columns and 19302 nonzeros (Min)
Model fingerprint: 0xaa2efa13
Model has 2194 linear objective coefficients and an objective constant of 3.2991553629400011e+07
Model has 1660 quadratic objective terms
Coefficient statistics:
  Matrix range     [1e+00, 1e+04]
  Objective range  [4e-01, 1e+06]
  QObjective range [2e+04, 2e+04]
  Bounds range     [3e-06, 1e+04]
  RHS range        [3e-06, 1e+01]

Presolve removed 3638 rows and 4128 columns
Presolve time: 0.02s
Presolved: 1508 rows, 3899 columns, 9882 nonzeros
Presolved model has 1586 quadratic objective terms
Ordering time: 0.01s

Barrier statistics:
 AA' NZ     : 1.778e+04
 Factor NZ  : 4.733e+04 (roughly 3 MB of memory)
 Factor Ops : 1.942e+06 (less than 1 second per iteration)
 Threads    : 1

                  Objective                Residual
Iter       Primal          Dual         Primal    Dual     Compl     Time
   0   4.35342688e+12 -1.38366297e+12  8.69e+03 4.00e+04  3.99e+07     0s
   1   1.34179634e+12 -9.65688930e+11  2.79e+03 1.28e+04  1.32e+07     0s
   2   2.07194300e+11 -9.18771379e+11  4.38e+02 2.02e+03  2.30e+06     0s
   3   1.54325978e+10 -7.05220116e+11  3.30e+01 1.52e+02  2.46e+05     0s
   4   2.33369205e+09 -3.83623898e+11  5.11e+00 2.35e+01  7.25e+04     0s
   5   7.38252950e+08 -1.70553234e+11  1.46e+00 6.71e+00  2.79e+04     0s
   6   3.52276491e+08 -7.63564609e+10  4.06e-01 1.87e+00  1.13e+04     0s
   7   2.69852776e+08 -4.67893454e+10  1.95e-01 8.95e-01  6.76e+03     0s
   8   1.98501070e+08 -9.31977164e+09  2.75e-02 1.26e-01  1.29e+03     0s
   9   1.48347045e+08 -3.26840903e+09  8.60e-03 3.96e-02  4.54e+02     0s
  10   8.46452375e+07 -1.16470221e+09  1.33e-03 6.10e-03  1.62e+02     0s
  11   3.27174653e+07 -3.82461037e+08  2.11e-04 9.72e-04  5.31e+01     0s
  12   9.90868638e+06 -4.36862557e+07  2.48e-06 1.14e-05  6.80e+00     0s
  13   4.14150374e+06 -1.67769867e+07  8.48e-08 3.90e-07  2.66e+00     0s
  14   2.32942882e+06 -1.21582514e+06  8.49e-09 3.91e-08  4.50e-01     0s
  15   1.95650599e+06  8.16258244e+05  1.79e-09 9.31e-11  1.45e-01     0s
  16   1.83454655e+06  1.52636979e+06  1.84e-09 2.62e-11  3.91e-02     0s
  17   1.79266712e+06  1.73955718e+06  5.08e-09 2.81e-11  6.74e-03     0s
  18   1.78578803e+06  1.76620207e+06  1.12e-08 1.94e-11  2.49e-03     0s
  19   1.78232713e+06  1.78153227e+06  4.98e-09 6.20e-12  1.01e-04     0s
  20   1.78213581e+06  1.78209982e+06  2.66e-08 1.37e-11  4.57e-06     0s
  21   1.78212530e+06  1.78212229e+06  1.19e-08 1.75e-11  3.82e-07     0s
  22   1.78212463e+06  1.78212443e+06  3.96e-09 4.48e-11  2.66e-08     0s
  23   1.78212459e+06  1.78212458e+06  1.54e-08 1.87e-11  3.72e-10     0s

Barrier solved model in 23 iterations and 0.10 seconds (0.05 work units)
Optimal objective 1.78212459e+06


User-callback calls 84, time in user-callback 0.00 sec

Gurobi 13.0.2 (win64) logging started Mon Jul 20 15:58:34 2026

Set parameter LogFile to value "C:\Users\ehsanno\DataspellProjects\Spanish_Power_System\results\GoRES\ipopt_logs\2024-07-08_h20.log"

Gurobi 13.0.2 (win64) logging started Mon Jul 20 15:58:34 2026

Set parameter LogFile to value "C:\Users\ehsanno\DataspellProjects\Spanish_Power_System\results\GoRES\ipopt_logs\2024-07-08_h20.log"
Gurobi Optimizer version 13.0.2 build v13.0.2rc1 (win64 - Windows 11+.0 (26200.2))

CPU model: 11th Gen Intel(R) Core(TM) i5-1145G7 @ 2.60GHz, instruction set [SSE2|AVX|AVX2|AVX512]
Thread count: 4 physical cores, 8 logical processors, using up to 8 threads

Non-default parameters:
LogToConsole  0

Optimize a model with 5146 rows, 8027 columns and 19302 nonzeros (Min)
Model fingerprint: 0xa7efb3f9
Model has 2194 linear objective coefficients and an objective constant of 3.9589864355280012e+07
Model has 1660 quadratic objective terms
Coefficient statistics:
  Matrix range     [1e+00, 1e+04]
  Objective range  [4e-01, 1e+06]
  QObjective range [2e+04, 2e+04]
  Bounds range     [3e-06, 1e+04]
  RHS range        [3e-06, 1e+01]

Presolve removed 3638 rows and 4128 columns
Presolve time: 0.02s
Presolved: 1508 rows, 3899 columns, 9882 nonzeros
Presolved model has 1586 quadratic objective terms
Ordering time: 0.00s

Barrier statistics:
 AA' NZ     : 1.778e+04
 Factor NZ  : 4.733e+04 (roughly 3 MB of memory)
 Factor Ops : 1.942e+06 (less than 1 second per iteration)
 Threads    : 1

                  Objective                Residual
Iter       Primal          Dual         Primal    Dual     Compl     Time
   0   4.40300774e+12 -1.43308035e+12  8.69e+03 4.00e+04  3.99e+07     0s
   1   1.34688165e+12 -9.70603058e+11  2.79e+03 1.28e+04  1.32e+07     0s
   2   2.07312643e+11 -9.18701639e+11  4.38e+02 2.02e+03  2.30e+06     0s
   3   1.54369895e+10 -7.05086996e+11  3.30e+01 1.52e+02  2.46e+05     0s
   4   2.33650719e+09 -3.83588950e+11  5.12e+00 2.35e+01  7.25e+04     0s
   5   7.41787395e+08 -1.70593122e+11  1.46e+00 6.71e+00  2.79e+04     0s
   6   3.56451011e+08 -7.64323050e+10  4.07e-01 1.87e+00  1.14e+04     0s
   7   2.74058779e+08 -4.68390968e+10  1.95e-01 8.96e-01  6.77e+03     0s
   8   2.02612916e+08 -9.34682015e+09  2.76e-02 1.27e-01  1.29e+03     0s
   9   1.52261512e+08 -3.50640199e+09  8.98e-03 4.13e-02  4.86e+02     0s
  10   9.33698896e+07 -1.39214795e+09  1.92e-03 8.82e-03  1.94e+02     0s
  11   3.66306790e+07 -4.25537093e+08  3.13e-04 1.44e-03  5.92e+01     0s
  12   1.21248118e+07 -5.95226143e+07  5.24e-07 2.41e-06  9.09e+00     0s
  13   4.31444001e+06 -1.11749854e+07  3.43e-08 1.58e-07  1.97e+00     0s
  14   2.53477825e+06  1.37737157e+05  4.87e-09 1.05e-08  3.04e-01     0s
  15   2.29966024e+06  6.23854547e+05  7.87e-09 2.29e-09  2.13e-01     0s
  16   2.10076025e+06  1.70941369e+06  4.61e-09 4.21e-10  4.97e-02     0s
  17   2.04553564e+06  1.97318569e+06  1.27e-09 6.24e-11  9.18e-03     0s
  18   2.03410632e+06  2.01592533e+06  7.55e-09 1.79e-11  2.31e-03     0s
  19   2.03081908e+06  2.03017882e+06  3.37e-09 1.77e-11  8.13e-05     0s
  20   2.03064480e+06  2.03061399e+06  1.56e-08 2.39e-11  3.91e-06     0s
  21   2.03063695e+06  2.03063440e+06  9.09e-10 1.19e-11  3.23e-07     0s
  22   2.03063635e+06  2.03063634e+06  9.10e-10 1.01e-11  1.11e-09     0s

Barrier solved model in 22 iterations and 0.09 seconds (0.05 work units)
Optimal objective 2.03063635e+06


User-callback calls 78, time in user-callback 0.00 sec
