This is Ipopt version 3.14.19, running with linear solver ma57.

Number of nonzeros in equality constraint Jacobian...:    13682
Number of nonzeros in inequality constraint Jacobian.:     3120
Number of nonzeros in Lagrangian Hessian.............:      899

Total number of variables............................:     5539
                     variables with only lower bounds:        0
                variables with lower and upper bounds:     4303
                     variables with only upper bounds:        0
Total number of equality constraints.................:     3582
Total number of inequality constraints...............:     1560
        inequality constraints with only lower bounds:        0
   inequality constraints with lower and upper bounds:     1560
        inequality constraints with only upper bounds:        0

iter    objective    inf_pr   inf_du lg(mu)  ||d||  lg(rg) alpha_du alpha_pr  ls
   0  2.3229283e+07 1.88e+01 8.51e+01  -1.0 0.00e+00    -  0.00e+00 0.00e+00   0
   1  2.3230758e+07 1.88e+01 8.49e+01  -1.0 3.19e+01    -  8.34e-03 2.77e-05f  1
   2  2.0104557e+07 1.85e+01 8.48e+01  -1.0 2.76e+01  -4.0 7.01e-04 1.59e-02f  1
   3  1.9682496e+07 1.82e+01 8.40e+01  -1.0 2.39e+01  -4.5 1.09e-02 1.91e-02f  1
   4  1.8497555e+07 1.74e+01 8.22e+01  -1.0 2.23e+01  -5.0 2.48e-02 3.96e-02f  1
   5  1.6050495e+07 1.59e+01 7.44e+01  -1.0 6.66e+01    -  9.38e-02 8.83e-02f  1
   6  1.0065978e+07 1.16e+01 5.18e+01  -1.0 3.03e+01    -  2.98e-01 2.67e-01f  1
   7  2.5834546e+06 2.52e+00 2.69e+01  -1.0 1.97e+01    -  5.29e-01 7.84e-01f  1
   8  1.4406428e+06 3.39e-12 5.17e+00  -1.0 1.57e+01    -  8.28e-01 1.00e+00f  1
   9  1.2928532e+06 1.39e-08 5.59e-02  -1.0 2.41e+00    -  9.90e-01 1.00e+00f  1
iter    objective    inf_pr   inf_du lg(mu)  ||d||  lg(rg) alpha_du alpha_pr  ls
  10  1.3021793e+06 2.56e-12 1.14e-13  -1.0 2.93e-01    -  1.00e+00 1.00e+00f  1
  11  2.0429191e+05 2.50e-12 3.73e-02  -2.5 1.01e+00    -  8.47e-01 1.00e+00f  1
  12  1.3109569e+05 3.07e-12 1.67e-02  -2.5 1.03e+00  -5.4 8.92e-01 1.00e+00f  1
  13  8.0716908e+04 4.76e-11 2.53e-02  -3.8 4.33e-01  -5.9 7.38e-01 9.95e-01f  1
  14  7.5947730e+04 2.99e-12 1.11e-02  -3.8 2.51e-01  -6.4 8.35e-01 1.00e+00f  1
  15  7.4701918e+04 4.30e-12 2.84e-14  -3.8 1.59e-01    -  1.00e+00 1.00e+00f  1
  16  7.2277385e+04 2.78e-12 3.31e-03  -5.7 1.32e-01  -6.9 7.78e-01 9.84e-01f  1
  17  7.2063579e+04 2.61e-12 2.06e-03  -5.7 6.81e-02    -  7.96e-01 1.00e+00f  1
  18  7.2005275e+04 2.88e-12 1.61e-09  -5.7 3.53e-02  -7.3 1.00e+00 1.00e+00f  1
  19  7.1958586e+04 2.86e-12 2.97e-04  -8.6 2.48e-02  -7.8 8.79e-01 9.97e-01f  1
iter    objective    inf_pr   inf_du lg(mu)  ||d||  lg(rg) alpha_du alpha_pr  ls
  20  7.1951834e+04 3.32e-12 2.23e-05  -8.6 1.15e-02  -8.3 9.85e-01 1.00e+00f  1
  21  7.1949591e+04 1.47e-12 9.77e-12  -8.6 5.77e-03  -8.8 1.00e+00 1.00e+00f  1
  22  7.1948988e+04 2.41e-12 9.63e-08  -8.6 2.02e-03    -  1.00e+00 1.00e+00f  1
  23  7.1948939e+04 1.81e-12 7.44e-05  -8.6 2.65e-04    -  1.00e+00 7.98e-01f  1
  24  7.1948925e+04 2.71e-12 1.78e-14  -8.6 1.67e-04    -  1.00e+00 1.00e+00f  1

Number of Iterations....: 24

                                   (scaled)                 (unscaled)
Objective...............:   7.1948925289488281e+00    7.1948925289488281e+04
Dual infeasibility......:   1.7777303900127515e-14    1.7777303900127515e-10
Constraint violation....:   3.0464519795714295e-13    2.7061408669482034e-12
Variable bound violation:   9.9749410424158409e-09    9.9749410424158409e-09
Complementarity.........:   4.1042223613712193e-09    4.1042223613712194e-05
Overall NLP error.......:   4.1042223613712193e-09    4.1042223613712194e-05


Number of objective function evaluations             = 25
Number of objective gradient evaluations             = 25
Number of equality constraint evaluations            = 25
Number of inequality constraint evaluations          = 25
Number of equality constraint Jacobian evaluations   = 1
Number of inequality constraint Jacobian evaluations = 1
Number of Lagrangian Hessian evaluations             = 1
Total seconds in IPOPT                               = 0.153

EXIT: Optimal Solution Found.

Gurobi 13.0.2 (win64) logging started Wed Jul 15 11:53:31 2026

Set parameter LogFile to value "C:\Users\ehsanno\DataspellProjects\Spanish_Power_System\results\GoRES\ipopt_logs\2024-12-02_h12.log"

Gurobi 13.0.2 (win64) logging started Wed Jul 15 11:53:31 2026

Set parameter LogFile to value "C:\Users\ehsanno\DataspellProjects\Spanish_Power_System\results\GoRES\ipopt_logs\2024-12-02_h12.log"
Gurobi Optimizer version 13.0.2 build v13.0.2rc1 (win64 - Windows 11+.0 (26200.2))

CPU model: 11th Gen Intel(R) Core(TM) i5-1145G7 @ 2.60GHz, instruction set [SSE2|AVX|AVX2|AVX512]
Thread count: 4 physical cores, 8 logical processors, using up to 8 threads

Non-default parameters:
LogToConsole  0

Optimize a model with 5142 rows, 7197 columns and 18460 nonzeros (Min)
Model fingerprint: 0x6554b476
Model has 2031 linear objective coefficients and an objective constant of 2.2309066123051636e+07
Model has 973 quadratic objective terms
Coefficient statistics:
  Matrix range     [1e+00, 1e+04]
  Objective range  [4e+00, 1e+06]
  QObjective range [2e+04, 2e+04]
  Bounds range     [3e-06, 1e+04]
  RHS range        [3e-06, 1e+01]

Presolve removed 3669 rows and 4174 columns
Presolve time: 0.01s
Presolved: 1473 rows, 3023 columns, 8990 nonzeros
Presolved model has 899 quadratic objective terms
Ordering time: 0.00s

Barrier statistics:
 AA' NZ     : 1.792e+04
 Factor NZ  : 4.667e+04 (roughly 2 MB of memory)
 Factor Ops : 1.864e+06 (less than 1 second per iteration)
 Threads    : 1

                  Objective                Residual
Iter       Primal          Dual         Primal    Dual     Compl     Time
   0   6.39102207e+12 -6.93231112e+11  7.25e+03 5.34e+03  5.33e+06     0s
   1   1.79615907e+12 -2.21053167e+11  2.15e+03 1.58e+03  1.61e+06     0s
   2   2.60669951e+11 -1.76395120e+11  3.18e+02 2.34e+02  2.96e+05     0s
   3   1.06963447e+11 -1.35097756e+11  1.31e+02 9.67e+01  1.26e+05     0s
   4   1.29673338e+10 -1.07000824e+11  1.65e+01 1.21e+01  3.35e+04     0s
   5   1.60040977e+09 -4.43459370e+10  2.47e+00 1.82e+00  9.57e+03     0s
   6   7.64790368e+08 -2.81655440e+10  1.23e+00 9.03e-01  5.78e+03     0s
   7   4.89043537e+08 -1.82343093e+10  6.72e-01 4.95e-01  3.61e+03     0s
   8   2.15119263e+08 -6.10147848e+09  1.95e-01 1.43e-01  1.14e+03     0s
   9   8.58431942e+07 -1.31881790e+09  9.85e-03 7.25e-03  2.34e+02     0s
  10   2.58380596e+07 -1.87376937e+08  9.15e-04 6.74e-04  3.51e+01     0s
  11   2.35654629e+06 -9.46204007e+06  1.91e-05 1.41e-05  1.94e+00     0s
  12   3.44291345e+05 -6.11966661e+05  9.88e-09 1.41e-11  1.57e-01     0s
  13   1.08954532e+05 -1.30998301e+03  7.76e-08 2.07e-11  1.81e-02     0s
  14   7.85697594e+04  5.90668496e+04  1.76e-07 1.55e-11  3.20e-03     0s
  15   7.28609412e+04  7.02371762e+04  1.08e-06 1.64e-11  4.31e-04     0s
  16   7.20791494e+04  7.17381293e+04  2.37e-06 2.10e-11  5.60e-05     0s
  17   7.19760884e+04  7.19430026e+04  5.33e-06 7.36e-12  5.44e-06     0s
  18   7.19618700e+04  7.19584905e+04  2.54e-05 9.61e-12  5.63e-07     0s
  19   7.19596715e+04  7.19593639e+04  4.37e-07 1.85e-11  5.05e-08     0s
  20   7.19594894e+04  7.19594171e+04  4.46e-08 1.02e-11  1.19e-08     0s
  21   7.19594892e+04  7.19594173e+04  3.43e-07 1.65e-11  1.18e-08     0s
  22   7.19594875e+04  7.19594165e+04  3.40e-07 8.39e-12  1.16e-08     0s
  23   7.19594636e+04  7.19594394e+04  5.43e-07 1.18e-11  3.92e-09     0s
  24   7.19594601e+04  7.19594426e+04  9.81e-07 6.26e-12  2.76e-09     0s
  25   7.19594507e+04  7.19594497e+04  1.23e-07 1.20e-11  1.64e-10     0s

Barrier solved model in 25 iterations and 0.07 seconds (0.06 work units)
Optimal objective 7.19594507e+04


User-callback calls 75, time in user-callback 0.00 sec

Gurobi 13.0.2 (win64) logging started Wed Jul 15 12:00:49 2026

Set parameter LogFile to value "C:\Users\ehsanno\DataspellProjects\Spanish_Power_System\results\GoRES\ipopt_logs\2024-12-02_h12.log"

Gurobi 13.0.2 (win64) logging started Wed Jul 15 12:00:49 2026

Set parameter LogFile to value "C:\Users\ehsanno\DataspellProjects\Spanish_Power_System\results\GoRES\ipopt_logs\2024-12-02_h12.log"
Gurobi Optimizer version 13.0.2 build v13.0.2rc1 (win64 - Windows 11+.0 (26200.2))

CPU model: 11th Gen Intel(R) Core(TM) i5-1145G7 @ 2.60GHz, instruction set [SSE2|AVX|AVX2|AVX512]
Thread count: 4 physical cores, 8 logical processors, using up to 8 threads

Non-default parameters:
LogToConsole  0

Optimize a model with 5142 rows, 7197 columns and 18460 nonzeros (Min)
Model fingerprint: 0x6554b476
Model has 2031 linear objective coefficients and an objective constant of 2.2309066123051636e+07
Model has 973 quadratic objective terms
Coefficient statistics:
  Matrix range     [1e+00, 1e+04]
  Objective range  [4e+00, 1e+06]
  QObjective range [2e+04, 2e+04]
  Bounds range     [3e-06, 1e+04]
  RHS range        [3e-06, 1e+01]

Presolve removed 3669 rows and 4174 columns
Presolve time: 0.01s
Presolved: 1473 rows, 3023 columns, 8990 nonzeros
Presolved model has 899 quadratic objective terms
Ordering time: 0.00s

Barrier statistics:
 AA' NZ     : 1.792e+04
 Factor NZ  : 4.667e+04 (roughly 2 MB of memory)
 Factor Ops : 1.864e+06 (less than 1 second per iteration)
 Threads    : 1

                  Objective                Residual
Iter       Primal          Dual         Primal    Dual     Compl     Time
   0   6.39102207e+12 -6.93231112e+11  7.25e+03 5.34e+03  5.33e+06     0s
   1   1.79615907e+12 -2.21053167e+11  2.15e+03 1.58e+03  1.61e+06     0s
   2   2.60669951e+11 -1.76395120e+11  3.18e+02 2.34e+02  2.96e+05     0s
   3   1.06963447e+11 -1.35097756e+11  1.31e+02 9.67e+01  1.26e+05     0s
   4   1.29673338e+10 -1.07000824e+11  1.65e+01 1.21e+01  3.35e+04     0s
   5   1.60040977e+09 -4.43459370e+10  2.47e+00 1.82e+00  9.57e+03     0s
   6   7.64790368e+08 -2.81655440e+10  1.23e+00 9.03e-01  5.78e+03     0s
   7   4.89043537e+08 -1.82343093e+10  6.72e-01 4.95e-01  3.61e+03     0s
   8   2.15119263e+08 -6.10147848e+09  1.95e-01 1.43e-01  1.14e+03     0s
   9   8.58431942e+07 -1.31881790e+09  9.85e-03 7.25e-03  2.34e+02     0s
  10   2.58380596e+07 -1.87376937e+08  9.15e-04 6.74e-04  3.51e+01     0s
  11   2.35654629e+06 -9.46204007e+06  1.91e-05 1.41e-05  1.94e+00     0s
  12   3.44291345e+05 -6.11966661e+05  9.88e-09 1.41e-11  1.57e-01     0s
  13   1.08954532e+05 -1.30998301e+03  7.76e-08 2.07e-11  1.81e-02     0s
  14   7.85697594e+04  5.90668496e+04  1.76e-07 1.55e-11  3.20e-03     0s
  15   7.28609412e+04  7.02371762e+04  1.08e-06 1.64e-11  4.31e-04     0s
  16   7.20791494e+04  7.17381293e+04  2.37e-06 2.10e-11  5.60e-05     0s
  17   7.19760884e+04  7.19430026e+04  5.33e-06 7.36e-12  5.44e-06     0s
  18   7.19618700e+04  7.19584905e+04  2.54e-05 9.61e-12  5.63e-07     0s
  19   7.19596715e+04  7.19593639e+04  4.37e-07 1.85e-11  5.05e-08     0s
  20   7.19594894e+04  7.19594171e+04  4.46e-08 1.02e-11  1.19e-08     0s
  21   7.19594892e+04  7.19594173e+04  3.43e-07 1.65e-11  1.18e-08     0s
  22   7.19594875e+04  7.19594165e+04  3.40e-07 8.39e-12  1.16e-08     0s
  23   7.19594636e+04  7.19594394e+04  5.43e-07 1.18e-11  3.92e-09     0s
  24   7.19594601e+04  7.19594426e+04  9.81e-07 6.26e-12  2.76e-09     0s
  25   7.19594507e+04  7.19594497e+04  1.23e-07 1.20e-11  1.64e-10     0s

Barrier solved model in 25 iterations and 0.07 seconds (0.06 work units)
Optimal objective 7.19594507e+04


User-callback calls 76, time in user-callback 0.00 sec

Gurobi 13.0.2 (win64) logging started Wed Jul 15 12:16:05 2026

Set parameter LogFile to value "C:\Users\ehsanno\DataspellProjects\Spanish_Power_System\results\GoRES\ipopt_logs\2024-12-02_h12.log"

Gurobi 13.0.2 (win64) logging started Wed Jul 15 12:16:05 2026

Set parameter LogFile to value "C:\Users\ehsanno\DataspellProjects\Spanish_Power_System\results\GoRES\ipopt_logs\2024-12-02_h12.log"
Gurobi Optimizer version 13.0.2 build v13.0.2rc1 (win64 - Windows 11+.0 (26200.2))

CPU model: 11th Gen Intel(R) Core(TM) i5-1145G7 @ 2.60GHz, instruction set [SSE2|AVX|AVX2|AVX512]
Thread count: 4 physical cores, 8 logical processors, using up to 8 threads

Non-default parameters:
LogToConsole  0

Optimize a model with 5142 rows, 7197 columns and 18460 nonzeros (Min)
Model fingerprint: 0x6554b476
Model has 2031 linear objective coefficients and an objective constant of 2.2309066123051636e+07
Model has 973 quadratic objective terms
Coefficient statistics:
  Matrix range     [1e+00, 1e+04]
  Objective range  [4e+00, 1e+06]
  QObjective range [2e+04, 2e+04]
  Bounds range     [3e-06, 1e+04]
  RHS range        [3e-06, 1e+01]

Presolve removed 3669 rows and 4174 columns
Presolve time: 0.02s
Presolved: 1473 rows, 3023 columns, 8990 nonzeros
Presolved model has 899 quadratic objective terms
Ordering time: 0.00s

Barrier statistics:
 AA' NZ     : 1.792e+04
 Factor NZ  : 4.667e+04 (roughly 2 MB of memory)
 Factor Ops : 1.864e+06 (less than 1 second per iteration)
 Threads    : 1

                  Objective                Residual
Iter       Primal          Dual         Primal    Dual     Compl     Time
   0   6.39102207e+12 -6.93231112e+11  7.25e+03 5.34e+03  5.33e+06     0s
   1   1.79615907e+12 -2.21053167e+11  2.15e+03 1.58e+03  1.61e+06     0s
   2   2.60669951e+11 -1.76395120e+11  3.18e+02 2.34e+02  2.96e+05     0s
   3   1.06963447e+11 -1.35097756e+11  1.31e+02 9.67e+01  1.26e+05     0s
   4   1.29673338e+10 -1.07000824e+11  1.65e+01 1.21e+01  3.35e+04     0s
   5   1.60040977e+09 -4.43459370e+10  2.47e+00 1.82e+00  9.57e+03     0s
   6   7.64790368e+08 -2.81655440e+10  1.23e+00 9.03e-01  5.78e+03     0s
   7   4.89043537e+08 -1.82343093e+10  6.72e-01 4.95e-01  3.61e+03     0s
   8   2.15119263e+08 -6.10147848e+09  1.95e-01 1.43e-01  1.14e+03     0s
   9   8.58431942e+07 -1.31881790e+09  9.85e-03 7.25e-03  2.34e+02     0s
  10   2.58380596e+07 -1.87376937e+08  9.15e-04 6.74e-04  3.51e+01     0s
  11   2.35654629e+06 -9.46204007e+06  1.91e-05 1.41e-05  1.94e+00     0s
  12   3.44291345e+05 -6.11966661e+05  9.88e-09 1.41e-11  1.57e-01     0s
  13   1.08954532e+05 -1.30998301e+03  7.76e-08 2.07e-11  1.81e-02     0s
  14   7.85697594e+04  5.90668496e+04  1.76e-07 1.55e-11  3.20e-03     0s
  15   7.28609412e+04  7.02371762e+04  1.08e-06 1.64e-11  4.31e-04     0s
  16   7.20791494e+04  7.17381293e+04  2.37e-06 2.10e-11  5.60e-05     0s
  17   7.19760884e+04  7.19430026e+04  5.33e-06 7.36e-12  5.44e-06     0s
  18   7.19618700e+04  7.19584905e+04  2.54e-05 9.61e-12  5.63e-07     0s
  19   7.19596715e+04  7.19593639e+04  4.37e-07 1.85e-11  5.05e-08     0s
  20   7.19594894e+04  7.19594171e+04  4.46e-08 1.02e-11  1.19e-08     0s
  21   7.19594892e+04  7.19594173e+04  3.43e-07 1.65e-11  1.18e-08     0s
  22   7.19594875e+04  7.19594165e+04  3.40e-07 8.39e-12  1.16e-08     0s
  23   7.19594636e+04  7.19594394e+04  5.43e-07 1.18e-11  3.92e-09     0s
  24   7.19594601e+04  7.19594426e+04  9.81e-07 6.26e-12  2.76e-09     0s
  25   7.19594507e+04  7.19594497e+04  1.23e-07 1.20e-11  1.64e-10     0s

Barrier solved model in 25 iterations and 0.07 seconds (0.06 work units)
Optimal objective 7.19594507e+04


User-callback calls 79, time in user-callback 0.00 sec

Gurobi 13.0.2 (win64) logging started Wed Jul 15 12:32:18 2026

Set parameter LogFile to value "C:\Users\ehsanno\DataspellProjects\Spanish_Power_System\results\GoRES\ipopt_logs\2024-12-02_h12.log"

Gurobi 13.0.2 (win64) logging started Wed Jul 15 12:32:18 2026

Set parameter LogFile to value "C:\Users\ehsanno\DataspellProjects\Spanish_Power_System\results\GoRES\ipopt_logs\2024-12-02_h12.log"
Gurobi Optimizer version 13.0.2 build v13.0.2rc1 (win64 - Windows 11+.0 (26200.2))

CPU model: 11th Gen Intel(R) Core(TM) i5-1145G7 @ 2.60GHz, instruction set [SSE2|AVX|AVX2|AVX512]
Thread count: 4 physical cores, 8 logical processors, using up to 8 threads

Non-default parameters:
LogToConsole  0

Optimize a model with 5142 rows, 7197 columns and 18460 nonzeros (Min)
Model fingerprint: 0xdd21fb33
Model has 2031 linear objective coefficients and an objective constant of 2.2309100597200017e+07
Model has 973 quadratic objective terms
Coefficient statistics:
  Matrix range     [1e+00, 1e+04]
  Objective range  [4e+00, 1e+06]
  QObjective range [2e+04, 2e+04]
  Bounds range     [3e-06, 1e+04]
  RHS range        [3e-06, 1e+01]

Presolve removed 3669 rows and 4174 columns
Presolve time: 0.01s
Presolved: 1473 rows, 3023 columns, 8990 nonzeros
Presolved model has 899 quadratic objective terms
Ordering time: 0.00s

Barrier statistics:
 AA' NZ     : 1.792e+04
 Factor NZ  : 4.667e+04 (roughly 2 MB of memory)
 Factor Ops : 1.864e+06 (less than 1 second per iteration)
 Threads    : 1

                  Objective                Residual
Iter       Primal          Dual         Primal    Dual     Compl     Time
   0   6.39102207e+12 -6.93231112e+11  7.25e+03 5.34e+03  5.33e+06     0s
   1   1.79615907e+12 -2.21053167e+11  2.15e+03 1.58e+03  1.61e+06     0s
   2   2.60669951e+11 -1.76395120e+11  3.18e+02 2.34e+02  2.96e+05     0s
   3   1.06963447e+11 -1.35097756e+11  1.31e+02 9.67e+01  1.26e+05     0s
   4   1.29673336e+10 -1.07000825e+11  1.65e+01 1.21e+01  3.35e+04     0s
   5   1.60040996e+09 -4.43459397e+10  2.47e+00 1.82e+00  9.57e+03     0s
   6   7.64790053e+08 -2.81655390e+10  1.23e+00 9.03e-01  5.78e+03     0s
   7   4.89043527e+08 -1.82343106e+10  6.72e-01 4.95e-01  3.61e+03     0s
   8   2.15119232e+08 -6.10147584e+09  1.95e-01 1.43e-01  1.14e+03     0s
   9   8.58431473e+07 -1.31881521e+09  9.85e-03 7.25e-03  2.34e+02     0s
  10   2.58380421e+07 -1.87376968e+08  9.15e-04 6.74e-04  3.51e+01     0s
  11   2.35654751e+06 -9.46201825e+06  1.91e-05 1.41e-05  1.94e+00     0s
  12   3.44292461e+05 -6.11965639e+05  5.91e-09 1.41e-11  1.57e-01     0s
  13   1.08954900e+05 -1.30955944e+03  1.44e-07 9.82e-12  1.81e-02     0s
  14   7.85699020e+04  5.90671228e+04  4.64e-07 9.56e-12  3.20e-03     0s
  15   7.28610127e+04  7.02373136e+04  1.56e-06 1.58e-11  4.31e-04     0s
  16   7.20791849e+04  7.17381667e+04  2.74e-06 1.36e-11  5.60e-05     0s
  17   7.19761208e+04  7.19430317e+04  1.71e-06 1.38e-11  5.44e-06     0s
  18   7.19618917e+04  7.19585109e+04  2.52e-05 1.18e-11  5.63e-07     0s
  19   7.19596905e+04  7.19593837e+04  1.16e-06 1.18e-11  5.03e-08     0s
  20   7.19595085e+04  7.19594365e+04  1.18e-06 1.60e-11  1.17e-08     0s
  21   7.19594991e+04  7.19594453e+04  2.00e-06 1.03e-11  8.55e-09     0s
  22   7.19594736e+04  7.19594670e+04  1.81e-06 1.45e-11  9.45e-10     0s
  23   7.19594715e+04  7.19594683e+04  3.12e-06 5.84e-12  2.46e-10     0s
  24   7.19594716e+04  7.19594684e+04  4.19e-06 4.54e-12  1.63e-10     0s
  25   7.19594693e+04  7.19594688e+04  2.64e-06 1.48e-11  2.17e-11     0s
  26   7.19594690e+04  7.19594689e+04  5.06e-07 7.85e-12  1.35e-13     0s
  27   7.19594689e+04  7.19594689e+04  7.58e-08 3.83e-12  4.21e-15     0s

Barrier solved model in 27 iterations and 0.07 seconds (0.06 work units)
Optimal objective 7.19594689e+04


User-callback calls 80, time in user-callback 0.00 sec

Gurobi 13.0.2 (win64) logging started Wed Jul 15 14:22:10 2026

Set parameter LogFile to value "C:\Users\ehsanno\DataspellProjects\Spanish_Power_System\results\GoRES\ipopt_logs\2024-12-02_h12.log"

Gurobi 13.0.2 (win64) logging started Wed Jul 15 14:22:10 2026

Set parameter LogFile to value "C:\Users\ehsanno\DataspellProjects\Spanish_Power_System\results\GoRES\ipopt_logs\2024-12-02_h12.log"
Gurobi Optimizer version 13.0.2 build v13.0.2rc1 (win64 - Windows 11+.0 (26200.2))

CPU model: 11th Gen Intel(R) Core(TM) i5-1145G7 @ 2.60GHz, instruction set [SSE2|AVX|AVX2|AVX512]
Thread count: 4 physical cores, 8 logical processors, using up to 8 threads

Non-default parameters:
LogToConsole  0

Optimize a model with 5142 rows, 7197 columns and 18460 nonzeros (Min)
Model fingerprint: 0x7ed22c4b
Model has 2031 linear objective coefficients and an objective constant of 2.6625737567007512e+07
Model has 973 quadratic objective terms
Coefficient statistics:
  Matrix range     [1e+00, 1e+04]
  Objective range  [4e+00, 1e+06]
  QObjective range [2e+04, 2e+04]
  Bounds range     [3e-06, 1e+04]
  RHS range        [3e-06, 1e+01]

Presolve removed 3668 rows and 4174 columns
Presolve time: 0.02s
Presolved: 1474 rows, 3023 columns, 8996 nonzeros
Presolved model has 899 quadratic objective terms
Ordering time: 0.00s

Barrier statistics:
 AA' NZ     : 1.793e+04
 Factor NZ  : 4.726e+04 (roughly 2 MB of memory)
 Factor Ops : 1.921e+06 (less than 1 second per iteration)
 Threads    : 1

                  Objective                Residual
Iter       Primal          Dual         Primal    Dual     Compl     Time
   0   6.39094304e+12 -6.93956209e+11  7.25e+03 5.34e+03  5.33e+06     0s
   1   1.79621583e+12 -2.21853177e+11  2.15e+03 1.58e+03  1.61e+06     0s
   2   2.60642376e+11 -1.77204110e+11  3.18e+02 2.34e+02  2.96e+05     0s
   3   1.07086509e+11 -1.35744590e+11  1.31e+02 9.68e+01  1.26e+05     0s
   4   1.29493925e+10 -1.07546638e+11  1.64e+01 1.21e+01  3.35e+04     0s
   5   1.60618993e+09 -4.43972790e+10  2.44e+00 1.80e+00  9.54e+03     0s
   6   8.16781083e+08 -2.93979195e+10  1.32e+00 9.69e-01  6.03e+03     0s
   7   5.04830780e+08 -1.88814425e+10  7.10e-01 5.22e-01  3.73e+03     0s
   8   1.72662388e+08 -4.30681571e+09  1.18e-01 8.66e-02  7.91e+02     0s
   9   7.02252903e+07 -7.61620343e+08  5.47e-03 4.03e-03  1.38e+02     0s
  10   1.75235726e+07 -1.09100327e+08  6.06e-04 4.46e-04  2.08e+01     0s
  11   1.56456864e+06 -6.30503736e+06  3.61e-06 2.66e-06  1.29e+00     0s
  12   2.66147952e+05 -3.84626608e+05  5.30e-09 1.80e-11  1.07e-01     0s
  13   9.84625258e+04  1.87724818e+04  4.44e-08 2.31e-11  1.31e-02     0s
  14   7.67984310e+04  6.22494262e+04  9.02e-08 6.68e-12  2.39e-03     0s
  15   7.26796919e+04  7.06932293e+04  3.15e-07 1.50e-11  3.26e-04     0s
  16   7.20940518e+04  7.18467377e+04  2.19e-06 6.57e-12  4.06e-05     0s
  17   7.20150643e+04  7.19944125e+04  6.17e-06 1.20e-11  3.39e-06     0s
  18   7.20051029e+04  7.20028705e+04  1.08e-04 6.74e-12  3.81e-07     0s
  19   7.20035850e+04  7.20033858e+04  4.36e-05 8.83e-12  4.42e-08     0s
  20   7.20035308e+04  7.20034175e+04  5.78e-05 1.29e-11  2.95e-08     0s
  21   7.20034721e+04  7.20034527e+04  4.62e-06 7.59e-12  2.91e-09     0s
  22   7.20034660e+04  7.20034572e+04  7.45e-06 7.61e-12  1.12e-10     0s
  23   7.20034608e+04  7.20034587e+04  8.37e-06 1.70e-11  1.20e-11     0s
  24   7.20034603e+04  7.20034588e+04  1.81e-06 6.95e-12  1.91e-13     0s
  25   7.20034589e+04  7.20034589e+04  4.48e-08 1.46e-11  5.75e-16     0s

Barrier solved model in 25 iterations and 0.07 seconds (0.05 work units)
Optimal objective 7.20034589e+04


User-callback calls 80, time in user-callback 0.00 sec

Gurobi 13.0.2 (win64) logging started Wed Jul 15 14:28:12 2026

Set parameter LogFile to value "C:\Users\ehsanno\DataspellProjects\Spanish_Power_System\results\GoRES\ipopt_logs\2024-12-02_h12.log"

Gurobi 13.0.2 (win64) logging started Wed Jul 15 14:28:12 2026

Set parameter LogFile to value "C:\Users\ehsanno\DataspellProjects\Spanish_Power_System\results\GoRES\ipopt_logs\2024-12-02_h12.log"
Gurobi Optimizer version 13.0.2 build v13.0.2rc1 (win64 - Windows 11+.0 (26200.2))

CPU model: 11th Gen Intel(R) Core(TM) i5-1145G7 @ 2.60GHz, instruction set [SSE2|AVX|AVX2|AVX512]
Thread count: 4 physical cores, 8 logical processors, using up to 8 threads

Non-default parameters:
LogToConsole  0

Optimize a model with 5142 rows, 7197 columns and 18460 nonzeros (Min)
Model fingerprint: 0x08da1360
Model has 2031 linear objective coefficients and an objective constant of 2.6625737567007512e+07
Model has 973 quadratic objective terms
Coefficient statistics:
  Matrix range     [1e+00, 1e+04]
  Objective range  [4e+00, 1e+06]
  QObjective range [2e+04, 2e+04]
  Bounds range     [3e-06, 1e+04]
  RHS range        [3e-06, 1e+01]

Presolve removed 3652 rows and 4145 columns
Presolve time: 0.01s
Presolved: 1490 rows, 3052 columns, 8958 nonzeros
Presolved model has 899 quadratic objective terms
Ordering time: 0.00s

Barrier statistics:
 AA' NZ     : 1.774e+04
 Factor NZ  : 4.700e+04 (roughly 2 MB of memory)
 Factor Ops : 1.869e+06 (less than 1 second per iteration)
 Threads    : 1

                  Objective                Residual
Iter       Primal          Dual         Primal    Dual     Compl     Time
   0   4.89150751e+12 -5.26617114e+11  6.25e+03 3.32e+03  3.30e+06     0s
   1   1.37265076e+12 -1.02361898e+11  1.88e+03 9.98e+02  1.01e+06     0s
   2   2.31485001e+11 -6.49124636e+10  3.25e+02 1.73e+02  2.24e+05     0s
   3   1.09980196e+10 -4.72456714e+10  1.57e+01 8.33e+00  1.72e+04     0s
   4   4.09224983e+09 -2.98826760e+10  5.94e+00 3.15e+00  8.16e+03     0s
   5   1.17110369e+09 -1.53475966e+10  1.72e+00 9.16e-01  3.37e+03     0s
   6   5.11867822e+08 -8.96656605e+09  6.15e-01 3.27e-01  1.79e+03     0s
   7   2.65199311e+08 -4.21773736e+09  2.46e-01 1.30e-01  8.00e+02     0s
   8   1.64745084e+08 -2.29676716e+09  9.72e-02 5.16e-02  4.25e+02     0s
   9   9.53645562e+07 -8.43566568e+08  3.33e-02 1.77e-02  1.57e+02     0s
  10   5.05297650e+07 -2.54203581e+08  8.20e-03 4.35e-03  5.01e+01     0s
  11   2.85785701e+07 -4.68963541e+07  1.28e-03 6.82e-04  1.23e+01     0s
  12   2.31503516e+07 -6.14216457e+06  3.73e-04 1.98e-04  4.77e+00     0s
  13   2.07088433e+07  8.87187806e+06  6.55e-10 1.98e-10  1.93e+00     0s
  14   1.93489629e+07  1.70309597e+07  3.00e-09 7.05e-12  3.77e-01     0s
  15   1.89375064e+07  1.88444427e+07  4.72e-09 1.12e-11  1.51e-02     0s
  16   1.89020801e+07  1.88907535e+07  1.88e-08 1.10e-11  1.84e-03     0s
  17   1.88991641e+07  1.88987709e+07  6.42e-08 1.67e-11  6.40e-05     0s
  18   1.88990528e+07  1.88990482e+07  6.91e-08 1.77e-11  7.23e-07     0s
  19   1.88991006e+07  1.88990504e+07  1.35e-05 1.43e-11  3.95e-08     0s
  20   1.88990831e+07  1.88990505e+07  2.23e-05 1.47e-11  3.45e-08     0s
  21   1.88991190e+07  1.88990505e+07  3.75e-05 1.61e-11  2.94e-08     0s
  22   1.88991502e+07  1.88990506e+07  4.03e-05 1.28e-11  9.34e-10     0s
  23   1.88990992e+07  1.88990506e+07  1.96e-05 9.45e-12  1.64e-11     0s
  24   1.88990826e+07  1.88990506e+07  9.92e-06 7.83e-12  5.61e-14     0s
  25   1.88990642e+07  1.88990506e+07  2.77e-06 2.18e-11  6.78e-17     0s
  26   1.88990569e+07  1.88990506e+07  1.68e-06 1.46e-11  7.14e-20     0s
  27   1.88990536e+07  1.88990506e+07  5.34e-07 1.46e-11  7.11e-23     0s
  28   1.88990520e+07  1.88990506e+07  2.52e-07 7.28e-12  7.15e-26     0s

Barrier solved model in 28 iterations and 0.07 seconds (0.06 work units)
Optimal objective 1.88990520e+07


User-callback calls 80, time in user-callback 0.00 sec

Gurobi 13.0.2 (win64) logging started Wed Jul 15 14:31:19 2026

Set parameter LogFile to value "C:\Users\ehsanno\DataspellProjects\Spanish_Power_System\results\GoRES\ipopt_logs\2024-12-02_h12.log"

Gurobi 13.0.2 (win64) logging started Wed Jul 15 14:31:19 2026

Set parameter LogFile to value "C:\Users\ehsanno\DataspellProjects\Spanish_Power_System\results\GoRES\ipopt_logs\2024-12-02_h12.log"
Gurobi Optimizer version 13.0.2 build v13.0.2rc1 (win64 - Windows 11+.0 (26200.2))

CPU model: 11th Gen Intel(R) Core(TM) i5-1145G7 @ 2.60GHz, instruction set [SSE2|AVX|AVX2|AVX512]
Thread count: 4 physical cores, 8 logical processors, using up to 8 threads

Non-default parameters:
LogToConsole  0

Optimize a model with 5142 rows, 7197 columns and 18460 nonzeros (Min)
Model fingerprint: 0x49c2a345
Model has 2031 linear objective coefficients and an objective constant of 2.6625746521520007e+07
Model has 973 quadratic objective terms
Coefficient statistics:
  Matrix range     [1e+00, 1e+04]
  Objective range  [4e+00, 1e+06]
  QObjective range [2e+04, 2e+04]
  Bounds range     [3e-06, 1e+04]
  RHS range        [3e-06, 1e+01]

Presolve removed 3666 rows and 4167 columns
Presolve time: 0.02s
Presolved: 1476 rows, 3030 columns, 8931 nonzeros
Presolved model has 899 quadratic objective terms
Ordering time: 0.00s

Barrier statistics:
 AA' NZ     : 1.772e+04
 Factor NZ  : 4.709e+04 (roughly 2 MB of memory)
 Factor Ops : 1.894e+06 (less than 1 second per iteration)
 Threads    : 1

                  Objective                Residual
Iter       Primal          Dual         Primal    Dual     Compl     Time
   0   5.10037290e+12 -5.55353073e+11  6.50e+03 3.60e+03  3.59e+06     0s
   1   1.42895151e+12 -1.22423012e+11  1.94e+03 1.08e+03  1.10e+06     0s
   2   2.33437743e+11 -8.63903323e+10  3.26e+02 1.81e+02  2.35e+05     0s
   3   1.51379980e+10 -5.69297742e+10  2.15e+01 1.19e+01  2.25e+04     0s
   4   3.28759939e+09 -3.27569613e+10  4.86e+00 2.70e+00  8.25e+03     0s
   5   1.12195679e+09 -1.64395096e+10  1.71e+00 9.46e-01  3.59e+03     0s
   6   3.95480713e+08 -7.29638775e+09  5.41e-01 3.00e-01  1.44e+03     0s
   7   2.89510744e+08 -5.42114993e+09  3.50e-01 1.94e-01  1.05e+03     0s
   8   1.27092649e+08 -1.93036284e+09  7.18e-02 3.98e-02  3.54e+02     0s
   9   4.68596450e+07 -5.12674200e+08  3.14e-03 1.74e-03  9.21e+01     0s
  10   2.39903632e+07 -2.01737041e+08  1.14e-03 6.30e-04  3.71e+01     0s
  11   1.13532967e+07 -4.64778703e+07  2.75e-04 1.52e-04  9.48e+00     0s
  12   7.30585488e+06 -1.56681929e+07  2.44e-09 1.52e-10  3.77e+00     0s
  13   4.93099176e+06  1.88173728e+06  1.65e-10 1.91e-11  5.00e-01     0s
  14   4.72478291e+06  2.48502083e+06  5.58e-09 1.56e-11  3.67e-01     0s
  15   4.46012043e+06  4.02552128e+06  5.72e-09 1.50e-11  7.12e-02     0s
  16   4.41778946e+06  4.18662387e+06  1.36e-08 1.16e-11  3.79e-02     0s
  17   4.37706634e+06  4.36845255e+06  3.11e-08 1.34e-11  1.41e-03     0s
  18   4.37501459e+06  4.37458922e+06  2.62e-08 2.01e-11  6.97e-05     0s
  19   4.37492076e+06  4.37491982e+06  5.04e-08 1.44e-11  1.54e-07     0s
  20   4.37492273e+06  4.37492034e+06  2.08e-06 2.10e-11  2.31e-09     0s
  21   4.37492156e+06  4.37492035e+06  7.91e-07 1.75e-11  1.46e-10     0s
  22   4.37492126e+06  4.37492035e+06  4.00e-07 2.16e-11  7.03e-13     0s
  23   4.37492099e+06  4.37492035e+06  4.60e-07 8.82e-12  3.75e-13     0s
  24   4.37492046e+06  4.37492035e+06  6.86e-07 8.94e-12  1.67e-13     0s
  25   4.37491980e+06  4.37492035e+06  1.56e-06 8.36e-12  1.09e-13     0s
  26   4.37491907e+06  4.37492035e+06  2.43e-06 7.62e-12  8.36e-14     0s
  27   4.37491708e+06  4.37492035e+06  4.62e-06 7.47e-12  4.73e-14     0s
  28   4.37491245e+06  4.37492035e+06  7.08e-06 7.31e-12  2.20e-14     0s
  29   4.37490845e+06  4.37492035e+06  7.83e-06 7.30e-12  1.71e-14     0s
  30   4.37489803e+06  4.37492034e+06  1.32e-05 3.64e-12  1.03e-14     0s
  31   4.37488220e+06  4.37492034e+06  2.44e-05 7.34e-12  6.86e-15     0s
  32   4.37486477e+06  4.37492032e+06  5.33e-05 7.28e-12  5.38e-15     0s
  33   4.37483771e+06  4.37492030e+06  1.01e-04 7.28e-12  4.15e-15     0s
  34   4.37478407e+06  4.37492022e+06  1.78e-04 7.28e-12  2.89e-15     0s
  35   4.37460395e+06  4.37491966e+06  2.73e-04 1.46e-11  1.07e-15     0s
  36   4.37434104e+06  4.37491809e+06  3.25e-04 1.46e-11  6.70e-16     0s
  37   4.37412327e+06  4.37491610e+06  8.18e-04 1.46e-11  5.68e-16     0s
  38   4.37361851e+06  4.37490892e+06  7.99e-04 1.46e-11  4.24e-16     0s
  39   4.37269407e+06  4.37488658e+06  1.47e-03 7.28e-12  3.24e-16     0s
  40   4.37092224e+06  4.37480916e+06  2.26e-03 7.28e-12  2.70e-16     0s
  41   4.36854085e+06  4.37462946e+06  4.54e-03 7.28e-12  2.87e-16     0s
  42   4.36546460e+06  4.37424537e+06  9.13e-03 7.28e-12  3.55e-16     0s
  43   4.35960791e+06  4.37296364e+06  1.48e-02 7.28e-12  6.21e-16     0s
  44   4.35511265e+06  4.37133824e+06  2.04e-02 8.00e-10  1.03e-15     0s
  45   4.35483585e+06  4.37121468e+06  2.05e-02 1.85e-12  1.26e-15     0s
  46   4.35483558e+06  4.37121455e+06  2.05e-02 3.64e-12  1.37e-15     0s
  47   4.35483558e+06  4.37121455e+06  2.05e-02 1.82e-12  1.44e-15     0s
  48   4.35483558e+06  4.37121455e+06  2.05e-02 1.14e-12  1.50e-15     0s
  49   4.35483558e+06  4.37121455e+06  2.05e-02 1.14e-12  1.51e-15     0s

Barrier performed 49 iterations in 0.11 seconds (0.10 work units)
Sub-optimal termination - objective 4.37501459e+06


User-callback calls 107, time in user-callback 0.00 sec

Gurobi 13.0.2 (win64) logging started Wed Jul 15 17:24:50 2026

Set parameter LogFile to value "C:\Users\ehsanno\DataspellProjects\Spanish_Power_System\results\GoRES\ipopt_logs\2024-12-02_h12.log"

Gurobi 13.0.2 (win64) logging started Wed Jul 15 17:24:50 2026

Set parameter LogFile to value "C:\Users\ehsanno\DataspellProjects\Spanish_Power_System\results\GoRES\ipopt_logs\2024-12-02_h12.log"
Gurobi Optimizer version 13.0.2 build v13.0.2rc1 (win64 - Windows 11+.0 (26200.2))

CPU model: 11th Gen Intel(R) Core(TM) i5-1145G7 @ 2.60GHz, instruction set [SSE2|AVX|AVX2|AVX512]
Thread count: 4 physical cores, 8 logical processors, using up to 8 threads

Non-default parameters:
LogToConsole  0

Optimize a model with 5146 rows, 7443 columns and 18718 nonzeros (Min)
Model fingerprint: 0x75a48012
Model has 2199 linear objective coefficients and an objective constant of 2.8551774464985758e+07
Model has 972 quadratic objective terms
Coefficient statistics:
  Matrix range     [1e+00, 1e+04]
  Objective range  [4e-01, 1e+06]
  QObjective range [2e+04, 2e+04]
  Bounds range     [3e-06, 1e+04]
  RHS range        [3e-06, 1e+01]

Presolve removed 10 rows and 197 columns
Presolve time: 0.00s

Barrier solved model in 0 iterations and 0.00 seconds (0.00 work units)
Model is infeasible

User-callback calls 26, time in user-callback 0.00 sec

Gurobi 13.0.2 (win64) logging started Wed Jul 15 17:27:57 2026

Set parameter LogFile to value "C:\Users\ehsanno\DataspellProjects\Spanish_Power_System\results\GoRES\ipopt_logs\2024-12-02_h12.log"

Gurobi 13.0.2 (win64) logging started Wed Jul 15 17:27:57 2026

Set parameter LogFile to value "C:\Users\ehsanno\DataspellProjects\Spanish_Power_System\results\GoRES\ipopt_logs\2024-12-02_h12.log"
Gurobi Optimizer version 13.0.2 build v13.0.2rc1 (win64 - Windows 11+.0 (26200.2))

CPU model: 11th Gen Intel(R) Core(TM) i5-1145G7 @ 2.60GHz, instruction set [SSE2|AVX|AVX2|AVX512]
Thread count: 4 physical cores, 8 logical processors, using up to 8 threads

Non-default parameters:
LogToConsole  0

Optimize a model with 5146 rows, 7443 columns and 18718 nonzeros (Min)
Model fingerprint: 0x5828a941
Model has 2199 linear objective coefficients and an objective constant of 2.8551780454560027e+07
Model has 972 quadratic objective terms
Coefficient statistics:
  Matrix range     [1e+00, 1e+04]
  Objective range  [4e-01, 1e+06]
  QObjective range [2e+04, 2e+04]
  Bounds range     [3e-06, 1e+04]
  RHS range        [3e-06, 1e+01]

Presolve removed 10 rows and 197 columns
Presolve time: 0.00s

Barrier solved model in 0 iterations and 0.00 seconds (0.00 work units)
Model is infeasible

User-callback calls 26, time in user-callback 0.00 sec

Gurobi 13.0.2 (win64) logging started Wed Jul 15 17:30:17 2026

Set parameter LogFile to value "C:\Users\ehsanno\DataspellProjects\Spanish_Power_System\results\GoRES\ipopt_logs\2024-12-02_h12.log"

Gurobi 13.0.2 (win64) logging started Wed Jul 15 17:30:17 2026

Set parameter LogFile to value "C:\Users\ehsanno\DataspellProjects\Spanish_Power_System\results\GoRES\ipopt_logs\2024-12-02_h12.log"
Gurobi Optimizer version 13.0.2 build v13.0.2rc1 (win64 - Windows 11+.0 (26200.2))

CPU model: 11th Gen Intel(R) Core(TM) i5-1145G7 @ 2.60GHz, instruction set [SSE2|AVX|AVX2|AVX512]
Thread count: 4 physical cores, 8 logical processors, using up to 8 threads

Non-default parameters:
LogToConsole  0

Optimize a model with 5146 rows, 7443 columns and 18718 nonzeros (Min)
Model fingerprint: 0x9475fd79
Model has 2199 linear objective coefficients and an objective constant of 2.8551780454560027e+07
Model has 972 quadratic objective terms
Coefficient statistics:
  Matrix range     [1e+00, 1e+04]
  Objective range  [4e-01, 1e+06]
  QObjective range [2e+04, 2e+04]
  Bounds range     [3e-06, 1e+04]
  RHS range        [3e-06, 1e+01]

Presolve removed 10 rows and 197 columns
Presolve time: 0.00s

Barrier solved model in 0 iterations and 0.00 seconds (0.00 work units)
Model is infeasible

User-callback calls 25, time in user-callback 0.00 sec

Gurobi 13.0.2 (win64) logging started Wed Jul 15 18:00:46 2026

Set parameter LogFile to value "C:\Users\ehsanno\DataspellProjects\Spanish_Power_System\results\GoRES\ipopt_logs\2024-12-02_h12.log"

Gurobi 13.0.2 (win64) logging started Wed Jul 15 18:00:46 2026

Set parameter LogFile to value "C:\Users\ehsanno\DataspellProjects\Spanish_Power_System\results\GoRES\ipopt_logs\2024-12-02_h12.log"
Gurobi Optimizer version 13.0.2 build v13.0.2rc1 (win64 - Windows 11+.0 (26200.2))

CPU model: 11th Gen Intel(R) Core(TM) i5-1145G7 @ 2.60GHz, instruction set [SSE2|AVX|AVX2|AVX512]
Thread count: 4 physical cores, 8 logical processors, using up to 8 threads

Non-default parameters:
LogToConsole  0

Optimize a model with 5146 rows, 7443 columns and 18718 nonzeros (Min)
Model fingerprint: 0xff91a1f5
Model has 2199 linear objective coefficients and an objective constant of 2.8551780454560027e+07
Model has 972 quadratic objective terms
Coefficient statistics:
  Matrix range     [1e+00, 1e+04]
  Objective range  [4e-01, 1e+06]
  QObjective range [2e+04, 2e+04]
  Bounds range     [3e-06, 1e+04]
  RHS range        [3e-06, 1e+01]

Presolve removed 3655 rows and 4262 columns
Presolve time: 0.02s
Presolved: 1491 rows, 3181 columns, 9196 nonzeros
Presolved model has 898 quadratic objective terms
Ordering time: 0.01s

Barrier statistics:
 AA' NZ     : 1.784e+04
 Factor NZ  : 4.974e+04 (roughly 2 MB of memory)
 Factor Ops : 2.174e+06 (less than 1 second per iteration)
 Threads    : 1

                  Objective                Residual
Iter       Primal          Dual         Primal    Dual     Compl     Time
   0   6.42808556e+12 -2.43134996e+12  7.50e+03 3.76e+04  3.76e+07     0s
   1   1.44346697e+12 -1.41063934e+12  1.79e+03 8.97e+03  9.24e+06     0s
   2   1.55901471e+11 -1.20021319e+12  1.97e+02 9.87e+02  1.22e+06     0s
   3   2.30359885e+10 -6.09392536e+11  2.97e+01 1.49e+02  2.31e+05     0s
   4   3.84304722e+09 -2.75299403e+11  5.33e+00 2.67e+01  6.37e+04     0s
   5   1.15935589e+09 -1.19150209e+11  1.72e+00 8.61e+00  2.43e+04     0s
   6   9.02592482e+08 -9.76787176e+10  1.25e+00 6.28e+00  1.96e+04     0s
   7   8.38793255e+08 -9.04039105e+10  1.15e+00 5.79e+00  1.81e+04     0s
   8   8.10957997e+08 -8.64810344e+10  1.11e+00 5.58e+00  1.75e+04     0s
   9   7.95387861e+08 -8.30826093e+10  1.08e+00 5.44e+00  1.70e+04     0s
  10   7.78608876e+08 -7.57121931e+10  1.03e+00 5.19e+00  1.62e+04     0s
  11   7.86808780e+08 -6.51473403e+10  9.87e-01 4.95e+00  1.55e+04     0s
  12   7.80419504e+08 -5.06817444e+10  9.71e-01 4.87e+00  1.52e+04     0s
  13   7.79551359e+08 -4.67993268e+10  9.68e-01 4.86e+00  1.52e+04     0s
  14   7.50617396e+08  1.61754969e+10  9.44e-01 4.74e+00  1.49e+04     0s
  15   7.47272671e+08  2.27594426e+11  9.21e-01 4.59e+00  1.49e+04     0s
  16   7.44019192e+08  3.78717252e+11  9.16e-01 4.56e+00  1.48e+04     0s
  17   7.43829312e+08  5.01360438e+11  9.15e-01 4.56e+00  1.49e+04     0s
  18   1.04701068e+14 -4.69179742e+13  7.50e+04 3.76e+04  3.74e+08     0s
  19   2.02563766e+13 -5.51011835e+12  2.10e+04 1.05e+04  1.44e+08     0s
  20   1.32302219e+12 -2.43685168e+12  1.64e+03 8.21e+02  1.46e+07     0s
  21   6.22490713e+10 -1.71008619e+12  7.84e+01 3.93e+01  9.15e+05     0s
  22   6.89234064e+09 -7.60008620e+11  8.81e+00 4.42e+00  1.91e+05     0s
  23   1.10584212e+09 -2.19714737e+11  1.43e+00 7.20e-01  4.32e+04     0s
  24   9.17191099e+08 -1.86226705e+11  1.16e+00 5.83e-01  3.63e+04     0s
  25   8.41574153e+08 -1.66803994e+11  1.06e+00 5.34e-01  3.32e+04     0s
  26   8.16711730e+08 -1.40846093e+11  9.91e-01 4.97e-01  3.09e+04     0s
  27   7.99863628e+08 -1.22356512e+11  9.70e-01 4.87e-01  3.02e+04     0s
  28   7.81121160e+08 -7.30525609e+10  9.50e-01 4.77e-01  2.95e+04     0s
  29   7.54824012e+08  3.84775940e+10  9.28e-01 4.66e-01  2.86e+04     0s
  30   7.48415292e+08  1.86199054e+11  9.19e-01 4.61e-01  2.82e+04     0s
  31   7.46824284e+08  3.24484714e+11  9.15e-01 4.59e-01  2.81e+04     0s
  32   7.46468452e+08  6.61078604e+11  9.13e-01 4.58e-01  2.82e+04     0s
  33   7.43866797e+08  9.46096476e+11  9.12e-01 4.57e-01  2.84e+04     0s
  34   7.41035852e+08  2.21036542e+12  9.08e-01 4.55e-01  2.85e+04     0s
  35   7.40368509e+08  3.63319612e+12  9.07e-01 4.54e-01  2.88e+04     0s
  36   7.42458316e+08  5.13889077e+12  9.07e-01 4.54e-01  2.94e+04     0s
  37   7.46141580e+08  8.37015128e+12  9.06e-01 4.54e-01  3.05e+04     0s
  38   7.48859665e+08  1.26911077e+13  9.06e-01 4.54e-01  3.21e+04     0s
  39   7.52823612e+08  1.44651920e+13  9.06e-01 4.54e-01  3.28e+04     0s
  40   7.54888527e+08  1.82654986e+13  9.06e-01 4.54e-01  3.42e+04     0s
  41   7.57541789e+08  2.51752837e+13  9.05e-01 4.53e-01  3.65e+04     0s
  42   7.59625185e+08  3.91926399e+13  9.05e-01 4.53e-01  4.06e+04     0s
  43   7.61515308e+08  4.89961929e+13  9.05e-01 4.53e-01  4.36e+04     0s
  44   7.64886175e+08  8.92681710e+13  9.05e-01 4.53e-01  5.36e+04     0s
  45   7.67149456e+08  1.72393901e+14  9.04e-01 4.53e-01  7.18e+04     0s
  46   7.68576657e+08  3.65634541e+14  9.04e-01 4.53e-01  1.08e+05     0s
  47   7.68692327e+08  5.64911035e+14  9.04e-01 4.53e-01  1.45e+05     0s
  48   7.70120372e+08  7.62064430e+14  9.04e-01 4.53e-01  1.80e+05     0s
  49   7.69541761e+08  1.77927987e+15  9.04e-01 4.53e-01  3.32e+05     0s
  50   7.69101342e+08  2.11245453e+15  9.04e-01 4.53e-01  3.83e+05     0s

Barrier performed 50 iterations in 0.18 seconds (0.11 work units)
Numerical trouble encountered

Model may be infeasible or unbounded.  Consider using the
homogeneous algorithm (through parameter 'BarHomogeneous')


User-callback calls 114, time in user-callback 0.00 sec

Gurobi 13.0.2 (win64) logging started Thu Jul 16 15:27:27 2026

Set parameter LogFile to value "C:\Users\ehsanno\DataspellProjects\Spanish_Power_System\results\GoRES\ipopt_logs\2024-12-02_h12.log"

Gurobi 13.0.2 (win64) logging started Thu Jul 16 15:27:27 2026

Set parameter LogFile to value "C:\Users\ehsanno\DataspellProjects\Spanish_Power_System\results\GoRES\ipopt_logs\2024-12-02_h12.log"
Gurobi Optimizer version 13.0.2 build v13.0.2rc1 (win64 - Windows 11+.0 (26200.2))

CPU model: 11th Gen Intel(R) Core(TM) i5-1145G7 @ 2.60GHz, instruction set [SSE2|AVX|AVX2|AVX512]
Thread count: 4 physical cores, 8 logical processors, using up to 8 threads

Non-default parameters:
LogToConsole  0

Optimize a model with 5146 rows, 7443 columns and 18718 nonzeros (Min)
Model fingerprint: 0xff91a1f5
Model has 2199 linear objective coefficients and an objective constant of 2.8551780454560027e+07
Model has 972 quadratic objective terms
Coefficient statistics:
  Matrix range     [1e+00, 1e+04]
  Objective range  [4e-01, 1e+06]
  QObjective range [2e+04, 2e+04]
  Bounds range     [3e-06, 1e+04]
  RHS range        [3e-06, 1e+01]

Presolve removed 3655 rows and 4262 columns
Presolve time: 0.02s
Presolved: 1491 rows, 3181 columns, 9196 nonzeros
Presolved model has 898 quadratic objective terms
Ordering time: 0.00s

Barrier statistics:
 AA' NZ     : 1.784e+04
 Factor NZ  : 4.974e+04 (roughly 2 MB of memory)
 Factor Ops : 2.174e+06 (less than 1 second per iteration)
 Threads    : 1

                  Objective                Residual
Iter       Primal          Dual         Primal    Dual     Compl     Time
   0   6.42808556e+12 -2.43134996e+12  7.50e+03 3.76e+04  3.76e+07     0s
   1   1.44346697e+12 -1.41063934e+12  1.79e+03 8.97e+03  9.24e+06     0s
   2   1.55901471e+11 -1.20021319e+12  1.97e+02 9.87e+02  1.22e+06     0s
   3   2.30359885e+10 -6.09392536e+11  2.97e+01 1.49e+02  2.31e+05     0s
   4   3.84304722e+09 -2.75299403e+11  5.33e+00 2.67e+01  6.37e+04     0s
   5   1.15935589e+09 -1.19150209e+11  1.72e+00 8.61e+00  2.43e+04     0s
   6   9.02592482e+08 -9.76787176e+10  1.25e+00 6.28e+00  1.96e+04     0s
   7   8.38793255e+08 -9.04039105e+10  1.15e+00 5.79e+00  1.81e+04     0s
   8   8.10957997e+08 -8.64810344e+10  1.11e+00 5.58e+00  1.75e+04     0s
   9   7.95387861e+08 -8.30826093e+10  1.08e+00 5.44e+00  1.70e+04     0s
  10   7.78608876e+08 -7.57121931e+10  1.03e+00 5.19e+00  1.62e+04     0s
  11   7.86808780e+08 -6.51473403e+10  9.87e-01 4.95e+00  1.55e+04     0s
  12   7.80419504e+08 -5.06817444e+10  9.71e-01 4.87e+00  1.52e+04     0s
  13   7.79551359e+08 -4.67993268e+10  9.68e-01 4.86e+00  1.52e+04     0s
  14   7.50617396e+08  1.61754969e+10  9.44e-01 4.74e+00  1.49e+04     0s
  15   7.47272671e+08  2.27594426e+11  9.21e-01 4.59e+00  1.49e+04     0s
  16   7.44019192e+08  3.78717252e+11  9.16e-01 4.56e+00  1.48e+04     0s
  17   7.43829312e+08  5.01360438e+11  9.15e-01 4.56e+00  1.49e+04     0s
  18   1.04701068e+14 -4.69179742e+13  7.50e+04 3.76e+04  3.74e+08     0s
  19   2.02563766e+13 -5.51011835e+12  2.10e+04 1.05e+04  1.44e+08     0s
  20   1.32302219e+12 -2.43685168e+12  1.64e+03 8.21e+02  1.46e+07     0s
  21   6.22490713e+10 -1.71008619e+12  7.84e+01 3.93e+01  9.15e+05     0s
  22   6.89234064e+09 -7.60008620e+11  8.81e+00 4.42e+00  1.91e+05     0s
  23   1.10584212e+09 -2.19714737e+11  1.43e+00 7.20e-01  4.32e+04     0s
  24   9.17191099e+08 -1.86226705e+11  1.16e+00 5.83e-01  3.63e+04     0s
  25   8.41574153e+08 -1.66803994e+11  1.06e+00 5.34e-01  3.32e+04     0s
  26   8.16711730e+08 -1.40846093e+11  9.91e-01 4.97e-01  3.09e+04     0s
  27   7.99863628e+08 -1.22356512e+11  9.70e-01 4.87e-01  3.02e+04     0s
  28   7.81121160e+08 -7.30525609e+10  9.50e-01 4.77e-01  2.95e+04     0s
  29   7.54824012e+08  3.84775940e+10  9.28e-01 4.66e-01  2.86e+04     0s
  30   7.48415292e+08  1.86199054e+11  9.19e-01 4.61e-01  2.82e+04     0s
  31   7.46824284e+08  3.24484714e+11  9.15e-01 4.59e-01  2.81e+04     0s
  32   7.46468452e+08  6.61078604e+11  9.13e-01 4.58e-01  2.82e+04     0s
  33   7.43866797e+08  9.46096476e+11  9.12e-01 4.57e-01  2.84e+04     0s
  34   7.41035852e+08  2.21036542e+12  9.08e-01 4.55e-01  2.85e+04     0s
  35   7.40368509e+08  3.63319612e+12  9.07e-01 4.54e-01  2.88e+04     0s
  36   7.42458316e+08  5.13889077e+12  9.07e-01 4.54e-01  2.94e+04     0s
  37   7.46141580e+08  8.37015128e+12  9.06e-01 4.54e-01  3.05e+04     0s
  38   7.48859665e+08  1.26911077e+13  9.06e-01 4.54e-01  3.21e+04     0s
  39   7.52823612e+08  1.44651920e+13  9.06e-01 4.54e-01  3.28e+04     0s
  40   7.54888527e+08  1.82654986e+13  9.06e-01 4.54e-01  3.42e+04     0s
  41   7.57541789e+08  2.51752837e+13  9.05e-01 4.53e-01  3.65e+04     0s
  42   7.59625185e+08  3.91926399e+13  9.05e-01 4.53e-01  4.06e+04     0s
  43   7.61515308e+08  4.89961929e+13  9.05e-01 4.53e-01  4.36e+04     0s
  44   7.64886175e+08  8.92681710e+13  9.05e-01 4.53e-01  5.36e+04     0s
  45   7.67149456e+08  1.72393901e+14  9.04e-01 4.53e-01  7.18e+04     0s
  46   7.68576657e+08  3.65634541e+14  9.04e-01 4.53e-01  1.08e+05     0s
  47   7.68692327e+08  5.64911035e+14  9.04e-01 4.53e-01  1.45e+05     0s
  48   7.70120372e+08  7.62064430e+14  9.04e-01 4.53e-01  1.80e+05     0s
  49   7.69541761e+08  1.77927987e+15  9.04e-01 4.53e-01  3.32e+05     0s
  50   7.69101342e+08  2.11245453e+15  9.04e-01 4.53e-01  3.83e+05     0s

Barrier performed 50 iterations in 0.13 seconds (0.11 work units)
Numerical trouble encountered

Model may be infeasible or unbounded.  Consider using the
homogeneous algorithm (through parameter 'BarHomogeneous')


User-callback calls 115, time in user-callback 0.00 sec

Gurobi 13.0.2 (win64) logging started Thu Jul 16 16:08:04 2026

Set parameter LogFile to value "C:\Users\ehsanno\DataspellProjects\Spanish_Power_System\results\GoRES\ipopt_logs\2024-12-02_h12.log"

Gurobi 13.0.2 (win64) logging started Thu Jul 16 16:08:04 2026

Set parameter LogFile to value "C:\Users\ehsanno\DataspellProjects\Spanish_Power_System\results\GoRES\ipopt_logs\2024-12-02_h12.log"
Gurobi Optimizer version 13.0.2 build v13.0.2rc1 (win64 - Windows 11+.0 (26200.2))

CPU model: 11th Gen Intel(R) Core(TM) i5-1145G7 @ 2.60GHz, instruction set [SSE2|AVX|AVX2|AVX512]
Thread count: 4 physical cores, 8 logical processors, using up to 8 threads

Non-default parameters:
LogToConsole  0

Optimize a model with 5146 rows, 7859 columns and 19134 nonzeros (Min)
Model fingerprint: 0xb8383ac2
Model has 2567 linear objective coefficients and an objective constant of 2.9491136027818408e+07
Model has 1482 quadratic objective terms
Coefficient statistics:
  Matrix range     [1e+00, 1e+04]
  Objective range  [4e-07, 1e+06]
  QObjective range [2e+04, 2e+04]
  Bounds range     [3e-06, 1e+04]
  RHS range        [3e-06, 1e+01]

Presolve removed 3637 rows and 4150 columns
Presolve time: 0.01s
Presolved: 1509 rows, 3709 columns, 9804 nonzeros
Presolved model has 1408 quadratic objective terms
Ordering time: 0.00s

Barrier statistics:
 AA' NZ     : 1.775e+04
 Factor NZ  : 4.791e+04 (roughly 2 MB of memory)
 Factor Ops : 1.944e+06 (less than 1 second per iteration)
 Threads    : 1

                  Objective                Residual
Iter       Primal          Dual         Primal    Dual     Compl     Time
   0   6.36996368e+12 -8.23947463e+12  8.00e+03 3.85e+07  3.94e+10     0s
   1   1.53001826e+12 -6.00317121e+12  1.93e+03 9.30e+06  1.00e+10     0s
   2   1.70152917e+11 -3.44020277e+12  2.16e+02 1.04e+06  1.47e+09     0s
   3   2.57759615e+10 -1.22075262e+12  3.33e+01 1.60e+05  2.89e+08     0s
   4   1.69119615e+10 -9.04192267e+11  2.20e+01 1.06e+05  1.97e+08     0s
   5   6.12037384e+09 -5.62870694e+11  8.20e+00 3.95e+04  1.05e+08     0s
   6   1.55190481e+09 -1.91102235e+11  2.26e+00 1.09e+04  3.20e+07     0s
   7   6.85270380e+08 -1.16147016e+11  8.10e-01 3.90e+03  1.85e+07     0s
   8   2.14610248e+08 -4.72983283e+10  1.06e-01 5.12e+02  6.89e+06     0s
   9   1.52034162e+08 -4.13350448e+09  7.97e-03 3.84e+01  5.98e+05     0s
  10   1.02226190e+08 -2.06984438e+09  2.29e-03 1.10e+01  3.00e+05     0s
  11   3.30987754e+07 -3.79251483e+08  2.29e-09 1.10e-05  5.64e+04     0s
  12   4.55231120e+06 -2.10005662e+07  1.12e-09 9.34e-08  3.50e+03     0s
  13   7.82074737e+05 -3.23172368e+06  3.36e-09 7.86e-09  5.49e+02     0s
  14   2.00707307e+05 -2.37853255e+05  2.20e-09 1.25e-08  6.00e+01     0s
  15   8.62458044e+04  4.45712594e+04  2.04e-08 1.29e-08  5.70e+00     0s
  16   7.40257730e+04  6.38428915e+04  2.57e-08 2.99e-08  1.39e+00     0s
  17   7.09521837e+04  6.90291584e+04  2.89e-08 8.24e-09  2.63e-01     0s
  18   7.04853167e+04  7.03549672e+04  5.33e-09 6.22e-09  1.78e-02     0s
  19   7.04420927e+04  7.04245632e+04  1.16e-07 1.25e-08  2.40e-03     0s
  20   7.04362126e+04  7.04344525e+04  9.28e-07 2.90e-08  2.41e-04     0s
  21   7.04355742e+04  7.04354009e+04  5.63e-06 1.81e-08  2.31e-05     0s
  22   7.04355098e+04  7.04355005e+04  1.09e-07 1.41e-08  1.05e-06     0s
  23   7.04355096e+04  7.04355007e+04  2.77e-07 9.82e-09  1.02e-06     0s
  24   7.04355096e+04  7.04355007e+04  4.53e-07 8.67e-09  1.00e-06     0s
  25   7.04355073e+04  7.04355019e+04  1.01e-06 7.29e-09  7.36e-07     0s
  26   7.04355054e+04  7.04355030e+04  1.59e-06 1.28e-08  4.95e-07     0s
  27   7.04355111e+04  7.04355030e+04  1.96e-06 1.31e-08  4.94e-07     0s
  28   7.04355089e+04  7.04355029e+04  3.29e-06 2.64e-08  4.71e-07     0s
  29   7.04354965e+04  7.04355052e+04  3.43e-06 2.07e-08  5.22e-09     0s
  30   7.04354958e+04  7.04355052e+04  3.73e-06 9.68e-09  2.29e-09     0s
  31   7.04354959e+04  7.04355052e+04  4.22e-07 1.50e-08  8.86e-11     0s
  32   7.04354958e+04  7.04355052e+04  1.06e-06 7.53e-09  5.54e-11     0s
  33   7.04354956e+04  7.04355052e+04  1.11e-06 1.49e-08  1.11e-11     0s
  34   7.04354955e+04  7.04355052e+04  1.59e-06 7.45e-09  3.45e-14     0s
  35   7.04354953e+04  7.04355052e+04  1.55e-06 2.98e-08  4.07e-16     0s
  36   7.04354950e+04  7.04355052e+04  1.51e-06 1.49e-08  4.22e-19     0s
  37   7.04354948e+04  7.04355052e+04  1.46e-06 2.98e-08  4.37e-22     0s

Barrier solved model in 37 iterations and 0.12 seconds (0.08 work units)
Optimal objective 7.04853167e+04


User-callback calls 105, time in user-callback 0.00 sec

Gurobi 13.0.2 (win64) logging started Thu Jul 16 16:15:22 2026

Set parameter LogFile to value "C:\Users\ehsanno\DataspellProjects\Spanish_Power_System\results\GoRES\ipopt_logs\2024-12-02_h12.log"

Gurobi 13.0.2 (win64) logging started Thu Jul 16 16:15:22 2026

Set parameter LogFile to value "C:\Users\ehsanno\DataspellProjects\Spanish_Power_System\results\GoRES\ipopt_logs\2024-12-02_h12.log"
Gurobi Optimizer version 13.0.2 build v13.0.2rc1 (win64 - Windows 11+.0 (26200.2))

CPU model: 11th Gen Intel(R) Core(TM) i5-1145G7 @ 2.60GHz, instruction set [SSE2|AVX|AVX2|AVX512]
Thread count: 4 physical cores, 8 logical processors, using up to 8 threads

Non-default parameters:
LogToConsole  0

Optimize a model with 5146 rows, 7859 columns and 19134 nonzeros (Min)
Model fingerprint: 0xc122df71
Model has 2567 linear objective coefficients and an objective constant of 2.9491136027818408e+07
Model has 1482 quadratic objective terms
Coefficient statistics:
  Matrix range     [1e+00, 1e+04]
  Objective range  [4e-07, 1e+06]
  QObjective range [2e+04, 2e+04]
  Bounds range     [3e-06, 1e+04]
  RHS range        [3e-06, 1e+01]

Presolve removed 3639 rows and 4145 columns
Presolve time: 0.02s
Presolved: 1507 rows, 3714 columns, 9736 nonzeros
Presolved model has 1408 quadratic objective terms
Ordering time: 0.00s

Barrier statistics:
 AA' NZ     : 1.783e+04
 Factor NZ  : 4.760e+04 (roughly 2 MB of memory)
 Factor Ops : 1.937e+06 (less than 1 second per iteration)
 Threads    : 1

                  Objective                Residual
Iter       Primal          Dual         Primal    Dual     Compl     Time
   0   4.92071412e+12 -7.13033541e+12  7.76e+03 3.90e+07  3.98e+10     0s
   1   1.02882669e+12 -5.20244282e+12  1.63e+03 8.19e+06  8.87e+09     0s
   2   7.80251718e+10 -3.02207828e+12  1.23e+02 6.20e+05  1.09e+09     0s
   3   1.17380146e+10 -1.08737932e+12  1.88e+01 9.45e+04  2.34e+08     0s
   4   6.55793146e+09 -7.12262952e+11  1.06e+01 5.34e+04  1.39e+08     0s
   5   1.96854409e+09 -3.53829948e+11  3.29e+00 1.65e+04  6.02e+07     0s
   6   6.22318761e+08 -1.76258128e+11  9.08e-01 4.56e+03  2.76e+07     0s
   7   3.48601591e+08 -8.18908565e+10  3.48e-01 1.75e+03  1.23e+07     0s
   8   1.81038013e+08 -1.63532216e+10  1.97e-02 9.90e+01  2.31e+06     0s
   9   1.52891796e+08 -2.74158621e+09  1.91e-03 9.59e+00  3.97e+05     0s
  10   6.11007726e+07 -8.36403195e+08  8.89e-05 4.47e-01  1.23e+05     0s
  11   2.03144553e+07 -1.49439720e+08  9.19e-06 4.62e-02  2.32e+04     0s
  12   7.82182676e+06 -2.62153087e+07  1.42e-06 7.15e-03  4.65e+03     0s
  13   4.34681769e+06 -3.83480536e+06  2.76e-07 1.39e-03  1.12e+03     0s
  14   3.28830383e+06  1.20504049e+06  5.13e-08 2.58e-04  2.85e+02     0s
  15   2.90829175e+06  2.53794295e+06  3.95e-09 1.98e-05  5.06e+01     0s
  16   2.83955845e+06  2.67752488e+06  1.42e-09 5.52e-06  2.21e+01     0s
  17   2.79825334e+06  2.77688228e+06  3.04e-09 3.72e-07  2.92e+00     0s
  18   2.79199012e+06  2.79039891e+06  4.18e-09 1.36e-08  2.17e-01     0s
  19   2.79160996e+06  2.79139586e+06  1.88e-08 6.68e-09  2.92e-02     0s
  20   2.79155702e+06  2.79152854e+06  1.27e-08 1.91e-08  3.89e-03     0s
  21   2.79154908e+06  2.79154873e+06  2.50e-08 2.03e-08  4.71e-05     0s
  22   2.79154898e+06  2.79154898e+06  2.04e-09 1.65e-08  6.02e-08     0s
  23   2.79154899e+06  2.79154898e+06  6.64e-08 1.04e-08  6.03e-11     0s

Barrier solved model in 23 iterations and 0.07 seconds (0.05 work units)
Optimal objective 2.79154899e+06


User-callback calls 77, time in user-callback 0.00 sec

Gurobi 13.0.2 (win64) logging started Thu Jul 16 16:23:51 2026

Set parameter LogFile to value "C:\Users\ehsanno\DataspellProjects\Spanish_Power_System\results\GoRES\ipopt_logs\2024-12-02_h12.log"

Gurobi 13.0.2 (win64) logging started Thu Jul 16 16:23:51 2026

Set parameter LogFile to value "C:\Users\ehsanno\DataspellProjects\Spanish_Power_System\results\GoRES\ipopt_logs\2024-12-02_h12.log"
Gurobi Optimizer version 13.0.2 build v13.0.2rc1 (win64 - Windows 11+.0 (26200.2))

CPU model: 11th Gen Intel(R) Core(TM) i5-1145G7 @ 2.60GHz, instruction set [SSE2|AVX|AVX2|AVX512]
Thread count: 4 physical cores, 8 logical processors, using up to 8 threads

Non-default parameters:
LogToConsole  0

Optimize a model with 5146 rows, 7859 columns and 19134 nonzeros (Min)
Model fingerprint: 0x0fe6e314
Model has 2500 linear objective coefficients and an objective constant of 2.9491140947200026e+07
Model has 1482 quadratic objective terms
Coefficient statistics:
  Matrix range     [1e+00, 1e+04]
  Objective range  [4e-01, 1e+06]
  QObjective range [2e+04, 2e+04]
  Bounds range     [3e-06, 1e+04]
  RHS range        [3e-06, 1e+01]

Presolve removed 3634 rows and 3728 columns
Presolve time: 0.01s

Barrier solved model in 0 iterations and 0.01 seconds (0.01 work units)
Model is infeasible

User-callback calls 27, time in user-callback 0.00 sec
Gurobi Optimizer version 13.0.2 build v13.0.2rc1 (win64 - Windows 11+.0 (26200.2))

CPU model: 11th Gen Intel(R) Core(TM) i5-1145G7 @ 2.60GHz, instruction set [SSE2|AVX|AVX2|AVX512]
Thread count: 4 physical cores, 8 logical processors, using up to 8 threads

Non-default parameters:
LogToConsole  0

Iteration    Objective       Primal Inf.    Dual Inf.      Time
       0      handle free variables                          0s

IIS computed: 5 constraints and 11 bounds
IIS runtime: 0.19 seconds (0.39 work units)

Gurobi 13.0.2 (win64) logging started Mon Jul 20 15:54:30 2026

Set parameter LogFile to value "C:\Users\ehsanno\DataspellProjects\Spanish_Power_System\results\GoRES\ipopt_logs\2024-12-02_h12.log"

Gurobi 13.0.2 (win64) logging started Mon Jul 20 15:54:30 2026

Set parameter LogFile to value "C:\Users\ehsanno\DataspellProjects\Spanish_Power_System\results\GoRES\ipopt_logs\2024-12-02_h12.log"
Gurobi Optimizer version 13.0.2 build v13.0.2rc1 (win64 - Windows 11+.0 (26200.2))

CPU model: 11th Gen Intel(R) Core(TM) i5-1145G7 @ 2.60GHz, instruction set [SSE2|AVX|AVX2|AVX512]
Thread count: 4 physical cores, 8 logical processors, using up to 8 threads

Non-default parameters:
LogToConsole  0

Optimize a model with 5146 rows, 8031 columns and 19306 nonzeros (Min)
Model fingerprint: 0x8e1c694b
Model has 2662 linear objective coefficients and an objective constant of 2.6910425946491040e+07
Model has 1660 quadratic objective terms
Coefficient statistics:
  Matrix range     [1e+00, 1e+04]
  Objective range  [3e-08, 1e+06]
  QObjective range [2e+04, 2e+04]
  Bounds range     [3e-06, 1e+04]
  RHS range        [3e-06, 1e+01]

Presolve removed 3640 rows and 3731 columns
Presolve time: 0.01s

Barrier solved model in 0 iterations and 0.01 seconds (0.01 work units)
Model is infeasible

User-callback calls 27, time in user-callback 0.00 sec
Gurobi Optimizer version 13.0.2 build v13.0.2rc1 (win64 - Windows 11+.0 (26200.2))

CPU model: 11th Gen Intel(R) Core(TM) i5-1145G7 @ 2.60GHz, instruction set [SSE2|AVX|AVX2|AVX512]
Thread count: 4 physical cores, 8 logical processors, using up to 8 threads

Non-default parameters:
LogToConsole  0

Iteration    Objective       Primal Inf.    Dual Inf.      Time
       0      handle free variables                          0s

IIS computed: 5 constraints and 13 bounds
IIS runtime: 0.30 seconds (0.39 work units)

Gurobi 13.0.2 (win64) logging started Mon Jul 20 15:57:00 2026

Set parameter LogFile to value "C:\Users\ehsanno\DataspellProjects\Spanish_Power_System\results\GoRES\ipopt_logs\2024-12-02_h12.log"

Gurobi 13.0.2 (win64) logging started Mon Jul 20 15:57:00 2026

Set parameter LogFile to value "C:\Users\ehsanno\DataspellProjects\Spanish_Power_System\results\GoRES\ipopt_logs\2024-12-02_h12.log"
Gurobi Optimizer version 13.0.2 build v13.0.2rc1 (win64 - Windows 11+.0 (26200.2))

CPU model: 11th Gen Intel(R) Core(TM) i5-1145G7 @ 2.60GHz, instruction set [SSE2|AVX|AVX2|AVX512]
Thread count: 4 physical cores, 8 logical processors, using up to 8 threads

Non-default parameters:
LogToConsole  0

Optimize a model with 5146 rows, 8031 columns and 19306 nonzeros (Min)
Model fingerprint: 0x6146082d
Model has 2477 linear objective coefficients and an objective constant of 3.3638024670800015e+07
Model has 1660 quadratic objective terms
Coefficient statistics:
  Matrix range     [1e+00, 1e+04]
  Objective range  [4e-01, 1e+06]
  QObjective range [2e+04, 2e+04]
  Bounds range     [3e-06, 1e+04]
  RHS range        [3e-06, 1e+01]

Presolve removed 3640 rows and 3731 columns
Presolve time: 0.02s

Barrier solved model in 0 iterations and 0.02 seconds (0.01 work units)
Model is infeasible

User-callback calls 27, time in user-callback 0.00 sec
Gurobi Optimizer version 13.0.2 build v13.0.2rc1 (win64 - Windows 11+.0 (26200.2))

CPU model: 11th Gen Intel(R) Core(TM) i5-1145G7 @ 2.60GHz, instruction set [SSE2|AVX|AVX2|AVX512]
Thread count: 4 physical cores, 8 logical processors, using up to 8 threads

Non-default parameters:
LogToConsole  0

Iteration    Objective       Primal Inf.    Dual Inf.      Time
       0      handle free variables                          0s

IIS computed: 5 constraints and 13 bounds
IIS runtime: 0.30 seconds (0.39 work units)

Gurobi 13.0.2 (win64) logging started Mon Jul 20 15:58:45 2026

Set parameter LogFile to value "C:\Users\ehsanno\DataspellProjects\Spanish_Power_System\results\GoRES\ipopt_logs\2024-12-02_h12.log"

Gurobi 13.0.2 (win64) logging started Mon Jul 20 15:58:45 2026

Set parameter LogFile to value "C:\Users\ehsanno\DataspellProjects\Spanish_Power_System\results\GoRES\ipopt_logs\2024-12-02_h12.log"
Gurobi Optimizer version 13.0.2 build v13.0.2rc1 (win64 - Windows 11+.0 (26200.2))

CPU model: 11th Gen Intel(R) Core(TM) i5-1145G7 @ 2.60GHz, instruction set [SSE2|AVX|AVX2|AVX512]
Thread count: 4 physical cores, 8 logical processors, using up to 8 threads

Non-default parameters:
LogToConsole  0

Optimize a model with 5146 rows, 8031 columns and 19306 nonzeros (Min)
Model fingerprint: 0xd20d9a56
Model has 2477 linear objective coefficients and an objective constant of 4.0365629604960017e+07
Model has 1660 quadratic objective terms
Coefficient statistics:
  Matrix range     [1e+00, 1e+04]
  Objective range  [4e-01, 1e+06]
  QObjective range [2e+04, 2e+04]
  Bounds range     [3e-06, 1e+04]
  RHS range        [3e-06, 1e+01]

Presolve removed 3640 rows and 3731 columns
Presolve time: 0.02s

Barrier solved model in 0 iterations and 0.02 seconds (0.01 work units)
Model is infeasible

User-callback calls 27, time in user-callback 0.00 sec
Gurobi Optimizer version 13.0.2 build v13.0.2rc1 (win64 - Windows 11+.0 (26200.2))

CPU model: 11th Gen Intel(R) Core(TM) i5-1145G7 @ 2.60GHz, instruction set [SSE2|AVX|AVX2|AVX512]
Thread count: 4 physical cores, 8 logical processors, using up to 8 threads

Non-default parameters:
LogToConsole  0

Iteration    Objective       Primal Inf.    Dual Inf.      Time
       0      handle free variables                          0s

IIS computed: 5 constraints and 13 bounds
IIS runtime: 0.29 seconds (0.39 work units)
