This is Ipopt version 3.14.19, running with linear solver ma57.

Number of nonzeros in equality constraint Jacobian...:    13682
Number of nonzeros in inequality constraint Jacobian.:     3120
Number of nonzeros in Lagrangian Hessian.............:      899

Total number of variables............................:     5539
                     variables with only lower bounds:        0
                variables with lower and upper bounds:     4303
                     variables with only upper bounds:        0
Total number of equality constraints.................:     3582
Total number of inequality constraints...............:     1560
        inequality constraints with only lower bounds:        0
   inequality constraints with lower and upper bounds:     1560
        inequality constraints with only upper bounds:        0

iter    objective    inf_pr   inf_du lg(mu)  ||d||  lg(rg) alpha_du alpha_pr  ls
   0  5.2794439e+07 1.42e+01 8.48e+01  -1.0 0.00e+00    -  0.00e+00 0.00e+00   0
   1  5.2795483e+07 1.42e+01 8.47e+01  -1.0 1.90e+01    -  7.09e-03 3.31e-05f  1
   2  5.0036819e+07 1.40e+01 8.44e+01  -1.0 3.98e+01    -  3.49e-04 1.42e-02f  1
   3  4.8017747e+07 1.38e+01 8.40e+01  -1.0 3.99e+01  -4.0 5.79e-03 1.49e-02f  1
   4  4.6314759e+07 1.34e+01 8.31e+01  -1.0 3.53e+01  -4.5 1.23e-02 2.64e-02f  1
   5  4.2392122e+07 1.27e+01 8.08e+01  -1.0 3.38e+01    -  3.17e-02 5.07e-02f  1
   6  3.4928125e+07 1.13e+01 7.38e+01  -1.0 3.90e+01    -  9.11e-02 1.12e-01f  1
   7  2.0474658e+07 8.10e+00 4.83e+01  -1.0 2.84e+01  -5.0 3.89e-01 2.85e-01f  1
   8  2.4454575e+06 3.97e-01 2.60e+01  -1.0 2.13e+01    -  5.03e-01 9.51e-01f  1
   9  1.4227695e+06 2.09e-12 7.30e+00  -1.0 7.54e+00  -5.4 7.38e-01 1.00e+00f  1
iter    objective    inf_pr   inf_du lg(mu)  ||d||  lg(rg) alpha_du alpha_pr  ls
  10  1.3418900e+06 3.08e-12 1.60e-01  -1.0 2.60e+00    -  9.85e-01 7.84e-01f  1
  11  1.3287214e+06 3.46e-12 2.06e-04  -1.0 7.34e-01    -  1.00e+00 1.00e+00f  1
  12  2.0956056e+05 2.96e-12 5.79e-02  -2.5 1.21e+00  -5.9 8.32e-01 1.00e+00f  1
  13  1.3365473e+05 2.88e-12 2.57e-02  -2.5 6.80e-01  -6.4 8.74e-01 1.00e+00f  1
  14  8.2477792e+04 7.57e-11 3.11e-02  -3.8 4.23e-01  -6.9 7.39e-01 1.00e+00f  1
  15  7.6312111e+04 2.86e-12 1.32e-02  -3.8 1.80e-01    -  8.24e-01 1.00e+00f  1
  16  7.4635046e+04 1.80e-12 1.95e-14  -3.8 8.49e-02    -  1.00e+00 1.00e+00f  1
  17  7.2194416e+04 2.60e-12 4.50e-03  -5.7 6.86e-02  -7.3 7.60e-01 1.00e+00f  1
  18  7.2030792e+04 2.94e-12 9.42e-04  -5.7 2.81e-02  -7.8 9.26e-01 1.00e+00f  1
  19  7.1981931e+04 1.56e-12 1.99e-14  -5.7 1.67e-02    -  1.00e+00 1.00e+00f  1
iter    objective    inf_pr   inf_du lg(mu)  ||d||  lg(rg) alpha_du alpha_pr  ls
  20  7.1943015e+04 2.12e-12 1.74e-04  -8.6 1.04e-02  -8.3 9.42e-01 1.00e+00f  1
  21  7.1938648e+04 3.26e-12 1.92e-14  -8.6 4.79e-03    -  1.00e+00 1.00e+00f  1
  22  7.1937388e+04 1.85e-12 1.90e-14  -8.6 2.04e-03    -  1.00e+00 1.00e+00f  1
  23  7.1937101e+04 3.44e-12 2.01e-14  -8.6 4.88e-04    -  1.00e+00 1.00e+00f  1
  24  7.1937057e+04 2.24e-12 1.88e-14  -8.6 1.85e-04    -  1.00e+00 1.00e+00h  1
  25  7.1937025e+04 3.04e-12 1.70e-13  -9.0 1.01e-04  -8.8 1.00e+00 1.00e+00h  1

Number of Iterations....: 25

                                   (scaled)                 (unscaled)
Objective...............:   7.1937025246305772e+00    7.1937025246305770e+04
Dual infeasibility......:   1.7036803742847865e-13    1.7036803742847865e-09
Constraint violation....:   3.1926387101585511e-13    3.0373481507695033e-12
Variable bound violation:   9.9909090859395731e-09    9.9909090859395731e-09
Complementarity.........:   3.3376100841061617e-09    3.3376100841061616e-05
Overall NLP error.......:   3.3376100841061617e-09    3.3376100841061616e-05


Number of objective function evaluations             = 26
Number of objective gradient evaluations             = 26
Number of equality constraint evaluations            = 26
Number of inequality constraint evaluations          = 26
Number of equality constraint Jacobian evaluations   = 1
Number of inequality constraint Jacobian evaluations = 1
Number of Lagrangian Hessian evaluations             = 1
Total seconds in IPOPT                               = 0.135

EXIT: Optimal Solution Found.

Gurobi 13.0.2 (win64) logging started Wed Jul 15 11:53:24 2026

Set parameter LogFile to value "C:\Users\ehsanno\DataspellProjects\Spanish_Power_System\results\GoRES\ipopt_logs\2024-07-08_h15.log"

Gurobi 13.0.2 (win64) logging started Wed Jul 15 11:53:24 2026

Set parameter LogFile to value "C:\Users\ehsanno\DataspellProjects\Spanish_Power_System\results\GoRES\ipopt_logs\2024-07-08_h15.log"
Gurobi Optimizer version 13.0.2 build v13.0.2rc1 (win64 - Windows 11+.0 (26200.2))

CPU model: 11th Gen Intel(R) Core(TM) i5-1145G7 @ 2.60GHz, instruction set [SSE2|AVX|AVX2|AVX512]
Thread count: 4 physical cores, 8 logical processors, using up to 8 threads

Non-default parameters:
LogToConsole  0

Optimize a model with 5142 rows, 7193 columns and 18456 nonzeros (Min)
Model fingerprint: 0x4358172c
Model has 2031 linear objective coefficients and an objective constant of 5.1429008273216367e+07
Model has 973 quadratic objective terms
Coefficient statistics:
  Matrix range     [1e+00, 1e+04]
  Objective range  [4e-01, 1e+06]
  QObjective range [2e+04, 2e+04]
  Bounds range     [3e-06, 1e+04]
  RHS range        [3e-06, 1e+01]

Presolve removed 3662 rows and 4162 columns
Presolve time: 0.02s
Presolved: 1480 rows, 3031 columns, 9002 nonzeros
Presolved model has 899 quadratic objective terms
Ordering time: 0.00s

Barrier statistics:
 AA' NZ     : 1.796e+04
 Factor NZ  : 4.693e+04 (roughly 2 MB of memory)
 Factor Ops : 1.879e+06 (less than 1 second per iteration)
 Threads    : 1

                  Objective                Residual
Iter       Primal          Dual         Primal    Dual     Compl     Time
   0   6.37958648e+12 -7.02177731e+11  7.25e+03 5.34e+03  5.33e+06     0s
   1   1.77708603e+12 -2.30758346e+11  2.13e+03 1.57e+03  1.61e+06     0s
   2   2.55227193e+11 -1.93224070e+11  3.13e+02 2.30e+02  3.02e+05     0s
   3   3.77695829e+10 -1.24264972e+11  4.71e+01 3.47e+01  5.72e+04     0s
   4   1.54446992e+10 -8.11283118e+10  1.98e+01 1.46e+01  2.69e+04     0s
   5   2.02518295e+09 -3.95962609e+10  3.17e+00 2.33e+00  8.66e+03     0s
   6   8.40610477e+08 -2.27952560e+10  1.46e+00 1.08e+00  4.65e+03     0s
   7   4.57103410e+08 -1.27131172e+10  6.48e-01 4.77e-01  2.46e+03     0s
   8   2.39193710e+08 -7.04310655e+09  1.85e-01 1.36e-01  1.29e+03     0s
   9   1.38478201e+08 -2.75436631e+09  5.78e-02 4.26e-02  4.93e+02     0s
  10   5.28152560e+07 -6.55947673e+08  4.44e-03 3.27e-03  1.17e+02     0s
  11   1.59290633e+07 -1.39417499e+08  4.53e-04 3.34e-04  2.55e+01     0s
  12   3.79684466e+06 -2.46741608e+07  5.63e-05 4.15e-05  4.67e+00     0s
  13   8.33091300e+05 -3.66104114e+06  6.52e-06 4.80e-06  7.36e-01     0s
  14   2.28594794e+05 -5.34269461e+05  8.27e-07 6.09e-07  1.25e-01     0s
  15   1.03265528e+05 -2.88038977e+04  1.01e-07 7.45e-08  2.16e-02     0s
  16   7.77133134e+04  5.53136986e+04  1.46e-07 8.66e-09  3.67e-03     0s
  17   7.29864954e+04  6.91705838e+04  4.02e-07 1.02e-09  6.25e-04     0s
  18   7.20510041e+04  7.17513139e+04  1.93e-06 1.13e-11  4.91e-05     0s
  19   7.19597020e+04  7.19367725e+04  3.47e-06 1.51e-11  3.76e-06     0s
  20   7.19493279e+04  7.19465260e+04  4.48e-04 1.15e-11  4.80e-07     0s
  21   7.19477678e+04  7.19474734e+04  2.18e-05 1.18e-11  4.79e-08     0s
  22   7.19475989e+04  7.19475708e+04  9.27e-07 1.26e-11  4.60e-09     0s
  23   7.19475856e+04  7.19475820e+04  8.00e-08 1.88e-11  5.90e-10     0s

Barrier solved model in 23 iterations and 0.06 seconds (0.05 work units)
Optimal objective 7.19475856e+04


User-callback calls 76, time in user-callback 0.00 sec

Gurobi 13.0.2 (win64) logging started Wed Jul 15 12:00:42 2026

Set parameter LogFile to value "C:\Users\ehsanno\DataspellProjects\Spanish_Power_System\results\GoRES\ipopt_logs\2024-07-08_h15.log"

Gurobi 13.0.2 (win64) logging started Wed Jul 15 12:00:42 2026

Set parameter LogFile to value "C:\Users\ehsanno\DataspellProjects\Spanish_Power_System\results\GoRES\ipopt_logs\2024-07-08_h15.log"
Gurobi Optimizer version 13.0.2 build v13.0.2rc1 (win64 - Windows 11+.0 (26200.2))

CPU model: 11th Gen Intel(R) Core(TM) i5-1145G7 @ 2.60GHz, instruction set [SSE2|AVX|AVX2|AVX512]
Thread count: 4 physical cores, 8 logical processors, using up to 8 threads

Non-default parameters:
LogToConsole  0

Optimize a model with 5142 rows, 7193 columns and 18456 nonzeros (Min)
Model fingerprint: 0x4358172c
Model has 2031 linear objective coefficients and an objective constant of 5.1429008273216367e+07
Model has 973 quadratic objective terms
Coefficient statistics:
  Matrix range     [1e+00, 1e+04]
  Objective range  [4e-01, 1e+06]
  QObjective range [2e+04, 2e+04]
  Bounds range     [3e-06, 1e+04]
  RHS range        [3e-06, 1e+01]

Presolve removed 3662 rows and 4162 columns
Presolve time: 0.01s
Presolved: 1480 rows, 3031 columns, 9002 nonzeros
Presolved model has 899 quadratic objective terms
Ordering time: 0.00s

Barrier statistics:
 AA' NZ     : 1.796e+04
 Factor NZ  : 4.693e+04 (roughly 2 MB of memory)
 Factor Ops : 1.879e+06 (less than 1 second per iteration)
 Threads    : 1

                  Objective                Residual
Iter       Primal          Dual         Primal    Dual     Compl     Time
   0   6.37958648e+12 -7.02177731e+11  7.25e+03 5.34e+03  5.33e+06     0s
   1   1.77708603e+12 -2.30758346e+11  2.13e+03 1.57e+03  1.61e+06     0s
   2   2.55227193e+11 -1.93224070e+11  3.13e+02 2.30e+02  3.02e+05     0s
   3   3.77695829e+10 -1.24264972e+11  4.71e+01 3.47e+01  5.72e+04     0s
   4   1.54446992e+10 -8.11283118e+10  1.98e+01 1.46e+01  2.69e+04     0s
   5   2.02518295e+09 -3.95962609e+10  3.17e+00 2.33e+00  8.66e+03     0s
   6   8.40610477e+08 -2.27952560e+10  1.46e+00 1.08e+00  4.65e+03     0s
   7   4.57103410e+08 -1.27131172e+10  6.48e-01 4.77e-01  2.46e+03     0s
   8   2.39193710e+08 -7.04310655e+09  1.85e-01 1.36e-01  1.29e+03     0s
   9   1.38478201e+08 -2.75436631e+09  5.78e-02 4.26e-02  4.93e+02     0s
  10   5.28152560e+07 -6.55947673e+08  4.44e-03 3.27e-03  1.17e+02     0s
  11   1.59290633e+07 -1.39417499e+08  4.53e-04 3.34e-04  2.55e+01     0s
  12   3.79684466e+06 -2.46741608e+07  5.63e-05 4.15e-05  4.67e+00     0s
  13   8.33091300e+05 -3.66104114e+06  6.52e-06 4.80e-06  7.36e-01     0s
  14   2.28594794e+05 -5.34269461e+05  8.27e-07 6.09e-07  1.25e-01     0s
  15   1.03265528e+05 -2.88038977e+04  1.01e-07 7.45e-08  2.16e-02     0s
  16   7.77133134e+04  5.53136986e+04  1.46e-07 8.66e-09  3.67e-03     0s
  17   7.29864954e+04  6.91705838e+04  4.02e-07 1.02e-09  6.25e-04     0s
  18   7.20510041e+04  7.17513139e+04  1.93e-06 1.13e-11  4.91e-05     0s
  19   7.19597020e+04  7.19367725e+04  3.47e-06 1.51e-11  3.76e-06     0s
  20   7.19493279e+04  7.19465260e+04  4.48e-04 1.15e-11  4.80e-07     0s
  21   7.19477678e+04  7.19474734e+04  2.18e-05 1.18e-11  4.79e-08     0s
  22   7.19475989e+04  7.19475708e+04  9.27e-07 1.26e-11  4.60e-09     0s
  23   7.19475856e+04  7.19475820e+04  8.00e-08 1.88e-11  5.90e-10     0s

Barrier solved model in 23 iterations and 0.06 seconds (0.05 work units)
Optimal objective 7.19475856e+04


User-callback calls 76, time in user-callback 0.00 sec

Gurobi 13.0.2 (win64) logging started Wed Jul 15 12:15:58 2026

Set parameter LogFile to value "C:\Users\ehsanno\DataspellProjects\Spanish_Power_System\results\GoRES\ipopt_logs\2024-07-08_h15.log"

Gurobi 13.0.2 (win64) logging started Wed Jul 15 12:15:58 2026

Set parameter LogFile to value "C:\Users\ehsanno\DataspellProjects\Spanish_Power_System\results\GoRES\ipopt_logs\2024-07-08_h15.log"
Gurobi Optimizer version 13.0.2 build v13.0.2rc1 (win64 - Windows 11+.0 (26200.2))

CPU model: 11th Gen Intel(R) Core(TM) i5-1145G7 @ 2.60GHz, instruction set [SSE2|AVX|AVX2|AVX512]
Thread count: 4 physical cores, 8 logical processors, using up to 8 threads

Non-default parameters:
LogToConsole  0

Optimize a model with 5142 rows, 7193 columns and 18456 nonzeros (Min)
Model fingerprint: 0x6afb7308
Model has 2031 linear objective coefficients and an objective constant of 51829078.239556
Model has 973 quadratic objective terms
Coefficient statistics:
  Matrix range     [1e+00, 1e+04]
  Objective range  [4e-01, 1e+06]
  QObjective range [2e+04, 2e+04]
  Bounds range     [5e-11, 1e+04]
  RHS range        [3e-06, 1e+01]

Presolve removed 3662 rows and 4162 columns
Presolve time: 0.01s
Presolved: 1480 rows, 3031 columns, 9002 nonzeros
Presolved model has 899 quadratic objective terms
Ordering time: 0.00s

Barrier statistics:
 AA' NZ     : 1.796e+04
 Factor NZ  : 4.693e+04 (roughly 2 MB of memory)
 Factor Ops : 1.879e+06 (less than 1 second per iteration)
 Threads    : 1

                  Objective                Residual
Iter       Primal          Dual         Primal    Dual     Compl     Time
   0   6.37951982e+12 -7.02052989e+11  7.25e+03 5.34e+03  5.33e+06     0s
   1   1.77713281e+12 -2.30676803e+11  2.13e+03 1.57e+03  1.61e+06     0s
   2   2.55177612e+11 -1.93115594e+11  3.13e+02 2.30e+02  3.02e+05     0s
   3   3.78164017e+10 -1.24181798e+11  4.72e+01 3.47e+01  5.72e+04     0s
   4   1.54969793e+10 -8.11100008e+10  1.99e+01 1.46e+01  2.69e+04     0s
   5   2.04809411e+09 -3.96043680e+10  3.17e+00 2.34e+00  8.67e+03     0s
   6   9.47230206e+08 -2.54337680e+10  1.63e+00 1.20e+00  5.23e+03     0s
   7   6.32132260e+08 -1.80542491e+10  9.45e-01 6.96e-01  3.60e+03     0s
   8   3.92609329e+08 -1.07739009e+10  5.21e-01 3.84e-01  2.07e+03     0s
   9   1.57982352e+08 -3.65968735e+09  4.91e-02 3.62e-02  6.46e+02     0s
  10   7.90997343e+07 -1.17180076e+09  1.02e-02 7.55e-03  2.07e+02     0s
  11   2.54199943e+07 -2.48621162e+08  1.22e-03 9.01e-04  4.50e+01     0s
  12   6.21556834e+06 -4.43064462e+07  1.49e-04 1.10e-04  8.28e+00     0s
  13   1.35525654e+06 -6.65695171e+06  1.65e-05 1.22e-05  1.31e+00     0s
  14   2.52718694e+05 -4.92443960e+05  4.71e-07 3.47e-07  1.22e-01     0s
  15   9.56180672e+04  1.96892320e+04  5.40e-08 4.39e-09  1.24e-02     0s
  16   7.52726710e+04  6.44321794e+04  2.68e-07 1.60e-10  1.78e-03     0s
  17   7.26060006e+04  7.04403761e+04  8.53e-07 2.00e-11  3.55e-04     0s
  18   7.20227212e+04  7.18491557e+04  7.82e-07 1.71e-11  2.84e-05     0s
  19   7.19642954e+04  7.19481135e+04  1.17e-05 8.74e-12  2.65e-06     0s
  20   7.19566613e+04  7.19547218e+04  3.38e-04 1.14e-11  3.43e-07     0s
  21   7.19555178e+04  7.19553271e+04  1.57e-05 8.04e-12  3.14e-08     0s
  22   7.19554092e+04  7.19553899e+04  4.90e-07 1.48e-11  3.16e-09     0s
  23   7.19554002e+04  7.19553977e+04  4.07e-08 1.12e-11  4.12e-10     0s

Barrier solved model in 23 iterations and 0.06 seconds (0.05 work units)
Optimal objective 7.19554002e+04


User-callback calls 72, time in user-callback 0.00 sec

Gurobi 13.0.2 (win64) logging started Wed Jul 15 12:32:11 2026

Set parameter LogFile to value "C:\Users\ehsanno\DataspellProjects\Spanish_Power_System\results\GoRES\ipopt_logs\2024-07-08_h15.log"

Gurobi 13.0.2 (win64) logging started Wed Jul 15 12:32:11 2026

Set parameter LogFile to value "C:\Users\ehsanno\DataspellProjects\Spanish_Power_System\results\GoRES\ipopt_logs\2024-07-08_h15.log"
Gurobi Optimizer version 13.0.2 build v13.0.2rc1 (win64 - Windows 11+.0 (26200.2))

CPU model: 11th Gen Intel(R) Core(TM) i5-1145G7 @ 2.60GHz, instruction set [SSE2|AVX|AVX2|AVX512]
Thread count: 4 physical cores, 8 logical processors, using up to 8 threads

Non-default parameters:
LogToConsole  0

Optimize a model with 5142 rows, 7193 columns and 18456 nonzeros (Min)
Model fingerprint: 0x6e2999d8
Model has 2031 linear objective coefficients and an objective constant of 5.1829082725839995e+07
Model has 973 quadratic objective terms
Coefficient statistics:
  Matrix range     [1e+00, 1e+04]
  Objective range  [4e-01, 1e+06]
  QObjective range [2e+04, 2e+04]
  Bounds range     [3e-06, 1e+04]
  RHS range        [3e-06, 1e+01]

Presolve removed 3662 rows and 4162 columns
Presolve time: 0.01s
Presolved: 1480 rows, 3031 columns, 9002 nonzeros
Presolved model has 899 quadratic objective terms
Ordering time: 0.00s

Barrier statistics:
 AA' NZ     : 1.796e+04
 Factor NZ  : 4.693e+04 (roughly 2 MB of memory)
 Factor Ops : 1.879e+06 (less than 1 second per iteration)
 Threads    : 1

                  Objective                Residual
Iter       Primal          Dual         Primal    Dual     Compl     Time
   0   6.37951982e+12 -7.02052989e+11  7.25e+03 5.34e+03  5.33e+06     0s
   1   1.77713281e+12 -2.30676803e+11  2.13e+03 1.57e+03  1.61e+06     0s
   2   2.55177613e+11 -1.93115595e+11  3.13e+02 2.30e+02  3.02e+05     0s
   3   3.78164025e+10 -1.24181799e+11  4.72e+01 3.47e+01  5.72e+04     0s
   4   1.54969799e+10 -8.11100020e+10  1.99e+01 1.46e+01  2.69e+04     0s
   5   2.04809421e+09 -3.96043690e+10  3.17e+00 2.34e+00  8.67e+03     0s
   6   9.47230946e+08 -2.54337787e+10  1.63e+00 1.20e+00  5.23e+03     0s
   7   6.32131764e+08 -1.80542374e+10  9.45e-01 6.96e-01  3.60e+03     0s
   8   3.92609159e+08 -1.07738989e+10  5.21e-01 3.84e-01  2.07e+03     0s
   9   1.57982081e+08 -3.65967643e+09  4.91e-02 3.62e-02  6.46e+02     0s
  10   7.90999475e+07 -1.17180970e+09  1.02e-02 7.55e-03  2.07e+02     0s
  11   2.54201151e+07 -2.48622667e+08  1.22e-03 9.01e-04  4.50e+01     0s
  12   6.21561846e+06 -4.43069033e+07  1.49e-04 1.10e-04  8.28e+00     0s
  13   1.35528110e+06 -6.65712350e+06  1.65e-05 1.22e-05  1.31e+00     0s
  14   2.52720038e+05 -4.92441892e+05  4.71e-07 3.47e-07  1.22e-01     0s
  15   9.56180020e+04  1.96909373e+04  8.22e-08 4.39e-09  1.24e-02     0s
  16   7.52724721e+04  6.44324299e+04  5.47e-07 1.60e-10  1.78e-03     0s
  17   7.26059092e+04  7.04405054e+04  8.38e-07 2.00e-11  3.55e-04     0s
  18   7.20226844e+04  7.18493796e+04  2.98e-06 1.99e-11  2.84e-05     0s
  19   7.19643016e+04  7.19481428e+04  1.07e-05 5.99e-12  2.65e-06     0s
  20   7.19566792e+04  7.19546965e+04  2.62e-04 6.98e-12  3.39e-07     0s
  21   7.19555370e+04  7.19553410e+04  4.00e-06 3.18e-12  3.23e-08     0s
  22   7.19554252e+04  7.19554058e+04  4.98e-07 1.24e-11  3.19e-09     0s
  23   7.19554161e+04  7.19554136e+04  2.73e-08 1.14e-11  4.14e-10     0s

Barrier solved model in 23 iterations and 0.06 seconds (0.05 work units)
Optimal objective 7.19554161e+04


User-callback calls 74, time in user-callback 0.00 sec

Gurobi 13.0.2 (win64) logging started Wed Jul 15 14:22:01 2026

Set parameter LogFile to value "C:\Users\ehsanno\DataspellProjects\Spanish_Power_System\results\GoRES\ipopt_logs\2024-07-08_h15.log"

Gurobi 13.0.2 (win64) logging started Wed Jul 15 14:22:01 2026

Set parameter LogFile to value "C:\Users\ehsanno\DataspellProjects\Spanish_Power_System\results\GoRES\ipopt_logs\2024-07-08_h15.log"
Gurobi Optimizer version 13.0.2 build v13.0.2rc1 (win64 - Windows 11+.0 (26200.2))

CPU model: 11th Gen Intel(R) Core(TM) i5-1145G7 @ 2.60GHz, instruction set [SSE2|AVX|AVX2|AVX512]
Thread count: 4 physical cores, 8 logical processors, using up to 8 threads

Non-default parameters:
LogToConsole  0

Optimize a model with 5142 rows, 7193 columns and 18456 nonzeros (Min)
Model fingerprint: 0xd60879f5
Model has 2031 linear objective coefficients and an objective constant of 5.4014115224584877e+07
Model has 973 quadratic objective terms
Coefficient statistics:
  Matrix range     [1e+00, 1e+04]
  Objective range  [4e-01, 1e+06]
  QObjective range [2e+04, 2e+04]
  Bounds range     [3e-06, 1e+04]
  RHS range        [3e-06, 1e+01]

Presolve removed 3663 rows and 4163 columns
Presolve time: 0.01s
Presolved: 1479 rows, 3030 columns, 8995 nonzeros
Presolved model has 899 quadratic objective terms
Ordering time: 0.00s

Barrier statistics:
 AA' NZ     : 1.795e+04
 Factor NZ  : 4.731e+04 (roughly 2 MB of memory)
 Factor Ops : 1.917e+06 (less than 1 second per iteration)
 Threads    : 1

                  Objective                Residual
Iter       Primal          Dual         Primal    Dual     Compl     Time
   0   6.37958471e+12 -7.03903251e+11  7.25e+03 5.34e+03  5.33e+06     0s
   1   1.77766371e+12 -2.32454289e+11  2.13e+03 1.57e+03  1.61e+06     0s
   2   2.55274550e+11 -1.94831648e+11  3.13e+02 2.30e+02  3.02e+05     0s
   3   3.81703960e+10 -1.25334931e+11  4.76e+01 3.51e+01  5.76e+04     0s
   4   1.54071165e+10 -8.15334745e+10  1.98e+01 1.46e+01  2.69e+04     0s
   5   2.19593881e+09 -4.02654375e+10  3.39e+00 2.49e+00  8.88e+03     0s
   6   9.47539513e+08 -2.46623073e+10  1.63e+00 1.20e+00  5.07e+03     0s
   7   6.55306861e+08 -1.80816081e+10  9.96e-01 7.33e-01  3.61e+03     0s
   8   4.05835709e+08 -1.08412938e+10  5.52e-01 4.07e-01  2.09e+03     0s
   9   1.65498238e+08 -3.91629397e+09  6.45e-02 4.75e-02  6.96e+02     0s
  10   7.93702640e+07 -1.13871149e+09  1.18e-02 8.71e-03  2.02e+02     0s
  11   2.59737598e+07 -2.53399446e+08  1.40e-03 1.03e-03  4.59e+01     0s
  12   6.22368480e+06 -4.36188447e+07  1.72e-04 1.27e-04  8.17e+00     0s
  13   1.33832260e+06 -6.37305772e+06  1.89e-05 1.39e-05  1.26e+00     0s
  14   3.28771252e+05 -9.21494743e+05  2.02e-06 1.49e-06  2.05e-01     0s
  15   1.11663588e+05 -9.00214740e+03  7.85e-08 5.78e-08  1.98e-02     0s
  16   8.43802464e+04  6.17219507e+04  1.49e-07 6.84e-09  3.71e-03     0s
  17   7.87714513e+04  7.60929487e+04  4.54e-07 3.39e-10  4.39e-04     0s
  18   7.80790405e+04  7.78650251e+04  2.43e-06 2.67e-11  3.51e-05     0s
  19   7.80231857e+04  7.80046306e+04  1.70e-05 9.80e-12  3.04e-06     0s
  20   7.80195833e+04  7.80179114e+04  4.03e-05 1.08e-11  2.69e-07     0s
  21   7.80194448e+04  7.80192595e+04  3.62e-05 1.06e-11  1.76e-08     0s
  22   7.80193610e+04  7.80193609e+04  2.87e-07 1.50e-11  1.81e-10     0s
  23   7.80193620e+04  7.80193620e+04  1.48e-08 7.56e-12  1.82e-13     0s

Barrier solved model in 23 iterations and 0.07 seconds (0.05 work units)
Optimal objective 7.80193620e+04


User-callback calls 75, time in user-callback 0.00 sec

Gurobi 13.0.2 (win64) logging started Wed Jul 15 14:28:04 2026

Set parameter LogFile to value "C:\Users\ehsanno\DataspellProjects\Spanish_Power_System\results\GoRES\ipopt_logs\2024-07-08_h15.log"

Gurobi 13.0.2 (win64) logging started Wed Jul 15 14:28:04 2026

Set parameter LogFile to value "C:\Users\ehsanno\DataspellProjects\Spanish_Power_System\results\GoRES\ipopt_logs\2024-07-08_h15.log"
Gurobi Optimizer version 13.0.2 build v13.0.2rc1 (win64 - Windows 11+.0 (26200.2))

CPU model: 11th Gen Intel(R) Core(TM) i5-1145G7 @ 2.60GHz, instruction set [SSE2|AVX|AVX2|AVX512]
Thread count: 4 physical cores, 8 logical processors, using up to 8 threads

Non-default parameters:
LogToConsole  0

Optimize a model with 5142 rows, 7193 columns and 18456 nonzeros (Min)
Model fingerprint: 0x1f4190b1
Model has 2031 linear objective coefficients and an objective constant of 5.4014115224584877e+07
Model has 973 quadratic objective terms
Coefficient statistics:
  Matrix range     [1e+00, 1e+04]
  Objective range  [4e-01, 1e+06]
  QObjective range [2e+04, 2e+04]
  Bounds range     [3e-06, 1e+04]
  RHS range        [3e-06, 1e+01]

Presolve removed 3636 rows and 4116 columns
Presolve time: 0.02s
Presolved: 1506 rows, 3077 columns, 9011 nonzeros
Presolved model has 899 quadratic objective terms
Ordering time: 0.00s

Barrier statistics:
 AA' NZ     : 1.782e+04
 Factor NZ  : 4.697e+04 (roughly 2 MB of memory)
 Factor Ops : 1.854e+06 (less than 1 second per iteration)
 Threads    : 1

                  Objective                Residual
Iter       Primal          Dual         Primal    Dual     Compl     Time
   0   4.85314480e+12 -5.35024749e+11  6.25e+03 3.32e+03  3.31e+06     0s
   1   1.36105246e+12 -1.10362338e+11  1.88e+03 9.98e+02  1.02e+06     0s
   2   2.27952581e+11 -7.36011172e+10  3.23e+02 1.72e+02  2.24e+05     0s
   3   1.11317584e+10 -5.11557606e+10  1.63e+01 8.66e+00  1.79e+04     0s
   4   4.28297219e+09 -3.31204807e+10  6.55e+00 3.48e+00  8.80e+03     0s
   5   1.36643441e+09 -1.88715228e+10  2.16e+00 1.15e+00  4.13e+03     0s
   6   6.41897371e+08 -1.18742060e+10  8.83e-01 4.69e-01  2.37e+03     0s
   7   3.76694257e+08 -7.08389104e+09  4.15e-01 2.21e-01  1.34e+03     0s
   8   2.53445729e+08 -4.23183758e+09  2.06e-01 1.10e-01  7.80e+02     0s
   9   1.66102579e+08 -2.09271079e+09  8.65e-02 4.59e-02  3.82e+02     0s
  10   8.29851217e+07 -5.93071998e+08  4.86e-03 2.58e-03  1.10e+02     0s
  11   5.14127303e+07 -1.44341670e+08  9.89e-04 5.25e-04  3.16e+01     0s
  12   3.62057178e+07 -1.91652373e+07  1.63e-04 8.64e-05  8.94e+00     0s
  13   3.04523239e+07  1.06057936e+07  1.19e-05 6.31e-06  3.20e+00     0s
  14   2.79161766e+07  2.44385004e+07  6.92e-07 3.68e-07  5.61e-01     0s
  15   2.73412219e+07  2.65672501e+07  1.13e-07 6.02e-08  1.25e-01     0s
  16   2.71899555e+07  2.70762581e+07  1.35e-08 7.18e-09  1.83e-02     0s
  17   2.71618667e+07  2.71578855e+07  1.52e-08 1.94e-11  6.42e-04     0s
  18   2.71608511e+07  2.71608311e+07  3.36e-08 1.51e-11  3.22e-06     0s
  19   2.71608430e+07  2.71608420e+07  1.29e-09 1.33e-11  1.64e-07     0s
  20   2.71608437e+07  2.71608420e+07  5.13e-07 1.72e-11  1.63e-07     0s
  21   2.71608426e+07  2.71608420e+07  3.99e-07 1.65e-11  1.62e-07     0s
  22   2.71608424e+07  2.71608424e+07  5.90e-08 6.71e-12  9.66e-09     0s

Barrier solved model in 22 iterations and 0.06 seconds (0.05 work units)
Optimal objective 2.71608424e+07


User-callback calls 72, time in user-callback 0.00 sec

Gurobi 13.0.2 (win64) logging started Wed Jul 15 14:31:12 2026

Set parameter LogFile to value "C:\Users\ehsanno\DataspellProjects\Spanish_Power_System\results\GoRES\ipopt_logs\2024-07-08_h15.log"

Gurobi 13.0.2 (win64) logging started Wed Jul 15 14:31:12 2026

Set parameter LogFile to value "C:\Users\ehsanno\DataspellProjects\Spanish_Power_System\results\GoRES\ipopt_logs\2024-07-08_h15.log"
Gurobi Optimizer version 13.0.2 build v13.0.2rc1 (win64 - Windows 11+.0 (26200.2))

CPU model: 11th Gen Intel(R) Core(TM) i5-1145G7 @ 2.60GHz, instruction set [SSE2|AVX|AVX2|AVX512]
Thread count: 4 physical cores, 8 logical processors, using up to 8 threads

Non-default parameters:
LogToConsole  0

Optimize a model with 5142 rows, 7193 columns and 18456 nonzeros (Min)
Model fingerprint: 0xfb79b3fb
Model has 2031 linear objective coefficients and an objective constant of 5.4014126625280038e+07
Model has 973 quadratic objective terms
Coefficient statistics:
  Matrix range     [1e+00, 1e+04]
  Objective range  [4e-01, 1e+06]
  QObjective range [2e+04, 2e+04]
  Bounds range     [3e-06, 1e+04]
  RHS range        [3e-06, 1e+01]

Presolve removed 3657 rows and 4147 columns
Presolve time: 0.01s
Presolved: 1485 rows, 3046 columns, 8950 nonzeros
Presolved model has 899 quadratic objective terms
Ordering time: 0.00s

Barrier statistics:
 AA' NZ     : 1.773e+04
 Factor NZ  : 4.640e+04 (roughly 2 MB of memory)
 Factor Ops : 1.828e+06 (less than 1 second per iteration)
 Threads    : 1

                  Objective                Residual
Iter       Primal          Dual         Primal    Dual     Compl     Time
   0   5.12100811e+12 -5.64874903e+11  6.50e+03 3.60e+03  3.59e+06     0s
   1   1.43505214e+12 -1.31277268e+11  1.94e+03 1.08e+03  1.10e+06     0s
   2   2.33774708e+11 -9.59487419e+10  3.25e+02 1.80e+02  2.36e+05     0s
   3   1.75405863e+10 -6.32949296e+10  2.50e+01 1.39e+01  2.55e+04     0s
   4   4.09149474e+09 -3.62950669e+10  6.23e+00 3.46e+00  9.34e+03     0s
   5   1.51507851e+09 -1.98243770e+10  2.39e+00 1.32e+00  4.41e+03     0s
   6   5.21986351e+08 -9.44106667e+09  7.70e-01 4.27e-01  1.87e+03     0s
   7   3.38817960e+08 -6.37431653e+09  4.46e-01 2.47e-01  1.22e+03     0s
   8   2.58017165e+08 -4.65012928e+09  2.85e-01 1.58e-01  8.75e+02     0s
   9   1.45732035e+08 -2.13274591e+09  1.06e-01 5.85e-02  3.92e+02     0s
  10   5.74271558e+07 -5.28920252e+08  2.11e-02 1.17e-02  9.75e+01     0s
  11   2.00664605e+07 -9.12958804e+07  1.73e-03 9.58e-04  1.82e+01     0s
  12   8.68044190e+06 -3.70383804e+06  4.27e-05 2.36e-05  2.02e+00     0s
  13   6.87452257e+06  4.27821703e+06  2.15e-06 1.19e-06  4.23e-01     0s
  14   6.39356536e+06  5.78996385e+06  8.64e-09 1.17e-11  9.84e-02     0s
  15   6.28419957e+06  6.21789280e+06  2.42e-09 1.40e-11  1.08e-02     0s
  16   6.26972546e+06  6.26723115e+06  6.56e-09 1.11e-11  4.07e-04     0s
  17   6.26910371e+06  6.26908612e+06  7.99e-09 1.07e-11  2.87e-06     0s
  18   6.26909475e+06  6.26909424e+06  4.39e-09 1.43e-11  8.44e-08     0s
  19   6.26909441e+06  6.26909426e+06  2.42e-07 9.50e-12  7.64e-08     0s
  20   6.26909379e+06  6.26909451e+06  2.29e-07 1.07e-11  2.33e-09     0s

Barrier solved model in 20 iterations and 0.06 seconds (0.05 work units)
Optimal objective 6.26909379e+06


User-callback calls 75, time in user-callback 0.00 sec

Gurobi 13.0.2 (win64) logging started Wed Jul 15 17:24:40 2026

Set parameter LogFile to value "C:\Users\ehsanno\DataspellProjects\Spanish_Power_System\results\GoRES\ipopt_logs\2024-07-08_h15.log"

Gurobi 13.0.2 (win64) logging started Wed Jul 15 17:24:40 2026

Set parameter LogFile to value "C:\Users\ehsanno\DataspellProjects\Spanish_Power_System\results\GoRES\ipopt_logs\2024-07-08_h15.log"
Gurobi Optimizer version 13.0.2 build v13.0.2rc1 (win64 - Windows 11+.0 (26200.2))

CPU model: 11th Gen Intel(R) Core(TM) i5-1145G7 @ 2.60GHz, instruction set [SSE2|AVX|AVX2|AVX512]
Thread count: 4 physical cores, 8 logical processors, using up to 8 threads

Non-default parameters:
LogToConsole  0

Optimize a model with 5146 rows, 7439 columns and 18714 nonzeros (Min)
Model fingerprint: 0x3136d132
Model has 2199 linear objective coefficients and an objective constant of 6.2125256671057276e+07
Model has 972 quadratic objective terms
Coefficient statistics:
  Matrix range     [1e+00, 1e+04]
  Objective range  [4e-01, 1e+06]
  QObjective range [2e+04, 2e+04]
  Bounds range     [7e-12, 1e+04]
  RHS range        [3e-06, 1e+01]

Presolve removed 3635 rows and 4232 columns
Presolve time: 0.02s
Presolved: 1511 rows, 3207 columns, 9189 nonzeros
Presolved model has 898 quadratic objective terms
Ordering time: 0.01s

Barrier statistics:
 AA' NZ     : 1.796e+04
 Factor NZ  : 5.031e+04 (roughly 2 MB of memory)
 Factor Ops : 2.229e+06 (less than 1 second per iteration)
 Threads    : 1

                  Objective                Residual
Iter       Primal          Dual         Primal    Dual     Compl     Time
   0   4.88362087e+12 -1.62683364e+12  8.25e+03 3.79e+04  3.78e+07     0s
   1   9.54341937e+11 -8.88583921e+11  1.75e+03 8.02e+03  8.26e+06     0s
   2   6.01250609e+10 -8.62673465e+11  1.13e+02 5.17e+02  7.06e+05     0s
   3   1.34954112e+10 -4.86069245e+11  2.57e+01 1.18e+02  1.89e+05     0s
   4   2.57329764e+09 -2.83848880e+11  5.22e+00 2.40e+01  6.65e+04     0s
   5   5.29530946e+08 -1.19323608e+11  9.27e-01 4.26e+00  2.22e+04     0s
   6   3.91421631e+08 -7.68375773e+10  4.87e-01 2.23e+00  1.37e+04     0s
   7   2.77704986e+08 -4.72711448e+10  1.20e-01 5.50e-01  7.84e+03     0s
   8   2.24300739e+08 -8.78291379e+09  1.93e-02 8.85e-02  1.42e+03     0s
   9   1.66066542e+08 -3.44630266e+09  5.66e-03 2.60e-02  5.64e+02     0s
  10   9.10165688e+07 -1.85675650e+09  5.66e-09 2.60e-08  3.02e+02     0s
  11   4.75844811e+07 -4.75469683e+08  1.26e-09 5.77e-09  8.10e+01     0s
  12   1.93173101e+07 -6.24680989e+07  8.64e-11 7.95e-11  1.27e+01     0s
  13   1.19413762e+07 -4.12063952e+06  1.01e-10 2.18e-11  2.49e+00     0s
  14   1.03276723e+07  4.32811886e+06  5.22e-10 1.18e-11  9.29e-01     0s
  15   9.54002373e+06  7.59302103e+06  4.87e-10 1.07e-11  3.02e-01     0s
  16   9.25127512e+06  8.62710522e+06  1.13e-09 1.22e-11  9.67e-02     0s
  17   9.13091664e+06  9.05632044e+06  1.07e-09 7.80e-12  1.16e-02     0s
  18   9.11290434e+06  9.11031645e+06  2.58e-09 8.75e-12  4.01e-04     0s
  19   9.11218531e+06  9.11203331e+06  7.98e-09 6.56e-12  2.35e-05     0s
  20   9.11214055e+06  9.11213744e+06  7.17e-08 9.16e-12  4.84e-07     0s
  21   9.11213839e+06  9.11213913e+06  1.50e-07 1.48e-11  1.32e-08     0s
  22   9.11213918e+06  9.11213917e+06  9.00e-08 5.74e-12  7.57e-10     0s

Barrier solved model in 22 iterations and 0.13 seconds (0.05 work units)
Optimal objective 9.11213918e+06


User-callback calls 80, time in user-callback 0.00 sec

Gurobi 13.0.2 (win64) logging started Wed Jul 15 17:27:47 2026

Set parameter LogFile to value "C:\Users\ehsanno\DataspellProjects\Spanish_Power_System\results\GoRES\ipopt_logs\2024-07-08_h15.log"

Gurobi 13.0.2 (win64) logging started Wed Jul 15 17:27:47 2026

Set parameter LogFile to value "C:\Users\ehsanno\DataspellProjects\Spanish_Power_System\results\GoRES\ipopt_logs\2024-07-08_h15.log"
Gurobi Optimizer version 13.0.2 build v13.0.2rc1 (win64 - Windows 11+.0 (26200.2))

CPU model: 11th Gen Intel(R) Core(TM) i5-1145G7 @ 2.60GHz, instruction set [SSE2|AVX|AVX2|AVX512]
Thread count: 4 physical cores, 8 logical processors, using up to 8 threads

Non-default parameters:
LogToConsole  0

Optimize a model with 5146 rows, 7439 columns and 18714 nonzeros (Min)
Model fingerprint: 0xa24c94f2
Model has 2199 linear objective coefficients and an objective constant of 6.2125239369920030e+07
Model has 972 quadratic objective terms
Coefficient statistics:
  Matrix range     [1e+00, 1e+04]
  Objective range  [4e-01, 1e+06]
  QObjective range [2e+04, 2e+04]
  Bounds range     [3e-06, 1e+04]
  RHS range        [3e-06, 1e+01]

Presolve removed 3646 rows and 4246 columns
Presolve time: 0.03s
Presolved: 1500 rows, 3193 columns, 9168 nonzeros
Presolved model has 898 quadratic objective terms
Ordering time: 0.00s

Barrier statistics:
 AA' NZ     : 1.786e+04
 Factor NZ  : 4.918e+04 (roughly 2 MB of memory)
 Factor Ops : 2.123e+06 (less than 1 second per iteration)
 Threads    : 1

                  Objective                Residual
Iter       Primal          Dual         Primal    Dual     Compl     Time
   0   5.64406716e+12 -1.80720301e+12  7.38e+03 3.76e+04  3.76e+07     0s
   1   1.16078917e+12 -9.88429868e+11  1.63e+03 8.29e+03  8.54e+06     0s
   2   9.08743412e+10 -9.06551451e+11  1.30e+02 6.62e+02  8.50e+05     0s
   3   1.64510424e+10 -4.99000450e+11  2.40e+01 1.23e+02  1.91e+05     0s
   4   2.68676594e+09 -2.80303252e+11  4.24e+00 2.16e+01  6.38e+04     0s
   5   7.49218502e+08 -1.30557948e+11  1.15e+00 5.88e+00  2.54e+04     0s
   6   5.12656474e+08 -8.64084017e+10  5.88e-01 3.00e+00  1.60e+04     0s
   7   3.21887965e+08 -6.25549120e+10  1.54e-01 7.86e-01  1.06e+04     0s
   8   2.42362456e+08 -1.24899133e+10  2.56e-02 1.30e-01  2.04e+03     0s
   9   1.89470676e+08 -4.81297368e+09  7.70e-03 3.93e-02  7.89e+02     0s
  10   1.07827593e+08 -2.54828151e+09  6.61e-04 3.38e-03  4.14e+02     0s
  11   8.13435861e+07 -1.25085955e+09  3.22e-04 1.64e-03  2.07e+02     0s
  12   4.23986002e+07 -4.49599478e+08  6.33e-10 1.64e-09  7.65e+01     0s
  13   1.68240593e+07 -4.54577891e+07  4.51e-10 1.40e-10  9.69e+00     0s
  14   8.59293218e+06  3.53991730e+06  1.29e-09 2.73e-11  7.86e-01     0s
  15   7.62827108e+06  6.08035426e+06  4.06e-09 7.84e-12  2.41e-01     0s
  16   7.31481500e+06  6.79186423e+06  2.64e-09 1.19e-11  8.13e-02     0s
  17   7.25737757e+06  6.90283656e+06  4.73e-09 1.36e-11  5.51e-02     0s
  18   7.19094568e+06  7.13709966e+06  5.65e-09 7.75e-12  8.38e-03     0s
  19   7.18175273e+06  7.16547082e+06  4.87e-09 9.82e-12  2.53e-03     0s
  20   7.17856900e+06  7.17548046e+06  1.17e-08 1.19e-11  4.80e-04     0s
  21   7.17795579e+06  7.17771646e+06  1.77e-09 1.21e-11  3.72e-05     0s
  22   7.17790364e+06  7.17790277e+06  7.90e-10 1.09e-11  1.35e-07     0s
  23   7.17790340e+06  7.17790339e+06  6.89e-09 1.42e-11  2.36e-09     0s

Barrier solved model in 23 iterations and 0.10 seconds (0.05 work units)
Optimal objective 7.17790340e+06


User-callback calls 72, time in user-callback 0.00 sec

Gurobi 13.0.2 (win64) logging started Wed Jul 15 17:30:06 2026

Set parameter LogFile to value "C:\Users\ehsanno\DataspellProjects\Spanish_Power_System\results\GoRES\ipopt_logs\2024-07-08_h15.log"

Gurobi 13.0.2 (win64) logging started Wed Jul 15 17:30:06 2026

Set parameter LogFile to value "C:\Users\ehsanno\DataspellProjects\Spanish_Power_System\results\GoRES\ipopt_logs\2024-07-08_h15.log"
Gurobi Optimizer version 13.0.2 build v13.0.2rc1 (win64 - Windows 11+.0 (26200.2))

CPU model: 11th Gen Intel(R) Core(TM) i5-1145G7 @ 2.60GHz, instruction set [SSE2|AVX|AVX2|AVX512]
Thread count: 4 physical cores, 8 logical processors, using up to 8 threads

Non-default parameters:
LogToConsole  0

Optimize a model with 5146 rows, 7439 columns and 18714 nonzeros (Min)
Model fingerprint: 0xd7c853a7
Model has 2199 linear objective coefficients and an objective constant of 6.2125239369920030e+07
Model has 972 quadratic objective terms
Coefficient statistics:
  Matrix range     [1e+00, 1e+04]
  Objective range  [4e-01, 1e+06]
  QObjective range [2e+04, 2e+04]
  Bounds range     [3e-06, 1e+04]
  RHS range        [3e-06, 1e+01]

Presolve removed 3652 rows and 4255 columns
Presolve time: 0.02s
Presolved: 1494 rows, 3184 columns, 9184 nonzeros
Presolved model has 898 quadratic objective terms
Ordering time: 0.00s

Barrier statistics:
 AA' NZ     : 1.789e+04
 Factor NZ  : 4.906e+04 (roughly 2 MB of memory)
 Factor Ops : 2.102e+06 (less than 1 second per iteration)
 Threads    : 1

                  Objective                Residual
Iter       Primal          Dual         Primal    Dual     Compl     Time
   0   5.71153489e+12 -2.19816200e+12  7.75e+03 3.76e+04  3.76e+07     0s
   1   1.23007750e+12 -1.26395904e+12  1.78e+03 8.67e+03  8.94e+06     0s
   2   1.16749149e+11 -1.09938168e+12  1.73e+02 8.41e+02  1.04e+06     0s
   3   1.81754142e+10 -6.01069530e+11  2.78e+01 1.35e+02  2.15e+05     0s
   4   2.76810858e+09 -3.41445487e+11  4.65e+00 2.26e+01  7.56e+04     0s
   5   1.08699920e+09 -1.87506507e+11  1.86e+00 9.02e+00  3.76e+04     0s
   6   6.49387458e+08 -1.20650211e+11  8.74e-01 4.24e+00  2.28e+04     0s
   7   3.92133445e+08 -9.97097285e+10  3.58e-01 1.74e+00  1.79e+04     0s
   8   2.51691817e+08 -2.14503398e+10  5.85e-02 2.84e-01  3.58e+03     0s
   9   2.06174607e+08 -6.23119611e+09  1.35e-02 6.56e-02  1.03e+03     0s
  10   1.72325652e+08 -4.51057758e+09  7.48e-03 3.63e-02  7.41e+02     0s
  11   9.11016348e+07 -1.75507651e+09  7.48e-09 3.63e-08  2.88e+02     0s
  12   4.11759667e+07 -3.71890486e+08  8.11e-10 7.23e-10  6.44e+01     0s
  13   1.18145328e+07 -4.15177016e+07  3.35e-10 6.55e-11  8.32e+00     0s
  14   7.34991475e+06 -1.23723281e+07  1.88e-09 2.36e-11  3.08e+00     0s
  15   5.26718450e+06  5.26690119e+05  1.89e-09 1.28e-11  7.40e-01     0s
  16   4.91124869e+06  2.06569219e+06  6.73e-10 9.16e-12  4.44e-01     0s
  17   4.59906383e+06  3.56694709e+06  1.33e-09 7.08e-12  1.61e-01     0s
  18   4.46935400e+06  4.12116278e+06  1.84e-09 6.88e-12  5.43e-02     0s
  19   4.42015708e+06  4.32189158e+06  4.56e-09 1.01e-11  1.53e-02     0s
  20   4.40588984e+06  4.37330231e+06  1.84e-08 5.29e-12  5.08e-03     0s
  21   4.40346742e+06  4.38100199e+06  1.00e-08 7.50e-12  3.50e-03     0s
  22   4.40079203e+06  4.38881505e+06  2.57e-08 1.31e-11  1.87e-03     0s
  23   4.39870745e+06  4.39655403e+06  9.29e-09 1.65e-11  3.36e-04     0s
  24   4.39825912e+06  4.39822276e+06  6.39e-09 1.78e-11  5.67e-06     0s
  25   4.39825050e+06  4.39825037e+06  2.52e-10 1.36e-11  1.95e-08     0s
  26   4.39825046e+06  4.39825046e+06  2.40e-09 1.24e-11  3.78e-10     0s

Barrier solved model in 26 iterations and 0.10 seconds (0.06 work units)
Optimal objective 4.39825046e+06


User-callback calls 73, time in user-callback 0.00 sec

Gurobi 13.0.2 (win64) logging started Wed Jul 15 18:00:31 2026

Set parameter LogFile to value "C:\Users\ehsanno\DataspellProjects\Spanish_Power_System\results\GoRES\ipopt_logs\2024-07-08_h15.log"

Gurobi 13.0.2 (win64) logging started Wed Jul 15 18:00:31 2026

Set parameter LogFile to value "C:\Users\ehsanno\DataspellProjects\Spanish_Power_System\results\GoRES\ipopt_logs\2024-07-08_h15.log"
Gurobi Optimizer version 13.0.2 build v13.0.2rc1 (win64 - Windows 11+.0 (26200.2))

CPU model: 11th Gen Intel(R) Core(TM) i5-1145G7 @ 2.60GHz, instruction set [SSE2|AVX|AVX2|AVX512]
Thread count: 4 physical cores, 8 logical processors, using up to 8 threads

Non-default parameters:
LogToConsole  0

Optimize a model with 5146 rows, 7439 columns and 18714 nonzeros (Min)
Model fingerprint: 0xfc47272a
Model has 2199 linear objective coefficients and an objective constant of 6.2125239369920030e+07
Model has 972 quadratic objective terms
Coefficient statistics:
  Matrix range     [1e+00, 1e+04]
  Objective range  [4e-01, 1e+06]
  QObjective range [2e+04, 2e+04]
  Bounds range     [3e-06, 1e+04]
  RHS range        [3e-06, 1e+01]

Presolve removed 3651 rows and 4254 columns
Presolve time: 0.03s
Presolved: 1495 rows, 3185 columns, 9199 nonzeros
Presolved model has 898 quadratic objective terms
Ordering time: 0.01s

Barrier statistics:
 AA' NZ     : 1.787e+04
 Factor NZ  : 4.887e+04 (roughly 2 MB of memory)
 Factor Ops : 2.090e+06 (less than 1 second per iteration)
 Threads    : 1

                  Objective                Residual
Iter       Primal          Dual         Primal    Dual     Compl     Time
   0   6.43480298e+12 -2.52227367e+12  7.50e+03 3.76e+04  3.76e+07     0s
   1   1.44459566e+12 -1.49827584e+12  1.79e+03 8.96e+03  9.26e+06     0s
   2   1.55439349e+11 -1.27734471e+12  1.96e+02 9.84e+02  1.23e+06     0s
   3   2.31629310e+10 -6.49960051e+11  3.00e+01 1.50e+02  2.36e+05     0s
   4   4.17137895e+09 -3.03420753e+11  5.89e+00 2.96e+01  6.96e+04     0s
   5   1.41935242e+09 -1.43350944e+11  2.11e+00 1.06e+01  2.92e+04     0s
   6   7.92757246e+08 -9.32612728e+10  9.92e-01 4.97e+00  1.79e+04     0s
   7   5.21951719e+08 -6.90960778e+10  5.39e-01 2.71e+00  1.28e+04     0s
   8   2.24254063e+08 -1.02335393e+10  3.87e-02 1.94e-01  1.72e+03     0s
   9   1.78078964e+08 -3.16044769e+09  1.11e-02 5.55e-02  5.31e+02     0s
  10   1.19583527e+08 -2.42218962e+09  3.58e-03 1.79e-02  4.00e+02     0s
  11   6.71735907e+07 -1.08851594e+09  3.76e-04 1.89e-03  1.80e+02     0s
  12   2.03733004e+07 -1.08186858e+08  1.89e-05 9.48e-05  2.01e+01     0s
  13   5.15276335e+06 -1.03031615e+07  5.39e-07 2.70e-06  2.41e+00     0s
  14   3.56748507e+06 -1.93369582e+06  5.69e-08 2.85e-07  8.58e-01     0s
  15   2.83322143e+06  1.76564082e+06  5.53e-09 2.78e-08  1.66e-01     0s
  16   2.67121162e+06  2.39935353e+06  1.21e-08 5.55e-09  4.24e-02     0s
  17   2.64654831e+06  2.47708732e+06  3.70e-09 2.72e-09  2.64e-02     0s
  18   2.61105857e+06  2.60160816e+06  2.12e-08 1.14e-11  1.47e-03     0s
  19   2.60773522e+06  2.60693566e+06  1.29e-07 1.48e-11  1.25e-04     0s
  20   2.60747743e+06  2.60744760e+06  1.18e-07 2.70e-11  4.65e-06     0s
  21   2.60746876e+06  2.60746878e+06  2.99e-07 7.98e-12  1.36e-08     0s
  22   2.60746881e+06  2.60746881e+06  1.48e-08 2.02e-11  4.29e-10     0s

Barrier solved model in 22 iterations and 0.11 seconds (0.05 work units)
Optimal objective 2.60746881e+06


User-callback calls 80, time in user-callback 0.00 sec

Gurobi 13.0.2 (win64) logging started Thu Jul 16 15:27:19 2026

Set parameter LogFile to value "C:\Users\ehsanno\DataspellProjects\Spanish_Power_System\results\GoRES\ipopt_logs\2024-07-08_h15.log"

Gurobi 13.0.2 (win64) logging started Thu Jul 16 15:27:19 2026

Set parameter LogFile to value "C:\Users\ehsanno\DataspellProjects\Spanish_Power_System\results\GoRES\ipopt_logs\2024-07-08_h15.log"
Gurobi Optimizer version 13.0.2 build v13.0.2rc1 (win64 - Windows 11+.0 (26200.2))

CPU model: 11th Gen Intel(R) Core(TM) i5-1145G7 @ 2.60GHz, instruction set [SSE2|AVX|AVX2|AVX512]
Thread count: 4 physical cores, 8 logical processors, using up to 8 threads

Non-default parameters:
LogToConsole  0

Optimize a model with 5146 rows, 7439 columns and 18714 nonzeros (Min)
Model fingerprint: 0xfc47272a
Model has 2199 linear objective coefficients and an objective constant of 6.2125239369920030e+07
Model has 972 quadratic objective terms
Coefficient statistics:
  Matrix range     [1e+00, 1e+04]
  Objective range  [4e-01, 1e+06]
  QObjective range [2e+04, 2e+04]
  Bounds range     [3e-06, 1e+04]
  RHS range        [3e-06, 1e+01]

Presolve removed 3651 rows and 4254 columns
Presolve time: 0.02s
Presolved: 1495 rows, 3185 columns, 9199 nonzeros
Presolved model has 898 quadratic objective terms
Ordering time: 0.00s

Barrier statistics:
 AA' NZ     : 1.787e+04
 Factor NZ  : 4.887e+04 (roughly 2 MB of memory)
 Factor Ops : 2.090e+06 (less than 1 second per iteration)
 Threads    : 1

                  Objective                Residual
Iter       Primal          Dual         Primal    Dual     Compl     Time
   0   6.43480298e+12 -2.52227367e+12  7.50e+03 3.76e+04  3.76e+07     0s
   1   1.44459566e+12 -1.49827584e+12  1.79e+03 8.96e+03  9.26e+06     0s
   2   1.55439349e+11 -1.27734471e+12  1.96e+02 9.84e+02  1.23e+06     0s
   3   2.31629310e+10 -6.49960051e+11  3.00e+01 1.50e+02  2.36e+05     0s
   4   4.17137895e+09 -3.03420753e+11  5.89e+00 2.96e+01  6.96e+04     0s
   5   1.41935242e+09 -1.43350944e+11  2.11e+00 1.06e+01  2.92e+04     0s
   6   7.92757246e+08 -9.32612728e+10  9.92e-01 4.97e+00  1.79e+04     0s
   7   5.21951719e+08 -6.90960778e+10  5.39e-01 2.71e+00  1.28e+04     0s
   8   2.24254063e+08 -1.02335393e+10  3.87e-02 1.94e-01  1.72e+03     0s
   9   1.78078964e+08 -3.16044769e+09  1.11e-02 5.55e-02  5.31e+02     0s
  10   1.19583527e+08 -2.42218962e+09  3.58e-03 1.79e-02  4.00e+02     0s
  11   6.71735907e+07 -1.08851594e+09  3.76e-04 1.89e-03  1.80e+02     0s
  12   2.03733004e+07 -1.08186858e+08  1.89e-05 9.48e-05  2.01e+01     0s
  13   5.15276335e+06 -1.03031615e+07  5.39e-07 2.70e-06  2.41e+00     0s
  14   3.56748507e+06 -1.93369582e+06  5.69e-08 2.85e-07  8.58e-01     0s
  15   2.83322143e+06  1.76564082e+06  5.53e-09 2.78e-08  1.66e-01     0s
  16   2.67121162e+06  2.39935353e+06  1.21e-08 5.55e-09  4.24e-02     0s
  17   2.64654831e+06  2.47708732e+06  3.70e-09 2.72e-09  2.64e-02     0s
  18   2.61105857e+06  2.60160816e+06  2.12e-08 1.14e-11  1.47e-03     0s
  19   2.60773522e+06  2.60693566e+06  1.29e-07 1.48e-11  1.25e-04     0s
  20   2.60747743e+06  2.60744760e+06  1.18e-07 2.70e-11  4.65e-06     0s
  21   2.60746876e+06  2.60746878e+06  2.99e-07 7.98e-12  1.36e-08     0s
  22   2.60746881e+06  2.60746881e+06  1.48e-08 2.02e-11  4.29e-10     0s

Barrier solved model in 22 iterations and 0.08 seconds (0.05 work units)
Optimal objective 2.60746881e+06


User-callback calls 75, time in user-callback 0.00 sec

Gurobi 13.0.2 (win64) logging started Thu Jul 16 16:07:54 2026

Set parameter LogFile to value "C:\Users\ehsanno\DataspellProjects\Spanish_Power_System\results\GoRES\ipopt_logs\2024-07-08_h15.log"

Gurobi 13.0.2 (win64) logging started Thu Jul 16 16:07:54 2026

Set parameter LogFile to value "C:\Users\ehsanno\DataspellProjects\Spanish_Power_System\results\GoRES\ipopt_logs\2024-07-08_h15.log"
Gurobi Optimizer version 13.0.2 build v13.0.2rc1 (win64 - Windows 11+.0 (26200.2))

CPU model: 11th Gen Intel(R) Core(TM) i5-1145G7 @ 2.60GHz, instruction set [SSE2|AVX|AVX2|AVX512]
Thread count: 4 physical cores, 8 logical processors, using up to 8 threads

Non-default parameters:
LogToConsole  0

Optimize a model with 5146 rows, 7855 columns and 19130 nonzeros (Min)
Model fingerprint: 0xd47a8fb9
Model has 2353 linear objective coefficients and an objective constant of 5.4747371592289537e+07
Model has 1482 quadratic objective terms
Coefficient statistics:
  Matrix range     [1e+00, 1e+04]
  Objective range  [8e-08, 1e+06]
  QObjective range [2e+04, 2e+04]
  Bounds range     [3e-06, 1e+04]
  RHS range        [3e-06, 1e+01]

Presolve removed 3636 rows and 4145 columns
Presolve time: 0.02s
Presolved: 1510 rows, 3710 columns, 9802 nonzeros
Presolved model has 1408 quadratic objective terms
Ordering time: 0.00s

Barrier statistics:
 AA' NZ     : 1.775e+04
 Factor NZ  : 4.899e+04 (roughly 3 MB of memory)
 Factor Ops : 2.100e+06 (less than 1 second per iteration)
 Threads    : 1

                  Objective                Residual
Iter       Primal          Dual         Primal    Dual     Compl     Time
   0   6.36987950e+12 -1.10019862e+13  8.00e+03 3.85e+07  3.98e+10     0s
   1   1.53016975e+12 -7.53899630e+12  1.93e+03 9.30e+06  1.02e+10     0s
   2   1.71252870e+11 -3.99125591e+12  2.17e+02 1.05e+06  1.53e+09     0s
   3   2.38530739e+10 -1.30204957e+12  3.10e+01 1.49e+05  2.87e+08     0s
   4   1.62748118e+10 -9.81568258e+11  2.13e+01 1.03e+05  2.03e+08     0s
   5   6.37420065e+09 -6.23429747e+11  8.64e+00 4.16e+04  1.14e+08     0s
   6   1.69681612e+09 -2.21578871e+11  2.50e+00 1.21e+04  3.68e+07     0s
   7   9.27447035e+08 -1.46203446e+11  1.17e+00 5.62e+03  2.35e+07     0s
   8   5.70834669e+08 -1.04544601e+11  6.45e-01 3.11e+03  1.65e+07     0s
   9   2.25408374e+08 -1.63708057e+10  3.11e-02 1.50e+02  2.35e+06     0s
  10   1.84544142e+08 -3.43573762e+09  4.25e-03 2.05e+01  5.00e+05     0s
  11   1.09136027e+08 -1.63050716e+09  9.00e-04 4.33e+00  2.39e+05     0s
  12   3.54017823e+07 -4.24277982e+08  3.87e-05 1.86e-01  6.29e+04     0s
  13   6.59715317e+06 -4.35273559e+07  8.90e-07 4.29e-03  6.86e+03     0s
  14   8.03596021e+05 -2.73473995e+06  5.90e-09 2.84e-05  4.84e+02     0s
  15   1.81989950e+05 -2.29584382e+05  2.13e-08 6.99e-07  5.63e+01     0s
  16   9.09755361e+04  1.76197618e+04  5.17e-08 7.61e-08  1.00e+01     0s
  17   7.28501946e+04  6.09214865e+04  9.89e-08 7.82e-09  1.63e+00     0s
  18   6.95546151e+04  6.83057680e+04  1.41e-07 6.11e-08  1.71e-01     0s
  19   6.91894354e+04  6.90503690e+04  5.94e-07 9.79e-09  1.90e-02     0s
  20   6.91487599e+04  6.91291373e+04  1.87e-06 1.14e-08  2.68e-03     0s
  21   6.91428164e+04  6.91401393e+04  5.75e-06 1.03e-08  3.66e-04     0s
  22   6.91420985e+04  6.91411292e+04  9.72e-06 1.02e-08  1.33e-04     0s
  23   6.91418017e+04  6.91410491e+04  3.03e-06 2.16e-08  1.03e-04     0s
  24   6.91416580e+04  6.91416358e+04  9.83e-07 1.11e-08  3.03e-06     0s
  25   6.91416518e+04  6.91416497e+04  2.76e-06 1.64e-08  2.86e-07     0s
  26   6.91416512e+04  6.91416510e+04  1.16e-08 7.83e-09  1.86e-08     0s
  27   6.91416511e+04  6.91416511e+04  1.69e-09 5.88e-09  2.03e-09     0s

Barrier solved model in 27 iterations and 0.08 seconds (0.06 work units)
Optimal objective 6.91416511e+04


User-callback calls 84, time in user-callback 0.00 sec

Gurobi 13.0.2 (win64) logging started Thu Jul 16 16:15:12 2026

Set parameter LogFile to value "C:\Users\ehsanno\DataspellProjects\Spanish_Power_System\results\GoRES\ipopt_logs\2024-07-08_h15.log"

Gurobi 13.0.2 (win64) logging started Thu Jul 16 16:15:12 2026

Set parameter LogFile to value "C:\Users\ehsanno\DataspellProjects\Spanish_Power_System\results\GoRES\ipopt_logs\2024-07-08_h15.log"
Gurobi Optimizer version 13.0.2 build v13.0.2rc1 (win64 - Windows 11+.0 (26200.2))

CPU model: 11th Gen Intel(R) Core(TM) i5-1145G7 @ 2.60GHz, instruction set [SSE2|AVX|AVX2|AVX512]
Thread count: 4 physical cores, 8 logical processors, using up to 8 threads

Non-default parameters:
LogToConsole  0

Optimize a model with 5146 rows, 7855 columns and 19130 nonzeros (Min)
Model fingerprint: 0x67e3a3c6
Model has 2353 linear objective coefficients and an objective constant of 5.4747371592289537e+07
Model has 1482 quadratic objective terms
Coefficient statistics:
  Matrix range     [1e+00, 1e+04]
  Objective range  [8e-08, 1e+06]
  QObjective range [2e+04, 2e+04]
  Bounds range     [3e-06, 1e+04]
  RHS range        [3e-06, 1e+01]

Presolve removed 3620 rows and 4109 columns
Presolve time: 0.02s
Presolved: 1526 rows, 3746 columns, 9777 nonzeros
Presolved model has 1408 quadratic objective terms
Ordering time: 0.00s

Barrier statistics:
 AA' NZ     : 1.789e+04
 Factor NZ  : 4.751e+04 (roughly 3 MB of memory)
 Factor Ops : 1.933e+06 (less than 1 second per iteration)
 Threads    : 1

                  Objective                Residual
Iter       Primal          Dual         Primal    Dual     Compl     Time
   0   4.94057295e+12 -9.92151699e+12  7.76e+03 3.90e+07  4.01e+10     0s
   1   1.03085649e+12 -6.70660287e+12  1.63e+03 8.17e+06  8.99e+09     0s
   2   7.51141904e+10 -3.57570162e+12  1.18e+02 5.95e+05  1.12e+09     0s
   3   9.91165352e+09 -9.94428594e+11  1.60e+01 8.03e+04  2.03e+08     0s
   4   2.10201839e+09 -4.78672878e+11  3.58e+00 1.80e+04  8.03e+07     0s
   5   1.19676318e+09 -3.27735957e+11  1.94e+00 9.76e+03  5.31e+07     0s
   6   5.26225276e+08 -1.40234030e+11  6.07e-01 3.05e+03  2.14e+07     0s
   7   3.04359940e+08 -6.10579142e+10  1.62e-01 8.16e+02  8.92e+06     0s
   8   2.33772462e+08 -1.39267089e+10  2.45e-02 1.23e+02  1.97e+06     0s
   9   1.79194399e+08 -3.89028458e+09  6.42e-03 3.23e+01  5.57e+05     0s
  10   1.01332508e+08 -1.46793519e+09  8.81e-04 4.43e+00  2.13e+05     0s
  11   4.35803468e+07 -5.28210562e+08  9.13e-05 4.59e-01  7.74e+04     0s
  12   1.36530510e+07 -7.67938302e+07  8.48e-06 4.26e-02  1.22e+04     0s
  13   4.72204636e+06 -5.96149118e+06  4.27e-07 2.14e-03  1.45e+03     0s
  14   3.21256429e+06  7.22713707e+05  7.76e-08 3.90e-04  3.37e+02     0s
  15   2.69981394e+06  2.10837801e+06  6.48e-09 3.26e-05  8.01e+01     0s
  16   2.56706857e+06  2.52021185e+06  1.16e-09 9.76e-08  6.34e+00     0s
  17   2.55468977e+06  2.55205928e+06  7.09e-09 2.19e-08  3.56e-01     0s
  18   2.55399470e+06  2.55377381e+06  2.61e-08 1.10e-08  2.99e-02     0s
  19   2.55394402e+06  2.55391461e+06  9.74e-09 1.15e-08  3.98e-03     0s
  20   2.55393670e+06  2.55393524e+06  3.36e-09 1.70e-08  1.98e-04     0s
  21   2.55393633e+06  2.55393627e+06  8.30e-10 1.37e-08  8.98e-06     0s
  22   2.55393631e+06  2.55393632e+06  8.89e-09 2.86e-08  9.14e-09     0s

Barrier solved model in 22 iterations and 0.08 seconds (0.05 work units)
Optimal objective 2.55393631e+06


User-callback calls 74, time in user-callback 0.00 sec

Gurobi 13.0.2 (win64) logging started Thu Jul 16 16:23:41 2026

Set parameter LogFile to value "C:\Users\ehsanno\DataspellProjects\Spanish_Power_System\results\GoRES\ipopt_logs\2024-07-08_h15.log"

Gurobi 13.0.2 (win64) logging started Thu Jul 16 16:23:41 2026

Set parameter LogFile to value "C:\Users\ehsanno\DataspellProjects\Spanish_Power_System\results\GoRES\ipopt_logs\2024-07-08_h15.log"
Gurobi Optimizer version 13.0.2 build v13.0.2rc1 (win64 - Windows 11+.0 (26200.2))

CPU model: 11th Gen Intel(R) Core(TM) i5-1145G7 @ 2.60GHz, instruction set [SSE2|AVX|AVX2|AVX512]
Thread count: 4 physical cores, 8 logical processors, using up to 8 threads

Non-default parameters:
LogToConsole  0

Optimize a model with 5146 rows, 7855 columns and 19130 nonzeros (Min)
Model fingerprint: 0x8547e09a
Model has 2329 linear objective coefficients and an objective constant of 5.4747391558079958e+07
Model has 1482 quadratic objective terms
Coefficient statistics:
  Matrix range     [1e+00, 1e+04]
  Objective range  [4e-01, 1e+06]
  QObjective range [2e+04, 2e+04]
  Bounds range     [3e-06, 1e+04]
  RHS range        [3e-06, 1e+01]

Presolve removed 3607 rows and 4087 columns
Presolve time: 0.02s
Presolved: 1539 rows, 3768 columns, 9802 nonzeros
Presolved model has 1408 quadratic objective terms
Ordering time: 0.00s

Barrier statistics:
 AA' NZ     : 1.781e+04
 Factor NZ  : 4.755e+04 (roughly 3 MB of memory)
 Factor Ops : 1.930e+06 (less than 1 second per iteration)
 Threads    : 1

                  Objective                Residual
Iter       Primal          Dual         Primal    Dual     Compl     Time
   0   4.57516416e+12 -1.72954021e+12  8.50e+03 3.99e+04  3.98e+07     0s
   1   1.01133849e+12 -8.64579890e+11  2.13e+03 1.00e+04  1.03e+07     0s
   2   1.02896706e+11 -9.00740947e+11  2.26e+02 1.06e+03  1.38e+06     0s
   3   9.97467101e+09 -5.73364991e+11  2.24e+01 1.05e+02  1.87e+05     0s
   4   2.12803969e+09 -3.56365376e+11  4.90e+00 2.30e+01  7.10e+04     0s
   5   1.29152453e+09 -2.42676758e+11  2.92e+00 1.37e+01  4.43e+04     0s
   6   5.78933298e+08 -1.35930320e+11  9.01e-01 4.23e+00  2.17e+04     0s
   7   3.43015263e+08 -5.38032234e+10  2.28e-01 1.07e+00  7.85e+03     0s
   8   2.54930640e+08 -1.08839098e+10  2.36e-02 1.11e-01  1.51e+03     0s
   9   1.91735903e+08 -3.71456053e+09  7.16e-03 3.36e-02  5.22e+02     0s
  10   1.06630369e+08 -2.07370322e+09  1.20e-03 5.65e-03  2.89e+02     0s
  11   5.25474961e+07 -4.53675639e+08  1.20e-09 5.66e-09  6.65e+01     0s
  12   2.38788779e+07 -1.17993802e+08  2.64e-10 1.24e-09  1.86e+01     0s
  13   1.68034489e+07 -5.39323168e+07  1.97e-10 3.17e-10  9.30e+00     0s
  14   1.18547894e+07 -1.80241492e+07  1.22e-10 1.20e-10  3.93e+00     0s
  15   9.77799921e+06 -5.72340922e+06  2.51e-10 3.73e-11  2.04e+00     0s
  16   7.77337550e+06  5.62266838e+06  3.43e-10 1.58e-11  2.83e-01     0s
  17   7.33534955e+06  7.09155402e+06  1.25e-09 1.18e-11  3.20e-02     0s
  18   7.27966009e+06  7.24224015e+06  2.92e-09 1.09e-11  4.92e-03     0s
  19   7.27149628e+06  7.26648970e+06  2.43e-09 2.03e-11  6.58e-04     0s
  20   7.27024308e+06  7.26998572e+06  8.13e-09 1.24e-11  3.38e-05     0s
  21   7.27018134e+06  7.27014734e+06  2.48e-08 1.39e-11  4.47e-06     0s
  22   7.27017253e+06  7.27017151e+06  1.32e-09 7.67e-12  1.35e-07     0s
  23   7.27017227e+06  7.27017227e+06  4.72e-10 1.53e-11  4.28e-10     0s

Barrier solved model in 23 iterations and 0.06 seconds (0.05 work units)
Optimal objective 7.27017227e+06


User-callback calls 75, time in user-callback 0.00 sec

Gurobi 13.0.2 (win64) logging started Mon Jul 20 15:54:16 2026

Set parameter LogFile to value "C:\Users\ehsanno\DataspellProjects\Spanish_Power_System\results\GoRES\ipopt_logs\2024-07-08_h15.log"

Gurobi 13.0.2 (win64) logging started Mon Jul 20 15:54:16 2026

Set parameter LogFile to value "C:\Users\ehsanno\DataspellProjects\Spanish_Power_System\results\GoRES\ipopt_logs\2024-07-08_h15.log"
Gurobi Optimizer version 13.0.2 build v13.0.2rc1 (win64 - Windows 11+.0 (26200.2))

CPU model: 11th Gen Intel(R) Core(TM) i5-1145G7 @ 2.60GHz, instruction set [SSE2|AVX|AVX2|AVX512]
Thread count: 4 physical cores, 8 logical processors, using up to 8 threads

Non-default parameters:
LogToConsole  0

Optimize a model with 5146 rows, 8027 columns and 19302 nonzeros (Min)
Model fingerprint: 0xcc7567f2
Model has 2691 linear objective coefficients and an objective constant of 4.0887361373805158e+07
Model has 1660 quadratic objective terms
Coefficient statistics:
  Matrix range     [1e+00, 1e+04]
  Objective range  [1e-07, 1e+06]
  QObjective range [2e+04, 2e+04]
  Bounds range     [3e-06, 1e+04]
  RHS range        [3e-06, 1e+01]

Presolve removed 3626 rows and 4106 columns
Presolve time: 0.02s
Presolved: 1520 rows, 3921 columns, 9899 nonzeros
Presolved model has 1586 quadratic objective terms
Ordering time: 0.01s

Barrier statistics:
 AA' NZ     : 1.769e+04
 Factor NZ  : 4.730e+04 (roughly 3 MB of memory)
 Factor Ops : 1.936e+06 (less than 1 second per iteration)
 Threads    : 1

                  Objective                Residual
Iter       Primal          Dual         Primal    Dual     Compl     Time
   0   4.05107414e+12 -1.01247069e+13  8.45e+03 4.09e+07  4.20e+10     0s
   1   1.30692791e+12 -7.32056311e+12  2.73e+03 1.32e+07  1.42e+10     0s
   2   2.05439869e+11 -4.20325738e+12  4.30e+02 2.08e+06  2.67e+09     0s
   3   1.82063758e+10 -1.42169630e+12  3.86e+01 1.87e+05  3.52e+08     0s
   4   4.57443992e+09 -6.15966212e+11  1.00e+01 4.84e+04  1.16e+08     0s
   5   1.87842796e+09 -3.33922594e+11  4.16e+00 2.01e+04  5.67e+07     0s
   6   9.69558990e+08 -2.08583361e+11  1.95e+00 9.41e+03  3.36e+07     0s
   7   4.70125224e+08 -9.89500350e+10  5.70e-01 2.76e+03  1.48e+07     0s
   8   2.90182352e+08 -3.49321745e+10  1.19e-01 5.75e+02  4.93e+06     0s
   9   2.34281933e+08 -8.77738076e+09  2.42e-02 1.17e+02  1.21e+06     0s
  10   1.68293965e+08 -3.37721900e+09  7.83e-03 3.79e+01  4.67e+05     0s
  11   8.88188800e+07 -1.53752850e+09  6.16e-04 2.98e+00  2.11e+05     0s
  12   5.13671185e+07 -4.77701646e+08  7.58e-05 3.66e-01  6.84e+04     0s
  13   2.41963332e+07 -1.00989488e+08  1.28e-05 6.18e-02  1.62e+04     0s
  14   1.51810868e+07 -4.00669613e+07  3.06e-06 1.48e-02  7.14e+03     0s
  15   1.20669369e+07 -1.62784878e+07  1.35e-06 6.50e-03  3.66e+03     0s
  16   9.55293432e+06  1.62547089e+06  1.98e-07 9.59e-04  1.02e+03     0s
  17   8.35591655e+06  7.38212452e+06  1.44e-08 2.02e-05  1.26e+02     0s
  18   8.20821877e+06  7.80067854e+06  2.52e-08 1.44e-06  5.27e+01     0s
  19   8.14043066e+06  8.07906774e+06  1.25e-08 1.61e-07  7.93e+00     0s
  20   8.13050162e+06  8.11460562e+06  4.96e-08 3.53e-08  2.05e+00     0s
  21   8.12702487e+06  8.12624964e+06  4.16e-08 3.11e-08  1.00e-01     0s
  22   8.12679004e+06  8.12674098e+06  3.69e-08 2.19e-08  6.34e-03     0s
  23   8.12677805e+06  8.12677450e+06  1.84e-09 2.25e-08  4.60e-04     0s
  24   8.12677722e+06  8.12677678e+06  5.90e-10 2.20e-08  5.74e-05     0s
  25   8.12677711e+06  8.12677708e+06  3.05e-09 1.39e-08  2.99e-06     0s
  26   8.12677705e+06  8.12677710e+06  1.08e-07 1.32e-08  6.26e-09     0s

Barrier solved model in 26 iterations and 0.10 seconds (0.06 work units)
Optimal objective 8.12677705e+06


User-callback calls 93, time in user-callback 0.00 sec

Gurobi 13.0.2 (win64) logging started Mon Jul 20 15:56:46 2026

Set parameter LogFile to value "C:\Users\ehsanno\DataspellProjects\Spanish_Power_System\results\GoRES\ipopt_logs\2024-07-08_h15.log"

Gurobi 13.0.2 (win64) logging started Mon Jul 20 15:56:46 2026

Set parameter LogFile to value "C:\Users\ehsanno\DataspellProjects\Spanish_Power_System\results\GoRES\ipopt_logs\2024-07-08_h15.log"
Gurobi Optimizer version 13.0.2 build v13.0.2rc1 (win64 - Windows 11+.0 (26200.2))

CPU model: 11th Gen Intel(R) Core(TM) i5-1145G7 @ 2.60GHz, instruction set [SSE2|AVX|AVX2|AVX512]
Thread count: 4 physical cores, 8 logical processors, using up to 8 threads

Non-default parameters:
LogToConsole  0

Optimize a model with 5146 rows, 8027 columns and 19302 nonzeros (Min)
Model fingerprint: 0x7b3908e9
Model has 2456 linear objective coefficients and an objective constant of 5.1109191892200060e+07
Model has 1660 quadratic objective terms
Coefficient statistics:
  Matrix range     [1e+00, 1e+04]
  Objective range  [4e-01, 1e+06]
  QObjective range [2e+04, 2e+04]
  Bounds range     [3e-06, 1e+04]
  RHS range        [3e-06, 1e+01]

Presolve removed 3626 rows and 4106 columns
Presolve time: 0.02s
Presolved: 1520 rows, 3921 columns, 9899 nonzeros
Presolved model has 1586 quadratic objective terms
Ordering time: 0.01s

Barrier statistics:
 AA' NZ     : 1.769e+04
 Factor NZ  : 4.730e+04 (roughly 3 MB of memory)
 Factor Ops : 1.936e+06 (less than 1 second per iteration)
 Threads    : 1

                  Objective                Residual
Iter       Primal          Dual         Primal    Dual     Compl     Time
   0   4.29868891e+12 -1.57815945e+12  8.69e+03 3.99e+04  3.98e+07     0s
   1   1.32921604e+12 -1.15588959e+12  2.80e+03 1.29e+04  1.33e+07     0s
   2   2.01401714e+11 -1.07866103e+12  4.32e+02 1.99e+03  2.28e+06     0s
   3   1.55380408e+10 -7.55163436e+11  3.39e+01 1.56e+02  2.54e+05     0s
   4   3.83041314e+09 -4.20804726e+11  8.64e+00 3.97e+01  8.98e+04     0s
   5   1.76325809e+09 -2.57131084e+11  3.99e+00 1.83e+01  4.77e+04     0s
   6   8.83518854e+08 -1.65081153e+11  1.75e+00 8.02e+00  2.78e+04     0s
   7   4.31080074e+08 -6.33790137e+10  4.94e-01 2.27e+00  9.62e+03     0s
   8   2.79750040e+08 -2.05708701e+10  1.05e-01 4.84e-01  2.91e+03     0s
   9   2.15544614e+08 -4.44943949e+09  1.74e-02 8.00e-02  6.22e+02     0s
  10   1.44758476e+08 -2.22570851e+09  4.53e-03 2.08e-02  3.10e+02     0s
  11   7.53863930e+07 -6.02190913e+08  7.69e-04 3.53e-03  8.70e+01     0s
  12   2.86432028e+07 -1.07728213e+08  9.81e-06 4.51e-05  1.72e+01     0s
  13   1.63410506e+07 -3.19254292e+07  1.99e-06 9.15e-06  6.09e+00     0s
  14   1.20949510e+07 -3.37916844e+06  5.20e-07 2.39e-06  1.95e+00     0s
  15   1.12457183e+07  5.76438036e+05  2.92e-07 1.34e-06  1.35e+00     0s
  16   9.82759466e+06  7.90171512e+06  1.30e-08 4.54e-08  2.43e-01     0s
  17   9.54069425e+06  9.01387225e+06  6.99e-09 2.94e-10  6.65e-02     0s
  18   9.45513624e+06  9.37306946e+06  7.54e-09 2.06e-11  1.04e-02     0s
  19   9.43969632e+06  9.42902489e+06  2.60e-08 1.34e-11  1.35e-03     0s
  20   9.43740741e+06  9.43597468e+06  1.07e-08 1.51e-11  1.81e-04     0s
  21   9.43702778e+06  9.43695376e+06  3.29e-09 1.94e-11  9.34e-06     0s
  22   9.43700748e+06  9.43700291e+06  4.26e-09 1.36e-11  5.77e-07     0s
  23   9.43700634e+06  9.43700604e+06  5.94e-09 1.34e-11  3.90e-08     0s
  24   9.43700626e+06  9.43700626e+06  1.33e-08 1.68e-11  7.76e-11     0s

Barrier solved model in 24 iterations and 0.10 seconds (0.05 work units)
Optimal objective 9.43700626e+06


User-callback calls 85, time in user-callback 0.00 sec

Gurobi 13.0.2 (win64) logging started Mon Jul 20 15:58:31 2026

Set parameter LogFile to value "C:\Users\ehsanno\DataspellProjects\Spanish_Power_System\results\GoRES\ipopt_logs\2024-07-08_h15.log"

Gurobi 13.0.2 (win64) logging started Mon Jul 20 15:58:31 2026

Set parameter LogFile to value "C:\Users\ehsanno\DataspellProjects\Spanish_Power_System\results\GoRES\ipopt_logs\2024-07-08_h15.log"
Gurobi Optimizer version 13.0.2 build v13.0.2rc1 (win64 - Windows 11+.0 (26200.2))

CPU model: 11th Gen Intel(R) Core(TM) i5-1145G7 @ 2.60GHz, instruction set [SSE2|AVX|AVX2|AVX512]
Thread count: 4 physical cores, 8 logical processors, using up to 8 threads

Non-default parameters:
LogToConsole  0

Optimize a model with 5146 rows, 8027 columns and 19302 nonzeros (Min)
Model fingerprint: 0x3b7ee682
Model has 2456 linear objective coefficients and an objective constant of 6.1331030270640068e+07
Model has 1660 quadratic objective terms
Coefficient statistics:
  Matrix range     [1e+00, 1e+04]
  Objective range  [4e-01, 1e+06]
  QObjective range [2e+04, 2e+04]
  Bounds range     [3e-06, 1e+04]
  RHS range        [3e-06, 1e+01]

Presolve removed 3626 rows and 4106 columns
Presolve time: 0.02s
Presolved: 1520 rows, 3921 columns, 9899 nonzeros
Presolved model has 1586 quadratic objective terms
Ordering time: 0.00s

Barrier statistics:
 AA' NZ     : 1.769e+04
 Factor NZ  : 4.730e+04 (roughly 3 MB of memory)
 Factor Ops : 1.936e+06 (less than 1 second per iteration)
 Threads    : 1

                  Objective                Residual
Iter       Primal          Dual         Primal    Dual     Compl     Time
   0   4.34836762e+12 -1.62742660e+12  8.69e+03 3.99e+04  3.98e+07     0s
   1   1.33437058e+12 -1.16070187e+12  2.80e+03 1.29e+04  1.33e+07     0s
   2   2.01523314e+11 -1.07847527e+12  4.32e+02 1.99e+03  2.28e+06     0s
   3   1.55472229e+10 -7.54986302e+11  3.39e+01 1.56e+02  2.54e+05     0s
   4   3.83660474e+09 -4.20761384e+11  8.64e+00 3.97e+01  8.98e+04     0s
   5   1.76940473e+09 -2.57081021e+11  3.98e+00 1.83e+01  4.77e+04     0s
   6   8.88003712e+08 -1.64821315e+11  1.74e+00 7.99e+00  2.78e+04     0s
   7   4.37936272e+08 -6.33593918e+10  4.93e-01 2.26e+00  9.61e+03     0s
   8   2.86921590e+08 -2.05328112e+10  1.05e-01 4.84e-01  2.90e+03     0s
   9   2.24129625e+08 -4.99744994e+09  2.07e-02 9.49e-02  6.99e+02     0s
  10   1.49208433e+08 -2.26341709e+09  4.15e-03 1.91e-02  3.14e+02     0s
  11   7.91625583e+07 -6.27103571e+08  6.20e-04 2.85e-03  9.04e+01     0s
  12   3.16975776e+07 -1.91632266e+08  1.68e-06 7.71e-06  2.82e+01     0s
  13   1.80846539e+07 -3.94945915e+07  2.64e-07 1.21e-06  7.27e+00     0s
  14   1.33701296e+07 -1.45875453e+06  4.46e-08 2.05e-07  1.87e+00     0s
  15   1.17831826e+07  6.60840818e+06  1.27e-08 5.82e-08  6.53e-01     0s
  16   1.11954040e+07  9.15486280e+06  6.27e-09 2.15e-08  2.57e-01     0s
  17   1.08840641e+07  1.02232831e+07  7.03e-09 1.57e-11  8.34e-02     0s
  18   1.07824918e+07  1.06065100e+07  7.69e-09 1.44e-11  2.22e-02     0s
  19   1.07508208e+07  1.07302165e+07  2.80e-08 1.48e-11  2.60e-03     0s
  20   1.07462283e+07  1.07451396e+07  2.79e-08 1.76e-11  1.37e-04     0s
  21   1.07459061e+07  1.07458364e+07  1.58e-07 3.12e-11  8.77e-06     0s
  22   1.07458891e+07  1.07458842e+07  3.00e-09 1.96e-11  6.22e-07     0s
  23   1.07458880e+07  1.07458874e+07  5.15e-10 1.34e-11  7.93e-08     0s
  24   1.07458878e+07  1.07458878e+07  7.89e-09 1.62e-11  4.24e-10     0s

Barrier solved model in 24 iterations and 0.10 seconds (0.05 work units)
Optimal objective 1.07458878e+07


User-callback calls 83, time in user-callback 0.00 sec
