This is Ipopt version 3.14.19, running with linear solver ma57.

Number of nonzeros in equality constraint Jacobian...:    13237
Number of nonzeros in inequality constraint Jacobian.:     3120
Number of nonzeros in Lagrangian Hessian.............:      454

Total number of variables............................:     5094
                     variables with only lower bounds:        0
                variables with lower and upper bounds:     3858
                     variables with only upper bounds:        0
Total number of equality constraints.................:     3582
Total number of inequality constraints...............:     1560
        inequality constraints with only lower bounds:        0
   inequality constraints with lower and upper bounds:     1560
        inequality constraints with only upper bounds:        0

iter    objective    inf_pr   inf_du lg(mu)  ||d||  lg(rg) alpha_du alpha_pr  ls
   0  1.3289959e+07 1.77e+01 8.10e+01  -1.0 0.00e+00    -  0.00e+00 0.00e+00   0
   1  1.3290792e+07 1.77e+01 8.08e+01  -1.0 1.54e+01    -  9.43e-03 1.81e-05f  1
   2  1.1251991e+07 1.75e+01 8.07e+01  -1.0 7.83e+01    -  9.78e-04 1.61e-02f  1
   3  1.0818975e+07 1.70e+01 7.99e+01  -1.0 9.59e+01    -  1.32e-02 2.53e-02f  1
   4  1.0138389e+07 1.62e+01 7.67e+01  -1.0 1.42e+01    -  4.09e-02 4.68e-02f  1
   5  8.2177755e+06 1.42e+01 6.30e+01  -1.0 1.37e+01  -4.0 1.91e-01 1.27e-01f  1
   6  3.5132865e+06 7.30e+00 4.81e+01  -1.0 1.70e+02    -  2.65e-01 4.84e-01f  1
   7  1.5608259e+06 8.26e-01 5.68e+00  -1.0 2.84e+01    -  8.83e-01 8.87e-01f  1
   8  1.5039094e+06 6.53e-07 7.03e-02  -1.0 7.82e+00    -  9.90e-01 1.00e+00f  1
   9  1.4933463e+06 8.06e-12 1.46e-11  -1.0 1.54e+00    -  1.00e+00 1.00e+00f  1
iter    objective    inf_pr   inf_du lg(mu)  ||d||  lg(rg) alpha_du alpha_pr  ls
  10  4.7068762e+05 1.36e-11 3.20e-02  -2.5 3.16e-01  -4.5 8.50e-01 1.00e+00f  1
  11  4.0416723e+05 9.78e-12 1.58e-02  -2.5 9.08e-01  -5.0 9.06e-01 1.00e+00f  1
  12  3.5660628e+05 1.51e-11 2.52e-02  -3.8 6.74e-01  -5.4 7.35e-01 1.00e+00f  1
  13  3.5113887e+05 7.21e-12 5.37e-03  -3.8 1.91e-01  -5.9 9.06e-01 1.00e+00f  1
  14  3.5004004e+05 1.18e-11 6.29e-09  -3.8 1.53e-02  -6.4 1.00e+00 1.00e+00f  1
  15  3.4785110e+05 1.69e-11 2.20e-03  -5.7 1.33e-02  -6.9 8.33e-01 9.92e-01f  1
  16  3.4780542e+05 1.46e-11 4.49e-10  -5.7 9.83e-03  -7.3 1.00e+00 1.00e+00f  1
  17  3.4779534e+05 1.40e-11 2.02e-14  -5.7 7.16e-02    -  1.00e+00 1.00e+00f  1
  18  3.4776688e+05 1.72e-11 9.55e-06  -8.6 3.12e-03  -7.8 9.91e-01 9.95e-01f  1
  19  3.4776600e+05 1.99e-11 8.37e-12  -8.6 1.65e-03  -8.3 1.00e+00 1.00e+00f  1
iter    objective    inf_pr   inf_du lg(mu)  ||d||  lg(rg) alpha_du alpha_pr  ls
  20  3.4776580e+05 1.56e-11 1.40e-12  -8.6 8.24e-04  -8.8 1.00e+00 1.00e+00f  1
  21  3.4776575e+05 9.33e-12 2.29e-13  -8.6 4.05e-04  -9.2 1.00e+00 1.00e+00h  1
  22  3.4776574e+05 1.71e-11 3.58e-14  -8.6 1.90e-04  -9.7 1.00e+00 1.00e+00h  1

Number of Iterations....: 22

                                   (scaled)                 (unscaled)
Objective...............:   3.4776573686636304e+01    3.4776573686636303e+05
Dual infeasibility......:   3.5812691741768411e-14    3.5812691741768411e-10
Constraint violation....:   2.2138374150700715e-12    1.7118750861300214e-11
Variable bound violation:   1.4684602334114061e-07    1.4684602334114061e-07
Complementarity.........:   8.9604575338996572e-09    8.9604575338996569e-05
Overall NLP error.......:   8.9604575338996572e-09    8.9604575338996569e-05


Number of objective function evaluations             = 23
Number of objective gradient evaluations             = 23
Number of equality constraint evaluations            = 23
Number of inequality constraint evaluations          = 23
Number of equality constraint Jacobian evaluations   = 1
Number of inequality constraint Jacobian evaluations = 1
Number of Lagrangian Hessian evaluations             = 1
Total seconds in IPOPT                               = 0.129

EXIT: Optimal Solution Found.

Gurobi 13.0.2 (win64) logging started Wed Jul 15 11:53:28 2026

Set parameter LogFile to value "C:\Users\ehsanno\DataspellProjects\Spanish_Power_System\results\GoRES\ipopt_logs\2024-12-02_h03.log"

Gurobi 13.0.2 (win64) logging started Wed Jul 15 11:53:28 2026

Set parameter LogFile to value "C:\Users\ehsanno\DataspellProjects\Spanish_Power_System\results\GoRES\ipopt_logs\2024-12-02_h03.log"
Gurobi Optimizer version 13.0.2 build v13.0.2rc1 (win64 - Windows 11+.0 (26200.2))

CPU model: 11th Gen Intel(R) Core(TM) i5-1145G7 @ 2.60GHz, instruction set [SSE2|AVX|AVX2|AVX512]
Thread count: 4 physical cores, 8 logical processors, using up to 8 threads

Non-default parameters:
LogToConsole  0

Optimize a model with 5142 rows, 7197 columns and 18460 nonzeros (Min)
Model fingerprint: 0xce4068d3
Model has 2031 linear objective coefficients and an objective constant of 1.5473108815571196e+07
Model has 973 quadratic objective terms
Coefficient statistics:
  Matrix range     [1e+00, 1e+04]
  Objective range  [4e-01, 1e+06]
  QObjective range [2e+04, 2e+04]
  Bounds range     [2e-06, 1e+04]
  RHS range        [2e-06, 8e+00]

Presolve removed 3698 rows and 4648 columns
Presolve time: 0.01s
Presolved: 1444 rows, 2549 columns, 8480 nonzeros
Presolved model has 454 quadratic objective terms
Ordering time: 0.00s

Barrier statistics:
 AA' NZ     : 1.783e+04
 Factor NZ  : 4.733e+04 (roughly 2 MB of memory)
 Factor Ops : 1.969e+06 (less than 1 second per iteration)
 Threads    : 1

                  Objective                Residual
Iter       Primal          Dual         Primal    Dual     Compl     Time
   0   5.62124826e+12 -5.30792923e+11  7.25e+03 7.18e+03  7.17e+06     0s
   1   1.61507778e+12 -2.39747346e+11  2.15e+03 2.13e+03  2.16e+06     0s
   2   1.96446943e+11 -1.99337345e+11  2.65e+02 2.62e+02  3.14e+05     0s
   3   2.76994852e+10 -1.15866350e+11  3.81e+01 3.77e+01  5.77e+04     0s
   4   1.67445521e+10 -8.75682481e+10  2.33e+01 2.31e+01  3.69e+04     0s
   5   1.44121847e+09 -4.03501171e+10  2.60e+00 2.58e+00  1.00e+04     0s
   6   6.45138482e+08 -2.39607755e+10  1.10e+00 1.09e+00  5.76e+03     0s
   7   2.79813398e+08 -9.37672877e+09  3.33e-01 3.30e-01  2.11e+03     0s
   8   1.38002607e+08 -5.04550850e+09  9.23e-02 9.14e-02  1.09e+03     0s
   9   8.69314144e+07 -1.59467402e+09  2.77e-02 2.75e-02  3.41e+02     0s
  10   4.53981475e+07 -5.21765976e+08  3.60e-03 3.57e-03  1.12e+02     0s
  11   1.07515451e+07 -7.02866717e+07  4.37e-05 4.33e-05  1.58e+01     0s
  12   1.98151192e+06 -7.93854977e+06  4.23e-06 4.20e-06  1.94e+00     0s
  13   5.89097953e+05 -4.90313196e+05  2.53e-07 2.50e-07  2.11e-01     0s
  14   3.92108446e+05  2.40597741e+05  2.56e-08 2.54e-08  2.96e-02     0s
  15   3.52886820e+05  3.39058376e+05  1.19e-07 1.15e-09  2.70e-03     0s
  16   3.48008931e+05  3.47391235e+05  2.16e-07 2.44e-11  1.21e-04     0s
  17   3.47803979e+05  3.47745982e+05  1.49e-08 1.30e-11  1.13e-05     0s
  18   3.47780166e+05  3.47771970e+05  8.40e-09 4.62e-12  1.60e-06     0s
  19   3.47779962e+05  3.47772118e+05  5.07e-07 5.01e-12  1.55e-06     0s
  20   3.47776786e+05  3.47775687e+05  1.91e-08 5.48e-12  2.15e-07     0s
  21   3.47776841e+05  3.47775688e+05  2.40e-07 4.78e-12  2.15e-07     0s
  22   3.47776590e+05  3.47775638e+05  3.75e-07 4.69e-11  1.99e-07     0s
  23   3.47776268e+05  3.47776207e+05  8.97e-08 6.16e-12  1.82e-08     0s
  24   3.47776124e+05  3.47776208e+05  3.35e-07 6.53e-12  1.81e-08     0s
  25   3.47775930e+05  3.47776208e+05  4.23e-07 1.22e-11  1.79e-08     0s
  26   3.47775787e+05  3.47776221e+05  9.29e-07 7.91e-12  1.25e-08     0s
  27   3.47775066e+05  3.47776222e+05  1.80e-06 2.79e-12  1.19e-08     0s
  28   3.47774184e+05  3.47776238e+05  2.67e-06 1.07e-11  5.24e-09     0s
  29   3.47776081e+05  3.47776250e+05  2.27e-06 5.22e-12  7.12e-10     0s
  30   3.47776286e+05  3.47776250e+05  1.24e-06 4.52e-12  6.69e-10     0s
  31   3.47775891e+05  3.47776251e+05  7.07e-07 7.41e-12  7.29e-11     0s
  32   3.47776103e+05  3.47776251e+05  3.27e-07 1.17e-11  9.27e-12     0s
  33   3.47776206e+05  3.47776251e+05  1.96e-07 9.97e-12  1.31e-12     0s

Barrier solved model in 33 iterations and 0.11 seconds (0.08 work units)
Optimal objective 3.47776206e+05


User-callback calls 92, time in user-callback 0.00 sec

Gurobi 13.0.2 (win64) logging started Wed Jul 15 12:00:45 2026

Set parameter LogFile to value "C:\Users\ehsanno\DataspellProjects\Spanish_Power_System\results\GoRES\ipopt_logs\2024-12-02_h03.log"

Gurobi 13.0.2 (win64) logging started Wed Jul 15 12:00:45 2026

Set parameter LogFile to value "C:\Users\ehsanno\DataspellProjects\Spanish_Power_System\results\GoRES\ipopt_logs\2024-12-02_h03.log"
Gurobi Optimizer version 13.0.2 build v13.0.2rc1 (win64 - Windows 11+.0 (26200.2))

CPU model: 11th Gen Intel(R) Core(TM) i5-1145G7 @ 2.60GHz, instruction set [SSE2|AVX|AVX2|AVX512]
Thread count: 4 physical cores, 8 logical processors, using up to 8 threads

Non-default parameters:
LogToConsole  0

Optimize a model with 5142 rows, 7197 columns and 18460 nonzeros (Min)
Model fingerprint: 0xce4068d3
Model has 2031 linear objective coefficients and an objective constant of 1.5473108815571196e+07
Model has 973 quadratic objective terms
Coefficient statistics:
  Matrix range     [1e+00, 1e+04]
  Objective range  [4e-01, 1e+06]
  QObjective range [2e+04, 2e+04]
  Bounds range     [2e-06, 1e+04]
  RHS range        [2e-06, 8e+00]

Presolve removed 3698 rows and 4648 columns
Presolve time: 0.01s
Presolved: 1444 rows, 2549 columns, 8480 nonzeros
Presolved model has 454 quadratic objective terms
Ordering time: 0.00s

Barrier statistics:
 AA' NZ     : 1.783e+04
 Factor NZ  : 4.733e+04 (roughly 2 MB of memory)
 Factor Ops : 1.969e+06 (less than 1 second per iteration)
 Threads    : 1

                  Objective                Residual
Iter       Primal          Dual         Primal    Dual     Compl     Time
   0   5.62124826e+12 -5.30792923e+11  7.25e+03 7.18e+03  7.17e+06     0s
   1   1.61507778e+12 -2.39747346e+11  2.15e+03 2.13e+03  2.16e+06     0s
   2   1.96446943e+11 -1.99337345e+11  2.65e+02 2.62e+02  3.14e+05     0s
   3   2.76994852e+10 -1.15866350e+11  3.81e+01 3.77e+01  5.77e+04     0s
   4   1.67445521e+10 -8.75682481e+10  2.33e+01 2.31e+01  3.69e+04     0s
   5   1.44121847e+09 -4.03501171e+10  2.60e+00 2.58e+00  1.00e+04     0s
   6   6.45138482e+08 -2.39607755e+10  1.10e+00 1.09e+00  5.76e+03     0s
   7   2.79813398e+08 -9.37672877e+09  3.33e-01 3.30e-01  2.11e+03     0s
   8   1.38002607e+08 -5.04550850e+09  9.23e-02 9.14e-02  1.09e+03     0s
   9   8.69314144e+07 -1.59467402e+09  2.77e-02 2.75e-02  3.41e+02     0s
  10   4.53981475e+07 -5.21765976e+08  3.60e-03 3.57e-03  1.12e+02     0s
  11   1.07515451e+07 -7.02866717e+07  4.37e-05 4.33e-05  1.58e+01     0s
  12   1.98151192e+06 -7.93854977e+06  4.23e-06 4.20e-06  1.94e+00     0s
  13   5.89097953e+05 -4.90313196e+05  2.53e-07 2.50e-07  2.11e-01     0s
  14   3.92108446e+05  2.40597741e+05  2.56e-08 2.54e-08  2.96e-02     0s
  15   3.52886820e+05  3.39058376e+05  1.19e-07 1.15e-09  2.70e-03     0s
  16   3.48008931e+05  3.47391235e+05  2.16e-07 2.44e-11  1.21e-04     0s
  17   3.47803979e+05  3.47745982e+05  1.49e-08 1.30e-11  1.13e-05     0s
  18   3.47780166e+05  3.47771970e+05  8.40e-09 4.62e-12  1.60e-06     0s
  19   3.47779962e+05  3.47772118e+05  5.07e-07 5.01e-12  1.55e-06     0s
  20   3.47776786e+05  3.47775687e+05  1.91e-08 5.48e-12  2.15e-07     0s
  21   3.47776841e+05  3.47775688e+05  2.40e-07 4.78e-12  2.15e-07     0s
  22   3.47776590e+05  3.47775638e+05  3.75e-07 4.69e-11  1.99e-07     0s
  23   3.47776268e+05  3.47776207e+05  8.97e-08 6.16e-12  1.82e-08     0s
  24   3.47776124e+05  3.47776208e+05  3.35e-07 6.53e-12  1.81e-08     0s
  25   3.47775930e+05  3.47776208e+05  4.23e-07 1.22e-11  1.79e-08     0s
  26   3.47775787e+05  3.47776221e+05  9.29e-07 7.91e-12  1.25e-08     0s
  27   3.47775066e+05  3.47776222e+05  1.80e-06 2.79e-12  1.19e-08     0s
  28   3.47774184e+05  3.47776238e+05  2.67e-06 1.07e-11  5.24e-09     0s
  29   3.47776081e+05  3.47776250e+05  2.27e-06 5.22e-12  7.12e-10     0s
  30   3.47776286e+05  3.47776250e+05  1.24e-06 4.52e-12  6.69e-10     0s
  31   3.47775891e+05  3.47776251e+05  7.07e-07 7.41e-12  7.29e-11     0s
  32   3.47776103e+05  3.47776251e+05  3.27e-07 1.17e-11  9.27e-12     0s
  33   3.47776206e+05  3.47776251e+05  1.96e-07 9.97e-12  1.31e-12     0s

Barrier solved model in 33 iterations and 0.08 seconds (0.08 work units)
Optimal objective 3.47776206e+05


User-callback calls 87, time in user-callback 0.00 sec

Gurobi 13.0.2 (win64) logging started Wed Jul 15 12:16:02 2026

Set parameter LogFile to value "C:\Users\ehsanno\DataspellProjects\Spanish_Power_System\results\GoRES\ipopt_logs\2024-12-02_h03.log"

Gurobi 13.0.2 (win64) logging started Wed Jul 15 12:16:02 2026

Set parameter LogFile to value "C:\Users\ehsanno\DataspellProjects\Spanish_Power_System\results\GoRES\ipopt_logs\2024-12-02_h03.log"
Gurobi Optimizer version 13.0.2 build v13.0.2rc1 (win64 - Windows 11+.0 (26200.2))

CPU model: 11th Gen Intel(R) Core(TM) i5-1145G7 @ 2.60GHz, instruction set [SSE2|AVX|AVX2|AVX512]
Thread count: 4 physical cores, 8 logical processors, using up to 8 threads

Non-default parameters:
LogToConsole  0

Optimize a model with 5142 rows, 7197 columns and 18460 nonzeros (Min)
Model fingerprint: 0xce4068d3
Model has 2031 linear objective coefficients and an objective constant of 1.5473108815571196e+07
Model has 973 quadratic objective terms
Coefficient statistics:
  Matrix range     [1e+00, 1e+04]
  Objective range  [4e-01, 1e+06]
  QObjective range [2e+04, 2e+04]
  Bounds range     [2e-06, 1e+04]
  RHS range        [2e-06, 8e+00]

Presolve removed 3698 rows and 4648 columns
Presolve time: 0.01s
Presolved: 1444 rows, 2549 columns, 8480 nonzeros
Presolved model has 454 quadratic objective terms
Ordering time: 0.00s

Barrier statistics:
 AA' NZ     : 1.783e+04
 Factor NZ  : 4.733e+04 (roughly 2 MB of memory)
 Factor Ops : 1.969e+06 (less than 1 second per iteration)
 Threads    : 1

                  Objective                Residual
Iter       Primal          Dual         Primal    Dual     Compl     Time
   0   5.62124826e+12 -5.30792923e+11  7.25e+03 7.18e+03  7.17e+06     0s
   1   1.61507778e+12 -2.39747346e+11  2.15e+03 2.13e+03  2.16e+06     0s
   2   1.96446943e+11 -1.99337345e+11  2.65e+02 2.62e+02  3.14e+05     0s
   3   2.76994852e+10 -1.15866350e+11  3.81e+01 3.77e+01  5.77e+04     0s
   4   1.67445521e+10 -8.75682481e+10  2.33e+01 2.31e+01  3.69e+04     0s
   5   1.44121847e+09 -4.03501171e+10  2.60e+00 2.58e+00  1.00e+04     0s
   6   6.45138482e+08 -2.39607755e+10  1.10e+00 1.09e+00  5.76e+03     0s
   7   2.79813398e+08 -9.37672877e+09  3.33e-01 3.30e-01  2.11e+03     0s
   8   1.38002607e+08 -5.04550850e+09  9.23e-02 9.14e-02  1.09e+03     0s
   9   8.69314144e+07 -1.59467402e+09  2.77e-02 2.75e-02  3.41e+02     0s
  10   4.53981475e+07 -5.21765976e+08  3.60e-03 3.57e-03  1.12e+02     0s
  11   1.07515451e+07 -7.02866717e+07  4.37e-05 4.33e-05  1.58e+01     0s
  12   1.98151192e+06 -7.93854977e+06  4.23e-06 4.20e-06  1.94e+00     0s
  13   5.89097953e+05 -4.90313196e+05  2.53e-07 2.50e-07  2.11e-01     0s
  14   3.92108446e+05  2.40597741e+05  2.56e-08 2.54e-08  2.96e-02     0s
  15   3.52886820e+05  3.39058376e+05  1.19e-07 1.15e-09  2.70e-03     0s
  16   3.48008931e+05  3.47391235e+05  2.16e-07 2.44e-11  1.21e-04     0s
  17   3.47803979e+05  3.47745982e+05  1.49e-08 1.30e-11  1.13e-05     0s
  18   3.47780166e+05  3.47771970e+05  8.40e-09 4.62e-12  1.60e-06     0s
  19   3.47779962e+05  3.47772118e+05  5.07e-07 5.01e-12  1.55e-06     0s
  20   3.47776786e+05  3.47775687e+05  1.91e-08 5.48e-12  2.15e-07     0s
  21   3.47776841e+05  3.47775688e+05  2.40e-07 4.78e-12  2.15e-07     0s
  22   3.47776590e+05  3.47775638e+05  3.75e-07 4.69e-11  1.99e-07     0s
  23   3.47776268e+05  3.47776207e+05  8.97e-08 6.16e-12  1.82e-08     0s
  24   3.47776124e+05  3.47776208e+05  3.35e-07 6.53e-12  1.81e-08     0s
  25   3.47775930e+05  3.47776208e+05  4.23e-07 1.22e-11  1.79e-08     0s
  26   3.47775787e+05  3.47776221e+05  9.29e-07 7.91e-12  1.25e-08     0s
  27   3.47775066e+05  3.47776222e+05  1.80e-06 2.79e-12  1.19e-08     0s
  28   3.47774184e+05  3.47776238e+05  2.67e-06 1.07e-11  5.24e-09     0s
  29   3.47776081e+05  3.47776250e+05  2.27e-06 5.22e-12  7.12e-10     0s
  30   3.47776286e+05  3.47776250e+05  1.24e-06 4.52e-12  6.69e-10     0s
  31   3.47775891e+05  3.47776251e+05  7.07e-07 7.41e-12  7.29e-11     0s
  32   3.47776103e+05  3.47776251e+05  3.27e-07 1.17e-11  9.27e-12     0s
  33   3.47776206e+05  3.47776251e+05  1.96e-07 9.97e-12  1.31e-12     0s

Barrier solved model in 33 iterations and 0.08 seconds (0.08 work units)
Optimal objective 3.47776206e+05


User-callback calls 85, time in user-callback 0.00 sec

Gurobi 13.0.2 (win64) logging started Wed Jul 15 12:32:15 2026

Set parameter LogFile to value "C:\Users\ehsanno\DataspellProjects\Spanish_Power_System\results\GoRES\ipopt_logs\2024-12-02_h03.log"

Gurobi 13.0.2 (win64) logging started Wed Jul 15 12:32:15 2026

Set parameter LogFile to value "C:\Users\ehsanno\DataspellProjects\Spanish_Power_System\results\GoRES\ipopt_logs\2024-12-02_h03.log"
Gurobi Optimizer version 13.0.2 build v13.0.2rc1 (win64 - Windows 11+.0 (26200.2))

CPU model: 11th Gen Intel(R) Core(TM) i5-1145G7 @ 2.60GHz, instruction set [SSE2|AVX|AVX2|AVX512]
Thread count: 4 physical cores, 8 logical processors, using up to 8 threads

Non-default parameters:
LogToConsole  0

Optimize a model with 5142 rows, 7197 columns and 18460 nonzeros (Min)
Model fingerprint: 0xe486827e
Model has 2031 linear objective coefficients and an objective constant of 1.5473123892240010e+07
Model has 973 quadratic objective terms
Coefficient statistics:
  Matrix range     [1e+00, 1e+04]
  Objective range  [4e-01, 1e+06]
  QObjective range [2e+04, 2e+04]
  Bounds range     [2e-06, 1e+04]
  RHS range        [2e-06, 8e+00]

Presolve removed 3698 rows and 4648 columns
Presolve time: 0.02s
Presolved: 1444 rows, 2549 columns, 8480 nonzeros
Presolved model has 454 quadratic objective terms
Ordering time: 0.00s

Barrier statistics:
 AA' NZ     : 1.783e+04
 Factor NZ  : 4.733e+04 (roughly 2 MB of memory)
 Factor Ops : 1.969e+06 (less than 1 second per iteration)
 Threads    : 1

                  Objective                Residual
Iter       Primal          Dual         Primal    Dual     Compl     Time
   0   5.62124826e+12 -5.30792923e+11  7.25e+03 7.18e+03  7.17e+06     0s
   1   1.61507778e+12 -2.39747346e+11  2.15e+03 2.13e+03  2.16e+06     0s
   2   1.96446944e+11 -1.99337345e+11  2.65e+02 2.62e+02  3.14e+05     0s
   3   2.76994768e+10 -1.15866346e+11  3.81e+01 3.77e+01  5.77e+04     0s
   4   1.67445484e+10 -8.75682462e+10  2.33e+01 2.31e+01  3.69e+04     0s
   5   1.44121906e+09 -4.03501156e+10  2.60e+00 2.58e+00  1.00e+04     0s
   6   6.45138321e+08 -2.39607674e+10  1.10e+00 1.09e+00  5.76e+03     0s
   7   2.79813096e+08 -9.37671469e+09  3.33e-01 3.30e-01  2.11e+03     0s
   8   1.38002360e+08 -5.04549269e+09  9.23e-02 9.14e-02  1.09e+03     0s
   9   8.69313467e+07 -1.59467015e+09  2.77e-02 2.75e-02  3.41e+02     0s
  10   4.53980708e+07 -5.21763599e+08  3.60e-03 3.57e-03  1.12e+02     0s
  11   1.07514926e+07 -7.02861992e+07  4.37e-05 4.33e-05  1.58e+01     0s
  12   1.98151249e+06 -7.93855226e+06  4.23e-06 4.20e-06  1.94e+00     0s
  13   5.89104370e+05 -4.90342657e+05  2.53e-07 2.50e-07  2.11e-01     0s
  14   3.92110307e+05  2.40595235e+05  4.16e-08 2.54e-08  2.96e-02     0s
  15   3.52887999e+05  3.39057943e+05  8.92e-08 1.15e-09  2.70e-03     0s
  16   3.48009644e+05  3.47391961e+05  1.80e-07 2.44e-11  1.21e-04     0s
  17   3.47804692e+05  3.47746690e+05  2.74e-09 8.91e-12  1.13e-05     0s
  18   3.47780871e+05  3.47772673e+05  6.61e-09 1.16e-11  1.60e-06     0s
  19   3.47777467e+05  3.47776367e+05  2.43e-07 7.31e-12  2.24e-07     0s
  20   3.47776948e+05  3.47776873e+05  3.80e-07 5.49e-12  3.14e-08     0s
  21   3.47776923e+05  3.47776873e+05  3.62e-07 5.38e-12  3.14e-08     0s
  22   3.47776720e+05  3.47776873e+05  1.08e-06 4.82e-12  3.13e-08     0s
  23   3.47776579e+05  3.47776833e+05  7.35e-07 7.73e-11  3.13e-08     0s
  24   3.47776706e+05  3.47776834e+05  6.67e-07 6.72e-12  3.10e-08     0s
  25   3.47776585e+05  3.47776837e+05  1.15e-06 4.87e-12  3.04e-08     0s
  26   3.47776798e+05  3.47776951e+05  4.15e-07 3.57e-12  6.15e-10     0s
  27   3.47776651e+05  3.47776951e+05  6.74e-07 4.47e-12  5.80e-10     0s
  28   3.47776682e+05  3.47776952e+05  8.05e-07 1.13e-11  1.65e-10     0s
  29   3.47776754e+05  3.47776952e+05  3.29e-07 6.38e-12  1.63e-11     0s
  30   3.47776791e+05  3.47776952e+05  4.84e-07 5.10e-12  1.16e-12     0s
  31   3.47776915e+05  3.47776952e+05  9.02e-08 7.96e-12  2.38e-14     0s

Barrier solved model in 31 iterations and 0.10 seconds (0.07 work units)
Optimal objective 3.47776915e+05


User-callback calls 89, time in user-callback 0.00 sec

Gurobi 13.0.2 (win64) logging started Wed Jul 15 14:22:06 2026

Set parameter LogFile to value "C:\Users\ehsanno\DataspellProjects\Spanish_Power_System\results\GoRES\ipopt_logs\2024-12-02_h03.log"

Gurobi 13.0.2 (win64) logging started Wed Jul 15 14:22:06 2026

Set parameter LogFile to value "C:\Users\ehsanno\DataspellProjects\Spanish_Power_System\results\GoRES\ipopt_logs\2024-12-02_h03.log"
Gurobi Optimizer version 13.0.2 build v13.0.2rc1 (win64 - Windows 11+.0 (26200.2))

CPU model: 11th Gen Intel(R) Core(TM) i5-1145G7 @ 2.60GHz, instruction set [SSE2|AVX|AVX2|AVX512]
Thread count: 4 physical cores, 8 logical processors, using up to 8 threads

Non-default parameters:
LogToConsole  0

Optimize a model with 5142 rows, 7197 columns and 18460 nonzeros (Min)
Model fingerprint: 0x738a086c
Model has 2031 linear objective coefficients and an objective constant of 1.3818169863419898e+07
Model has 973 quadratic objective terms
Coefficient statistics:
  Matrix range     [1e+00, 1e+04]
  Objective range  [4e-01, 1e+06]
  QObjective range [2e+04, 2e+04]
  Bounds range     [2e-06, 1e+04]
  RHS range        [2e-06, 8e+00]

Presolve removed 3696 rows and 4647 columns
Presolve time: 0.01s
Presolved: 1446 rows, 2550 columns, 8488 nonzeros
Presolved model has 454 quadratic objective terms
Ordering time: 0.00s

Barrier statistics:
 AA' NZ     : 1.784e+04
 Factor NZ  : 4.940e+04 (roughly 2 MB of memory)
 Factor Ops : 2.186e+06 (less than 1 second per iteration)
 Threads    : 1

                  Objective                Residual
Iter       Primal          Dual         Primal    Dual     Compl     Time
   0   5.62338832e+12 -5.31049198e+11  7.25e+03 7.18e+03  7.17e+06     0s
   1   1.61603550e+12 -2.39961191e+11  2.15e+03 2.13e+03  2.16e+06     0s
   2   1.96893662e+11 -1.99644982e+11  2.65e+02 2.63e+02  3.15e+05     0s
   3   2.67676124e+10 -1.15834953e+11  3.68e+01 3.65e+01  5.66e+04     0s
   4   1.62860194e+10 -8.76780384e+10  2.28e+01 2.26e+01  3.64e+04     0s
   5   1.50815117e+09 -4.05969766e+10  2.75e+00 2.72e+00  1.02e+04     0s
   6   7.10757724e+08 -2.66699849e+10  1.43e+00 1.42e+00  6.50e+03     0s
   7   2.95608547e+08 -1.11704726e+10  4.15e-01 4.11e-01  2.53e+03     0s
   8   1.73255562e+08 -7.71658731e+09  2.07e-01 2.05e-01  1.72e+03     0s
   9   7.10062417e+07 -7.25487608e+08  1.54e-02 1.52e-02  1.61e+02     0s
  10   4.16450003e+07 -3.97345280e+08  4.54e-03 4.50e-03  8.71e+01     0s
  11   1.59851416e+07 -1.46554629e+08  5.27e-04 5.22e-04  3.18e+01     0s
  12   3.48653601e+06 -2.00374331e+07  5.34e-05 5.29e-05  4.60e+00     0s
  13   8.56703021e+05 -2.87461351e+06  6.45e-06 6.39e-06  7.29e-01     0s
  14   3.66367877e+05 -2.40751357e+05  2.90e-07 2.87e-07  1.19e-01     0s
  15   2.48238130e+05  1.72714068e+05  2.64e-08 2.61e-08  1.48e-02     0s
  16   2.25776255e+05  2.21914506e+05  4.97e-08 1.06e-11  7.54e-04     0s
  17   2.24459070e+05  2.24316023e+05  3.22e-06 1.55e-11  2.80e-05     0s
  18   2.24399615e+05  2.24379043e+05  8.03e-05 9.47e-12  3.93e-06     0s
  19   2.24281188e+05  2.24386927e+05  6.41e-04 1.72e-11  4.32e-07     0s
  20   2.24370695e+05  2.24389502e+05  4.69e-05 4.13e-12  6.09e-08     0s
  21   2.24353640e+05  2.24389499e+05  6.71e-05 1.05e-11  3.06e-08     0s
  22   2.24345507e+05  2.24389457e+05  1.08e-04 6.36e-12  2.48e-08     0s
  23   2.24384266e+05  2.24389727e+05  3.59e-05 8.79e-12  3.29e-09     0s
  24   2.24385023e+05  2.24389737e+05  1.90e-05 1.28e-11  3.95e-10     0s
  25   2.24384050e+05  2.24389736e+05  1.25e-05 1.18e-11  3.03e-10     0s
  26   2.24385500e+05  2.24389739e+05  7.60e-06 4.80e-12  2.13e-11     0s
  27   2.24386171e+05  2.24389739e+05  1.39e-05 4.02e-12  2.70e-12     0s
  28   2.24389373e+05  2.24389740e+05  6.56e-06 1.10e-11  2.14e-13     0s
  29   2.24389584e+05  2.24389740e+05  6.47e-07 5.13e-12  2.65e-14     0s
  30   2.24389705e+05  2.24389740e+05  3.31e-07 1.52e-11  3.49e-15     0s
  31   2.24389723e+05  2.24389740e+05  8.40e-08 1.83e-12  4.86e-16     0s

Barrier solved model in 31 iterations and 0.09 seconds (0.06 work units)
Optimal objective 2.24389723e+05


User-callback calls 83, time in user-callback 0.00 sec

Gurobi 13.0.2 (win64) logging started Wed Jul 15 14:28:09 2026

Set parameter LogFile to value "C:\Users\ehsanno\DataspellProjects\Spanish_Power_System\results\GoRES\ipopt_logs\2024-12-02_h03.log"

Gurobi 13.0.2 (win64) logging started Wed Jul 15 14:28:09 2026

Set parameter LogFile to value "C:\Users\ehsanno\DataspellProjects\Spanish_Power_System\results\GoRES\ipopt_logs\2024-12-02_h03.log"
Gurobi Optimizer version 13.0.2 build v13.0.2rc1 (win64 - Windows 11+.0 (26200.2))

CPU model: 11th Gen Intel(R) Core(TM) i5-1145G7 @ 2.60GHz, instruction set [SSE2|AVX|AVX2|AVX512]
Thread count: 4 physical cores, 8 logical processors, using up to 8 threads

Non-default parameters:
LogToConsole  0

Optimize a model with 5142 rows, 7197 columns and 18460 nonzeros (Min)
Model fingerprint: 0x61b00919
Model has 2031 linear objective coefficients and an objective constant of 1.3818169863419898e+07
Model has 973 quadratic objective terms
Coefficient statistics:
  Matrix range     [1e+00, 1e+04]
  Objective range  [4e-01, 1e+06]
  QObjective range [2e+04, 2e+04]
  Bounds range     [2e-06, 1e+04]
  RHS range        [2e-06, 8e+00]

Presolve removed 3691 rows and 4639 columns
Presolve time: 0.01s
Presolved: 1451 rows, 2558 columns, 8431 nonzeros
Presolved model has 454 quadratic objective terms
Ordering time: 0.00s

Barrier statistics:
 AA' NZ     : 1.769e+04
 Factor NZ  : 4.856e+04 (roughly 2 MB of memory)
 Factor Ops : 2.115e+06 (less than 1 second per iteration)
 Threads    : 1

                  Objective                Residual
Iter       Primal          Dual         Primal    Dual     Compl     Time
   0   3.92314684e+12 -3.03541572e+11  6.13e+03 4.09e+03  4.07e+06     0s
   1   1.14046541e+12 -7.95412775e+10  1.86e+03 1.24e+03  1.25e+06     0s
   2   1.49198121e+11 -5.93010478e+10  2.47e+02 1.65e+02  1.94e+05     0s
   3   7.22372977e+09 -4.04896612e+10  1.23e+01 8.25e+00  1.60e+04     0s
   4   1.54751864e+09 -2.10664624e+10  2.90e+00 1.94e+00  5.74e+03     0s
   5   4.76709458e+08 -9.97960324e+09  1.01e+00 6.73e-01  2.45e+03     0s
   6   2.79306016e+08 -6.90779368e+09  4.13e-01 2.76e-01  1.61e+03     0s
   7   1.94477528e+08 -5.25702157e+09  2.50e-01 1.67e-01  1.20e+03     0s
   8   1.22079611e+08 -2.50779813e+09  1.05e-01 7.01e-02  5.55e+02     0s
   9   1.15778430e+08 -2.32758708e+09  9.41e-02 6.29e-02  5.18e+02     0s
  10   1.07839830e+08 -2.00760512e+09  8.12e-02 5.43e-02  4.48e+02     0s
  11   9.98438420e+07 -1.67040150e+09  6.81e-02 4.55e-02  3.76e+02     0s
  12   9.27051568e+07 -1.37013912e+09  5.74e-02 3.83e-02  3.18e+02     0s
  13   8.90612886e+07 -1.16661908e+09  4.89e-02 3.27e-02  2.90e+02     0s
  14   8.69325844e+07 -1.03586289e+09  4.47e-02 2.99e-02  2.65e+02     0s
  15   8.47861692e+07 -9.34355039e+08  4.18e-02 2.79e-02  2.48e+02     0s
  16   7.96045455e+07 -6.66357600e+08  3.57e-02 2.38e-02  2.11e+02     0s
  17   7.89845794e+07 -3.71789060e+08  3.24e-02 2.17e-02  1.93e+02     0s
  18   7.94972102e+07 -2.54807306e+08  3.15e-02 2.11e-02  1.87e+02     0s
  19   8.03191178e+07 -1.45560157e+08  3.08e-02 2.06e-02  1.82e+02     0s
  20   8.38517340e+07  2.85847102e+08  2.94e-02 1.96e-02  1.74e+02     0s
  21   8.81507029e+07  6.86055237e+08  2.85e-02 1.90e-02  1.69e+02     0s
  22   9.17222159e+07  1.45206240e+09  2.77e-02 1.85e-02  1.66e+02     0s
  23   9.35770640e+07  2.27965790e+09  2.72e-02 1.82e-02  1.61e+02     0s
  24   9.41867293e+07  3.60415859e+09  2.68e-02 1.79e-02  1.57e+02     0s
  25   9.39916500e+07  5.09097431e+09  2.67e-02 1.78e-02  1.57e+02     0s
  26   9.40918607e+07  7.80351582e+09  2.65e-02 1.77e-02  1.56e+02     0s
  27   9.39636237e+07  1.11484307e+10  2.64e-02 3.21e-03  1.58e+02     0s
  28   5.96611762e+13 -2.28962481e+13  6.13e+04 1.00e+04  9.92e+07     0s
  29   1.68474960e+13 -3.34394653e+12  2.27e+04 3.71e+03  4.61e+07     0s
  30   9.34687812e+10 -1.96616154e+11  1.55e+02 2.53e+01  4.01e+05     0s
  31   6.77082989e+09 -1.55059148e+11  1.14e+01 1.87e+00  5.97e+04     0s
  32   1.20021081e+09 -6.89665295e+10  2.19e+00 3.57e-01  1.81e+04     0s
  33   4.12883049e+08 -3.55378415e+10  7.77e-01 1.27e-01  8.38e+03     0s
  34   2.55921399e+08 -2.20591466e+10  4.08e-01 6.67e-02  5.00e+03     0s
  35   1.60504719e+08 -1.45498800e+10  1.47e-01 2.40e-02  3.15e+03     0s
  36   1.44835415e+08 -1.18953186e+10  1.10e-01 1.80e-02  2.55e+03     0s
  37   1.34861416e+08 -9.83348345e+09  9.05e-02 1.48e-02  2.10e+03     0s
  38   1.29983036e+08 -8.78929808e+09  8.08e-02 1.32e-02  1.88e+03     0s
  39   1.25099380e+08 -7.77789941e+09  6.82e-02 1.11e-02  1.68e+03     0s
  40   1.21151454e+08 -6.66941540e+09  5.64e-02 9.20e-03  1.48e+03     0s
  41   1.17508167e+08 -5.44407452e+09  4.74e-02 7.74e-03  1.24e+03     0s
  42   1.05890434e+08 -4.34412148e+09  3.98e-02 6.49e-03  1.12e+03     0s
  43   1.02682606e+08 -3.25426012e+09  3.47e-02 5.67e-03  1.04e+03     0s
  44   1.02065227e+08 -3.00001858e+09  3.40e-02 5.55e-03  1.01e+03     0s
  45   1.01345403e+08 -2.72378982e+09  3.34e-02 5.45e-03  9.95e+02     0s
  46   1.00116241e+08 -2.25749191e+09  3.22e-02 5.25e-03  9.58e+02     0s
  47   9.98059470e+07 -1.61891881e+09  3.11e-02 5.07e-03  9.23e+02     0s
  48   9.92358011e+07 -7.15513633e+08  3.01e-02 4.91e-03  8.89e+02     0s
  49   9.93288408e+07  3.29731680e+08  2.92e-02 4.77e-03  8.61e+02     0s
  50   1.00002243e+08  3.14496244e+09  2.77e-02 4.52e-03  7.92e+02     0s
  51   1.00252540e+08  7.42956965e+09  2.69e-02 4.40e-03  7.54e+02     0s
  52   1.00172070e+08  1.01950886e+10  2.68e-02 4.37e-03  7.51e+02     0s
  53   9.97326618e+07  1.59690990e+10  2.66e-02 4.35e-03  7.49e+02     0s
  54   9.97708796e+07  2.62866963e+10  2.65e-02 4.12e-03  7.46e+02     0s
  55   9.95621897e+07  3.56960209e+10  2.64e-02 4.11e-03  7.51e+02     0s
  56   9.97138680e+07  8.37336583e+10  2.64e-02 4.10e-03  7.94e+02     0s
  57   9.91343026e+07  1.35430756e+11  2.63e-02 4.09e-03  8.17e+02     0s
  58   9.91328917e+07  2.36526673e+11  2.63e-02 4.09e-03  8.58e+02     0s
  59   9.90112890e+07  2.60375154e+11  2.63e-02 4.09e-03  8.71e+02     0s
  60   9.84701999e+07  4.66428735e+11  2.63e-02 4.08e-03  9.51e+02     0s
  61   9.80915245e+07  1.26869863e+12  2.62e-02 4.07e-03  1.12e+03     0s
  62   9.78737736e+07  2.72035934e+12  2.62e-02 4.07e-03  1.46e+03     0s
  63   9.75442407e+07  3.72924216e+12  2.62e-02 4.07e-03  1.73e+03     0s
  64   9.76564782e+07  6.40712510e+12  2.62e-02 4.07e-03  2.15e+03     0s
  65   9.73940377e+07  8.02814242e+12  2.62e-02 4.07e-03  2.53e+03     0s
  66   9.72105072e+07  1.02175072e+13  2.62e-02 4.07e-03  3.18e+03     0s
  67   9.79522129e+07  1.37597259e+13  2.62e-02 4.07e-03  3.69e+03     0s
  68   9.85378915e+07  2.33328987e+13  2.62e-02 2.51e-02  9.00e+03     0s
  69   5.96611762e+13 -2.28962481e+13  6.13e+04 1.00e+04  9.92e+07     0s
  70   6.42151531e+12 -6.45123211e+11  9.66e+03 1.58e+03  2.59e+06     0s
  71   2.51048999e+11 -6.02595652e+09  4.23e+02 6.90e+01  5.13e+03     0s
  72   7.60465014e+10 -1.24877965e+09  1.30e+02 2.13e+01  5.15e+02     0s
  73   3.27456433e+10 -7.05215349e+08  5.68e+01 9.27e+00  1.11e+02     0s
  74   1.41851191e+10 -5.69364126e+08  2.51e+01 4.10e+00  2.85e+01     0s
  75   1.09347228e+10 -5.51799717e+08  1.96e+01 3.20e+00  2.01e+01     0s
  76   7.79637215e+09 -5.36309969e+08  1.42e+01 2.32e+00  1.28e+01     0s
  77   7.75690961e+09 -5.31282625e+08  1.41e+01 2.31e+00  1.36e+01     0s
  78   7.41356235e+09 -5.30083958e+08  1.36e+01 2.21e+00  1.28e+01     0s
  79   6.91981103e+09 -5.26510549e+08  1.27e+01 2.08e+00  1.18e+01     0s
  80   6.70221929e+09 -5.24989316e+08  1.23e+01 2.01e+00  1.15e+01     0s
  81   5.17348167e+09 -5.15037815e+08  9.72e+00 1.59e+00  9.28e+00     0s
  82   4.65510059e+09 -5.12133406e+08  8.83e+00 1.44e+00  8.59e+00     0s
  83   4.43527670e+09 -5.09848445e+08  8.45e+00 1.38e+00  8.32e+00     0s
  84   4.36870521e+09 -5.07135936e+08  8.34e+00 1.36e+00  8.53e+00     0s
  85   4.31832324e+09 -5.03807300e+08  8.25e+00 1.35e+00  8.87e+00     0s
  86   4.00165700e+09 -5.02571890e+08  7.71e+00 1.26e+00  8.11e+00     0s
  87   3.07086025e+09 -5.01281147e+08  6.11e+00 9.97e-01  6.15e+00     0s
  88   2.34144235e+09 -4.96995366e+08  4.86e+00 7.93e-01  5.16e+00     0s
  89   2.15380358e+09 -4.95079281e+08  4.53e+00 7.40e-01  4.85e+00     0s
  90   2.00913278e+09 -4.92158503e+08  4.28e+00 6.99e-01  5.00e+00     0s
  91   1.80846997e+09 -4.88915064e+08  3.94e+00 6.43e-01  4.76e+00     0s
  92   1.76227036e+09 -4.87513254e+08  3.86e+00 6.30e-01  4.80e+00     0s
  93   1.67978229e+09 -4.86782418e+08  3.72e+00 6.07e-01  4.62e+00     0s
  94   1.57084662e+09 -4.85354207e+08  3.53e+00 5.76e-01  4.43e+00     0s
  95   1.46049904e+09 -4.84303823e+08  3.34e+00 5.45e-01  4.20e+00     0s
  96   1.42052706e+09 -4.83694754e+08  3.27e+00 5.34e-01  4.13e+00     0s
  97   1.40179129e+09 -4.83104756e+08  3.24e+00 5.29e-01  4.13e+00     0s
  98   1.38111700e+09 -4.82528475e+08  3.20e+00 5.23e-01  4.12e+00     0s
  99   1.28287266e+09 -4.81562131e+08  3.03e+00 4.95e-01  3.91e+00     0s
 100   1.20785956e+09 -4.80800824e+08  2.90e+00 4.74e-01  3.74e+00     0s
 101   1.02353339e+09 -4.79102100e+08  2.58e+00 4.22e-01  3.33e+00     0s
 102   9.09588793e+08 -4.78014278e+08  2.39e+00 3.90e-01  3.08e+00     0s
 103   8.65052586e+08 -4.77483319e+08  2.31e+00 3.77e-01  2.99e+00     0s
 104   8.01818806e+08 -4.74935493e+08  2.20e+00 3.59e-01  3.13e+00     0s
 105   7.81161146e+08 -4.70481759e+08  2.16e+00 3.53e-01  3.63e+00     0s
 106   7.74286812e+08 -4.66591221e+08  2.15e+00 3.51e-01  4.16e+00     0s
 107   7.59941958e+08 -4.63511285e+08  2.13e+00 3.47e-01  4.59e+00     0s
 108   7.33123679e+08 -4.58634722e+08  2.08e+00 3.39e-01  5.25e+00     0s
 109   6.75571779e+08 -4.54180561e+08  1.98e+00 3.23e-01  5.66e+00     0s
 110   6.12790585e+08 -4.51535715e+08  1.86e+00 3.04e-01  5.77e+00     0s
 111   5.34580341e+08 -4.49105105e+08  1.73e+00 2.82e-01  5.48e+00     0s
 112   4.69616063e+08 -4.46517617e+08  1.61e+00 2.63e-01  5.46e+00     0s
 113   4.45034783e+08 -4.42460168e+08  1.57e+00 2.56e-01  6.07e+00     0s
 114   4.30303309e+08 -4.42098120e+08  1.54e+00 2.51e-01  6.05e+00     0s
 115   4.38585460e+08 -4.23702579e+08  1.55e+00 2.53e-01  9.79e+00     0s
 116   3.79175107e+08 -4.10592664e+08  1.44e+00 2.35e-01  1.18e+01     0s
 117   2.75769298e+08 -4.03220771e+08  1.24e+00 2.02e-01  1.15e+01     0s
 118   2.15836878e+08 -3.91361750e+08  1.12e+00 1.83e-01  1.23e+01     0s
 119   1.97820894e+08 -3.87494597e+08  1.09e+00 1.77e-01  1.26e+01     0s
 120   1.90576887e+08 -3.85719332e+08  1.07e+00 1.75e-01  1.27e+01     0s
 121   1.63374214e+08 -3.80786200e+08  1.02e+00 1.66e-01  1.32e+01     0s
 122   1.75978102e+08 -3.62408201e+08  1.03e+00 1.68e-01  1.97e+01     0s
 123   1.71926564e+08 -3.51922803e+08  1.02e+00 1.66e-01  2.29e+01     0s
 124   1.53240045e+08 -3.21693750e+08  9.54e-01 1.56e-01  3.37e+01     0s
 125   1.43225136e+08 -3.07369890e+08  9.18e-01 1.50e-01  3.74e+01     0s
 126   1.27750679e+08 -2.87912567e+08  8.59e-01 1.40e-01  4.18e+01     0s
 127   1.18467224e+08 -2.76544275e+08  8.24e-01 1.35e-01  4.32e+01     0s
 128   1.15686810e+08 -2.70594826e+08  8.11e-01 1.32e-01  4.47e+01     0s
 129   1.12994647e+08 -2.62225782e+08  7.95e-01 1.30e-01  4.71e+01     0s
 130   1.05976984e+08 -2.44078720e+08  7.51e-01 1.23e-01  5.13e+01     0s
 131   8.11098519e+07 -2.12101348e+08  6.30e-01 1.03e-01  4.35e+01     0s
 132   6.80307755e+07 -1.90496584e+08  5.58e-01 9.11e-02  4.03e+01     0s
 133   6.02278355e+07 -1.73453101e+08  5.07e-01 8.28e-02  3.87e+01     0s
 134   5.56943243e+07 -1.62269623e+08  4.76e-01 7.77e-02  3.74e+01     0s
 135   4.67018792e+07 -1.42383403e+08  4.16e-01 6.80e-02  3.37e+01     0s
 136   3.13332304e+07 -8.98552584e+07  2.86e-01 4.67e-02  2.42e+01     0s
 137   1.28841143e+07 -3.43224135e+07  1.12e-01 1.83e-02  9.66e+00     0s
 138   1.06720737e+07 -2.67472691e+07  8.73e-02 1.43e-02  7.72e+00     0s
 139   1.03446958e+07 -2.51770004e+07  8.32e-02 1.36e-02  7.41e+00     0s
 140   1.11410466e+07 -2.37717466e+07  8.52e-02 1.39e-02  8.48e+00     0s
 141   1.21828637e+07 -1.70466794e+07  7.88e-02 1.29e-02  9.86e+00     0s
 142   1.28809391e+07 -1.35088297e+07  7.14e-02 1.17e-02  8.90e+00     0s
 143   1.30503792e+07 -1.21722822e+07  6.99e-02 1.14e-02  9.00e+00     0s
 144   1.35743141e+07 -9.93936038e+06  6.55e-02 1.07e-02  8.42e+00     0s
 145   1.42643169e+07 -6.56087099e+06  6.12e-02 1.00e-02  8.35e+00     0s
 146   1.48606820e+07 -4.45609713e+06  5.82e-02 9.50e-03  8.11e+00     0s
 147   1.54069974e+07 -2.18178917e+06  5.60e-02 9.14e-03  8.23e+00     0s
 148   1.58977952e+07 -7.45174468e+05  5.41e-02 8.83e-03  8.09e+00     0s
 149   1.62930266e+07  4.79193922e+05  5.27e-02 8.61e-03  8.06e+00     0s
 150   1.67110248e+07  1.83391804e+06  5.15e-02 8.41e-03  8.30e+00     0s
 151   1.72180135e+07  3.17739403e+06  5.00e-02 8.16e-03  8.20e+00     0s
 152   1.76567564e+07  4.98857907e+06  5.01e-02 8.18e-03  9.20e+00     0s
 153   1.80013518e+07  5.85544040e+06  4.94e-02 8.06e-03  9.24e+00     0s
 154   1.83526036e+07  6.77222652e+06  4.87e-02 7.95e-03  9.32e+00     0s
 155   1.88611686e+07  8.00598347e+06  4.77e-02 7.79e-03  9.41e+00     0s
 156   2.00864685e+07  9.89315721e+06  4.53e-02 7.40e-03  9.28e+00     0s
 157   2.17297575e+07  1.40401497e+07  4.37e-02 7.13e-03  1.06e+01     0s
 158   2.23925581e+07  1.57516409e+07  4.31e-02 7.04e-03  1.11e+01     0s
 159   2.30106406e+07  1.67667545e+07  4.25e-02 6.94e-03  1.13e+01     0s
 160   2.57424317e+07  2.21613010e+07  4.10e-02 6.70e-03  1.36e+01     0s
 161   2.75115272e+07  2.46271267e+07  3.97e-02 6.48e-03  1.37e+01     0s
 162   2.89186240e+07  2.70445797e+07  3.89e-02 6.36e-03  1.44e+01     0s
 163   3.04791244e+07  2.90980512e+07  3.81e-02 6.21e-03  1.49e+01     0s
 164   3.29855947e+07  3.28283785e+07  3.67e-02 6.00e-03  1.57e+01     0s
 165   3.44114265e+07  3.45512614e+07  3.59e-02 5.86e-03  1.56e+01     0s
 166   3.64302987e+07  3.74736038e+07  3.49e-02 5.70e-03  1.63e+01     0s
 167   3.82221986e+07  4.03971883e+07  3.42e-02 5.58e-03  1.74e+01     0s
 168   4.03611365e+07  4.45967605e+07  3.39e-02 5.53e-03  2.12e+01     0s
 169   4.25936833e+07  4.88836035e+07  3.35e-02 5.47e-03  2.45e+01     0s
 170   4.72728243e+07  5.75539408e+07  3.29e-02 5.38e-03  3.18e+01     0s
 171   5.35758308e+07  6.81136064e+07  3.24e-02 5.29e-03  4.26e+01     0s
 172   5.95497352e+07  7.82629131e+07  3.22e-02 5.26e-03  6.26e+01     0s
 173   6.86296706e+07  9.21194751e+07  3.20e-02 5.22e-03  8.78e+01     0s
 174   8.55107212e+07  1.16922614e+08  3.15e-02 5.15e-03  1.60e+02     0s
 175   9.70332750e+07  1.33075499e+08  3.14e-02 5.13e-03  2.30e+02     0s
 176   1.03592256e+08  1.45075349e+08  3.13e-02 5.11e-03  3.91e+02     0s
 177   1.09189153e+08  2.19033980e+08  3.06e-02 9.40e-03  4.00e+03     0s
 178*  1.12735798e+08  2.41921109e+09  6.83e-04 2.00e-02  1.03e+00     0s
 179*  1.12735772e+08  7.73819486e+11  6.83e-07 1.14e-02  1.03e-03     0s
 180*  1.12735763e+08  7.65276175e+14  6.83e-10 4.31e-03  1.03e-06     0s
 181*  1.12735757e+08  7.65996769e+17  6.83e-13 1.45e-02  1.03e-09     0s
 182*  1.12735756e+08  7.66746825e+20  6.83e-16 8.30e-03  1.03e-12     0s
 183*  1.12735761e+08  7.67556394e+23  6.83e-19 8.37e-03  1.04e-15     0s
 184*  1.12735761e+08  7.67533009e+26  6.83e-22 9.36e-04  1.04e-18     0s

Barrier performed 184 iterations in 0.34 seconds (0.31 work units)
Infeasible model


User-callback calls 303, time in user-callback 0.00 sec

Gurobi 13.0.2 (win64) logging started Wed Jul 15 14:31:16 2026

Set parameter LogFile to value "C:\Users\ehsanno\DataspellProjects\Spanish_Power_System\results\GoRES\ipopt_logs\2024-12-02_h03.log"

Gurobi 13.0.2 (win64) logging started Wed Jul 15 14:31:16 2026

Set parameter LogFile to value "C:\Users\ehsanno\DataspellProjects\Spanish_Power_System\results\GoRES\ipopt_logs\2024-12-02_h03.log"
Gurobi Optimizer version 13.0.2 build v13.0.2rc1 (win64 - Windows 11+.0 (26200.2))

CPU model: 11th Gen Intel(R) Core(TM) i5-1145G7 @ 2.60GHz, instruction set [SSE2|AVX|AVX2|AVX512]
Thread count: 4 physical cores, 8 logical processors, using up to 8 threads

Non-default parameters:
LogToConsole  0

Optimize a model with 5142 rows, 7197 columns and 18460 nonzeros (Min)
Model fingerprint: 0x1d2c841c
Model has 2031 linear objective coefficients and an objective constant of 1.3818204021440012e+07
Model has 973 quadratic objective terms
Coefficient statistics:
  Matrix range     [1e+00, 1e+04]
  Objective range  [4e-01, 1e+06]
  QObjective range [2e+04, 2e+04]
  Bounds range     [2e-06, 1e+04]
  RHS range        [2e-06, 8e+00]

Presolve removed 3696 rows and 4645 columns
Presolve time: 0.02s
Presolved: 1446 rows, 2552 columns, 8431 nonzeros
Presolved model has 454 quadratic objective terms
Ordering time: 0.00s

Barrier statistics:
 AA' NZ     : 1.771e+04
 Factor NZ  : 4.934e+04 (roughly 2 MB of memory)
 Factor Ops : 2.203e+06 (less than 1 second per iteration)
 Threads    : 1

                  Objective                Residual
Iter       Primal          Dual         Primal    Dual     Compl     Time
   0   4.10917499e+12 -3.53920369e+11  6.38e+03 5.13e+03  5.11e+06     0s
   1   1.19164299e+12 -1.15441265e+11  1.93e+03 1.55e+03  1.57e+06     0s
   2   1.47702402e+11 -9.50101415e+10  2.43e+02 1.95e+02  2.33e+05     0s
   3   1.12578721e+10 -6.00018106e+10  1.90e+01 1.53e+01  2.65e+04     0s
   4   2.09022352e+09 -2.90052631e+10  3.91e+00 3.14e+00  8.34e+03     0s
   5   6.23968540e+08 -1.41240329e+10  1.43e+00 1.15e+00  3.54e+03     0s
   6   3.65221003e+08 -9.95658734e+09  7.88e-01 6.34e-01  2.42e+03     0s
   7   2.45146453e+08 -6.50008939e+09  4.48e-01 3.61e-01  1.52e+03     0s
   8   1.59758582e+08 -3.73176236e+09  2.39e-01 1.92e-01  8.47e+02     0s
   9   8.14018264e+07 -1.58381767e+09  3.49e-02 2.81e-02  3.38e+02     0s
  10   3.85497117e+07 -4.32703255e+08  6.00e-03 4.82e-03  9.31e+01     0s
  11   1.06528627e+07 -7.61329601e+07  1.81e-04 1.45e-04  1.70e+01     0s
  12   2.18502261e+06 -4.10546750e+06  7.62e-07 6.13e-07  1.23e+00     0s
  13   1.24906857e+06  2.26789592e+05  5.17e-10 1.09e-10  2.00e-01     0s
  14   1.07747465e+06  9.52318057e+05  5.95e-10 1.02e-11  2.44e-02     0s
  15   1.04561226e+06  1.03311816e+06  1.68e-08 4.39e-12  2.44e-03     0s
  16   1.04108062e+06  1.04096144e+06  2.52e-08 5.99e-12  2.33e-05     0s
  17   1.04101113e+06  1.04100986e+06  4.02e-06 4.13e-12  1.31e-07     0s
  18   1.04101026e+06  1.04101010e+06  2.65e-06 7.72e-12  9.42e-10     0s
  19   1.04101013e+06  1.04101010e+06  1.21e-07 8.39e-12  9.42e-13     0s

Barrier solved model in 19 iterations and 0.06 seconds (0.04 work units)
Optimal objective 1.04101013e+06


User-callback calls 73, time in user-callback 0.00 sec

Gurobi 13.0.2 (win64) logging started Wed Jul 15 17:24:46 2026

Set parameter LogFile to value "C:\Users\ehsanno\DataspellProjects\Spanish_Power_System\results\GoRES\ipopt_logs\2024-12-02_h03.log"

Gurobi 13.0.2 (win64) logging started Wed Jul 15 17:24:46 2026

Set parameter LogFile to value "C:\Users\ehsanno\DataspellProjects\Spanish_Power_System\results\GoRES\ipopt_logs\2024-12-02_h03.log"
Gurobi Optimizer version 13.0.2 build v13.0.2rc1 (win64 - Windows 11+.0 (26200.2))

CPU model: 11th Gen Intel(R) Core(TM) i5-1145G7 @ 2.60GHz, instruction set [SSE2|AVX|AVX2|AVX512]
Thread count: 4 physical cores, 8 logical processors, using up to 8 threads

Non-default parameters:
LogToConsole  0

Optimize a model with 5146 rows, 7443 columns and 18718 nonzeros (Min)
Model fingerprint: 0xcc242558
Model has 2199 linear objective coefficients and an objective constant of 1.3672751528801633e+07
Model has 972 quadratic objective terms
Coefficient statistics:
  Matrix range     [1e+00, 1e+04]
  Objective range  [4e-01, 1e+06]
  QObjective range [2e+04, 2e+04]
  Bounds range     [2e-06, 1e+04]
  RHS range        [2e-06, 8e+00]

Presolve removed 10 rows and 644 columns
Presolve time: 0.00s

Barrier solved model in 0 iterations and 0.00 seconds (0.00 work units)
Model is infeasible

User-callback calls 26, time in user-callback 0.00 sec

Gurobi 13.0.2 (win64) logging started Wed Jul 15 17:27:53 2026

Set parameter LogFile to value "C:\Users\ehsanno\DataspellProjects\Spanish_Power_System\results\GoRES\ipopt_logs\2024-12-02_h03.log"

Gurobi 13.0.2 (win64) logging started Wed Jul 15 17:27:53 2026

Set parameter LogFile to value "C:\Users\ehsanno\DataspellProjects\Spanish_Power_System\results\GoRES\ipopt_logs\2024-12-02_h03.log"
Gurobi Optimizer version 13.0.2 build v13.0.2rc1 (win64 - Windows 11+.0 (26200.2))

CPU model: 11th Gen Intel(R) Core(TM) i5-1145G7 @ 2.60GHz, instruction set [SSE2|AVX|AVX2|AVX512]
Thread count: 4 physical cores, 8 logical processors, using up to 8 threads

Non-default parameters:
LogToConsole  0

Optimize a model with 5146 rows, 7443 columns and 18718 nonzeros (Min)
Model fingerprint: 0x35642b1a
Model has 2199 linear objective coefficients and an objective constant of 1.3672750635520006e+07
Model has 972 quadratic objective terms
Coefficient statistics:
  Matrix range     [1e+00, 1e+04]
  Objective range  [4e-01, 1e+06]
  QObjective range [2e+04, 2e+04]
  Bounds range     [2e-06, 1e+04]
  RHS range        [2e-06, 8e+00]

Presolve removed 10 rows and 644 columns
Presolve time: 0.00s

Barrier solved model in 0 iterations and 0.00 seconds (0.00 work units)
Model is infeasible

User-callback calls 26, time in user-callback 0.00 sec

Gurobi 13.0.2 (win64) logging started Wed Jul 15 17:30:12 2026

Set parameter LogFile to value "C:\Users\ehsanno\DataspellProjects\Spanish_Power_System\results\GoRES\ipopt_logs\2024-12-02_h03.log"

Gurobi 13.0.2 (win64) logging started Wed Jul 15 17:30:12 2026

Set parameter LogFile to value "C:\Users\ehsanno\DataspellProjects\Spanish_Power_System\results\GoRES\ipopt_logs\2024-12-02_h03.log"
Gurobi Optimizer version 13.0.2 build v13.0.2rc1 (win64 - Windows 11+.0 (26200.2))

CPU model: 11th Gen Intel(R) Core(TM) i5-1145G7 @ 2.60GHz, instruction set [SSE2|AVX|AVX2|AVX512]
Thread count: 4 physical cores, 8 logical processors, using up to 8 threads

Non-default parameters:
LogToConsole  0

Optimize a model with 5146 rows, 7443 columns and 18718 nonzeros (Min)
Model fingerprint: 0xb8813c2d
Model has 2199 linear objective coefficients and an objective constant of 1.3672750635520006e+07
Model has 972 quadratic objective terms
Coefficient statistics:
  Matrix range     [1e+00, 1e+04]
  Objective range  [4e-01, 1e+06]
  QObjective range [2e+04, 2e+04]
  Bounds range     [2e-06, 1e+04]
  RHS range        [2e-06, 8e+00]

Presolve removed 3686 rows and 4740 columns
Presolve time: 0.03s
Presolved: 1460 rows, 2703 columns, 8681 nonzeros
Presolved model has 454 quadratic objective terms
Ordering time: 0.01s

Barrier statistics:
 AA' NZ     : 1.783e+04
 Factor NZ  : 4.965e+04 (roughly 2 MB of memory)
 Factor Ops : 2.221e+06 (less than 1 second per iteration)
 Threads    : 1

                  Objective                Residual
Iter       Primal          Dual         Primal    Dual     Compl     Time
   0   5.22028977e+12 -1.77224247e+12  7.69e+03 3.77e+04  3.76e+07     0s
   1   1.12916562e+12 -1.07111683e+12  1.73e+03 8.48e+03  8.74e+06     0s
   2   8.09497548e+10 -9.32819410e+11  1.26e+02 6.17e+02  8.12e+05     0s
   3   1.86213361e+10 -5.35006299e+11  2.96e+01 1.45e+02  2.30e+05     0s
   4   3.02293670e+09 -2.94120982e+11  5.18e+00 2.54e+01  8.06e+04     0s
   5   2.23537659e+09 -2.33448597e+11  3.93e+00 1.93e+01  6.18e+04     0s
   6   2.15118423e+09 -2.23142504e+11  3.79e+00 1.86e+01  5.97e+04     0s
   7   2.11464931e+09 -2.16203669e+11  3.73e+00 1.83e+01  5.87e+04     0s
   8   2.05648993e+09 -1.97631832e+11  3.64e+00 1.78e+01  5.72e+04     0s
   9   2.00921315e+09 -1.60290820e+11  3.56e+00 1.75e+01  5.60e+04     0s
  10   1.99810663e+09 -1.10715669e+11  3.54e+00 1.74e+01  5.57e+04     0s
  11   2.02114760e+09  1.69586191e+11  3.53e+00 1.73e+01  5.55e+04     0s
  12   2.02599885e+09  8.15092052e+11  3.51e+00 6.95e+00  5.50e+04     0s
  13   7.26317445e+13 -2.42657963e+13  7.69e+04 3.77e+04  3.75e+08     0s
  14   8.84139886e+12 -3.01319099e+12  1.27e+04 6.21e+03  1.19e+08     0s
  15   7.35570774e+10 -2.22033911e+12  1.14e+02 5.58e+01  1.47e+06     0s
  16   2.68403308e+10 -1.33970474e+12  4.20e+01 2.06e+01  6.35e+05     0s
  17   1.63769671e+10 -9.98427882e+11  2.59e+01 1.27e+01  4.05e+05     0s
  18   3.29659741e+09 -5.09367285e+11  5.51e+00 2.70e+00  1.41e+05     0s
  19   2.30456373e+09 -3.94855065e+11  3.92e+00 1.92e+00  1.05e+05     0s
  20   2.21130965e+09 -3.75300903e+11  3.76e+00 1.85e+00  1.01e+05     0s
  21   2.15253767e+09 -3.25841053e+11  3.67e+00 1.80e+00  9.88e+04     0s
  22   2.08500510e+09 -2.58458620e+11  3.57e+00 1.75e+00  9.60e+04     0s
  23   2.06232715e+09 -1.64897942e+11  3.55e+00 1.74e+00  9.53e+04     0s
  24   2.06838767e+09  3.78569482e+11  3.53e+00 1.73e+00  9.47e+04     0s
  25   2.04349347e+09  1.62817380e+12  3.51e+00 2.22e-01  9.39e+04     0s
  26   2.02803050e+09  4.24209822e+12  3.50e+00 2.21e-01  9.43e+04     0s
  27   2.02487171e+09  8.12769867e+12  3.50e+00 2.21e-01  9.55e+04     0s
  28   2.02945178e+09  1.47908234e+13  3.50e+00 3.34e-02  9.77e+04     0s
  29   2.02224014e+09  2.83355417e+13  3.49e+00 3.34e-02  1.02e+05     0s
  30   2.01827202e+09  7.31211346e+13  3.49e+00 3.33e-02  1.12e+05     0s
  31   2.02104678e+09  1.16784959e+14  3.49e+00 3.33e-02  1.23e+05     0s
  32   2.02679609e+09  2.02387493e+14  3.49e+00 3.33e-02  1.43e+05     0s
  33   2.03192522e+09  3.32854225e+14  3.49e+00 3.33e-02  1.71e+05     0s
  34   2.03949985e+09  7.35719062e+14  3.49e+00 3.33e-02  2.45e+05     0s
  35   2.03963503e+09  1.30289711e+15  3.49e+00 3.33e-02  3.44e+05     0s
  36   2.04366701e+09  1.75595904e+15  3.49e+00 3.33e-02  4.22e+05     0s
  37   2.05071822e+09  2.88177408e+15  3.49e+00 3.33e-02  6.03e+05     0s
  38   2.05383794e+09  3.88879162e+15  3.49e+00 3.33e-02  7.61e+05     0s
  39   2.05849740e+09  5.47917421e+15  3.49e+00 3.33e-02  1.00e+06     0s
  40   7.26317445e+13 -2.42657963e+13  7.69e+04 3.77e+04  3.75e+08     0s
  41   1.13893963e+13 -1.55745370e+12  1.73e+04 8.47e+03  2.27e+07     0s
  42   1.12897165e+12 -8.49377989e+10  2.14e+03 1.05e+03  5.55e+05     0s
  43   1.55008680e+11 -1.28693617e+10  3.12e+02 1.53e+02  2.15e+04     0s
  44   5.40240979e+10 -5.14752066e+09  1.11e+02 5.42e+01  4.38e+03     0s
  45   1.88032212e+10 -2.53296599e+09  4.00e+01 1.96e+01  1.07e+03     0s
  46   8.61775901e+09 -1.74118512e+09  1.95e+01 9.54e+00  4.29e+02     0s
  47   3.60803837e+09 -1.33416266e+09  9.28e+00 4.55e+00  1.82e+02     0s
  48   2.89414463e+09 -1.27049964e+09  7.82e+00 3.83e+00  1.56e+02     0s
  49   1.92708668e+09 -1.17635812e+09  5.84e+00 2.86e+00  1.29e+02     0s
  50   1.58203076e+09 -1.13231499e+09  5.11e+00 2.50e+00  1.19e+02     0s
  51   1.36340407e+09 -1.09893002e+09  4.64e+00 2.28e+00  1.19e+02     0s
  52   1.29583999e+09 -1.08432683e+09  4.49e+00 2.20e+00  1.23e+02     0s
  53   1.14601259e+09 -1.05818767e+09  4.17e+00 2.04e+00  1.17e+02     0s
  54   1.11481380e+09 -1.05174076e+09  4.10e+00 2.01e+00  1.17e+02     0s
  55   1.08358097e+09 -1.04490989e+09  4.03e+00 1.97e+00  1.17e+02     0s
  56   1.06905245e+09 -1.04152617e+09  3.99e+00 1.96e+00  1.17e+02     0s
  57   1.02589617e+09 -1.01943133e+09  3.88e+00 1.90e+00  1.25e+02     0s
  58   1.05325869e+09 -9.85217016e+08  3.89e+00 1.91e+00  1.65e+02     0s
  59   1.00570933e+09 -9.35166832e+08  3.73e+00 1.83e+00  2.04e+02     0s
  60   1.04444860e+09 -8.51431698e+08  3.69e+00 1.81e+00  3.16e+02     0s
  61   1.16753981e+09 -6.40149181e+08  3.63e+00 1.78e+00  7.18e+02     0s
  62   1.28548458e+09 -4.92200782e+08  3.61e+00 1.77e+00  1.12e+03     0s
  63   1.62180122e+09 -1.04424580e+08  3.59e+00 1.76e+00  2.37e+03     0s
  64   2.15128339e+09  4.85442659e+08  3.58e+00 1.76e+00  7.21e+03     0s
  65   2.34117335e+09  7.39858632e+08  3.59e+00 1.76e+00  3.32e+04     0s
  66   2.13249880e+09  1.11623034e+09  3.57e+00 1.75e+00  3.47e+05     0s
  67*  2.15034218e+09  4.83011608e+11  1.38e-02 3.58e-03  1.77e+01     0s
  68*  2.15034228e+09  4.60681614e+14  1.38e-05 2.05e-05  1.77e-02     0s
  69*  2.15034228e+09  4.60650052e+17  1.38e-08 4.34e-06  1.77e-05     0s
  70*  2.15034228e+09  4.60650007e+20  1.38e-11 1.38e-05  1.77e-08     0s
  71*  2.15034228e+09  4.60649995e+23  1.38e-14 1.08e-05  1.77e-11     0s

Barrier performed 71 iterations in 0.27 seconds (0.14 work units)
Infeasible model


User-callback calls 146, time in user-callback 0.00 sec

Gurobi 13.0.2 (win64) logging started Wed Jul 15 18:00:40 2026

Set parameter LogFile to value "C:\Users\ehsanno\DataspellProjects\Spanish_Power_System\results\GoRES\ipopt_logs\2024-12-02_h03.log"

Gurobi 13.0.2 (win64) logging started Wed Jul 15 18:00:40 2026

Set parameter LogFile to value "C:\Users\ehsanno\DataspellProjects\Spanish_Power_System\results\GoRES\ipopt_logs\2024-12-02_h03.log"
Gurobi Optimizer version 13.0.2 build v13.0.2rc1 (win64 - Windows 11+.0 (26200.2))

CPU model: 11th Gen Intel(R) Core(TM) i5-1145G7 @ 2.60GHz, instruction set [SSE2|AVX|AVX2|AVX512]
Thread count: 4 physical cores, 8 logical processors, using up to 8 threads

Non-default parameters:
LogToConsole  0

Optimize a model with 5146 rows, 7443 columns and 18718 nonzeros (Min)
Model fingerprint: 0x7e00245a
Model has 2199 linear objective coefficients and an objective constant of 1.3672750635520006e+07
Model has 972 quadratic objective terms
Coefficient statistics:
  Matrix range     [1e+00, 1e+04]
  Objective range  [4e-01, 1e+06]
  QObjective range [2e+04, 2e+04]
  Bounds range     [2e-06, 1e+04]
  RHS range        [2e-06, 8e+00]

Presolve removed 3681 rows and 4735 columns
Presolve time: 0.02s
Presolved: 1465 rows, 2708 columns, 8681 nonzeros
Presolved model has 454 quadratic objective terms
Ordering time: 0.01s

Barrier statistics:
 AA' NZ     : 1.781e+04
 Factor NZ  : 4.856e+04 (roughly 2 MB of memory)
 Factor Ops : 2.088e+06 (less than 1 second per iteration)
 Threads    : 1

                  Objective                Residual
Iter       Primal          Dual         Primal    Dual     Compl     Time
   0   6.11218024e+12 -2.08077930e+12  7.44e+03 3.76e+04  3.76e+07     0s
   1   1.33165261e+12 -1.28755552e+12  1.68e+03 8.48e+03  8.79e+06     0s
   2   1.31204714e+11 -1.11298592e+12  1.67e+02 8.45e+02  1.10e+06     0s
   3   2.13395572e+10 -5.74407636e+11  2.78e+01 1.41e+02  2.34e+05     0s
   4   2.91300872e+09 -2.37335927e+11  4.27e+00 2.16e+01  6.01e+04     0s
   5   1.11206225e+09 -1.19313568e+11  1.82e+00 9.20e+00  2.80e+04     0s
   6   1.01909550e+09 -1.09644232e+11  1.67e+00 8.45e+00  2.57e+04     0s
   7   9.97221314e+08 -1.06670801e+11  1.63e+00 8.26e+00  2.51e+04     0s
   8   9.79088219e+08 -1.03491614e+11  1.60e+00 8.08e+00  2.46e+04     0s
   9   9.42373825e+08 -9.57173056e+10  1.52e+00 7.68e+00  2.34e+04     0s
  10   9.19929836e+08 -8.98376908e+10  1.48e+00 7.47e+00  2.27e+04     0s
  11   8.79842101e+08 -7.88391873e+10  1.44e+00 7.26e+00  2.21e+04     0s
  12   8.40086004e+08 -6.54220771e+10  1.41e+00 7.14e+00  2.17e+04     0s
  13   8.27307012e+08 -4.87766699e+10  1.40e+00 7.08e+00  2.15e+04     0s
  14   7.97426308e+08  2.50839477e+10  1.38e+00 7.00e+00  2.12e+04     0s
  15   7.82988583e+08  1.75842917e+11  1.38e+00 6.82e+00  2.13e+04     0s
  16   8.15636041e+13 -2.45764207e+13  7.44e+04 3.76e+04  3.74e+08     0s
  17   1.78787942e+13 -3.58503337e+12  2.04e+04 1.03e+04  1.43e+08     0s
  18   8.41050926e+11 -2.08051119e+12  1.06e+03 5.36e+02  9.01e+06     0s
  19   9.45557076e+10 -1.55508205e+12  1.21e+02 6.11e+01  1.23e+06     0s
  20   3.73708091e+10 -1.07040333e+12  4.83e+01 2.44e+01  5.45e+05     0s
  21   1.34060048e+10 -6.68996096e+11  1.75e+01 8.87e+00  2.47e+05     0s
  22   1.88838443e+09 -2.07258619e+11  2.70e+00 1.36e+00  5.30e+04     0s
  23   1.22725722e+09 -1.46380086e+11  1.79e+00 9.06e-01  3.60e+04     0s
  24   1.15970175e+09 -1.37450384e+11  1.69e+00 8.53e-01  3.39e+04     0s
  25   1.13399150e+09 -1.33007055e+11  1.65e+00 8.31e-01  3.30e+04     0s
  26   1.08945483e+09 -1.20506663e+11  1.55e+00 7.83e-01  3.11e+04     0s
  27   1.02886188e+09 -1.06022701e+11  1.48e+00 7.50e-01  2.98e+04     0s
  28   9.06651672e+08 -5.94288732e+10  1.42e+00 7.18e-01  2.84e+04     0s
  29   8.85270082e+08 -3.91466243e+10  1.41e+00 7.13e-01  2.82e+04     0s
  30   8.39202752e+08  5.31530887e+10  1.39e+00 7.03e-01  2.77e+04     0s
  31   8.10073539e+08  2.10019112e+11  1.38e+00 6.88e-01  2.73e+04     0s
  32   8.00312515e+08  3.43189699e+11  1.37e+00 6.87e-01  2.74e+04     0s
  33   7.82453638e+08  7.23555375e+11  1.37e+00 6.84e-01  2.73e+04     0s
  34   7.74683173e+08  1.08127057e+12  1.37e+00 6.83e-01  2.75e+04     0s
  35   7.66640012e+08  2.04037094e+12  1.36e+00 6.82e-01  2.78e+04     0s
  36   7.62450376e+08  2.79086974e+12  1.36e+00 6.82e-01  2.81e+04     0s
  37   7.57988453e+08  3.70301116e+12  1.36e+00 6.82e-01  2.87e+04     0s
  38   7.51111978e+08  5.76973520e+12  1.36e+00 6.81e-01  2.95e+04     0s
  39   7.51921342e+08  6.32305473e+12  1.36e+00 6.81e-01  2.98e+04     0s
  40   7.46956062e+08  1.22222005e+13  1.36e+00 6.81e-01  3.19e+04     0s
  41   7.47793212e+08  1.58233650e+13  1.36e+00 6.80e-01  3.33e+04     0s
  42   7.48485523e+08  2.68229744e+13  1.36e+00 6.80e-01  3.71e+04     0s
  43   7.49462481e+08  3.50415883e+13  1.36e+00 6.80e-01  3.99e+04     0s
  44   7.47614962e+08  8.83739831e+13  1.36e+00 6.80e-01  5.21e+04     0s
  45   7.48092375e+08  1.50132371e+14  1.36e+00 6.80e-01  6.67e+04     0s
  46   7.48521668e+08  2.56634741e+14  1.36e+00 6.79e-01  9.01e+04     0s
  47   7.47967956e+08  3.65785855e+14  1.36e+00 6.79e-01  1.13e+05     0s
  48   7.49624914e+08  7.54838809e+14  1.36e+00 6.79e-01  1.85e+05     0s
  49   7.50091821e+08  1.01752683e+15  1.36e+00 6.79e-01  2.34e+05     0s
  50   7.51002480e+08  1.71405695e+15  1.36e+00 6.79e-01  3.53e+05     0s
  51   7.49589834e+08  3.95657946e+15  1.36e+00 6.79e-01  6.89e+05     0s

Barrier performed 51 iterations in 0.20 seconds (0.10 work units)
Numerical trouble encountered

Model may be infeasible or unbounded.  Consider using the
homogeneous algorithm (through parameter 'BarHomogeneous')


User-callback calls 123, time in user-callback 0.00 sec

Gurobi 13.0.2 (win64) logging started Thu Jul 16 15:27:23 2026

Set parameter LogFile to value "C:\Users\ehsanno\DataspellProjects\Spanish_Power_System\results\GoRES\ipopt_logs\2024-12-02_h03.log"

Gurobi 13.0.2 (win64) logging started Thu Jul 16 15:27:23 2026

Set parameter LogFile to value "C:\Users\ehsanno\DataspellProjects\Spanish_Power_System\results\GoRES\ipopt_logs\2024-12-02_h03.log"
Gurobi Optimizer version 13.0.2 build v13.0.2rc1 (win64 - Windows 11+.0 (26200.2))

CPU model: 11th Gen Intel(R) Core(TM) i5-1145G7 @ 2.60GHz, instruction set [SSE2|AVX|AVX2|AVX512]
Thread count: 4 physical cores, 8 logical processors, using up to 8 threads

Non-default parameters:
LogToConsole  0

Optimize a model with 5146 rows, 7443 columns and 18718 nonzeros (Min)
Model fingerprint: 0x7e00245a
Model has 2199 linear objective coefficients and an objective constant of 1.3672750635520006e+07
Model has 972 quadratic objective terms
Coefficient statistics:
  Matrix range     [1e+00, 1e+04]
  Objective range  [4e-01, 1e+06]
  QObjective range [2e+04, 2e+04]
  Bounds range     [2e-06, 1e+04]
  RHS range        [2e-06, 8e+00]

Presolve removed 3681 rows and 4735 columns
Presolve time: 0.01s
Presolved: 1465 rows, 2708 columns, 8681 nonzeros
Presolved model has 454 quadratic objective terms
Ordering time: 0.00s

Barrier statistics:
 AA' NZ     : 1.781e+04
 Factor NZ  : 4.856e+04 (roughly 2 MB of memory)
 Factor Ops : 2.088e+06 (less than 1 second per iteration)
 Threads    : 1

                  Objective                Residual
Iter       Primal          Dual         Primal    Dual     Compl     Time
   0   6.11218024e+12 -2.08077930e+12  7.44e+03 3.76e+04  3.76e+07     0s
   1   1.33165261e+12 -1.28755552e+12  1.68e+03 8.48e+03  8.79e+06     0s
   2   1.31204714e+11 -1.11298592e+12  1.67e+02 8.45e+02  1.10e+06     0s
   3   2.13395572e+10 -5.74407636e+11  2.78e+01 1.41e+02  2.34e+05     0s
   4   2.91300872e+09 -2.37335927e+11  4.27e+00 2.16e+01  6.01e+04     0s
   5   1.11206225e+09 -1.19313568e+11  1.82e+00 9.20e+00  2.80e+04     0s
   6   1.01909550e+09 -1.09644232e+11  1.67e+00 8.45e+00  2.57e+04     0s
   7   9.97221314e+08 -1.06670801e+11  1.63e+00 8.26e+00  2.51e+04     0s
   8   9.79088219e+08 -1.03491614e+11  1.60e+00 8.08e+00  2.46e+04     0s
   9   9.42373825e+08 -9.57173056e+10  1.52e+00 7.68e+00  2.34e+04     0s
  10   9.19929836e+08 -8.98376908e+10  1.48e+00 7.47e+00  2.27e+04     0s
  11   8.79842101e+08 -7.88391873e+10  1.44e+00 7.26e+00  2.21e+04     0s
  12   8.40086004e+08 -6.54220771e+10  1.41e+00 7.14e+00  2.17e+04     0s
  13   8.27307012e+08 -4.87766699e+10  1.40e+00 7.08e+00  2.15e+04     0s
  14   7.97426308e+08  2.50839477e+10  1.38e+00 7.00e+00  2.12e+04     0s
  15   7.82988583e+08  1.75842917e+11  1.38e+00 6.82e+00  2.13e+04     0s
  16   8.15636041e+13 -2.45764207e+13  7.44e+04 3.76e+04  3.74e+08     0s
  17   1.78787942e+13 -3.58503337e+12  2.04e+04 1.03e+04  1.43e+08     0s
  18   8.41050926e+11 -2.08051119e+12  1.06e+03 5.36e+02  9.01e+06     0s
  19   9.45557076e+10 -1.55508205e+12  1.21e+02 6.11e+01  1.23e+06     0s
  20   3.73708091e+10 -1.07040333e+12  4.83e+01 2.44e+01  5.45e+05     0s
  21   1.34060048e+10 -6.68996096e+11  1.75e+01 8.87e+00  2.47e+05     0s
  22   1.88838443e+09 -2.07258619e+11  2.70e+00 1.36e+00  5.30e+04     0s
  23   1.22725722e+09 -1.46380086e+11  1.79e+00 9.06e-01  3.60e+04     0s
  24   1.15970175e+09 -1.37450384e+11  1.69e+00 8.53e-01  3.39e+04     0s
  25   1.13399150e+09 -1.33007055e+11  1.65e+00 8.31e-01  3.30e+04     0s
  26   1.08945483e+09 -1.20506663e+11  1.55e+00 7.83e-01  3.11e+04     0s
  27   1.02886188e+09 -1.06022701e+11  1.48e+00 7.50e-01  2.98e+04     0s
  28   9.06651672e+08 -5.94288732e+10  1.42e+00 7.18e-01  2.84e+04     0s
  29   8.85270082e+08 -3.91466243e+10  1.41e+00 7.13e-01  2.82e+04     0s
  30   8.39202752e+08  5.31530887e+10  1.39e+00 7.03e-01  2.77e+04     0s
  31   8.10073539e+08  2.10019112e+11  1.38e+00 6.88e-01  2.73e+04     0s
  32   8.00312515e+08  3.43189699e+11  1.37e+00 6.87e-01  2.74e+04     0s
  33   7.82453638e+08  7.23555375e+11  1.37e+00 6.84e-01  2.73e+04     0s
  34   7.74683173e+08  1.08127057e+12  1.37e+00 6.83e-01  2.75e+04     0s
  35   7.66640012e+08  2.04037094e+12  1.36e+00 6.82e-01  2.78e+04     0s
  36   7.62450376e+08  2.79086974e+12  1.36e+00 6.82e-01  2.81e+04     0s
  37   7.57988453e+08  3.70301116e+12  1.36e+00 6.82e-01  2.87e+04     0s
  38   7.51111978e+08  5.76973520e+12  1.36e+00 6.81e-01  2.95e+04     0s
  39   7.51921342e+08  6.32305473e+12  1.36e+00 6.81e-01  2.98e+04     0s
  40   7.46956062e+08  1.22222005e+13  1.36e+00 6.81e-01  3.19e+04     0s
  41   7.47793212e+08  1.58233650e+13  1.36e+00 6.80e-01  3.33e+04     0s
  42   7.48485523e+08  2.68229744e+13  1.36e+00 6.80e-01  3.71e+04     0s
  43   7.49462481e+08  3.50415883e+13  1.36e+00 6.80e-01  3.99e+04     0s
  44   7.47614962e+08  8.83739831e+13  1.36e+00 6.80e-01  5.21e+04     0s
  45   7.48092375e+08  1.50132371e+14  1.36e+00 6.80e-01  6.67e+04     0s
  46   7.48521668e+08  2.56634741e+14  1.36e+00 6.79e-01  9.01e+04     0s
  47   7.47967956e+08  3.65785855e+14  1.36e+00 6.79e-01  1.13e+05     0s
  48   7.49624914e+08  7.54838809e+14  1.36e+00 6.79e-01  1.85e+05     0s
  49   7.50091821e+08  1.01752683e+15  1.36e+00 6.79e-01  2.34e+05     0s
  50   7.51002480e+08  1.71405695e+15  1.36e+00 6.79e-01  3.53e+05     0s
  51   7.49589834e+08  3.95657946e+15  1.36e+00 6.79e-01  6.89e+05     0s

Barrier performed 51 iterations in 0.11 seconds (0.10 work units)
Numerical trouble encountered

Model may be infeasible or unbounded.  Consider using the
homogeneous algorithm (through parameter 'BarHomogeneous')


User-callback calls 114, time in user-callback 0.00 sec

Gurobi 13.0.2 (win64) logging started Thu Jul 16 16:08:00 2026

Set parameter LogFile to value "C:\Users\ehsanno\DataspellProjects\Spanish_Power_System\results\GoRES\ipopt_logs\2024-12-02_h03.log"

Gurobi 13.0.2 (win64) logging started Thu Jul 16 16:08:00 2026

Set parameter LogFile to value "C:\Users\ehsanno\DataspellProjects\Spanish_Power_System\results\GoRES\ipopt_logs\2024-12-02_h03.log"
Gurobi Optimizer version 13.0.2 build v13.0.2rc1 (win64 - Windows 11+.0 (26200.2))

CPU model: 11th Gen Intel(R) Core(TM) i5-1145G7 @ 2.60GHz, instruction set [SSE2|AVX|AVX2|AVX512]
Thread count: 4 physical cores, 8 logical processors, using up to 8 threads

Non-default parameters:
LogToConsole  0

Optimize a model with 5146 rows, 7859 columns and 19134 nonzeros (Min)
Model fingerprint: 0xad448fcd
Model has 2550 linear objective coefficients and an objective constant of 1.3809084826752760e+07
Model has 1482 quadratic objective terms
Coefficient statistics:
  Matrix range     [1e+00, 1e+04]
  Objective range  [2e-01, 1e+06]
  QObjective range [2e+04, 2e+04]
  Bounds range     [2e-06, 1e+04]
  RHS range        [2e-06, 8e+00]

Presolve removed 3648 rows and 4607 columns
Presolve time: 0.02s
Presolved: 1498 rows, 3252 columns, 9329 nonzeros
Presolved model has 964 quadratic objective terms
Ordering time: 0.01s

Barrier statistics:
 AA' NZ     : 1.778e+04
 Factor NZ  : 4.887e+04 (roughly 2 MB of memory)
 Factor Ops : 2.080e+06 (less than 1 second per iteration)
 Threads    : 1

                  Objective                Residual
Iter       Primal          Dual         Primal    Dual     Compl     Time
   0   6.82568383e+12 -2.42993939e+12  8.06e+03 3.76e+04  3.76e+07     0s
   1   1.55387029e+12 -1.39413577e+12  1.95e+03 9.10e+03  9.41e+06     0s
   2   1.62660623e+11 -1.16312858e+12  2.08e+02 9.72e+02  1.18e+06     0s
   3   2.54454604e+10 -6.18891344e+11  3.33e+01 1.55e+02  2.36e+05     0s
   4   4.14464939e+09 -2.80843605e+11  5.87e+00 2.74e+01  6.43e+04     0s
   5   1.19323929e+09 -1.17894433e+11  1.93e+00 9.01e+00  2.38e+04     0s
   6   8.26780647e+08 -9.04841735e+10  1.25e+00 5.85e+00  1.79e+04     0s
   7   4.05581825e+08 -4.37648298e+10  5.20e-01 2.43e+00  8.14e+03     0s
   8   1.87889013e+08 -2.31467621e+10  1.73e-01 8.07e-01  4.07e+03     0s
   9   9.55445932e+07 -2.03973795e+09  1.16e-02 5.40e-02  3.42e+02     0s
  10   5.70930886e+07 -8.65308690e+08  3.48e-03 1.62e-02  1.44e+02     0s
  11   1.87424650e+07 -1.84038557e+08  5.40e-05 2.52e-04  3.10e+01     0s
  12   2.43579504e+06 -1.03942726e+07  1.63e-07 7.61e-07  1.96e+00     0s
  13   4.10595696e+05 -6.04222721e+05  2.25e-09 5.39e-09  1.55e-01     0s
  14   2.10049079e+05  5.56940590e+03  2.58e-09 4.59e-10  3.12e-02     0s
  15   1.57132383e+05  1.29474295e+05  2.04e-08 3.29e-11  4.22e-03     0s
  16   1.50097894e+05  1.44296028e+05  1.14e-07 1.12e-11  8.86e-04     0s
  17   1.48318752e+05  1.46797555e+05  1.12e-08 2.30e-11  2.32e-04     0s
  18   1.47886900e+05  1.47824670e+05  2.87e-08 1.35e-11  9.50e-06     0s
  19   1.47867648e+05  1.47864152e+05  4.71e-09 1.44e-11  5.34e-07     0s
  20   1.47866720e+05  1.47866655e+05  1.35e-08 1.07e-11  9.88e-09     0s

Barrier solved model in 20 iterations and 0.08 seconds (0.05 work units)
Optimal objective 1.47866720e+05


User-callback calls 75, time in user-callback 0.00 sec

Gurobi 13.0.2 (win64) logging started Thu Jul 16 16:15:17 2026

Set parameter LogFile to value "C:\Users\ehsanno\DataspellProjects\Spanish_Power_System\results\GoRES\ipopt_logs\2024-12-02_h03.log"

Gurobi 13.0.2 (win64) logging started Thu Jul 16 16:15:17 2026

Set parameter LogFile to value "C:\Users\ehsanno\DataspellProjects\Spanish_Power_System\results\GoRES\ipopt_logs\2024-12-02_h03.log"
Gurobi Optimizer version 13.0.2 build v13.0.2rc1 (win64 - Windows 11+.0 (26200.2))

CPU model: 11th Gen Intel(R) Core(TM) i5-1145G7 @ 2.60GHz, instruction set [SSE2|AVX|AVX2|AVX512]
Thread count: 4 physical cores, 8 logical processors, using up to 8 threads

Non-default parameters:
LogToConsole  0

Optimize a model with 5146 rows, 7859 columns and 19134 nonzeros (Min)
Model fingerprint: 0x1e8432ad
Model has 2550 linear objective coefficients and an objective constant of 1.3809084826752760e+07
Model has 1482 quadratic objective terms
Coefficient statistics:
  Matrix range     [1e+00, 1e+04]
  Objective range  [2e-01, 1e+06]
  QObjective range [2e+04, 2e+04]
  Bounds range     [2e-06, 1e+04]
  RHS range        [2e-06, 8e+00]

Presolve removed 3650 rows and 4606 columns
Presolve time: 0.02s
Presolved: 1496 rows, 3253 columns, 9296 nonzeros
Presolved model has 964 quadratic objective terms
Ordering time: 0.00s

Barrier statistics:
 AA' NZ     : 1.803e+04
 Factor NZ  : 4.836e+04 (roughly 2 MB of memory)
 Factor Ops : 2.052e+06 (less than 1 second per iteration)
 Threads    : 1

                  Objective                Residual
Iter       Primal          Dual         Primal    Dual     Compl     Time
   0   5.20930729e+12 -1.28106563e+12  7.88e+03 3.82e+04  3.81e+07     0s
   1   1.00491865e+12 -6.00013170e+11  1.65e+03 7.98e+03  8.21e+06     0s
   2   7.56988233e+10 -6.21519759e+11  1.26e+02 6.13e+02  8.08e+05     0s
   3   9.07637989e+09 -3.74504421e+11  1.54e+01 7.47e+01  1.35e+05     0s
   4   1.30225595e+09 -2.30228902e+11  2.32e+00 1.12e+01  4.84e+04     0s
   5   3.36864228e+08 -8.00155502e+10  5.20e-01 2.52e+00  1.47e+04     0s
   6   2.14368763e+08 -4.35996209e+10  2.58e-01 1.25e+00  7.65e+03     0s
   7   1.59505866e+08 -2.95195859e+10  1.11e-01 5.39e-01  5.00e+03     0s
   8   1.08854391e+08 -4.10981325e+09  1.21e-02 5.89e-02  6.69e+02     0s
   9   9.02395239e+07 -2.25953954e+09  6.50e-03 3.15e-02  3.69e+02     0s
  10   7.40295390e+07 -1.61436221e+09  3.53e-03 1.71e-02  2.64e+02     0s
  11   2.73548458e+07 -2.75158149e+08  3.03e-04 1.47e-03  4.65e+01     0s
  12   4.39307699e+06 -2.60434528e+07  4.01e-06 1.95e-05  4.65e+00     0s
  13   5.89840002e+05 -1.49868891e+06  1.17e-10 3.11e-11  3.19e-01     0s
  14   2.29591803e+05 -1.17234558e+05  3.45e-10 1.30e-11  5.29e-02     0s
  15   1.62154151e+05  1.09596179e+05  2.11e-09 2.05e-11  8.02e-03     0s
  16   1.50432386e+05  1.42471571e+05  7.65e-09 1.06e-11  1.21e-03     0s
  17   1.48382517e+05  1.45986151e+05  1.30e-08 5.91e-12  3.66e-04     0s
  18   1.47891495e+05  1.47793585e+05  2.88e-08 7.46e-12  1.49e-05     0s
  19   1.47867888e+05  1.47863649e+05  9.91e-09 9.18e-12  6.47e-07     0s
  20   1.47866735e+05  1.47866609e+05  4.67e-10 2.01e-11  1.92e-08     0s
  21   1.47866704e+05  1.47866703e+05  2.34e-10 1.12e-11  2.14e-11     0s

Barrier solved model in 21 iterations and 0.07 seconds (0.05 work units)
Optimal objective 1.47866704e+05


User-callback calls 75, time in user-callback 0.00 sec

Gurobi 13.0.2 (win64) logging started Thu Jul 16 16:23:46 2026

Set parameter LogFile to value "C:\Users\ehsanno\DataspellProjects\Spanish_Power_System\results\GoRES\ipopt_logs\2024-12-02_h03.log"

Gurobi 13.0.2 (win64) logging started Thu Jul 16 16:23:46 2026

Set parameter LogFile to value "C:\Users\ehsanno\DataspellProjects\Spanish_Power_System\results\GoRES\ipopt_logs\2024-12-02_h03.log"
Gurobi Optimizer version 13.0.2 build v13.0.2rc1 (win64 - Windows 11+.0 (26200.2))

CPU model: 11th Gen Intel(R) Core(TM) i5-1145G7 @ 2.60GHz, instruction set [SSE2|AVX|AVX2|AVX512]
Thread count: 4 physical cores, 8 logical processors, using up to 8 threads

Non-default parameters:
LogToConsole  0

Optimize a model with 5146 rows, 7859 columns and 19134 nonzeros (Min)
Model fingerprint: 0x3bfc5405
Model has 2487 linear objective coefficients and an objective constant of 1.3809085468000010e+07
Model has 1482 quadratic objective terms
Coefficient statistics:
  Matrix range     [1e+00, 1e+04]
  Objective range  [4e-01, 1e+06]
  QObjective range [2e+04, 2e+04]
  Bounds range     [2e-06, 1e+04]
  RHS range        [2e-06, 8e+00]

Presolve removed 3655 rows and 4196 columns
Presolve time: 0.01s

Barrier solved model in 0 iterations and 0.01 seconds (0.01 work units)
Model is infeasible

User-callback calls 27, time in user-callback 0.00 sec
Gurobi Optimizer version 13.0.2 build v13.0.2rc1 (win64 - Windows 11+.0 (26200.2))

CPU model: 11th Gen Intel(R) Core(TM) i5-1145G7 @ 2.60GHz, instruction set [SSE2|AVX|AVX2|AVX512]
Thread count: 4 physical cores, 8 logical processors, using up to 8 threads

Non-default parameters:
LogToConsole  0

Iteration    Objective       Primal Inf.    Dual Inf.      Time
       0      handle free variables                          0s

IIS computed: 5 constraints and 11 bounds
IIS runtime: 0.21 seconds (0.39 work units)

Gurobi 13.0.2 (win64) logging started Mon Jul 20 15:54:23 2026

Set parameter LogFile to value "C:\Users\ehsanno\DataspellProjects\Spanish_Power_System\results\GoRES\ipopt_logs\2024-12-02_h03.log"

Gurobi 13.0.2 (win64) logging started Mon Jul 20 15:54:23 2026

Set parameter LogFile to value "C:\Users\ehsanno\DataspellProjects\Spanish_Power_System\results\GoRES\ipopt_logs\2024-12-02_h03.log"
Gurobi Optimizer version 13.0.2 build v13.0.2rc1 (win64 - Windows 11+.0 (26200.2))

CPU model: 11th Gen Intel(R) Core(TM) i5-1145G7 @ 2.60GHz, instruction set [SSE2|AVX|AVX2|AVX512]
Thread count: 4 physical cores, 8 logical processors, using up to 8 threads

Non-default parameters:
LogToConsole  0

Optimize a model with 5146 rows, 8031 columns and 19306 nonzeros (Min)
Model fingerprint: 0xe749d045
Model has 2693 linear objective coefficients and an objective constant of 2.0607784969443373e+07
Model has 1660 quadratic objective terms
Coefficient statistics:
  Matrix range     [1e+00, 1e+04]
  Objective range  [2e-01, 1e+06]
  QObjective range [2e+04, 2e+04]
  Bounds range     [2e-06, 1e+04]
  RHS range        [2e-06, 8e+00]

Presolve removed 3652 rows and 4191 columns
Presolve time: 0.02s

Barrier solved model in 0 iterations and 0.02 seconds (0.01 work units)
Model is infeasible

User-callback calls 28, time in user-callback 0.00 sec
Gurobi Optimizer version 13.0.2 build v13.0.2rc1 (win64 - Windows 11+.0 (26200.2))

CPU model: 11th Gen Intel(R) Core(TM) i5-1145G7 @ 2.60GHz, instruction set [SSE2|AVX|AVX2|AVX512]
Thread count: 4 physical cores, 8 logical processors, using up to 8 threads

Non-default parameters:
LogToConsole  0

Iteration    Objective       Primal Inf.    Dual Inf.      Time
       0      handle free variables                          0s

IIS computed: 5 constraints and 13 bounds
IIS runtime: 0.34 seconds (0.38 work units)

Gurobi 13.0.2 (win64) logging started Mon Jul 20 15:56:53 2026

Set parameter LogFile to value "C:\Users\ehsanno\DataspellProjects\Spanish_Power_System\results\GoRES\ipopt_logs\2024-12-02_h03.log"

Gurobi 13.0.2 (win64) logging started Mon Jul 20 15:56:53 2026

Set parameter LogFile to value "C:\Users\ehsanno\DataspellProjects\Spanish_Power_System\results\GoRES\ipopt_logs\2024-12-02_h03.log"
Gurobi Optimizer version 13.0.2 build v13.0.2rc1 (win64 - Windows 11+.0 (26200.2))

CPU model: 11th Gen Intel(R) Core(TM) i5-1145G7 @ 2.60GHz, instruction set [SSE2|AVX|AVX2|AVX512]
Thread count: 4 physical cores, 8 logical processors, using up to 8 threads

Non-default parameters:
LogToConsole  0

Optimize a model with 5146 rows, 8031 columns and 19306 nonzeros (Min)
Model fingerprint: 0x9c793096
Model has 2491 linear objective coefficients and an objective constant of 2.5759707695000011e+07
Model has 1660 quadratic objective terms
Coefficient statistics:
  Matrix range     [1e+00, 1e+04]
  Objective range  [4e-01, 1e+06]
  QObjective range [2e+04, 2e+04]
  Bounds range     [2e-06, 1e+04]
  RHS range        [2e-06, 8e+00]

Presolve removed 3652 rows and 4191 columns
Presolve time: 0.02s

Barrier solved model in 0 iterations and 0.02 seconds (0.01 work units)
Model is infeasible

User-callback calls 28, time in user-callback 0.00 sec
Gurobi Optimizer version 13.0.2 build v13.0.2rc1 (win64 - Windows 11+.0 (26200.2))

CPU model: 11th Gen Intel(R) Core(TM) i5-1145G7 @ 2.60GHz, instruction set [SSE2|AVX|AVX2|AVX512]
Thread count: 4 physical cores, 8 logical processors, using up to 8 threads

Non-default parameters:
LogToConsole  0

Iteration    Objective       Primal Inf.    Dual Inf.      Time
       0      handle free variables                          0s

IIS computed: 5 constraints and 13 bounds
IIS runtime: 0.30 seconds (0.38 work units)

Gurobi 13.0.2 (win64) logging started Mon Jul 20 15:58:38 2026

Set parameter LogFile to value "C:\Users\ehsanno\DataspellProjects\Spanish_Power_System\results\GoRES\ipopt_logs\2024-12-02_h03.log"

Gurobi 13.0.2 (win64) logging started Mon Jul 20 15:58:38 2026

Set parameter LogFile to value "C:\Users\ehsanno\DataspellProjects\Spanish_Power_System\results\GoRES\ipopt_logs\2024-12-02_h03.log"
Gurobi Optimizer version 13.0.2 build v13.0.2rc1 (win64 - Windows 11+.0 (26200.2))

CPU model: 11th Gen Intel(R) Core(TM) i5-1145G7 @ 2.60GHz, instruction set [SSE2|AVX|AVX2|AVX512]
Thread count: 4 physical cores, 8 logical processors, using up to 8 threads

Non-default parameters:
LogToConsole  0

Optimize a model with 5146 rows, 8031 columns and 19306 nonzeros (Min)
Model fingerprint: 0xa8bd54fa
Model has 2491 linear objective coefficients and an objective constant of 3.0911649234000012e+07
Model has 1660 quadratic objective terms
Coefficient statistics:
  Matrix range     [1e+00, 1e+04]
  Objective range  [4e-01, 1e+06]
  QObjective range [2e+04, 2e+04]
  Bounds range     [2e-06, 1e+04]
  RHS range        [2e-06, 8e+00]

Presolve removed 3652 rows and 4191 columns
Presolve time: 0.02s

Barrier solved model in 0 iterations and 0.02 seconds (0.01 work units)
Model is infeasible

User-callback calls 27, time in user-callback 0.00 sec
Gurobi Optimizer version 13.0.2 build v13.0.2rc1 (win64 - Windows 11+.0 (26200.2))

CPU model: 11th Gen Intel(R) Core(TM) i5-1145G7 @ 2.60GHz, instruction set [SSE2|AVX|AVX2|AVX512]
Thread count: 4 physical cores, 8 logical processors, using up to 8 threads

Non-default parameters:
LogToConsole  0

Iteration    Objective       Primal Inf.    Dual Inf.      Time
       0      handle free variables                          0s

IIS computed: 5 constraints and 13 bounds
IIS runtime: 0.35 seconds (0.38 work units)
