This is Ipopt version 3.14.19, running with linear solver ma57.

Number of nonzeros in equality constraint Jacobian...:    13682
Number of nonzeros in inequality constraint Jacobian.:     3120
Number of nonzeros in Lagrangian Hessian.............:      899

Total number of variables............................:     5539
                     variables with only lower bounds:        0
                variables with lower and upper bounds:     4303
                     variables with only upper bounds:        0
Total number of equality constraints.................:     3582
Total number of inequality constraints...............:     1560
        inequality constraints with only lower bounds:        0
   inequality constraints with lower and upper bounds:     1560
        inequality constraints with only upper bounds:        0

iter    objective    inf_pr   inf_du lg(mu)  ||d||  lg(rg) alpha_du alpha_pr  ls
   0  1.0681076e+07 1.77e+01 8.46e+01  -1.0 0.00e+00    -  0.00e+00 0.00e+00   0
   1  1.0680806e+07 1.77e+01 8.41e+01  -1.0 1.60e+01    -  1.19e-02 1.78e-05f  1
   2  8.5786491e+06 1.74e+01 8.41e+01  -1.0 1.69e+01    -  1.67e-03 1.78e-02f  1
   3  8.4346377e+06 1.67e+01 8.35e+01  -1.0 3.51e+01    -  1.26e-02 4.13e-02f  1
   4  7.6163862e+06 1.59e+01 8.11e+01  -1.0 1.41e+01  -4.0 3.19e-02 5.01e-02f  1
   5  6.5241548e+06 1.40e+01 7.44e+01  -1.0 1.39e+01  -4.5 8.84e-02 1.19e-01f  1
   6  3.9978567e+06 1.01e+01 4.29e+01  -1.0 1.61e+01    -  4.03e-01 2.81e-01f  1
   7  1.4595497e+06 2.59e-01 2.21e+01  -1.0 9.10e+00  -5.0 5.67e-01 9.74e-01f  1
   8  1.3096032e+06 1.27e-12 2.76e-01  -1.0 6.18e-01  -5.4 9.88e-01 1.00e+00f  1
   9  1.3344689e+06 8.04e-13 2.03e-03  -1.0 1.15e-01    -  9.94e-01 1.00e+00f  1
iter    objective    inf_pr   inf_du lg(mu)  ||d||  lg(rg) alpha_du alpha_pr  ls
  10  4.6999493e+05 4.62e-13 1.09e-11  -1.7 5.58e-01    -  1.00e+00 1.00e+00f  1
  11  2.0459849e+05 2.17e-13 1.97e-02  -2.5 1.22e+00    -  8.77e-01 1.00e+00f  1
  12  1.4448745e+05 5.26e-13 2.61e-02  -3.8 1.03e+00    -  7.30e-01 9.59e-01f  1
  13  1.3137764e+05 6.63e-13 1.08e-02  -3.8 3.68e-01    -  8.42e-01 1.00e+00f  1
  14  1.2816210e+05 4.60e-13 1.96e-14  -3.8 8.36e-02    -  1.00e+00 1.00e+00f  1
  15  1.2505220e+05 4.36e-13 1.24e-03  -5.7 4.00e-02    -  7.78e-01 9.95e-01f  1
  16  1.2493233e+05 7.81e-13 2.09e-04  -5.7 2.08e-03  -5.9 8.62e-01 1.00e+00f  1
  17  1.2493074e+05 1.92e-12 1.16e-11  -5.7 2.83e-05  -6.4 1.00e+00 1.00e+00f  1
  18  1.2489471e+05 3.96e-13 4.58e-07  -8.6 4.81e-04  -6.9 9.91e-01 1.00e+00f  1
  19  1.2489470e+05 4.08e-13 1.92e-14  -8.6 2.51e-07  -7.3 1.00e+00 1.00e+00h  1

Number of Iterations....: 19

                                   (scaled)                 (unscaled)
Objective...............:   1.2489469639880008e+01    1.2489469639880008e+05
Dual infeasibility......:   1.9213491573374055e-14    1.9213491573374055e-10
Constraint violation....:   7.9242168382620548e-14    4.0822900615467006e-13
Variable bound violation:   1.4542297321895603e-07    1.4542297321895603e-07
Complementarity.........:   2.8648307334488200e-09    2.8648307334488199e-05
Overall NLP error.......:   2.8648307334488200e-09    2.8648307334488199e-05


Number of objective function evaluations             = 20
Number of objective gradient evaluations             = 20
Number of equality constraint evaluations            = 20
Number of inequality constraint evaluations          = 20
Number of equality constraint Jacobian evaluations   = 1
Number of inequality constraint Jacobian evaluations = 1
Number of Lagrangian Hessian evaluations             = 1
Total seconds in IPOPT                               = 0.104

EXIT: Optimal Solution Found.

Gurobi 13.0.2 (win64) logging started Wed Jul 15 11:53:20 2026

Set parameter LogFile to value "C:\Users\ehsanno\DataspellProjects\Spanish_Power_System\results\GoRES\ipopt_logs\2024-07-08_h04.log"

Gurobi 13.0.2 (win64) logging started Wed Jul 15 11:53:20 2026

Set parameter LogFile to value "C:\Users\ehsanno\DataspellProjects\Spanish_Power_System\results\GoRES\ipopt_logs\2024-07-08_h04.log"
Gurobi Optimizer version 13.0.2 build v13.0.2rc1 (win64 - Windows 11+.0 (26200.2))

CPU model: 11th Gen Intel(R) Core(TM) i5-1145G7 @ 2.60GHz, instruction set [SSE2|AVX|AVX2|AVX512]
Thread count: 4 physical cores, 8 logical processors, using up to 8 threads

Non-default parameters:
LogToConsole  0

Optimize a model with 5142 rows, 7197 columns and 18460 nonzeros (Min)
Model fingerprint: 0x9b17079c
Model has 2031 linear objective coefficients and an objective constant of 1.2890680006341089e+07
Model has 973 quadratic objective terms
Coefficient statistics:
  Matrix range     [1e+00, 1e+04]
  Objective range  [9e+00, 1e+06]
  QObjective range [2e+04, 2e+04]
  Bounds range     [2e-06, 1e+04]
  RHS range        [2e-06, 8e+00]

Presolve removed 3670 rows and 4175 columns
Presolve time: 0.02s
Presolved: 1472 rows, 3022 columns, 8989 nonzeros
Presolved model has 899 quadratic objective terms
Ordering time: 0.01s

Barrier statistics:
 AA' NZ     : 1.792e+04
 Factor NZ  : 4.721e+04 (roughly 2 MB of memory)
 Factor Ops : 1.920e+06 (less than 1 second per iteration)
 Threads    : 1

                  Objective                Residual
Iter       Primal          Dual         Primal    Dual     Compl     Time
   0   6.39923793e+12 -6.84432543e+11  7.25e+03 5.34e+03  5.33e+06     0s
   1   1.80028811e+12 -2.12687829e+11  2.15e+03 1.58e+03  1.61e+06     0s
   2   2.63275004e+11 -1.67167166e+11  3.21e+02 2.37e+02  2.98e+05     0s
   3   1.02226668e+11 -1.25965984e+11  1.25e+02 9.24e+01  1.20e+05     0s
   4   1.10357459e+10 -8.72365832e+10  1.42e+01 1.04e+01  2.68e+04     0s
   5   1.66656634e+09 -4.16104771e+10  2.65e+00 1.95e+00  9.39e+03     0s
   6   6.70896935e+08 -2.54111915e+10  1.21e+00 8.91e-01  5.42e+03     0s
   7   4.18069431e+08 -1.60353850e+10  6.02e-01 4.43e-01  3.28e+03     0s
   8   3.13934317e+08 -1.16196069e+10  4.17e-01 3.07e-01  2.32e+03     0s
   9   1.41588504e+08 -6.40201954e+09  1.24e-01 9.14e-02  1.20e+03     0s
  10   7.54988731e+07 -1.47083587e+09  2.66e-02 1.96e-02  2.67e+02     0s
  11   4.09104302e+07 -6.29053445e+08  3.77e-03 2.78e-03  1.12e+02     0s
  12   1.13649815e+07 -1.04837013e+08  9.15e-06 6.74e-06  1.91e+01     0s
  13   1.76085634e+06 -8.97393564e+06  1.37e-07 1.01e-07  1.76e+00     0s
  14   4.93223861e+05 -1.34378108e+06  1.85e-08 1.36e-08  3.02e-01     0s
  15   1.80529649e+05  3.62727894e+04  2.39e-08 2.46e-10  2.37e-02     0s
  16   1.30887061e+05  1.20191875e+05  1.63e-07 1.92e-11  1.76e-03     0s
  17   1.25180214e+05  1.24348840e+05  4.56e-07 1.75e-11  1.37e-04     0s
  18   1.24905835e+05  1.24903978e+05  1.42e-07 9.96e-12  3.09e-07     0s
  19   1.24905215e+05  1.24905213e+05  1.58e-10 8.20e-12  3.09e-10     0s

Barrier solved model in 19 iterations and 0.07 seconds (0.04 work units)
Optimal objective 1.24905215e+05


User-callback calls 76, time in user-callback 0.00 sec

Gurobi 13.0.2 (win64) logging started Wed Jul 15 12:00:38 2026

Set parameter LogFile to value "C:\Users\ehsanno\DataspellProjects\Spanish_Power_System\results\GoRES\ipopt_logs\2024-07-08_h04.log"

Gurobi 13.0.2 (win64) logging started Wed Jul 15 12:00:38 2026

Set parameter LogFile to value "C:\Users\ehsanno\DataspellProjects\Spanish_Power_System\results\GoRES\ipopt_logs\2024-07-08_h04.log"
Gurobi Optimizer version 13.0.2 build v13.0.2rc1 (win64 - Windows 11+.0 (26200.2))

CPU model: 11th Gen Intel(R) Core(TM) i5-1145G7 @ 2.60GHz, instruction set [SSE2|AVX|AVX2|AVX512]
Thread count: 4 physical cores, 8 logical processors, using up to 8 threads

Non-default parameters:
LogToConsole  0

Optimize a model with 5142 rows, 7197 columns and 18460 nonzeros (Min)
Model fingerprint: 0x9b17079c
Model has 2031 linear objective coefficients and an objective constant of 1.2890680006341089e+07
Model has 973 quadratic objective terms
Coefficient statistics:
  Matrix range     [1e+00, 1e+04]
  Objective range  [9e+00, 1e+06]
  QObjective range [2e+04, 2e+04]
  Bounds range     [2e-06, 1e+04]
  RHS range        [2e-06, 8e+00]

Presolve removed 3670 rows and 4175 columns
Presolve time: 0.02s
Presolved: 1472 rows, 3022 columns, 8989 nonzeros
Presolved model has 899 quadratic objective terms
Ordering time: 0.00s

Barrier statistics:
 AA' NZ     : 1.792e+04
 Factor NZ  : 4.721e+04 (roughly 2 MB of memory)
 Factor Ops : 1.920e+06 (less than 1 second per iteration)
 Threads    : 1

                  Objective                Residual
Iter       Primal          Dual         Primal    Dual     Compl     Time
   0   6.39923793e+12 -6.84432543e+11  7.25e+03 5.34e+03  5.33e+06     0s
   1   1.80028811e+12 -2.12687829e+11  2.15e+03 1.58e+03  1.61e+06     0s
   2   2.63275004e+11 -1.67167166e+11  3.21e+02 2.37e+02  2.98e+05     0s
   3   1.02226668e+11 -1.25965984e+11  1.25e+02 9.24e+01  1.20e+05     0s
   4   1.10357459e+10 -8.72365832e+10  1.42e+01 1.04e+01  2.68e+04     0s
   5   1.66656634e+09 -4.16104771e+10  2.65e+00 1.95e+00  9.39e+03     0s
   6   6.70896935e+08 -2.54111915e+10  1.21e+00 8.91e-01  5.42e+03     0s
   7   4.18069431e+08 -1.60353850e+10  6.02e-01 4.43e-01  3.28e+03     0s
   8   3.13934317e+08 -1.16196069e+10  4.17e-01 3.07e-01  2.32e+03     0s
   9   1.41588504e+08 -6.40201954e+09  1.24e-01 9.14e-02  1.20e+03     0s
  10   7.54988731e+07 -1.47083587e+09  2.66e-02 1.96e-02  2.67e+02     0s
  11   4.09104302e+07 -6.29053445e+08  3.77e-03 2.78e-03  1.12e+02     0s
  12   1.13649815e+07 -1.04837013e+08  9.15e-06 6.74e-06  1.91e+01     0s
  13   1.76085634e+06 -8.97393564e+06  1.37e-07 1.01e-07  1.76e+00     0s
  14   4.93223861e+05 -1.34378108e+06  1.85e-08 1.36e-08  3.02e-01     0s
  15   1.80529649e+05  3.62727894e+04  2.39e-08 2.46e-10  2.37e-02     0s
  16   1.30887061e+05  1.20191875e+05  1.63e-07 1.92e-11  1.76e-03     0s
  17   1.25180214e+05  1.24348840e+05  4.56e-07 1.75e-11  1.37e-04     0s
  18   1.24905835e+05  1.24903978e+05  1.42e-07 9.96e-12  3.09e-07     0s
  19   1.24905215e+05  1.24905213e+05  1.58e-10 8.20e-12  3.09e-10     0s

Barrier solved model in 19 iterations and 0.06 seconds (0.04 work units)
Optimal objective 1.24905215e+05


User-callback calls 66, time in user-callback 0.00 sec

Gurobi 13.0.2 (win64) logging started Wed Jul 15 12:15:54 2026

Set parameter LogFile to value "C:\Users\ehsanno\DataspellProjects\Spanish_Power_System\results\GoRES\ipopt_logs\2024-07-08_h04.log"

Gurobi 13.0.2 (win64) logging started Wed Jul 15 12:15:54 2026

Set parameter LogFile to value "C:\Users\ehsanno\DataspellProjects\Spanish_Power_System\results\GoRES\ipopt_logs\2024-07-08_h04.log"
Gurobi Optimizer version 13.0.2 build v13.0.2rc1 (win64 - Windows 11+.0 (26200.2))

CPU model: 11th Gen Intel(R) Core(TM) i5-1145G7 @ 2.60GHz, instruction set [SSE2|AVX|AVX2|AVX512]
Thread count: 4 physical cores, 8 logical processors, using up to 8 threads

Non-default parameters:
LogToConsole  0

Optimize a model with 5142 rows, 7197 columns and 18460 nonzeros (Min)
Model fingerprint: 0x018ed3c5
Model has 2031 linear objective coefficients and an objective constant of 1.3263460084844682e+07
Model has 973 quadratic objective terms
Coefficient statistics:
  Matrix range     [1e+00, 1e+04]
  Objective range  [9e+00, 1e+06]
  QObjective range [2e+04, 2e+04]
  Bounds range     [2e-06, 1e+04]
  RHS range        [2e-06, 8e+00]

Presolve removed 3669 rows and 4174 columns
Presolve time: 0.01s
Presolved: 1473 rows, 3023 columns, 8990 nonzeros
Presolved model has 899 quadratic objective terms
Ordering time: 0.00s

Barrier statistics:
 AA' NZ     : 1.792e+04
 Factor NZ  : 4.680e+04 (roughly 2 MB of memory)
 Factor Ops : 1.875e+06 (less than 1 second per iteration)
 Threads    : 1

                  Objective                Residual
Iter       Primal          Dual         Primal    Dual     Compl     Time
   0   6.39919960e+12 -6.84548195e+11  7.25e+03 5.34e+03  5.33e+06     0s
   1   1.80075022e+12 -2.12804909e+11  2.15e+03 1.58e+03  1.61e+06     0s
   2   2.63485718e+11 -1.67256575e+11  3.21e+02 2.37e+02  2.98e+05     0s
   3   1.02267786e+11 -1.26041577e+11  1.25e+02 9.24e+01  1.20e+05     0s
   4   1.10223717e+10 -8.72966263e+10  1.42e+01 1.04e+01  2.68e+04     0s
   5   1.72052110e+09 -4.18412979e+10  2.70e+00 1.99e+00  9.48e+03     0s
   6   6.98677252e+08 -2.56122670e+10  1.23e+00 9.06e-01  5.48e+03     0s
   7   4.18473971e+08 -1.58101906e+10  5.90e-01 4.35e-01  3.23e+03     0s
   8   3.06421784e+08 -1.10843804e+10  3.94e-01 2.90e-01  2.20e+03     0s
   9   1.36119215e+08 -5.86048672e+09  1.07e-01 7.88e-02  1.09e+03     0s
  10   7.77467262e+07 -1.61854059e+09  2.82e-02 2.07e-02  2.92e+02     0s
  11   3.79051379e+07 -5.18330402e+08  1.27e-03 9.33e-04  9.18e+01     0s
  12   1.34869729e+07 -1.11354037e+08  1.29e-04 9.53e-05  2.05e+01     0s
  13   1.58292113e+06 -6.29367731e+06  2.89e-06 2.13e-06  1.29e+00     0s
  14   4.45791026e+05 -8.01208881e+05  2.92e-07 2.15e-07  2.05e-01     0s
  15   1.94611077e+05  1.11073228e+05  1.14e-08 4.50e-09  1.37e-02     0s
  16   1.59805278e+05  1.52690147e+05  1.55e-07 1.15e-11  1.17e-03     0s
  17   1.56106332e+05  1.55715949e+05  3.26e-07 7.77e-12  6.41e-05     0s
  18   1.55966842e+05  1.55945335e+05  7.28e-06 1.63e-11  3.29e-06     0s
  19   1.55958578e+05  1.55956752e+05  1.47e-06 1.10e-11  3.11e-07     0s
  20   1.55957859e+05  1.55957585e+05  5.68e-08 9.36e-12  4.51e-08     0s
  21   1.55957868e+05  1.55957585e+05  1.83e-07 7.41e-12  4.51e-08     0s
  22   1.55957805e+05  1.55957584e+05  2.99e-07 7.65e-12  4.50e-08     0s
  23   1.55957605e+05  1.55957583e+05  6.54e-07 4.98e-12  4.49e-08     0s
  24   1.55957648e+05  1.55957663e+05  1.29e-06 3.92e-12  1.98e-08     0s
  25   1.55957149e+05  1.55957664e+05  2.90e-06 5.28e-12  1.90e-08     0s
  26   1.55957189e+05  1.55957664e+05  4.19e-06 9.79e-12  1.90e-08     0s
  27   1.55957760e+05  1.55957643e+05  2.48e-07 7.22e-11  1.92e-08     0s
  28   1.55957732e+05  1.55957696e+05  3.45e-07 6.47e-12  6.92e-09     0s
  29   1.55957694e+05  1.55957713e+05  2.60e-07 1.05e-11  3.16e-09     0s
  30   1.55957586e+05  1.55957714e+05  6.12e-07 6.93e-12  2.84e-09     0s
  31   1.55957437e+05  1.55957715e+05  1.09e-06 8.71e-12  2.49e-09     0s
  32   1.55957136e+05  1.55957719e+05  1.74e-06 1.09e-11  1.64e-09     0s
  33   1.55957723e+05  1.55957726e+05  1.23e-07 1.01e-11  2.73e-11     0s

Barrier solved model in 33 iterations and 0.08 seconds (0.08 work units)
Optimal objective 1.55957723e+05


User-callback calls 85, time in user-callback 0.00 sec

Gurobi 13.0.2 (win64) logging started Wed Jul 15 12:32:07 2026

Set parameter LogFile to value "C:\Users\ehsanno\DataspellProjects\Spanish_Power_System\results\GoRES\ipopt_logs\2024-07-08_h04.log"

Gurobi 13.0.2 (win64) logging started Wed Jul 15 12:32:07 2026

Set parameter LogFile to value "C:\Users\ehsanno\DataspellProjects\Spanish_Power_System\results\GoRES\ipopt_logs\2024-07-08_h04.log"
Gurobi Optimizer version 13.0.2 build v13.0.2rc1 (win64 - Windows 11+.0 (26200.2))

CPU model: 11th Gen Intel(R) Core(TM) i5-1145G7 @ 2.60GHz, instruction set [SSE2|AVX|AVX2|AVX512]
Thread count: 4 physical cores, 8 logical processors, using up to 8 threads

Non-default parameters:
LogToConsole  0

Optimize a model with 5142 rows, 7197 columns and 18460 nonzeros (Min)
Model fingerprint: 0xd5f44d37
Model has 2031 linear objective coefficients and an objective constant of 13263460.54208
Model has 973 quadratic objective terms
Coefficient statistics:
  Matrix range     [1e+00, 1e+04]
  Objective range  [9e+00, 1e+06]
  QObjective range [2e+04, 2e+04]
  Bounds range     [2e-06, 1e+04]
  RHS range        [2e-06, 8e+00]

Presolve removed 3669 rows and 4174 columns
Presolve time: 0.02s
Presolved: 1473 rows, 3023 columns, 8990 nonzeros
Presolved model has 899 quadratic objective terms
Ordering time: 0.00s

Barrier statistics:
 AA' NZ     : 1.792e+04
 Factor NZ  : 4.680e+04 (roughly 2 MB of memory)
 Factor Ops : 1.875e+06 (less than 1 second per iteration)
 Threads    : 1

                  Objective                Residual
Iter       Primal          Dual         Primal    Dual     Compl     Time
   0   6.39919960e+12 -6.84548194e+11  7.25e+03 5.34e+03  5.33e+06     0s
   1   1.80075022e+12 -2.12804909e+11  2.15e+03 1.58e+03  1.61e+06     0s
   2   2.63485719e+11 -1.67256575e+11  3.21e+02 2.37e+02  2.98e+05     0s
   3   1.02267787e+11 -1.26041577e+11  1.25e+02 9.24e+01  1.20e+05     0s
   4   1.10223694e+10 -8.72966257e+10  1.42e+01 1.04e+01  2.68e+04     0s
   5   1.72052162e+09 -4.18412985e+10  2.70e+00 1.99e+00  9.48e+03     0s
   6   6.98677395e+08 -2.56122653e+10  1.23e+00 9.06e-01  5.48e+03     0s
   7   4.18474094e+08 -1.58101917e+10  5.90e-01 4.35e-01  3.23e+03     0s
   8   3.06421678e+08 -1.10843730e+10  3.94e-01 2.90e-01  2.20e+03     0s
   9   1.36119120e+08 -5.86047976e+09  1.07e-01 7.88e-02  1.09e+03     0s
  10   7.77466857e+07 -1.61853861e+09  2.82e-02 2.07e-02  2.92e+02     0s
  11   3.79051770e+07 -5.18331584e+08  1.27e-03 9.33e-04  9.18e+01     0s
  12   1.34869718e+07 -1.11353877e+08  1.29e-04 9.53e-05  2.05e+01     0s
  13   1.58292253e+06 -6.29368645e+06  2.89e-06 2.13e-06  1.29e+00     0s
  14   4.45792266e+05 -8.01214291e+05  2.92e-07 2.15e-07  2.05e-01     0s
  15   1.94611594e+05  1.11072871e+05  3.22e-08 4.50e-09  1.37e-02     0s
  16   1.59805569e+05  1.52689938e+05  2.51e-07 1.90e-11  1.17e-03     0s
  17   1.56106483e+05  1.55716175e+05  7.03e-07 6.81e-12  6.41e-05     0s
  18   1.55955817e+05  1.55945349e+05  4.36e-05 1.02e-11  3.23e-06     0s
  19   1.55958938e+05  1.55945546e+05  2.70e-05 8.11e-12  3.23e-06     0s
  20   1.55958254e+05  1.55957043e+05  3.11e-06 1.10e-11  3.11e-07     0s
  21   1.55957261e+05  1.55957155e+05  5.40e-06 5.85e-12  2.71e-07     0s
  22   1.55956324e+05  1.55957153e+05  9.12e-06 9.57e-12  2.67e-07     0s
  23   1.55953433e+05  1.55957277e+05  1.92e-05 8.67e-12  2.15e-07     0s
  24   1.55957973e+05  1.55957937e+05  5.55e-06 1.11e-11  3.06e-08     0s
  25   1.55955095e+05  1.55957966e+05  8.79e-06 8.80e-12  1.75e-08     0s
  26   1.55953526e+05  1.55957966e+05  1.52e-05 8.79e-12  1.53e-08     0s
  27   1.55951731e+05  1.55957975e+05  2.14e-05 9.95e-12  1.03e-08     0s
  28   1.55947312e+05  1.55957995e+05  2.70e-05 1.28e-11  2.04e-10     0s
  29   1.55948932e+05  1.55958007e+05  3.09e-05 1.60e-11  2.80e-11     0s
  30   1.55950110e+05  1.55958014e+05  1.40e-05 1.00e-11  4.38e-13     0s
  31   1.55950364e+05  1.55958016e+05  2.18e-05 7.29e-12  4.55e-16     0s
  32   1.55951303e+05  1.55958020e+05  1.67e-05 7.28e-12  6.24e-18     0s
  33   1.55952317e+05  1.55958024e+05  1.44e-05 1.46e-11  1.29e-19     0s
  34   1.55953018e+05  1.55958027e+05  1.34e-05 7.28e-12  1.79e-21     0s
  35   1.55953774e+05  1.55958029e+05  9.99e-06 1.82e-12  3.81e-23     0s
  36   1.55953911e+05  1.55958030e+05  1.24e-05 3.64e-12  4.31e-26     0s
  37   1.55954044e+05  1.55958030e+05  8.65e-06 1.46e-11  3.87e-26     0s
  38   1.55954296e+05  1.55958031e+05  1.08e-05 1.82e-12  1.26e-27     0s
  39   1.55954533e+05  1.55958031e+05  8.50e-06 7.28e-12  1.98e-27     0s
  40   1.55954755e+05  1.55958032e+05  1.02e-05 7.28e-12  2.55e-27     0s
  41   1.55954860e+05  1.55958032e+05  8.17e-06 7.28e-12  4.01e-27     0s
  42   1.55954962e+05  1.55958032e+05  8.22e-06 2.27e-13  4.91e-27     0s
  43   1.55955157e+05  1.55958033e+05  8.42e-06 1.46e-11  5.49e-27     0s

Barrier performed 43 iterations in 0.11 seconds (0.09 work units)
Sub-optimal termination - objective 1.55958254e+05


User-callback calls 107, time in user-callback 0.00 sec

Gurobi 13.0.2 (win64) logging started Wed Jul 15 14:21:56 2026

Set parameter LogFile to value "C:\Users\ehsanno\DataspellProjects\Spanish_Power_System\results\GoRES\ipopt_logs\2024-07-08_h04.log"

Gurobi 13.0.2 (win64) logging started Wed Jul 15 14:21:56 2026

Set parameter LogFile to value "C:\Users\ehsanno\DataspellProjects\Spanish_Power_System\results\GoRES\ipopt_logs\2024-07-08_h04.log"
Gurobi Optimizer version 13.0.2 build v13.0.2rc1 (win64 - Windows 11+.0 (26200.2))

CPU model: 11th Gen Intel(R) Core(TM) i5-1145G7 @ 2.60GHz, instruction set [SSE2|AVX|AVX2|AVX512]
Thread count: 4 physical cores, 8 logical processors, using up to 8 threads

Non-default parameters:
LogToConsole  0

Optimize a model with 5142 rows, 7197 columns and 18460 nonzeros (Min)
Model fingerprint: 0x092ffd77
Model has 2031 linear objective coefficients and an objective constant of 1.2888569135391248e+07
Model has 973 quadratic objective terms
Coefficient statistics:
  Matrix range     [1e+00, 1e+04]
  Objective range  [9e+00, 1e+06]
  QObjective range [2e+04, 2e+04]
  Bounds range     [2e-06, 1e+04]
  RHS range        [2e-06, 8e+00]

Presolve removed 3669 rows and 4174 columns
Presolve time: 0.02s
Presolved: 1473 rows, 3023 columns, 8990 nonzeros
Presolved model has 899 quadratic objective terms
Ordering time: 0.00s

Barrier statistics:
 AA' NZ     : 1.792e+04
 Factor NZ  : 4.680e+04 (roughly 2 MB of memory)
 Factor Ops : 1.875e+06 (less than 1 second per iteration)
 Threads    : 1

                  Objective                Residual
Iter       Primal          Dual         Primal    Dual     Compl     Time
   0   6.39920910e+12 -6.84688667e+11  7.25e+03 5.34e+03  5.33e+06     0s
   1   1.80032922e+12 -2.12951837e+11  2.15e+03 1.58e+03  1.61e+06     0s
   2   2.63162289e+11 -1.67429958e+11  3.21e+02 2.36e+02  2.97e+05     0s
   3   1.02297509e+11 -1.26250196e+11  1.26e+02 9.24e+01  1.20e+05     0s
   4   1.12461178e+10 -8.75810373e+10  1.44e+01 1.06e+01  2.70e+04     0s
   5   1.73179086e+09 -4.25337431e+10  2.73e+00 2.01e+00  9.62e+03     0s
   6   6.59946047e+08 -2.51450170e+10  1.21e+00 8.93e-01  5.34e+03     0s
   7   4.14452577e+08 -1.58413072e+10  5.93e-01 4.36e-01  3.22e+03     0s
   8   2.99395729e+08 -1.09188356e+10  3.88e-01 2.85e-01  2.16e+03     0s
   9   1.37355856e+08 -5.93414723e+09  1.12e-01 8.22e-02  1.10e+03     0s
  10   7.72593181e+07 -1.59446457e+09  2.85e-02 2.10e-02  2.88e+02     0s
  11   3.76691296e+07 -5.09637900e+08  1.28e-03 9.45e-04  9.04e+01     0s
  12   1.47279986e+07 -1.33047450e+08  1.76e-04 1.29e-04  2.43e+01     0s
  13   1.78154426e+06 -6.95543396e+06  3.96e-06 2.92e-06  1.44e+00     0s
  14   4.77754126e+05 -1.01550079e+06  4.61e-07 3.39e-07  2.45e-01     0s
  15   1.78703326e+05  6.84131848e+04  2.64e-08 8.61e-09  1.81e-02     0s
  16   1.36004658e+05  1.27395720e+05  1.10e-07 1.73e-11  1.41e-03     0s
  17   1.31354314e+05  1.30805395e+05  1.01e-06 8.03e-12  9.01e-05     0s
  18   1.31115347e+05  1.31090321e+05  6.85e-06 1.82e-11  4.00e-06     0s
  19   1.31112802e+05  1.31091345e+05  4.80e-06 1.17e-11  3.71e-06     0s
  20   1.31107022e+05  1.31105976e+05  3.09e-06 1.07e-11  2.66e-07     0s
  21   1.31106706e+05  1.31106054e+05  4.54e-06 1.31e-11  2.39e-07     0s
  22   1.31104860e+05  1.31106095e+05  9.26e-06 7.31e-12  2.14e-07     0s
  23   1.31106760e+05  1.31106719e+05  7.20e-06 1.36e-11  3.10e-08     0s
  24   1.31104635e+05  1.31106744e+05  1.14e-05 1.11e-11  1.88e-08     0s
  25   1.31103456e+05  1.31106771e+05  1.99e-05 5.56e-12  9.31e-09     0s
  26   1.31102012e+05  1.31106769e+05  1.82e-05 1.03e-11  7.09e-09     0s
  27   1.31098441e+05  1.31106770e+05  1.76e-05 9.73e-12  8.65e-12     0s
  28   1.31098534e+05  1.31106771e+05  2.23e-05 7.63e-12  3.46e-12     0s
  29   1.31098781e+05  1.31106774e+05  1.95e-05 7.31e-12  3.37e-15     0s
  30   1.31099022e+05  1.31106777e+05  2.32e-05 1.82e-12  3.29e-18     0s

Barrier performed 30 iterations in 0.11 seconds (0.07 work units)
Sub-optimal termination - objective 1.31107022e+05


User-callback calls 90, time in user-callback 0.00 sec

Gurobi 13.0.2 (win64) logging started Wed Jul 15 14:28:01 2026

Set parameter LogFile to value "C:\Users\ehsanno\DataspellProjects\Spanish_Power_System\results\GoRES\ipopt_logs\2024-07-08_h04.log"

Gurobi 13.0.2 (win64) logging started Wed Jul 15 14:28:01 2026

Set parameter LogFile to value "C:\Users\ehsanno\DataspellProjects\Spanish_Power_System\results\GoRES\ipopt_logs\2024-07-08_h04.log"
Gurobi Optimizer version 13.0.2 build v13.0.2rc1 (win64 - Windows 11+.0 (26200.2))

CPU model: 11th Gen Intel(R) Core(TM) i5-1145G7 @ 2.60GHz, instruction set [SSE2|AVX|AVX2|AVX512]
Thread count: 4 physical cores, 8 logical processors, using up to 8 threads

Non-default parameters:
LogToConsole  0

Optimize a model with 5142 rows, 7197 columns and 18460 nonzeros (Min)
Model fingerprint: 0x36dc00ba
Model has 2031 linear objective coefficients and an objective constant of 1.2888569135391248e+07
Model has 973 quadratic objective terms
Coefficient statistics:
  Matrix range     [1e+00, 1e+04]
  Objective range  [9e+00, 1e+06]
  QObjective range [2e+04, 2e+04]
  Bounds range     [2e-06, 1e+04]
  RHS range        [2e-06, 8e+00]

Presolve removed 3666 rows and 4169 columns
Presolve time: 0.01s
Presolved: 1476 rows, 3028 columns, 8927 nonzeros
Presolved model has 899 quadratic objective terms
Ordering time: 0.00s

Barrier statistics:
 AA' NZ     : 1.769e+04
 Factor NZ  : 4.685e+04 (roughly 2 MB of memory)
 Factor Ops : 1.864e+06 (less than 1 second per iteration)
 Threads    : 1

                  Objective                Residual
Iter       Primal          Dual         Primal    Dual     Compl     Time
   0   4.90877724e+12 -5.21263494e+11  6.25e+03 3.32e+03  3.30e+06     0s
   1   1.37432812e+12 -9.66921546e+10  1.87e+03 9.95e+02  1.01e+06     0s
   2   2.31885902e+11 -5.83940470e+10  3.24e+02 1.72e+02  2.23e+05     0s
   3   1.14099586e+10 -4.25670685e+10  1.63e+01 8.67e+00  1.70e+04     0s
   4   2.67683857e+09 -2.38492491e+10  4.04e+00 2.15e+00  6.25e+03     0s
   5   8.93223404e+08 -1.19148198e+10  1.50e+00 7.97e-01  2.68e+03     0s
   6   3.72342578e+08 -7.92226087e+09  6.54e-01 3.47e-01  1.67e+03     0s
   7   2.36672435e+08 -5.52422352e+09  3.80e-01 2.02e-01  1.12e+03     0s
   8   1.69223887e+08 -3.78510157e+09  2.08e-01 1.11e-01  7.42e+02     0s
   9   7.37463074e+07 -1.31796264e+09  1.96e-02 1.04e-02  2.36e+02     0s
  10   3.69579885e+07 -4.34097890e+08  3.96e-03 2.11e-03  7.81e+01     0s
  11   1.38626150e+07 -8.57287578e+07  3.02e-04 1.60e-04  1.64e+01     0s
  12   5.52712046e+06 -2.88446211e+06  1.14e-05 6.07e-06  1.38e+00     0s
  13   4.29344870e+06  2.96653708e+06  6.80e-10 1.66e-11  2.18e-01     0s
  14   4.00441231e+06  3.93914572e+06  5.57e-10 8.09e-12  1.07e-02     0s
  15   3.98254922e+06  3.97598444e+06  7.56e-08 8.45e-12  1.08e-03     0s
  16   3.98099066e+06  3.98059635e+06  6.52e-08 8.73e-12  6.47e-05     0s
  17   3.98089121e+06  3.98085633e+06  3.07e-08 1.37e-11  5.73e-06     0s
  18   3.98088237e+06  3.98088172e+06  3.23e-08 6.60e-12  1.06e-07     0s
  19   3.98088221e+06  3.98088218e+06  5.30e-08 1.49e-11  7.51e-10     0s

Barrier solved model in 19 iterations and 0.06 seconds (0.04 work units)
Optimal objective 3.98088221e+06


User-callback calls 71, time in user-callback 0.00 sec

Gurobi 13.0.2 (win64) logging started Wed Jul 15 14:31:08 2026

Set parameter LogFile to value "C:\Users\ehsanno\DataspellProjects\Spanish_Power_System\results\GoRES\ipopt_logs\2024-07-08_h04.log"

Gurobi 13.0.2 (win64) logging started Wed Jul 15 14:31:08 2026

Set parameter LogFile to value "C:\Users\ehsanno\DataspellProjects\Spanish_Power_System\results\GoRES\ipopt_logs\2024-07-08_h04.log"
Gurobi Optimizer version 13.0.2 build v13.0.2rc1 (win64 - Windows 11+.0 (26200.2))

CPU model: 11th Gen Intel(R) Core(TM) i5-1145G7 @ 2.60GHz, instruction set [SSE2|AVX|AVX2|AVX512]
Thread count: 4 physical cores, 8 logical processors, using up to 8 threads

Non-default parameters:
LogToConsole  0

Optimize a model with 5142 rows, 7197 columns and 18460 nonzeros (Min)
Model fingerprint: 0xaf7bebb9
Model has 2031 linear objective coefficients and an objective constant of 1.2888596441199981e+07
Model has 973 quadratic objective terms
Coefficient statistics:
  Matrix range     [1e+00, 1e+04]
  Objective range  [9e+00, 1e+06]
  QObjective range [2e+04, 2e+04]
  Bounds range     [2e-06, 1e+04]
  RHS range        [2e-06, 8e+00]

Presolve removed 3671 rows and 4175 columns
Presolve time: 0.01s
Presolved: 1471 rows, 3022 columns, 8929 nonzeros
Presolved model has 899 quadratic objective terms
Ordering time: 0.00s

Barrier statistics:
 AA' NZ     : 1.771e+04
 Factor NZ  : 4.710e+04 (roughly 2 MB of memory)
 Factor Ops : 1.906e+06 (less than 1 second per iteration)
 Threads    : 1

                  Objective                Residual
Iter       Primal          Dual         Primal    Dual     Compl     Time
   0   5.11764237e+12 -5.49814513e+11  6.50e+03 3.60e+03  3.59e+06     0s
   1   1.42798846e+12 -1.16341144e+11  1.94e+03 1.07e+03  1.09e+06     0s
   2   2.30847289e+11 -7.95744664e+10  3.21e+02 1.78e+02  2.31e+05     0s
   3   2.84535710e+10 -5.47584379e+10  4.01e+01 2.22e+01  3.41e+04     0s
   4   7.45683021e+09 -3.24228963e+10  1.08e+01 6.00e+00  1.14e+04     0s
   5   1.07161125e+09 -1.26198592e+10  1.89e+00 1.05e+00  2.92e+03     0s
   6   6.25899836e+08 -1.04990002e+10  1.18e+00 6.57e-01  2.35e+03     0s
   7   3.82149408e+08 -7.48500344e+09  7.93e-01 4.39e-01  1.61e+03     0s
   8   2.82651735e+08 -5.86912547e+09  6.01e-01 3.33e-01  1.23e+03     0s
   9   2.25124890e+08 -4.60258262e+09  3.99e-01 2.21e-01  9.43e+02     0s
  10   1.61640663e+08 -3.24993815e+09  2.37e-01 1.31e-01  6.45e+02     0s
  11   9.47944767e+07 -1.88232853e+09  8.47e-02 4.70e-02  3.55e+02     0s
  12   3.08420311e+07 -3.21400666e+08  8.35e-03 4.63e-03  5.92e+01     0s
  13   6.23756025e+06 -4.51421784e+07  8.35e-09 4.63e-09  8.44e+00     0s
  14   1.02588863e+06 -1.71757968e+06  9.77e-10 1.26e-11  4.51e-01     0s
  15   4.81855370e+05  2.52271623e+05  8.45e-09 1.68e-11  3.77e-02     0s
  16   4.06158991e+05  3.77429872e+05  9.18e-08 1.17e-11  4.72e-03     0s
  17   3.95128174e+05  3.90635283e+05  2.19e-07 1.32e-11  7.38e-04     0s
  18   3.93083090e+05  3.92768752e+05  6.48e-08 9.38e-12  5.17e-05     0s
  19   3.92965879e+05  3.92925226e+05  2.35e-06 1.23e-11  6.66e-06     0s
  20   3.92953590e+05  3.92953303e+05  2.30e-06 1.29e-11  6.52e-08     0s
  21   3.92952679e+05  3.92953523e+05  5.15e-06 1.07e-11  6.56e-11     0s
  22   3.92952756e+05  3.92953524e+05  1.75e-06 1.17e-11  6.56e-14     0s
  23   3.92952862e+05  3.92953524e+05  2.16e-06 1.46e-11  3.70e-16     0s
  24   3.92953067e+05  3.92953524e+05  1.61e-06 1.46e-11  3.71e-19     0s
  25   3.92953156e+05  3.92953524e+05  1.28e-06 7.28e-12  3.71e-22     0s
  26   3.92953173e+05  3.92953524e+05  1.03e-06 7.28e-12  3.71e-25     0s
  27   3.92953222e+05  3.92953524e+05  9.91e-07 7.28e-12  1.11e-27     0s
  28   3.92953230e+05  3.92953524e+05  1.30e-06 1.46e-11  1.65e-27     0s
  29   3.92953247e+05  3.92953524e+05  8.44e-07 1.46e-11  2.08e-27     0s
  30   3.92953270e+05  3.92953524e+05  8.58e-07 7.28e-12  3.22e-27     0s
  31   3.92953284e+05  3.92953524e+05  8.28e-07 7.28e-12  2.16e-27     0s
  32   3.92953319e+05  3.92953524e+05  7.53e-07 7.28e-12  3.27e-27     0s

Barrier solved model in 32 iterations and 0.08 seconds (0.07 work units)
Optimal objective 3.93083090e+05


User-callback calls 87, time in user-callback 0.00 sec

Gurobi 13.0.2 (win64) logging started Wed Jul 15 17:24:34 2026

Set parameter LogFile to value "C:\Users\ehsanno\DataspellProjects\Spanish_Power_System\results\GoRES\ipopt_logs\2024-07-08_h04.log"

Gurobi 13.0.2 (win64) logging started Wed Jul 15 17:24:34 2026

Set parameter LogFile to value "C:\Users\ehsanno\DataspellProjects\Spanish_Power_System\results\GoRES\ipopt_logs\2024-07-08_h04.log"
Gurobi Optimizer version 13.0.2 build v13.0.2rc1 (win64 - Windows 11+.0 (26200.2))

CPU model: 11th Gen Intel(R) Core(TM) i5-1145G7 @ 2.60GHz, instruction set [SSE2|AVX|AVX2|AVX512]
Thread count: 4 physical cores, 8 logical processors, using up to 8 threads

Non-default parameters:
LogToConsole  0

Optimize a model with 5146 rows, 7443 columns and 18718 nonzeros (Min)
Model fingerprint: 0x3d4f22f5
Model has 2199 linear objective coefficients and an objective constant of 1.2987578812192440e+07
Model has 972 quadratic objective terms
Coefficient statistics:
  Matrix range     [1e+00, 1e+04]
  Objective range  [3e-02, 1e+06]
  QObjective range [2e+04, 2e+04]
  Bounds range     [2e-06, 1e+04]
  RHS range        [2e-06, 8e+00]

Presolve removed 10 rows and 197 columns
Presolve time: 0.00s

Barrier solved model in 0 iterations and 0.00 seconds (0.00 work units)
Model is infeasible

User-callback calls 25, time in user-callback 0.00 sec

Gurobi 13.0.2 (win64) logging started Wed Jul 15 17:27:40 2026

Set parameter LogFile to value "C:\Users\ehsanno\DataspellProjects\Spanish_Power_System\results\GoRES\ipopt_logs\2024-07-08_h04.log"

Gurobi 13.0.2 (win64) logging started Wed Jul 15 17:27:40 2026

Set parameter LogFile to value "C:\Users\ehsanno\DataspellProjects\Spanish_Power_System\results\GoRES\ipopt_logs\2024-07-08_h04.log"
Gurobi Optimizer version 13.0.2 build v13.0.2rc1 (win64 - Windows 11+.0 (26200.2))

CPU model: 11th Gen Intel(R) Core(TM) i5-1145G7 @ 2.60GHz, instruction set [SSE2|AVX|AVX2|AVX512]
Thread count: 4 physical cores, 8 logical processors, using up to 8 threads

Non-default parameters:
LogToConsole  0

Optimize a model with 5146 rows, 7443 columns and 18718 nonzeros (Min)
Model fingerprint: 0x07b786a3
Model has 2199 linear objective coefficients and an objective constant of 1.2987582397999998e+07
Model has 972 quadratic objective terms
Coefficient statistics:
  Matrix range     [1e+00, 1e+04]
  Objective range  [4e-01, 1e+06]
  QObjective range [2e+04, 2e+04]
  Bounds range     [2e-06, 1e+04]
  RHS range        [2e-06, 8e+00]

Presolve removed 3646 rows and 4253 columns
Presolve time: 0.02s
Presolved: 1500 rows, 3190 columns, 9189 nonzeros
Presolved model has 898 quadratic objective terms
Ordering time: 0.01s

Barrier statistics:
 AA' NZ     : 1.800e+04
 Factor NZ  : 4.915e+04 (roughly 2 MB of memory)
 Factor Ops : 2.102e+06 (less than 1 second per iteration)
 Threads    : 1

                  Objective                Residual
Iter       Primal          Dual         Primal    Dual     Compl     Time
   0   5.61859352e+12 -1.66376224e+12  7.38e+03 3.76e+04  3.75e+07     0s
   1   1.15450630e+12 -8.43263343e+11  1.62e+03 8.29e+03  8.52e+06     0s
   2   9.00837824e+10 -7.71362150e+11  1.29e+02 6.59e+02  8.30e+05     0s
   3   1.61536140e+10 -4.23349833e+11  2.36e+01 1.21e+02  1.81e+05     0s
   4   2.39662871e+09 -2.36118085e+11  3.79e+00 1.93e+01  5.59e+04     0s
   5   8.60792473e+08 -1.20748023e+11  1.44e+00 7.36e+00  2.57e+04     0s
   6   6.56237650e+08 -9.79278690e+10  1.05e+00 5.35e+00  2.05e+04     0s
   7   5.46576872e+08 -8.07226023e+10  8.50e-01 4.34e+00  1.67e+04     0s
   8   5.06047672e+08 -7.31411528e+10  7.69e-01 3.92e+00  1.51e+04     0s
   9   4.77707440e+08 -6.69654907e+10  7.09e-01 3.62e+00  1.39e+04     0s
  10   4.56091940e+08 -6.11372836e+10  6.59e-01 3.36e+00  1.29e+04     0s
  11   4.46159456e+08 -5.75653681e+10  6.35e-01 3.24e+00  1.25e+04     0s
  12   4.28014291e+08 -4.77543944e+10  5.91e-01 3.02e+00  1.16e+04     0s
  13   4.14435189e+08 -3.74063962e+10  5.63e-01 2.87e+00  1.10e+04     0s
  14   4.07217469e+08 -2.80204281e+10  5.43e-01 2.77e+00  1.06e+04     0s
  15   4.00694725e+08 -8.95406296e+09  5.27e-01 2.69e+00  1.02e+04     0s
  16   3.97945355e+08  7.98450929e+09  5.18e-01 2.64e+00  1.00e+04     0s
  17   3.94935883e+08  3.28461987e+10  5.11e-01 2.61e+00  9.88e+03     0s
  18   3.91970280e+08  8.69571773e+10  5.05e-01 2.57e+00  9.71e+03     0s
  19   3.90021498e+08  1.64441086e+11  5.01e-01 2.56e+00  9.65e+03     0s
  20   3.87781875e+08  2.92506265e+11  4.99e-01 2.55e+00  9.63e+03     0s
  21   3.87314538e+08  5.56022585e+11  4.97e-01 5.37e-02  9.64e+03     0s
  22   9.66015107e+13 -4.61346480e+13  7.37e+04 3.76e+04  3.74e+08     0s
  23   1.70973141e+13 -4.36104756e+12  1.98e+04 1.01e+04  1.36e+08     0s
  24   1.42673165e+12 -1.43679210e+12  1.99e+03 1.02e+03  1.76e+07     0s
  25   5.64259397e+10 -1.22369469e+12  8.08e+01 4.12e+01  8.81e+05     0s
  26   1.12004741e+10 -8.02302865e+11  1.62e+01 8.28e+00  2.74e+05     0s
  27   1.66145882e+09 -2.67501309e+11  2.52e+00 1.29e+00  6.03e+04     0s
  28   8.05969590e+08 -1.56708566e+11  1.21e+00 6.19e-01  3.27e+04     0s
  29   6.20515574e+08 -1.25922821e+11  8.99e-01 4.59e-01  2.61e+04     0s
  30   5.38986259e+08 -1.09772976e+11  7.61e-01 3.88e-01  2.33e+04     0s
  31   4.83931823e+08 -9.47293177e+10  6.70e-01 3.42e-01  2.05e+04     0s
  32   4.55059275e+08 -8.41069927e+10  6.22e-01 3.17e-01  1.90e+04     0s
  33   4.41780219e+08 -7.71451027e+10  6.00e-01 3.06e-01  1.83e+04     0s
  34   4.26196986e+08 -6.64967237e+10  5.75e-01 2.94e-01  1.75e+04     0s
  35   4.17022779e+08 -5.52277603e+10  5.58e-01 2.85e-01  1.70e+04     0s
  36   4.11818687e+08 -4.37897364e+10  5.44e-01 2.77e-01  1.65e+04     0s
  37   4.05588870e+08 -1.37259761e+10  5.26e-01 2.69e-01  1.59e+04     0s
  38   4.01502939e+08  1.55607283e+10  5.17e-01 2.64e-01  1.56e+04     0s
  39   3.97545287e+08  6.11669403e+10  5.10e-01 2.60e-01  1.53e+04     0s
  40   3.94114247e+08  1.62776427e+11  5.03e-01 2.57e-01  1.50e+04     0s
  41   3.91487461e+08  3.16706252e+11  5.00e-01 2.55e-01  1.49e+04     0s
  42   3.90814643e+08  5.10567096e+11  4.98e-01 2.54e-01  1.50e+04     0s
  43   3.90371815e+08  8.51936033e+11  4.97e-01 2.51e-01  1.51e+04     0s
  44   3.90548759e+08  1.21400147e+12  4.97e-01 2.51e-01  1.52e+04     0s
  45   3.89070816e+08  1.39032310e+12  4.96e-01 2.51e-01  1.53e+04     0s
  46   3.88775669e+08  1.80396184e+12  4.96e-01 2.51e-01  1.55e+04     0s
  47   3.87631994e+08  2.41209662e+12  4.96e-01 2.51e-01  1.58e+04     0s
  48   3.87933188e+08  3.85940333e+12  4.96e-01 2.50e-01  1.64e+04     0s
  49   3.87714167e+08  4.14086803e+12  4.95e-01 2.50e-01  1.65e+04     0s
  50   3.85550540e+08  5.62769293e+12  4.95e-01 2.50e-01  1.71e+04     0s
  51   3.84705613e+08  7.07049409e+12  4.95e-01 2.50e-01  1.76e+04     0s
  52   3.82687126e+08  1.12494252e+13  4.95e-01 2.50e-01  1.90e+04     0s
  53   3.79488353e+08  3.14863388e+13  4.94e-01 2.50e-01  2.25e+04     0s
  54   3.78008039e+08  8.56554703e+13  4.94e-01 2.50e-01  3.17e+04     0s
  55   3.78703285e+08  3.09859624e+14  4.94e-01 2.50e-01  5.91e+04     0s
  56   3.78738838e+08  6.95093840e+14  4.94e-01 2.50e-01  1.05e+05     0s
  57   9.66015107e+13 -4.61346480e+13  7.37e+04 3.76e+04  3.74e+08     0s
  58   4.52956234e+12 -5.01127100e+11  6.66e+03 3.40e+03  3.41e+06     0s
  59   6.95835426e+11 -4.54034114e+10  1.23e+03 6.29e+02  1.98e+05     0s
  60   9.28777064e+10 -5.85640076e+09  1.74e+02 8.89e+01  7.22e+03     0s
  61   1.99956839e+10 -1.96707151e+09  3.94e+01 2.01e+01  8.40e+02     0s
  62   1.10689546e+10 -1.50496814e+09  2.26e+01 1.15e+01  4.13e+02     0s
  63   4.44171821e+09 -1.12915979e+09  1.00e+01 5.12e+00  1.55e+02     0s
  64   2.08267852e+09 -9.79178952e+08  5.52e+00 2.82e+00  8.11e+01     0s
  65   1.35625045e+09 -9.21764530e+08  4.11e+00 2.10e+00  6.68e+01     0s
  66   1.23106835e+09 -9.06326574e+08  3.86e+00 1.97e+00  6.69e+01     0s
  67   1.04525906e+09 -8.83794233e+08  3.49e+00 1.78e+00  6.44e+01     0s
  68   9.97246109e+08 -8.62255143e+08  3.38e+00 1.73e+00  7.28e+01     0s
  69   9.53986586e+08 -8.52165580e+08  3.29e+00 1.68e+00  7.43e+01     0s
  70   7.88413400e+08 -8.26574193e+08  2.95e+00 1.50e+00  6.82e+01     0s
  71   6.64703590e+08 -8.04462572e+08  2.68e+00 1.37e+00  6.46e+01     0s
  72   4.49208985e+08 -7.67057974e+08  2.22e+00 1.14e+00  5.64e+01     0s
  73   3.51874360e+08 -7.44313273e+08  2.01e+00 1.03e+00  5.49e+01     0s
  74   3.35081439e+08 -7.39713290e+08  1.97e+00 1.01e+00  5.47e+01     0s
  75   3.06530010e+08 -7.31247563e+08  1.91e+00 9.75e-01  5.45e+01     0s
  76   2.95123950e+08 -7.26888616e+08  1.88e+00 9.61e-01  5.49e+01     0s
  77   2.78339601e+08 -7.20189067e+08  1.84e+00 9.40e-01  5.53e+01     0s
  78   2.55008829e+08 -7.10359679e+08  1.79e+00 9.11e-01  5.62e+01     0s
  79   2.39698145e+08 -7.00812430e+08  1.75e+00 8.91e-01  5.83e+01     0s
  80   2.28568869e+08 -6.62169773e+08  1.68e+00 8.56e-01  7.53e+01     0s
  81   2.09805735e+08 -6.30893601e+08  1.60e+00 8.18e-01  8.54e+01     0s
  82   2.02790521e+08 -6.18873298e+08  1.57e+00 8.03e-01  8.82e+01     0s
  83   1.65301426e+08 -5.97396911e+08  1.46e+00 7.43e-01  8.20e+01     0s
  84   1.62143678e+08 -5.91166392e+08  1.44e+00 7.36e-01  8.35e+01     0s
  85   1.49336046e+08 -5.68634957e+08  1.38e+00 7.05e-01  8.52e+01     0s
  86   1.43434641e+08 -5.32978981e+08  1.31e+00 6.71e-01  9.23e+01     0s
  87   1.36125703e+08 -5.17305002e+08  1.27e+00 6.50e-01  9.24e+01     0s
  88   1.30525733e+08 -5.03907918e+08  1.24e+00 6.33e-01  9.25e+01     0s
  89   1.25480995e+08 -4.93020596e+08  1.21e+00 6.18e-01  9.17e+01     0s
  90   1.13829568e+08 -4.28219851e+08  1.08e+00 5.51e-01  9.34e+01     0s
  91   1.02135629e+08 -3.79188375e+08  9.64e-01 4.92e-01  8.62e+01     0s
  92   1.06367040e+08 -3.66368512e+08  9.51e-01 4.85e-01  9.25e+01     0s
  93   1.06574678e+08 -3.27780793e+08  8.77e-01 4.47e-01  8.91e+01     0s
  94   1.04935044e+08 -3.13233362e+08  8.46e-01 4.32e-01  8.69e+01     0s
  95   1.03770919e+08 -3.01459895e+08  8.21e-01 4.19e-01  8.54e+01     0s
  96   1.01498330e+08 -2.77847106e+08  7.71e-01 3.93e-01  8.19e+01     0s
  97   1.06839926e+08 -2.58161932e+08  7.49e-01 3.82e-01  9.18e+01     0s
  98   1.10393490e+08 -2.50334605e+08  7.44e-01 3.79e-01  9.83e+01     0s
  99   1.11378234e+08 -2.44316109e+08  7.35e-01 3.75e-01  9.92e+01     0s
 100   1.14211711e+08 -2.29465955e+08  7.14e-01 3.64e-01  1.01e+02     0s
 101   1.17254231e+08 -2.13907475e+08  6.89e-01 3.52e-01  9.94e+01     0s
 102   1.18716695e+08 -2.07715286e+08  6.80e-01 3.47e-01  9.98e+01     0s
 103   1.21607219e+08 -1.96655956e+08  6.66e-01 3.40e-01  1.01e+02     0s
 104   1.24114385e+08 -1.89301555e+08  6.59e-01 3.36e-01  1.05e+02     0s
 105   1.31098248e+08 -1.71118730e+08  6.42e-01 3.27e-01  1.13e+02     0s
 106   1.36507902e+08 -1.58584705e+08  6.30e-01 3.22e-01  1.17e+02     0s
 107   1.45319092e+08 -1.40287423e+08  6.16e-01 3.14e-01  1.26e+02     0s
 108   1.53369772e+08 -1.25742458e+08  6.08e-01 3.10e-01  1.35e+02     0s
 109   1.64754275e+08 -1.06853219e+08  6.00e-01 3.06e-01  1.50e+02     0s
 110   1.82952346e+08 -8.01052374e+07  5.89e-01 3.01e-01  1.73e+02     0s
 111   2.06459171e+08 -4.57956354e+07  5.79e-01 2.95e-01  2.06e+02     0s
 112   2.62678784e+08  3.00579495e+07  5.60e-01 2.86e-01  2.95e+02     0s
 113   3.10153624e+08  9.26223097e+07  5.56e-01 2.83e-01  4.49e+02     0s
 114   3.56931975e+08  1.54311876e+08  5.51e-01 2.81e-01  7.71e+02     0s
 115   3.97790569e+08  2.20247488e+08  5.45e-01 2.78e-01  1.99e+03     0s
 116   4.16244617e+08  1.00609728e+09  5.51e-01 2.81e-01  7.22e+04     0s
 117*  4.16275586e+08  3.88043490e+11  2.03e-03 1.00e-03  3.25e+00     0s
 118*  4.16275585e+08  3.78216752e+14  2.03e-06 3.15e-04  3.25e-03     0s
 119*  4.16275585e+08  3.78575423e+17  2.03e-09 6.99e-04  3.26e-06     0s
 120*  4.16275585e+08  3.78953503e+20  2.03e-12 8.84e-05  3.26e-09     0s

Barrier performed 120 iterations in 0.35 seconds (0.22 work units)
Infeasible model


User-callback calls 199, time in user-callback 0.00 sec

Gurobi 13.0.2 (win64) logging started Wed Jul 15 17:29:59 2026

Set parameter LogFile to value "C:\Users\ehsanno\DataspellProjects\Spanish_Power_System\results\GoRES\ipopt_logs\2024-07-08_h04.log"

Gurobi 13.0.2 (win64) logging started Wed Jul 15 17:29:59 2026

Set parameter LogFile to value "C:\Users\ehsanno\DataspellProjects\Spanish_Power_System\results\GoRES\ipopt_logs\2024-07-08_h04.log"
Gurobi Optimizer version 13.0.2 build v13.0.2rc1 (win64 - Windows 11+.0 (26200.2))

CPU model: 11th Gen Intel(R) Core(TM) i5-1145G7 @ 2.60GHz, instruction set [SSE2|AVX|AVX2|AVX512]
Thread count: 4 physical cores, 8 logical processors, using up to 8 threads

Non-default parameters:
LogToConsole  0

Optimize a model with 5146 rows, 7443 columns and 18718 nonzeros (Min)
Model fingerprint: 0xf73a99ff
Model has 2199 linear objective coefficients and an objective constant of 1.2987582397999998e+07
Model has 972 quadratic objective terms
Coefficient statistics:
  Matrix range     [1e+00, 1e+04]
  Objective range  [4e-01, 1e+06]
  QObjective range [2e+04, 2e+04]
  Bounds range     [2e-06, 1e+04]
  RHS range        [2e-06, 8e+00]

Presolve removed 3658 rows and 4266 columns
Presolve time: 0.03s
Presolved: 1488 rows, 3177 columns, 9180 nonzeros
Presolved model has 898 quadratic objective terms
Ordering time: 0.00s

Barrier statistics:
 AA' NZ     : 1.786e+04
 Factor NZ  : 5.088e+04 (roughly 2 MB of memory)
 Factor Ops : 2.354e+06 (less than 1 second per iteration)
 Threads    : 1

                  Objective                Residual
Iter       Primal          Dual         Primal    Dual     Compl     Time
   0   5.70705904e+12 -2.04581405e+12  7.75e+03 3.76e+04  3.76e+07     0s
   1   1.22774288e+12 -1.11412498e+12  1.78e+03 8.66e+03  8.91e+06     0s
   2   1.15149334e+11 -9.62366460e+11  1.71e+02 8.30e+02  1.02e+06     0s
   3   1.82989726e+10 -5.24817412e+11  2.79e+01 1.35e+02  2.07e+05     0s
   4   2.45868176e+09 -2.97870175e+11  4.12e+00 2.00e+01  6.83e+04     0s
   5   1.02351310e+09 -1.66666855e+11  1.87e+00 9.06e+00  3.52e+04     0s
   6   5.96379949e+08 -1.11659877e+11  9.59e-01 4.66e+00  2.25e+04     0s
   7   3.92485153e+08 -7.08228081e+10  5.66e-01 2.75e+00  1.37e+04     0s
   8   1.89021245e+08 -4.29628871e+10  2.10e-01 1.02e+00  7.87e+03     0s
   9   9.25346259e+07 -4.37747077e+09  1.39e-02 6.76e-02  7.32e+02     0s
  10   6.92846256e+07 -9.81608087e+08  2.48e-03 1.21e-02  1.66e+02     0s
  11   4.85453617e+07 -6.93277818e+08  1.24e-03 6.03e-03  1.17e+02     0s
  12   1.56734023e+07 -1.69723852e+08  1.31e-05 6.35e-05  2.90e+01     0s
  13   2.92402898e+06 -1.78381620e+07  2.38e-07 1.15e-06  3.25e+00     0s
  14   6.43774304e+05 -2.21196218e+06  2.21e-08 1.07e-07  4.46e-01     0s
  15   2.31865023e+05 -1.49716714e+05  6.47e-10 3.14e-09  5.97e-02     0s
  16   1.40790225e+05  1.07766815e+05  6.96e-09 2.28e-11  5.16e-03     0s
  17   1.28518240e+05  1.25041389e+05  1.87e-08 8.91e-12  5.44e-04     0s
  18   1.27525645e+05  1.27074006e+05  8.75e-09 1.11e-11  7.06e-05     0s
  19   1.27395983e+05  1.27353821e+05  2.67e-07 8.26e-12  6.59e-06     0s
  20   1.27384700e+05  1.27380888e+05  2.99e-07 1.23e-11  5.95e-07     0s
  21   1.27384696e+05  1.27380910e+05  3.81e-07 9.77e-12  5.90e-07     0s
  22   1.27384264e+05  1.27383453e+05  3.68e-06 1.03e-11  6.06e-10     0s
  23   1.27384264e+05  1.27383456e+05  3.76e-06 1.94e-11  1.51e-11     0s
  24   1.27384264e+05  1.27383456e+05  3.05e-06 1.07e-11  5.21e-12     0s
  25   1.27384264e+05  1.27383456e+05  4.51e-06 7.42e-12  3.41e-12     0s
  26   1.27384264e+05  1.27383456e+05  3.57e-06 7.67e-12  1.78e-12     0s
  27   1.27384264e+05  1.27383456e+05  6.19e-06 1.07e-11  3.50e-13     0s
  28   1.27384264e+05  1.27383456e+05  2.71e-06 7.31e-12  3.50e-16     0s
  29   1.27384264e+05  1.27383456e+05  3.40e-06 7.28e-12  3.50e-19     0s

Barrier performed 29 iterations in 0.16 seconds (0.06 work units)
Sub-optimal termination - objective 1.27525645e+05


User-callback calls 105, time in user-callback 0.00 sec

Gurobi 13.0.2 (win64) logging started Wed Jul 15 18:00:24 2026

Set parameter LogFile to value "C:\Users\ehsanno\DataspellProjects\Spanish_Power_System\results\GoRES\ipopt_logs\2024-07-08_h04.log"

Gurobi 13.0.2 (win64) logging started Wed Jul 15 18:00:24 2026

Set parameter LogFile to value "C:\Users\ehsanno\DataspellProjects\Spanish_Power_System\results\GoRES\ipopt_logs\2024-07-08_h04.log"
Gurobi Optimizer version 13.0.2 build v13.0.2rc1 (win64 - Windows 11+.0 (26200.2))

CPU model: 11th Gen Intel(R) Core(TM) i5-1145G7 @ 2.60GHz, instruction set [SSE2|AVX|AVX2|AVX512]
Thread count: 4 physical cores, 8 logical processors, using up to 8 threads

Non-default parameters:
LogToConsole  0

Optimize a model with 5146 rows, 7443 columns and 18718 nonzeros (Min)
Model fingerprint: 0xe09cbcdf
Model has 2199 linear objective coefficients and an objective constant of 1.2987582397999998e+07
Model has 972 quadratic objective terms
Coefficient statistics:
  Matrix range     [1e+00, 1e+04]
  Objective range  [4e-01, 1e+06]
  QObjective range [2e+04, 2e+04]
  Bounds range     [2e-06, 1e+04]
  RHS range        [2e-06, 8e+00]

Presolve removed 3654 rows and 4261 columns
Presolve time: 0.02s
Presolved: 1492 rows, 3182 columns, 9205 nonzeros
Presolved model has 898 quadratic objective terms
Ordering time: 0.01s

Barrier statistics:
 AA' NZ     : 1.786e+04
 Factor NZ  : 4.847e+04 (roughly 2 MB of memory)
 Factor Ops : 2.023e+06 (less than 1 second per iteration)
 Threads    : 1

                  Objective                Residual
Iter       Primal          Dual         Primal    Dual     Compl     Time
   0   6.44032160e+12 -2.36889793e+12  7.50e+03 3.76e+04  3.76e+07     0s
   1   1.44495753e+12 -1.34755959e+12  1.79e+03 8.96e+03  9.24e+06     0s
   2   1.54817034e+11 -1.13713382e+12  1.95e+02 9.79e+02  1.20e+06     0s
   3   2.34818003e+10 -5.75696193e+11  3.03e+01 1.52e+02  2.30e+05     0s
   4   3.42258153e+09 -2.51727377e+11  4.88e+00 2.45e+01  5.88e+04     0s
   5   1.08419070e+09 -1.15638596e+11  1.76e+00 8.82e+00  2.41e+04     0s
   6   7.25629357e+08 -8.65751409e+10  1.07e+00 5.39e+00  1.76e+04     0s
   7   3.80452549e+08 -4.53432453e+10  5.04e-01 2.53e+00  8.72e+03     0s
   8   2.34924456e+08 -3.38078824e+10  2.60e-01 1.31e+00  6.32e+03     0s
   9   8.96518784e+07 -2.86702938e+09  1.32e-02 6.62e-02  4.87e+02     0s
  10   6.75810909e+07 -7.91325401e+08  2.37e-03 1.19e-02  1.36e+02     0s
  11   4.27391791e+07 -5.01985874e+08  9.02e-04 4.52e-03  8.56e+01     0s
  12   1.21544079e+07 -1.23092969e+08  4.29e-09 4.52e-09  2.11e+01     0s
  13   1.76262517e+06 -8.26715633e+06  1.96e-09 4.37e-11  1.57e+00     0s
  14   3.58913028e+05 -4.98743265e+05  1.07e-09 1.63e-11  1.34e-01     0s
  15   1.80796911e+05  5.75613109e+03  8.86e-10 1.42e-11  2.73e-02     0s
  16   1.37831594e+05  1.09446557e+05  1.61e-08 1.59e-11  4.43e-03     0s
  17   1.28001184e+05  1.26546024e+05  2.47e-08 1.24e-11  2.27e-04     0s
  18   1.27406363e+05  1.27318967e+05  2.88e-09 1.21e-11  1.36e-05     0s
  19   1.27384767e+05  1.27380208e+05  2.03e-08 1.62e-11  7.11e-07     0s
  20   1.27384742e+05  1.27380366e+05  2.73e-07 1.24e-11  6.76e-07     0s
  21   1.27384721e+05  1.27380498e+05  3.59e-07 1.51e-11  6.47e-07     0s
  22   1.27384702e+05  1.27380625e+05  7.07e-07 1.40e-11  6.19e-07     0s
  23   1.27384674e+05  1.27380805e+05  1.32e-06 1.46e-11  5.80e-07     0s
  24   1.27384625e+05  1.27381121e+05  2.06e-06 1.78e-11  5.10e-07     0s
  25   1.27384502e+05  1.27381909e+05  2.91e-06 1.25e-11  3.37e-07     0s
  26   1.27384396e+05  1.27382591e+05  2.36e-06 1.11e-11  1.87e-07     0s
  27   1.27384343e+05  1.27382931e+05  3.46e-06 9.93e-12  1.12e-07     0s
  28   1.27384264e+05  1.27383441e+05  5.60e-06 9.21e-12  1.13e-10     0s
  29   1.27384264e+05  1.27383442e+05  3.70e-06 1.19e-11  1.13e-13     0s
  30   1.27384264e+05  1.27383442e+05  5.76e-06 2.13e-11  5.54e-14     0s
  31   1.27384264e+05  1.27383442e+05  8.87e-06 1.18e-12  1.96e-14     0s
  32   1.27384264e+05  1.27383441e+05  8.78e-06 8.66e-12  7.77e-16     0s
  33   1.27384264e+05  1.27383441e+05  9.34e-06 1.46e-11  7.77e-19     0s

Barrier performed 33 iterations in 0.14 seconds (0.08 work units)
Sub-optimal termination - objective 1.27406363e+05


User-callback calls 84, time in user-callback 0.00 sec

Gurobi 13.0.2 (win64) logging started Thu Jul 16 15:27:14 2026

Set parameter LogFile to value "C:\Users\ehsanno\DataspellProjects\Spanish_Power_System\results\GoRES\ipopt_logs\2024-07-08_h04.log"

Gurobi 13.0.2 (win64) logging started Thu Jul 16 15:27:14 2026

Set parameter LogFile to value "C:\Users\ehsanno\DataspellProjects\Spanish_Power_System\results\GoRES\ipopt_logs\2024-07-08_h04.log"
Gurobi Optimizer version 13.0.2 build v13.0.2rc1 (win64 - Windows 11+.0 (26200.2))

CPU model: 11th Gen Intel(R) Core(TM) i5-1145G7 @ 2.60GHz, instruction set [SSE2|AVX|AVX2|AVX512]
Thread count: 4 physical cores, 8 logical processors, using up to 8 threads

Non-default parameters:
LogToConsole  0

Optimize a model with 5146 rows, 7443 columns and 18718 nonzeros (Min)
Model fingerprint: 0xe09cbcdf
Model has 2199 linear objective coefficients and an objective constant of 1.2987582397999998e+07
Model has 972 quadratic objective terms
Coefficient statistics:
  Matrix range     [1e+00, 1e+04]
  Objective range  [4e-01, 1e+06]
  QObjective range [2e+04, 2e+04]
  Bounds range     [2e-06, 1e+04]
  RHS range        [2e-06, 8e+00]

Presolve removed 3654 rows and 4261 columns
Presolve time: 0.02s
Presolved: 1492 rows, 3182 columns, 9205 nonzeros
Presolved model has 898 quadratic objective terms
Ordering time: 0.00s

Barrier statistics:
 AA' NZ     : 1.786e+04
 Factor NZ  : 4.847e+04 (roughly 2 MB of memory)
 Factor Ops : 2.023e+06 (less than 1 second per iteration)
 Threads    : 1

                  Objective                Residual
Iter       Primal          Dual         Primal    Dual     Compl     Time
   0   6.44032160e+12 -2.36889793e+12  7.50e+03 3.76e+04  3.76e+07     0s
   1   1.44495753e+12 -1.34755959e+12  1.79e+03 8.96e+03  9.24e+06     0s
   2   1.54817034e+11 -1.13713382e+12  1.95e+02 9.79e+02  1.20e+06     0s
   3   2.34818003e+10 -5.75696193e+11  3.03e+01 1.52e+02  2.30e+05     0s
   4   3.42258153e+09 -2.51727377e+11  4.88e+00 2.45e+01  5.88e+04     0s
   5   1.08419070e+09 -1.15638596e+11  1.76e+00 8.82e+00  2.41e+04     0s
   6   7.25629357e+08 -8.65751409e+10  1.07e+00 5.39e+00  1.76e+04     0s
   7   3.80452549e+08 -4.53432453e+10  5.04e-01 2.53e+00  8.72e+03     0s
   8   2.34924456e+08 -3.38078824e+10  2.60e-01 1.31e+00  6.32e+03     0s
   9   8.96518784e+07 -2.86702938e+09  1.32e-02 6.62e-02  4.87e+02     0s
  10   6.75810909e+07 -7.91325401e+08  2.37e-03 1.19e-02  1.36e+02     0s
  11   4.27391791e+07 -5.01985874e+08  9.02e-04 4.52e-03  8.56e+01     0s
  12   1.21544079e+07 -1.23092969e+08  4.29e-09 4.52e-09  2.11e+01     0s
  13   1.76262517e+06 -8.26715633e+06  1.96e-09 4.37e-11  1.57e+00     0s
  14   3.58913028e+05 -4.98743265e+05  1.07e-09 1.63e-11  1.34e-01     0s
  15   1.80796911e+05  5.75613109e+03  8.86e-10 1.42e-11  2.73e-02     0s
  16   1.37831594e+05  1.09446557e+05  1.61e-08 1.59e-11  4.43e-03     0s
  17   1.28001184e+05  1.26546024e+05  2.47e-08 1.24e-11  2.27e-04     0s
  18   1.27406363e+05  1.27318967e+05  2.88e-09 1.21e-11  1.36e-05     0s
  19   1.27384767e+05  1.27380208e+05  2.03e-08 1.62e-11  7.11e-07     0s
  20   1.27384742e+05  1.27380366e+05  2.73e-07 1.24e-11  6.76e-07     0s
  21   1.27384721e+05  1.27380498e+05  3.59e-07 1.51e-11  6.47e-07     0s
  22   1.27384702e+05  1.27380625e+05  7.07e-07 1.40e-11  6.19e-07     0s
  23   1.27384674e+05  1.27380805e+05  1.32e-06 1.46e-11  5.80e-07     0s
  24   1.27384625e+05  1.27381121e+05  2.06e-06 1.78e-11  5.10e-07     0s
  25   1.27384502e+05  1.27381909e+05  2.91e-06 1.25e-11  3.37e-07     0s
  26   1.27384396e+05  1.27382591e+05  2.36e-06 1.11e-11  1.87e-07     0s
  27   1.27384343e+05  1.27382931e+05  3.46e-06 9.93e-12  1.12e-07     0s
  28   1.27384264e+05  1.27383441e+05  5.60e-06 9.21e-12  1.13e-10     0s
  29   1.27384264e+05  1.27383442e+05  3.70e-06 1.19e-11  1.13e-13     0s
  30   1.27384264e+05  1.27383442e+05  5.76e-06 2.13e-11  5.54e-14     0s
  31   1.27384264e+05  1.27383442e+05  8.87e-06 1.18e-12  1.96e-14     0s
  32   1.27384264e+05  1.27383441e+05  8.78e-06 8.66e-12  7.77e-16     0s
  33   1.27384264e+05  1.27383441e+05  9.34e-06 1.46e-11  7.77e-19     0s

Barrier performed 33 iterations in 0.09 seconds (0.08 work units)
Sub-optimal termination - objective 1.27406363e+05


User-callback calls 86, time in user-callback 0.00 sec

Gurobi 13.0.2 (win64) logging started Thu Jul 16 16:07:50 2026

Set parameter LogFile to value "C:\Users\ehsanno\DataspellProjects\Spanish_Power_System\results\GoRES\ipopt_logs\2024-07-08_h04.log"

Gurobi 13.0.2 (win64) logging started Thu Jul 16 16:07:50 2026

Set parameter LogFile to value "C:\Users\ehsanno\DataspellProjects\Spanish_Power_System\results\GoRES\ipopt_logs\2024-07-08_h04.log"
Gurobi Optimizer version 13.0.2 build v13.0.2rc1 (win64 - Windows 11+.0 (26200.2))

CPU model: 11th Gen Intel(R) Core(TM) i5-1145G7 @ 2.60GHz, instruction set [SSE2|AVX|AVX2|AVX512]
Thread count: 4 physical cores, 8 logical processors, using up to 8 threads

Non-default parameters:
LogToConsole  0

Optimize a model with 5146 rows, 7859 columns and 19134 nonzeros (Min)
Model fingerprint: 0x0fa62dc5
Model has 2578 linear objective coefficients and an objective constant of 1.4272255763411168e+07
Model has 1482 quadratic objective terms
Coefficient statistics:
  Matrix range     [1e+00, 1e+04]
  Objective range  [3e-02, 1e+06]
  QObjective range [2e+04, 2e+04]
  Bounds range     [2e-06, 1e+04]
  RHS range        [2e-06, 8e+00]

Presolve removed 3638 rows and 4151 columns
Presolve time: 0.02s
Presolved: 1508 rows, 3708 columns, 9804 nonzeros
Presolved model has 1408 quadratic objective terms
Ordering time: 0.00s

Barrier statistics:
 AA' NZ     : 1.775e+04
 Factor NZ  : 4.819e+04 (roughly 2 MB of memory)
 Factor Ops : 2.014e+06 (less than 1 second per iteration)
 Threads    : 1

                  Objective                Residual
Iter       Primal          Dual         Primal    Dual     Compl     Time
   0   7.07769372e+12 -2.69734540e+12  8.06e+03 3.76e+04  3.76e+07     0s
   1   1.56677878e+12 -1.43137829e+12  1.94e+03 9.05e+03  9.32e+06     0s
   2   1.63814543e+11 -1.18128188e+12  2.08e+02 9.73e+02  1.17e+06     0s
   3   2.47242637e+10 -5.97195913e+11  3.23e+01 1.51e+02  2.18e+05     0s
   4   1.64687462e+10 -4.68499969e+11  2.17e+01 1.01e+02  1.50e+05     0s
   5   6.67026112e+09 -3.26882033e+11  9.04e+00 4.22e+01  8.35e+04     0s
   6   1.31183868e+09 -1.20097029e+11  2.08e+00 9.69e+00  2.35e+04     0s
   7   4.56316392e+08 -5.93645966e+10  6.07e-01 2.83e+00  1.02e+04     0s
   8   2.38811600e+08 -3.94622709e+10  2.72e-01 1.27e+00  6.41e+03     0s
   9   1.00886678e+08 -4.19192927e+09  1.69e-02 7.90e-02  6.11e+02     0s
  10   7.13777282e+07 -1.09205214e+09  2.78e-03 1.30e-02  1.59e+02     0s
  11   4.70995759e+07 -6.81166946e+08  1.10e-03 5.13e-03  9.86e+01     0s
  12   1.30322630e+07 -1.37859946e+08  8.10e-06 3.78e-05  2.02e+01     0s
  13   1.74910913e+06 -8.30820202e+06  1.04e-07 4.88e-07  1.34e+00     0s
  14   4.32877452e+05 -9.53493183e+05  8.09e-09 3.78e-08  1.85e-01     0s
  15   1.78884102e+05  2.45301722e+04  1.33e-09 1.25e-10  2.06e-02     0s
  16   1.37294456e+05  1.06527694e+05  2.95e-08 1.56e-11  4.11e-03     0s
  17   1.28866444e+05  1.23756802e+05  3.09e-07 1.66e-11  6.83e-04     0s
  18   1.28008702e+05  1.24686175e+05  1.57e-07 8.10e-12  4.44e-04     0s
  19   1.26847496e+05  1.26344815e+05  5.83e-08 1.26e-11  6.72e-05     0s
  20   1.26724540e+05  1.26645587e+05  8.19e-09 1.43e-11  1.06e-05     0s
  21   1.26703094e+05  1.26699212e+05  8.48e-09 1.40e-11  5.19e-07     0s
  22   1.26701969e+05  1.26701857e+05  9.20e-09 1.54e-11  1.50e-08     0s
  23   1.26701938e+05  1.26701938e+05  7.21e-10 1.38e-11  1.75e-11     0s

Barrier solved model in 23 iterations and 0.07 seconds (0.05 work units)
Optimal objective 1.26701938e+05


User-callback calls 76, time in user-callback 0.00 sec

Gurobi 13.0.2 (win64) logging started Thu Jul 16 16:15:07 2026

Set parameter LogFile to value "C:\Users\ehsanno\DataspellProjects\Spanish_Power_System\results\GoRES\ipopt_logs\2024-07-08_h04.log"

Gurobi 13.0.2 (win64) logging started Thu Jul 16 16:15:07 2026

Set parameter LogFile to value "C:\Users\ehsanno\DataspellProjects\Spanish_Power_System\results\GoRES\ipopt_logs\2024-07-08_h04.log"
Gurobi Optimizer version 13.0.2 build v13.0.2rc1 (win64 - Windows 11+.0 (26200.2))

CPU model: 11th Gen Intel(R) Core(TM) i5-1145G7 @ 2.60GHz, instruction set [SSE2|AVX|AVX2|AVX512]
Thread count: 4 physical cores, 8 logical processors, using up to 8 threads

Non-default parameters:
LogToConsole  0

Optimize a model with 5146 rows, 7859 columns and 19134 nonzeros (Min)
Model fingerprint: 0x221a257e
Model has 2578 linear objective coefficients and an objective constant of 1.4272255763411168e+07
Model has 1482 quadratic objective terms
Coefficient statistics:
  Matrix range     [1e+00, 1e+04]
  Objective range  [3e-02, 1e+06]
  QObjective range [2e+04, 2e+04]
  Bounds range     [2e-06, 1e+04]
  RHS range        [2e-06, 8e+00]

Presolve removed 3637 rows and 4147 columns
Presolve time: 0.03s
Presolved: 1509 rows, 3712 columns, 9761 nonzeros
Presolved model has 1408 quadratic objective terms
Ordering time: 0.00s

Barrier statistics:
 AA' NZ     : 1.800e+04
 Factor NZ  : 4.769e+04 (roughly 2 MB of memory)
 Factor Ops : 1.960e+06 (less than 1 second per iteration)
 Threads    : 1

                  Objective                Residual
Iter       Primal          Dual         Primal    Dual     Compl     Time
   0   5.62146182e+12 -1.52200255e+12  8.00e+03 3.81e+04  3.79e+07     0s
   1   1.05147425e+12 -6.25337958e+11  1.67e+03 7.94e+03  8.16e+06     0s
   2   7.41416642e+10 -6.42987004e+11  1.21e+02 5.75e+02  7.60e+05     0s
   3   1.14764924e+10 -4.35350440e+11  1.90e+01 9.04e+01  1.56e+05     0s
   4   3.11026580e+09 -2.50520393e+11  5.35e+00 2.55e+01  6.03e+04     0s
   5   1.37050292e+09 -1.39035376e+11  2.42e+00 1.15e+01  2.90e+04     0s
   6   3.60832620e+08 -6.11235216e+10  5.95e-01 2.83e+00  1.05e+04     0s
   7   2.24000826e+08 -3.46144566e+10  2.99e-01 1.42e+00  5.63e+03     0s
   8   1.32955663e+08 -1.96345585e+10  4.40e-02 2.09e-01  2.81e+03     0s
   9   1.02562928e+08 -3.36543372e+09  3.57e-03 1.70e-02  4.71e+02     0s
  10   5.50300442e+07 -1.01140330e+09  2.46e-04 1.17e-03  1.43e+02     0s
  11   1.81359487e+07 -2.10769640e+08  1.08e-05 5.14e-05  3.06e+01     0s
  12   3.53040651e+06 -2.58598520e+07  3.68e-07 1.75e-06  3.92e+00     0s
  13   7.24605905e+05 -2.99451459e+06  2.02e-08 9.62e-08  4.96e-01     0s
  14   2.81067722e+05 -4.55788596e+05  3.06e-09 1.46e-08  9.83e-02     0s
  15   1.58765984e+05  2.60004885e+04  1.50e-09 1.65e-09  1.77e-02     0s
  16   1.31301858e+05  1.18920980e+05  5.85e-09 5.53e-11  1.65e-03     0s
  17   1.28692675e+05  1.25801579e+05  4.35e-08 1.18e-11  3.86e-04     0s
  18   1.28071145e+05  1.26341551e+05  2.09e-08 1.10e-11  2.31e-04     0s
  19   1.27570540e+05  1.27136695e+05  6.22e-09 7.30e-12  5.79e-05     0s
  20   1.27448172e+05  1.27399180e+05  1.31e-09 1.25e-11  6.54e-06     0s
  21   1.27433627e+05  1.27431721e+05  2.17e-10 1.56e-11  2.54e-07     0s
  22   1.27433083e+05  1.27433065e+05  6.72e-11 1.15e-11  2.29e-09     0s

Barrier solved model in 22 iterations and 0.12 seconds (0.05 work units)
Optimal objective 1.27433083e+05


User-callback calls 93, time in user-callback 0.00 sec

Gurobi 13.0.2 (win64) logging started Thu Jul 16 16:23:35 2026

Set parameter LogFile to value "C:\Users\ehsanno\DataspellProjects\Spanish_Power_System\results\GoRES\ipopt_logs\2024-07-08_h04.log"

Gurobi 13.0.2 (win64) logging started Thu Jul 16 16:23:35 2026

Set parameter LogFile to value "C:\Users\ehsanno\DataspellProjects\Spanish_Power_System\results\GoRES\ipopt_logs\2024-07-08_h04.log"
Gurobi Optimizer version 13.0.2 build v13.0.2rc1 (win64 - Windows 11+.0 (26200.2))

CPU model: 11th Gen Intel(R) Core(TM) i5-1145G7 @ 2.60GHz, instruction set [SSE2|AVX|AVX2|AVX512]
Thread count: 4 physical cores, 8 logical processors, using up to 8 threads

Non-default parameters:
LogToConsole  0

Optimize a model with 5146 rows, 7859 columns and 19134 nonzeros (Min)
Model fingerprint: 0x8da9c666
Model has 2504 linear objective coefficients and an objective constant of 1.4272259598480010e+07
Model has 1482 quadratic objective terms
Coefficient statistics:
  Matrix range     [1e+00, 1e+04]
  Objective range  [4e-01, 1e+06]
  QObjective range [2e+04, 2e+04]
  Bounds range     [2e-06, 1e+04]
  RHS range        [2e-06, 8e+00]

Presolve removed 3640 rows and 4146 columns
Presolve time: 0.02s
Presolved: 1506 rows, 3713 columns, 9742 nonzeros
Presolved model has 1408 quadratic objective terms
Ordering time: 0.00s

Barrier statistics:
 AA' NZ     : 1.782e+04
 Factor NZ  : 4.898e+04 (roughly 3 MB of memory)
 Factor Ops : 2.121e+06 (less than 1 second per iteration)
 Threads    : 1

                  Objective                Residual
Iter       Primal          Dual         Primal    Dual     Compl     Time
   0   4.63691615e+12 -1.56303066e+12  8.50e+03 4.00e+04  3.98e+07     0s
   1   1.04853229e+12 -6.98529962e+11  2.18e+03 1.02e+04  1.05e+07     0s
   2   1.15382712e+11 -7.20920271e+11  2.49e+02 1.17e+03  1.48e+06     0s
   3   9.38756401e+09 -4.82861393e+11  2.07e+01 9.72e+01  1.68e+05     0s
   4   3.28733871e+09 -3.43764668e+11  7.44e+00 3.50e+01  8.74e+04     0s
   5   9.56002623e+08 -1.58318050e+11  2.27e+00 1.07e+01  3.15e+04     0s
   6   3.87161560e+08 -1.03825273e+11  7.37e-01 3.46e+00  1.78e+04     0s
   7   1.96232165e+08 -5.29368324e+10  2.40e-01 1.13e+00  8.28e+03     0s
   8   1.29151837e+08 -1.47830643e+10  3.04e-02 1.43e-01  2.10e+03     0s
   9   1.06402910e+08 -2.77411540e+09  2.29e-03 1.08e-02  3.89e+02     0s
  10   5.99169944e+07 -1.51275807e+09  4.26e-04 2.00e-03  2.11e+02     0s
  11   2.32332715e+07 -1.94871712e+08  3.13e-05 1.47e-04  2.91e+01     0s
  12   5.38345547e+06 -3.70344615e+07  3.84e-06 1.81e-05  5.66e+00     0s
  13   2.00150575e+06 -1.04929881e+07  5.06e-09 2.59e-11  1.67e+00     0s
  14   1.04267867e+06 -3.41363171e+06  5.67e-09 1.20e-11  5.95e-01     0s
  15   5.07746568e+05 -5.15200161e+05  9.51e-09 2.76e-11  1.36e-01     0s
  16   4.33203941e+05 -2.97609837e+05  2.32e-09 2.50e-11  9.75e-02     0s
  17   3.34263279e+05  2.62942520e+05  1.52e-08 1.51e-11  9.51e-03     0s
  18   3.22756180e+05  3.00923263e+05  3.33e-08 1.29e-11  2.91e-03     0s
  19   3.19666694e+05  3.11285630e+05  1.50e-09 1.48e-11  1.12e-03     0s
  20   3.17922819e+05  3.17031046e+05  1.77e-08 2.66e-11  1.19e-04     0s
  21   3.17703554e+05  3.17658686e+05  1.23e-08 1.47e-11  5.97e-06     0s
  22   3.17692270e+05  3.17686299e+05  4.67e-08 1.72e-11  7.73e-07     0s
  23   3.17691115e+05  3.17690449e+05  7.65e-08 1.19e-11  5.16e-09     0s

Barrier solved model in 23 iterations and 0.07 seconds (0.05 work units)
Optimal objective 3.17691115e+05


User-callback calls 77, time in user-callback 0.00 sec

Gurobi 13.0.2 (win64) logging started Mon Jul 20 15:54:08 2026

Set parameter LogFile to value "C:\Users\ehsanno\DataspellProjects\Spanish_Power_System\results\GoRES\ipopt_logs\2024-07-08_h04.log"

Gurobi 13.0.2 (win64) logging started Mon Jul 20 15:54:08 2026

Set parameter LogFile to value "C:\Users\ehsanno\DataspellProjects\Spanish_Power_System\results\GoRES\ipopt_logs\2024-07-08_h04.log"
Gurobi Optimizer version 13.0.2 build v13.0.2rc1 (win64 - Windows 11+.0 (26200.2))

CPU model: 11th Gen Intel(R) Core(TM) i5-1145G7 @ 2.60GHz, instruction set [SSE2|AVX|AVX2|AVX512]
Thread count: 4 physical cores, 8 logical processors, using up to 8 threads

Non-default parameters:
LogToConsole  0

Optimize a model with 5146 rows, 8031 columns and 19306 nonzeros (Min)
Model fingerprint: 0xfbff0fdc
Model has 2729 linear objective coefficients and an objective constant of 1.9688205834544223e+07
Model has 1660 quadratic objective terms
Coefficient statistics:
  Matrix range     [1e+00, 1e+04]
  Objective range  [1e-07, 1e+06]
  QObjective range [2e+04, 2e+04]
  Bounds range     [1e-06, 1e+04]
  RHS range        [2e-06, 8e+00]

Presolve removed 3647 rows and 3738 columns
Presolve time: 0.01s

Barrier solved model in 0 iterations and 0.01 seconds (0.01 work units)
Model is infeasible

User-callback calls 27, time in user-callback 0.00 sec
Gurobi Optimizer version 13.0.2 build v13.0.2rc1 (win64 - Windows 11+.0 (26200.2))

CPU model: 11th Gen Intel(R) Core(TM) i5-1145G7 @ 2.60GHz, instruction set [SSE2|AVX|AVX2|AVX512]
Thread count: 4 physical cores, 8 logical processors, using up to 8 threads

Non-default parameters:
LogToConsole  0

Iteration    Objective       Primal Inf.    Dual Inf.      Time
       0      handle free variables                          0s

IIS computed: 5 constraints and 13 bounds
IIS runtime: 0.30 seconds (0.39 work units)

Gurobi 13.0.2 (win64) logging started Mon Jul 20 15:56:39 2026

Set parameter LogFile to value "C:\Users\ehsanno\DataspellProjects\Spanish_Power_System\results\GoRES\ipopt_logs\2024-07-08_h04.log"

Gurobi 13.0.2 (win64) logging started Mon Jul 20 15:56:39 2026

Set parameter LogFile to value "C:\Users\ehsanno\DataspellProjects\Spanish_Power_System\results\GoRES\ipopt_logs\2024-07-08_h04.log"
Gurobi Optimizer version 13.0.2 build v13.0.2rc1 (win64 - Windows 11+.0 (26200.2))

CPU model: 11th Gen Intel(R) Core(TM) i5-1145G7 @ 2.60GHz, instruction set [SSE2|AVX|AVX2|AVX512]
Thread count: 4 physical cores, 8 logical processors, using up to 8 threads

Non-default parameters:
LogToConsole  0

Optimize a model with 5146 rows, 8031 columns and 19306 nonzeros (Min)
Model fingerprint: 0xbe3940db
Model has 2528 linear objective coefficients and an objective constant of 2.4610264289300062e+07
Model has 1660 quadratic objective terms
Coefficient statistics:
  Matrix range     [1e+00, 1e+04]
  Objective range  [4e-01, 1e+06]
  QObjective range [2e+04, 2e+04]
  Bounds range     [1e-06, 1e+04]
  RHS range        [2e-06, 8e+00]

Presolve removed 3647 rows and 3738 columns
Presolve time: 0.02s

Barrier solved model in 0 iterations and 0.02 seconds (0.01 work units)
Model is infeasible

User-callback calls 29, time in user-callback 0.00 sec
Gurobi Optimizer version 13.0.2 build v13.0.2rc1 (win64 - Windows 11+.0 (26200.2))

CPU model: 11th Gen Intel(R) Core(TM) i5-1145G7 @ 2.60GHz, instruction set [SSE2|AVX|AVX2|AVX512]
Thread count: 4 physical cores, 8 logical processors, using up to 8 threads

Non-default parameters:
LogToConsole  0

Iteration    Objective       Primal Inf.    Dual Inf.      Time
       0      handle free variables                          0s

IIS computed: 5 constraints and 13 bounds
IIS runtime: 0.29 seconds (0.39 work units)

Gurobi 13.0.2 (win64) logging started Mon Jul 20 15:58:24 2026

Set parameter LogFile to value "C:\Users\ehsanno\DataspellProjects\Spanish_Power_System\results\GoRES\ipopt_logs\2024-07-08_h04.log"

Gurobi 13.0.2 (win64) logging started Mon Jul 20 15:58:24 2026

Set parameter LogFile to value "C:\Users\ehsanno\DataspellProjects\Spanish_Power_System\results\GoRES\ipopt_logs\2024-07-08_h04.log"
Gurobi Optimizer version 13.0.2 build v13.0.2rc1 (win64 - Windows 11+.0 (26200.2))

CPU model: 11th Gen Intel(R) Core(TM) i5-1145G7 @ 2.60GHz, instruction set [SSE2|AVX|AVX2|AVX512]
Thread count: 4 physical cores, 8 logical processors, using up to 8 threads

Non-default parameters:
LogToConsole  0

Optimize a model with 5146 rows, 8031 columns and 19306 nonzeros (Min)
Model fingerprint: 0x913f5395
Model has 2528 linear objective coefficients and an objective constant of 2.9532317147160072e+07
Model has 1660 quadratic objective terms
Coefficient statistics:
  Matrix range     [1e+00, 1e+04]
  Objective range  [4e-01, 1e+06]
  QObjective range [2e+04, 2e+04]
  Bounds range     [1e-06, 1e+04]
  RHS range        [2e-06, 8e+00]

Presolve removed 3647 rows and 3738 columns
Presolve time: 0.02s

Barrier solved model in 0 iterations and 0.02 seconds (0.01 work units)
Model is infeasible

User-callback calls 29, time in user-callback 0.00 sec
Gurobi Optimizer version 13.0.2 build v13.0.2rc1 (win64 - Windows 11+.0 (26200.2))

CPU model: 11th Gen Intel(R) Core(TM) i5-1145G7 @ 2.60GHz, instruction set [SSE2|AVX|AVX2|AVX512]
Thread count: 4 physical cores, 8 logical processors, using up to 8 threads

Non-default parameters:
LogToConsole  0

Iteration    Objective       Primal Inf.    Dual Inf.      Time
       0      handle free variables                          0s

IIS computed: 5 constraints and 13 bounds
IIS runtime: 0.30 seconds (0.39 work units)
