
Gurobi 13.0.2 (win64) logging started Wed Jul 15 00:44:11 2026

Set parameter LogFile to value "C:\Users\ehsanno\DataspellProjects\Spanish_Power_System\results\GoRES\ipopt_logs\2024-12-02_bal.log"

Gurobi 13.0.2 (win64) logging started Wed Jul 15 00:44:11 2026

Set parameter LogFile to value "C:\Users\ehsanno\DataspellProjects\Spanish_Power_System\results\GoRES\ipopt_logs\2024-12-02_bal.log"
Gurobi Optimizer version 13.0.2 build v13.0.2rc1 (win64 - Windows 11+.0 (26200.2))

CPU model: 11th Gen Intel(R) Core(TM) i5-1145G7 @ 2.60GHz, instruction set [SSE2|AVX|AVX2|AVX512]
Thread count: 4 physical cores, 8 logical processors, using up to 8 threads

Non-default parameters:
LogToConsole  0

Optimize a model with 49905 rows, 148442 columns and 205248 nonzeros (Min)
Model fingerprint: 0xddacb793
Model has 47857 linear objective coefficients
Coefficient statistics:
  Matrix range     [1e+00, 5e+03]
  Objective range  [4e-01, 1e+06]
  Bounds range     [2e-06, 1e+04]
  RHS range        [7e-13, 9e+09]
Warning: Model contains large rhs
         Consider reformulating model or setting NumericFocus parameter
         to avoid numerical issues.

Presolve removed 49397 rows and 147380 columns
Presolve time: 0.04s
Presolved: 508 rows, 1062 columns, 7552 nonzeros

Concurrent LP optimizer: dual simplex and barrier
Showing barrier log only...

Ordering time: 0.00s

Barrier statistics:
 AA' NZ     : 1.201e+04
 Factor NZ  : 1.794e+04 (roughly 1 MB of memory)
 Factor Ops : 6.731e+05 (less than 1 second per iteration)
 Threads    : 1

                  Objective                Residual
Iter       Primal          Dual         Primal    Dual     Compl     Time
   0   9.05037752e+11 -1.67664520e+09  4.05e+06 2.91e-11  4.26e+10     0s
   1   4.04591346e+08 -1.75498671e+09  1.87e+03 7.19e+02  2.07e+07     0s
   2   2.78957004e+07 -1.50263433e+09  2.61e+01 2.56e+01  9.80e+05     0s

Barrier performed 2 iterations in 0.05 seconds (0.07 work units)
Barrier solve interrupted - model solved by another algorithm


Solved with dual simplex
Iteration    Objective       Primal Inf.    Dual Inf.      Time
     508    8.4694181e+06   0.000000e+00   0.000000e+00      0s

Solved in 508 iterations and 0.08 seconds (0.08 work units)
Optimal objective  8.469418068e+06

User-callback calls 59, time in user-callback 0.00 sec
Gurobi Optimizer version 13.0.2 build v13.0.2rc1 (win64 - Windows 11+.0 (26200.2))

CPU model: 11th Gen Intel(R) Core(TM) i5-1145G7 @ 2.60GHz, instruction set [SSE2|AVX|AVX2|AVX512]
Thread count: 4 physical cores, 8 logical processors, using up to 8 threads

Non-default parameters:
LogToConsole  0

Optimize a model with 49906 rows, 148442 columns and 253105 nonzeros (Min)
Model has 98640 linear objective coefficients
Coefficient statistics:
  Matrix range     [4e-01, 1e+06]
  Objective range  [1e+00, 1e+00]
  Bounds range     [2e-06, 1e+04]
  RHS range        [7e-13, 9e+09]
Warning: Model contains large rhs
         Consider reformulating model or setting NumericFocus parameter
         to avoid numerical issues.

LP warm-start: use basis

Iteration    Objective       Primal Inf.    Dual Inf.      Time
       0   -4.4766853e+04   2.656817e+07   0.000000e+00      0s
    2082    1.1067874e+03   0.000000e+00   0.000000e+00      0s

Solved in 2082 iterations and 0.27 seconds (0.69 work units)
Optimal objective  1.106787352e+03

User-callback calls 28, time in user-callback 0.00 sec

Gurobi 13.0.2 (win64) logging started Wed Jul 15 11:09:00 2026

Set parameter LogFile to value "C:\Users\ehsanno\DataspellProjects\Spanish_Power_System\results\GoRES\ipopt_logs\2024-12-02_bal.log"

Gurobi 13.0.2 (win64) logging started Wed Jul 15 11:09:01 2026

Set parameter LogFile to value "C:\Users\ehsanno\DataspellProjects\Spanish_Power_System\results\GoRES\ipopt_logs\2024-12-02_bal.log"
Gurobi Optimizer version 13.0.2 build v13.0.2rc1 (win64 - Windows 11+.0 (26200.2))

CPU model: 11th Gen Intel(R) Core(TM) i5-1145G7 @ 2.60GHz, instruction set [SSE2|AVX|AVX2|AVX512]
Thread count: 4 physical cores, 8 logical processors, using up to 8 threads

Non-default parameters:
LogToConsole  0

Optimize a model with 49905 rows, 148442 columns and 205248 nonzeros (Min)
Model fingerprint: 0xddacb793
Model has 47857 linear objective coefficients
Coefficient statistics:
  Matrix range     [1e+00, 5e+03]
  Objective range  [4e-01, 1e+06]
  Bounds range     [2e-06, 1e+04]
  RHS range        [7e-13, 9e+09]
Warning: Model contains large rhs
         Consider reformulating model or setting NumericFocus parameter
         to avoid numerical issues.

Presolve removed 49397 rows and 147380 columns
Presolve time: 0.05s
Presolved: 508 rows, 1062 columns, 7552 nonzeros

Concurrent LP optimizer: dual simplex and barrier
Showing barrier log only...

Ordering time: 0.00s

Barrier statistics:
 AA' NZ     : 1.201e+04
 Factor NZ  : 1.794e+04 (roughly 1 MB of memory)
 Factor Ops : 6.731e+05 (less than 1 second per iteration)
 Threads    : 1

                  Objective                Residual
Iter       Primal          Dual         Primal    Dual     Compl     Time
   0   9.05037752e+11 -1.67664520e+09  4.05e+06 2.91e-11  4.26e+10     0s
   1   4.04591346e+08 -1.75498671e+09  1.87e+03 7.19e+02  2.07e+07     0s

Barrier performed 1 iterations in 0.06 seconds (0.07 work units)
Barrier solve interrupted - model solved by another algorithm


Solved with dual simplex
Iteration    Objective       Primal Inf.    Dual Inf.      Time
     508    8.4694181e+06   0.000000e+00   0.000000e+00      0s

Solved in 508 iterations and 0.09 seconds (0.08 work units)
Optimal objective  8.469418068e+06

User-callback calls 58, time in user-callback 0.00 sec
Gurobi Optimizer version 13.0.2 build v13.0.2rc1 (win64 - Windows 11+.0 (26200.2))

CPU model: 11th Gen Intel(R) Core(TM) i5-1145G7 @ 2.60GHz, instruction set [SSE2|AVX|AVX2|AVX512]
Thread count: 4 physical cores, 8 logical processors, using up to 8 threads

Non-default parameters:
LogToConsole  0

Optimize a model with 49906 rows, 148442 columns and 253105 nonzeros (Min)
Model has 98640 linear objective coefficients
Coefficient statistics:
  Matrix range     [4e-01, 1e+06]
  Objective range  [1e+00, 1e+00]
  Bounds range     [2e-06, 1e+04]
  RHS range        [7e-13, 9e+09]
Warning: Model contains large rhs
         Consider reformulating model or setting NumericFocus parameter
         to avoid numerical issues.

LP warm-start: use basis

Iteration    Objective       Primal Inf.    Dual Inf.      Time
       0   -4.4766853e+04   2.656817e+07   0.000000e+00      0s
    2082    1.1067874e+03   0.000000e+00   0.000000e+00      0s

Solved in 2082 iterations and 0.34 seconds (0.69 work units)
Optimal objective  1.106787352e+03

User-callback calls 28, time in user-callback 0.00 sec

Gurobi 13.0.2 (win64) logging started Wed Jul 15 11:53:11 2026

Set parameter LogFile to value "C:\Users\ehsanno\DataspellProjects\Spanish_Power_System\results\GoRES\ipopt_logs\2024-12-02_bal.log"

Gurobi 13.0.2 (win64) logging started Wed Jul 15 11:53:12 2026

Set parameter LogFile to value "C:\Users\ehsanno\DataspellProjects\Spanish_Power_System\results\GoRES\ipopt_logs\2024-12-02_bal.log"
Gurobi Optimizer version 13.0.2 build v13.0.2rc1 (win64 - Windows 11+.0 (26200.2))

CPU model: 11th Gen Intel(R) Core(TM) i5-1145G7 @ 2.60GHz, instruction set [SSE2|AVX|AVX2|AVX512]
Thread count: 4 physical cores, 8 logical processors, using up to 8 threads

Non-default parameters:
LogToConsole  0

Optimize a model with 49905 rows, 148442 columns and 205248 nonzeros (Min)
Model fingerprint: 0xddacb793
Model has 47857 linear objective coefficients
Coefficient statistics:
  Matrix range     [1e+00, 5e+03]
  Objective range  [4e-01, 1e+06]
  Bounds range     [2e-06, 1e+04]
  RHS range        [7e-13, 9e+09]
Warning: Model contains large rhs
         Consider reformulating model or setting NumericFocus parameter
         to avoid numerical issues.

Presolve removed 49397 rows and 147380 columns
Presolve time: 0.05s
Presolved: 508 rows, 1062 columns, 7552 nonzeros

Concurrent LP optimizer: dual simplex and barrier
Showing barrier log only...

Ordering time: 0.00s

Barrier statistics:
 AA' NZ     : 1.201e+04
 Factor NZ  : 1.794e+04 (roughly 1 MB of memory)
 Factor Ops : 6.731e+05 (less than 1 second per iteration)
 Threads    : 1

                  Objective                Residual
Iter       Primal          Dual         Primal    Dual     Compl     Time
   0   9.05037752e+11 -1.67664520e+09  4.05e+06 2.91e-11  4.26e+10     0s
   1   4.04591346e+08 -1.75498671e+09  1.87e+03 7.19e+02  2.07e+07     0s
   2   2.78957004e+07 -1.50263433e+09  2.61e+01 2.56e+01  9.80e+05     0s

Barrier performed 2 iterations in 0.05 seconds (0.07 work units)
Barrier solve interrupted - model solved by another algorithm


Solved with dual simplex
Iteration    Objective       Primal Inf.    Dual Inf.      Time
     508    8.4694181e+06   0.000000e+00   0.000000e+00      0s

Solved in 508 iterations and 0.08 seconds (0.08 work units)
Optimal objective  8.469418068e+06

User-callback calls 59, time in user-callback 0.00 sec
Gurobi Optimizer version 13.0.2 build v13.0.2rc1 (win64 - Windows 11+.0 (26200.2))

CPU model: 11th Gen Intel(R) Core(TM) i5-1145G7 @ 2.60GHz, instruction set [SSE2|AVX|AVX2|AVX512]
Thread count: 4 physical cores, 8 logical processors, using up to 8 threads

Non-default parameters:
LogToConsole  0

Optimize a model with 49906 rows, 148442 columns and 253105 nonzeros (Min)
Model has 98640 linear objective coefficients
Coefficient statistics:
  Matrix range     [4e-01, 1e+06]
  Objective range  [1e+00, 1e+00]
  Bounds range     [2e-06, 1e+04]
  RHS range        [7e-13, 9e+09]
Warning: Model contains large rhs
         Consider reformulating model or setting NumericFocus parameter
         to avoid numerical issues.

LP warm-start: use basis

Iteration    Objective       Primal Inf.    Dual Inf.      Time
       0   -4.4766853e+04   2.656817e+07   0.000000e+00      0s
    2082    1.1067874e+03   0.000000e+00   0.000000e+00      0s

Solved in 2082 iterations and 0.37 seconds (0.69 work units)
Optimal objective  1.106787352e+03

User-callback calls 28, time in user-callback 0.00 sec

Gurobi 13.0.2 (win64) logging started Wed Jul 15 12:00:29 2026

Set parameter LogFile to value "C:\Users\ehsanno\DataspellProjects\Spanish_Power_System\results\GoRES\ipopt_logs\2024-12-02_bal.log"

Gurobi 13.0.2 (win64) logging started Wed Jul 15 12:00:29 2026

Set parameter LogFile to value "C:\Users\ehsanno\DataspellProjects\Spanish_Power_System\results\GoRES\ipopt_logs\2024-12-02_bal.log"
Gurobi Optimizer version 13.0.2 build v13.0.2rc1 (win64 - Windows 11+.0 (26200.2))

CPU model: 11th Gen Intel(R) Core(TM) i5-1145G7 @ 2.60GHz, instruction set [SSE2|AVX|AVX2|AVX512]
Thread count: 4 physical cores, 8 logical processors, using up to 8 threads

Non-default parameters:
LogToConsole  0

Optimize a model with 49905 rows, 148442 columns and 205248 nonzeros (Min)
Model fingerprint: 0xddacb793
Model has 47857 linear objective coefficients
Coefficient statistics:
  Matrix range     [1e+00, 5e+03]
  Objective range  [4e-01, 1e+06]
  Bounds range     [2e-06, 1e+04]
  RHS range        [7e-13, 9e+09]
Warning: Model contains large rhs
         Consider reformulating model or setting NumericFocus parameter
         to avoid numerical issues.

Presolve removed 49397 rows and 147380 columns
Presolve time: 0.04s
Presolved: 508 rows, 1062 columns, 7552 nonzeros

Concurrent LP optimizer: dual simplex and barrier
Showing barrier log only...

Ordering time: 0.00s

Barrier statistics:
 AA' NZ     : 1.201e+04
 Factor NZ  : 1.794e+04 (roughly 1 MB of memory)
 Factor Ops : 6.731e+05 (less than 1 second per iteration)
 Threads    : 1

                  Objective                Residual
Iter       Primal          Dual         Primal    Dual     Compl     Time
   0   9.05037752e+11 -1.67664520e+09  4.05e+06 2.91e-11  4.26e+10     0s
   1   4.04591346e+08 -1.75498671e+09  1.87e+03 7.19e+02  2.07e+07     0s
   2   2.78957004e+07 -1.50263433e+09  2.61e+01 2.56e+01  9.80e+05     0s

Barrier performed 2 iterations in 0.05 seconds (0.07 work units)
Barrier solve interrupted - model solved by another algorithm


Solved with dual simplex
Iteration    Objective       Primal Inf.    Dual Inf.      Time
     508    8.4694181e+06   0.000000e+00   0.000000e+00      0s

Solved in 508 iterations and 0.07 seconds (0.08 work units)
Optimal objective  8.469418068e+06

User-callback calls 59, time in user-callback 0.00 sec
Gurobi Optimizer version 13.0.2 build v13.0.2rc1 (win64 - Windows 11+.0 (26200.2))

CPU model: 11th Gen Intel(R) Core(TM) i5-1145G7 @ 2.60GHz, instruction set [SSE2|AVX|AVX2|AVX512]
Thread count: 4 physical cores, 8 logical processors, using up to 8 threads

Non-default parameters:
LogToConsole  0

Optimize a model with 49906 rows, 148442 columns and 253105 nonzeros (Min)
Model has 98640 linear objective coefficients
Coefficient statistics:
  Matrix range     [4e-01, 1e+06]
  Objective range  [1e+00, 1e+00]
  Bounds range     [2e-06, 1e+04]
  RHS range        [7e-13, 9e+09]
Warning: Model contains large rhs
         Consider reformulating model or setting NumericFocus parameter
         to avoid numerical issues.

LP warm-start: use basis

Iteration    Objective       Primal Inf.    Dual Inf.      Time
       0   -4.4766853e+04   2.656817e+07   0.000000e+00      0s
    2082    1.1067874e+03   0.000000e+00   0.000000e+00      0s

Solved in 2082 iterations and 0.32 seconds (0.69 work units)
Optimal objective  1.106787352e+03

User-callback calls 28, time in user-callback 0.00 sec

Gurobi 13.0.2 (win64) logging started Wed Jul 15 12:15:46 2026

Set parameter LogFile to value "C:\Users\ehsanno\DataspellProjects\Spanish_Power_System\results\GoRES\ipopt_logs\2024-12-02_bal.log"

Gurobi 13.0.2 (win64) logging started Wed Jul 15 12:15:47 2026

Set parameter LogFile to value "C:\Users\ehsanno\DataspellProjects\Spanish_Power_System\results\GoRES\ipopt_logs\2024-12-02_bal.log"
Gurobi Optimizer version 13.0.2 build v13.0.2rc1 (win64 - Windows 11+.0 (26200.2))

CPU model: 11th Gen Intel(R) Core(TM) i5-1145G7 @ 2.60GHz, instruction set [SSE2|AVX|AVX2|AVX512]
Thread count: 4 physical cores, 8 logical processors, using up to 8 threads

Non-default parameters:
LogToConsole  0

Optimize a model with 49905 rows, 148442 columns and 205248 nonzeros (Min)
Model fingerprint: 0xddacb793
Model has 47857 linear objective coefficients
Coefficient statistics:
  Matrix range     [1e+00, 5e+03]
  Objective range  [4e-01, 1e+06]
  Bounds range     [2e-06, 1e+04]
  RHS range        [7e-13, 9e+09]
Warning: Model contains large rhs
         Consider reformulating model or setting NumericFocus parameter
         to avoid numerical issues.

Presolve removed 49397 rows and 147380 columns
Presolve time: 0.05s
Presolved: 508 rows, 1062 columns, 7552 nonzeros

Concurrent LP optimizer: dual simplex and barrier
Showing barrier log only...

Ordering time: 0.00s

Barrier statistics:
 AA' NZ     : 1.201e+04
 Factor NZ  : 1.794e+04 (roughly 1 MB of memory)
 Factor Ops : 6.731e+05 (less than 1 second per iteration)
 Threads    : 1

                  Objective                Residual
Iter       Primal          Dual         Primal    Dual     Compl     Time
   0   9.05037752e+11 -1.67664520e+09  4.05e+06 2.91e-11  4.26e+10     0s
   1   4.04591346e+08 -1.75498671e+09  1.87e+03 7.19e+02  2.07e+07     0s

Barrier performed 1 iterations in 0.05 seconds (0.07 work units)
Barrier solve interrupted - model solved by another algorithm


Solved with dual simplex
Iteration    Objective       Primal Inf.    Dual Inf.      Time
     508    8.4694181e+06   0.000000e+00   0.000000e+00      0s

Solved in 508 iterations and 0.09 seconds (0.08 work units)
Optimal objective  8.469418068e+06

User-callback calls 58, time in user-callback 0.00 sec
Gurobi Optimizer version 13.0.2 build v13.0.2rc1 (win64 - Windows 11+.0 (26200.2))

CPU model: 11th Gen Intel(R) Core(TM) i5-1145G7 @ 2.60GHz, instruction set [SSE2|AVX|AVX2|AVX512]
Thread count: 4 physical cores, 8 logical processors, using up to 8 threads

Non-default parameters:
LogToConsole  0

Optimize a model with 49906 rows, 148442 columns and 253105 nonzeros (Min)
Model has 98640 linear objective coefficients
Coefficient statistics:
  Matrix range     [4e-01, 1e+06]
  Objective range  [1e+00, 1e+00]
  Bounds range     [2e-06, 1e+04]
  RHS range        [7e-13, 9e+09]
Warning: Model contains large rhs
         Consider reformulating model or setting NumericFocus parameter
         to avoid numerical issues.

LP warm-start: use basis

Iteration    Objective       Primal Inf.    Dual Inf.      Time
       0   -4.4766853e+04   2.656817e+07   0.000000e+00      0s
    2082    1.1067874e+03   0.000000e+00   0.000000e+00      0s

Solved in 2082 iterations and 0.34 seconds (0.69 work units)
Optimal objective  1.106787352e+03

User-callback calls 28, time in user-callback 0.00 sec

Gurobi 13.0.2 (win64) logging started Wed Jul 15 14:21:47 2026

Set parameter LogFile to value "C:\Users\ehsanno\DataspellProjects\Spanish_Power_System\results\GoRES\ipopt_logs\2024-12-02_bal.log"

Gurobi 13.0.2 (win64) logging started Wed Jul 15 14:21:47 2026

Set parameter LogFile to value "C:\Users\ehsanno\DataspellProjects\Spanish_Power_System\results\GoRES\ipopt_logs\2024-12-02_bal.log"
Gurobi Optimizer version 13.0.2 build v13.0.2rc1 (win64 - Windows 11+.0 (26200.2))

CPU model: 11th Gen Intel(R) Core(TM) i5-1145G7 @ 2.60GHz, instruction set [SSE2|AVX|AVX2|AVX512]
Thread count: 4 physical cores, 8 logical processors, using up to 8 threads

Non-default parameters:
LogToConsole  0

Optimize a model with 49905 rows, 148442 columns and 205248 nonzeros (Min)
Model fingerprint: 0xb0e13fe4
Model has 47857 linear objective coefficients
Coefficient statistics:
  Matrix range     [1e+00, 5e+03]
  Objective range  [4e-01, 1e+06]
  Bounds range     [2e-06, 1e+04]
  RHS range        [2e-12, 9e+09]
Warning: Model contains large rhs
         Consider reformulating model or setting NumericFocus parameter
         to avoid numerical issues.

Presolve removed 49397 rows and 147355 columns
Presolve time: 0.07s
Presolved: 508 rows, 1087 columns, 7577 nonzeros

Concurrent LP optimizer: dual simplex and barrier
Showing barrier log only...

Ordering time: 0.00s

Barrier statistics:
 AA' NZ     : 1.201e+04
 Factor NZ  : 1.794e+04 (roughly 1 MB of memory)
 Factor Ops : 6.731e+05 (less than 1 second per iteration)
 Threads    : 1

                  Objective                Residual
Iter       Primal          Dual         Primal    Dual     Compl     Time
   0   1.33411400e+12 -1.79047221e+09  4.05e+06 2.91e-11  4.28e+10     0s
   1   6.04138233e+08 -1.86909642e+09  1.90e+03 7.21e+02  2.11e+07     0s
   2   3.26734084e+07 -1.58609077e+09  2.42e+01 2.63e+01  9.86e+05     0s
   3   1.64265690e+07 -1.33129024e+08  3.34e+00 4.47e-01  7.24e+04     0s
   4   2.18383370e+07 -3.52691390e+06  2.87e-02 1.16e-10  1.17e+04     0s

Barrier performed 4 iterations in 0.08 seconds (0.07 work units)
Barrier solve interrupted - model solved by another algorithm


Solved with dual simplex
Iteration    Objective       Primal Inf.    Dual Inf.      Time
     510    7.7128761e+06   0.000000e+00   0.000000e+00      0s

Solved in 510 iterations and 0.11 seconds (0.08 work units)
Optimal objective  7.712876124e+06

User-callback calls 63, time in user-callback 0.00 sec
Gurobi Optimizer version 13.0.2 build v13.0.2rc1 (win64 - Windows 11+.0 (26200.2))

CPU model: 11th Gen Intel(R) Core(TM) i5-1145G7 @ 2.60GHz, instruction set [SSE2|AVX|AVX2|AVX512]
Thread count: 4 physical cores, 8 logical processors, using up to 8 threads

Non-default parameters:
LogToConsole  0

Optimize a model with 49906 rows, 148442 columns and 253105 nonzeros (Min)
Model has 98640 linear objective coefficients
Coefficient statistics:
  Matrix range     [4e-01, 1e+06]
  Objective range  [1e+00, 1e+00]
  Bounds range     [2e-06, 1e+04]
  RHS range        [2e-12, 9e+09]
Warning: Model contains large rhs
         Consider reformulating model or setting NumericFocus parameter
         to avoid numerical issues.

LP warm-start: use basis

Iteration    Objective       Primal Inf.    Dual Inf.      Time
       0   -4.6330814e+04   1.584672e+06   0.000000e+00      0s
    3221    1.1583584e+03   0.000000e+00   0.000000e+00      0s

Solved in 3221 iterations and 0.43 seconds (0.86 work units)
Optimal objective  1.158358407e+03

User-callback calls 28, time in user-callback 0.00 sec

Gurobi 13.0.2 (win64) logging started Wed Jul 15 14:27:52 2026

Set parameter LogFile to value "C:\Users\ehsanno\DataspellProjects\Spanish_Power_System\results\GoRES\ipopt_logs\2024-12-02_bal.log"

Gurobi 13.0.2 (win64) logging started Wed Jul 15 14:27:53 2026

Set parameter LogFile to value "C:\Users\ehsanno\DataspellProjects\Spanish_Power_System\results\GoRES\ipopt_logs\2024-12-02_bal.log"
Gurobi Optimizer version 13.0.2 build v13.0.2rc1 (win64 - Windows 11+.0 (26200.2))

CPU model: 11th Gen Intel(R) Core(TM) i5-1145G7 @ 2.60GHz, instruction set [SSE2|AVX|AVX2|AVX512]
Thread count: 4 physical cores, 8 logical processors, using up to 8 threads

Non-default parameters:
LogToConsole  0

Optimize a model with 49905 rows, 148442 columns and 205248 nonzeros (Min)
Model fingerprint: 0xb0e13fe4
Model has 47857 linear objective coefficients
Coefficient statistics:
  Matrix range     [1e+00, 5e+03]
  Objective range  [4e-01, 1e+06]
  Bounds range     [2e-06, 1e+04]
  RHS range        [2e-12, 9e+09]
Warning: Model contains large rhs
         Consider reformulating model or setting NumericFocus parameter
         to avoid numerical issues.

Presolve removed 49397 rows and 147355 columns
Presolve time: 0.06s
Presolved: 508 rows, 1087 columns, 7577 nonzeros

Concurrent LP optimizer: dual simplex and barrier
Showing barrier log only...

Ordering time: 0.00s

Barrier statistics:
 AA' NZ     : 1.201e+04
 Factor NZ  : 1.794e+04 (roughly 1 MB of memory)
 Factor Ops : 6.731e+05 (less than 1 second per iteration)
 Threads    : 1

                  Objective                Residual
Iter       Primal          Dual         Primal    Dual     Compl     Time
   0   1.33411400e+12 -1.79047221e+09  4.05e+06 2.91e-11  4.28e+10     0s
   1   6.04138233e+08 -1.86909642e+09  1.90e+03 7.21e+02  2.11e+07     0s
   2   3.26734084e+07 -1.58609077e+09  2.42e+01 2.63e+01  9.86e+05     0s
   3   1.64265690e+07 -1.33129024e+08  3.34e+00 4.47e-01  7.24e+04     0s
   4   2.18383370e+07 -3.52691390e+06  2.87e-02 1.16e-10  1.17e+04     0s

Barrier performed 4 iterations in 0.06 seconds (0.07 work units)
Barrier solve interrupted - model solved by another algorithm


Solved with dual simplex
Iteration    Objective       Primal Inf.    Dual Inf.      Time
     510    7.7128761e+06   0.000000e+00   0.000000e+00      0s

Solved in 510 iterations and 0.10 seconds (0.08 work units)
Optimal objective  7.712876124e+06

User-callback calls 61, time in user-callback 0.00 sec
Gurobi Optimizer version 13.0.2 build v13.0.2rc1 (win64 - Windows 11+.0 (26200.2))

CPU model: 11th Gen Intel(R) Core(TM) i5-1145G7 @ 2.60GHz, instruction set [SSE2|AVX|AVX2|AVX512]
Thread count: 4 physical cores, 8 logical processors, using up to 8 threads

Non-default parameters:
LogToConsole  0

Optimize a model with 49906 rows, 148442 columns and 253105 nonzeros (Min)
Model has 98640 linear objective coefficients
Coefficient statistics:
  Matrix range     [4e-01, 1e+06]
  Objective range  [1e+00, 1e+00]
  Bounds range     [2e-06, 1e+04]
  RHS range        [2e-12, 9e+09]
Warning: Model contains large rhs
         Consider reformulating model or setting NumericFocus parameter
         to avoid numerical issues.

LP warm-start: use basis

Iteration    Objective       Primal Inf.    Dual Inf.      Time
       0   -4.6330814e+04   1.584672e+06   0.000000e+00      0s
    3221    1.1583584e+03   0.000000e+00   0.000000e+00      0s

Solved in 3221 iterations and 0.42 seconds (0.86 work units)
Optimal objective  1.158358407e+03

User-callback calls 28, time in user-callback 0.00 sec

Gurobi 13.0.2 (win64) logging started Wed Jul 15 17:24:21 2026

Set parameter LogFile to value "C:\Users\ehsanno\DataspellProjects\Spanish_Power_System\results\GoRES\ipopt_logs\2024-12-02_bal.log"

Gurobi 13.0.2 (win64) logging started Wed Jul 15 17:24:22 2026

Set parameter LogFile to value "C:\Users\ehsanno\DataspellProjects\Spanish_Power_System\results\GoRES\ipopt_logs\2024-12-02_bal.log"
Gurobi Optimizer version 13.0.2 build v13.0.2rc1 (win64 - Windows 11+.0 (26200.2))

CPU model: 11th Gen Intel(R) Core(TM) i5-1145G7 @ 2.60GHz, instruction set [SSE2|AVX|AVX2|AVX512]
Thread count: 4 physical cores, 8 logical processors, using up to 8 threads

Non-default parameters:
LogToConsole  0

Optimize a model with 57563 rows, 167642 columns and 254232 nonzeros (Min)
Model fingerprint: 0xdbdd0d35
Model has 51889 linear objective coefficients
Coefficient statistics:
  Matrix range     [1e+00, 5e+03]
  Objective range  [4e-01, 1e+06]
  Bounds range     [2e-06, 1e+04]
  RHS range        [1e-13, 9e+09]
Warning: Model contains large rhs
         Consider reformulating model or setting NumericFocus parameter
         to avoid numerical issues.

Presolve removed 55277 rows and 163038 columns
Presolve time: 0.11s
Presolved: 2286 rows, 4604 columns, 35000 nonzeros

Concurrent LP optimizer: dual simplex and barrier
Showing barrier log only...

Ordering time: 0.00s

Barrier statistics:
 AA' NZ     : 5.635e+04
 Factor NZ  : 8.267e+04 (roughly 3 MB of memory)
 Factor Ops : 3.118e+06 (less than 1 second per iteration)
 Threads    : 3

                  Objective                Residual
Iter       Primal          Dual         Primal    Dual     Compl     Time
   0   1.45944218e+12 -1.66850785e+09  5.41e+06 2.91e-11  5.20e+10     0s
   1   5.65591258e+08 -2.02416678e+09  2.08e+03 4.00e+03  2.07e+07     0s
   2   3.49301097e+07 -1.64440663e+09  3.52e+01 3.07e+02  5.66e+05     0s
   3   1.99346823e+07 -2.03458176e+08  6.64e-02 1.89e+00  2.50e+04     0s
   4   1.28465822e+07 -3.42990839e+07  3.18e-02 2.74e-01  5.53e+03     0s

Barrier performed 4 iterations in 0.14 seconds (0.10 work units)
Barrier solve interrupted - model solved by another algorithm


Solved with dual simplex
Iteration    Objective       Primal Inf.    Dual Inf.      Time
    1764    7.1847995e+06   0.000000e+00   0.000000e+00      0s

Solved in 1764 iterations and 0.19 seconds (0.11 work units)
Optimal objective  7.184799529e+06

User-callback calls 64, time in user-callback 0.00 sec
Gurobi Optimizer version 13.0.2 build v13.0.2rc1 (win64 - Windows 11+.0 (26200.2))

CPU model: 11th Gen Intel(R) Core(TM) i5-1145G7 @ 2.60GHz, instruction set [SSE2|AVX|AVX2|AVX512]
Thread count: 4 physical cores, 8 logical processors, using up to 8 threads

Non-default parameters:
LogToConsole  0

Optimize a model with 57564 rows, 167642 columns and 306121 nonzeros (Min)
Model has 110256 linear objective coefficients
Coefficient statistics:
  Matrix range     [4e-01, 1e+06]
  Objective range  [1e+00, 1e+00]
  Bounds range     [2e-06, 1e+04]
  RHS range        [1e-13, 9e+09]
Warning: Model contains large rhs
         Consider reformulating model or setting NumericFocus parameter
         to avoid numerical issues.

LP warm-start: use basis

Iteration    Objective       Primal Inf.    Dual Inf.      Time
       0   -7.0402507e+03   1.285350e+04   0.000000e+00      0s
    3917    1.1980564e+03   0.000000e+00   0.000000e+00      1s

Solved in 3917 iterations and 0.92 seconds (1.25 work units)
Optimal objective  1.198056378e+03

User-callback calls 28, time in user-callback 0.00 sec

Gurobi 13.0.2 (win64) logging started Thu Jul 16 16:07:37 2026

Set parameter LogFile to value "C:\Users\ehsanno\DataspellProjects\Spanish_Power_System\results\GoRES\ipopt_logs\2024-12-02_bal.log"

Gurobi 13.0.2 (win64) logging started Thu Jul 16 16:07:38 2026

Set parameter LogFile to value "C:\Users\ehsanno\DataspellProjects\Spanish_Power_System\results\GoRES\ipopt_logs\2024-12-02_bal.log"
Gurobi Optimizer version 13.0.2 build v13.0.2rc1 (win64 - Windows 11+.0 (26200.2))

CPU model: 11th Gen Intel(R) Core(TM) i5-1145G7 @ 2.60GHz, instruction set [SSE2|AVX|AVX2|AVX512]
Thread count: 4 physical cores, 8 logical processors, using up to 8 threads

Non-default parameters:
LogToConsole  0

Optimize a model with 77947 rows, 207578 columns and 438936 nonzeros (Min)
Model fingerprint: 0x8bc77eb8
Model has 51889 linear objective coefficients
Coefficient statistics:
  Matrix range     [1e+00, 5e+03]
  Objective range  [4e-01, 1e+06]
  Bounds range     [2e-06, 1e+04]
  RHS range        [2e-13, 9e+09]
Warning: Model contains large rhs
         Consider reformulating model or setting NumericFocus parameter
         to avoid numerical issues.

Presolve removed 65677 rows and 183422 columns
Presolve time: 0.21s
Presolved: 12270 rows, 24156 columns, 188920 nonzeros

Concurrent LP optimizer: dual simplex and barrier
Showing barrier log only...

Ordering time: 0.01s

Barrier statistics:
 AA' NZ     : 1.624e+05
 Factor NZ  : 2.377e+05 (roughly 10 MB of memory)
 Factor Ops : 8.981e+06 (less than 1 second per iteration)
 Threads    : 3

                  Objective                Residual
Iter       Primal          Dual         Primal    Dual     Compl     Time
   0   1.82474548e+11 -1.78764341e+09  5.38e+07 1.82e-12  6.49e+09     0s
   1   4.00255344e+09 -1.64884052e+09  1.18e+06 7.03e+02  1.43e+08     0s
   2   3.28206913e+07 -1.54762459e+09  1.20e+03 3.75e+01  2.10e+05     0s
   3   2.21347081e+07 -2.43054404e+08  7.56e+00 9.20e-01  1.11e+04     0s
   4   1.58752473e+07 -1.02290322e+08  4.31e+00 3.75e-01  4.91e+03     0s
   5   1.51735456e+07 -7.13831917e+07  4.02e+00 2.12e-01  3.64e+03     0s
   6   2.45868928e+07 -5.76667698e+07  2.92e+00 1.78e-01  3.40e+03     0s
   7   1.49188347e+07 -3.53622841e+07  1.49e+00 1.09e-01  2.06e+03     0s
   8   9.35776392e+06 -2.22015118e+07  5.07e-01 7.31e-02  1.26e+03     0s
   9   8.07682148e+06 -9.72888799e+06  9.67e-02 4.29e-02  6.98e+02     0s
  10   7.44676158e+06 -1.60102218e+06  1.46e-02 2.08e-02  3.53e+02     0s

Barrier performed 10 iterations in 0.42 seconds (0.29 work units)
Barrier solve interrupted - model solved by another algorithm


Solved with dual simplex
Iteration    Objective       Primal Inf.    Dual Inf.      Time
    4916    7.1848078e+06   0.000000e+00   0.000000e+00      0s

Use crossover to convert LP symmetric solution to basic solution...
Crossover log...

       0 DPushes remaining with DInf 0.0000000e+00                 0s

     530 PPushes remaining with PInf 0.0000000e+00                 0s
       0 PPushes remaining with PInf 0.0000000e+00                 0s

  Push phase complete: Pinf 0.0000000e+00, Dinf 0.0000000e+00      0s

Crossover time: 0.06 seconds (0.03 work units)
Iteration    Objective       Primal Inf.    Dual Inf.      Time
    5786    7.1848078e+06   0.000000e+00   0.000000e+00      1s

Solved in 5786 iterations and 0.60 seconds (0.31 work units)
Optimal objective  7.184807771e+06

User-callback calls 102, time in user-callback 0.00 sec
Gurobi Optimizer version 13.0.2 build v13.0.2rc1 (win64 - Windows 11+.0 (26200.2))

CPU model: 11th Gen Intel(R) Core(TM) i5-1145G7 @ 2.60GHz, instruction set [SSE2|AVX|AVX2|AVX512]
Thread count: 4 physical cores, 8 logical processors, using up to 8 threads

Non-default parameters:
LogToConsole  0

Optimize a model with 77948 rows, 207578 columns and 490825 nonzeros (Min)
Model has 130224 linear objective coefficients
Coefficient statistics:
  Matrix range     [4e-01, 1e+06]
  Objective range  [1e+00, 1e+00]
  Bounds range     [2e-06, 1e+04]
  RHS range        [2e-13, 9e+09]
Warning: Model contains large rhs
         Consider reformulating model or setting NumericFocus parameter
         to avoid numerical issues.

LP warm-start: use basis

Iteration    Objective       Primal Inf.    Dual Inf.      Time
       0   -1.3587447e+05   5.418599e+07   0.000000e+00      0s
   11859    1.2084139e+03   0.000000e+00   0.000000e+00      2s

Solved in 11859 iterations and 2.10 seconds (1.76 work units)
Optimal objective  1.208413908e+03

User-callback calls 28, time in user-callback 0.00 sec

Gurobi 13.0.2 (win64) logging started Thu Jul 16 16:14:55 2026

Set parameter LogFile to value "C:\Users\ehsanno\DataspellProjects\Spanish_Power_System\results\GoRES\ipopt_logs\2024-12-02_bal.log"

Gurobi 13.0.2 (win64) logging started Thu Jul 16 16:14:55 2026

Set parameter LogFile to value "C:\Users\ehsanno\DataspellProjects\Spanish_Power_System\results\GoRES\ipopt_logs\2024-12-02_bal.log"
Gurobi Optimizer version 13.0.2 build v13.0.2rc1 (win64 - Windows 11+.0 (26200.2))

CPU model: 11th Gen Intel(R) Core(TM) i5-1145G7 @ 2.60GHz, instruction set [SSE2|AVX|AVX2|AVX512]
Thread count: 4 physical cores, 8 logical processors, using up to 8 threads

Non-default parameters:
LogToConsole  0

Optimize a model with 77947 rows, 207578 columns and 438936 nonzeros (Min)
Model fingerprint: 0x8bc77eb8
Model has 51889 linear objective coefficients
Coefficient statistics:
  Matrix range     [1e+00, 5e+03]
  Objective range  [4e-01, 1e+06]
  Bounds range     [2e-06, 1e+04]
  RHS range        [2e-13, 9e+09]
Warning: Model contains large rhs
         Consider reformulating model or setting NumericFocus parameter
         to avoid numerical issues.

Presolve removed 65677 rows and 183422 columns
Presolve time: 0.14s
Presolved: 12270 rows, 24156 columns, 188920 nonzeros

Concurrent LP optimizer: dual simplex and barrier
Showing barrier log only...

Ordering time: 0.00s

Barrier statistics:
 AA' NZ     : 1.624e+05
 Factor NZ  : 2.377e+05 (roughly 10 MB of memory)
 Factor Ops : 8.981e+06 (less than 1 second per iteration)
 Threads    : 3

                  Objective                Residual
Iter       Primal          Dual         Primal    Dual     Compl     Time
   0   1.82474548e+11 -1.78764341e+09  5.38e+07 1.82e-12  6.49e+09     0s
   1   4.00255344e+09 -1.64884052e+09  1.18e+06 7.03e+02  1.43e+08     0s
   2   3.28206913e+07 -1.54762459e+09  1.20e+03 3.75e+01  2.10e+05     0s
   3   2.21347081e+07 -2.43054404e+08  7.56e+00 9.20e-01  1.11e+04     0s
   4   1.58752473e+07 -1.02290322e+08  4.31e+00 3.75e-01  4.91e+03     0s
   5   1.51735456e+07 -7.13831917e+07  4.02e+00 2.12e-01  3.64e+03     0s
   6   2.45868928e+07 -5.76667698e+07  2.92e+00 1.78e-01  3.40e+03     0s
   7   1.49188347e+07 -3.53622841e+07  1.49e+00 1.09e-01  2.06e+03     0s
   8   9.35776392e+06 -2.22015118e+07  5.07e-01 7.31e-02  1.26e+03     0s
   9   8.07682148e+06 -9.72888799e+06  9.67e-02 4.29e-02  6.98e+02     0s
  10   7.44676158e+06 -1.60102218e+06  1.46e-02 2.08e-02  3.53e+02     0s

Barrier performed 10 iterations in 0.28 seconds (0.29 work units)
Barrier solve interrupted - model solved by another algorithm


Solved with dual simplex
Iteration    Objective       Primal Inf.    Dual Inf.      Time
    4916    7.1848078e+06   0.000000e+00   0.000000e+00      0s

Use crossover to convert LP symmetric solution to basic solution...
Crossover log...

       0 DPushes remaining with DInf 0.0000000e+00                 0s

     530 PPushes remaining with PInf 0.0000000e+00                 0s
       0 PPushes remaining with PInf 0.0000000e+00                 0s

  Push phase complete: Pinf 0.0000000e+00, Dinf 0.0000000e+00      0s

Crossover time: 0.05 seconds (0.03 work units)
Iteration    Objective       Primal Inf.    Dual Inf.      Time
    5786    7.1848078e+06   0.000000e+00   0.000000e+00      0s

Solved in 5786 iterations and 0.41 seconds (0.31 work units)
Optimal objective  7.184807771e+06

User-callback calls 95, time in user-callback 0.00 sec
Gurobi Optimizer version 13.0.2 build v13.0.2rc1 (win64 - Windows 11+.0 (26200.2))

CPU model: 11th Gen Intel(R) Core(TM) i5-1145G7 @ 2.60GHz, instruction set [SSE2|AVX|AVX2|AVX512]
Thread count: 4 physical cores, 8 logical processors, using up to 8 threads

Non-default parameters:
LogToConsole  0

Optimize a model with 77948 rows, 207578 columns and 490825 nonzeros (Min)
Model has 130224 linear objective coefficients
Coefficient statistics:
  Matrix range     [4e-01, 1e+06]
  Objective range  [1e+00, 1e+00]
  Bounds range     [2e-06, 1e+04]
  RHS range        [2e-13, 9e+09]
Warning: Model contains large rhs
         Consider reformulating model or setting NumericFocus parameter
         to avoid numerical issues.

LP warm-start: use basis

Iteration    Objective       Primal Inf.    Dual Inf.      Time
       0   -1.3587447e+05   5.418599e+07   0.000000e+00      0s
   11859    1.2084139e+03   0.000000e+00   0.000000e+00      2s

Solved in 11859 iterations and 1.62 seconds (1.76 work units)
Optimal objective  1.208413908e+03

User-callback calls 28, time in user-callback 0.00 sec

Gurobi 13.0.2 (win64) logging started Mon Jul 20 15:53:50 2026

Set parameter LogFile to value "C:\Users\ehsanno\DataspellProjects\Spanish_Power_System\results\GoRES\ipopt_logs\2024-12-02_bal.log"

Gurobi 13.0.2 (win64) logging started Mon Jul 20 15:53:50 2026

Set parameter LogFile to value "C:\Users\ehsanno\DataspellProjects\Spanish_Power_System\results\GoRES\ipopt_logs\2024-12-02_bal.log"
Gurobi Optimizer version 13.0.2 build v13.0.2rc1 (win64 - Windows 11+.0 (26200.2))

CPU model: 11th Gen Intel(R) Core(TM) i5-1145G7 @ 2.60GHz, instruction set [SSE2|AVX|AVX2|AVX512]
Thread count: 4 physical cores, 8 logical processors, using up to 8 threads

Non-default parameters:
LogToConsole  0

Optimize a model with 86500 rows, 224210 columns and 517044 nonzeros (Min)
Model fingerprint: 0xd603570b
Model has 51769 linear objective coefficients
Coefficient statistics:
  Matrix range     [1e+00, 3e+03]
  Objective range  [4e-01, 1e+06]
  Bounds range     [1e-06, 1e+04]
  RHS range        [2e-13, 3e+09]
Warning: Model contains large rhs
         Consider reformulating model or setting NumericFocus parameter
         to avoid numerical issues.

Presolve removed 69970 rows and 191762 columns
Presolve time: 0.21s
Presolved: 16530 rows, 32448 columns, 254406 nonzeros

Concurrent LP optimizer: dual simplex and barrier
Showing barrier log only...

Ordering time: 0.01s

Barrier statistics:
 AA' NZ     : 2.314e+05
 Factor NZ  : 3.386e+05 (roughly 14 MB of memory)
 Factor Ops : 1.279e+07 (less than 1 second per iteration)
 Threads    : 3

                  Objective                Residual
Iter       Primal          Dual         Primal    Dual     Compl     Time
   0   7.89310045e+09 -9.25043040e+08  2.99e+06 3.64e-12  5.01e+08     0s
   1   7.63171855e+07 -9.19577234e+08  1.36e+04 2.55e-11  2.31e+06     0s
   2   1.38069544e+07 -4.10883036e+08  7.14e+02 3.64e-11  1.30e+05     0s
   3   1.11705432e+07 -2.24156957e+08  2.62e+02 2.91e-11  4.84e+04     0s
   4   8.05763257e+06 -8.30733412e+07  1.41e+00 2.91e-11  2.70e+03     0s
   5   6.26064923e+06 -2.58155285e+07  1.91e-01 2.91e-11  9.04e+02     0s
   6   5.76545498e+06  1.78406371e+06  1.17e-02 5.82e-11  1.11e+02     0s
   7   5.64623578e+06  4.04330577e+06  6.70e-03 8.73e-11  4.51e+01     0s
   8   5.49770232e+06  5.01961767e+06  1.64e-03 7.28e-11  1.33e+01     0s

Barrier performed 8 iterations in 0.45 seconds (0.35 work units)
Barrier solve interrupted - model solved by another algorithm


Solved with dual simplex
Iteration    Objective       Primal Inf.    Dual Inf.      Time
    6232    5.4530907e+06   0.000000e+00   0.000000e+00      0s

Use crossover to convert LP symmetric solution to basic solution...
Crossover log...

       0 DPushes remaining with DInf 0.0000000e+00                 0s

     587 PPushes remaining with PInf 0.0000000e+00                 1s
       0 PPushes remaining with PInf 0.0000000e+00                 1s

  Push phase complete: Pinf 0.0000000e+00, Dinf 0.0000000e+00      1s

Crossover time: 0.07 seconds (0.02 work units)
Iteration    Objective       Primal Inf.    Dual Inf.      Time
    6864    5.4530907e+06   0.000000e+00   0.000000e+00      1s

Solved in 6864 iterations and 0.64 seconds (0.39 work units)
Optimal objective  5.453090681e+06

User-callback calls 102, time in user-callback 0.00 sec
Gurobi Optimizer version 13.0.2 build v13.0.2rc1 (win64 - Windows 11+.0 (26200.2))

CPU model: 11th Gen Intel(R) Core(TM) i5-1145G7 @ 2.60GHz, instruction set [SSE2|AVX|AVX2|AVX512]
Thread count: 4 physical cores, 8 logical processors, using up to 8 threads

Non-default parameters:
LogToConsole  0

Optimize a model with 86501 rows, 224210 columns and 568813 nonzeros (Min)
Model has 138480 linear objective coefficients
Coefficient statistics:
  Matrix range     [4e-01, 1e+06]
  Objective range  [1e+00, 1e+00]
  Bounds range     [1e-06, 1e+04]
  RHS range        [2e-13, 3e+09]
Warning: Model contains large rhs
         Consider reformulating model or setting NumericFocus parameter
         to avoid numerical issues.

LP warm-start: use basis

Iteration    Objective       Primal Inf.    Dual Inf.      Time
       0   -8.1059846e+26   3.642233e+28   8.105985e-04      0s
   14380    1.1878185e+03   0.000000e+00   0.000000e+00      3s

Solved in 14380 iterations and 2.64 seconds (2.05 work units)
Optimal objective  1.187818531e+03

User-callback calls 28, time in user-callback 0.00 sec
