This is Ipopt version 3.14.19, running with linear solver ma57.

Number of nonzeros in equality constraint Jacobian...:    13237
Number of nonzeros in inequality constraint Jacobian.:     3120
Number of nonzeros in Lagrangian Hessian.............:      454

Total number of variables............................:     5094
                     variables with only lower bounds:        0
                variables with lower and upper bounds:     3858
                     variables with only upper bounds:        0
Total number of equality constraints.................:     3582
Total number of inequality constraints...............:     1560
        inequality constraints with only lower bounds:        0
   inequality constraints with lower and upper bounds:     1560
        inequality constraints with only upper bounds:        0

iter    objective    inf_pr   inf_du lg(mu)  ||d||  lg(rg) alpha_du alpha_pr  ls
   0  1.8562382e+07 1.96e+01 8.35e+01  -1.0 0.00e+00    -  0.00e+00 0.00e+00   0
   1  1.8565201e+07 1.96e+01 8.35e+01  -1.0 8.61e+01    -  7.61e-03 2.34e-05f  1
   2  1.5959213e+07 1.93e+01 8.34e+01  -1.0 7.30e+01    -  7.65e-04 1.43e-02f  1
   3  1.5338322e+07 1.90e+01 8.23e+01  -1.0 1.65e+01  -4.0 1.40e-02 1.80e-02f  1
   4  1.4391834e+07 1.81e+01 7.80e+01  -1.0 1.61e+01  -4.5 5.06e-02 4.45e-02f  1
   5  1.1086909e+07 1.55e+01 6.57e+01  -1.0 1.52e+01  -5.0 1.56e-01 1.44e-01f  1
   6  5.0091463e+06 8.81e+00 4.64e+01  -1.0 4.23e+01    -  3.18e-01 4.32e-01f  1
   7  1.8127262e+06 6.10e-01 9.68e+00  -1.0 1.46e+02    -  8.10e-01 9.31e-01f  1
   8  1.8345391e+06 1.92e-11 1.24e-01  -1.0 2.13e+00    -  9.88e-01 1.00e+00f  1
   9  1.8268130e+06 5.15e-12 2.66e-04  -1.0 1.08e+00    -  9.98e-01 1.00e+00f  1
iter    objective    inf_pr   inf_du lg(mu)  ||d||  lg(rg) alpha_du alpha_pr  ls
  10  7.8103997e+05 1.90e-11 7.33e-02  -2.5 4.65e-01    -  7.99e-01 9.96e-01f  1
  11  7.1798172e+05 1.19e-11 6.05e-02  -2.5 6.84e-01  -5.4 7.66e-01 1.00e+00f  1
  12  7.0282961e+05 7.28e-12 4.55e-13  -2.5 7.07e-01    -  1.00e+00 1.00e+00f  1
  13  6.6843924e+05 6.64e-11 7.39e-03  -3.8 4.93e-01  -5.9 8.14e-01 9.00e-01f  1
  14  6.6239471e+05 1.32e-11 7.62e-08  -3.8 1.85e-01  -6.4 1.00e+00 1.00e+00f  1
  15  6.6026694e+05 2.28e-11 1.46e-03  -5.7 3.20e-02    -  7.70e-01 8.30e-01f  1
  16  6.5976475e+05 2.62e-11 2.03e-14  -5.7 2.58e-02    -  1.00e+00 1.00e+00f  1
  17  6.5973929e+05 6.28e-12 1.56e-09  -5.7 1.14e-02  -6.9 1.00e+00 1.00e+00f  1
  18  6.5970897e+05 1.19e-11 4.71e-05  -8.6 5.87e-03  -7.3 9.92e-01 9.78e-01f  1
  19  6.5970691e+05 1.88e-11 4.92e-11  -8.6 3.23e-03  -7.8 1.00e+00 1.00e+00f  1
iter    objective    inf_pr   inf_du lg(mu)  ||d||  lg(rg) alpha_du alpha_pr  ls
  20  6.5970655e+05 5.13e-12 8.07e-12  -8.6 1.59e-03  -8.3 1.00e+00 1.00e+00f  1
  21  6.5970645e+05 9.24e-12 1.33e-12  -8.6 7.87e-04  -8.8 1.00e+00 1.00e+00f  1
  22  6.5970643e+05 5.96e-12 2.14e-13  -8.6 3.79e-04  -9.2 1.00e+00 1.00e+00h  1
  23  6.5970640e+05 4.84e-12 3.57e-14  -9.0 1.90e-04  -9.7 1.00e+00 1.00e+00h  1

Number of Iterations....: 23

                                   (scaled)                 (unscaled)
Objective...............:   6.5970639610873192e+01    6.5970639610873186e+05
Dual infeasibility......:   3.5680646824860834e-14    3.5680646824860834e-10
Constraint violation....:   1.8340440959960727e-12    4.8350212722425567e-12
Variable bound violation:   1.5344069304035202e-07    1.5344069304035202e-07
Complementarity.........:   3.6183322869441408e-09    3.6183322869441404e-05
Overall NLP error.......:   3.6183322869441408e-09    3.6183322869441404e-05


Number of objective function evaluations             = 24
Number of objective gradient evaluations             = 24
Number of equality constraint evaluations            = 24
Number of inequality constraint evaluations          = 24
Number of equality constraint Jacobian evaluations   = 1
Number of inequality constraint Jacobian evaluations = 1
Number of Lagrangian Hessian evaluations             = 1
Total seconds in IPOPT                               = 0.132

EXIT: Optimal Solution Found.

Gurobi 13.0.2 (win64) logging started Wed Jul 15 11:53:35 2026

Set parameter LogFile to value "C:\Users\ehsanno\DataspellProjects\Spanish_Power_System\results\GoRES\ipopt_logs\2024-12-02_h23.log"

Gurobi 13.0.2 (win64) logging started Wed Jul 15 11:53:35 2026

Set parameter LogFile to value "C:\Users\ehsanno\DataspellProjects\Spanish_Power_System\results\GoRES\ipopt_logs\2024-12-02_h23.log"
Gurobi Optimizer version 13.0.2 build v13.0.2rc1 (win64 - Windows 11+.0 (26200.2))

CPU model: 11th Gen Intel(R) Core(TM) i5-1145G7 @ 2.60GHz, instruction set [SSE2|AVX|AVX2|AVX512]
Thread count: 4 physical cores, 8 logical processors, using up to 8 threads

Non-default parameters:
LogToConsole  0

Optimize a model with 5142 rows, 7197 columns and 18460 nonzeros (Min)
Model fingerprint: 0x51621e27
Model has 2031 linear objective coefficients and an objective constant of 2.0196570114173129e+07
Model has 973 quadratic objective terms
Coefficient statistics:
  Matrix range     [1e+00, 1e+04]
  Objective range  [4e-01, 1e+06]
  QObjective range [2e+04, 2e+04]
  Bounds range     [2e-06, 1e+04]
  RHS range        [2e-06, 1e+01]

Presolve removed 3697 rows and 4648 columns
Presolve time: 0.02s
Presolved: 1445 rows, 2549 columns, 8486 nonzeros
Presolved model has 454 quadratic objective terms
Ordering time: 0.00s

Barrier statistics:
 AA' NZ     : 1.784e+04
 Factor NZ  : 4.849e+04 (roughly 2 MB of memory)
 Factor Ops : 2.097e+06 (less than 1 second per iteration)
 Threads    : 1

                  Objective                Residual
Iter       Primal          Dual         Primal    Dual     Compl     Time
   0   5.62086198e+12 -5.30560627e+11  7.25e+03 7.18e+03  7.17e+06     0s
   1   1.61538694e+12 -2.39643928e+11  2.15e+03 2.13e+03  2.16e+06     0s
   2   1.96675828e+11 -1.99298291e+11  2.65e+02 2.63e+02  3.14e+05     0s
   3   2.40020592e+10 -1.14158960e+11  3.29e+01 3.26e+01  5.25e+04     0s
   4   1.48446971e+10 -8.61969401e+10  2.06e+01 2.04e+01  3.42e+04     0s
   5   1.54043501e+09 -3.89785018e+10  2.56e+00 2.53e+00  9.73e+03     0s
   6   7.57178136e+08 -2.57857724e+10  1.36e+00 1.35e+00  6.21e+03     0s
   7   2.66109184e+08 -8.55204657e+09  2.94e-01 2.91e-01  1.90e+03     0s
   8   8.95639655e+07 -8.75771453e+08  2.25e-02 2.23e-02  1.94e+02     0s
   9   3.27481691e+07 -2.13336183e+08  4.72e-03 4.68e-03  4.85e+01     0s
  10   1.27636594e+07 -8.23177732e+07  4.46e-04 4.42e-04  1.86e+01     0s
  11   3.22742076e+06 -1.38637771e+07  6.75e-05 6.69e-05  3.34e+00     0s
  12   1.23110383e+06 -2.04103693e+06  1.04e-05 1.03e-05  6.39e-01     0s
  13   7.98561931e+05  1.13164588e+05  1.49e-06 1.48e-06  1.34e-01     0s
  14   6.94559083e+05  5.40187388e+05  2.47e-07 2.45e-07  3.02e-02     0s
  15   6.62945668e+05  6.52697827e+05  2.74e-07 4.11e-12  2.00e-03     0s
  16   6.59905925e+05  6.59428418e+05  1.35e-06 8.26e-12  9.33e-05     0s
  17   6.59731675e+05  6.59703203e+05  7.24e-06 1.30e-11  5.20e-06     0s
  18   6.59729565e+05  6.59708090e+05  1.89e-05 6.79e-12  3.33e-06     0s
  19   6.59724741e+05  6.59708438e+05  7.15e-06 9.19e-12  3.21e-06     0s
  20   6.59718032e+05  6.59715818e+05  2.69e-07 7.92e-12  4.31e-07     0s
  21   6.59718060e+05  6.59715847e+05  5.10e-07 6.72e-12  4.20e-07     0s
  22   6.59717093e+05  6.59716793e+05  6.87e-09 1.13e-11  5.87e-08     0s
  23   6.59716961e+05  6.59716918e+05  1.07e-08 1.98e-11  8.17e-09     0s

Barrier solved model in 23 iterations and 0.06 seconds (0.05 work units)
Optimal objective 6.59716961e+05


User-callback calls 73, time in user-callback 0.00 sec

Gurobi 13.0.2 (win64) logging started Wed Jul 15 12:00:52 2026

Set parameter LogFile to value "C:\Users\ehsanno\DataspellProjects\Spanish_Power_System\results\GoRES\ipopt_logs\2024-12-02_h23.log"

Gurobi 13.0.2 (win64) logging started Wed Jul 15 12:00:52 2026

Set parameter LogFile to value "C:\Users\ehsanno\DataspellProjects\Spanish_Power_System\results\GoRES\ipopt_logs\2024-12-02_h23.log"
Gurobi Optimizer version 13.0.2 build v13.0.2rc1 (win64 - Windows 11+.0 (26200.2))

CPU model: 11th Gen Intel(R) Core(TM) i5-1145G7 @ 2.60GHz, instruction set [SSE2|AVX|AVX2|AVX512]
Thread count: 4 physical cores, 8 logical processors, using up to 8 threads

Non-default parameters:
LogToConsole  0

Optimize a model with 5142 rows, 7197 columns and 18460 nonzeros (Min)
Model fingerprint: 0x51621e27
Model has 2031 linear objective coefficients and an objective constant of 2.0196570114173129e+07
Model has 973 quadratic objective terms
Coefficient statistics:
  Matrix range     [1e+00, 1e+04]
  Objective range  [4e-01, 1e+06]
  QObjective range [2e+04, 2e+04]
  Bounds range     [2e-06, 1e+04]
  RHS range        [2e-06, 1e+01]

Presolve removed 3697 rows and 4648 columns
Presolve time: 0.01s
Presolved: 1445 rows, 2549 columns, 8486 nonzeros
Presolved model has 454 quadratic objective terms
Ordering time: 0.00s

Barrier statistics:
 AA' NZ     : 1.784e+04
 Factor NZ  : 4.849e+04 (roughly 2 MB of memory)
 Factor Ops : 2.097e+06 (less than 1 second per iteration)
 Threads    : 1

                  Objective                Residual
Iter       Primal          Dual         Primal    Dual     Compl     Time
   0   5.62086198e+12 -5.30560627e+11  7.25e+03 7.18e+03  7.17e+06     0s
   1   1.61538694e+12 -2.39643928e+11  2.15e+03 2.13e+03  2.16e+06     0s
   2   1.96675828e+11 -1.99298291e+11  2.65e+02 2.63e+02  3.14e+05     0s
   3   2.40020592e+10 -1.14158960e+11  3.29e+01 3.26e+01  5.25e+04     0s
   4   1.48446971e+10 -8.61969401e+10  2.06e+01 2.04e+01  3.42e+04     0s
   5   1.54043501e+09 -3.89785018e+10  2.56e+00 2.53e+00  9.73e+03     0s
   6   7.57178136e+08 -2.57857724e+10  1.36e+00 1.35e+00  6.21e+03     0s
   7   2.66109184e+08 -8.55204657e+09  2.94e-01 2.91e-01  1.90e+03     0s
   8   8.95639655e+07 -8.75771453e+08  2.25e-02 2.23e-02  1.94e+02     0s
   9   3.27481691e+07 -2.13336183e+08  4.72e-03 4.68e-03  4.85e+01     0s
  10   1.27636594e+07 -8.23177732e+07  4.46e-04 4.42e-04  1.86e+01     0s
  11   3.22742076e+06 -1.38637771e+07  6.75e-05 6.69e-05  3.34e+00     0s
  12   1.23110383e+06 -2.04103693e+06  1.04e-05 1.03e-05  6.39e-01     0s
  13   7.98561931e+05  1.13164588e+05  1.49e-06 1.48e-06  1.34e-01     0s
  14   6.94559083e+05  5.40187388e+05  2.47e-07 2.45e-07  3.02e-02     0s
  15   6.62945668e+05  6.52697827e+05  2.74e-07 4.11e-12  2.00e-03     0s
  16   6.59905925e+05  6.59428418e+05  1.35e-06 8.26e-12  9.33e-05     0s
  17   6.59731675e+05  6.59703203e+05  7.24e-06 1.30e-11  5.20e-06     0s
  18   6.59729565e+05  6.59708090e+05  1.89e-05 6.79e-12  3.33e-06     0s
  19   6.59724741e+05  6.59708438e+05  7.15e-06 9.19e-12  3.21e-06     0s
  20   6.59718032e+05  6.59715818e+05  2.69e-07 7.92e-12  4.31e-07     0s
  21   6.59718060e+05  6.59715847e+05  5.10e-07 6.72e-12  4.20e-07     0s
  22   6.59717093e+05  6.59716793e+05  6.87e-09 1.13e-11  5.87e-08     0s
  23   6.59716961e+05  6.59716918e+05  1.07e-08 1.98e-11  8.17e-09     0s

Barrier solved model in 23 iterations and 0.06 seconds (0.05 work units)
Optimal objective 6.59716961e+05


User-callback calls 74, time in user-callback 0.00 sec

Gurobi 13.0.2 (win64) logging started Wed Jul 15 12:16:08 2026

Set parameter LogFile to value "C:\Users\ehsanno\DataspellProjects\Spanish_Power_System\results\GoRES\ipopt_logs\2024-12-02_h23.log"

Gurobi 13.0.2 (win64) logging started Wed Jul 15 12:16:08 2026

Set parameter LogFile to value "C:\Users\ehsanno\DataspellProjects\Spanish_Power_System\results\GoRES\ipopt_logs\2024-12-02_h23.log"
Gurobi Optimizer version 13.0.2 build v13.0.2rc1 (win64 - Windows 11+.0 (26200.2))

CPU model: 11th Gen Intel(R) Core(TM) i5-1145G7 @ 2.60GHz, instruction set [SSE2|AVX|AVX2|AVX512]
Thread count: 4 physical cores, 8 logical processors, using up to 8 threads

Non-default parameters:
LogToConsole  0

Optimize a model with 5142 rows, 7197 columns and 18460 nonzeros (Min)
Model fingerprint: 0x51621e27
Model has 2031 linear objective coefficients and an objective constant of 2.0196570114173129e+07
Model has 973 quadratic objective terms
Coefficient statistics:
  Matrix range     [1e+00, 1e+04]
  Objective range  [4e-01, 1e+06]
  QObjective range [2e+04, 2e+04]
  Bounds range     [2e-06, 1e+04]
  RHS range        [2e-06, 1e+01]

Presolve removed 3697 rows and 4648 columns
Presolve time: 0.01s
Presolved: 1445 rows, 2549 columns, 8486 nonzeros
Presolved model has 454 quadratic objective terms
Ordering time: 0.00s

Barrier statistics:
 AA' NZ     : 1.784e+04
 Factor NZ  : 4.849e+04 (roughly 2 MB of memory)
 Factor Ops : 2.097e+06 (less than 1 second per iteration)
 Threads    : 1

                  Objective                Residual
Iter       Primal          Dual         Primal    Dual     Compl     Time
   0   5.62086198e+12 -5.30560627e+11  7.25e+03 7.18e+03  7.17e+06     0s
   1   1.61538694e+12 -2.39643928e+11  2.15e+03 2.13e+03  2.16e+06     0s
   2   1.96675828e+11 -1.99298291e+11  2.65e+02 2.63e+02  3.14e+05     0s
   3   2.40020592e+10 -1.14158960e+11  3.29e+01 3.26e+01  5.25e+04     0s
   4   1.48446971e+10 -8.61969401e+10  2.06e+01 2.04e+01  3.42e+04     0s
   5   1.54043501e+09 -3.89785018e+10  2.56e+00 2.53e+00  9.73e+03     0s
   6   7.57178136e+08 -2.57857724e+10  1.36e+00 1.35e+00  6.21e+03     0s
   7   2.66109184e+08 -8.55204657e+09  2.94e-01 2.91e-01  1.90e+03     0s
   8   8.95639655e+07 -8.75771453e+08  2.25e-02 2.23e-02  1.94e+02     0s
   9   3.27481691e+07 -2.13336183e+08  4.72e-03 4.68e-03  4.85e+01     0s
  10   1.27636594e+07 -8.23177732e+07  4.46e-04 4.42e-04  1.86e+01     0s
  11   3.22742076e+06 -1.38637771e+07  6.75e-05 6.69e-05  3.34e+00     0s
  12   1.23110383e+06 -2.04103693e+06  1.04e-05 1.03e-05  6.39e-01     0s
  13   7.98561931e+05  1.13164588e+05  1.49e-06 1.48e-06  1.34e-01     0s
  14   6.94559083e+05  5.40187388e+05  2.47e-07 2.45e-07  3.02e-02     0s
  15   6.62945668e+05  6.52697827e+05  2.74e-07 4.11e-12  2.00e-03     0s
  16   6.59905925e+05  6.59428418e+05  1.35e-06 8.26e-12  9.33e-05     0s
  17   6.59731675e+05  6.59703203e+05  7.24e-06 1.30e-11  5.20e-06     0s
  18   6.59729565e+05  6.59708090e+05  1.89e-05 6.79e-12  3.33e-06     0s
  19   6.59724741e+05  6.59708438e+05  7.15e-06 9.19e-12  3.21e-06     0s
  20   6.59718032e+05  6.59715818e+05  2.69e-07 7.92e-12  4.31e-07     0s
  21   6.59718060e+05  6.59715847e+05  5.10e-07 6.72e-12  4.20e-07     0s
  22   6.59717093e+05  6.59716793e+05  6.87e-09 1.13e-11  5.87e-08     0s
  23   6.59716961e+05  6.59716918e+05  1.07e-08 1.98e-11  8.17e-09     0s

Barrier solved model in 23 iterations and 0.06 seconds (0.05 work units)
Optimal objective 6.59716961e+05


User-callback calls 76, time in user-callback 0.00 sec

Gurobi 13.0.2 (win64) logging started Wed Jul 15 12:32:21 2026

Set parameter LogFile to value "C:\Users\ehsanno\DataspellProjects\Spanish_Power_System\results\GoRES\ipopt_logs\2024-12-02_h23.log"

Gurobi 13.0.2 (win64) logging started Wed Jul 15 12:32:21 2026

Set parameter LogFile to value "C:\Users\ehsanno\DataspellProjects\Spanish_Power_System\results\GoRES\ipopt_logs\2024-12-02_h23.log"
Gurobi Optimizer version 13.0.2 build v13.0.2rc1 (win64 - Windows 11+.0 (26200.2))

CPU model: 11th Gen Intel(R) Core(TM) i5-1145G7 @ 2.60GHz, instruction set [SSE2|AVX|AVX2|AVX512]
Thread count: 4 physical cores, 8 logical processors, using up to 8 threads

Non-default parameters:
LogToConsole  0

Optimize a model with 5142 rows, 7197 columns and 18460 nonzeros (Min)
Model fingerprint: 0x8283260d
Model has 2031 linear objective coefficients and an objective constant of 2.0196588573119991e+07
Model has 973 quadratic objective terms
Coefficient statistics:
  Matrix range     [1e+00, 1e+04]
  Objective range  [4e-01, 1e+06]
  QObjective range [2e+04, 2e+04]
  Bounds range     [2e-06, 1e+04]
  RHS range        [2e-06, 1e+01]

Presolve removed 3697 rows and 4648 columns
Presolve time: 0.02s
Presolved: 1445 rows, 2549 columns, 8486 nonzeros
Presolved model has 454 quadratic objective terms
Ordering time: 0.00s

Barrier statistics:
 AA' NZ     : 1.784e+04
 Factor NZ  : 4.849e+04 (roughly 2 MB of memory)
 Factor Ops : 2.097e+06 (less than 1 second per iteration)
 Threads    : 1

                  Objective                Residual
Iter       Primal          Dual         Primal    Dual     Compl     Time
   0   5.62086198e+12 -5.30560627e+11  7.25e+03 7.18e+03  7.17e+06     0s
   1   1.61538695e+12 -2.39643928e+11  2.15e+03 2.13e+03  2.16e+06     0s
   2   1.96675829e+11 -1.99298292e+11  2.65e+02 2.63e+02  3.14e+05     0s
   3   2.40020599e+10 -1.14158961e+11  3.29e+01 3.26e+01  5.25e+04     0s
   4   1.48446965e+10 -8.61969379e+10  2.06e+01 2.04e+01  3.42e+04     0s
   5   1.54043543e+09 -3.89785023e+10  2.56e+00 2.53e+00  9.73e+03     0s
   6   7.57178244e+08 -2.57857725e+10  1.36e+00 1.35e+00  6.21e+03     0s
   7   2.66109310e+08 -8.55205033e+09  2.94e-01 2.91e-01  1.90e+03     0s
   8   8.95639930e+07 -8.75772079e+08  2.25e-02 2.23e-02  1.94e+02     0s
   9   3.27482078e+07 -2.13336650e+08  4.72e-03 4.68e-03  4.85e+01     0s
  10   1.27636724e+07 -8.23178867e+07  4.46e-04 4.42e-04  1.86e+01     0s
  11   3.22742284e+06 -1.38637888e+07  6.75e-05 6.69e-05  3.34e+00     0s
  12   1.23110404e+06 -2.04103716e+06  1.04e-05 1.03e-05  6.39e-01     0s
  13   7.98561846e+05  1.13165058e+05  1.49e-06 1.48e-06  1.34e-01     0s
  14   6.94559058e+05  5.40187484e+05  2.47e-07 2.45e-07  3.02e-02     0s
  15   6.62945622e+05  6.52697790e+05  1.84e-07 1.10e-11  2.00e-03     0s
  16   6.59905524e+05  6.59428357e+05  8.96e-07 1.96e-11  9.33e-05     0s
  17   6.59727792e+05  6.59703182e+05  5.92e-06 6.00e-12  5.20e-06     0s
  18   6.59718769e+05  6.59715010e+05  4.05e-07 1.05e-11  7.14e-07     0s
  19   6.59718241e+05  6.59715659e+05  9.49e-07 7.42e-12  4.66e-07     0s
  20   6.59717908e+05  6.59715671e+05  6.00e-07 4.97e-12  4.62e-07     0s
  21   6.59718091e+05  6.59715670e+05  6.31e-07 3.69e-12  4.63e-07     0s
  22   6.59717473e+05  6.59715094e+05  5.58e-08 4.66e-11  4.65e-07     0s
  23   6.59716910e+05  6.59716864e+05  1.83e-09 5.03e-12  9.04e-09     0s

Barrier solved model in 23 iterations and 0.07 seconds (0.05 work units)
Optimal objective 6.59716910e+05


User-callback calls 76, time in user-callback 0.00 sec

Gurobi 13.0.2 (win64) logging started Wed Jul 15 14:22:14 2026

Set parameter LogFile to value "C:\Users\ehsanno\DataspellProjects\Spanish_Power_System\results\GoRES\ipopt_logs\2024-12-02_h23.log"

Gurobi 13.0.2 (win64) logging started Wed Jul 15 14:22:14 2026

Set parameter LogFile to value "C:\Users\ehsanno\DataspellProjects\Spanish_Power_System\results\GoRES\ipopt_logs\2024-12-02_h23.log"
Gurobi Optimizer version 13.0.2 build v13.0.2rc1 (win64 - Windows 11+.0 (26200.2))

CPU model: 11th Gen Intel(R) Core(TM) i5-1145G7 @ 2.60GHz, instruction set [SSE2|AVX|AVX2|AVX512]
Thread count: 4 physical cores, 8 logical processors, using up to 8 threads

Non-default parameters:
LogToConsole  0

Optimize a model with 5142 rows, 7197 columns and 18460 nonzeros (Min)
Model fingerprint: 0x1566e37a
Model has 2031 linear objective coefficients and an objective constant of 1.9229772734990083e+07
Model has 973 quadratic objective terms
Coefficient statistics:
  Matrix range     [1e+00, 1e+04]
  Objective range  [4e-01, 1e+06]
  QObjective range [2e+04, 2e+04]
  Bounds range     [2e-06, 1e+04]
  RHS range        [2e-06, 1e+01]

Presolve removed 3697 rows and 4648 columns
Presolve time: 0.03s
Presolved: 1445 rows, 2549 columns, 8486 nonzeros
Presolved model has 454 quadratic objective terms
Ordering time: 0.01s

Barrier statistics:
 AA' NZ     : 1.784e+04
 Factor NZ  : 4.849e+04 (roughly 2 MB of memory)
 Factor Ops : 2.097e+06 (less than 1 second per iteration)
 Threads    : 1

                  Objective                Residual
Iter       Primal          Dual         Primal    Dual     Compl     Time
   0   5.62093258e+12 -5.30827407e+11  7.25e+03 7.18e+03  7.17e+06     0s
   1   1.61537244e+12 -2.39868169e+11  2.15e+03 2.13e+03  2.16e+06     0s
   2   1.96691973e+11 -1.99540765e+11  2.65e+02 2.63e+02  3.15e+05     0s
   3   2.77824200e+10 -1.16099712e+11  3.80e+01 3.77e+01  5.77e+04     0s
   4   1.67847846e+10 -8.76650205e+10  2.32e+01 2.30e+01  3.68e+04     0s
   5   1.41716430e+09 -4.01589310e+10  2.43e+00 2.41e+00  9.87e+03     0s
   6   5.19516184e+08 -1.91411969e+10  8.39e-01 8.31e-01  4.46e+03     0s
   7   1.84547949e+08 -4.65345525e+09  9.43e-02 9.35e-02  9.96e+02     0s
   8   7.00743726e+07 -5.35821463e+08  5.31e-03 5.26e-03  1.20e+02     0s
   9   1.74526485e+07 -1.35355239e+08  6.64e-04 6.58e-04  2.99e+01     0s
  10   3.77076589e+06 -1.87333955e+07  8.50e-05 8.42e-05  4.40e+00     0s
  11   1.24485257e+06 -2.55608541e+06  1.17e-05 1.16e-05  7.43e-01     0s
  12   7.47051695e+05 -2.08663105e+03  1.70e-06 1.69e-06  1.46e-01     0s
  13   6.29263518e+05  4.73761679e+05  2.62e-07 2.60e-07  3.04e-02     0s
  14   5.95494891e+05  5.86261097e+05  9.25e-08 8.79e-12  1.80e-03     0s
  15   5.92493862e+05  5.91681463e+05  2.03e-06 1.10e-11  1.59e-04     0s
  16   5.92205162e+05  5.92160828e+05  1.89e-06 1.17e-11  8.75e-06     0s
  17   5.92187018e+05  5.92181115e+05  4.01e-08 1.16e-11  1.15e-06     0s
  18   5.92184566e+05  5.92183735e+05  4.68e-09 5.28e-12  1.62e-07     0s
  19   5.92184215e+05  5.92184096e+05  2.01e-08 9.40e-12  2.27e-08     0s
  20   5.92184185e+05  5.92184144e+05  8.29e-08 9.76e-12  3.12e-09     0s

Barrier solved model in 20 iterations and 0.12 seconds (0.05 work units)
Optimal objective 5.92184185e+05


User-callback calls 89, time in user-callback 0.00 sec

Gurobi 13.0.2 (win64) logging started Wed Jul 15 14:28:16 2026

Set parameter LogFile to value "C:\Users\ehsanno\DataspellProjects\Spanish_Power_System\results\GoRES\ipopt_logs\2024-12-02_h23.log"

Gurobi 13.0.2 (win64) logging started Wed Jul 15 14:28:16 2026

Set parameter LogFile to value "C:\Users\ehsanno\DataspellProjects\Spanish_Power_System\results\GoRES\ipopt_logs\2024-12-02_h23.log"
Gurobi Optimizer version 13.0.2 build v13.0.2rc1 (win64 - Windows 11+.0 (26200.2))

CPU model: 11th Gen Intel(R) Core(TM) i5-1145G7 @ 2.60GHz, instruction set [SSE2|AVX|AVX2|AVX512]
Thread count: 4 physical cores, 8 logical processors, using up to 8 threads

Non-default parameters:
LogToConsole  0

Optimize a model with 5142 rows, 7197 columns and 18460 nonzeros (Min)
Model fingerprint: 0xa36c62e8
Model has 2031 linear objective coefficients and an objective constant of 1.9229772734990083e+07
Model has 973 quadratic objective terms
Coefficient statistics:
  Matrix range     [1e+00, 1e+04]
  Objective range  [4e-01, 1e+06]
  QObjective range [2e+04, 2e+04]
  Bounds range     [2e-06, 1e+04]
  RHS range        [2e-06, 1e+01]

Presolve removed 3692 rows and 4640 columns
Presolve time: 0.01s
Presolved: 1450 rows, 2557 columns, 8429 nonzeros
Presolved model has 454 quadratic objective terms
Ordering time: 0.00s

Barrier statistics:
 AA' NZ     : 1.769e+04
 Factor NZ  : 4.903e+04 (roughly 2 MB of memory)
 Factor Ops : 2.160e+06 (less than 1 second per iteration)
 Threads    : 1

                  Objective                Residual
Iter       Primal          Dual         Primal    Dual     Compl     Time
   0   3.92269124e+12 -3.03476839e+11  6.13e+03 4.09e+03  4.07e+06     0s
   1   1.14031929e+12 -7.94857652e+10  1.86e+03 1.24e+03  1.25e+06     0s
   2   1.49378433e+11 -5.92493749e+10  2.47e+02 1.65e+02  1.94e+05     0s
   3   7.38534104e+09 -4.04305084e+10  1.24e+01 8.26e+00  1.60e+04     0s
   4   1.61799422e+09 -2.08232110e+10  2.77e+00 1.85e+00  5.63e+03     0s
   5   4.69824453e+08 -8.43434897e+09  8.00e-01 5.34e-01  2.01e+03     0s
   6   2.55993102e+08 -4.98619243e+09  3.58e-01 2.39e-01  1.14e+03     0s
   7   1.85195421e+08 -3.09260539e+09  2.13e-01 1.42e-01  7.01e+02     0s
   8   1.61088320e+08 -2.29967048e+09  1.40e-01 9.37e-02  5.20e+02     0s
   9   1.27718847e+08 -1.47111319e+09  6.88e-02 4.60e-02  3.32e+02     0s
  10   6.98727806e+07 -2.11152831e+08  9.39e-03 6.27e-03  5.64e+01     0s
  11   5.95021869e+07 -1.03145063e+08  5.25e-03 3.51e-03  3.24e+01     0s
  12   5.03261328e+07 -4.54090288e+07  1.77e-04 1.18e-04  1.87e+01     0s
  13   4.44446266e+07  1.92448921e+06  5.80e-05 3.87e-05  8.29e+00     0s
  14   4.13837576e+07  2.09197631e+07  6.63e-06 4.43e-06  3.99e+00     0s
  15   3.87005025e+07  3.53351922e+07  2.30e-08 2.95e-11  6.56e-01     0s
  16   3.80636325e+07  3.79018659e+07  1.95e-09 1.92e-11  3.15e-02     0s
  17   3.80281878e+07  3.80221835e+07  1.30e-07 2.91e-11  1.17e-03     0s
  18   3.80267590e+07  3.80267181e+07  6.93e-08 2.96e-11  7.18e-06     0s
  19   3.80267318e+07  3.80267318e+07  1.25e-07 2.91e-11  2.11e-07     0s
  20   3.80267323e+07  3.80267328e+07  8.41e-08 2.91e-11  1.20e-09     0s

Barrier solved model in 20 iterations and 0.05 seconds (0.04 work units)
Optimal objective 3.80267323e+07


User-callback calls 74, time in user-callback 0.00 sec

Gurobi 13.0.2 (win64) logging started Wed Jul 15 14:31:22 2026

Set parameter LogFile to value "C:\Users\ehsanno\DataspellProjects\Spanish_Power_System\results\GoRES\ipopt_logs\2024-12-02_h23.log"

Gurobi 13.0.2 (win64) logging started Wed Jul 15 14:31:22 2026

Set parameter LogFile to value "C:\Users\ehsanno\DataspellProjects\Spanish_Power_System\results\GoRES\ipopt_logs\2024-12-02_h23.log"
Gurobi Optimizer version 13.0.2 build v13.0.2rc1 (win64 - Windows 11+.0 (26200.2))

CPU model: 11th Gen Intel(R) Core(TM) i5-1145G7 @ 2.60GHz, instruction set [SSE2|AVX|AVX2|AVX512]
Thread count: 4 physical cores, 8 logical processors, using up to 8 threads

Non-default parameters:
LogToConsole  0

Optimize a model with 5142 rows, 7197 columns and 18460 nonzeros (Min)
Model fingerprint: 0x4e44e9e8
Model has 2031 linear objective coefficients and an objective constant of 1.9229817207280021e+07
Model has 973 quadratic objective terms
Coefficient statistics:
  Matrix range     [1e+00, 1e+04]
  Objective range  [4e-01, 1e+06]
  QObjective range [2e+04, 2e+04]
  Bounds range     [2e-06, 1e+04]
  RHS range        [2e-06, 1e+01]

Presolve removed 3695 rows and 4644 columns
Presolve time: 0.02s
Presolved: 1447 rows, 2553 columns, 8432 nonzeros
Presolved model has 454 quadratic objective terms
Ordering time: 0.00s

Barrier statistics:
 AA' NZ     : 1.771e+04
 Factor NZ  : 4.798e+04 (roughly 2 MB of memory)
 Factor Ops : 2.036e+06 (less than 1 second per iteration)
 Threads    : 1

                  Objective                Residual
Iter       Primal          Dual         Primal    Dual     Compl     Time
   0   4.10571956e+12 -3.53871248e+11  6.37e+03 5.13e+03  5.10e+06     0s
   1   1.19072604e+12 -1.15425992e+11  1.93e+03 1.55e+03  1.57e+06     0s
   2   1.47895247e+11 -9.50168647e+10  2.43e+02 1.96e+02  2.33e+05     0s
   3   1.15786376e+10 -6.00759156e+10  1.93e+01 1.55e+01  2.68e+04     0s
   4   2.17593468e+09 -2.88629059e+10  3.80e+00 3.06e+00  8.24e+03     0s
   5   6.19750263e+08 -1.25551719e+10  1.17e+00 9.44e-01  3.08e+03     0s
   6   3.77450099e+08 -8.72923012e+09  6.81e-01 5.48e-01  2.07e+03     0s
   7   2.52458364e+08 -5.55201576e+09  3.53e-01 2.84e-01  1.27e+03     0s
   8   1.11075230e+08 -1.36023895e+09  6.37e-02 5.12e-02  3.02e+02     0s
   9   3.84783931e+07 -2.80286775e+08  8.71e-03 7.01e-03  6.30e+01     0s
  10   2.32811755e+07 -1.59014102e+08  1.94e-03 1.56e-03  3.57e+01     0s
  11   8.03692638e+06 -2.08174529e+07  2.81e-04 2.26e-04  5.64e+00     0s
  12   4.68956067e+06 -8.54076595e+05  1.51e-05 1.21e-05  1.08e+00     0s
  13   3.83870112e+06  3.33920447e+06  8.52e-07 6.86e-07  9.75e-02     0s
  14   3.72710674e+06  3.63668667e+06  1.29e-07 1.04e-07  1.76e-02     0s
  15   3.70079939e+06  3.69236406e+06  4.64e-09 2.23e-09  1.65e-03     0s
  16   3.69871776e+06  3.69867683e+06  9.90e-08 6.17e-12  7.97e-06     0s
  17   3.69870075e+06  3.69870065e+06  5.24e-06 7.62e-12  1.11e-07     0s
  18   3.69870073e+06  3.69870082e+06  3.39e-07 3.60e-12  1.79e-10     0s
  19   3.69870087e+06  3.69870082e+06  6.06e-07 2.80e-12  3.94e-11     0s
  20   3.69870080e+06  3.69870082e+06  6.29e-07 8.36e-12  2.11e-11     0s
  21   3.69870073e+06  3.69870082e+06  9.25e-08 3.81e-12  2.11e-14     0s

Barrier solved model in 21 iterations and 0.07 seconds (0.05 work units)
Optimal objective 3.69870073e+06


User-callback calls 76, time in user-callback 0.00 sec

Gurobi 13.0.2 (win64) logging started Wed Jul 15 17:24:57 2026

Set parameter LogFile to value "C:\Users\ehsanno\DataspellProjects\Spanish_Power_System\results\GoRES\ipopt_logs\2024-12-02_h23.log"

Gurobi 13.0.2 (win64) logging started Wed Jul 15 17:24:57 2026

Set parameter LogFile to value "C:\Users\ehsanno\DataspellProjects\Spanish_Power_System\results\GoRES\ipopt_logs\2024-12-02_h23.log"
Gurobi Optimizer version 13.0.2 build v13.0.2rc1 (win64 - Windows 11+.0 (26200.2))

CPU model: 11th Gen Intel(R) Core(TM) i5-1145G7 @ 2.60GHz, instruction set [SSE2|AVX|AVX2|AVX512]
Thread count: 4 physical cores, 8 logical processors, using up to 8 threads

Non-default parameters:
LogToConsole  0

Optimize a model with 5146 rows, 7443 columns and 18718 nonzeros (Min)
Model fingerprint: 0x9a26b3a5
Model has 2199 linear objective coefficients and an objective constant of 1.9010000106877185e+07
Model has 972 quadratic objective terms
Coefficient statistics:
  Matrix range     [1e+00, 1e+04]
  Objective range  [4e-01, 1e+06]
  QObjective range [2e+04, 2e+04]
  Bounds range     [2e-11, 1e+04]
  RHS range        [2e-06, 1e+01]

Presolve removed 10 rows and 644 columns
Presolve time: 0.00s

Barrier solved model in 0 iterations and 0.00 seconds (0.00 work units)
Model is infeasible

User-callback calls 27, time in user-callback 0.00 sec

Gurobi 13.0.2 (win64) logging started Wed Jul 15 17:28:03 2026

Set parameter LogFile to value "C:\Users\ehsanno\DataspellProjects\Spanish_Power_System\results\GoRES\ipopt_logs\2024-12-02_h23.log"

Gurobi 13.0.2 (win64) logging started Wed Jul 15 17:28:03 2026

Set parameter LogFile to value "C:\Users\ehsanno\DataspellProjects\Spanish_Power_System\results\GoRES\ipopt_logs\2024-12-02_h23.log"
Gurobi Optimizer version 13.0.2 build v13.0.2rc1 (win64 - Windows 11+.0 (26200.2))

CPU model: 11th Gen Intel(R) Core(TM) i5-1145G7 @ 2.60GHz, instruction set [SSE2|AVX|AVX2|AVX512]
Thread count: 4 physical cores, 8 logical processors, using up to 8 threads

Non-default parameters:
LogToConsole  0

Optimize a model with 5146 rows, 7443 columns and 18718 nonzeros (Min)
Model fingerprint: 0xa6b13043
Model has 2199 linear objective coefficients and an objective constant of 1.9010000989119988e+07
Model has 972 quadratic objective terms
Coefficient statistics:
  Matrix range     [1e+00, 1e+04]
  Objective range  [4e-01, 1e+06]
  QObjective range [2e+04, 2e+04]
  Bounds range     [2e-06, 1e+04]
  RHS range        [2e-06, 1e+01]

Presolve removed 10 rows and 644 columns
Presolve time: 0.00s

Barrier solved model in 0 iterations and 0.00 seconds (0.00 work units)
Model is infeasible

User-callback calls 25, time in user-callback 0.00 sec

Gurobi 13.0.2 (win64) logging started Wed Jul 15 17:30:23 2026

Set parameter LogFile to value "C:\Users\ehsanno\DataspellProjects\Spanish_Power_System\results\GoRES\ipopt_logs\2024-12-02_h23.log"

Gurobi 13.0.2 (win64) logging started Wed Jul 15 17:30:23 2026

Set parameter LogFile to value "C:\Users\ehsanno\DataspellProjects\Spanish_Power_System\results\GoRES\ipopt_logs\2024-12-02_h23.log"
Gurobi Optimizer version 13.0.2 build v13.0.2rc1 (win64 - Windows 11+.0 (26200.2))

CPU model: 11th Gen Intel(R) Core(TM) i5-1145G7 @ 2.60GHz, instruction set [SSE2|AVX|AVX2|AVX512]
Thread count: 4 physical cores, 8 logical processors, using up to 8 threads

Non-default parameters:
LogToConsole  0

Optimize a model with 5146 rows, 7443 columns and 18718 nonzeros (Min)
Model fingerprint: 0xaeb9f0fe
Model has 2199 linear objective coefficients and an objective constant of 1.9010000989119988e+07
Model has 972 quadratic objective terms
Coefficient statistics:
  Matrix range     [1e+00, 1e+04]
  Objective range  [4e-01, 1e+06]
  QObjective range [2e+04, 2e+04]
  Bounds range     [2e-06, 1e+04]
  RHS range        [2e-06, 1e+01]

Presolve removed 10 rows and 644 columns
Presolve time: 0.01s

Barrier solved model in 0 iterations and 0.01 seconds (0.00 work units)
Model is infeasible

User-callback calls 25, time in user-callback 0.00 sec

Gurobi 13.0.2 (win64) logging started Wed Jul 15 18:00:53 2026

Set parameter LogFile to value "C:\Users\ehsanno\DataspellProjects\Spanish_Power_System\results\GoRES\ipopt_logs\2024-12-02_h23.log"

Gurobi 13.0.2 (win64) logging started Wed Jul 15 18:00:53 2026

Set parameter LogFile to value "C:\Users\ehsanno\DataspellProjects\Spanish_Power_System\results\GoRES\ipopt_logs\2024-12-02_h23.log"
Gurobi Optimizer version 13.0.2 build v13.0.2rc1 (win64 - Windows 11+.0 (26200.2))

CPU model: 11th Gen Intel(R) Core(TM) i5-1145G7 @ 2.60GHz, instruction set [SSE2|AVX|AVX2|AVX512]
Thread count: 4 physical cores, 8 logical processors, using up to 8 threads

Non-default parameters:
LogToConsole  0

Optimize a model with 5146 rows, 7443 columns and 18718 nonzeros (Min)
Model fingerprint: 0x7bdd345c
Model has 2199 linear objective coefficients and an objective constant of 1.9010000989119988e+07
Model has 972 quadratic objective terms
Coefficient statistics:
  Matrix range     [1e+00, 1e+04]
  Objective range  [4e-01, 1e+06]
  QObjective range [2e+04, 2e+04]
  Bounds range     [2e-06, 1e+04]
  RHS range        [2e-06, 1e+01]

Presolve removed 3680 rows and 4734 columns
Presolve time: 0.02s
Presolved: 1466 rows, 2709 columns, 8683 nonzeros
Presolved model has 454 quadratic objective terms
Ordering time: 0.00s

Barrier statistics:
 AA' NZ     : 1.782e+04
 Factor NZ  : 4.845e+04 (roughly 2 MB of memory)
 Factor Ops : 2.061e+06 (less than 1 second per iteration)
 Threads    : 1

                  Objective                Residual
Iter       Primal          Dual         Primal    Dual     Compl     Time
   0   6.11367578e+12 -2.08259434e+12  7.44e+03 3.76e+04  3.76e+07     0s
   1   1.33389030e+12 -1.28958014e+12  1.68e+03 8.49e+03  8.80e+06     0s
   2   1.33102674e+11 -1.11787589e+12  1.69e+02 8.56e+02  1.11e+06     0s
   3   2.13408072e+10 -5.77535018e+11  2.77e+01 1.40e+02  2.34e+05     0s
   4   3.20109689e+09 -2.41566176e+11  4.46e+00 2.25e+01  6.16e+04     0s
   5   1.29715078e+09 -1.21827635e+11  1.87e+00 9.47e+00  2.88e+04     0s
   6   1.11911064e+09 -1.08478959e+11  1.57e+00 7.93e+00  2.56e+04     0s
   7   1.03203173e+09 -1.00059159e+11  1.44e+00 7.30e+00  2.36e+04     0s
   8   1.01071358e+09 -9.71700157e+10  1.41e+00 7.14e+00  2.31e+04     0s
   9   9.80050452e+08 -9.15920671e+10  1.36e+00 6.90e+00  2.23e+04     0s
  10   9.93089436e+08 -7.01888667e+10  1.28e+00 6.45e+00  2.08e+04     0s
  11   1.03471598e+09 -5.30794370e+10  1.23e+00 6.20e+00  1.99e+04     0s
  12   9.84562892e+08 -6.35069512e+09  1.21e+00 6.13e+00  1.97e+04     0s
  13   9.99865491e+08  3.82144104e+10  1.19e+00 6.02e+00  1.93e+04     0s
  14   1.02032733e+09  1.65811053e+11  1.18e+00 5.95e+00  1.89e+04     0s
  15   1.02347466e+09  2.86625747e+11  1.17e+00 5.92e+00  1.89e+04     0s
  16   1.02102467e+09  4.96638231e+11  1.17e+00 5.92e+00  1.89e+04     0s
  17   8.15774116e+13 -2.45783142e+13  7.44e+04 3.76e+04  3.74e+08     0s
  18   1.78328469e+13 -3.54868678e+12  2.04e+04 1.03e+04  1.41e+08     0s
  19   9.68334989e+11 -2.13734641e+12  1.22e+03 6.15e+02  1.06e+07     0s
  20   3.94672949e+10 -1.32152153e+12  5.01e+01 2.53e+01  6.36e+05     0s
  21   2.38192152e+09 -4.18900242e+11  3.08e+00 1.56e+00  9.74e+04     0s
  22   1.24097229e+09 -2.44029163e+11  1.57e+00 7.95e-01  5.42e+04     0s
  23   1.15065733e+09 -2.25788192e+11  1.45e+00 7.34e-01  5.02e+04     0s
  24   1.08051571e+09 -2.08355293e+11  1.36e+00 6.90e-01  4.71e+04     0s
  25   1.03594984e+09 -1.79063251e+11  1.27e+00 6.43e-01  4.39e+04     0s
  26   1.04380340e+09 -1.60199694e+11  1.24e+00 6.29e-01  4.28e+04     0s
  27   1.04982354e+09 -1.29434765e+11  1.22e+00 6.16e-01  4.19e+04     0s
  28   1.03182576e+09 -4.29769555e+10  1.19e+00 6.02e-01  4.08e+04     0s
  29   1.03575612e+09  7.75979723e+10  1.19e+00 6.00e-01  4.06e+04     0s
  30   1.03359804e+09  3.09059731e+11  1.17e+00 5.92e-01  4.00e+04     0s
  31   1.03279982e+09  4.73620189e+11  1.17e+00 5.86e-01  4.00e+04     0s
  32   1.03033833e+09  8.09227828e+11  1.17e+00 5.85e-01  4.01e+04     0s
  33   1.02965836e+09  1.04949289e+12  1.17e+00 5.85e-01  4.02e+04     0s
  34   1.02860634e+09  1.38350305e+12  1.17e+00 5.84e-01  4.04e+04     0s
  35   1.02834318e+09  2.10789608e+12  1.17e+00 5.84e-01  4.07e+04     0s
  36   1.02820931e+09  3.18990843e+12  1.17e+00 5.83e-01  4.12e+04     0s
  37   1.02706234e+09  3.34985937e+12  1.17e+00 5.83e-01  4.14e+04     0s
  38   1.02627939e+09  4.36963962e+12  1.16e+00 5.83e-01  4.19e+04     0s
  39   1.02666546e+09  5.00010267e+12  1.16e+00 5.83e-01  4.23e+04     0s
  40   1.02632010e+09  7.14825581e+12  1.16e+00 5.82e-01  4.33e+04     0s
  41   1.02861089e+09  1.19100901e+13  1.16e+00 5.82e-01  4.52e+04     0s
  42   1.02787608e+09  2.49678250e+13  1.16e+00 5.81e-01  4.91e+04     0s
  43   1.02736507e+09  4.39049854e+13  1.16e+00 5.81e-01  5.48e+04     0s
  44   1.02526336e+09  4.94539233e+13  1.16e+00 5.81e-01  5.67e+04     0s
  45   1.02670744e+09  6.18237974e+13  1.16e+00 5.81e-01  6.05e+04     0s
  46   1.02750944e+09  1.00432770e+14  1.16e+00 5.81e-01  7.13e+04     0s
  47   1.02832894e+09  1.80725114e+14  1.16e+00 5.81e-01  9.12e+04     0s
  48   1.02957239e+09  5.00721145e+14  1.16e+00 5.80e-01  1.50e+05     0s
  49   1.02979762e+09  6.72674006e+14  1.16e+00 5.80e-01  1.83e+05     0s
  50   1.03082459e+09  1.19851343e+15  1.16e+00 5.80e-01  2.77e+05     0s

Barrier performed 50 iterations in 0.15 seconds (0.10 work units)
Numerical trouble encountered

Model may be infeasible or unbounded.  Consider using the
homogeneous algorithm (through parameter 'BarHomogeneous')


User-callback calls 104, time in user-callback 0.00 sec

Gurobi 13.0.2 (win64) logging started Thu Jul 16 15:27:31 2026

Set parameter LogFile to value "C:\Users\ehsanno\DataspellProjects\Spanish_Power_System\results\GoRES\ipopt_logs\2024-12-02_h23.log"

Gurobi 13.0.2 (win64) logging started Thu Jul 16 15:27:31 2026

Set parameter LogFile to value "C:\Users\ehsanno\DataspellProjects\Spanish_Power_System\results\GoRES\ipopt_logs\2024-12-02_h23.log"
Gurobi Optimizer version 13.0.2 build v13.0.2rc1 (win64 - Windows 11+.0 (26200.2))

CPU model: 11th Gen Intel(R) Core(TM) i5-1145G7 @ 2.60GHz, instruction set [SSE2|AVX|AVX2|AVX512]
Thread count: 4 physical cores, 8 logical processors, using up to 8 threads

Non-default parameters:
LogToConsole  0

Optimize a model with 5146 rows, 7443 columns and 18718 nonzeros (Min)
Model fingerprint: 0x7bdd345c
Model has 2199 linear objective coefficients and an objective constant of 1.9010000989119988e+07
Model has 972 quadratic objective terms
Coefficient statistics:
  Matrix range     [1e+00, 1e+04]
  Objective range  [4e-01, 1e+06]
  QObjective range [2e+04, 2e+04]
  Bounds range     [2e-06, 1e+04]
  RHS range        [2e-06, 1e+01]

Presolve removed 3680 rows and 4734 columns
Presolve time: 0.02s
Presolved: 1466 rows, 2709 columns, 8683 nonzeros
Presolved model has 454 quadratic objective terms
Ordering time: 0.00s

Barrier statistics:
 AA' NZ     : 1.782e+04
 Factor NZ  : 4.845e+04 (roughly 2 MB of memory)
 Factor Ops : 2.061e+06 (less than 1 second per iteration)
 Threads    : 1

                  Objective                Residual
Iter       Primal          Dual         Primal    Dual     Compl     Time
   0   6.11367578e+12 -2.08259434e+12  7.44e+03 3.76e+04  3.76e+07     0s
   1   1.33389030e+12 -1.28958014e+12  1.68e+03 8.49e+03  8.80e+06     0s
   2   1.33102674e+11 -1.11787589e+12  1.69e+02 8.56e+02  1.11e+06     0s
   3   2.13408072e+10 -5.77535018e+11  2.77e+01 1.40e+02  2.34e+05     0s
   4   3.20109689e+09 -2.41566176e+11  4.46e+00 2.25e+01  6.16e+04     0s
   5   1.29715078e+09 -1.21827635e+11  1.87e+00 9.47e+00  2.88e+04     0s
   6   1.11911064e+09 -1.08478959e+11  1.57e+00 7.93e+00  2.56e+04     0s
   7   1.03203173e+09 -1.00059159e+11  1.44e+00 7.30e+00  2.36e+04     0s
   8   1.01071358e+09 -9.71700157e+10  1.41e+00 7.14e+00  2.31e+04     0s
   9   9.80050452e+08 -9.15920671e+10  1.36e+00 6.90e+00  2.23e+04     0s
  10   9.93089436e+08 -7.01888667e+10  1.28e+00 6.45e+00  2.08e+04     0s
  11   1.03471598e+09 -5.30794370e+10  1.23e+00 6.20e+00  1.99e+04     0s
  12   9.84562892e+08 -6.35069512e+09  1.21e+00 6.13e+00  1.97e+04     0s
  13   9.99865491e+08  3.82144104e+10  1.19e+00 6.02e+00  1.93e+04     0s
  14   1.02032733e+09  1.65811053e+11  1.18e+00 5.95e+00  1.89e+04     0s
  15   1.02347466e+09  2.86625747e+11  1.17e+00 5.92e+00  1.89e+04     0s
  16   1.02102467e+09  4.96638231e+11  1.17e+00 5.92e+00  1.89e+04     0s
  17   8.15774116e+13 -2.45783142e+13  7.44e+04 3.76e+04  3.74e+08     0s
  18   1.78328469e+13 -3.54868678e+12  2.04e+04 1.03e+04  1.41e+08     0s
  19   9.68334989e+11 -2.13734641e+12  1.22e+03 6.15e+02  1.06e+07     0s
  20   3.94672949e+10 -1.32152153e+12  5.01e+01 2.53e+01  6.36e+05     0s
  21   2.38192152e+09 -4.18900242e+11  3.08e+00 1.56e+00  9.74e+04     0s
  22   1.24097229e+09 -2.44029163e+11  1.57e+00 7.95e-01  5.42e+04     0s
  23   1.15065733e+09 -2.25788192e+11  1.45e+00 7.34e-01  5.02e+04     0s
  24   1.08051571e+09 -2.08355293e+11  1.36e+00 6.90e-01  4.71e+04     0s
  25   1.03594984e+09 -1.79063251e+11  1.27e+00 6.43e-01  4.39e+04     0s
  26   1.04380340e+09 -1.60199694e+11  1.24e+00 6.29e-01  4.28e+04     0s
  27   1.04982354e+09 -1.29434765e+11  1.22e+00 6.16e-01  4.19e+04     0s
  28   1.03182576e+09 -4.29769555e+10  1.19e+00 6.02e-01  4.08e+04     0s
  29   1.03575612e+09  7.75979723e+10  1.19e+00 6.00e-01  4.06e+04     0s
  30   1.03359804e+09  3.09059731e+11  1.17e+00 5.92e-01  4.00e+04     0s
  31   1.03279982e+09  4.73620189e+11  1.17e+00 5.86e-01  4.00e+04     0s
  32   1.03033833e+09  8.09227828e+11  1.17e+00 5.85e-01  4.01e+04     0s
  33   1.02965836e+09  1.04949289e+12  1.17e+00 5.85e-01  4.02e+04     0s
  34   1.02860634e+09  1.38350305e+12  1.17e+00 5.84e-01  4.04e+04     0s
  35   1.02834318e+09  2.10789608e+12  1.17e+00 5.84e-01  4.07e+04     0s
  36   1.02820931e+09  3.18990843e+12  1.17e+00 5.83e-01  4.12e+04     0s
  37   1.02706234e+09  3.34985937e+12  1.17e+00 5.83e-01  4.14e+04     0s
  38   1.02627939e+09  4.36963962e+12  1.16e+00 5.83e-01  4.19e+04     0s
  39   1.02666546e+09  5.00010267e+12  1.16e+00 5.83e-01  4.23e+04     0s
  40   1.02632010e+09  7.14825581e+12  1.16e+00 5.82e-01  4.33e+04     0s
  41   1.02861089e+09  1.19100901e+13  1.16e+00 5.82e-01  4.52e+04     0s
  42   1.02787608e+09  2.49678250e+13  1.16e+00 5.81e-01  4.91e+04     0s
  43   1.02736507e+09  4.39049854e+13  1.16e+00 5.81e-01  5.48e+04     0s
  44   1.02526336e+09  4.94539233e+13  1.16e+00 5.81e-01  5.67e+04     0s
  45   1.02670744e+09  6.18237974e+13  1.16e+00 5.81e-01  6.05e+04     0s
  46   1.02750944e+09  1.00432770e+14  1.16e+00 5.81e-01  7.13e+04     0s
  47   1.02832894e+09  1.80725114e+14  1.16e+00 5.81e-01  9.12e+04     0s
  48   1.02957239e+09  5.00721145e+14  1.16e+00 5.80e-01  1.50e+05     0s
  49   1.02979762e+09  6.72674006e+14  1.16e+00 5.80e-01  1.83e+05     0s
  50   1.03082459e+09  1.19851343e+15  1.16e+00 5.80e-01  2.77e+05     0s

Barrier performed 50 iterations in 0.12 seconds (0.10 work units)
Numerical trouble encountered

Model may be infeasible or unbounded.  Consider using the
homogeneous algorithm (through parameter 'BarHomogeneous')


User-callback calls 121, time in user-callback 0.00 sec

Gurobi 13.0.2 (win64) logging started Thu Jul 16 16:08:09 2026

Set parameter LogFile to value "C:\Users\ehsanno\DataspellProjects\Spanish_Power_System\results\GoRES\ipopt_logs\2024-12-02_h23.log"

Gurobi 13.0.2 (win64) logging started Thu Jul 16 16:08:09 2026

Set parameter LogFile to value "C:\Users\ehsanno\DataspellProjects\Spanish_Power_System\results\GoRES\ipopt_logs\2024-12-02_h23.log"
Gurobi Optimizer version 13.0.2 build v13.0.2rc1 (win64 - Windows 11+.0 (26200.2))

CPU model: 11th Gen Intel(R) Core(TM) i5-1145G7 @ 2.60GHz, instruction set [SSE2|AVX|AVX2|AVX512]
Thread count: 4 physical cores, 8 logical processors, using up to 8 threads

Non-default parameters:
LogToConsole  0

Optimize a model with 5146 rows, 7859 columns and 19134 nonzeros (Min)
Model fingerprint: 0xaece0394
Model has 2616 linear objective coefficients and an objective constant of 2.0506976580506720e+07
Model has 1482 quadratic objective terms
Coefficient statistics:
  Matrix range     [1e+00, 1e+04]
  Objective range  [1e-06, 1e+06]
  QObjective range [2e+04, 2e+04]
  Bounds range     [2e-06, 1e+04]
  RHS range        [2e-06, 1e+01]

Presolve removed 3647 rows and 4606 columns
Presolve time: 0.02s
Presolved: 1499 rows, 3253 columns, 9331 nonzeros
Presolved model has 964 quadratic objective terms
Ordering time: 0.00s

Barrier statistics:
 AA' NZ     : 1.778e+04
 Factor NZ  : 4.946e+04 (roughly 2 MB of memory)
 Factor Ops : 2.160e+06 (less than 1 second per iteration)
 Threads    : 1

                  Objective                Residual
Iter       Primal          Dual         Primal    Dual     Compl     Time
   0   6.33991129e+12 -5.88479395e+12  8.00e+03 3.85e+07  3.91e+10     0s
   1   1.52926543e+12 -4.37089300e+12  1.94e+03 9.34e+06  9.99e+09     0s
   2   1.67831040e+11 -2.67219075e+12  2.14e+02 1.03e+06  1.43e+09     0s
   3   2.50009290e+10 -1.00565749e+12  3.24e+01 1.56e+05  2.80e+08     0s
   4   3.39520408e+09 -3.55780872e+11  4.75e+00 2.29e+04  6.99e+07     0s
   5   1.02275467e+09 -1.44391717e+11  1.58e+00 7.60e+03  2.64e+07     0s
   6   7.01376072e+08 -1.05244640e+11  9.33e-01 4.49e+03  1.91e+07     0s
   7   3.44358483e+08 -4.25144884e+10  3.10e-01 1.49e+03  7.44e+06     0s
   8   1.63302259e+08 -1.39637457e+10  2.85e-02 1.37e+02  2.28e+06     0s
   9   1.22515298e+08 -2.94825692e+09  5.39e-03 2.59e+01  4.85e+05     0s
  10   6.65834564e+07 -8.99786304e+08  5.41e-04 2.61e+00  1.51e+05     0s
  11   1.16940299e+07 -5.43139351e+07  2.28e-06 1.10e-02  1.03e+04     0s
  12   1.36064134e+06 -2.61890663e+06  1.04e-09 1.40e-08  6.22e+02     0s
  13   8.82154723e+05 -2.43368540e+05  1.82e-09 3.45e-08  1.76e+02     0s
  14   6.96688253e+05  4.14969152e+05  4.71e-09 7.70e-09  4.40e+01     0s
  15   6.35543355e+05  6.03609629e+05  3.22e-08 1.18e-08  4.99e+00     0s
  16   6.26027211e+05  6.21836680e+05  6.79e-08 8.15e-09  6.55e-01     0s
  17   6.24568942e+05  6.24373465e+05  6.88e-10 3.02e-08  3.06e-02     0s
  18   6.24506340e+05  6.24494255e+05  2.12e-09 8.17e-09  1.89e-03     0s
  19   6.24503454e+05  6.24503201e+05  4.52e-10 9.35e-09  3.96e-05     0s
  20   6.24503396e+05  6.24503396e+05  6.19e-09 1.13e-08  3.99e-08     0s
  21   6.24503396e+05  6.24503396e+05  1.77e-09 1.05e-08  3.99e-11     0s

Barrier solved model in 21 iterations and 0.07 seconds (0.05 work units)
Optimal objective 6.24503396e+05


User-callback calls 76, time in user-callback 0.00 sec

Gurobi 13.0.2 (win64) logging started Thu Jul 16 16:15:27 2026

Set parameter LogFile to value "C:\Users\ehsanno\DataspellProjects\Spanish_Power_System\results\GoRES\ipopt_logs\2024-12-02_h23.log"

Gurobi 13.0.2 (win64) logging started Thu Jul 16 16:15:27 2026

Set parameter LogFile to value "C:\Users\ehsanno\DataspellProjects\Spanish_Power_System\results\GoRES\ipopt_logs\2024-12-02_h23.log"
Gurobi Optimizer version 13.0.2 build v13.0.2rc1 (win64 - Windows 11+.0 (26200.2))

CPU model: 11th Gen Intel(R) Core(TM) i5-1145G7 @ 2.60GHz, instruction set [SSE2|AVX|AVX2|AVX512]
Thread count: 4 physical cores, 8 logical processors, using up to 8 threads

Non-default parameters:
LogToConsole  0

Optimize a model with 5146 rows, 7859 columns and 19134 nonzeros (Min)
Model fingerprint: 0x0a9ec843
Model has 2616 linear objective coefficients and an objective constant of 2.0506976580506720e+07
Model has 1482 quadratic objective terms
Coefficient statistics:
  Matrix range     [1e+00, 1e+04]
  Objective range  [1e-06, 1e+06]
  QObjective range [2e+04, 2e+04]
  Bounds range     [2e-06, 1e+04]
  RHS range        [2e-06, 1e+01]

Presolve removed 3657 rows and 4613 columns
Presolve time: 0.02s
Presolved: 1489 rows, 3246 columns, 9265 nonzeros
Presolved model has 964 quadratic objective terms
Ordering time: 0.00s

Barrier statistics:
 AA' NZ     : 1.784e+04
 Factor NZ  : 4.772e+04 (roughly 2 MB of memory)
 Factor Ops : 2.005e+06 (less than 1 second per iteration)
 Threads    : 1

                  Objective                Residual
Iter       Primal          Dual         Primal    Dual     Compl     Time
   0   4.72551714e+12 -4.78743346e+12  7.75e+03 3.91e+07  3.96e+10     0s
   1   9.89098340e+11 -3.57913975e+12  1.63e+03 8.22e+06  8.79e+09     0s
   2   8.25256311e+10 -2.19692296e+12  1.36e+02 6.85e+05  1.10e+09     0s
   3   9.98768909e+09 -6.88179313e+11  1.65e+01 8.34e+04  1.83e+08     0s
   4   3.02919523e+09 -4.75381791e+11  5.06e+00 2.55e+04  1.02e+08     0s
   5   5.76559767e+08 -1.30397226e+11  8.74e-01 4.41e+03  2.40e+07     0s
   6   2.88587102e+08 -5.80178615e+10  2.67e-01 1.35e+03  1.01e+07     0s
   7   2.03611770e+08 -3.50919364e+10  9.11e-02 4.60e+02  5.90e+06     0s
   8   1.49986289e+08 -3.91385567e+09  8.06e-03 4.07e+01  6.51e+05     0s
   9   8.88322518e+07 -1.51294681e+09  1.47e-03 7.39e+00  2.52e+05     0s
  10   2.49574944e+07 -1.09843578e+08  3.04e-05 1.53e-01  2.11e+04     0s
  11   3.73306185e+06 -1.28345580e+07  8.85e-07 4.46e-03  2.59e+03     0s
  12   1.93750634e+06 -4.11694655e+06  2.82e-07 1.42e-03  9.48e+02     0s
  13   1.19036400e+06 -4.70810388e+05  6.88e-08 3.47e-04  2.60e+02     0s
  14   1.01972112e+06  1.15083196e+05  3.20e-08 1.62e-04  1.42e+02     0s
  15   8.66513801e+05  6.59795956e+05  3.69e-09 1.86e-05  3.24e+01     0s
  16   8.43503085e+05  7.19081782e+05  1.95e-09 9.85e-06  1.95e+01     0s
  17   8.23465961e+05  7.70581994e+05  2.24e-09 2.35e-06  8.28e+00     0s
  18   8.13485515e+05  8.00354028e+05  3.85e-09 4.07e-07  2.06e+00     0s
  19   8.11762798e+05  8.05087690e+05  4.42e-09 1.66e-07  1.05e+00     0s
  20   8.10263054e+05  8.09586226e+05  6.28e-09 3.77e-08  1.06e-01     0s
  21   8.10113718e+05  8.10091855e+05  9.71e-09 8.16e-09  3.42e-03     0s
  22   8.10107664e+05  8.10106749e+05  1.76e-08 1.66e-08  1.43e-04     0s
  23   8.10107447e+05  8.10107441e+05  2.46e-08 6.25e-09  1.54e-07     0s
  24   8.10107442e+05  8.10107441e+05  1.94e-08 1.81e-08  1.54e-10     0s

Barrier solved model in 24 iterations and 0.07 seconds (0.05 work units)
Optimal objective 8.10107442e+05


User-callback calls 75, time in user-callback 0.00 sec

Gurobi 13.0.2 (win64) logging started Thu Jul 16 16:23:56 2026

Set parameter LogFile to value "C:\Users\ehsanno\DataspellProjects\Spanish_Power_System\results\GoRES\ipopt_logs\2024-12-02_h23.log"

Gurobi 13.0.2 (win64) logging started Thu Jul 16 16:23:56 2026

Set parameter LogFile to value "C:\Users\ehsanno\DataspellProjects\Spanish_Power_System\results\GoRES\ipopt_logs\2024-12-02_h23.log"
Gurobi Optimizer version 13.0.2 build v13.0.2rc1 (win64 - Windows 11+.0 (26200.2))

CPU model: 11th Gen Intel(R) Core(TM) i5-1145G7 @ 2.60GHz, instruction set [SSE2|AVX|AVX2|AVX512]
Thread count: 4 physical cores, 8 logical processors, using up to 8 threads

Non-default parameters:
LogToConsole  0

Optimize a model with 5146 rows, 7859 columns and 19134 nonzeros (Min)
Model fingerprint: 0x907ae5cd
Model has 2536 linear objective coefficients and an objective constant of 2.0506973668479998e+07
Model has 1482 quadratic objective terms
Coefficient statistics:
  Matrix range     [1e+00, 1e+04]
  Objective range  [4e-01, 1e+06]
  QObjective range [2e+04, 2e+04]
  Bounds range     [2e-06, 1e+04]
  RHS range        [2e-06, 1e+01]

Presolve removed 3654 rows and 4195 columns
Presolve time: 0.01s

Barrier solved model in 0 iterations and 0.01 seconds (0.01 work units)
Model is infeasible

User-callback calls 27, time in user-callback 0.00 sec
Gurobi Optimizer version 13.0.2 build v13.0.2rc1 (win64 - Windows 11+.0 (26200.2))

CPU model: 11th Gen Intel(R) Core(TM) i5-1145G7 @ 2.60GHz, instruction set [SSE2|AVX|AVX2|AVX512]
Thread count: 4 physical cores, 8 logical processors, using up to 8 threads

Non-default parameters:
LogToConsole  0

Iteration    Objective       Primal Inf.    Dual Inf.      Time
       0      handle free variables                          0s

IIS computed: 5 constraints and 11 bounds
IIS runtime: 0.19 seconds (0.39 work units)

Gurobi 13.0.2 (win64) logging started Mon Jul 20 15:54:40 2026

Set parameter LogFile to value "C:\Users\ehsanno\DataspellProjects\Spanish_Power_System\results\GoRES\ipopt_logs\2024-12-02_h23.log"

Gurobi 13.0.2 (win64) logging started Mon Jul 20 15:54:40 2026

Set parameter LogFile to value "C:\Users\ehsanno\DataspellProjects\Spanish_Power_System\results\GoRES\ipopt_logs\2024-12-02_h23.log"
Gurobi Optimizer version 13.0.2 build v13.0.2rc1 (win64 - Windows 11+.0 (26200.2))

CPU model: 11th Gen Intel(R) Core(TM) i5-1145G7 @ 2.60GHz, instruction set [SSE2|AVX|AVX2|AVX512]
Thread count: 4 physical cores, 8 logical processors, using up to 8 threads

Non-default parameters:
LogToConsole  0

Optimize a model with 5146 rows, 8031 columns and 19306 nonzeros (Min)
Model fingerprint: 0xa88a593e
Model has 2747 linear objective coefficients and an objective constant of 2.6039554705217943e+07
Model has 1660 quadratic objective terms
Coefficient statistics:
  Matrix range     [1e+00, 1e+04]
  Objective range  [2e-01, 1e+06]
  QObjective range [2e+04, 2e+04]
  Bounds range     [2e-06, 1e+04]
  RHS range        [2e-06, 1e+01]

Presolve removed 3651 rows and 4190 columns
Presolve time: 0.02s

Barrier solved model in 0 iterations and 0.02 seconds (0.01 work units)
Model is infeasible

User-callback calls 27, time in user-callback 0.00 sec
Gurobi Optimizer version 13.0.2 build v13.0.2rc1 (win64 - Windows 11+.0 (26200.2))

CPU model: 11th Gen Intel(R) Core(TM) i5-1145G7 @ 2.60GHz, instruction set [SSE2|AVX|AVX2|AVX512]
Thread count: 4 physical cores, 8 logical processors, using up to 8 threads

Non-default parameters:
LogToConsole  0

Iteration    Objective       Primal Inf.    Dual Inf.      Time
       0      handle free variables                          0s

IIS computed: 5 constraints and 13 bounds
IIS runtime: 0.37 seconds (0.39 work units)

Gurobi 13.0.2 (win64) logging started Mon Jul 20 15:57:08 2026

Set parameter LogFile to value "C:\Users\ehsanno\DataspellProjects\Spanish_Power_System\results\GoRES\ipopt_logs\2024-12-02_h23.log"

Gurobi 13.0.2 (win64) logging started Mon Jul 20 15:57:08 2026

Set parameter LogFile to value "C:\Users\ehsanno\DataspellProjects\Spanish_Power_System\results\GoRES\ipopt_logs\2024-12-02_h23.log"
Gurobi Optimizer version 13.0.2 build v13.0.2rc1 (win64 - Windows 11+.0 (26200.2))

CPU model: 11th Gen Intel(R) Core(TM) i5-1145G7 @ 2.60GHz, instruction set [SSE2|AVX|AVX2|AVX512]
Thread count: 4 physical cores, 8 logical processors, using up to 8 threads

Non-default parameters:
LogToConsole  0

Optimize a model with 5146 rows, 8031 columns and 19306 nonzeros (Min)
Model fingerprint: 0x70b0fdda
Model has 2516 linear objective coefficients and an objective constant of 3.2549434778200056e+07
Model has 1660 quadratic objective terms
Coefficient statistics:
  Matrix range     [1e+00, 1e+04]
  Objective range  [4e-01, 1e+06]
  QObjective range [2e+04, 2e+04]
  Bounds range     [2e-06, 1e+04]
  RHS range        [2e-06, 1e+01]

Presolve removed 3651 rows and 4190 columns
Presolve time: 0.02s

Barrier solved model in 0 iterations and 0.02 seconds (0.01 work units)
Model is infeasible

User-callback calls 28, time in user-callback 0.00 sec
Gurobi Optimizer version 13.0.2 build v13.0.2rc1 (win64 - Windows 11+.0 (26200.2))

CPU model: 11th Gen Intel(R) Core(TM) i5-1145G7 @ 2.60GHz, instruction set [SSE2|AVX|AVX2|AVX512]
Thread count: 4 physical cores, 8 logical processors, using up to 8 threads

Non-default parameters:
LogToConsole  0

Iteration    Objective       Primal Inf.    Dual Inf.      Time
       0      handle free variables                          0s

IIS computed: 5 constraints and 13 bounds
IIS runtime: 0.29 seconds (0.39 work units)

Gurobi 13.0.2 (win64) logging started Mon Jul 20 15:58:55 2026

Set parameter LogFile to value "C:\Users\ehsanno\DataspellProjects\Spanish_Power_System\results\GoRES\ipopt_logs\2024-12-02_h23.log"

Gurobi 13.0.2 (win64) logging started Mon Jul 20 15:58:55 2026

Set parameter LogFile to value "C:\Users\ehsanno\DataspellProjects\Spanish_Power_System\results\GoRES\ipopt_logs\2024-12-02_h23.log"
Gurobi Optimizer version 13.0.2 build v13.0.2rc1 (win64 - Windows 11+.0 (26200.2))

CPU model: 11th Gen Intel(R) Core(TM) i5-1145G7 @ 2.60GHz, instruction set [SSE2|AVX|AVX2|AVX512]
Thread count: 4 physical cores, 8 logical processors, using up to 8 threads

Non-default parameters:
LogToConsole  0

Optimize a model with 5146 rows, 8031 columns and 19306 nonzeros (Min)
Model fingerprint: 0x6d82c647
Model has 2516 linear objective coefficients and an objective constant of 3.9059321733840063e+07
Model has 1660 quadratic objective terms
Coefficient statistics:
  Matrix range     [1e+00, 1e+04]
  Objective range  [4e-01, 1e+06]
  QObjective range [2e+04, 2e+04]
  Bounds range     [2e-06, 1e+04]
  RHS range        [2e-06, 1e+01]

Presolve removed 3651 rows and 4190 columns
Presolve time: 0.02s

Barrier solved model in 0 iterations and 0.02 seconds (0.01 work units)
Model is infeasible

User-callback calls 27, time in user-callback 0.00 sec
Gurobi Optimizer version 13.0.2 build v13.0.2rc1 (win64 - Windows 11+.0 (26200.2))

CPU model: 11th Gen Intel(R) Core(TM) i5-1145G7 @ 2.60GHz, instruction set [SSE2|AVX|AVX2|AVX512]
Thread count: 4 physical cores, 8 logical processors, using up to 8 threads

Non-default parameters:
LogToConsole  0

Iteration    Objective       Primal Inf.    Dual Inf.      Time
       0      handle free variables                          0s

IIS computed: 5 constraints and 13 bounds
IIS runtime: 0.30 seconds (0.39 work units)
