This is Ipopt version 3.14.19, running with linear solver ma57.

Number of nonzeros in equality constraint Jacobian...:    13682
Number of nonzeros in inequality constraint Jacobian.:     3120
Number of nonzeros in Lagrangian Hessian.............:      899

Total number of variables............................:     5539
                     variables with only lower bounds:        0
                variables with lower and upper bounds:     4303
                     variables with only upper bounds:        0
Total number of equality constraints.................:     3582
Total number of inequality constraints...............:     1560
        inequality constraints with only lower bounds:        0
   inequality constraints with lower and upper bounds:     1560
        inequality constraints with only upper bounds:        0

iter    objective    inf_pr   inf_du lg(mu)  ||d||  lg(rg) alpha_du alpha_pr  ls
   0  1.4818139e+07 1.78e+01 8.46e+01  -1.0 0.00e+00    -  0.00e+00 0.00e+00   0
   1  1.4818980e+07 1.78e+01 8.45e+01  -1.0 1.90e+01    -  9.35e-03 2.63e-05f  1
   2  1.1807673e+07 1.75e+01 8.44e+01  -1.0 2.19e+01    -  1.09e-03 1.55e-02f  1
   3  1.1623004e+07 1.70e+01 8.35e+01  -1.0 1.77e+01  -4.0 1.24e-02 2.65e-02f  1
   4  1.0664842e+07 1.62e+01 8.09e+01  -1.0 5.02e+01    -  3.34e-02 4.54e-02f  1
   5  9.0484631e+06 1.44e+01 6.91e+01  -1.0 1.70e+01    -  1.41e-01 1.11e-01f  1
   6  4.5201321e+06 9.00e+00 5.08e+01  -1.0 1.52e+01  -4.5 2.82e-01 3.77e-01f  1
   7  1.7803255e+06 1.48e+00 7.45e+00  -1.0 3.39e+01    -  8.51e-01 8.35e-01f  1
   8  1.5594834e+06 3.96e-12 1.12e-01  -1.0 7.28e+00    -  9.88e-01 1.00e+00f  1
   9  1.5695052e+06 1.32e-12 7.44e-05  -1.0 1.10e-01    -  1.00e+00 1.00e+00f  1
iter    objective    inf_pr   inf_du lg(mu)  ||d||  lg(rg) alpha_du alpha_pr  ls
  10  4.6124894e+05 6.03e-10 6.84e-02  -2.5 9.54e-01    -  8.06e-01 9.99e-01f  1
  11  3.7529333e+05 5.14e-12 5.83e-02  -2.5 1.42e+00    -  7.67e-01 1.00e+00f  1
  12  3.4892196e+05 1.27e-10 1.06e-05  -2.5 9.57e-01  -5.0 1.00e+00 1.00e+00f  1
  13  3.0494753e+05 7.55e-12 9.91e-03  -3.8 7.19e-01    -  8.10e-01 9.41e-01f  1
  14  2.9735663e+05 1.78e-12 7.68e-07  -3.8 2.07e-01  -5.4 1.00e+00 1.00e+00f  1
  15  2.9377436e+05 3.29e-12 3.77e-03  -5.7 1.03e-01    -  7.13e-01 9.79e-01f  1
  16  2.9357477e+05 1.16e-12 7.39e-04  -5.7 1.15e-02    -  9.37e-01 1.00e+00f  1
  17  2.9356593e+05 1.46e-12 1.84e-14  -5.7 7.62e-03    -  1.00e+00 1.00e+00f  1
  18  2.9352865e+05 1.78e-12 7.89e-06  -8.6 4.47e-03  -5.9 9.94e-01 9.92e-01f  1
  19  2.9352757e+05 4.17e-12 1.85e-14  -8.6 2.36e-03    -  1.00e+00 1.00e+00f  1
iter    objective    inf_pr   inf_du lg(mu)  ||d||  lg(rg) alpha_du alpha_pr  ls
  20  2.9352734e+05 2.87e-12 1.90e-14  -8.6 1.18e-03    -  1.00e+00 1.00e+00f  1
  21  2.9352728e+05 1.97e-12 2.02e-14  -8.6 5.81e-04    -  1.00e+00 1.00e+00f  1
  22  2.9352726e+05 1.06e-12 1.14e-10  -8.6 2.78e-04  -6.4 1.00e+00 1.00e+00h  1
  23  2.9352723e+05 2.98e-12 1.99e-11  -9.0 1.45e-04  -6.9 1.00e+00 1.00e+00h  1

Number of Iterations....: 23

                                   (scaled)                 (unscaled)
Objective...............:   2.9352722685565098e+01    2.9352722685565095e+05
Dual infeasibility......:   1.9932598300474957e-11    1.9932598300474956e-07
Constraint violation....:   4.4788599135732967e-13    2.9825031333530205e-12
Variable bound violation:   1.5343979065107760e-07    1.5343979065107760e-07
Complementarity.........:   3.3460423749427513e-09    3.3460423749427510e-05
Overall NLP error.......:   3.3460423749427513e-09    3.3460423749427510e-05


Number of objective function evaluations             = 24
Number of objective gradient evaluations             = 24
Number of equality constraint evaluations            = 24
Number of inequality constraint evaluations          = 24
Number of equality constraint Jacobian evaluations   = 1
Number of inequality constraint Jacobian evaluations = 1
Number of Lagrangian Hessian evaluations             = 1
Total seconds in IPOPT                               = 0.118

EXIT: Optimal Solution Found.

Gurobi 13.0.2 (win64) logging started Wed Jul 15 11:53:26 2026

Set parameter LogFile to value "C:\Users\ehsanno\DataspellProjects\Spanish_Power_System\results\GoRES\ipopt_logs\2024-07-08_h21.log"

Gurobi 13.0.2 (win64) logging started Wed Jul 15 11:53:26 2026

Set parameter LogFile to value "C:\Users\ehsanno\DataspellProjects\Spanish_Power_System\results\GoRES\ipopt_logs\2024-07-08_h21.log"
Gurobi Optimizer version 13.0.2 build v13.0.2rc1 (win64 - Windows 11+.0 (26200.2))

CPU model: 11th Gen Intel(R) Core(TM) i5-1145G7 @ 2.60GHz, instruction set [SSE2|AVX|AVX2|AVX512]
Thread count: 4 physical cores, 8 logical processors, using up to 8 threads

Non-default parameters:
LogToConsole  0

Optimize a model with 5142 rows, 7197 columns and 18460 nonzeros (Min)
Model fingerprint: 0x5858e0b8
Model has 2031 linear objective coefficients and an objective constant of 1.6178238102648167e+07
Model has 973 quadratic objective terms
Coefficient statistics:
  Matrix range     [1e+00, 1e+04]
  Objective range  [9e+00, 1e+06]
  QObjective range [2e+04, 2e+04]
  Bounds range     [5e-11, 1e+04]
  RHS range        [3e-06, 1e+01]

Presolve removed 3669 rows and 4174 columns
Presolve time: 0.01s
Presolved: 1473 rows, 3023 columns, 8990 nonzeros
Presolved model has 899 quadratic objective terms
Ordering time: 0.00s

Barrier statistics:
 AA' NZ     : 1.792e+04
 Factor NZ  : 4.680e+04 (roughly 2 MB of memory)
 Factor Ops : 1.875e+06 (less than 1 second per iteration)
 Threads    : 1

                  Objective                Residual
Iter       Primal          Dual         Primal    Dual     Compl     Time
   0   6.39888796e+12 -6.86832796e+11  7.25e+03 5.34e+03  5.33e+06     0s
   1   1.80018670e+12 -2.14962534e+11  2.15e+03 1.58e+03  1.61e+06     0s
   2   2.63374970e+11 -1.69733815e+11  3.21e+02 2.37e+02  2.98e+05     0s
   3   1.02689192e+11 -1.28458481e+11  1.26e+02 9.27e+01  1.21e+05     0s
   4   1.14231040e+10 -8.98685293e+10  1.45e+01 1.07e+01  2.74e+04     0s
   5   1.81996622e+09 -4.42924730e+10  2.71e+00 1.99e+00  9.82e+03     0s
   6   7.02779197e+08 -2.56069047e+10  1.15e+00 8.49e-01  5.30e+03     0s
   7   4.10054645e+08 -1.48844700e+10  4.94e-01 3.64e-01  2.93e+03     0s
   8   1.65944507e+08 -3.79006581e+09  1.07e-01 7.86e-02  7.01e+02     0s
   9   5.61521662e+07 -6.23760684e+08  1.31e-02 9.65e-03  1.14e+02     0s
  10   1.34473150e+07 -7.80116334e+07  1.43e-03 1.05e-03  1.51e+01     0s
  11   1.67462256e+06 -4.39559209e+06  4.87e-05 3.59e-05  9.97e-01     0s
  12   5.10327214e+05 -1.78514542e+05  1.54e-06 1.14e-06  1.13e-01     0s
  13   3.40061279e+05  2.06084292e+05  1.24e-07 6.56e-08  2.20e-02     0s
  14   3.05328565e+05  2.80884648e+05  2.00e-07 8.15e-09  4.02e-03     0s
  15   2.94522338e+05  2.91758246e+05  3.27e-07 7.86e-12  4.54e-04     0s
  16   2.93561976e+05  2.93513045e+05  5.94e-07 1.93e-11  8.04e-06     0s
  17   2.93541179e+05  2.93534091e+05  5.01e-08 1.31e-11  1.16e-06     0s
  18   2.93538252e+05  2.93537272e+05  5.02e-08 9.31e-12  1.62e-07     0s
  19   2.93538190e+05  2.93537294e+05  4.44e-07 8.60e-12  1.55e-07     0s
  20   2.93537833e+05  2.93537709e+05  4.47e-08 5.87e-12  2.17e-08     0s
  21   2.93537756e+05  2.93537716e+05  2.69e-07 5.07e-12  1.95e-08     0s
  22   2.93537698e+05  2.93537737e+05  5.42e-07 5.50e-12  1.27e-08     0s
  23   2.93537768e+05  2.93537770e+05  1.09e-07 1.97e-11  1.74e-09     0s

Barrier solved model in 23 iterations and 0.07 seconds (0.06 work units)
Optimal objective 2.93537768e+05


User-callback calls 72, time in user-callback 0.00 sec

Gurobi 13.0.2 (win64) logging started Wed Jul 15 12:00:43 2026

Set parameter LogFile to value "C:\Users\ehsanno\DataspellProjects\Spanish_Power_System\results\GoRES\ipopt_logs\2024-07-08_h21.log"

Gurobi 13.0.2 (win64) logging started Wed Jul 15 12:00:43 2026

Set parameter LogFile to value "C:\Users\ehsanno\DataspellProjects\Spanish_Power_System\results\GoRES\ipopt_logs\2024-07-08_h21.log"
Gurobi Optimizer version 13.0.2 build v13.0.2rc1 (win64 - Windows 11+.0 (26200.2))

CPU model: 11th Gen Intel(R) Core(TM) i5-1145G7 @ 2.60GHz, instruction set [SSE2|AVX|AVX2|AVX512]
Thread count: 4 physical cores, 8 logical processors, using up to 8 threads

Non-default parameters:
LogToConsole  0

Optimize a model with 5142 rows, 7197 columns and 18460 nonzeros (Min)
Model fingerprint: 0x5858e0b8
Model has 2031 linear objective coefficients and an objective constant of 1.6178238102648167e+07
Model has 973 quadratic objective terms
Coefficient statistics:
  Matrix range     [1e+00, 1e+04]
  Objective range  [9e+00, 1e+06]
  QObjective range [2e+04, 2e+04]
  Bounds range     [5e-11, 1e+04]
  RHS range        [3e-06, 1e+01]

Presolve removed 3669 rows and 4174 columns
Presolve time: 0.01s
Presolved: 1473 rows, 3023 columns, 8990 nonzeros
Presolved model has 899 quadratic objective terms
Ordering time: 0.00s

Barrier statistics:
 AA' NZ     : 1.792e+04
 Factor NZ  : 4.680e+04 (roughly 2 MB of memory)
 Factor Ops : 1.875e+06 (less than 1 second per iteration)
 Threads    : 1

                  Objective                Residual
Iter       Primal          Dual         Primal    Dual     Compl     Time
   0   6.39888796e+12 -6.86832796e+11  7.25e+03 5.34e+03  5.33e+06     0s
   1   1.80018670e+12 -2.14962534e+11  2.15e+03 1.58e+03  1.61e+06     0s
   2   2.63374970e+11 -1.69733815e+11  3.21e+02 2.37e+02  2.98e+05     0s
   3   1.02689192e+11 -1.28458481e+11  1.26e+02 9.27e+01  1.21e+05     0s
   4   1.14231040e+10 -8.98685293e+10  1.45e+01 1.07e+01  2.74e+04     0s
   5   1.81996622e+09 -4.42924730e+10  2.71e+00 1.99e+00  9.82e+03     0s
   6   7.02779197e+08 -2.56069047e+10  1.15e+00 8.49e-01  5.30e+03     0s
   7   4.10054645e+08 -1.48844700e+10  4.94e-01 3.64e-01  2.93e+03     0s
   8   1.65944507e+08 -3.79006581e+09  1.07e-01 7.86e-02  7.01e+02     0s
   9   5.61521662e+07 -6.23760684e+08  1.31e-02 9.65e-03  1.14e+02     0s
  10   1.34473150e+07 -7.80116334e+07  1.43e-03 1.05e-03  1.51e+01     0s
  11   1.67462256e+06 -4.39559209e+06  4.87e-05 3.59e-05  9.97e-01     0s
  12   5.10327214e+05 -1.78514542e+05  1.54e-06 1.14e-06  1.13e-01     0s
  13   3.40061279e+05  2.06084292e+05  1.24e-07 6.56e-08  2.20e-02     0s
  14   3.05328565e+05  2.80884648e+05  2.00e-07 8.15e-09  4.02e-03     0s
  15   2.94522338e+05  2.91758246e+05  3.27e-07 7.86e-12  4.54e-04     0s
  16   2.93561976e+05  2.93513045e+05  5.94e-07 1.93e-11  8.04e-06     0s
  17   2.93541179e+05  2.93534091e+05  5.01e-08 1.31e-11  1.16e-06     0s
  18   2.93538252e+05  2.93537272e+05  5.02e-08 9.31e-12  1.62e-07     0s
  19   2.93538190e+05  2.93537294e+05  4.44e-07 8.60e-12  1.55e-07     0s
  20   2.93537833e+05  2.93537709e+05  4.47e-08 5.87e-12  2.17e-08     0s
  21   2.93537756e+05  2.93537716e+05  2.69e-07 5.07e-12  1.95e-08     0s
  22   2.93537698e+05  2.93537737e+05  5.42e-07 5.50e-12  1.27e-08     0s
  23   2.93537768e+05  2.93537770e+05  1.09e-07 1.97e-11  1.74e-09     0s

Barrier solved model in 23 iterations and 0.06 seconds (0.06 work units)
Optimal objective 2.93537768e+05


User-callback calls 78, time in user-callback 0.00 sec

Gurobi 13.0.2 (win64) logging started Wed Jul 15 12:16:00 2026

Set parameter LogFile to value "C:\Users\ehsanno\DataspellProjects\Spanish_Power_System\results\GoRES\ipopt_logs\2024-07-08_h21.log"

Gurobi 13.0.2 (win64) logging started Wed Jul 15 12:16:00 2026

Set parameter LogFile to value "C:\Users\ehsanno\DataspellProjects\Spanish_Power_System\results\GoRES\ipopt_logs\2024-07-08_h21.log"
Gurobi Optimizer version 13.0.2 build v13.0.2rc1 (win64 - Windows 11+.0 (26200.2))

CPU model: 11th Gen Intel(R) Core(TM) i5-1145G7 @ 2.60GHz, instruction set [SSE2|AVX|AVX2|AVX512]
Thread count: 4 physical cores, 8 logical processors, using up to 8 threads

Non-default parameters:
LogToConsole  0

Optimize a model with 5142 rows, 7197 columns and 18460 nonzeros (Min)
Model fingerprint: 0xdf802eaf
Model has 2031 linear objective coefficients and an objective constant of 1.5724159894368211e+07
Model has 973 quadratic objective terms
Coefficient statistics:
  Matrix range     [1e+00, 1e+04]
  Objective range  [9e+00, 1e+06]
  QObjective range [2e+04, 2e+04]
  Bounds range     [4e-07, 1e+04]
  RHS range        [3e-06, 1e+01]

Presolve removed 3669 rows and 4174 columns
Presolve time: 0.02s
Presolved: 1473 rows, 3023 columns, 8990 nonzeros
Presolved model has 899 quadratic objective terms
Ordering time: 0.00s

Barrier statistics:
 AA' NZ     : 1.792e+04
 Factor NZ  : 4.680e+04 (roughly 2 MB of memory)
 Factor Ops : 1.875e+06 (less than 1 second per iteration)
 Threads    : 1

                  Objective                Residual
Iter       Primal          Dual         Primal    Dual     Compl     Time
   0   6.39890962e+12 -6.86840636e+11  7.25e+03 5.34e+03  5.33e+06     0s
   1   1.80018783e+12 -2.14969177e+11  2.15e+03 1.58e+03  1.61e+06     0s
   2   2.63372067e+11 -1.69740401e+11  3.21e+02 2.37e+02  2.98e+05     0s
   3   1.02672139e+11 -1.28461988e+11  1.26e+02 9.27e+01  1.21e+05     0s
   4   1.14495379e+10 -8.98844545e+10  1.46e+01 1.07e+01  2.74e+04     0s
   5   1.81669453e+09 -4.43119840e+10  2.71e+00 2.00e+00  9.83e+03     0s
   6   7.05521349e+08 -2.57518699e+10  1.16e+00 8.55e-01  5.33e+03     0s
   7   4.12684192e+08 -1.50708830e+10  5.03e-01 3.70e-01  2.97e+03     0s
   8   1.88352405e+08 -4.91934476e+09  1.41e-01 1.04e-01  9.13e+02     0s
   9   7.18046241e+07 -9.82553268e+08  2.50e-02 1.84e-02  1.79e+02     0s
  10   1.41584502e+07 -9.78468090e+07  1.73e-03 1.27e-03  1.85e+01     0s
  11   1.79339091e+06 -4.55489036e+06  3.57e-05 2.63e-05  1.04e+00     0s
  12   5.09378948e+05 -2.29736567e+05  1.21e-06 8.92e-07  1.21e-01     0s
  13   3.25150708e+05  1.84966334e+05  6.81e-08 5.02e-08  2.30e-02     0s
  14   2.88700767e+05  2.61566790e+05  1.94e-07 6.74e-09  4.46e-03     0s
  15   2.76795143e+05  2.73657924e+05  7.89e-07 1.94e-11  5.15e-04     0s
  16   2.75685875e+05  2.75629697e+05  6.38e-07 1.54e-11  9.24e-06     0s
  17   2.75662188e+05  2.75654164e+05  1.01e-07 9.80e-12  1.32e-06     0s
  18   2.75658889e+05  2.75657771e+05  3.99e-09 4.97e-12  1.84e-07     0s
  19   2.75658422e+05  2.75658265e+05  4.14e-09 1.88e-11  2.58e-08     0s
  20   2.75658320e+05  2.75658281e+05  3.91e-07 2.17e-11  2.06e-08     0s
  21   2.75658215e+05  2.75658281e+05  4.34e-07 2.14e-11  2.05e-08     0s
  22   2.75658278e+05  2.75658281e+05  6.09e-07 2.05e-11  2.04e-08     0s
  23   2.75658146e+05  2.75658265e+05  1.43e-06 7.91e-11  1.92e-08     0s
  24   2.75657724e+05  2.75658268e+05  2.53e-06 7.77e-12  1.86e-08     0s
  25   2.75658349e+05  2.75658341e+05  1.31e-07 6.77e-12  7.77e-10     0s

Barrier solved model in 25 iterations and 0.08 seconds (0.06 work units)
Optimal objective 2.75658349e+05


User-callback calls 77, time in user-callback 0.00 sec

Gurobi 13.0.2 (win64) logging started Wed Jul 15 12:32:13 2026

Set parameter LogFile to value "C:\Users\ehsanno\DataspellProjects\Spanish_Power_System\results\GoRES\ipopt_logs\2024-07-08_h21.log"

Gurobi 13.0.2 (win64) logging started Wed Jul 15 12:32:13 2026

Set parameter LogFile to value "C:\Users\ehsanno\DataspellProjects\Spanish_Power_System\results\GoRES\ipopt_logs\2024-07-08_h21.log"
Gurobi Optimizer version 13.0.2 build v13.0.2rc1 (win64 - Windows 11+.0 (26200.2))

CPU model: 11th Gen Intel(R) Core(TM) i5-1145G7 @ 2.60GHz, instruction set [SSE2|AVX|AVX2|AVX512]
Thread count: 4 physical cores, 8 logical processors, using up to 8 threads

Non-default parameters:
LogToConsole  0

Optimize a model with 5142 rows, 7197 columns and 18460 nonzeros (Min)
Model fingerprint: 0x23790929
Model has 2031 linear objective coefficients and an objective constant of 1.5724150484480001e+07
Model has 973 quadratic objective terms
Coefficient statistics:
  Matrix range     [1e+00, 1e+04]
  Objective range  [9e+00, 1e+06]
  QObjective range [2e+04, 2e+04]
  Bounds range     [3e-06, 1e+04]
  RHS range        [3e-06, 1e+01]

Presolve removed 3669 rows and 4174 columns
Presolve time: 0.01s
Presolved: 1473 rows, 3023 columns, 8990 nonzeros
Presolved model has 899 quadratic objective terms
Ordering time: 0.00s

Barrier statistics:
 AA' NZ     : 1.792e+04
 Factor NZ  : 4.680e+04 (roughly 2 MB of memory)
 Factor Ops : 1.875e+06 (less than 1 second per iteration)
 Threads    : 1

                  Objective                Residual
Iter       Primal          Dual         Primal    Dual     Compl     Time
   0   6.39890963e+12 -6.86840636e+11  7.25e+03 5.34e+03  5.33e+06     0s
   1   1.80018784e+12 -2.14969176e+11  2.15e+03 1.58e+03  1.61e+06     0s
   2   2.63372068e+11 -1.69740401e+11  3.21e+02 2.37e+02  2.98e+05     0s
   3   1.02672140e+11 -1.28461988e+11  1.26e+02 9.27e+01  1.21e+05     0s
   4   1.14495353e+10 -8.98844531e+10  1.46e+01 1.07e+01  2.74e+04     0s
   5   1.81669435e+09 -4.43119787e+10  2.71e+00 2.00e+00  9.83e+03     0s
   6   7.05521432e+08 -2.57518670e+10  1.16e+00 8.55e-01  5.33e+03     0s
   7   4.12684152e+08 -1.50708784e+10  5.03e-01 3.70e-01  2.97e+03     0s
   8   1.88351305e+08 -4.91928969e+09  1.41e-01 1.04e-01  9.13e+02     0s
   9   7.18035888e+07 -9.82525532e+08  2.50e-02 1.84e-02  1.79e+02     0s
  10   1.41584523e+07 -9.78482431e+07  1.73e-03 1.27e-03  1.85e+01     0s
  11   1.79338689e+06 -4.55490617e+06  3.57e-05 2.63e-05  1.04e+00     0s
  12   5.09380034e+05 -2.29737552e+05  1.21e-06 8.92e-07  1.21e-01     0s
  13   3.25151703e+05  1.84967233e+05  8.83e-08 5.02e-08  2.30e-02     0s
  14   2.88700505e+05  2.61570400e+05  5.93e-08 6.74e-09  4.46e-03     0s
  15   2.76795708e+05  2.73658960e+05  6.93e-07 1.46e-11  5.15e-04     0s
  16   2.75687042e+05  2.75630637e+05  1.03e-06 1.08e-11  9.24e-06     0s
  17   2.75663161e+05  2.75655120e+05  8.80e-09 9.70e-12  1.32e-06     0s
  18   2.75659971e+05  2.75658557e+05  3.44e-07 1.06e-11  2.38e-07     0s
  19   2.75660011e+05  2.75658558e+05  5.09e-07 8.54e-12  2.37e-07     0s
  20   2.75659779e+05  2.75658522e+05  2.87e-07 6.46e-11  2.22e-07     0s
  21   2.75659399e+05  2.75658754e+05  1.22e-06 5.31e-12  1.56e-07     0s
  22   2.75659354e+05  2.75659266e+05  4.64e-08 1.97e-11  1.46e-08     0s
  23   2.75659381e+05  2.75659266e+05  2.84e-07 1.54e-11  1.46e-08     0s
  24   2.75659408e+05  2.75659266e+05  4.23e-07 1.26e-11  1.46e-08     0s
  25   2.75659158e+05  2.75659265e+05  4.88e-07 1.82e-11  1.39e-08     0s
  26   2.75658966e+05  2.75659294e+05  9.01e-07 1.25e-11  4.95e-09     0s
  27   2.75659063e+05  2.75659294e+05  1.12e-06 1.03e-11  4.92e-09     0s
  28   2.75658810e+05  2.75659308e+05  8.65e-07 1.21e-11  5.90e-10     0s
  29   2.75658462e+05  2.75659309e+05  1.92e-06 1.08e-11  1.54e-10     0s
  30   2.75658893e+05  2.75659309e+05  1.75e-06 9.81e-12  2.00e-11     0s
  31   2.75659309e+05  2.75659309e+05  8.98e-09 1.95e-11  2.00e-12     0s

Barrier solved model in 31 iterations and 0.09 seconds (0.08 work units)
Optimal objective 2.75659309e+05


User-callback calls 86, time in user-callback 0.00 sec

Gurobi 13.0.2 (win64) logging started Wed Jul 15 14:22:03 2026

Set parameter LogFile to value "C:\Users\ehsanno\DataspellProjects\Spanish_Power_System\results\GoRES\ipopt_logs\2024-07-08_h21.log"

Gurobi 13.0.2 (win64) logging started Wed Jul 15 14:22:03 2026

Set parameter LogFile to value "C:\Users\ehsanno\DataspellProjects\Spanish_Power_System\results\GoRES\ipopt_logs\2024-07-08_h21.log"
Gurobi Optimizer version 13.0.2 build v13.0.2rc1 (win64 - Windows 11+.0 (26200.2))

CPU model: 11th Gen Intel(R) Core(TM) i5-1145G7 @ 2.60GHz, instruction set [SSE2|AVX|AVX2|AVX512]
Thread count: 4 physical cores, 8 logical processors, using up to 8 threads

Non-default parameters:
LogToConsole  0

Optimize a model with 5142 rows, 7197 columns and 18460 nonzeros (Min)
Model fingerprint: 0xe58dd5db
Model has 2031 linear objective coefficients and an objective constant of 1.4610703648845879e+07
Model has 973 quadratic objective terms
Coefficient statistics:
  Matrix range     [1e+00, 1e+04]
  Objective range  [9e+00, 1e+06]
  QObjective range [2e+04, 2e+04]
  Bounds range     [2e-12, 1e+04]
  RHS range        [3e-06, 1e+01]

Presolve removed 3669 rows and 4174 columns
Presolve time: 0.02s
Presolved: 1473 rows, 3023 columns, 8990 nonzeros
Presolved model has 899 quadratic objective terms
Ordering time: 0.00s

Barrier statistics:
 AA' NZ     : 1.792e+04
 Factor NZ  : 4.680e+04 (roughly 2 MB of memory)
 Factor Ops : 1.875e+06 (less than 1 second per iteration)
 Threads    : 1

                  Objective                Residual
Iter       Primal          Dual         Primal    Dual     Compl     Time
   0   6.39904499e+12 -6.87375242e+11  7.25e+03 5.34e+03  5.33e+06     0s
   1   1.80020900e+12 -2.15485860e+11  2.15e+03 1.58e+03  1.61e+06     0s
   2   2.63336480e+11 -1.70318630e+11  3.21e+02 2.37e+02  2.98e+05     0s
   3   1.02668966e+11 -1.29020821e+11  1.26e+02 9.27e+01  1.21e+05     0s
   4   1.13308853e+10 -9.04083615e+10  1.45e+01 1.07e+01  2.74e+04     0s
   5   1.77989640e+09 -4.46466102e+10  2.72e+00 2.00e+00  9.87e+03     0s
   6   6.92181543e+08 -2.62030993e+10  1.18e+00 8.70e-01  5.42e+03     0s
   7   4.24055620e+08 -1.59252808e+10  5.43e-01 4.00e-01  3.15e+03     0s
   8   2.85178744e+08 -9.57810288e+09  3.04e-01 2.24e-01  1.83e+03     0s
   9   1.43231744e+08 -5.62912203e+09  4.17e-02 3.07e-02  9.86e+02     0s
  10   9.47575633e+07 -2.04413418e+09  1.34e-02 9.90e-03  3.57e+02     0s
  11   4.43874457e+07 -4.60080590e+08  4.09e-04 3.01e-04  8.30e+01     0s
  12   7.17747730e+06 -3.88527227e+07  1.05e-09 3.02e-10  7.56e+00     0s
  13   7.61400443e+05 -1.44508861e+06  4.77e-09 1.86e-11  3.63e-01     0s
  14   2.51261524e+05 -8.15616838e+04  1.07e-07 1.62e-11  5.47e-02     0s
  15   1.57582370e+05  1.09357470e+05  1.41e-07 1.05e-11  7.92e-03     0s
  16   1.40660252e+05  1.33473831e+05  3.23e-07 1.18e-11  1.18e-03     0s
  17   1.37166215e+05  1.36829378e+05  8.19e-07 1.02e-11  5.53e-05     0s
  18   1.37046543e+05  1.37033741e+05  1.29e-05 2.00e-11  1.97e-06     0s
  19   1.37042396e+05  1.37042049e+05  1.18e-06 1.46e-11  1.02e-07     0s
  20   1.37042297e+05  1.37042050e+05  1.87e-06 1.39e-11  1.01e-07     0s
  21   1.37041495e+05  1.37042051e+05  2.22e-06 1.71e-11  9.57e-08     0s
  22   1.37041091e+05  1.37042051e+05  3.94e-06 9.03e-12  9.31e-08     0s
  23   1.37040124e+05  1.37042052e+05  8.50e-06 1.08e-11  8.65e-08     0s
  24   1.37038052e+05  1.37042059e+05  1.00e-05 8.99e-12  7.09e-08     0s
  25   1.37036640e+05  1.37042060e+05  2.15e-05 9.53e-12  6.16e-08     0s
  26   1.37033601e+05  1.37042072e+05  2.85e-05 4.02e-12  3.86e-08     0s
  27   1.37029262e+05  1.37042097e+05  3.48e-05 1.04e-11  5.31e-09     0s
  28   1.37028692e+05  1.37042107e+05  2.75e-05 7.90e-12  5.35e-12     0s
  29   1.37028962e+05  1.37042118e+05  3.30e-05 1.25e-11  6.55e-13     0s
  30   1.37029064e+05  1.37042122e+05  2.67e-05 7.28e-12  6.51e-16     0s
  31   1.37029165e+05  1.37042126e+05  3.26e-05 1.46e-11  6.46e-19     0s

Barrier performed 31 iterations in 0.09 seconds (0.07 work units)
Sub-optimal termination - objective 1.40660252e+05


User-callback calls 86, time in user-callback 0.00 sec

Gurobi 13.0.2 (win64) logging started Wed Jul 15 14:28:06 2026

Set parameter LogFile to value "C:\Users\ehsanno\DataspellProjects\Spanish_Power_System\results\GoRES\ipopt_logs\2024-07-08_h21.log"

Gurobi 13.0.2 (win64) logging started Wed Jul 15 14:28:06 2026

Set parameter LogFile to value "C:\Users\ehsanno\DataspellProjects\Spanish_Power_System\results\GoRES\ipopt_logs\2024-07-08_h21.log"
Gurobi Optimizer version 13.0.2 build v13.0.2rc1 (win64 - Windows 11+.0 (26200.2))

CPU model: 11th Gen Intel(R) Core(TM) i5-1145G7 @ 2.60GHz, instruction set [SSE2|AVX|AVX2|AVX512]
Thread count: 4 physical cores, 8 logical processors, using up to 8 threads

Non-default parameters:
LogToConsole  0

Optimize a model with 5142 rows, 7197 columns and 18460 nonzeros (Min)
Model fingerprint: 0xcac5a3bd
Model has 2031 linear objective coefficients and an objective constant of 1.4610703648845879e+07
Model has 973 quadratic objective terms
Coefficient statistics:
  Matrix range     [1e+00, 1e+04]
  Objective range  [9e+00, 1e+06]
  QObjective range [2e+04, 2e+04]
  Bounds range     [2e-12, 1e+04]
  RHS range        [3e-06, 1e+01]

Presolve removed 3664 rows and 4165 columns
Presolve time: 0.01s
Presolved: 1478 rows, 3032 columns, 8933 nonzeros
Presolved model has 899 quadratic objective terms
Ordering time: 0.00s

Barrier statistics:
 AA' NZ     : 1.769e+04
 Factor NZ  : 4.785e+04 (roughly 2 MB of memory)
 Factor Ops : 1.985e+06 (less than 1 second per iteration)
 Threads    : 1

                  Objective                Residual
Iter       Primal          Dual         Primal    Dual     Compl     Time
   0   4.91161232e+12 -5.23066095e+11  6.25e+03 3.32e+03  3.31e+06     0s
   1   1.37546857e+12 -9.83864963e+10  1.87e+03 9.95e+02  1.01e+06     0s
   2   2.32591864e+11 -6.04089742e+10  3.25e+02 1.73e+02  2.24e+05     0s
   3   1.15472564e+10 -4.43346942e+10  1.64e+01 8.73e+00  1.73e+04     0s
   4   2.84724511e+09 -2.53640810e+10  4.21e+00 2.24e+00  6.54e+03     0s
   5   8.80337522e+08 -1.19120824e+10  1.41e+00 7.48e-01  2.59e+03     0s
   6   4.74996060e+08 -8.41801333e+09  7.48e-01 3.97e-01  1.75e+03     0s
   7   2.55814442e+08 -4.85795778e+09  3.50e-01 1.86e-01  9.54e+02     0s
   8   2.05611742e+08 -3.81440604e+09  2.48e-01 1.32e-01  7.38e+02     0s
   9   9.64041036e+07 -1.23662528e+09  6.74e-02 3.58e-02  2.32e+02     0s
  10   2.82595425e+07 -2.42759310e+08  5.77e-03 3.07e-03  4.49e+01     0s
  11   7.42581273e+06 -2.74092042e+07  5.23e-04 2.78e-04  5.71e+00     0s
  12   4.11360379e+06 -7.31824518e+06  1.21e-04 6.44e-05  1.87e+00     0s
  13   2.71138623e+06  9.54760945e+05  1.46e-09 6.45e-11  2.88e-01     0s
  14   2.39891240e+06  2.28308477e+06  5.62e-09 1.42e-11  1.90e-02     0s
  15   2.36383705e+06  2.31949305e+06  1.58e-08 2.04e-11  7.26e-03     0s
  16   2.35351536e+06  2.35145553e+06  2.67e-08 1.60e-11  3.37e-04     0s
  17   2.35283911e+06  2.35265278e+06  4.64e-08 9.38e-12  3.05e-05     0s
  18   2.35278742e+06  2.35277419e+06  2.61e-07 4.24e-12  2.19e-06     0s
  19   2.35278407e+06  2.35278325e+06  3.49e-06 1.09e-11  5.92e-08     0s
  20   2.35278326e+06  2.35278340e+06  4.33e-06 9.28e-12  1.86e-08     0s
  21   2.35278076e+06  2.35278347e+06  2.47e-06 7.48e-12  2.71e-11     0s
  22   2.35278135e+06  2.35278347e+06  1.22e-06 1.04e-11  2.73e-14     0s
  23   2.35278121e+06  2.35278347e+06  1.25e-06 1.01e-11  2.50e-14     0s
  24   2.35278102e+06  2.35278347e+06  2.19e-06 2.72e-12  2.23e-14     0s
  25   2.35278071e+06  2.35278347e+06  4.76e-06 9.40e-12  1.89e-14     0s
  26   2.35277999e+06  2.35278347e+06  7.50e-06 8.74e-12  1.30e-14     0s
  27   2.35277870e+06  2.35278347e+06  1.05e-05 8.04e-12  6.76e-15     0s
  28   2.35277737e+06  2.35278347e+06  2.11e-05 7.46e-12  4.50e-15     0s
  29   2.35277435e+06  2.35278347e+06  3.47e-05 7.41e-12  1.77e-15     0s
  30   2.35277004e+06  2.35278347e+06  4.20e-05 7.30e-12  7.33e-16     0s
  31   2.35276369e+06  2.35278347e+06  6.47e-05 7.31e-12  3.01e-16     0s
  32   2.35275444e+06  2.35278347e+06  9.56e-05 1.46e-11  1.28e-16     0s
  33   2.35273939e+06  2.35278346e+06  1.35e-04 7.28e-12  4.46e-17     0s

Barrier performed 33 iterations in 0.08 seconds (0.07 work units)
Sub-optimal termination - objective 2.35283911e+06


User-callback calls 89, time in user-callback 0.00 sec

Gurobi 13.0.2 (win64) logging started Wed Jul 15 14:31:14 2026

Set parameter LogFile to value "C:\Users\ehsanno\DataspellProjects\Spanish_Power_System\results\GoRES\ipopt_logs\2024-07-08_h21.log"

Gurobi 13.0.2 (win64) logging started Wed Jul 15 14:31:14 2026

Set parameter LogFile to value "C:\Users\ehsanno\DataspellProjects\Spanish_Power_System\results\GoRES\ipopt_logs\2024-07-08_h21.log"
Gurobi Optimizer version 13.0.2 build v13.0.2rc1 (win64 - Windows 11+.0 (26200.2))

CPU model: 11th Gen Intel(R) Core(TM) i5-1145G7 @ 2.60GHz, instruction set [SSE2|AVX|AVX2|AVX512]
Thread count: 4 physical cores, 8 logical processors, using up to 8 threads

Non-default parameters:
LogToConsole  0

Optimize a model with 5142 rows, 7197 columns and 18460 nonzeros (Min)
Model fingerprint: 0x4db2db8d
Model has 2031 linear objective coefficients and an objective constant of 1.4610750393040014e+07
Model has 973 quadratic objective terms
Coefficient statistics:
  Matrix range     [1e+00, 1e+04]
  Objective range  [9e+00, 1e+06]
  QObjective range [2e+04, 2e+04]
  Bounds range     [3e-06, 1e+04]
  RHS range        [3e-06, 1e+01]

Presolve removed 3669 rows and 4173 columns
Presolve time: 0.01s
Presolved: 1473 rows, 3024 columns, 8930 nonzeros
Presolved model has 899 quadratic objective terms
Ordering time: 0.00s

Barrier statistics:
 AA' NZ     : 1.771e+04
 Factor NZ  : 4.722e+04 (roughly 2 MB of memory)
 Factor Ops : 1.904e+06 (less than 1 second per iteration)
 Threads    : 1

                  Objective                Residual
Iter       Primal          Dual         Primal    Dual     Compl     Time
   0   5.11447861e+12 -5.51709384e+11  6.50e+03 3.60e+03  3.59e+06     0s
   1   1.42768420e+12 -1.18158666e+11  1.94e+03 1.07e+03  1.09e+06     0s
   2   2.31274580e+11 -8.17155370e+10  3.22e+02 1.78e+02  2.32e+05     0s
   3   2.88642965e+10 -5.66872113e+10  4.06e+01 2.25e+01  3.46e+04     0s
   4   5.56857536e+09 -3.14582079e+10  8.11e+00 4.50e+00  9.65e+03     0s
   5   1.21984426e+09 -1.54100128e+10  2.03e+00 1.13e+00  3.50e+03     0s
   6   5.17983512e+08 -1.00007759e+10  9.62e-01 5.33e-01  2.11e+03     0s
   7   3.08067065e+08 -6.77558119e+09  5.44e-01 3.02e-01  1.37e+03     0s
   8   2.60457696e+08 -5.52678144e+09  3.20e-01 1.78e-01  1.09e+03     0s
   9   1.80052457e+08 -3.84150926e+09  1.77e-01 9.82e-02  7.30e+02     0s
  10   7.56876057e+07 -9.30115076e+08  3.85e-02 2.14e-02  1.73e+02     0s
  11   1.80081426e+07 -1.41050170e+08  3.79e-03 2.10e-03  2.64e+01     0s
  12   3.79803597e+06 -1.43777430e+07  3.21e-04 1.78e-04  2.99e+00     0s
  13   5.89253223e+05 -4.45151726e+05  4.10e-06 2.27e-06  1.70e-01     0s
  14   3.02438969e+05  1.25838856e+05  1.78e-07 9.88e-08  2.90e-02     0s
  15   2.54307951e+05  2.14029981e+05  5.21e-08 1.66e-08  6.62e-03     0s
  16   2.38575940e+05  2.29056198e+05  9.91e-08 2.71e-09  1.56e-03     0s
  17   2.34138419e+05  2.33739464e+05  1.36e-07 1.72e-11  6.55e-05     0s
  18   2.34065428e+05  2.33961491e+05  3.59e-06 1.49e-11  1.69e-05     0s
  19   2.34045587e+05  2.34002020e+05  1.31e-05 8.44e-12  7.34e-06     0s
  20   2.34035288e+05  2.34033298e+05  5.94e-07 8.29e-12  3.02e-07     0s
  21   2.34035245e+05  2.34034652e+05  2.00e-06 1.26e-11  3.84e-10     0s
  22   2.34034913e+05  2.34034653e+05  1.50e-06 1.62e-11  2.60e-10     0s
  23   2.34034641e+05  2.34034654e+05  1.16e-07 8.68e-12  8.27e-13     0s

Barrier solved model in 23 iterations and 0.06 seconds (0.05 work units)
Optimal objective 2.34034641e+05


User-callback calls 74, time in user-callback 0.00 sec

Gurobi 13.0.2 (win64) logging started Wed Jul 15 17:24:43 2026

Set parameter LogFile to value "C:\Users\ehsanno\DataspellProjects\Spanish_Power_System\results\GoRES\ipopt_logs\2024-07-08_h21.log"

Gurobi 13.0.2 (win64) logging started Wed Jul 15 17:24:43 2026

Set parameter LogFile to value "C:\Users\ehsanno\DataspellProjects\Spanish_Power_System\results\GoRES\ipopt_logs\2024-07-08_h21.log"
Gurobi Optimizer version 13.0.2 build v13.0.2rc1 (win64 - Windows 11+.0 (26200.2))

CPU model: 11th Gen Intel(R) Core(TM) i5-1145G7 @ 2.60GHz, instruction set [SSE2|AVX|AVX2|AVX512]
Thread count: 4 physical cores, 8 logical processors, using up to 8 threads

Non-default parameters:
LogToConsole  0

Optimize a model with 5146 rows, 7443 columns and 18718 nonzeros (Min)
Model fingerprint: 0x30eb830f
Model has 2199 linear objective coefficients and an objective constant of 1.5215570956056643e+07
Model has 972 quadratic objective terms
Coefficient statistics:
  Matrix range     [1e+00, 1e+04]
  Objective range  [2e-01, 1e+06]
  QObjective range [2e+04, 2e+04]
  Bounds range     [3e-11, 1e+04]
  RHS range        [3e-06, 1e+01]

Presolve removed 3640 rows and 4244 columns
Presolve time: 0.02s
Presolved: 1506 rows, 3199 columns, 9187 nonzeros
Presolved model has 898 quadratic objective terms
Ordering time: 0.00s

Barrier statistics:
 AA' NZ     : 1.796e+04
 Factor NZ  : 4.927e+04 (roughly 2 MB of memory)
 Factor Ops : 2.105e+06 (less than 1 second per iteration)
 Threads    : 1

                  Objective                Residual
Iter       Primal          Dual         Primal    Dual     Compl     Time
   0   4.87497720e+12 -1.49201987e+12  8.25e+03 3.79e+04  3.78e+07     0s
   1   9.52422090e+11 -7.56536856e+11  1.75e+03 8.02e+03  8.24e+06     0s
   2   6.04047848e+10 -7.39257375e+11  1.13e+02 5.19e+02  6.92e+05     0s
   3   1.33802959e+10 -4.25481266e+11  2.53e+01 1.16e+02  1.81e+05     0s
   4   1.92634556e+09 -2.39427376e+11  3.83e+00 1.76e+01  5.46e+04     0s
   5   5.19639205e+08 -1.15265288e+11  9.63e-01 4.42e+00  2.23e+04     0s
   6   3.03235727e+08 -6.09689429e+10  4.00e-01 1.83e+00  1.11e+04     0s
   7   1.64406287e+08 -2.81630744e+10  6.34e-02 2.91e-01  4.66e+03     0s
   8   1.35063593e+08 -6.42481324e+09  9.16e-03 4.20e-02  1.04e+03     0s
   9   1.03218172e+08 -2.25493314e+09  2.91e-03 1.33e-02  3.69e+02     0s
  10   7.88092917e+07 -1.49955327e+09  1.34e-03 6.13e-03  2.46e+02     0s
  11   2.84269947e+07 -2.29343050e+08  3.24e-05 1.49e-04  4.00e+01     0s
  12   7.26651019e+06 -1.74152707e+07  1.25e-06 5.76e-06  3.83e+00     0s
  13   4.13650045e+06  1.37718890e+06  2.96e-10 1.81e-11  4.28e-01     0s
  14   3.72307057e+06  3.37228953e+06  1.05e-09 1.15e-11  5.45e-02     0s
  15   3.62841893e+06  3.57225531e+06  2.42e-09 1.44e-11  8.72e-03     0s
  16   3.60812398e+06  3.59758467e+06  4.01e-08 8.94e-12  1.64e-03     0s
  17   3.60780530e+06  3.59795794e+06  4.83e-08 1.03e-11  1.53e-03     0s
  18   3.60702622e+06  3.59863239e+06  3.36e-08 6.12e-12  1.30e-03     0s
  19   3.60672251e+06  3.59881589e+06  3.03e-08 7.20e-12  1.23e-03     0s
  20   3.60479383e+06  3.60155813e+06  1.17e-08 3.50e-12  5.02e-04     0s
  21   3.60429052e+06  3.60236627e+06  4.10e-09 5.21e-12  2.99e-04     0s
  22   3.60396635e+06  3.60274756e+06  1.73e-09 7.11e-12  1.89e-04     0s
  23   3.60400418e+06  3.60280361e+06  1.55e-09 7.04e-12  1.86e-04     0s
  24   3.60368673e+06  3.60331786e+06  3.00e-11 1.14e-11  5.73e-05     0s
  25   3.60363019e+06  3.60346165e+06  8.30e-12 5.24e-12  2.62e-05     0s
  26   3.60359446e+06  3.60356027e+06  7.75e-09 1.41e-11  5.31e-06     0s
  27   3.60358562e+06  3.60358493e+06  3.11e-09 2.01e-11  1.06e-07     0s
  28   3.60358544e+06  3.60358544e+06  8.44e-11 5.79e-12  1.11e-10     0s

Barrier solved model in 28 iterations and 0.12 seconds (0.06 work units)
Optimal objective 3.60358544e+06


User-callback calls 84, time in user-callback 0.00 sec

Gurobi 13.0.2 (win64) logging started Wed Jul 15 17:27:50 2026

Set parameter LogFile to value "C:\Users\ehsanno\DataspellProjects\Spanish_Power_System\results\GoRES\ipopt_logs\2024-07-08_h21.log"

Gurobi 13.0.2 (win64) logging started Wed Jul 15 17:27:50 2026

Set parameter LogFile to value "C:\Users\ehsanno\DataspellProjects\Spanish_Power_System\results\GoRES\ipopt_logs\2024-07-08_h21.log"
Gurobi Optimizer version 13.0.2 build v13.0.2rc1 (win64 - Windows 11+.0 (26200.2))

CPU model: 11th Gen Intel(R) Core(TM) i5-1145G7 @ 2.60GHz, instruction set [SSE2|AVX|AVX2|AVX512]
Thread count: 4 physical cores, 8 logical processors, using up to 8 threads

Non-default parameters:
LogToConsole  0

Optimize a model with 5146 rows, 7443 columns and 18718 nonzeros (Min)
Model fingerprint: 0x163b0aeb
Model has 2199 linear objective coefficients and an objective constant of 1.5215575616239995e+07
Model has 972 quadratic objective terms
Coefficient statistics:
  Matrix range     [1e+00, 1e+04]
  Objective range  [4e-01, 1e+06]
  QObjective range [2e+04, 2e+04]
  Bounds range     [3e-06, 1e+04]
  RHS range        [3e-06, 1e+01]

Presolve removed 3642 rows and 4248 columns
Presolve time: 0.02s
Presolved: 1504 rows, 3195 columns, 9192 nonzeros
Presolved model has 898 quadratic objective terms
Ordering time: 0.00s

Barrier statistics:
 AA' NZ     : 1.801e+04
 Factor NZ  : 4.951e+04 (roughly 2 MB of memory)
 Factor Ops : 2.149e+06 (less than 1 second per iteration)
 Threads    : 1

                  Objective                Residual
Iter       Primal          Dual         Primal    Dual     Compl     Time
   0   5.62241748e+12 -1.68232251e+12  7.38e+03 3.76e+04  3.76e+07     0s
   1   1.15651793e+12 -8.62040099e+11  1.63e+03 8.30e+03  8.53e+06     0s
   2   9.08432164e+10 -7.90458862e+11  1.30e+02 6.64e+02  8.36e+05     0s
   3   1.62471649e+10 -4.38375760e+11  2.36e+01 1.21e+02  1.82e+05     0s
   4   2.79252796e+09 -2.50545993e+11  4.28e+00 2.18e+01  5.93e+04     0s
   5   8.04025695e+08 -1.22986283e+11  1.27e+00 6.46e+00  2.50e+04     0s
   6   3.81703943e+08 -6.70198296e+10  4.38e-01 2.23e+00  1.25e+04     0s
   7   1.91968163e+08 -3.72673992e+10  1.19e-01 6.09e-01  6.44e+03     0s
   8   1.33659386e+08 -5.58370302e+09  1.52e-02 7.77e-02  9.19e+02     0s
   9   9.83431907e+07 -2.14682736e+09  5.19e-03 2.65e-02  3.54e+02     0s
  10   7.59136580e+07 -1.49129769e+09  2.60e-03 1.33e-02  2.46e+02     0s
  11   2.62974545e+07 -2.35424534e+08  3.70e-05 1.89e-04  4.07e+01     0s
  12   4.11721937e+06 -1.02545662e+07  1.81e-08 9.25e-08  2.23e+00     0s
  13   1.74717865e+06  2.20847236e+05  1.31e-09 2.11e-09  2.37e-01     0s
  14   1.55985312e+06  7.80297398e+05  1.60e-09 7.85e-10  1.21e-01     0s
  15   1.41100512e+06  1.25721569e+06  4.90e-09 1.04e-10  2.39e-02     0s
  16   1.36729585e+06  1.35373601e+06  8.68e-09 1.30e-11  2.11e-03     0s
  17   1.36531066e+06  1.35337662e+06  9.52e-08 1.99e-11  1.86e-03     0s
  18   1.36076758e+06  1.35757726e+06  2.56e-07 9.67e-12  4.96e-04     0s
  19   1.36010193e+06  1.35829901e+06  7.84e-07 1.10e-11  2.80e-04     0s
  20   1.35978783e+06  1.35873706e+06  5.96e-07 4.65e-12  1.63e-04     0s
  21   1.35966483e+06  1.35893950e+06  4.90e-07 7.30e-12  1.13e-04     0s
  22   1.35942889e+06  1.35916780e+06  6.96e-07 9.73e-12  4.06e-05     0s
  23   1.35938244e+06  1.35925724e+06  2.93e-06 1.39e-11  1.95e-05     0s
  24   1.35937759e+06  1.35926442e+06  2.25e-06 8.47e-12  1.76e-05     0s
  25   1.35936045e+06  1.35929376e+06  1.09e-06 8.38e-12  1.04e-05     0s
  26   1.35934256e+06  1.35933892e+06  1.10e-06 1.44e-11  5.57e-07     0s
  27   1.35934142e+06  1.35934141e+06  3.43e-08 8.57e-12  1.02e-09     0s

Barrier solved model in 27 iterations and 0.09 seconds (0.06 work units)
Optimal objective 1.35934142e+06


User-callback calls 78, time in user-callback 0.00 sec

Gurobi 13.0.2 (win64) logging started Wed Jul 15 17:30:09 2026

Set parameter LogFile to value "C:\Users\ehsanno\DataspellProjects\Spanish_Power_System\results\GoRES\ipopt_logs\2024-07-08_h21.log"

Gurobi 13.0.2 (win64) logging started Wed Jul 15 17:30:09 2026

Set parameter LogFile to value "C:\Users\ehsanno\DataspellProjects\Spanish_Power_System\results\GoRES\ipopt_logs\2024-07-08_h21.log"
Gurobi Optimizer version 13.0.2 build v13.0.2rc1 (win64 - Windows 11+.0 (26200.2))

CPU model: 11th Gen Intel(R) Core(TM) i5-1145G7 @ 2.60GHz, instruction set [SSE2|AVX|AVX2|AVX512]
Thread count: 4 physical cores, 8 logical processors, using up to 8 threads

Non-default parameters:
LogToConsole  0

Optimize a model with 5146 rows, 7443 columns and 18718 nonzeros (Min)
Model fingerprint: 0x3bf9bee2
Model has 2199 linear objective coefficients and an objective constant of 1.5215575616239995e+07
Model has 972 quadratic objective terms
Coefficient statistics:
  Matrix range     [1e+00, 1e+04]
  Objective range  [4e-01, 1e+06]
  QObjective range [2e+04, 2e+04]
  Bounds range     [3e-06, 1e+04]
  RHS range        [3e-06, 1e+01]

Presolve removed 3653 rows and 4261 columns
Presolve time: 0.02s
Presolved: 1493 rows, 3182 columns, 9183 nonzeros
Presolved model has 898 quadratic objective terms
Ordering time: 0.00s

Barrier statistics:
 AA' NZ     : 1.788e+04
 Factor NZ  : 5.016e+04 (roughly 2 MB of memory)
 Factor Ops : 2.263e+06 (less than 1 second per iteration)
 Threads    : 1

                  Objective                Residual
Iter       Primal          Dual         Primal    Dual     Compl     Time
   0   5.70690097e+12 -2.06490470e+12  7.75e+03 3.76e+04  3.76e+07     0s
   1   1.22902419e+12 -1.13339332e+12  1.78e+03 8.67e+03  8.92e+06     0s
   2   1.16378619e+11 -9.82066222e+11  1.73e+02 8.38e+02  1.03e+06     0s
   3   1.80983969e+10 -5.39558165e+11  2.75e+01 1.33e+02  2.07e+05     0s
   4   2.69145321e+09 -3.11981351e+11  4.38e+00 2.13e+01  7.11e+04     0s
   5   1.03954828e+09 -1.65147101e+11  1.78e+00 8.64e+00  3.40e+04     0s
   6   4.83725363e+08 -9.28946457e+10  6.18e-01 3.00e+00  1.76e+04     0s
   7   2.30577705e+08 -5.70952066e+10  2.26e-01 1.10e+00  1.02e+04     0s
   8   1.31532937e+08 -6.38243909e+09  1.91e-02 9.28e-02  1.06e+03     0s
   9   9.74396077e+07 -1.54069548e+09  4.08e-03 1.98e-02  2.59e+02     0s
  10   7.11649124e+07 -1.07231027e+09  2.06e-03 9.99e-03  1.80e+02     0s
  11   2.10905993e+07 -1.93735145e+08  2.06e-09 9.99e-09  3.35e+01     0s
  12   2.42972915e+06 -9.34142504e+06  3.25e-10 7.23e-11  1.84e+00     0s
  13   5.44718652e+05 -1.10403879e+06  1.32e-09 6.20e-12  2.57e-01     0s
  14   3.95229912e+05 -6.39496617e+05  1.17e-09 6.99e-12  1.62e-01     0s
  15   2.20239037e+05 -7.01027487e+04  4.07e-09 7.44e-12  4.53e-02     0s
  16   1.49178695e+05  1.30268112e+05  1.59e-08 1.10e-11  2.95e-03     0s
  17   1.39912637e+05  1.38327149e+05  5.86e-08 1.16e-11  2.47e-04     0s
  18   1.39393003e+05  1.39226616e+05  3.79e-09 8.68e-12  2.60e-05     0s
  19   1.39347173e+05  1.39337914e+05  2.25e-09 1.13e-11  1.45e-06     0s
  20   1.39347197e+05  1.39337917e+05  1.14e-07 1.61e-11  1.44e-06     0s
  21   1.39346820e+05  1.39338232e+05  1.31e-08 3.12e-11  1.34e-06     0s
  22   1.39344519e+05  1.39344451e+05  7.68e-09 8.45e-12  1.08e-08     0s
  23   1.39344401e+05  1.39344451e+05  3.64e-07 1.14e-11  1.05e-08     0s

Barrier solved model in 23 iterations and 0.09 seconds (0.05 work units)
Optimal objective 1.39344401e+05


User-callback calls 71, time in user-callback 0.00 sec

Gurobi 13.0.2 (win64) logging started Wed Jul 15 18:00:36 2026

Set parameter LogFile to value "C:\Users\ehsanno\DataspellProjects\Spanish_Power_System\results\GoRES\ipopt_logs\2024-07-08_h21.log"

Gurobi 13.0.2 (win64) logging started Wed Jul 15 18:00:36 2026

Set parameter LogFile to value "C:\Users\ehsanno\DataspellProjects\Spanish_Power_System\results\GoRES\ipopt_logs\2024-07-08_h21.log"
Gurobi Optimizer version 13.0.2 build v13.0.2rc1 (win64 - Windows 11+.0 (26200.2))

CPU model: 11th Gen Intel(R) Core(TM) i5-1145G7 @ 2.60GHz, instruction set [SSE2|AVX|AVX2|AVX512]
Thread count: 4 physical cores, 8 logical processors, using up to 8 threads

Non-default parameters:
LogToConsole  0

Optimize a model with 5146 rows, 7443 columns and 18718 nonzeros (Min)
Model fingerprint: 0x1cb06711
Model has 2199 linear objective coefficients and an objective constant of 1.5215575616239995e+07
Model has 972 quadratic objective terms
Coefficient statistics:
  Matrix range     [1e+00, 1e+04]
  Objective range  [4e-01, 1e+06]
  QObjective range [2e+04, 2e+04]
  Bounds range     [3e-06, 1e+04]
  RHS range        [3e-06, 1e+01]

Presolve removed 3651 rows and 4258 columns
Presolve time: 0.03s
Presolved: 1495 rows, 3185 columns, 9203 nonzeros
Presolved model has 898 quadratic objective terms
Ordering time: 0.01s

Barrier statistics:
 AA' NZ     : 1.787e+04
 Factor NZ  : 4.831e+04 (roughly 2 MB of memory)
 Factor Ops : 2.030e+06 (less than 1 second per iteration)
 Threads    : 1

                  Objective                Residual
Iter       Primal          Dual         Primal    Dual     Compl     Time
   0   6.43816559e+12 -2.38910489e+12  7.50e+03 3.76e+04  3.76e+07     0s
   1   1.44544666e+12 -1.36775957e+12  1.79e+03 8.96e+03  9.25e+06     0s
   2   1.55606856e+11 -1.15799118e+12  1.96e+02 9.84e+02  1.21e+06     0s
   3   2.33826325e+10 -5.91720435e+11  3.01e+01 1.51e+02  2.31e+05     0s
   4   3.49406179e+09 -2.61877902e+11  4.89e+00 2.45e+01  6.00e+04     0s
   5   1.11614526e+09 -1.18664768e+11  1.70e+00 8.55e+00  2.42e+04     0s
   6   7.57498857e+08 -8.87658985e+10  1.03e+00 5.17e+00  1.76e+04     0s
   7   4.21094534e+08 -4.65779100e+10  4.83e-01 2.42e+00  8.75e+03     0s
   8   2.35069574e+08 -3.04081707e+10  1.83e-01 9.19e-01  5.42e+03     0s
   9   1.26211434e+08 -3.12294966e+09  1.43e-02 7.18e-02  5.28e+02     0s
  10   8.40832481e+07 -1.33750130e+09  5.10e-03 2.56e-02  2.26e+02     0s
  11   4.17062277e+07 -7.21571234e+08  2.01e-04 1.01e-03  1.19e+02     0s
  12   7.90949432e+06 -2.38336539e+07  1.01e-06 5.08e-06  4.95e+00     0s
  13   7.03875686e+05 -1.76550068e+06  4.72e-09 2.37e-08  3.85e-01     0s
  14   3.47051609e+05 -4.61329805e+05  4.38e-09 6.30e-09  1.26e-01     0s
  15   1.92956763e+05  4.08584366e+04  3.78e-09 5.30e-10  2.37e-02     0s
  16   1.52588330e+05  1.21102223e+05  2.45e-08 8.19e-11  4.91e-03     0s
  17   1.40312064e+05  1.38158192e+05  1.02e-07 1.08e-11  3.36e-04     0s
  18   1.39371657e+05  1.39245445e+05  1.78e-10 3.49e-11  1.97e-05     0s
  19   1.39348064e+05  1.39337516e+05  4.57e-10 6.95e-12  1.65e-06     0s
  20   1.39347344e+05  1.39338774e+05  4.40e-07 7.45e-12  1.34e-06     0s
  21   1.39347378e+05  1.39338780e+05  2.05e-07 1.01e-11  1.34e-06     0s
  22   1.39346642e+05  1.39338676e+05  3.26e-09 8.58e-12  1.24e-06     0s
  23   1.39346576e+05  1.39338737e+05  1.78e-07 6.36e-12  1.23e-06     0s
  24   1.39346298e+05  1.39339214e+05  4.86e-07 1.30e-11  1.13e-06     0s
  25   1.39344512e+05  1.39344458e+05  3.44e-08 1.01e-11  8.58e-09     0s

Barrier solved model in 25 iterations and 0.14 seconds (0.06 work units)
Optimal objective 1.39344512e+05


User-callback calls 94, time in user-callback 0.00 sec

Gurobi 13.0.2 (win64) logging started Thu Jul 16 15:27:21 2026

Set parameter LogFile to value "C:\Users\ehsanno\DataspellProjects\Spanish_Power_System\results\GoRES\ipopt_logs\2024-07-08_h21.log"

Gurobi 13.0.2 (win64) logging started Thu Jul 16 15:27:21 2026

Set parameter LogFile to value "C:\Users\ehsanno\DataspellProjects\Spanish_Power_System\results\GoRES\ipopt_logs\2024-07-08_h21.log"
Gurobi Optimizer version 13.0.2 build v13.0.2rc1 (win64 - Windows 11+.0 (26200.2))

CPU model: 11th Gen Intel(R) Core(TM) i5-1145G7 @ 2.60GHz, instruction set [SSE2|AVX|AVX2|AVX512]
Thread count: 4 physical cores, 8 logical processors, using up to 8 threads

Non-default parameters:
LogToConsole  0

Optimize a model with 5146 rows, 7443 columns and 18718 nonzeros (Min)
Model fingerprint: 0x1cb06711
Model has 2199 linear objective coefficients and an objective constant of 1.5215575616239995e+07
Model has 972 quadratic objective terms
Coefficient statistics:
  Matrix range     [1e+00, 1e+04]
  Objective range  [4e-01, 1e+06]
  QObjective range [2e+04, 2e+04]
  Bounds range     [3e-06, 1e+04]
  RHS range        [3e-06, 1e+01]

Presolve removed 3651 rows and 4258 columns
Presolve time: 0.02s
Presolved: 1495 rows, 3185 columns, 9203 nonzeros
Presolved model has 898 quadratic objective terms
Ordering time: 0.00s

Barrier statistics:
 AA' NZ     : 1.787e+04
 Factor NZ  : 4.831e+04 (roughly 2 MB of memory)
 Factor Ops : 2.030e+06 (less than 1 second per iteration)
 Threads    : 1

                  Objective                Residual
Iter       Primal          Dual         Primal    Dual     Compl     Time
   0   6.43816559e+12 -2.38910489e+12  7.50e+03 3.76e+04  3.76e+07     0s
   1   1.44544666e+12 -1.36775957e+12  1.79e+03 8.96e+03  9.25e+06     0s
   2   1.55606856e+11 -1.15799118e+12  1.96e+02 9.84e+02  1.21e+06     0s
   3   2.33826325e+10 -5.91720435e+11  3.01e+01 1.51e+02  2.31e+05     0s
   4   3.49406179e+09 -2.61877902e+11  4.89e+00 2.45e+01  6.00e+04     0s
   5   1.11614526e+09 -1.18664768e+11  1.70e+00 8.55e+00  2.42e+04     0s
   6   7.57498857e+08 -8.87658985e+10  1.03e+00 5.17e+00  1.76e+04     0s
   7   4.21094534e+08 -4.65779100e+10  4.83e-01 2.42e+00  8.75e+03     0s
   8   2.35069574e+08 -3.04081707e+10  1.83e-01 9.19e-01  5.42e+03     0s
   9   1.26211434e+08 -3.12294966e+09  1.43e-02 7.18e-02  5.28e+02     0s
  10   8.40832481e+07 -1.33750130e+09  5.10e-03 2.56e-02  2.26e+02     0s
  11   4.17062277e+07 -7.21571234e+08  2.01e-04 1.01e-03  1.19e+02     0s
  12   7.90949432e+06 -2.38336539e+07  1.01e-06 5.08e-06  4.95e+00     0s
  13   7.03875686e+05 -1.76550068e+06  4.72e-09 2.37e-08  3.85e-01     0s
  14   3.47051609e+05 -4.61329805e+05  4.38e-09 6.30e-09  1.26e-01     0s
  15   1.92956763e+05  4.08584366e+04  3.78e-09 5.30e-10  2.37e-02     0s
  16   1.52588330e+05  1.21102223e+05  2.45e-08 8.19e-11  4.91e-03     0s
  17   1.40312064e+05  1.38158192e+05  1.02e-07 1.08e-11  3.36e-04     0s
  18   1.39371657e+05  1.39245445e+05  1.78e-10 3.49e-11  1.97e-05     0s
  19   1.39348064e+05  1.39337516e+05  4.57e-10 6.95e-12  1.65e-06     0s
  20   1.39347344e+05  1.39338774e+05  4.40e-07 7.45e-12  1.34e-06     0s
  21   1.39347378e+05  1.39338780e+05  2.05e-07 1.01e-11  1.34e-06     0s
  22   1.39346642e+05  1.39338676e+05  3.26e-09 8.58e-12  1.24e-06     0s
  23   1.39346576e+05  1.39338737e+05  1.78e-07 6.36e-12  1.23e-06     0s
  24   1.39346298e+05  1.39339214e+05  4.86e-07 1.30e-11  1.13e-06     0s
  25   1.39344512e+05  1.39344458e+05  3.44e-08 1.01e-11  8.58e-09     0s

Barrier solved model in 25 iterations and 0.07 seconds (0.06 work units)
Optimal objective 1.39344512e+05


User-callback calls 79, time in user-callback 0.00 sec

Gurobi 13.0.2 (win64) logging started Thu Jul 16 16:07:57 2026

Set parameter LogFile to value "C:\Users\ehsanno\DataspellProjects\Spanish_Power_System\results\GoRES\ipopt_logs\2024-07-08_h21.log"

Gurobi 13.0.2 (win64) logging started Thu Jul 16 16:07:57 2026

Set parameter LogFile to value "C:\Users\ehsanno\DataspellProjects\Spanish_Power_System\results\GoRES\ipopt_logs\2024-07-08_h21.log"
Gurobi Optimizer version 13.0.2 build v13.0.2rc1 (win64 - Windows 11+.0 (26200.2))

CPU model: 11th Gen Intel(R) Core(TM) i5-1145G7 @ 2.60GHz, instruction set [SSE2|AVX|AVX2|AVX512]
Thread count: 4 physical cores, 8 logical processors, using up to 8 threads

Non-default parameters:
LogToConsole  0

Optimize a model with 5146 rows, 7859 columns and 19134 nonzeros (Min)
Model fingerprint: 0x6100c560
Model has 2374 linear objective coefficients and an objective constant of 1.5946532638100751e+07
Model has 1482 quadratic objective terms
Coefficient statistics:
  Matrix range     [1e+00, 1e+04]
  Objective range  [9e-08, 1e+06]
  QObjective range [2e+04, 2e+04]
  Bounds range     [3e-06, 1e+04]
  RHS range        [3e-06, 1e+01]

Presolve removed 3637 rows and 4150 columns
Presolve time: 0.02s
Presolved: 1509 rows, 3709 columns, 9804 nonzeros
Presolved model has 1408 quadratic objective terms
Ordering time: 0.00s

Barrier statistics:
 AA' NZ     : 1.775e+04
 Factor NZ  : 4.791e+04 (roughly 2 MB of memory)
 Factor Ops : 1.944e+06 (less than 1 second per iteration)
 Threads    : 1

                  Objective                Residual
Iter       Primal          Dual         Primal    Dual     Compl     Time
   0   6.37002513e+12 -6.78442867e+12  8.00e+03 3.85e+07  3.92e+10     0s
   1   1.52941005e+12 -5.13546745e+12  1.93e+03 9.30e+06  9.93e+09     0s
   2   1.69274053e+11 -3.18562923e+12  2.14e+02 1.03e+06  1.44e+09     0s
   3   2.39384257e+10 -1.16104189e+12  3.09e+01 1.49e+05  2.73e+08     0s
   4   1.55626307e+10 -8.54197635e+11  2.02e+01 9.74e+04  1.85e+08     0s
   5   5.53567444e+09 -5.23311512e+11  7.37e+00 3.55e+04  9.72e+07     0s
   6   1.25342103e+09 -1.70674759e+11  1.85e+00 8.89e+03  2.81e+07     0s
   7   4.48418868e+08 -7.27608179e+10  4.62e-01 2.23e+03  1.12e+07     0s
   8   2.35742605e+08 -3.94467705e+10  1.35e-01 6.48e+02  5.85e+06     0s
   9   1.50734161e+08 -4.78143719e+09  1.45e-02 6.98e+01  6.95e+05     0s
  10   9.74061908e+07 -2.18125893e+09  3.75e-03 1.81e+01  3.15e+05     0s
  11   2.82540959e+07 -2.12734038e+08  1.42e-05 6.84e-02  3.30e+04     0s
  12   2.14751029e+06 -8.63953896e+06  3.33e-08 1.60e-04  1.48e+03     0s
  13   6.11290455e+05 -1.31612131e+06  9.79e-09 1.76e-05  2.64e+02     0s
  14   5.59070137e+05 -1.18291094e+06  9.12e-09 1.51e-05  2.38e+02     0s
  15   5.31889253e+05 -1.12806613e+06  8.59e-09 1.39e-05  2.27e+02     0s
  16   2.84315837e+05 -3.03528463e+05  1.19e-08 2.59e-06  8.04e+01     0s
  17   1.66516281e+05  1.09248472e+05  1.74e-08 6.94e-08  7.84e+00     0s
  18   1.49165719e+05  1.39830529e+05  1.82e-07 2.56e-08  1.28e+00     0s
  19   1.47236314e+05  1.44299187e+05  4.96e-07 1.69e-08  4.02e-01     0s
  20   1.46879380e+05  1.44478381e+05  3.49e-07 8.71e-09  3.28e-01     0s
  21   1.46237232e+05  1.45022950e+05  1.66e-07 9.31e-09  1.66e-01     0s
  22   1.45822668e+05  1.45544369e+05  1.09e-07 2.20e-08  3.81e-02     0s
  23   1.45757659e+05  1.45747286e+05  2.03e-09 2.23e-08  1.42e-03     0s
  24   1.45754859e+05  1.45754365e+05  5.15e-09 1.62e-08  6.76e-05     0s
  25   1.45754733e+05  1.45754732e+05  4.21e-09 1.56e-08  7.96e-08     0s
  26   1.45754733e+05  1.45754733e+05  1.38e-09 3.40e-08  8.00e-11     0s

Barrier solved model in 26 iterations and 0.10 seconds (0.06 work units)
Optimal objective 1.45754733e+05


User-callback calls 89, time in user-callback 0.00 sec

Gurobi 13.0.2 (win64) logging started Thu Jul 16 16:15:15 2026

Set parameter LogFile to value "C:\Users\ehsanno\DataspellProjects\Spanish_Power_System\results\GoRES\ipopt_logs\2024-07-08_h21.log"

Gurobi 13.0.2 (win64) logging started Thu Jul 16 16:15:15 2026

Set parameter LogFile to value "C:\Users\ehsanno\DataspellProjects\Spanish_Power_System\results\GoRES\ipopt_logs\2024-07-08_h21.log"
Gurobi Optimizer version 13.0.2 build v13.0.2rc1 (win64 - Windows 11+.0 (26200.2))

CPU model: 11th Gen Intel(R) Core(TM) i5-1145G7 @ 2.60GHz, instruction set [SSE2|AVX|AVX2|AVX512]
Thread count: 4 physical cores, 8 logical processors, using up to 8 threads

Non-default parameters:
LogToConsole  0

Optimize a model with 5146 rows, 7859 columns and 19134 nonzeros (Min)
Model fingerprint: 0x4d87de3c
Model has 2374 linear objective coefficients and an objective constant of 1.5946532638100751e+07
Model has 1482 quadratic objective terms
Coefficient statistics:
  Matrix range     [1e+00, 1e+04]
  Objective range  [9e-08, 1e+06]
  QObjective range [2e+04, 2e+04]
  Bounds range     [3e-06, 1e+04]
  RHS range        [3e-06, 1e+01]

Presolve removed 3639 rows and 4143 columns
Presolve time: 0.02s
Presolved: 1507 rows, 3716 columns, 9746 nonzeros
Presolved model has 1408 quadratic objective terms
Ordering time: 0.01s

Barrier statistics:
 AA' NZ     : 1.783e+04
 Factor NZ  : 4.757e+04 (roughly 2 MB of memory)
 Factor Ops : 1.936e+06 (less than 1 second per iteration)
 Threads    : 1

                  Objective                Residual
Iter       Primal          Dual         Primal    Dual     Compl     Time
   0   4.92579139e+12 -5.65881565e+12  7.76e+03 3.90e+07  3.95e+10     0s
   1   1.02869138e+12 -4.34631493e+12  1.63e+03 8.18e+06  8.77e+09     0s
   2   7.75194625e+10 -2.75886994e+12  1.22e+02 6.15e+05  1.05e+09     0s
   3   1.17161562e+10 -1.04294393e+12  1.86e+01 9.35e+04  2.28e+08     0s
   4   6.54345562e+09 -6.83706572e+11  1.05e+01 5.25e+04  1.35e+08     0s
   5   1.74327267e+09 -3.22154949e+11  2.82e+00 1.42e+04  5.42e+07     0s
   6   4.95651170e+08 -1.44372659e+11  6.78e-01 3.41e+03  2.23e+07     0s
   7   2.70738667e+08 -6.06862194e+10  2.11e-01 1.06e+03  8.98e+06     0s
   8   1.85813918e+08 -2.61478404e+10  3.52e-02 1.77e+02  3.71e+06     0s
   9   1.47816577e+08 -4.04204435e+09  3.85e-03 1.93e+01  5.77e+05     0s
  10   8.50667490e+07 -1.61974567e+09  4.99e-04 2.51e+00  2.33e+05     0s
  11   2.52470812e+07 -1.38049676e+08  2.36e-05 1.19e-01  2.23e+04     0s
  12   4.11801671e+06 -2.21042465e+07  2.33e-06 1.17e-02  3.58e+03     0s
  13   9.77674011e+05 -3.68872061e+06  9.12e-10 1.58e-08  6.37e+02     0s
  14   5.86399760e+05 -1.49946722e+06  1.05e-09 2.18e-08  2.85e+02     0s
  15   4.02249634e+05 -6.40363044e+05  7.39e-10 9.26e-09  1.42e+02     0s
  16   2.51309073e+05  4.01580923e+04  1.17e-09 1.79e-08  2.88e+01     0s
  17   2.04722846e+05  1.88220075e+05  7.45e-09 1.35e-08  2.25e+00     0s
  18   1.99158863e+05  1.96190069e+05  1.14e-07 1.39e-08  4.05e-01     0s
  19   1.97893550e+05  1.97453749e+05  1.67e-07 1.49e-08  6.00e-02     0s
  20   1.97655999e+05  1.97636615e+05  2.70e-07 3.55e-08  2.64e-03     0s
  21   1.97647503e+05  1.97646722e+05  2.11e-07 1.09e-08  1.05e-04     0s
  22   1.97647270e+05  1.97647269e+05  9.18e-08 1.20e-08  1.32e-07     0s
  23   1.97647270e+05  1.97647269e+05  2.55e-07 1.33e-08  1.14e-07     0s
  24   1.97647276e+05  1.97647270e+05  2.28e-07 2.29e-08  7.39e-09     0s
  25   1.97647276e+05  1.97647270e+05  2.82e-07 1.00e-08  7.40e-12     0s
  26   1.97647277e+05  1.97647270e+05  2.98e-07 1.56e-08  1.93e-12     0s
  27   1.97647277e+05  1.97647270e+05  1.43e-07 2.24e-08  1.93e-15     0s

Barrier solved model in 27 iterations and 0.09 seconds (0.06 work units)
Optimal objective 1.97647277e+05


User-callback calls 85, time in user-callback 0.00 sec

Gurobi 13.0.2 (win64) logging started Thu Jul 16 16:23:43 2026

Set parameter LogFile to value "C:\Users\ehsanno\DataspellProjects\Spanish_Power_System\results\GoRES\ipopt_logs\2024-07-08_h21.log"

Gurobi 13.0.2 (win64) logging started Thu Jul 16 16:23:43 2026

Set parameter LogFile to value "C:\Users\ehsanno\DataspellProjects\Spanish_Power_System\results\GoRES\ipopt_logs\2024-07-08_h21.log"
Gurobi Optimizer version 13.0.2 build v13.0.2rc1 (win64 - Windows 11+.0 (26200.2))

CPU model: 11th Gen Intel(R) Core(TM) i5-1145G7 @ 2.60GHz, instruction set [SSE2|AVX|AVX2|AVX512]
Thread count: 4 physical cores, 8 logical processors, using up to 8 threads

Non-default parameters:
LogToConsole  0

Optimize a model with 5146 rows, 7859 columns and 19134 nonzeros (Min)
Model fingerprint: 0xb22d0f16
Model has 2332 linear objective coefficients and an objective constant of 15946530.50592
Model has 1482 quadratic objective terms
Coefficient statistics:
  Matrix range     [1e+00, 1e+04]
  Objective range  [4e-01, 1e+06]
  QObjective range [2e+04, 2e+04]
  Bounds range     [3e-06, 1e+04]
  RHS range        [3e-06, 1e+01]

Presolve removed 3636 rows and 4138 columns
Presolve time: 0.02s
Presolved: 1510 rows, 3721 columns, 9754 nonzeros
Presolved model has 1408 quadratic objective terms
Ordering time: 0.00s

Barrier statistics:
 AA' NZ     : 1.783e+04
 Factor NZ  : 4.740e+04 (roughly 2 MB of memory)
 Factor Ops : 1.935e+06 (less than 1 second per iteration)
 Threads    : 1

                  Objective                Residual
Iter       Primal          Dual         Primal    Dual     Compl     Time
   0   4.63353198e+12 -1.58419916e+12  8.50e+03 4.00e+04  3.98e+07     0s
   1   1.04775521e+12 -7.19936133e+11  2.18e+03 1.02e+04  1.05e+07     0s
   2   1.15452100e+11 -7.45186814e+11  2.49e+02 1.17e+03  1.48e+06     0s
   3   9.54037042e+09 -5.03329529e+11  2.08e+01 9.76e+01  1.70e+05     0s
   4   2.42625594e+09 -3.27786842e+11  5.25e+00 2.47e+01  7.25e+04     0s
   5   9.10779605e+08 -1.65330531e+11  1.90e+00 8.92e+00  3.04e+04     0s
   6   3.99105223e+08 -9.76501284e+10  5.16e-01 2.42e+00  1.56e+04     0s
   7   2.36220525e+08 -3.49965096e+10  1.12e-01 5.26e-01  5.11e+03     0s
   8   1.86953532e+08 -8.76547202e+09  1.22e-02 5.73e-02  1.22e+03     0s
   9   1.39644378e+08 -3.27990148e+09  3.97e-03 1.86e-02  4.62e+02     0s
  10   7.22170540e+07 -1.96682772e+09  9.25e-05 4.35e-04  2.72e+02     0s
  11   3.63900399e+07 -3.96028505e+08  1.88e-05 8.83e-05  5.76e+01     0s
  12   1.47908777e+07 -1.90809523e+08  4.08e-10 1.73e-10  2.74e+01     0s
  13   2.43825399e+06 -9.88209678e+06  7.15e-10 3.41e-10  1.64e+00     0s
  14   9.40031060e+05 -2.33194266e+06  1.90e-09 5.96e-11  4.36e-01     0s
  15   7.59806832e+05 -1.44498210e+06  1.10e-09 4.00e-11  2.93e-01     0s
  16   6.46905660e+05 -1.01134365e+06  1.17e-09 2.83e-11  2.21e-01     0s
  17   6.15530413e+05 -9.10886872e+05  1.10e-09 2.96e-11  2.03e-01     0s
  18   4.70151601e+05 -2.58486360e+05  2.23e-09 2.06e-11  9.70e-02     0s
  19   4.14894632e+05 -1.63369370e+04  7.78e-10 6.70e-12  5.74e-02     0s
  20   3.48172239e+05  2.16617738e+05  5.74e-09 1.16e-11  1.75e-02     0s
  21   3.29482217e+05  2.79549814e+05  9.54e-09 1.77e-11  6.65e-03     0s
  22   3.22053108e+05  3.08101279e+05  2.58e-09 1.23e-11  1.86e-03     0s
  23   3.19759786e+05  3.16146196e+05  4.67e-09 7.79e-12  4.81e-04     0s
  24   3.19433730e+05  3.17062378e+05  4.13e-09 1.12e-11  3.16e-04     0s
  25   3.18912725e+05  3.18730552e+05  1.94e-08 1.46e-11  2.43e-05     0s
  26   3.18866549e+05  3.18859056e+05  2.28e-08 1.99e-11  9.98e-07     0s
  27   3.18864538e+05  3.18864146e+05  4.34e-08 1.62e-11  5.22e-08     0s
  28   3.18864433e+05  3.18864432e+05  3.25e-09 1.12e-11  1.18e-10     0s

Barrier solved model in 28 iterations and 0.07 seconds (0.06 work units)
Optimal objective 3.18864433e+05


User-callback calls 81, time in user-callback 0.00 sec

Gurobi 13.0.2 (win64) logging started Mon Jul 20 15:54:19 2026

Set parameter LogFile to value "C:\Users\ehsanno\DataspellProjects\Spanish_Power_System\results\GoRES\ipopt_logs\2024-07-08_h21.log"

Gurobi 13.0.2 (win64) logging started Mon Jul 20 15:54:19 2026

Set parameter LogFile to value "C:\Users\ehsanno\DataspellProjects\Spanish_Power_System\results\GoRES\ipopt_logs\2024-07-08_h21.log"
Gurobi Optimizer version 13.0.2 build v13.0.2rc1 (win64 - Windows 11+.0 (26200.2))

CPU model: 11th Gen Intel(R) Core(TM) i5-1145G7 @ 2.60GHz, instruction set [SSE2|AVX|AVX2|AVX512]
Thread count: 4 physical cores, 8 logical processors, using up to 8 threads

Non-default parameters:
LogToConsole  0

Optimize a model with 5146 rows, 8031 columns and 19306 nonzeros (Min)
Model fingerprint: 0xe2b79575
Model has 2300 linear objective coefficients and an objective constant of 2.2854186214353811e+07
Model has 1660 quadratic objective terms
Coefficient statistics:
  Matrix range     [1e+00, 1e+04]
  Objective range  [7e-07, 1e+06]
  QObjective range [2e+04, 2e+04]
  Bounds range     [2e-06, 1e+04]
  RHS range        [3e-06, 1e+01]

Presolve removed 3643 rows and 4141 columns
Presolve time: 0.03s
Presolved: 1503 rows, 3890 columns, 9872 nonzeros
Presolved model has 1586 quadratic objective terms
Ordering time: 0.01s

Barrier statistics:
 AA' NZ     : 1.777e+04
 Factor NZ  : 4.758e+04 (roughly 3 MB of memory)
 Factor Ops : 1.945e+06 (less than 1 second per iteration)
 Threads    : 1

                  Objective                Residual
Iter       Primal          Dual         Primal    Dual     Compl     Time
   0   4.09731437e+12 -5.78132119e+12  8.45e+03 4.09e+07  4.15e+10     0s
   1   1.31674239e+12 -4.55331463e+12  2.72e+03 1.32e+07  1.39e+10     0s
   2   2.09474461e+11 -3.02803347e+12  4.33e+02 2.10e+06  2.58e+09     0s
   3   1.47833284e+10 -1.26737292e+12  3.07e+01 1.49e+05  3.05e+08     0s
   4   2.42462647e+09 -5.31971360e+11  5.08e+00 2.46e+04  9.09e+07     0s
   5   7.75751903e+08 -2.11698530e+11  1.46e+00 7.09e+03  3.30e+07     0s
   6   3.46299184e+08 -8.50433439e+10  3.82e-01 1.85e+03  1.25e+07     0s
   7   2.45919531e+08 -3.74141800e+10  1.40e-01 6.78e+02  5.32e+06     0s
   8   1.79524433e+08 -6.85111082e+09  1.89e-02 9.15e+01  9.51e+05     0s
   9   1.13968043e+08 -2.28101276e+09  3.44e-03 1.66e+01  3.16e+05     0s
  10   4.96380058e+07 -5.74499883e+08  5.57e-04 2.70e+00  8.16e+04     0s
  11   1.57461659e+07 -1.46663344e+08  1.20e-04 5.81e-01  2.12e+04     0s
  12   3.40660291e+06 -1.68984784e+07  9.99e-06 4.83e-02  2.65e+03     0s
  13   1.21969481e+06 -5.46300003e+05  3.18e-07 1.54e-03  2.30e+02     0s
  14   1.06522595e+06 -1.00525494e+05  1.84e-07 8.89e-04  1.52e+02     0s
  15   9.62978652e+05  2.65836186e+05  1.06e-07 5.14e-04  9.08e+01     0s
  16   8.74973141e+05  5.23077180e+05  3.99e-08 1.93e-04  4.58e+01     0s
  17   8.37328704e+05  6.38742829e+05  2.00e-08 9.66e-05  2.59e+01     0s
  18   8.01458899e+05  7.62095032e+05  2.08e-08 1.32e-06  5.13e+00     0s
  19   7.98886930e+05  7.66771480e+05  2.91e-08 7.12e-07  4.18e+00     0s
  20   7.96711309e+05  7.73219250e+05  2.25e-08 3.91e-07  3.06e+00     0s
  21   7.93474353e+05  7.85459832e+05  1.37e-08 9.23e-08  1.04e+00     0s
  22   7.91917224e+05  7.91293310e+05  1.55e-07 1.26e-08  8.13e-02     0s
  23   7.91831110e+05  7.91477675e+05  8.63e-08 1.73e-08  4.60e-02     0s
  24   7.91783909e+05  7.91546436e+05  1.17e-07 1.23e-08  3.09e-02     0s
  25   7.91733073e+05  7.91720647e+05  1.44e-07 1.55e-08  1.61e-03     0s
  26   7.91729151e+05  7.91728126e+05  7.16e-07 8.08e-09  1.16e-04     0s
  27   7.91728397e+05  7.91728698e+05  1.71e-06 1.21e-08  1.22e-05     0s
  28   7.91728356e+05  7.91728762e+05  8.94e-07 1.93e-08  8.12e-07     0s
  29   7.91728389e+05  7.91728762e+05  1.43e-06 8.92e-09  7.24e-07     0s
  30   7.91728709e+05  7.91728766e+05  1.95e-07 2.11e-08  2.15e-09     0s

Barrier solved model in 30 iterations and 0.13 seconds (0.06 work units)
Optimal objective 7.91728709e+05


User-callback calls 97, time in user-callback 0.00 sec

Gurobi 13.0.2 (win64) logging started Mon Jul 20 15:56:49 2026

Set parameter LogFile to value "C:\Users\ehsanno\DataspellProjects\Spanish_Power_System\results\GoRES\ipopt_logs\2024-07-08_h21.log"

Gurobi 13.0.2 (win64) logging started Mon Jul 20 15:56:49 2026

Set parameter LogFile to value "C:\Users\ehsanno\DataspellProjects\Spanish_Power_System\results\GoRES\ipopt_logs\2024-07-08_h21.log"
Gurobi Optimizer version 13.0.2 build v13.0.2rc1 (win64 - Windows 11+.0 (26200.2))

CPU model: 11th Gen Intel(R) Core(TM) i5-1145G7 @ 2.60GHz, instruction set [SSE2|AVX|AVX2|AVX512]
Thread count: 4 physical cores, 8 logical processors, using up to 8 threads

Non-default parameters:
LogToConsole  0

Optimize a model with 5146 rows, 8031 columns and 19306 nonzeros (Min)
Model fingerprint: 0x34201194
Model has 2257 linear objective coefficients and an objective constant of 28567740.4027
Model has 1660 quadratic objective terms
Coefficient statistics:
  Matrix range     [1e+00, 1e+04]
  Objective range  [4e-01, 1e+06]
  QObjective range [2e+04, 2e+04]
  Bounds range     [2e-06, 1e+04]
  RHS range        [3e-06, 1e+01]

Presolve removed 3643 rows and 4141 columns
Presolve time: 0.02s
Presolved: 1503 rows, 3890 columns, 9872 nonzeros
Presolved model has 1586 quadratic objective terms
Ordering time: 0.01s

Barrier statistics:
 AA' NZ     : 1.777e+04
 Factor NZ  : 4.758e+04 (roughly 3 MB of memory)
 Factor Ops : 1.945e+06 (less than 1 second per iteration)
 Threads    : 1

                  Objective                Residual
Iter       Primal          Dual         Primal    Dual     Compl     Time
   0   4.34431622e+12 -1.30477083e+12  8.69e+03 4.00e+04  3.98e+07     0s
   1   1.33916630e+12 -8.86747676e+11  2.79e+03 1.28e+04  1.32e+07     0s
   2   2.06672501e+11 -8.40982216e+11  4.38e+02 2.01e+03  2.30e+06     0s
   3   1.56451598e+10 -6.51273199e+11  3.34e+01 1.54e+02  2.42e+05     0s
   4   2.36311455e+09 -3.59048235e+11  5.08e+00 2.34e+01  6.98e+04     0s
   5   7.46103228e+08 -1.51240523e+11  1.44e+00 6.60e+00  2.52e+04     0s
   6   3.42055919e+08 -6.33374832e+10  3.84e-01 1.77e+00  9.53e+03     0s
   7   2.41513066e+08 -2.72544761e+10  1.35e-01 6.19e-01  3.92e+03     0s
   8   1.76703530e+08 -5.22905544e+09  2.08e-02 9.58e-02  7.34e+02     0s
   9   1.05718507e+08 -1.79659679e+09  3.38e-03 1.56e-02  2.50e+02     0s
  10   4.52230651e+07 -4.60571967e+08  6.01e-04 2.76e-03  6.53e+01     0s
  11   1.36088137e+07 -1.09637147e+08  1.19e-04 5.46e-04  1.57e+01     0s
  12   2.74054418e+06 -9.59796501e+06  2.67e-06 1.23e-05  1.57e+00     0s
  13   1.51579233e+06 -2.29205263e+06  5.68e-07 2.61e-06  4.84e-01     0s
  14   1.17119283e+06 -4.27896760e+05  1.96e-07 9.03e-07  2.03e-01     0s
  15   1.07352923e+06  8.21102417e+04  9.94e-08 4.57e-07  1.26e-01     0s
  16   9.58668360e+05  6.96092083e+05  1.86e-08 8.55e-08  3.34e-02     0s
  17   9.30378763e+05  8.22017260e+05  2.16e-08 3.25e-08  1.38e-02     0s
  18   9.16318687e+05  8.75983418e+05  4.98e-08 8.65e-09  5.13e-03     0s
  19   9.12927905e+05  8.86650780e+05  2.14e-08 3.88e-09  3.34e-03     0s
  20   9.10374200e+05  8.95731899e+05  5.52e-08 1.23e-09  1.86e-03     0s
  21   9.08688641e+05  9.02243339e+05  5.76e-08 3.03e-10  8.20e-04     0s
  22   9.07867743e+05  9.05497187e+05  2.21e-08 9.20e-11  3.02e-04     0s
  23   9.07459117e+05  9.07076628e+05  3.60e-07 1.69e-11  4.87e-05     0s
  24   9.07374164e+05  9.07363042e+05  1.62e-07 1.40e-11  1.41e-06     0s
  25   9.07368494e+05  9.07369282e+05  5.83e-06 1.37e-11  1.50e-07     0s
  26   9.07371014e+05  9.07370087e+05  4.24e-06 6.15e-12  9.32e-09     0s
  27   9.07370930e+05  9.07370135e+05  2.21e-06 1.80e-11  8.24e-10     0s
  28   9.07370157e+05  9.07370140e+05  1.35e-07 1.63e-11  1.52e-11     0s

Barrier solved model in 28 iterations and 0.11 seconds (0.06 work units)
Optimal objective 9.07370157e+05


User-callback calls 91, time in user-callback 0.00 sec

Gurobi 13.0.2 (win64) logging started Mon Jul 20 15:58:34 2026

Set parameter LogFile to value "C:\Users\ehsanno\DataspellProjects\Spanish_Power_System\results\GoRES\ipopt_logs\2024-07-08_h21.log"

Gurobi 13.0.2 (win64) logging started Mon Jul 20 15:58:34 2026

Set parameter LogFile to value "C:\Users\ehsanno\DataspellProjects\Spanish_Power_System\results\GoRES\ipopt_logs\2024-07-08_h21.log"
Gurobi Optimizer version 13.0.2 build v13.0.2rc1 (win64 - Windows 11+.0 (26200.2))

CPU model: 11th Gen Intel(R) Core(TM) i5-1145G7 @ 2.60GHz, instruction set [SSE2|AVX|AVX2|AVX512]
Thread count: 4 physical cores, 8 logical processors, using up to 8 threads

Non-default parameters:
LogToConsole  0

Optimize a model with 5146 rows, 8031 columns and 19306 nonzeros (Min)
Model fingerprint: 0xd91f60f9
Model has 2257 linear objective coefficients and an objective constant of 34281288.48324
Model has 1660 quadratic objective terms
Coefficient statistics:
  Matrix range     [1e+00, 1e+04]
  Objective range  [4e-01, 1e+06]
  QObjective range [2e+04, 2e+04]
  Bounds range     [2e-06, 1e+04]
  RHS range        [3e-06, 1e+01]

Presolve removed 3643 rows and 4141 columns
Presolve time: 0.02s
Presolved: 1503 rows, 3890 columns, 9872 nonzeros
Presolved model has 1586 quadratic objective terms
Ordering time: 0.00s

Barrier statistics:
 AA' NZ     : 1.777e+04
 Factor NZ  : 4.758e+04 (roughly 3 MB of memory)
 Factor Ops : 1.945e+06 (less than 1 second per iteration)
 Threads    : 1

                  Objective                Residual
Iter       Primal          Dual         Primal    Dual     Compl     Time
   0   4.39386317e+12 -1.35421919e+12  8.69e+03 4.00e+04  3.98e+07     0s
   1   1.34424630e+12 -8.91704299e+11  2.79e+03 1.28e+04  1.32e+07     0s
   2   2.06789642e+11 -8.40951830e+11  4.38e+02 2.01e+03  2.30e+06     0s
   3   1.56489448e+10 -6.51166348e+11  3.34e+01 1.54e+02  2.42e+05     0s
   4   2.36543761e+09 -3.59020494e+11  5.08e+00 2.34e+01  6.98e+04     0s
   5   7.49409454e+08 -1.51350302e+11  1.44e+00 6.61e+00  2.52e+04     0s
   6   3.45269726e+08 -6.33712479e+10  3.84e-01 1.77e+00  9.54e+03     0s
   7   2.44713074e+08 -2.73014316e+10  1.35e-01 6.20e-01  3.93e+03     0s
   8   1.82310319e+08 -5.31376851e+09  2.16e-02 9.93e-02  7.48e+02     0s
   9   1.11576372e+08 -1.89727784e+09  4.00e-03 1.84e-02  2.65e+02     0s
  10   4.77503022e+07 -4.55950867e+08  6.36e-04 2.92e-03  6.51e+01     0s
  11   1.43339626e+07 -1.10336836e+08  1.24e-04 5.71e-04  1.59e+01     0s
  12   2.93922124e+06 -1.00525416e+07  2.76e-06 1.27e-05  1.65e+00     0s
  13   1.64464706e+06 -2.24219651e+06  5.76e-07 2.65e-06  4.95e-01     0s
  14   1.27117894e+06 -2.13996566e+05  1.78e-07 8.20e-07  1.89e-01     0s
  15   1.17579792e+06  2.75928661e+05  8.98e-08 4.13e-07  1.14e-01     0s
  16   1.07403119e+06  8.03610915e+05  2.23e-08 8.79e-08  3.44e-02     0s
  17   1.04562034e+06  9.28771779e+05  5.08e-08 3.25e-08  1.49e-02     0s
  18   1.03607801e+06  9.65818374e+05  4.05e-08 1.54e-08  8.94e-03     0s
  19   1.02775790e+06  1.00079216e+06  6.15e-08 2.77e-09  3.43e-03     0s
  20   1.02525449e+06  1.01095120e+06  5.18e-08 9.46e-10  1.82e-03     0s
  21   1.02381128e+06  1.01705211e+06  2.38e-08 4.26e-10  8.60e-04     0s
  22   1.02269346e+06  1.02157251e+06  4.87e-08 1.24e-11  1.43e-04     0s
  23   1.02248664e+06  1.02233462e+06  2.08e-07 1.28e-11  1.93e-05     0s
  24   1.02245368e+06  1.02243315e+06  7.23e-07 1.03e-11  2.58e-06     0s
  25   1.02244937e+06  1.02244615e+06  1.30e-06 1.78e-11  3.47e-07     0s
  26   1.02244830e+06  1.02244806e+06  1.94e-06 6.06e-12  1.45e-08     0s
  27   1.02244826e+06  1.02244814e+06  3.83e-07 1.95e-11  9.65e-10     0s

Barrier solved model in 27 iterations and 0.10 seconds (0.06 work units)
Optimal objective 1.02244826e+06


User-callback calls 87, time in user-callback 0.00 sec
