This is Ipopt version 3.14.19, running with linear solver ma57.

Number of nonzeros in equality constraint Jacobian...:    13682
Number of nonzeros in inequality constraint Jacobian.:     3120
Number of nonzeros in Lagrangian Hessian.............:      899

Total number of variables............................:     5539
                     variables with only lower bounds:        0
                variables with lower and upper bounds:     4303
                     variables with only upper bounds:        0
Total number of equality constraints.................:     3582
Total number of inequality constraints...............:     1560
        inequality constraints with only lower bounds:        0
   inequality constraints with lower and upper bounds:     1560
        inequality constraints with only upper bounds:        0

iter    objective    inf_pr   inf_du lg(mu)  ||d||  lg(rg) alpha_du alpha_pr  ls
   0  3.6709081e+07 2.21e+01 8.51e+01  -1.0 0.00e+00    -  0.00e+00 0.00e+00   0
   1  3.6709876e+07 2.21e+01 8.49e+01  -1.0 3.18e+01    -  7.58e-03 2.89e-05f  1
   2  3.4052016e+07 2.17e+01 8.47e+01  -1.0 4.39e+01    -  4.05e-04 1.52e-02f  1
   3  3.2674143e+07 2.14e+01 8.41e+01  -1.0 3.52e+01  -4.0 7.61e-03 1.60e-02f  1
   4  3.1367660e+07 2.07e+01 8.32e+01  -1.0 1.24e+02    -  1.40e-02 3.11e-02f  1
   5  2.8305512e+07 1.95e+01 8.01e+01  -1.0 4.17e+01    -  4.03e-02 5.87e-02f  1
   6  2.2390324e+07 1.68e+01 6.97e+01  -1.0 2.79e+01    -  1.31e-01 1.37e-01f  1
   7  1.0743101e+07 1.04e+01 3.53e+01  -1.0 2.44e+01  -4.5 5.04e-01 3.81e-01f  1
   8  1.7308906e+06 1.31e-12 1.68e+01  -1.0 1.60e+01  -5.0 5.90e-01 1.00e+00f  1
   9  1.2933115e+06 1.68e-12 3.36e+00  -1.0 4.54e+00    -  8.11e-01 1.00e+00f  1
iter    objective    inf_pr   inf_du lg(mu)  ||d||  lg(rg) alpha_du alpha_pr  ls
  10  1.3062674e+06 2.43e-12 3.54e-02  -1.0 1.27e+00    -  9.90e-01 1.00e+00f  1
  11  1.2943725e+06 2.75e-12 4.55e-13  -1.0 3.44e-01    -  1.00e+00 1.00e+00f  1
  12  2.0044054e+05 2.44e-12 4.42e-02  -2.5 8.59e-01    -  8.51e-01 1.00e+00f  1
  13  1.2916054e+05 1.84e-12 1.64e-02  -2.5 6.28e-01  -5.4 9.06e-01 1.00e+00f  1
  14  8.0881737e+04 2.83e-12 2.72e-02  -3.8 4.39e-01    -  7.36e-01 1.00e+00f  1
  15  7.5808542e+04 2.75e-12 9.31e-03  -3.8 2.04e-01    -  8.61e-01 1.00e+00f  1
  16  7.4452881e+04 1.25e-11 1.23e-07  -3.8 9.94e-02  -5.9 1.00e+00 1.00e+00f  1
  17  7.2139626e+04 4.48e-12 3.73e-03  -5.7 8.12e-02  -6.4 7.83e-01 1.00e+00f  1
  18  7.1999716e+04 2.94e-12 1.37e-03  -5.7 3.51e-02    -  8.80e-01 1.00e+00f  1
  19  7.1959514e+04 2.87e-12 1.85e-14  -5.7 1.95e-02    -  1.00e+00 1.00e+00f  1
iter    objective    inf_pr   inf_du lg(mu)  ||d||  lg(rg) alpha_du alpha_pr  ls
  20  7.1922322e+04 2.60e-12 1.70e-04  -8.6 1.29e-02  -6.9 9.39e-01 1.00e+00f  1
  21  7.1918381e+04 1.98e-12 1.98e-14  -8.6 5.95e-03    -  1.00e+00 1.00e+00f  1
  22  7.1917244e+04 2.38e-12 1.18e-10  -8.6 2.59e-03  -7.3 1.00e+00 1.00e+00f  1
  23  7.1916992e+04 1.44e-12 1.12e-11  -8.6 7.32e-04  -7.8 1.00e+00 1.00e+00f  1
  24  7.1916955e+04 2.40e-12 1.96e-14  -8.6 2.09e-04    -  1.00e+00 1.00e+00h  1
  25  7.1916924e+04 2.85e-12 2.00e-14  -9.0 1.05e-04    -  1.00e+00 1.00e+00h  1

Number of Iterations....: 25

                                   (scaled)                 (unscaled)
Objective...............:   7.1916924148268393e+00    7.1916924148268386e+04
Dual infeasibility......:   1.9997596513991644e-14    1.9997596513991644e-10
Constraint violation....:   1.0433347016823071e-13    2.8509694605105547e-12
Variable bound violation:   9.9909090861377193e-09    9.9909090861377193e-09
Complementarity.........:   3.1105579695052086e-09    3.1105579695052087e-05
Overall NLP error.......:   3.1105579695052086e-09    3.1105579695052087e-05


Number of objective function evaluations             = 26
Number of objective gradient evaluations             = 26
Number of equality constraint evaluations            = 26
Number of inequality constraint evaluations          = 26
Number of equality constraint Jacobian evaluations   = 1
Number of inequality constraint Jacobian evaluations = 1
Number of Lagrangian Hessian evaluations             = 1
Total seconds in IPOPT                               = 0.142

EXIT: Optimal Solution Found.

Gurobi 13.0.2 (win64) logging started Wed Jul 15 11:53:22 2026

Set parameter LogFile to value "C:\Users\ehsanno\DataspellProjects\Spanish_Power_System\results\GoRES\ipopt_logs\2024-07-08_h10.log"

Gurobi 13.0.2 (win64) logging started Wed Jul 15 11:53:22 2026

Set parameter LogFile to value "C:\Users\ehsanno\DataspellProjects\Spanish_Power_System\results\GoRES\ipopt_logs\2024-07-08_h10.log"
Gurobi Optimizer version 13.0.2 build v13.0.2rc1 (win64 - Windows 11+.0 (26200.2))

CPU model: 11th Gen Intel(R) Core(TM) i5-1145G7 @ 2.60GHz, instruction set [SSE2|AVX|AVX2|AVX512]
Thread count: 4 physical cores, 8 logical processors, using up to 8 threads

Non-default parameters:
LogToConsole  0

Optimize a model with 5142 rows, 7197 columns and 18460 nonzeros (Min)
Model fingerprint: 0x0c2c272f
Model has 2031 linear objective coefficients and an objective constant of 3.5686129870863982e+07
Model has 973 quadratic objective terms
Coefficient statistics:
  Matrix range     [1e+00, 1e+04]
  Objective range  [4e-01, 1e+06]
  QObjective range [2e+04, 2e+04]
  Bounds range     [3e-06, 1e+04]
  RHS range        [3e-06, 1e+01]

Presolve removed 3667 rows and 4173 columns
Presolve time: 0.01s
Presolved: 1475 rows, 3024 columns, 8993 nonzeros
Presolved model has 899 quadratic objective terms
Ordering time: 0.00s

Barrier statistics:
 AA' NZ     : 1.793e+04
 Factor NZ  : 4.657e+04 (roughly 2 MB of memory)
 Factor Ops : 1.855e+06 (less than 1 second per iteration)
 Threads    : 1

                  Objective                Residual
Iter       Primal          Dual         Primal    Dual     Compl     Time
   0   6.36355301e+12 -6.99941251e+11  7.25e+03 5.34e+03  5.33e+06     0s
   1   1.78718577e+12 -2.28704956e+11  2.15e+03 1.58e+03  1.61e+06     0s
   2   2.52330985e+11 -1.85395162e+11  3.10e+02 2.28e+02  2.92e+05     0s
   3   4.07025974e+10 -1.23137101e+11  5.08e+01 3.74e+01  5.93e+04     0s
   4   1.45577503e+10 -7.74433614e+10  1.88e+01 1.38e+01  2.54e+04     0s
   5   7.42417510e+09 -5.81969995e+10  9.99e+00 7.36e+00  1.64e+04     0s
   6   9.50242018e+08 -2.13310598e+10  1.69e+00 1.25e+00  4.53e+03     0s
   7   4.84493789e+08 -1.26263577e+10  8.62e-01 6.35e-01  2.55e+03     0s
   8   2.90579765e+08 -7.32582206e+09  4.57e-01 3.37e-01  1.42e+03     0s
   9   1.78843579e+08 -4.15118977e+09  7.36e-02 5.42e-02  7.44e+02     0s
  10   9.31581525e+07 -1.17497680e+09  1.31e-02 9.65e-03  2.12e+02     0s
  11   3.32396776e+07 -3.68863373e+08  1.85e-03 1.36e-03  6.63e+01     0s
  12   7.60496792e+06 -5.63585321e+07  1.91e-04 1.41e-04  1.05e+01     0s
  13   1.46619361e+06 -7.69715965e+06  1.98e-05 1.46e-05  1.50e+00     0s
  14   5.12397762e+05 -2.06011555e+06  2.88e-06 2.12e-06  4.22e-01     0s
  15   1.49023800e+05 -2.03726411e+05  3.22e-07 2.37e-07  5.79e-02     0s
  16   8.56854075e+04  3.10818745e+04  3.63e-08 2.67e-08  8.97e-03     0s
  17   7.42920631e+04  6.56045666e+04  2.87e-07 3.03e-09  1.43e-03     0s
  18   7.23355770e+04  7.09147261e+04  1.33e-06 3.39e-10  2.33e-04     0s
  19   7.19659559e+04  7.18748735e+04  2.67e-06 1.64e-11  1.50e-05     0s
  20   7.19327718e+04  7.19234630e+04  1.22e-05 1.28e-11  1.53e-06     0s
  21   7.19281929e+04  7.19270660e+04  9.37e-07 6.46e-12  1.85e-07     0s
  22   7.19275445e+04  7.19274393e+04  4.27e-08 9.84e-12  1.73e-08     0s
  23   7.19274891e+04  7.19274773e+04  2.21e-09 2.22e-11  1.93e-09     0s

Barrier solved model in 23 iterations and 0.07 seconds (0.05 work units)
Optimal objective 7.19274891e+04


User-callback calls 71, time in user-callback 0.00 sec

Gurobi 13.0.2 (win64) logging started Wed Jul 15 12:00:40 2026

Set parameter LogFile to value "C:\Users\ehsanno\DataspellProjects\Spanish_Power_System\results\GoRES\ipopt_logs\2024-07-08_h10.log"

Gurobi 13.0.2 (win64) logging started Wed Jul 15 12:00:40 2026

Set parameter LogFile to value "C:\Users\ehsanno\DataspellProjects\Spanish_Power_System\results\GoRES\ipopt_logs\2024-07-08_h10.log"
Gurobi Optimizer version 13.0.2 build v13.0.2rc1 (win64 - Windows 11+.0 (26200.2))

CPU model: 11th Gen Intel(R) Core(TM) i5-1145G7 @ 2.60GHz, instruction set [SSE2|AVX|AVX2|AVX512]
Thread count: 4 physical cores, 8 logical processors, using up to 8 threads

Non-default parameters:
LogToConsole  0

Optimize a model with 5142 rows, 7197 columns and 18460 nonzeros (Min)
Model fingerprint: 0x0c2c272f
Model has 2031 linear objective coefficients and an objective constant of 3.5686129870863982e+07
Model has 973 quadratic objective terms
Coefficient statistics:
  Matrix range     [1e+00, 1e+04]
  Objective range  [4e-01, 1e+06]
  QObjective range [2e+04, 2e+04]
  Bounds range     [3e-06, 1e+04]
  RHS range        [3e-06, 1e+01]

Presolve removed 3667 rows and 4173 columns
Presolve time: 0.01s
Presolved: 1475 rows, 3024 columns, 8993 nonzeros
Presolved model has 899 quadratic objective terms
Ordering time: 0.00s

Barrier statistics:
 AA' NZ     : 1.793e+04
 Factor NZ  : 4.657e+04 (roughly 2 MB of memory)
 Factor Ops : 1.855e+06 (less than 1 second per iteration)
 Threads    : 1

                  Objective                Residual
Iter       Primal          Dual         Primal    Dual     Compl     Time
   0   6.36355301e+12 -6.99941251e+11  7.25e+03 5.34e+03  5.33e+06     0s
   1   1.78718577e+12 -2.28704956e+11  2.15e+03 1.58e+03  1.61e+06     0s
   2   2.52330985e+11 -1.85395162e+11  3.10e+02 2.28e+02  2.92e+05     0s
   3   4.07025974e+10 -1.23137101e+11  5.08e+01 3.74e+01  5.93e+04     0s
   4   1.45577503e+10 -7.74433614e+10  1.88e+01 1.38e+01  2.54e+04     0s
   5   7.42417510e+09 -5.81969995e+10  9.99e+00 7.36e+00  1.64e+04     0s
   6   9.50242018e+08 -2.13310598e+10  1.69e+00 1.25e+00  4.53e+03     0s
   7   4.84493789e+08 -1.26263577e+10  8.62e-01 6.35e-01  2.55e+03     0s
   8   2.90579765e+08 -7.32582206e+09  4.57e-01 3.37e-01  1.42e+03     0s
   9   1.78843579e+08 -4.15118977e+09  7.36e-02 5.42e-02  7.44e+02     0s
  10   9.31581525e+07 -1.17497680e+09  1.31e-02 9.65e-03  2.12e+02     0s
  11   3.32396776e+07 -3.68863373e+08  1.85e-03 1.36e-03  6.63e+01     0s
  12   7.60496792e+06 -5.63585321e+07  1.91e-04 1.41e-04  1.05e+01     0s
  13   1.46619361e+06 -7.69715965e+06  1.98e-05 1.46e-05  1.50e+00     0s
  14   5.12397762e+05 -2.06011555e+06  2.88e-06 2.12e-06  4.22e-01     0s
  15   1.49023800e+05 -2.03726411e+05  3.22e-07 2.37e-07  5.79e-02     0s
  16   8.56854075e+04  3.10818745e+04  3.63e-08 2.67e-08  8.97e-03     0s
  17   7.42920631e+04  6.56045666e+04  2.87e-07 3.03e-09  1.43e-03     0s
  18   7.23355770e+04  7.09147261e+04  1.33e-06 3.39e-10  2.33e-04     0s
  19   7.19659559e+04  7.18748735e+04  2.67e-06 1.64e-11  1.50e-05     0s
  20   7.19327718e+04  7.19234630e+04  1.22e-05 1.28e-11  1.53e-06     0s
  21   7.19281929e+04  7.19270660e+04  9.37e-07 6.46e-12  1.85e-07     0s
  22   7.19275445e+04  7.19274393e+04  4.27e-08 9.84e-12  1.73e-08     0s
  23   7.19274891e+04  7.19274773e+04  2.21e-09 2.22e-11  1.93e-09     0s

Barrier solved model in 23 iterations and 0.06 seconds (0.05 work units)
Optimal objective 7.19274891e+04


User-callback calls 70, time in user-callback 0.00 sec

Gurobi 13.0.2 (win64) logging started Wed Jul 15 12:15:56 2026

Set parameter LogFile to value "C:\Users\ehsanno\DataspellProjects\Spanish_Power_System\results\GoRES\ipopt_logs\2024-07-08_h10.log"

Gurobi 13.0.2 (win64) logging started Wed Jul 15 12:15:56 2026

Set parameter LogFile to value "C:\Users\ehsanno\DataspellProjects\Spanish_Power_System\results\GoRES\ipopt_logs\2024-07-08_h10.log"
Gurobi Optimizer version 13.0.2 build v13.0.2rc1 (win64 - Windows 11+.0 (26200.2))

CPU model: 11th Gen Intel(R) Core(TM) i5-1145G7 @ 2.60GHz, instruction set [SSE2|AVX|AVX2|AVX512]
Thread count: 4 physical cores, 8 logical processors, using up to 8 threads

Non-default parameters:
LogToConsole  0

Optimize a model with 5142 rows, 7197 columns and 18460 nonzeros (Min)
Model fingerprint: 0xe0a20025
Model has 2031 linear objective coefficients and an objective constant of 3.4917918479945011e+07
Model has 973 quadratic objective terms
Coefficient statistics:
  Matrix range     [1e+00, 1e+04]
  Objective range  [4e-01, 1e+06]
  QObjective range [2e+04, 2e+04]
  Bounds range     [2e-11, 1e+04]
  RHS range        [3e-06, 1e+01]

Presolve removed 3667 rows and 4173 columns
Presolve time: 0.01s
Presolved: 1475 rows, 3024 columns, 8993 nonzeros
Presolved model has 899 quadratic objective terms
Ordering time: 0.00s

Barrier statistics:
 AA' NZ     : 1.793e+04
 Factor NZ  : 4.657e+04 (roughly 2 MB of memory)
 Factor Ops : 1.855e+06 (less than 1 second per iteration)
 Threads    : 1

                  Objective                Residual
Iter       Primal          Dual         Primal    Dual     Compl     Time
   0   6.36351467e+12 -6.99827191e+11  7.25e+03 5.34e+03  5.33e+06     0s
   1   1.78721980e+12 -2.28634462e+11  2.15e+03 1.58e+03  1.61e+06     0s
   2   2.52288574e+11 -1.85316319e+11  3.10e+02 2.28e+02  2.91e+05     0s
   3   4.07143417e+10 -1.23070442e+11  5.08e+01 3.74e+01  5.92e+04     0s
   4   1.46186999e+10 -7.74801172e+10  1.88e+01 1.39e+01  2.54e+04     0s
   5   7.44468615e+09 -5.81938213e+10  1.00e+01 7.36e+00  1.64e+04     0s
   6   9.34932149e+08 -2.12173150e+10  1.66e+00 1.22e+00  4.49e+03     0s
   7   4.61287399e+08 -1.22603252e+10  8.14e-01 5.99e-01  2.46e+03     0s
   8   2.75096120e+08 -6.96654684e+09  4.22e-01 3.11e-01  1.34e+03     0s
   9   1.11137389e+08 -2.22587293e+09  2.83e-02 2.08e-02  3.93e+02     0s
  10   4.30922900e+07 -4.31290018e+08  2.21e-03 1.63e-03  7.82e+01     0s
  11   1.06759784e+07 -8.22628923e+07  2.56e-04 1.88e-04  1.53e+01     0s
  12   2.07317544e+06 -1.13864287e+07  2.65e-05 1.95e-05  2.21e+00     0s
  13   4.30390639e+05 -1.39636202e+06  2.69e-06 1.98e-06  3.00e-01     0s
  14   1.40440304e+05 -1.44706935e+05  3.05e-07 2.24e-07  4.68e-02     0s
  15   8.46765153e+04  3.79526625e+04  1.28e-07 2.60e-08  7.67e-03     0s
  16   7.42052290e+04  6.62895445e+04  7.52e-08 3.09e-09  1.30e-03     0s
  17   7.23242192e+04  7.10003733e+04  8.89e-07 3.41e-10  2.17e-04     0s
  18   7.19683087e+04  7.18832891e+04  2.50e-06 1.43e-11  1.40e-05     0s
  19   7.19369196e+04  7.19280856e+04  6.77e-05 7.57e-12  1.46e-06     0s
  20   7.19325950e+04  7.19315167e+04  3.01e-06 1.33e-11  1.77e-07     0s
  21   7.19319893e+04  7.19318846e+04  8.70e-08 7.40e-12  1.72e-08     0s
  22   7.19319356e+04  7.19319235e+04  6.85e-09 8.86e-12  1.98e-09     0s

Barrier solved model in 22 iterations and 0.06 seconds (0.05 work units)
Optimal objective 7.19319356e+04


User-callback calls 74, time in user-callback 0.00 sec

Gurobi 13.0.2 (win64) logging started Wed Jul 15 12:32:09 2026

Set parameter LogFile to value "C:\Users\ehsanno\DataspellProjects\Spanish_Power_System\results\GoRES\ipopt_logs\2024-07-08_h10.log"

Gurobi 13.0.2 (win64) logging started Wed Jul 15 12:32:09 2026

Set parameter LogFile to value "C:\Users\ehsanno\DataspellProjects\Spanish_Power_System\results\GoRES\ipopt_logs\2024-07-08_h10.log"
Gurobi Optimizer version 13.0.2 build v13.0.2rc1 (win64 - Windows 11+.0 (26200.2))

CPU model: 11th Gen Intel(R) Core(TM) i5-1145G7 @ 2.60GHz, instruction set [SSE2|AVX|AVX2|AVX512]
Thread count: 4 physical cores, 8 logical processors, using up to 8 threads

Non-default parameters:
LogToConsole  0

Optimize a model with 5142 rows, 7197 columns and 18460 nonzeros (Min)
Model fingerprint: 0x927fdda6
Model has 2031 linear objective coefficients and an objective constant of 3.4917859883119971e+07
Model has 973 quadratic objective terms
Coefficient statistics:
  Matrix range     [1e+00, 1e+04]
  Objective range  [4e-01, 1e+06]
  QObjective range [2e+04, 2e+04]
  Bounds range     [3e-06, 1e+04]
  RHS range        [3e-06, 1e+01]

Presolve removed 3667 rows and 4173 columns
Presolve time: 0.01s
Presolved: 1475 rows, 3024 columns, 8993 nonzeros
Presolved model has 899 quadratic objective terms
Ordering time: 0.00s

Barrier statistics:
 AA' NZ     : 1.793e+04
 Factor NZ  : 4.657e+04 (roughly 2 MB of memory)
 Factor Ops : 1.855e+06 (less than 1 second per iteration)
 Threads    : 1

                  Objective                Residual
Iter       Primal          Dual         Primal    Dual     Compl     Time
   0   6.36351467e+12 -6.99827191e+11  7.25e+03 5.34e+03  5.33e+06     0s
   1   1.78721980e+12 -2.28634462e+11  2.15e+03 1.58e+03  1.61e+06     0s
   2   2.52288575e+11 -1.85316319e+11  3.10e+02 2.28e+02  2.91e+05     0s
   3   4.07143434e+10 -1.23070443e+11  5.08e+01 3.74e+01  5.92e+04     0s
   4   1.46187004e+10 -7.74801179e+10  1.88e+01 1.39e+01  2.54e+04     0s
   5   7.44468627e+09 -5.81938217e+10  1.00e+01 7.36e+00  1.64e+04     0s
   6   9.34932477e+08 -2.12173169e+10  1.66e+00 1.22e+00  4.49e+03     0s
   7   4.61287557e+08 -1.22603271e+10  8.14e-01 5.99e-01  2.46e+03     0s
   8   2.75096014e+08 -6.96654315e+09  4.22e-01 3.11e-01  1.34e+03     0s
   9   1.11137344e+08 -2.22587192e+09  2.83e-02 2.08e-02  3.93e+02     0s
  10   4.30922561e+07 -4.31289456e+08  2.21e-03 1.63e-03  7.82e+01     0s
  11   1.06759834e+07 -8.22629838e+07  2.56e-04 1.88e-04  1.53e+01     0s
  12   2.07319813e+06 -1.13866181e+07  2.65e-05 1.95e-05  2.21e+00     0s
  13   4.30385296e+05 -1.39631889e+06  2.69e-06 1.98e-06  3.00e-01     0s
  14   1.40440181e+05 -1.44705441e+05  3.05e-07 2.24e-07  4.68e-02     0s
  15   8.46774075e+04  3.79494979e+04  2.99e-07 2.60e-08  7.67e-03     0s
  16   7.42055707e+04  6.62878767e+04  1.21e-07 3.09e-09  1.30e-03     0s
  17   7.23241922e+04  7.10003191e+04  1.81e-06 3.41e-10  2.17e-04     0s
  18   7.19683100e+04  7.18833119e+04  2.54e-06 1.77e-11  1.40e-05     0s
  19   7.19369451e+04  7.19280813e+04  1.72e-05 1.15e-11  1.46e-06     0s
  20   7.19326109e+04  7.19315321e+04  1.79e-06 6.54e-12  1.77e-07     0s
  21   7.19320050e+04  7.19319004e+04  1.60e-07 1.45e-11  1.72e-08     0s
  22   7.19319516e+04  7.19319392e+04  2.15e-08 9.09e-12  2.05e-09     0s

Barrier solved model in 22 iterations and 0.06 seconds (0.05 work units)
Optimal objective 7.19319516e+04


User-callback calls 69, time in user-callback 0.00 sec

Gurobi 13.0.2 (win64) logging started Wed Jul 15 14:21:59 2026

Set parameter LogFile to value "C:\Users\ehsanno\DataspellProjects\Spanish_Power_System\results\GoRES\ipopt_logs\2024-07-08_h10.log"

Gurobi 13.0.2 (win64) logging started Wed Jul 15 14:21:59 2026

Set parameter LogFile to value "C:\Users\ehsanno\DataspellProjects\Spanish_Power_System\results\GoRES\ipopt_logs\2024-07-08_h10.log"
Gurobi Optimizer version 13.0.2 build v13.0.2rc1 (win64 - Windows 11+.0 (26200.2))

CPU model: 11th Gen Intel(R) Core(TM) i5-1145G7 @ 2.60GHz, instruction set [SSE2|AVX|AVX2|AVX512]
Thread count: 4 physical cores, 8 logical processors, using up to 8 threads

Non-default parameters:
LogToConsole  0

Optimize a model with 5142 rows, 7197 columns and 18460 nonzeros (Min)
Model fingerprint: 0x2057a1ab
Model has 2031 linear objective coefficients and an objective constant of 3.7766288049455963e+07
Model has 973 quadratic objective terms
Coefficient statistics:
  Matrix range     [1e+00, 1e+04]
  Objective range  [4e-01, 1e+06]
  QObjective range [2e+04, 2e+04]
  Bounds range     [3e-06, 1e+04]
  RHS range        [3e-06, 1e+01]

Presolve removed 3666 rows and 4171 columns
Presolve time: 0.01s
Presolved: 1476 rows, 3026 columns, 8992 nonzeros
Presolved model has 899 quadratic objective terms
Ordering time: 0.00s

Barrier statistics:
 AA' NZ     : 1.794e+04
 Factor NZ  : 4.642e+04 (roughly 2 MB of memory)
 Factor Ops : 1.835e+06 (less than 1 second per iteration)
 Threads    : 1

                  Objective                Residual
Iter       Primal          Dual         Primal    Dual     Compl     Time
   0   6.38752414e+12 -7.00253085e+11  7.25e+03 5.34e+03  5.33e+06     0s
   1   1.77951583e+12 -2.29043201e+11  2.13e+03 1.57e+03  1.61e+06     0s
   2   2.55317714e+11 -1.91290814e+11  3.12e+02 2.30e+02  3.01e+05     0s
   3   3.78420965e+10 -1.22629592e+11  4.71e+01 3.47e+01  5.70e+04     0s
   4   1.54548488e+10 -7.97452607e+10  1.98e+01 1.46e+01  2.68e+04     0s
   5   2.07235869e+09 -3.87333288e+10  3.20e+00 2.36e+00  8.60e+03     0s
   6   9.62353665e+08 -2.53114080e+10  1.63e+00 1.20e+00  5.29e+03     0s
   7   5.99559071e+08 -1.64651949e+10  8.89e-01 6.55e-01  3.30e+03     0s
   8   3.60875444e+08 -9.69062889e+09  4.82e-01 3.55e-01  1.87e+03     0s
   9   1.21254179e+08 -2.52843183e+09  2.95e-02 2.17e-02  4.46e+02     0s
  10   6.23252082e+07 -8.85885768e+08  7.71e-03 5.68e-03  1.57e+02     0s
  11   1.75631592e+07 -1.53281854e+08  7.90e-04 5.82e-04  2.81e+01     0s
  12   3.76674237e+06 -2.43733338e+07  8.85e-05 6.52e-05  4.62e+00     0s
  13   7.32615319e+05 -2.97046523e+06  8.95e-06 6.59e-06  6.08e-01     0s
  14   1.99396379e+05 -3.73991508e+05  1.03e-06 7.62e-07  9.41e-02     0s
  15   8.80819349e+04  3.40313121e+04  8.05e-08 3.09e-08  8.87e-03     0s
  16   7.36417191e+04  6.83854853e+04  2.13e-07 6.36e-10  8.63e-04     0s
  17   7.21280439e+04  7.15764264e+04  3.09e-06 1.82e-11  9.05e-05     0s
  18   7.19663272e+04  7.19185184e+04  5.20e-06 1.67e-11  7.84e-06     0s
  19   7.19465891e+04  7.19407720e+04  1.41e-04 1.57e-11  9.28e-07     0s
  20   7.19435580e+04  7.19429084e+04  8.15e-06 9.54e-12  1.07e-07     0s
  21   7.19431669e+04  7.19431109e+04  2.82e-07 1.12e-11  9.19e-09     0s

Barrier solved model in 21 iterations and 0.06 seconds (0.04 work units)
Optimal objective 7.19431669e+04


User-callback calls 74, time in user-callback 0.00 sec

Gurobi 13.0.2 (win64) logging started Wed Jul 15 14:28:03 2026

Set parameter LogFile to value "C:\Users\ehsanno\DataspellProjects\Spanish_Power_System\results\GoRES\ipopt_logs\2024-07-08_h10.log"

Gurobi 13.0.2 (win64) logging started Wed Jul 15 14:28:03 2026

Set parameter LogFile to value "C:\Users\ehsanno\DataspellProjects\Spanish_Power_System\results\GoRES\ipopt_logs\2024-07-08_h10.log"
Gurobi Optimizer version 13.0.2 build v13.0.2rc1 (win64 - Windows 11+.0 (26200.2))

CPU model: 11th Gen Intel(R) Core(TM) i5-1145G7 @ 2.60GHz, instruction set [SSE2|AVX|AVX2|AVX512]
Thread count: 4 physical cores, 8 logical processors, using up to 8 threads

Non-default parameters:
LogToConsole  0

Optimize a model with 5142 rows, 7197 columns and 18460 nonzeros (Min)
Model fingerprint: 0x5e890b34
Model has 2031 linear objective coefficients and an objective constant of 3.7766288049455963e+07
Model has 973 quadratic objective terms
Coefficient statistics:
  Matrix range     [1e+00, 1e+04]
  Objective range  [4e-01, 1e+06]
  QObjective range [2e+04, 2e+04]
  Bounds range     [3e-06, 1e+04]
  RHS range        [3e-06, 1e+01]

Presolve removed 3646 rows and 4134 columns
Presolve time: 0.02s
Presolved: 1496 rows, 3063 columns, 8973 nonzeros
Presolved model has 899 quadratic objective terms
Ordering time: 0.00s

Barrier statistics:
 AA' NZ     : 1.774e+04
 Factor NZ  : 4.607e+04 (roughly 2 MB of memory)
 Factor Ops : 1.772e+06 (less than 1 second per iteration)
 Threads    : 1

                  Objective                Residual
Iter       Primal          Dual         Primal    Dual     Compl     Time
   0   4.87708466e+12 -5.32820427e+11  6.25e+03 3.32e+03  3.31e+06     0s
   1   1.36832631e+12 -1.08183168e+11  1.88e+03 9.98e+02  1.01e+06     0s
   2   2.32947598e+11 -7.11417424e+10  3.28e+02 1.74e+02  2.27e+05     0s
   3   1.13143320e+10 -4.99434514e+10  1.64e+01 8.74e+00  1.79e+04     0s
   4   4.37869082e+09 -3.23242702e+10  6.63e+00 3.52e+00  8.79e+03     0s
   5   1.31563166e+09 -1.81315550e+10  2.09e+00 1.11e+00  4.02e+03     0s
   6   5.16869402e+08 -1.06104062e+10  7.07e-01 3.75e-01  2.10e+03     0s
   7   3.15198223e+08 -6.49798877e+09  3.43e-01 1.82e-01  1.23e+03     0s
   8   2.34380526e+08 -4.33318566e+09  1.96e-01 1.04e-01  8.03e+02     0s
   9   1.33887795e+08 -1.45594894e+09  5.57e-02 2.96e-02  2.68e+02     0s
  10   7.67431616e+07 -5.17472981e+08  1.48e-02 7.87e-03  9.79e+01     0s
  11   4.16053012e+07 -5.75540522e+07  9.90e-04 5.26e-04  1.61e+01     0s
  12   3.13259232e+07  1.24052106e+07  9.50e-05 5.05e-05  3.07e+00     0s
  13   2.86043044e+07  2.20935443e+07  5.86e-06 3.11e-06  1.06e+00     0s
  14   2.75800418e+07  2.66931859e+07  5.69e-07 3.02e-07  1.44e-01     0s
  15   2.74048195e+07  2.72419697e+07  9.55e-10 1.30e-11  2.64e-02     0s
  16   2.73698238e+07  2.73665052e+07  1.05e-09 1.07e-11  5.38e-04     0s
  17   2.73690291e+07  2.73689732e+07  3.22e-08 1.73e-11  9.06e-06     0s
  18   2.73690144e+07  2.73690140e+07  9.30e-07 2.92e-11  4.31e-08     0s
  19   2.73690158e+07  2.73690141e+07  1.66e-06 1.85e-11  2.67e-08     0s
  20   2.73690193e+07  2.73690141e+07  2.78e-06 1.04e-11  1.14e-08     0s
  21   2.73690123e+07  2.73690141e+07  1.64e-06 1.32e-11  1.14e-11     0s
  22   2.73690150e+07  2.73690141e+07  1.83e-06 7.42e-12  1.14e-14     0s
  23   2.73690113e+07  2.73690141e+07  2.14e-06 7.28e-12  1.14e-17     0s

Barrier performed 23 iterations in 0.07 seconds (0.05 work units)
Sub-optimal termination - objective 2.73690291e+07


User-callback calls 75, time in user-callback 0.00 sec

Gurobi 13.0.2 (win64) logging started Wed Jul 15 14:31:10 2026

Set parameter LogFile to value "C:\Users\ehsanno\DataspellProjects\Spanish_Power_System\results\GoRES\ipopt_logs\2024-07-08_h10.log"

Gurobi 13.0.2 (win64) logging started Wed Jul 15 14:31:10 2026

Set parameter LogFile to value "C:\Users\ehsanno\DataspellProjects\Spanish_Power_System\results\GoRES\ipopt_logs\2024-07-08_h10.log"
Gurobi Optimizer version 13.0.2 build v13.0.2rc1 (win64 - Windows 11+.0 (26200.2))

CPU model: 11th Gen Intel(R) Core(TM) i5-1145G7 @ 2.60GHz, instruction set [SSE2|AVX|AVX2|AVX512]
Thread count: 4 physical cores, 8 logical processors, using up to 8 threads

Non-default parameters:
LogToConsole  0

Optimize a model with 5142 rows, 7197 columns and 18460 nonzeros (Min)
Model fingerprint: 0x9ca979c9
Model has 2031 linear objective coefficients and an objective constant of 37766277.6564
Model has 973 quadratic objective terms
Coefficient statistics:
  Matrix range     [1e+00, 1e+04]
  Objective range  [4e-01, 1e+06]
  QObjective range [2e+04, 2e+04]
  Bounds range     [3e-06, 1e+04]
  RHS range        [3e-06, 1e+01]

Presolve removed 3656 rows and 4149 columns
Presolve time: 0.02s
Presolved: 1486 rows, 3048 columns, 8955 nonzeros
Presolved model has 899 quadratic objective terms
Ordering time: 0.00s

Barrier statistics:
 AA' NZ     : 1.773e+04
 Factor NZ  : 4.742e+04 (roughly 2 MB of memory)
 Factor Ops : 1.918e+06 (less than 1 second per iteration)
 Threads    : 1

                  Objective                Residual
Iter       Primal          Dual         Primal    Dual     Compl     Time
   0   5.11494927e+12 -5.62412614e+11  6.50e+03 3.60e+03  3.59e+06     0s
   1   1.43335504e+12 -1.28988130e+11  1.94e+03 1.08e+03  1.10e+06     0s
   2   2.33173814e+11 -9.34618734e+10  3.24e+02 1.80e+02  2.35e+05     0s
   3   1.78448620e+10 -6.37797105e+10  2.55e+01 1.41e+01  2.60e+04     0s
   4   5.00177595e+09 -3.95787240e+10  7.50e+00 4.16e+00  1.09e+04     0s
   5   1.62967358e+09 -2.21597409e+10  2.57e+00 1.43e+00  5.07e+03     0s
   6   7.53717059e+08 -1.54081777e+10  1.10e+00 6.12e-01  3.21e+03     0s
   7   3.74577786e+08 -8.52829145e+09  4.85e-01 2.69e-01  1.66e+03     0s
   8   3.04157598e+08 -6.79639904e+09  3.46e-01 1.92e-01  1.30e+03     0s
   9   1.84682796e+08 -3.39405044e+09  1.49e-01 8.25e-02  6.29e+02     0s
  10   7.93767176e+07 -9.98128877e+08  8.94e-03 4.95e-03  1.77e+02     0s
  11   3.79656487e+07 -2.65758815e+08  1.94e-03 1.07e-03  4.96e+01     0s
  12   1.35041601e+07 -3.62924922e+07  2.20e-04 1.22e-04  8.12e+00     0s
  13   6.67249744e+06  7.88772798e+05  8.94e-06 4.96e-06  9.59e-01     0s
  14   5.67952628e+06  4.23266195e+06  1.07e-06 5.95e-07  2.36e-01     0s
  15   5.41753775e+06  5.11983376e+06  1.84e-07 1.02e-07  4.85e-02     0s
  16   5.34503519e+06  5.30396725e+06  8.97e-08 1.16e-08  6.69e-03     0s
  17   5.33354936e+06  5.33239449e+06  3.84e-08 7.44e-12  1.88e-04     0s
  18   5.33325766e+06  5.33325181e+06  2.03e-10 1.42e-11  9.54e-07     0s
  19   5.33325817e+06  5.33325186e+06  4.42e-07 7.67e-12  9.40e-07     0s
  20   5.33325691e+06  5.33325265e+06  6.48e-07 1.27e-11  7.27e-07     0s
  21   5.33325271e+06  5.33325278e+06  1.20e-06 8.18e-12  6.92e-07     0s
  22   5.33325499e+06  5.33325532e+06  4.39e-07 1.90e-11  2.36e-08     0s
  23   5.33325556e+06  5.33325532e+06  4.18e-07 1.33e-11  2.32e-08     0s
  24   5.33325542e+06  5.33325541e+06  8.64e-08 1.31e-11  7.58e-10     0s

Barrier solved model in 24 iterations and 0.07 seconds (0.06 work units)
Optimal objective 5.33325542e+06


User-callback calls 75, time in user-callback 0.00 sec

Gurobi 13.0.2 (win64) logging started Wed Jul 15 17:24:37 2026

Set parameter LogFile to value "C:\Users\ehsanno\DataspellProjects\Spanish_Power_System\results\GoRES\ipopt_logs\2024-07-08_h10.log"

Gurobi 13.0.2 (win64) logging started Wed Jul 15 17:24:37 2026

Set parameter LogFile to value "C:\Users\ehsanno\DataspellProjects\Spanish_Power_System\results\GoRES\ipopt_logs\2024-07-08_h10.log"
Gurobi Optimizer version 13.0.2 build v13.0.2rc1 (win64 - Windows 11+.0 (26200.2))

CPU model: 11th Gen Intel(R) Core(TM) i5-1145G7 @ 2.60GHz, instruction set [SSE2|AVX|AVX2|AVX512]
Thread count: 4 physical cores, 8 logical processors, using up to 8 threads

Non-default parameters:
LogToConsole  0

Optimize a model with 5146 rows, 7443 columns and 18718 nonzeros (Min)
Model fingerprint: 0x4e4a4d16
Model has 2199 linear objective coefficients and an objective constant of 4.2739210402407371e+07
Model has 972 quadratic objective terms
Coefficient statistics:
  Matrix range     [1e+00, 1e+04]
  Objective range  [4e-01, 1e+06]
  QObjective range [2e+04, 2e+04]
  Bounds range     [4e-12, 1e+04]
  RHS range        [3e-06, 1e+01]

Presolve removed 3638 rows and 4241 columns
Presolve time: 0.02s
Presolved: 1508 rows, 3202 columns, 9181 nonzeros
Presolved model has 898 quadratic objective terms
Ordering time: 0.01s

Barrier statistics:
 AA' NZ     : 1.796e+04
 Factor NZ  : 4.927e+04 (roughly 2 MB of memory)
 Factor Ops : 2.104e+06 (less than 1 second per iteration)
 Threads    : 1

                  Objective                Residual
Iter       Primal          Dual         Primal    Dual     Compl     Time
   0   4.87167700e+12 -1.60152828e+12  8.25e+03 3.79e+04  3.78e+07     0s
   1   9.48419702e+11 -8.63314527e+11  1.74e+03 7.99e+03  8.22e+06     0s
   2   5.91395917e+10 -8.40306841e+11  1.11e+02 5.10e+02  6.97e+05     0s
   3   1.44995831e+10 -4.83455950e+11  2.78e+01 1.27e+02  1.99e+05     0s
   4   2.46372995e+09 -2.88875181e+11  5.09e+00 2.34e+01  6.83e+04     0s
   5   5.11168788e+08 -1.22893322e+11  9.55e-01 4.39e+00  2.33e+04     0s
   6   3.83854973e+08 -8.41768386e+10  5.58e-01 2.56e+00  1.54e+04     0s
   7   2.51039449e+08 -4.74702715e+10  1.55e-01 7.13e-01  8.04e+03     0s
   8   1.88930291e+08 -9.74438038e+09  2.66e-02 1.22e-01  1.59e+03     0s
   9   1.43309270e+08 -3.25012876e+09  7.78e-03 3.57e-02  5.33e+02     0s
  10   8.37090815e+07 -1.15726427e+09  6.33e-04 2.91e-03  1.93e+02     0s
  11   3.22300916e+07 -2.61243128e+08  4.09e-05 1.88e-04  4.55e+01     0s
  12   1.20820956e+07 -3.80884478e+07  5.36e-07 2.46e-06  7.78e+00     0s
  13   6.95145439e+06  1.37355243e+06  2.62e-08 1.20e-07  8.65e-01     0s
  14   6.44654936e+06  2.87364304e+06  4.83e-10 3.69e-12  5.54e-01     0s
  15   6.02143131e+06  5.53899697e+06  4.34e-10 1.03e-11  7.48e-02     0s
  16   5.94327329e+06  5.87118954e+06  3.96e-10 1.01e-11  1.12e-02     0s
  17   5.92948262e+06  5.91918260e+06  9.59e-10 1.61e-11  1.60e-03     0s
  18   5.92743797e+06  5.92712710e+06  1.81e-09 1.48e-11  4.82e-05     0s
  19   5.92736406e+06  5.92735837e+06  8.05e-09 1.72e-11  8.83e-07     0s
  20   5.92736227e+06  5.92736206e+06  1.18e-09 6.77e-12  3.19e-08     0s
  21   5.92736218e+06  5.92736216e+06  3.16e-09 8.99e-12  1.08e-09     0s

Barrier solved model in 21 iterations and 0.08 seconds (0.05 work units)
Optimal objective 5.92736218e+06


User-callback calls 76, time in user-callback 0.00 sec

Gurobi 13.0.2 (win64) logging started Wed Jul 15 17:27:44 2026

Set parameter LogFile to value "C:\Users\ehsanno\DataspellProjects\Spanish_Power_System\results\GoRES\ipopt_logs\2024-07-08_h10.log"

Gurobi 13.0.2 (win64) logging started Wed Jul 15 17:27:44 2026

Set parameter LogFile to value "C:\Users\ehsanno\DataspellProjects\Spanish_Power_System\results\GoRES\ipopt_logs\2024-07-08_h10.log"
Gurobi Optimizer version 13.0.2 build v13.0.2rc1 (win64 - Windows 11+.0 (26200.2))

CPU model: 11th Gen Intel(R) Core(TM) i5-1145G7 @ 2.60GHz, instruction set [SSE2|AVX|AVX2|AVX512]
Thread count: 4 physical cores, 8 logical processors, using up to 8 threads

Non-default parameters:
LogToConsole  0

Optimize a model with 5146 rows, 7443 columns and 18718 nonzeros (Min)
Model fingerprint: 0x2af47d52
Model has 2199 linear objective coefficients and an objective constant of 4.2739199627519980e+07
Model has 972 quadratic objective terms
Coefficient statistics:
  Matrix range     [1e+00, 1e+04]
  Objective range  [4e-01, 1e+06]
  QObjective range [2e+04, 2e+04]
  Bounds range     [3e-06, 1e+04]
  RHS range        [3e-06, 1e+01]

Presolve removed 3647 rows and 4251 columns
Presolve time: 0.02s
Presolved: 1499 rows, 3192 columns, 9165 nonzeros
Presolved model has 898 quadratic objective terms
Ordering time: 0.01s

Barrier statistics:
 AA' NZ     : 1.785e+04
 Factor NZ  : 4.893e+04 (roughly 2 MB of memory)
 Factor Ops : 2.095e+06 (less than 1 second per iteration)
 Threads    : 1

                  Objective                Residual
Iter       Primal          Dual         Primal    Dual     Compl     Time
   0   5.64613475e+12 -1.78475555e+12  7.38e+03 3.76e+04  3.76e+07     0s
   1   1.15919295e+12 -9.65520900e+11  1.62e+03 8.28e+03  8.52e+06     0s
   2   8.98003865e+10 -8.85901717e+11  1.28e+02 6.54e+02  8.39e+05     0s
   3   1.56162170e+10 -4.82962216e+11  2.29e+01 1.17e+02  1.84e+05     0s
   4   2.64771001e+09 -2.71176443e+11  4.23e+00 2.16e+01  6.26e+04     0s
   5   7.80369014e+08 -1.42988780e+11  1.23e+00 6.28e+00  2.84e+04     0s
   6   5.28511408e+08 -9.91705673e+10  6.78e-01 3.46e+00  1.88e+04     0s
   7   3.27828688e+08 -7.75292779e+10  2.59e-01 1.32e+00  1.38e+04     0s
   8   2.07413365e+08 -1.58937288e+10  3.47e-02 1.77e-01  2.62e+03     0s
   9   1.67148635e+08 -4.43183327e+09  7.89e-03 4.03e-02  7.27e+02     0s
  10   1.22239677e+08 -3.48950119e+09  3.10e-03 1.58e-02  5.67e+02     0s
  11   6.79469333e+07 -8.76306750e+08  5.66e-04 2.89e-03  1.47e+02     0s
  12   2.24950762e+07 -1.52670863e+08  8.99e-06 4.59e-05  2.73e+01     0s
  13   9.32824524e+06 -2.65198728e+07  1.28e-06 6.53e-06  5.58e+00     0s
  14   5.64447487e+06 -2.20101912e+06  1.01e-09 1.18e-11  1.22e+00     0s
  15   4.85776962e+06  2.73636487e+06  5.64e-10 1.44e-11  3.30e-01     0s
  16   4.67583444e+06  3.61564148e+06  9.35e-10 9.72e-12  1.65e-01     0s
  17   4.51740891e+06  4.41668757e+06  2.06e-09 2.01e-11  1.57e-02     0s
  18   4.49516709e+06  4.48931311e+06  9.39e-09 2.14e-11  9.11e-04     0s
  19   4.49361692e+06  4.49317353e+06  8.31e-08 1.42e-11  6.90e-05     0s
  20   4.49348248e+06  4.49346171e+06  1.37e-09 1.43e-11  3.23e-06     0s
  21   4.49347421e+06  4.49347354e+06  3.33e-10 1.24e-11  1.04e-07     0s
  22   4.49347433e+06  4.49347388e+06  9.43e-08 1.65e-11  4.54e-09     0s

Barrier solved model in 22 iterations and 0.10 seconds (0.05 work units)
Optimal objective 4.49347433e+06


User-callback calls 69, time in user-callback 0.00 sec

Gurobi 13.0.2 (win64) logging started Wed Jul 15 17:30:03 2026

Set parameter LogFile to value "C:\Users\ehsanno\DataspellProjects\Spanish_Power_System\results\GoRES\ipopt_logs\2024-07-08_h10.log"

Gurobi 13.0.2 (win64) logging started Wed Jul 15 17:30:03 2026

Set parameter LogFile to value "C:\Users\ehsanno\DataspellProjects\Spanish_Power_System\results\GoRES\ipopt_logs\2024-07-08_h10.log"
Gurobi Optimizer version 13.0.2 build v13.0.2rc1 (win64 - Windows 11+.0 (26200.2))

CPU model: 11th Gen Intel(R) Core(TM) i5-1145G7 @ 2.60GHz, instruction set [SSE2|AVX|AVX2|AVX512]
Thread count: 4 physical cores, 8 logical processors, using up to 8 threads

Non-default parameters:
LogToConsole  0

Optimize a model with 5146 rows, 7443 columns and 18718 nonzeros (Min)
Model fingerprint: 0x4dc633b4
Model has 2199 linear objective coefficients and an objective constant of 4.2739199627519980e+07
Model has 972 quadratic objective terms
Coefficient statistics:
  Matrix range     [1e+00, 1e+04]
  Objective range  [4e-01, 1e+06]
  QObjective range [2e+04, 2e+04]
  Bounds range     [3e-06, 1e+04]
  RHS range        [3e-06, 1e+01]

Presolve removed 3653 rows and 4261 columns
Presolve time: 0.03s
Presolved: 1493 rows, 3182 columns, 9181 nonzeros
Presolved model has 898 quadratic objective terms
Ordering time: 0.00s

Barrier statistics:
 AA' NZ     : 1.789e+04
 Factor NZ  : 5.015e+04 (roughly 2 MB of memory)
 Factor Ops : 2.263e+06 (less than 1 second per iteration)
 Threads    : 1

                  Objective                Residual
Iter       Primal          Dual         Primal    Dual     Compl     Time
   0   5.70758712e+12 -2.17362694e+12  7.75e+03 3.76e+04  3.76e+07     0s
   1   1.22667647e+12 -1.23954238e+12  1.78e+03 8.65e+03  8.91e+06     0s
   2   1.14972432e+11 -1.07754266e+12  1.71e+02 8.29e+02  1.03e+06     0s
   3   1.84690649e+10 -5.90505523e+11  2.82e+01 1.37e+02  2.16e+05     0s
   4   2.48666470e+09 -3.30685641e+11  4.28e+00 2.08e+01  7.26e+04     0s
   5   9.96995730e+08 -1.84775914e+11  1.80e+00 8.74e+00  3.72e+04     0s
   6   6.21917962e+08 -1.23715984e+11  9.09e-01 4.42e+00  2.37e+04     0s
   7   3.95273674e+08 -1.06583763e+11  4.81e-01 2.34e+00  1.99e+04     0s
   8   1.98784478e+08 -1.97848444e+10  4.13e-02 2.01e-01  3.29e+03     0s
   9   1.71778897e+08 -5.85533648e+09  7.55e-03 3.67e-02  9.56e+02     0s
  10   1.40497866e+08 -3.07287278e+09  3.27e-03 1.59e-02  5.06e+02     0s
  11   9.57400155e+07 -2.16321525e+09  6.88e-04 3.34e-03  3.53e+02     0s
  12   4.18788446e+07 -3.93926196e+08  1.81e-05 8.78e-05  6.80e+01     0s
  13   1.09210950e+07 -5.98524090e+07  1.74e-07 8.47e-07  1.10e+01     0s
  14   5.41011268e+06 -1.70261791e+07  4.62e-08 2.24e-07  3.50e+00     0s
  15   3.16787671e+06 -1.22779047e+06  2.61e-09 3.18e-09  6.86e-01     0s
  16   2.53562113e+06  2.29538680e+06  3.43e-09 3.35e-11  3.75e-02     0s
  17   2.50085769e+06  2.35084166e+06  1.31e-08 1.84e-11  2.34e-02     0s
  18   2.46777854e+06  2.41023188e+06  3.56e-08 1.75e-11  8.98e-03     0s
  19   2.45826433e+06  2.43336659e+06  1.25e-08 6.92e-12  3.89e-03     0s
  20   2.45189685e+06  2.45087773e+06  2.37e-08 1.38e-11  1.59e-04     0s
  21   2.45156105e+06  2.45152049e+06  1.01e-07 1.44e-11  6.36e-06     0s
  22   2.45155057e+06  2.45155046e+06  5.52e-09 1.50e-11  2.04e-08     0s
  23   2.45155053e+06  2.45155052e+06  3.84e-09 6.97e-12  8.92e-10     0s

Barrier solved model in 23 iterations and 0.10 seconds (0.05 work units)
Optimal objective 2.45155053e+06


User-callback calls 71, time in user-callback 0.00 sec

Gurobi 13.0.2 (win64) logging started Wed Jul 15 18:00:28 2026

Set parameter LogFile to value "C:\Users\ehsanno\DataspellProjects\Spanish_Power_System\results\GoRES\ipopt_logs\2024-07-08_h10.log"

Gurobi 13.0.2 (win64) logging started Wed Jul 15 18:00:28 2026

Set parameter LogFile to value "C:\Users\ehsanno\DataspellProjects\Spanish_Power_System\results\GoRES\ipopt_logs\2024-07-08_h10.log"
Gurobi Optimizer version 13.0.2 build v13.0.2rc1 (win64 - Windows 11+.0 (26200.2))

CPU model: 11th Gen Intel(R) Core(TM) i5-1145G7 @ 2.60GHz, instruction set [SSE2|AVX|AVX2|AVX512]
Thread count: 4 physical cores, 8 logical processors, using up to 8 threads

Non-default parameters:
LogToConsole  0

Optimize a model with 5146 rows, 7443 columns and 18718 nonzeros (Min)
Model fingerprint: 0x925f0353
Model has 2199 linear objective coefficients and an objective constant of 4.2739199627519980e+07
Model has 972 quadratic objective terms
Coefficient statistics:
  Matrix range     [1e+00, 1e+04]
  Objective range  [4e-01, 1e+06]
  QObjective range [2e+04, 2e+04]
  Bounds range     [3e-06, 1e+04]
  RHS range        [3e-06, 1e+01]

Presolve removed 3651 rows and 4258 columns
Presolve time: 0.02s
Presolved: 1495 rows, 3185 columns, 9199 nonzeros
Presolved model has 898 quadratic objective terms
Ordering time: 0.01s

Barrier statistics:
 AA' NZ     : 1.787e+04
 Factor NZ  : 4.887e+04 (roughly 2 MB of memory)
 Factor Ops : 2.090e+06 (less than 1 second per iteration)
 Threads    : 1

                  Objective                Residual
Iter       Primal          Dual         Primal    Dual     Compl     Time
   0   6.43485392e+12 -2.49818265e+12  7.50e+03 3.76e+04  3.76e+07     0s
   1   1.44255450e+12 -1.47439097e+12  1.78e+03 8.95e+03  9.24e+06     0s
   2   1.54389938e+11 -1.25541783e+12  1.95e+02 9.78e+02  1.22e+06     0s
   3   2.32745770e+10 -6.37264091e+11  3.02e+01 1.51e+02  2.36e+05     0s
   4   4.12654989e+09 -2.95952930e+11  5.88e+00 2.95e+01  6.87e+04     0s
   5   1.38648137e+09 -1.39684959e+11  2.13e+00 1.07e+01  2.88e+04     0s
   6   7.64821860e+08 -9.23652496e+10  1.00e+00 5.04e+00  1.80e+04     0s
   7   4.89858751e+08 -6.49616073e+10  5.78e-01 2.90e+00  1.23e+04     0s
   8   1.92907700e+08 -1.55648425e+10  5.73e-02 2.88e-01  2.61e+03     0s
   9   1.51240323e+08 -3.04003740e+09  9.86e-03 4.94e-02  5.08e+02     0s
  10   1.08567973e+08 -1.88896647e+09  3.80e-03 1.91e-02  3.15e+02     0s
  11   5.46679730e+07 -9.18732413e+08  4.36e-04 2.19e-03  1.52e+02     0s
  12   1.65337230e+07 -1.06752575e+08  1.77e-05 8.89e-05  1.92e+01     0s
  13   3.08361419e+06 -8.69280634e+06  8.13e-08 4.08e-07  1.84e+00     0s
  14   2.32910228e+06 -4.84423634e+06  4.26e-08 2.14e-07  1.12e+00     0s
  15   1.64567125e+06 -1.46007112e+06  1.12e-08 5.62e-08  4.84e-01     0s
  16   1.25724386e+06  6.05497187e+05  5.59e-09 1.20e-11  1.02e-01     0s
  17   1.15609844e+06  1.03202133e+06  4.36e-09 1.18e-11  1.93e-02     0s
  18   1.13776696e+06  1.10453417e+06  2.11e-08 2.05e-11  5.18e-03     0s
  19   1.13430272e+06  1.11485400e+06  1.43e-08 1.66e-11  3.03e-03     0s
  20   1.13200032e+06  1.12190932e+06  2.58e-08 1.55e-11  1.57e-03     0s
  21   1.12981802e+06  1.12882251e+06  1.10e-08 1.47e-11  1.55e-04     0s
  22   1.12958955e+06  1.12956548e+06  8.55e-08 2.11e-11  3.75e-06     0s
  23   1.12958411e+06  1.12958280e+06  8.25e-08 1.41e-11  1.92e-07     0s
  24   1.12958375e+06  1.12958373e+06  3.57e-09 1.57e-11  1.97e-09     0s

Barrier solved model in 24 iterations and 0.09 seconds (0.05 work units)
Optimal objective 1.12958375e+06


User-callback calls 83, time in user-callback 0.00 sec

Gurobi 13.0.2 (win64) logging started Thu Jul 16 15:27:17 2026

Set parameter LogFile to value "C:\Users\ehsanno\DataspellProjects\Spanish_Power_System\results\GoRES\ipopt_logs\2024-07-08_h10.log"

Gurobi 13.0.2 (win64) logging started Thu Jul 16 15:27:17 2026

Set parameter LogFile to value "C:\Users\ehsanno\DataspellProjects\Spanish_Power_System\results\GoRES\ipopt_logs\2024-07-08_h10.log"
Gurobi Optimizer version 13.0.2 build v13.0.2rc1 (win64 - Windows 11+.0 (26200.2))

CPU model: 11th Gen Intel(R) Core(TM) i5-1145G7 @ 2.60GHz, instruction set [SSE2|AVX|AVX2|AVX512]
Thread count: 4 physical cores, 8 logical processors, using up to 8 threads

Non-default parameters:
LogToConsole  0

Optimize a model with 5146 rows, 7443 columns and 18718 nonzeros (Min)
Model fingerprint: 0x925f0353
Model has 2199 linear objective coefficients and an objective constant of 4.2739199627519980e+07
Model has 972 quadratic objective terms
Coefficient statistics:
  Matrix range     [1e+00, 1e+04]
  Objective range  [4e-01, 1e+06]
  QObjective range [2e+04, 2e+04]
  Bounds range     [3e-06, 1e+04]
  RHS range        [3e-06, 1e+01]

Presolve removed 3651 rows and 4258 columns
Presolve time: 0.02s
Presolved: 1495 rows, 3185 columns, 9199 nonzeros
Presolved model has 898 quadratic objective terms
Ordering time: 0.00s

Barrier statistics:
 AA' NZ     : 1.787e+04
 Factor NZ  : 4.887e+04 (roughly 2 MB of memory)
 Factor Ops : 2.090e+06 (less than 1 second per iteration)
 Threads    : 1

                  Objective                Residual
Iter       Primal          Dual         Primal    Dual     Compl     Time
   0   6.43485392e+12 -2.49818265e+12  7.50e+03 3.76e+04  3.76e+07     0s
   1   1.44255450e+12 -1.47439097e+12  1.78e+03 8.95e+03  9.24e+06     0s
   2   1.54389938e+11 -1.25541783e+12  1.95e+02 9.78e+02  1.22e+06     0s
   3   2.32745770e+10 -6.37264091e+11  3.02e+01 1.51e+02  2.36e+05     0s
   4   4.12654989e+09 -2.95952930e+11  5.88e+00 2.95e+01  6.87e+04     0s
   5   1.38648137e+09 -1.39684959e+11  2.13e+00 1.07e+01  2.88e+04     0s
   6   7.64821860e+08 -9.23652496e+10  1.00e+00 5.04e+00  1.80e+04     0s
   7   4.89858751e+08 -6.49616073e+10  5.78e-01 2.90e+00  1.23e+04     0s
   8   1.92907700e+08 -1.55648425e+10  5.73e-02 2.88e-01  2.61e+03     0s
   9   1.51240323e+08 -3.04003740e+09  9.86e-03 4.94e-02  5.08e+02     0s
  10   1.08567973e+08 -1.88896647e+09  3.80e-03 1.91e-02  3.15e+02     0s
  11   5.46679730e+07 -9.18732413e+08  4.36e-04 2.19e-03  1.52e+02     0s
  12   1.65337230e+07 -1.06752575e+08  1.77e-05 8.89e-05  1.92e+01     0s
  13   3.08361419e+06 -8.69280634e+06  8.13e-08 4.08e-07  1.84e+00     0s
  14   2.32910228e+06 -4.84423634e+06  4.26e-08 2.14e-07  1.12e+00     0s
  15   1.64567125e+06 -1.46007112e+06  1.12e-08 5.62e-08  4.84e-01     0s
  16   1.25724386e+06  6.05497187e+05  5.59e-09 1.20e-11  1.02e-01     0s
  17   1.15609844e+06  1.03202133e+06  4.36e-09 1.18e-11  1.93e-02     0s
  18   1.13776696e+06  1.10453417e+06  2.11e-08 2.05e-11  5.18e-03     0s
  19   1.13430272e+06  1.11485400e+06  1.43e-08 1.66e-11  3.03e-03     0s
  20   1.13200032e+06  1.12190932e+06  2.58e-08 1.55e-11  1.57e-03     0s
  21   1.12981802e+06  1.12882251e+06  1.10e-08 1.47e-11  1.55e-04     0s
  22   1.12958955e+06  1.12956548e+06  8.55e-08 2.11e-11  3.75e-06     0s
  23   1.12958411e+06  1.12958280e+06  8.25e-08 1.41e-11  1.92e-07     0s
  24   1.12958375e+06  1.12958373e+06  3.57e-09 1.57e-11  1.97e-09     0s

Barrier solved model in 24 iterations and 0.07 seconds (0.05 work units)
Optimal objective 1.12958375e+06


User-callback calls 75, time in user-callback 0.00 sec

Gurobi 13.0.2 (win64) logging started Thu Jul 16 16:07:52 2026

Set parameter LogFile to value "C:\Users\ehsanno\DataspellProjects\Spanish_Power_System\results\GoRES\ipopt_logs\2024-07-08_h10.log"

Gurobi 13.0.2 (win64) logging started Thu Jul 16 16:07:52 2026

Set parameter LogFile to value "C:\Users\ehsanno\DataspellProjects\Spanish_Power_System\results\GoRES\ipopt_logs\2024-07-08_h10.log"
Gurobi Optimizer version 13.0.2 build v13.0.2rc1 (win64 - Windows 11+.0 (26200.2))

CPU model: 11th Gen Intel(R) Core(TM) i5-1145G7 @ 2.60GHz, instruction set [SSE2|AVX|AVX2|AVX512]
Thread count: 4 physical cores, 8 logical processors, using up to 8 threads

Non-default parameters:
LogToConsole  0

Optimize a model with 5146 rows, 7859 columns and 19134 nonzeros (Min)
Model fingerprint: 0xb4fabef3
Model has 2505 linear objective coefficients and an objective constant of 5.0883585259789288e+07
Model has 1482 quadratic objective terms
Coefficient statistics:
  Matrix range     [1e+00, 1e+04]
  Objective range  [2e-08, 1e+06]
  QObjective range [2e+04, 2e+04]
  Bounds range     [3e-06, 1e+04]
  RHS range        [3e-06, 1e+01]

Presolve removed 3636 rows and 4149 columns
Presolve time: 0.01s
Presolved: 1510 rows, 3710 columns, 9802 nonzeros
Presolved model has 1408 quadratic objective terms
Ordering time: 0.00s

Barrier statistics:
 AA' NZ     : 1.775e+04
 Factor NZ  : 4.899e+04 (roughly 3 MB of memory)
 Factor Ops : 2.100e+06 (less than 1 second per iteration)
 Threads    : 1

                  Objective                Residual
Iter       Primal          Dual         Primal    Dual     Compl     Time
   0   6.36985341e+12 -1.02535980e+13  8.00e+03 3.85e+07  3.97e+10     0s
   1   1.53003920e+12 -7.08100166e+12  1.93e+03 9.30e+06  1.01e+10     0s
   2   1.70901987e+11 -3.78769130e+12  2.17e+02 1.04e+06  1.51e+09     0s
   3   2.58191030e+10 -1.29160269e+12  3.35e+01 1.61e+05  2.97e+08     0s
   4   1.71788111e+10 -9.62348930e+11  2.25e+01 1.08e+05  2.05e+08     0s
   5   6.50745650e+09 -6.09228932e+11  8.85e+00 4.26e+04  1.14e+08     0s
   6   1.73391404e+09 -2.20538018e+11  2.60e+00 1.25e+04  3.71e+07     0s
   7   9.47433059e+08 -1.47427468e+11  1.25e+00 6.02e+03  2.39e+07     0s
   8   5.14893247e+08 -1.07405653e+11  6.11e-01 2.94e+03  1.70e+07     0s
   9   2.00812719e+08 -1.45392776e+10  2.85e-02 1.37e+02  2.09e+06     0s
  10   1.68837065e+08 -3.65831116e+09  4.36e-03 2.10e+01  5.30e+05     0s
  11   1.30426805e+08 -2.50336240e+09  2.25e-03 1.08e+01  3.63e+05     0s
  12   5.29357750e+07 -9.19615179e+08  2.25e-09 1.08e-05  1.33e+05     0s
  13   2.06796163e+07 -2.30456481e+08  2.03e-09 1.44e-06  3.44e+04     0s
  14   5.55841193e+06 -3.63795759e+07  1.03e-09 1.43e-07  5.74e+03     0s
  15   2.23352266e+06 -6.48796244e+06  2.62e-09 2.55e-08  1.19e+03     0s
  16   1.38800728e+06 -1.40807671e+06  5.12e-09 2.10e-08  3.82e+02     0s
  17   1.02622775e+06  7.09646586e+05  4.62e-09 2.32e-08  4.33e+01     0s
  18   9.83542603e+05  8.42619656e+05  9.58e-09 1.43e-08  1.93e+01     0s
  19   9.61556843e+05  9.02846142e+05  1.40e-08 1.45e-08  8.03e+00     0s
  20   9.52129704e+05  9.45590451e+05  1.24e-08 9.05e-09  8.94e-01     0s
  21   9.50738554e+05  9.50427497e+05  8.15e-08 1.89e-08  4.25e-02     0s
  22   9.50661012e+05  9.50641684e+05  1.26e-07 1.22e-08  2.64e-03     0s
  23   9.50656198e+05  9.50654661e+05  3.35e-07 1.32e-08  2.04e-04     0s
  24   9.50655770e+05  9.50655662e+05  5.37e-07 2.03e-08  2.46e-05     0s
  25   9.50655810e+05  9.50655796e+05  7.36e-08 6.51e-09  7.10e-07     0s
  26   9.50655876e+05  9.50655800e+05  6.40e-08 3.13e-08  1.20e-09     0s

Barrier solved model in 26 iterations and 0.07 seconds (0.06 work units)
Optimal objective 9.50655876e+05


User-callback calls 80, time in user-callback 0.00 sec

Gurobi 13.0.2 (win64) logging started Thu Jul 16 16:15:10 2026

Set parameter LogFile to value "C:\Users\ehsanno\DataspellProjects\Spanish_Power_System\results\GoRES\ipopt_logs\2024-07-08_h10.log"

Gurobi 13.0.2 (win64) logging started Thu Jul 16 16:15:10 2026

Set parameter LogFile to value "C:\Users\ehsanno\DataspellProjects\Spanish_Power_System\results\GoRES\ipopt_logs\2024-07-08_h10.log"
Gurobi Optimizer version 13.0.2 build v13.0.2rc1 (win64 - Windows 11+.0 (26200.2))

CPU model: 11th Gen Intel(R) Core(TM) i5-1145G7 @ 2.60GHz, instruction set [SSE2|AVX|AVX2|AVX512]
Thread count: 4 physical cores, 8 logical processors, using up to 8 threads

Non-default parameters:
LogToConsole  0

Optimize a model with 5146 rows, 7859 columns and 19134 nonzeros (Min)
Model fingerprint: 0x5973dca0
Model has 2505 linear objective coefficients and an objective constant of 5.0883585259789288e+07
Model has 1482 quadratic objective terms
Coefficient statistics:
  Matrix range     [1e+00, 1e+04]
  Objective range  [2e-08, 1e+06]
  QObjective range [2e+04, 2e+04]
  Bounds range     [3e-06, 1e+04]
  RHS range        [3e-06, 1e+01]

Presolve removed 3630 rows and 4128 columns
Presolve time: 0.02s
Presolved: 1516 rows, 3731 columns, 9759 nonzeros
Presolved model has 1408 quadratic objective terms
Ordering time: 0.01s

Barrier statistics:
 AA' NZ     : 1.784e+04
 Factor NZ  : 4.744e+04 (roughly 3 MB of memory)
 Factor Ops : 1.935e+06 (less than 1 second per iteration)
 Threads    : 1

                  Objective                Residual
Iter       Primal          Dual         Primal    Dual     Compl     Time
   0   4.93460753e+12 -9.16290986e+12  7.76e+03 3.90e+07  4.00e+10     0s
   1   1.03212528e+12 -6.25465219e+12  1.63e+03 8.19e+06  8.97e+09     0s
   2   7.84121841e+10 -3.38000497e+12  1.24e+02 6.22e+05  1.13e+09     0s
   3   1.16969978e+10 -1.16266832e+12  1.89e+01 9.49e+04  2.42e+08     0s
   4   6.70907152e+09 -7.72966193e+11  1.10e+01 5.54e+04  1.48e+08     0s
   5   2.16947120e+09 -4.00368566e+11  3.76e+00 1.89e+04  6.82e+07     0s
   6   7.84144649e+08 -2.17813970e+11  1.25e+00 6.28e+03  3.46e+07     0s
   7   4.26944961e+08 -1.04752762e+11  5.18e-01 2.60e+03  1.60e+07     0s
   8   2.36987335e+08 -3.68590855e+10  1.06e-01 5.32e+02  5.37e+06     0s
   9   1.95811056e+08 -1.27218614e+10  1.90e-02 9.54e+01  1.80e+06     0s
  10   1.47738940e+08 -2.53982554e+09  3.52e-03 1.77e+01  3.68e+05     0s
  11   8.06289183e+07 -9.89377700e+08  3.93e-04 1.97e+00  1.46e+05     0s
  12   4.05568827e+07 -2.95948132e+08  8.29e-05 4.16e-01  4.58e+04     0s
  13   1.93476176e+07 -7.12835306e+07  1.64e-05 8.22e-02  1.23e+04     0s
  14   1.12785375e+07 -1.57916551e+07  2.36e-06 1.19e-02  3.68e+03     0s
  15   8.81692981e+06  1.29400778e+06  4.43e-07 2.22e-03  1.02e+03     0s
  16   7.87839453e+06  6.56771399e+06  4.78e-09 2.40e-05  1.78e+02     0s
  17   7.65549579e+06  7.42898376e+06  1.81e-09 1.94e-07  3.08e+01     0s
  18   7.61260425e+06  7.57773934e+06  1.65e-09 1.75e-08  4.74e+00     0s
  19   7.60537157e+06  7.59762521e+06  1.44e-09 1.31e-08  1.05e+00     0s
  20   7.60363495e+06  7.60267165e+06  5.28e-09 1.19e-08  1.31e-01     0s
  21   7.60339717e+06  7.60334839e+06  2.51e-09 1.23e-08  6.63e-03     0s
  22   7.60338467e+06  7.60338172e+06  1.23e-08 1.46e-08  4.01e-04     0s
  23   7.60338395e+06  7.60338394e+06  1.25e-08 1.19e-08  4.48e-07     0s
  24   7.60338397e+06  7.60338395e+06  3.79e-08 2.30e-08  4.48e-10     0s

Barrier solved model in 24 iterations and 0.09 seconds (0.05 work units)
Optimal objective 7.60338397e+06


User-callback calls 81, time in user-callback 0.00 sec

Gurobi 13.0.2 (win64) logging started Thu Jul 16 16:23:39 2026

Set parameter LogFile to value "C:\Users\ehsanno\DataspellProjects\Spanish_Power_System\results\GoRES\ipopt_logs\2024-07-08_h10.log"

Gurobi 13.0.2 (win64) logging started Thu Jul 16 16:23:39 2026

Set parameter LogFile to value "C:\Users\ehsanno\DataspellProjects\Spanish_Power_System\results\GoRES\ipopt_logs\2024-07-08_h10.log"
Gurobi Optimizer version 13.0.2 build v13.0.2rc1 (win64 - Windows 11+.0 (26200.2))

CPU model: 11th Gen Intel(R) Core(TM) i5-1145G7 @ 2.60GHz, instruction set [SSE2|AVX|AVX2|AVX512]
Thread count: 4 physical cores, 8 logical processors, using up to 8 threads

Non-default parameters:
LogToConsole  0

Optimize a model with 5146 rows, 7859 columns and 19134 nonzeros (Min)
Model fingerprint: 0x87aa2d9f
Model has 2444 linear objective coefficients and an objective constant of 5.0883589092719935e+07
Model has 1482 quadratic objective terms
Coefficient statistics:
  Matrix range     [1e+00, 1e+04]
  Objective range  [4e-01, 1e+06]
  QObjective range [2e+04, 2e+04]
  Bounds range     [3e-06, 1e+04]
  RHS range        [3e-06, 1e+01]

Presolve removed 3618 rows and 4108 columns
Presolve time: 0.02s
Presolved: 1528 rows, 3751 columns, 9769 nonzeros
Presolved model has 1408 quadratic objective terms
Ordering time: 0.00s

Barrier statistics:
 AA' NZ     : 1.779e+04
 Factor NZ  : 4.932e+04 (roughly 3 MB of memory)
 Factor Ops : 2.163e+06 (less than 1 second per iteration)
 Threads    : 1

                  Objective                Residual
Iter       Primal          Dual         Primal    Dual     Compl     Time
   0   4.58022765e+12 -1.70162602e+12  8.50e+03 3.99e+04  3.98e+07     0s
   1   1.01520566e+12 -8.37374784e+11  2.14e+03 1.00e+04  1.03e+07     0s
   2   1.03899928e+11 -8.71709745e+11  2.28e+02 1.07e+03  1.39e+06     0s
   3   9.95495301e+09 -5.61465500e+11  2.24e+01 1.05e+02  1.86e+05     0s
   4   1.89612758e+09 -3.26076036e+11  4.49e+00 2.11e+01  6.45e+04     0s
   5   1.28924969e+09 -2.42092883e+11  3.05e+00 1.43e+01  4.50e+04     0s
   6   7.00206645e+08 -1.55510881e+11  1.41e+00 6.63e+00  2.65e+04     0s
   7   3.63223029e+08 -6.46297065e+10  4.34e-01 2.04e+00  9.95e+03     0s
   8   2.49376031e+08 -2.51864717e+10  1.04e-01 4.89e-01  3.61e+03     0s
   9   2.10452375e+08 -1.02217138e+10  2.54e-02 1.19e-01  1.43e+03     0s
  10   1.58248404e+08 -2.92441252e+09  6.58e-03 3.09e-02  4.14e+02     0s
  11   8.40266383e+07 -8.64368469e+08  3.93e-04 1.85e-03  1.26e+02     0s
  12   3.53817864e+07 -1.79553005e+08  2.35e-05 1.10e-04  2.84e+01     0s
  13   1.61248119e+07 -2.91083212e+07  1.42e-06 6.67e-06  5.97e+00     0s
  14   1.22417222e+07 -2.45713791e+06  1.63e-07 7.64e-07  1.94e+00     0s
  15   1.04564599e+07  8.75277239e+06  1.09e-08 5.10e-08  2.25e-01     0s
  16   1.01541718e+07  9.64175949e+06  1.43e-09 6.74e-09  6.76e-02     0s
  17   1.00475860e+07  1.00108652e+07  1.04e-09 2.91e-10  4.85e-03     0s
  18   1.00366375e+07  1.00341789e+07  5.94e-09 1.29e-11  3.25e-04     0s
  19   1.00359759e+07  1.00358097e+07  1.73e-08 7.34e-12  2.19e-05     0s
  20   1.00359356e+07  1.00359137e+07  2.37e-08 2.66e-11  2.89e-06     0s
  21   1.00359299e+07  1.00359291e+07  6.84e-08 8.09e-12  1.17e-07     0s
  22   1.00359298e+07  1.00359297e+07  9.67e-09 1.28e-11  1.57e-09     0s

Barrier solved model in 22 iterations and 0.07 seconds (0.05 work units)
Optimal objective 1.00359298e+07


User-callback calls 78, time in user-callback 0.00 sec

Gurobi 13.0.2 (win64) logging started Mon Jul 20 15:54:13 2026

Set parameter LogFile to value "C:\Users\ehsanno\DataspellProjects\Spanish_Power_System\results\GoRES\ipopt_logs\2024-07-08_h10.log"

Gurobi 13.0.2 (win64) logging started Mon Jul 20 15:54:13 2026

Set parameter LogFile to value "C:\Users\ehsanno\DataspellProjects\Spanish_Power_System\results\GoRES\ipopt_logs\2024-07-08_h10.log"
Gurobi Optimizer version 13.0.2 build v13.0.2rc1 (win64 - Windows 11+.0 (26200.2))

CPU model: 11th Gen Intel(R) Core(TM) i5-1145G7 @ 2.60GHz, instruction set [SSE2|AVX|AVX2|AVX512]
Thread count: 4 physical cores, 8 logical processors, using up to 8 threads

Non-default parameters:
LogToConsole  0

Optimize a model with 5146 rows, 8031 columns and 19306 nonzeros (Min)
Model fingerprint: 0xacd02802
Model has 2647 linear objective coefficients and an objective constant of 4.1015686300877959e+07
Model has 1660 quadratic objective terms
Coefficient statistics:
  Matrix range     [1e+00, 1e+04]
  Objective range  [9e-08, 1e+06]
  QObjective range [2e+04, 2e+04]
  Bounds range     [3e-06, 1e+04]
  RHS range        [3e-06, 1e+01]

Presolve removed 3634 rows and 4123 columns
Presolve time: 0.02s
Presolved: 1512 rows, 3908 columns, 9877 nonzeros
Presolved model has 1586 quadratic objective terms
Ordering time: 0.00s

Barrier statistics:
 AA' NZ     : 1.768e+04
 Factor NZ  : 4.733e+04 (roughly 3 MB of memory)
 Factor Ops : 1.938e+06 (less than 1 second per iteration)
 Threads    : 1

                  Objective                Residual
Iter       Primal          Dual         Primal    Dual     Compl     Time
   0   4.05705668e+12 -9.30963731e+12  8.45e+03 4.09e+07  4.19e+10     0s
   1   1.30843615e+12 -6.78309728e+12  2.73e+03 1.32e+07  1.41e+10     0s
   2   2.05293078e+11 -3.93421681e+12  4.29e+02 2.08e+06  2.64e+09     0s
   3   1.57019733e+10 -1.32228066e+12  3.34e+01 1.62e+05  3.18e+08     0s
   4   3.77004116e+09 -5.82776464e+11  8.37e+00 4.05e+04  1.07e+08     0s
   5   1.67229705e+09 -3.30627378e+11  3.78e+00 1.83e+04  5.57e+07     0s
   6   1.08565413e+09 -2.67130783e+11  2.25e+00 1.09e+04  4.40e+07     0s
   7   4.42913812e+08 -1.21770716e+11  6.08e-01 2.94e+03  1.84e+07     0s
   8   2.78633358e+08 -7.51565517e+10  1.59e-01 7.67e+02  1.07e+07     0s
   9   2.29680603e+08 -2.70501977e+10  3.88e-02 1.88e+02  3.72e+06     0s
  10   1.95918078e+08 -4.67960954e+09  4.23e-03 2.04e+01  6.43e+05     0s
  11   1.18773261e+08 -1.62035086e+09  4.34e-04 2.10e+00  2.26e+05     0s
  12   5.59109779e+07 -5.37600570e+08  1.98e-05 9.59e-02  7.70e+04     0s
  13   2.50696804e+07 -8.13505505e+07  1.81e-06 8.76e-03  1.38e+04     0s
  14   1.60414503e+07 -2.96870297e+07  2.29e-07 1.11e-03  5.93e+03     0s
  15   1.22642700e+07  9.06023042e+05  4.43e-09 1.05e-05  1.47e+03     0s
  16   1.13973138e+07  6.31265450e+06  6.06e-09 3.21e-06  6.59e+02     0s
  17   1.08901525e+07  9.29001621e+06  1.26e-08 8.61e-09  2.07e+02     0s
  18   1.07068778e+07  1.01980233e+07  2.15e-08 1.44e-08  6.60e+01     0s
  19   1.06338188e+07  1.05267296e+07  2.31e-08 1.70e-08  1.39e+01     0s
  20   1.06178463e+07  1.05899337e+07  2.24e-08 6.32e-09  3.62e+00     0s
  21   1.06121869e+07  1.06110749e+07  5.30e-08 2.04e-08  1.44e-01     0s
  22   1.06118530e+07  1.06117807e+07  3.05e-07 3.22e-08  9.32e-03     0s
  23   1.06118351e+07  1.06118293e+07  2.71e-07 1.22e-08  6.79e-04     0s
  24   1.06118332e+07  1.06118331e+07  2.14e-08 1.50e-08  7.84e-06     0s
  25   1.06118335e+07  1.06118331e+07  3.98e-07 1.53e-08  5.78e-06     0s
  26   1.06118330e+07  1.06118331e+07  6.27e-07 2.44e-08  4.79e-06     0s
  27   1.06118338e+07  1.06118331e+07  2.57e-07 1.32e-08  9.49e-09     0s

Barrier solved model in 27 iterations and 0.10 seconds (0.06 work units)
Optimal objective 1.06118338e+07


User-callback calls 87, time in user-callback 0.00 sec

Gurobi 13.0.2 (win64) logging started Mon Jul 20 15:56:43 2026

Set parameter LogFile to value "C:\Users\ehsanno\DataspellProjects\Spanish_Power_System\results\GoRES\ipopt_logs\2024-07-08_h10.log"

Gurobi 13.0.2 (win64) logging started Mon Jul 20 15:56:43 2026

Set parameter LogFile to value "C:\Users\ehsanno\DataspellProjects\Spanish_Power_System\results\GoRES\ipopt_logs\2024-07-08_h10.log"
Gurobi Optimizer version 13.0.2 build v13.0.2rc1 (win64 - Windows 11+.0 (26200.2))

CPU model: 11th Gen Intel(R) Core(TM) i5-1145G7 @ 2.60GHz, instruction set [SSE2|AVX|AVX2|AVX512]
Thread count: 4 physical cores, 8 logical processors, using up to 8 threads

Non-default parameters:
LogToConsole  0

Optimize a model with 5146 rows, 8031 columns and 19306 nonzeros (Min)
Model fingerprint: 0x673580f2
Model has 2419 linear objective coefficients and an objective constant of 51269604.2103001
Model has 1660 quadratic objective terms
Coefficient statistics:
  Matrix range     [1e+00, 1e+04]
  Objective range  [4e-01, 1e+06]
  QObjective range [2e+04, 2e+04]
  Bounds range     [3e-06, 1e+04]
  RHS range        [3e-06, 1e+01]

Presolve removed 3634 rows and 4123 columns
Presolve time: 0.02s
Presolved: 1512 rows, 3908 columns, 9877 nonzeros
Presolved model has 1586 quadratic objective terms
Ordering time: 0.01s

Barrier statistics:
 AA' NZ     : 1.768e+04
 Factor NZ  : 4.733e+04 (roughly 3 MB of memory)
 Factor Ops : 1.938e+06 (less than 1 second per iteration)
 Threads    : 1

                  Objective                Residual
Iter       Primal          Dual         Primal    Dual     Compl     Time
   0   4.30471273e+12 -1.52485785e+12  8.69e+03 3.99e+04  3.98e+07     0s
   1   1.33076043e+12 -1.10427698e+12  2.80e+03 1.29e+04  1.33e+07     0s
   2   2.01415205e+11 -1.03279508e+12  4.32e+02 1.98e+03  2.28e+06     0s
   3   1.64519573e+10 -7.29700704e+11  3.59e+01 1.65e+02  2.61e+05     0s
   4   3.85289288e+09 -4.13833027e+11  8.74e+00 4.02e+01  9.05e+04     0s
   5   1.68704555e+09 -2.46583680e+11  3.91e+00 1.80e+01  4.65e+04     0s
   6   1.08448691e+09 -2.01784820e+11  2.31e+00 1.06e+01  3.62e+04     0s
   7   4.47272502e+08 -9.72082500e+10  6.25e-01 2.87e+00  1.51e+04     0s
   8   2.92484675e+08 -6.26249100e+10  1.85e-01 8.52e-01  9.00e+03     0s
   9   2.35511122e+08 -1.97057451e+10  4.41e-02 2.03e-01  2.72e+03     0s
  10   1.91528665e+08 -4.37611425e+09  5.78e-03 2.65e-02  5.99e+02     0s
  11   1.31281338e+08 -2.09666963e+09  1.36e-03 6.25e-03  2.88e+02     0s
  12   6.63112370e+07 -5.47127043e+08  1.16e-04 5.34e-04  7.80e+01     0s
  13   2.99723818e+07 -9.14229697e+07  1.09e-05 5.01e-05  1.54e+01     0s
  14   2.12658831e+07 -3.49437594e+07  3.80e-06 1.75e-05  7.12e+00     0s
  15   1.51009683e+07  3.23537951e+06  4.94e-07 2.27e-06  1.50e+00     0s
  16   1.41226954e+07  7.70049593e+06  2.07e-07 9.50e-07  8.13e-01     0s
  17   1.33855912e+07  1.11093531e+07  2.86e-08 2.46e-11  2.88e-01     0s
  18   1.31627742e+07  1.22494105e+07  4.66e-08 6.94e-12  1.16e-01     0s
  19   1.30112038e+07  1.29693556e+07  3.65e-08 1.73e-11  5.30e-03     0s
  20   1.30031427e+07  1.29887582e+07  3.44e-07 1.22e-11  1.82e-03     0s
  21   1.29999511e+07  1.29985247e+07  2.55e-08 2.56e-11  1.81e-04     0s
  22   1.29995784e+07  1.29994994e+07  3.12e-07 3.83e-11  1.00e-05     0s
  23   1.29995585e+07  1.29995479e+07  1.65e-08 1.55e-11  1.34e-06     0s
  24   1.29995556e+07  1.29995555e+07  2.66e-08 1.43e-11  1.33e-08     0s
  25   1.29995562e+07  1.29995555e+07  3.77e-07 1.18e-11  9.74e-09     0s
  26   1.29995568e+07  1.29995555e+07  1.00e-06 6.21e-12  7.56e-09     0s
  27   1.29995541e+07  1.29995555e+07  3.92e-07 1.26e-11  6.63e-09     0s
  28   1.29995554e+07  1.29995556e+07  2.36e-07 1.05e-11  4.74e-11     0s

Barrier solved model in 28 iterations and 0.12 seconds (0.06 work units)
Optimal objective 1.29995554e+07


User-callback calls 99, time in user-callback 0.00 sec

Gurobi 13.0.2 (win64) logging started Mon Jul 20 15:58:28 2026

Set parameter LogFile to value "C:\Users\ehsanno\DataspellProjects\Spanish_Power_System\results\GoRES\ipopt_logs\2024-07-08_h10.log"

Gurobi 13.0.2 (win64) logging started Mon Jul 20 15:58:28 2026

Set parameter LogFile to value "C:\Users\ehsanno\DataspellProjects\Spanish_Power_System\results\GoRES\ipopt_logs\2024-07-08_h10.log"
Gurobi Optimizer version 13.0.2 build v13.0.2rc1 (win64 - Windows 11+.0 (26200.2))

CPU model: 11th Gen Intel(R) Core(TM) i5-1145G7 @ 2.60GHz, instruction set [SSE2|AVX|AVX2|AVX512]
Thread count: 4 physical cores, 8 logical processors, using up to 8 threads

Non-default parameters:
LogToConsole  0

Optimize a model with 5146 rows, 8031 columns and 19306 nonzeros (Min)
Model fingerprint: 0x12fb6821
Model has 2419 linear objective coefficients and an objective constant of 6.1523525052360117e+07
Model has 1660 quadratic objective terms
Coefficient statistics:
  Matrix range     [1e+00, 1e+04]
  Objective range  [4e-01, 1e+06]
  QObjective range [2e+04, 2e+04]
  Bounds range     [3e-06, 1e+04]
  RHS range        [3e-06, 1e+01]

Presolve removed 3634 rows and 4123 columns
Presolve time: 0.02s
Presolved: 1512 rows, 3908 columns, 9877 nonzeros
Presolved model has 1586 quadratic objective terms
Ordering time: 0.00s

Barrier statistics:
 AA' NZ     : 1.768e+04
 Factor NZ  : 4.733e+04 (roughly 3 MB of memory)
 Factor Ops : 1.938e+06 (less than 1 second per iteration)
 Threads    : 1

                  Objective                Residual
Iter       Primal          Dual         Primal    Dual     Compl     Time
   0   4.35439912e+12 -1.57415404e+12  8.69e+03 3.99e+04  3.98e+07     0s
   1   1.33591354e+12 -1.10911682e+12  2.80e+03 1.29e+04  1.33e+07     0s
   2   2.01535730e+11 -1.03263553e+12  4.32e+02 1.98e+03  2.28e+06     0s
   3   1.64608352e+10 -7.29534206e+11  3.59e+01 1.65e+02  2.61e+05     0s
   4   3.86003105e+09 -4.13804308e+11  8.74e+00 4.02e+01  9.05e+04     0s
   5   1.69331833e+09 -2.46523725e+11  3.91e+00 1.79e+01  4.65e+04     0s
   6   1.09195131e+09 -2.01799714e+11  2.31e+00 1.06e+01  3.62e+04     0s
   7   4.54713697e+08 -9.71403289e+10  6.25e-01 2.87e+00  1.51e+04     0s
   8   3.00595846e+08 -6.26261836e+10  1.85e-01 8.52e-01  9.00e+03     0s
   9   2.43535130e+08 -1.97289071e+10  4.42e-02 2.03e-01  2.73e+03     0s
  10   2.00209443e+08 -4.90155087e+09  7.10e-03 3.26e-02  6.72e+02     0s
  11   1.38261373e+08 -2.17211364e+09  1.34e-03 6.15e-03  2.99e+02     0s
  12   7.33359111e+07 -6.39596464e+08  1.24e-04 5.71e-04  9.07e+01     0s
  13   3.50293513e+07 -1.05829311e+08  1.16e-05 5.32e-05  1.78e+01     0s
  14   2.27822296e+07 -2.45344927e+07  2.65e-06 1.22e-05  5.99e+00     0s
  15   1.72751927e+07  6.97087958e+06  3.10e-07 1.42e-06  1.30e+00     0s
  16   1.65952388e+07  8.75842702e+06  5.47e-08 2.52e-07  9.92e-01     0s
  17   1.61972470e+07  1.10616375e+07  2.05e-08 9.42e-08  6.50e-01     0s
  18   1.56307453e+07  1.42919575e+07  2.13e-08 1.60e-08  1.70e-01     0s
  19   1.54233532e+07  1.52694451e+07  1.03e-08 1.09e-09  1.95e-02     0s
  20   1.53892174e+07  1.53760214e+07  1.32e-07 2.21e-11  1.67e-03     0s
  21   1.53872062e+07  1.53817982e+07  6.59e-08 1.15e-11  6.85e-04     0s
  22   1.53859617e+07  1.53853574e+07  2.43e-07 2.14e-11  7.65e-05     0s
  23   1.53858149e+07  1.53857343e+07  1.62e-07 2.24e-11  1.02e-05     0s
  24   1.53857951e+07  1.53857845e+07  2.72e-08 1.31e-11  1.34e-06     0s
  25   1.53857923e+07  1.53857918e+07  4.98e-09 1.53e-11  5.90e-08     0s
  26   1.53857922e+07  1.53857922e+07  8.79e-09 2.62e-11  1.45e-10     0s

Barrier solved model in 26 iterations and 0.10 seconds (0.06 work units)
Optimal objective 1.53857922e+07


User-callback calls 94, time in user-callback 0.00 sec
