This is Ipopt version 3.14.19, running with linear solver ma57.

Number of nonzeros in equality constraint Jacobian...:    13682
Number of nonzeros in inequality constraint Jacobian.:     3120
Number of nonzeros in Lagrangian Hessian.............:      899

Total number of variables............................:     5539
                     variables with only lower bounds:        0
                variables with lower and upper bounds:     4303
                     variables with only upper bounds:        0
Total number of equality constraints.................:     3582
Total number of inequality constraints...............:     1560
        inequality constraints with only lower bounds:        0
   inequality constraints with lower and upper bounds:     1560
        inequality constraints with only upper bounds:        0

iter    objective    inf_pr   inf_du lg(mu)  ||d||  lg(rg) alpha_du alpha_pr  ls
   0  4.5692168e+07 1.42e+01 8.48e+01  -1.0 0.00e+00    -  0.00e+00 0.00e+00   0
   1  4.5692880e+07 1.42e+01 8.46e+01  -1.0 1.87e+01    -  7.53e-03 3.21e-05f  1
   2  4.2776406e+07 1.40e+01 8.44e+01  -1.0 6.79e+01    -  3.96e-04 1.51e-02f  1
   3  4.1119378e+07 1.38e+01 8.39e+01  -1.0 3.62e+01    -  6.53e-03 1.59e-02f  1
   4  3.9597907e+07 1.34e+01 8.30e+01  -1.0 3.75e+01    -  1.38e-02 2.88e-02f  1
   5  3.5926001e+07 1.26e+01 8.04e+01  -1.0 3.09e+01    -  3.51e-02 5.60e-02f  1
   6  2.9104295e+07 1.11e+01 7.18e+01  -1.0 2.91e+01    -  1.10e-01 1.24e-01f  1
   7  1.5668118e+07 7.41e+00 4.19e+01  -1.0 2.57e+01    -  4.92e-01 3.30e-01f  1
   8  2.0125183e+06 1.25e-12 2.10e+01  -1.0 1.96e+01  -4.0 5.13e-01 1.00e+00f  1
   9  1.3693006e+06 2.29e-12 5.84e+00  -1.0 5.88e+00    -  7.39e-01 1.00e+00f  1
iter    objective    inf_pr   inf_du lg(mu)  ||d||  lg(rg) alpha_du alpha_pr  ls
  10  1.3371251e+06 1.96e-12 5.72e-02  -1.0 2.05e+00  -4.5 9.90e-01 9.52e-01f  1
  11  1.3295513e+06 3.29e-12 2.27e-13  -1.0 9.41e-01    -  1.00e+00 1.00e+00f  1
  12  2.1035747e+05 5.96e-10 5.55e-02  -2.5 1.30e+00    -  8.37e-01 1.00e+00f  1
  13  1.3326491e+05 1.93e-12 2.45e-02  -2.5 7.72e-01    -  8.75e-01 1.00e+00f  1
  14  8.2282162e+04 2.68e-12 3.09e-02  -3.8 4.70e-01  -5.0 7.40e-01 1.00e+00f  1
  15  7.6233207e+04 3.07e-12 1.25e-02  -3.8 1.96e-01    -  8.30e-01 1.00e+00f  1
  16  7.4596513e+04 1.22e-11 1.99e-14  -3.8 8.94e-02    -  1.00e+00 1.00e+00f  1
  17  7.2180804e+04 2.24e-12 4.04e-03  -5.7 7.03e-02    -  7.76e-01 1.00e+00f  1
  18  7.2021580e+04 2.45e-12 9.57e-04  -5.7 2.71e-02    -  9.20e-01 1.00e+00f  1
  19  7.1975026e+04 2.52e-12 1.99e-14  -5.7 1.60e-02    -  1.00e+00 1.00e+00f  1
iter    objective    inf_pr   inf_du lg(mu)  ||d||  lg(rg) alpha_du alpha_pr  ls
  20  7.1936746e+04 3.18e-12 1.66e-04  -8.6 9.98e-03  -5.4 9.41e-01 1.00e+00f  1
  21  7.1932552e+04 3.49e-12 5.69e-09  -8.6 4.61e-03  -5.9 1.00e+00 1.00e+00f  1
  22  7.1931343e+04 2.65e-12 1.85e-14  -8.6 1.92e-03    -  1.00e+00 1.00e+00f  1
  23  7.1931075e+04 1.62e-12 1.63e-10  -8.6 3.97e-04  -6.4 1.00e+00 1.00e+00f  1
  24  7.1931037e+04 3.17e-12 3.16e-11  -8.6 2.31e-04  -6.9 1.00e+00 1.00e+00h  1
  25  7.1931007e+04 2.83e-12 5.81e-12  -9.0 1.27e-04  -7.3 1.00e+00 1.00e+00h  1

Number of Iterations....: 25

                                   (scaled)                 (unscaled)
Objective...............:   7.1931007488383480e+00    7.1931007488383475e+04
Dual infeasibility......:   5.8146513122901821e-12    5.8146513122901819e-08
Constraint violation....:   5.7859101436818887e-14    2.8311242239453804e-12
Variable bound violation:   9.9909090863115943e-09    9.9909090863115943e-09
Complementarity.........:   3.3760858626450136e-09    3.3760858626450134e-05
Overall NLP error.......:   3.3760858626450136e-09    3.3760858626450134e-05


Number of objective function evaluations             = 26
Number of objective gradient evaluations             = 26
Number of equality constraint evaluations            = 26
Number of inequality constraint evaluations          = 26
Number of equality constraint Jacobian evaluations   = 1
Number of inequality constraint Jacobian evaluations = 1
Number of Lagrangian Hessian evaluations             = 1
Total seconds in IPOPT                               = 0.135

EXIT: Optimal Solution Found.

Gurobi 13.0.2 (win64) logging started Wed Jul 15 11:53:24 2026

Set parameter LogFile to value "C:\Users\ehsanno\DataspellProjects\Spanish_Power_System\results\GoRES\ipopt_logs\2024-07-08_h17.log"

Gurobi 13.0.2 (win64) logging started Wed Jul 15 11:53:24 2026

Set parameter LogFile to value "C:\Users\ehsanno\DataspellProjects\Spanish_Power_System\results\GoRES\ipopt_logs\2024-07-08_h17.log"
Gurobi Optimizer version 13.0.2 build v13.0.2rc1 (win64 - Windows 11+.0 (26200.2))

CPU model: 11th Gen Intel(R) Core(TM) i5-1145G7 @ 2.60GHz, instruction set [SSE2|AVX|AVX2|AVX512]
Thread count: 4 physical cores, 8 logical processors, using up to 8 threads

Non-default parameters:
LogToConsole  0

Optimize a model with 5142 rows, 7193 columns and 18456 nonzeros (Min)
Model fingerprint: 0xed254739
Model has 2031 linear objective coefficients and an objective constant of 4.4394954814259760e+07
Model has 973 quadratic objective terms
Coefficient statistics:
  Matrix range     [1e+00, 1e+04]
  Objective range  [4e-01, 1e+06]
  QObjective range [2e+04, 2e+04]
  Bounds range     [3e-06, 1e+04]
  RHS range        [3e-06, 1e+01]

Presolve removed 3663 rows and 4164 columns
Presolve time: 0.01s
Presolved: 1479 rows, 3029 columns, 9003 nonzeros
Presolved model has 899 quadratic objective terms
Ordering time: 0.00s

Barrier statistics:
 AA' NZ     : 1.796e+04
 Factor NZ  : 4.799e+04 (roughly 2 MB of memory)
 Factor Ops : 1.987e+06 (less than 1 second per iteration)
 Threads    : 1

                  Objective                Residual
Iter       Primal          Dual         Primal    Dual     Compl     Time
   0   6.35552410e+12 -7.01551248e+11  7.25e+03 5.34e+03  5.33e+06     0s
   1   1.78474165e+12 -2.30167150e+11  2.15e+03 1.58e+03  1.61e+06     0s
   2   2.52177584e+11 -1.87114775e+11  3.10e+02 2.28e+02  2.92e+05     0s
   3   4.06150707e+10 -1.24852670e+11  5.08e+01 3.74e+01  5.94e+04     0s
   4   1.46728792e+10 -7.91866968e+10  1.89e+01 1.39e+01  2.57e+04     0s
   5   7.48335929e+09 -5.98319952e+10  1.01e+01 7.41e+00  1.66e+04     0s
   6   1.00177430e+09 -2.24940671e+10  1.76e+00 1.29e+00  4.72e+03     0s
   7   5.67858497e+08 -1.43835330e+10  9.56e-01 7.04e-01  2.89e+03     0s
   8   3.45346646e+08 -8.52951333e+09  5.21e-01 3.84e-01  1.65e+03     0s
   9   2.06346842e+08 -5.00111548e+09  1.02e-01 7.53e-02  9.00e+02     0s
  10   9.31941140e+07 -1.35761446e+09  1.03e-02 7.55e-03  2.41e+02     0s
  11   3.76239144e+07 -4.56990215e+08  1.65e-03 1.22e-03  8.14e+01     0s
  12   9.74255751e+06 -7.69623361e+07  1.99e-04 1.46e-04  1.42e+01     0s
  13   2.11771603e+06 -1.20106947e+07  2.25e-05 1.66e-05  2.32e+00     0s
  14   5.68729466e+05 -2.02876944e+06  1.96e-06 1.44e-06  4.26e-01     0s
  15   1.71303337e+05 -2.72880035e+05  2.46e-07 1.81e-07  7.28e-02     0s
  16   9.10902296e+04  1.47780668e+04  1.79e-07 2.21e-08  1.25e-02     0s
  17   7.53222445e+04  6.27498230e+04  3.05e-07 2.50e-09  2.06e-03     0s
  18   7.25200405e+04  7.04873515e+04  2.91e-07 2.70e-10  3.33e-04     0s
  19   7.19979922e+04  7.18544221e+04  1.47e-06 1.48e-11  2.35e-05     0s
  20   7.19490863e+04  7.19356660e+04  6.08e-08 1.74e-11  2.20e-06     0s
  21   7.19426225e+04  7.19409854e+04  4.46e-09 1.04e-11  2.68e-07     0s
  22   7.19416581e+04  7.19415121e+04  1.90e-09 7.89e-12  2.39e-08     0s
  23   7.19415741e+04  7.19415600e+04  6.29e-10 8.67e-12  2.32e-09     0s

Barrier solved model in 23 iterations and 0.06 seconds (0.05 work units)
Optimal objective 7.19415741e+04


User-callback calls 73, time in user-callback 0.00 sec

Gurobi 13.0.2 (win64) logging started Wed Jul 15 12:00:42 2026

Set parameter LogFile to value "C:\Users\ehsanno\DataspellProjects\Spanish_Power_System\results\GoRES\ipopt_logs\2024-07-08_h17.log"

Gurobi 13.0.2 (win64) logging started Wed Jul 15 12:00:42 2026

Set parameter LogFile to value "C:\Users\ehsanno\DataspellProjects\Spanish_Power_System\results\GoRES\ipopt_logs\2024-07-08_h17.log"
Gurobi Optimizer version 13.0.2 build v13.0.2rc1 (win64 - Windows 11+.0 (26200.2))

CPU model: 11th Gen Intel(R) Core(TM) i5-1145G7 @ 2.60GHz, instruction set [SSE2|AVX|AVX2|AVX512]
Thread count: 4 physical cores, 8 logical processors, using up to 8 threads

Non-default parameters:
LogToConsole  0

Optimize a model with 5142 rows, 7193 columns and 18456 nonzeros (Min)
Model fingerprint: 0xed254739
Model has 2031 linear objective coefficients and an objective constant of 4.4394954814259760e+07
Model has 973 quadratic objective terms
Coefficient statistics:
  Matrix range     [1e+00, 1e+04]
  Objective range  [4e-01, 1e+06]
  QObjective range [2e+04, 2e+04]
  Bounds range     [3e-06, 1e+04]
  RHS range        [3e-06, 1e+01]

Presolve removed 3663 rows and 4164 columns
Presolve time: 0.01s
Presolved: 1479 rows, 3029 columns, 9003 nonzeros
Presolved model has 899 quadratic objective terms
Ordering time: 0.00s

Barrier statistics:
 AA' NZ     : 1.796e+04
 Factor NZ  : 4.799e+04 (roughly 2 MB of memory)
 Factor Ops : 1.987e+06 (less than 1 second per iteration)
 Threads    : 1

                  Objective                Residual
Iter       Primal          Dual         Primal    Dual     Compl     Time
   0   6.35552410e+12 -7.01551248e+11  7.25e+03 5.34e+03  5.33e+06     0s
   1   1.78474165e+12 -2.30167150e+11  2.15e+03 1.58e+03  1.61e+06     0s
   2   2.52177584e+11 -1.87114775e+11  3.10e+02 2.28e+02  2.92e+05     0s
   3   4.06150707e+10 -1.24852670e+11  5.08e+01 3.74e+01  5.94e+04     0s
   4   1.46728792e+10 -7.91866968e+10  1.89e+01 1.39e+01  2.57e+04     0s
   5   7.48335929e+09 -5.98319952e+10  1.01e+01 7.41e+00  1.66e+04     0s
   6   1.00177430e+09 -2.24940671e+10  1.76e+00 1.29e+00  4.72e+03     0s
   7   5.67858497e+08 -1.43835330e+10  9.56e-01 7.04e-01  2.89e+03     0s
   8   3.45346646e+08 -8.52951333e+09  5.21e-01 3.84e-01  1.65e+03     0s
   9   2.06346842e+08 -5.00111548e+09  1.02e-01 7.53e-02  9.00e+02     0s
  10   9.31941140e+07 -1.35761446e+09  1.03e-02 7.55e-03  2.41e+02     0s
  11   3.76239144e+07 -4.56990215e+08  1.65e-03 1.22e-03  8.14e+01     0s
  12   9.74255751e+06 -7.69623361e+07  1.99e-04 1.46e-04  1.42e+01     0s
  13   2.11771603e+06 -1.20106947e+07  2.25e-05 1.66e-05  2.32e+00     0s
  14   5.68729466e+05 -2.02876944e+06  1.96e-06 1.44e-06  4.26e-01     0s
  15   1.71303337e+05 -2.72880035e+05  2.46e-07 1.81e-07  7.28e-02     0s
  16   9.10902296e+04  1.47780668e+04  1.79e-07 2.21e-08  1.25e-02     0s
  17   7.53222445e+04  6.27498230e+04  3.05e-07 2.50e-09  2.06e-03     0s
  18   7.25200405e+04  7.04873515e+04  2.91e-07 2.70e-10  3.33e-04     0s
  19   7.19979922e+04  7.18544221e+04  1.47e-06 1.48e-11  2.35e-05     0s
  20   7.19490863e+04  7.19356660e+04  6.08e-08 1.74e-11  2.20e-06     0s
  21   7.19426225e+04  7.19409854e+04  4.46e-09 1.04e-11  2.68e-07     0s
  22   7.19416581e+04  7.19415121e+04  1.90e-09 7.89e-12  2.39e-08     0s
  23   7.19415741e+04  7.19415600e+04  6.29e-10 8.67e-12  2.32e-09     0s

Barrier solved model in 23 iterations and 0.06 seconds (0.05 work units)
Optimal objective 7.19415741e+04


User-callback calls 74, time in user-callback 0.00 sec

Gurobi 13.0.2 (win64) logging started Wed Jul 15 12:15:58 2026

Set parameter LogFile to value "C:\Users\ehsanno\DataspellProjects\Spanish_Power_System\results\GoRES\ipopt_logs\2024-07-08_h17.log"

Gurobi 13.0.2 (win64) logging started Wed Jul 15 12:15:58 2026

Set parameter LogFile to value "C:\Users\ehsanno\DataspellProjects\Spanish_Power_System\results\GoRES\ipopt_logs\2024-07-08_h17.log"
Gurobi Optimizer version 13.0.2 build v13.0.2rc1 (win64 - Windows 11+.0 (26200.2))

CPU model: 11th Gen Intel(R) Core(TM) i5-1145G7 @ 2.60GHz, instruction set [SSE2|AVX|AVX2|AVX512]
Thread count: 4 physical cores, 8 logical processors, using up to 8 threads

Non-default parameters:
LogToConsole  0

Optimize a model with 5142 rows, 7193 columns and 18456 nonzeros (Min)
Model fingerprint: 0xe0ea699d
Model has 2031 linear objective coefficients and an objective constant of 4.6090912574378960e+07
Model has 973 quadratic objective terms
Coefficient statistics:
  Matrix range     [1e+00, 1e+04]
  Objective range  [4e-01, 1e+06]
  QObjective range [2e+04, 2e+04]
  Bounds range     [4e-07, 1e+04]
  RHS range        [3e-06, 1e+01]

Presolve removed 3663 rows and 4165 columns
Presolve time: 0.01s
Presolved: 1479 rows, 3028 columns, 9002 nonzeros
Presolved model has 899 quadratic objective terms
Ordering time: 0.00s

Barrier statistics:
 AA' NZ     : 1.796e+04
 Factor NZ  : 4.691e+04 (roughly 2 MB of memory)
 Factor Ops : 1.878e+06 (less than 1 second per iteration)
 Threads    : 1

                  Objective                Residual
Iter       Primal          Dual         Primal    Dual     Compl     Time
   0   6.35544250e+12 -7.01344880e+11  7.25e+03 5.34e+03  5.33e+06     0s
   1   1.78483183e+12 -2.30103792e+11  2.15e+03 1.58e+03  1.61e+06     0s
   2   2.52245199e+11 -1.87039690e+11  3.10e+02 2.28e+02  2.92e+05     0s
   3   4.06574245e+10 -1.24764554e+11  5.08e+01 3.74e+01  5.94e+04     0s
   4   1.46875765e+10 -7.90881901e+10  1.89e+01 1.39e+01  2.57e+04     0s
   5   7.48447991e+09 -5.96962597e+10  1.00e+01 7.39e+00  1.66e+04     0s
   6   9.76251937e+08 -2.21463902e+10  1.70e+00 1.25e+00  4.63e+03     0s
   7   5.00634183e+08 -1.30784875e+10  8.61e-01 6.34e-01  2.60e+03     0s
   8   2.82717889e+08 -7.00745598e+09  4.16e-01 3.07e-01  1.33e+03     0s
   9   1.18090386e+08 -2.18486863e+09  2.46e-02 1.81e-02  3.85e+02     0s
  10   4.35111969e+07 -4.04315499e+08  1.83e-03 1.34e-03  7.37e+01     0s
  11   1.07355923e+07 -7.78238864e+07  2.21e-04 1.63e-04  1.45e+01     0s
  12   2.32701546e+06 -1.25089437e+07  2.63e-05 1.94e-05  2.43e+00     0s
  13   5.26832631e+05 -1.84149207e+06  3.10e-06 2.29e-06  3.88e-01     0s
  14   1.65461946e+05 -2.43032850e+05  3.89e-07 2.86e-07  6.70e-02     0s
  15   9.02426930e+04  1.91663007e+04  1.54e-07 3.48e-08  1.17e-02     0s
  16   7.52630530e+04  6.31299918e+04  5.99e-07 4.09e-09  1.99e-03     0s
  17   7.25336160e+04  7.04930312e+04  2.69e-07 4.60e-10  3.35e-04     0s
  18   7.20081305e+04  7.18622924e+04  1.50e-06 1.02e-11  2.39e-05     0s
  19   7.19589928e+04  7.19456114e+04  2.91e-05 4.73e-12  2.20e-06     0s
  20   7.19525861e+04  7.19508771e+04  1.97e-04 1.20e-11  2.66e-07     0s
  21   7.19516196e+04  7.19514653e+04  4.24e-06 6.58e-12  2.54e-08     0s
  22   7.19515318e+04  7.19515168e+04  1.93e-07 8.40e-12  2.45e-09     0s

Barrier solved model in 22 iterations and 0.06 seconds (0.05 work units)
Optimal objective 7.19515318e+04


User-callback calls 72, time in user-callback 0.00 sec

Gurobi 13.0.2 (win64) logging started Wed Jul 15 12:32:11 2026

Set parameter LogFile to value "C:\Users\ehsanno\DataspellProjects\Spanish_Power_System\results\GoRES\ipopt_logs\2024-07-08_h17.log"

Gurobi 13.0.2 (win64) logging started Wed Jul 15 12:32:11 2026

Set parameter LogFile to value "C:\Users\ehsanno\DataspellProjects\Spanish_Power_System\results\GoRES\ipopt_logs\2024-07-08_h17.log"
Gurobi Optimizer version 13.0.2 build v13.0.2rc1 (win64 - Windows 11+.0 (26200.2))

CPU model: 11th Gen Intel(R) Core(TM) i5-1145G7 @ 2.60GHz, instruction set [SSE2|AVX|AVX2|AVX512]
Thread count: 4 physical cores, 8 logical processors, using up to 8 threads

Non-default parameters:
LogToConsole  0

Optimize a model with 5142 rows, 7193 columns and 18456 nonzeros (Min)
Model fingerprint: 0x264a050b
Model has 2031 linear objective coefficients and an objective constant of 4.6090944038239986e+07
Model has 973 quadratic objective terms
Coefficient statistics:
  Matrix range     [1e+00, 1e+04]
  Objective range  [4e-01, 1e+06]
  QObjective range [2e+04, 2e+04]
  Bounds range     [3e-06, 1e+04]
  RHS range        [3e-06, 1e+01]

Presolve removed 3663 rows and 4165 columns
Presolve time: 0.02s
Presolved: 1479 rows, 3028 columns, 9002 nonzeros
Presolved model has 899 quadratic objective terms
Ordering time: 0.00s

Barrier statistics:
 AA' NZ     : 1.796e+04
 Factor NZ  : 4.691e+04 (roughly 2 MB of memory)
 Factor Ops : 1.878e+06 (less than 1 second per iteration)
 Threads    : 1

                  Objective                Residual
Iter       Primal          Dual         Primal    Dual     Compl     Time
   0   6.35544249e+12 -7.01344880e+11  7.25e+03 5.34e+03  5.33e+06     0s
   1   1.78483183e+12 -2.30103792e+11  2.15e+03 1.58e+03  1.61e+06     0s
   2   2.52245200e+11 -1.87039690e+11  3.10e+02 2.28e+02  2.92e+05     0s
   3   4.06574262e+10 -1.24764554e+11  5.08e+01 3.74e+01  5.94e+04     0s
   4   1.46875771e+10 -7.90881907e+10  1.89e+01 1.39e+01  2.57e+04     0s
   5   7.48448004e+09 -5.96962597e+10  1.00e+01 7.39e+00  1.66e+04     0s
   6   9.76252043e+08 -2.21463900e+10  1.70e+00 1.25e+00  4.63e+03     0s
   7   5.00634221e+08 -1.30784869e+10  8.61e-01 6.34e-01  2.60e+03     0s
   8   2.82717725e+08 -7.00745035e+09  4.16e-01 3.07e-01  1.33e+03     0s
   9   1.18090364e+08 -2.18486676e+09  2.46e-02 1.81e-02  3.85e+02     0s
  10   4.35111437e+07 -4.04314335e+08  1.83e-03 1.34e-03  7.37e+01     0s
  11   1.07356316e+07 -7.78241738e+07  2.21e-04 1.63e-04  1.45e+01     0s
  12   2.32702554e+06 -1.25089139e+07  2.63e-05 1.94e-05  2.43e+00     0s
  13   5.26835510e+05 -1.84148460e+06  3.10e-06 2.29e-06  3.88e-01     0s
  14   1.65463755e+05 -2.43031793e+05  3.89e-07 2.86e-07  6.70e-02     0s
  15   9.02413902e+04  1.91747722e+04  2.18e-07 3.48e-08  1.17e-02     0s
  16   7.52640997e+04  6.31274211e+04  1.23e-07 4.09e-09  1.99e-03     0s
  17   7.25343932e+04  7.04913410e+04  2.27e-07 4.62e-10  3.35e-04     0s
  18   7.20082062e+04  7.18623439e+04  9.83e-07 1.53e-11  2.39e-05     0s
  19   7.19590570e+04  7.19455863e+04  3.12e-05 2.02e-11  2.20e-06     0s
  20   7.19525878e+04  7.19509630e+04  1.02e-04 1.02e-11  2.73e-07     0s
  21   7.19516321e+04  7.19514825e+04  1.11e-05 1.73e-11  2.43e-08     0s
  22   7.19515481e+04  7.19515331e+04  2.30e-07 5.72e-12  2.46e-09     0s
  23   7.19515409e+04  7.19515390e+04  1.01e-08 8.80e-12  3.16e-10     0s

Barrier solved model in 23 iterations and 0.10 seconds (0.05 work units)
Optimal objective 7.19515409e+04


User-callback calls 83, time in user-callback 0.00 sec

Gurobi 13.0.2 (win64) logging started Wed Jul 15 14:22:02 2026

Set parameter LogFile to value "C:\Users\ehsanno\DataspellProjects\Spanish_Power_System\results\GoRES\ipopt_logs\2024-07-08_h17.log"

Gurobi 13.0.2 (win64) logging started Wed Jul 15 14:22:02 2026

Set parameter LogFile to value "C:\Users\ehsanno\DataspellProjects\Spanish_Power_System\results\GoRES\ipopt_logs\2024-07-08_h17.log"
Gurobi Optimizer version 13.0.2 build v13.0.2rc1 (win64 - Windows 11+.0 (26200.2))

CPU model: 11th Gen Intel(R) Core(TM) i5-1145G7 @ 2.60GHz, instruction set [SSE2|AVX|AVX2|AVX512]
Thread count: 4 physical cores, 8 logical processors, using up to 8 threads

Non-default parameters:
LogToConsole  0

Optimize a model with 5142 rows, 7193 columns and 18456 nonzeros (Min)
Model fingerprint: 0xd12081b7
Model has 2031 linear objective coefficients and an objective constant of 4.4387778116844319e+07
Model has 973 quadratic objective terms
Coefficient statistics:
  Matrix range     [1e+00, 1e+04]
  Objective range  [4e-01, 1e+06]
  QObjective range [2e+04, 2e+04]
  Bounds range     [3e-06, 1e+04]
  RHS range        [3e-06, 1e+01]

Presolve removed 3662 rows and 4163 columns
Presolve time: 0.02s
Presolved: 1480 rows, 3030 columns, 9001 nonzeros
Presolved model has 899 quadratic objective terms
Ordering time: 0.00s

Barrier statistics:
 AA' NZ     : 1.796e+04
 Factor NZ  : 4.693e+04 (roughly 2 MB of memory)
 Factor Ops : 1.879e+06 (less than 1 second per iteration)
 Threads    : 1

                  Objective                Residual
Iter       Primal          Dual         Primal    Dual     Compl     Time
   0   6.37964615e+12 -7.02214128e+11  7.25e+03 5.34e+03  5.33e+06     0s
   1   1.77759086e+12 -2.30871030e+11  2.13e+03 1.57e+03  1.61e+06     0s
   2   2.55275116e+11 -1.93442942e+11  3.13e+02 2.30e+02  3.02e+05     0s
   3   3.76913635e+10 -1.24740645e+11  4.71e+01 3.46e+01  5.72e+04     0s
   4   1.54745157e+10 -8.17422274e+10  1.99e+01 1.46e+01  2.70e+04     0s
   5   2.01087062e+09 -4.00465005e+10  3.17e+00 2.34e+00  8.72e+03     0s
   6   8.31743155e+08 -2.30690011e+10  1.45e+00 1.07e+00  4.69e+03     0s
   7   4.49986556e+08 -1.31907400e+10  6.65e-01 4.89e-01  2.55e+03     0s
   8   2.49827641e+08 -7.83433935e+09  2.25e-01 1.66e-01  1.45e+03     0s
   9   1.55481991e+08 -3.48428409e+09  8.73e-02 6.43e-02  6.27e+02     0s
  10   7.39300475e+07 -1.19361328e+09  5.12e-03 3.77e-03  2.09e+02     0s
  11   3.37411812e+07 -3.32010343e+08  1.15e-03 8.47e-04  6.01e+01     0s
  12   8.39698591e+06 -6.15247982e+07  1.36e-04 1.01e-04  1.15e+01     0s
  13   1.79440644e+06 -9.31179008e+06  1.47e-05 1.08e-05  1.82e+00     0s
  14   4.12699252e+05 -1.35150475e+06  1.70e-06 1.25e-06  2.89e-01     0s
  15   1.39892982e+05 -1.59380894e+05  2.06e-07 1.52e-07  4.90e-02     0s
  16   8.47276357e+04  3.38772986e+04  4.66e-08 1.77e-08  8.33e-03     0s
  17   7.34539530e+04  6.83156904e+04  1.18e-07 6.73e-10  8.42e-04     0s
  18   7.21077872e+04  7.16102010e+04  2.69e-06 1.20e-11  8.15e-05     0s
  19   7.19590464e+04  7.19218909e+04  2.86e-06 1.29e-11  6.09e-06     0s
  20   7.19430673e+04  7.19385052e+04  2.85e-05 1.42e-11  7.48e-07     0s
  21   7.19406173e+04  7.19401302e+04  1.69e-06 2.10e-11  7.98e-08     0s
  22   7.19403192e+04  7.19402789e+04  2.00e-07 1.09e-11  6.60e-09     0s

Barrier solved model in 22 iterations and 0.07 seconds (0.05 work units)
Optimal objective 7.19403192e+04


User-callback calls 78, time in user-callback 0.00 sec

Gurobi 13.0.2 (win64) logging started Wed Jul 15 14:28:05 2026

Set parameter LogFile to value "C:\Users\ehsanno\DataspellProjects\Spanish_Power_System\results\GoRES\ipopt_logs\2024-07-08_h17.log"

Gurobi 13.0.2 (win64) logging started Wed Jul 15 14:28:05 2026

Set parameter LogFile to value "C:\Users\ehsanno\DataspellProjects\Spanish_Power_System\results\GoRES\ipopt_logs\2024-07-08_h17.log"
Gurobi Optimizer version 13.0.2 build v13.0.2rc1 (win64 - Windows 11+.0 (26200.2))

CPU model: 11th Gen Intel(R) Core(TM) i5-1145G7 @ 2.60GHz, instruction set [SSE2|AVX|AVX2|AVX512]
Thread count: 4 physical cores, 8 logical processors, using up to 8 threads

Non-default parameters:
LogToConsole  0

Optimize a model with 5142 rows, 7193 columns and 18456 nonzeros (Min)
Model fingerprint: 0x464c333b
Model has 2031 linear objective coefficients and an objective constant of 4.4387778116844319e+07
Model has 973 quadratic objective terms
Coefficient statistics:
  Matrix range     [1e+00, 1e+04]
  Objective range  [4e-01, 1e+06]
  QObjective range [2e+04, 2e+04]
  Bounds range     [3e-06, 1e+04]
  RHS range        [3e-06, 1e+01]

Presolve removed 3643 rows and 4127 columns
Presolve time: 0.01s
Presolved: 1499 rows, 3066 columns, 8989 nonzeros
Presolved model has 899 quadratic objective terms
Ordering time: 0.00s

Barrier statistics:
 AA' NZ     : 1.778e+04
 Factor NZ  : 4.724e+04 (roughly 2 MB of memory)
 Factor Ops : 1.883e+06 (less than 1 second per iteration)
 Threads    : 1

                  Objective                Residual
Iter       Primal          Dual         Primal    Dual     Compl     Time
   0   4.84720711e+12 -5.34033888e+11  6.25e+03 3.32e+03  3.31e+06     0s
   1   1.36006722e+12 -1.09374218e+11  1.88e+03 9.98e+02  1.02e+06     0s
   2   2.28722358e+11 -7.25419247e+10  3.25e+02 1.72e+02  2.25e+05     0s
   3   1.11842975e+10 -5.11273160e+10  1.64e+01 8.73e+00  1.81e+04     0s
   4   4.31056785e+09 -3.33071954e+10  6.62e+00 3.52e+00  8.95e+03     0s
   5   1.34500879e+09 -1.70052166e+10  2.22e+00 1.18e+00  3.73e+03     0s
   6   7.09621489e+08 -1.15621725e+10  1.12e+00 5.94e-01  2.37e+03     0s
   7   4.89321440e+08 -8.49490397e+09  7.27e-01 3.86e-01  1.68e+03     0s
   8   3.05248383e+08 -5.54405251e+09  3.59e-01 1.91e-01  1.05e+03     0s
   9   2.40507080e+08 -4.19496399e+09  2.40e-01 1.28e-01  7.83e+02     0s
  10   1.52087890e+08 -2.13018320e+09  9.89e-02 5.25e-02  3.90e+02     0s
  11   6.10741273e+07 -4.88270464e+08  6.58e-03 3.49e-03  8.97e+01     0s
  12   3.18508910e+07 -1.69108327e+08  6.58e-09 3.49e-09  3.25e+01     0s
  13   1.52865101e+07  2.73613073e+06  1.09e-09 2.37e-11  2.03e+00     0s
  14   1.26871468e+07  7.77543151e+06  1.47e-08 9.61e-12  7.95e-01     0s
  15   1.18685728e+07  1.12765977e+07  1.34e-09 1.19e-11  9.59e-02     0s
  16   1.17379141e+07  1.15927597e+07  2.43e-08 1.67e-11  2.35e-02     0s
  17   1.16983074e+07  1.16864584e+07  3.20e-08 7.39e-12  1.92e-03     0s
  18   1.16952071e+07  1.16949113e+07  2.88e-08 5.66e-12  4.79e-05     0s
  19   1.16951278e+07  1.16951197e+07  1.81e-08 1.40e-11  1.32e-06     0s
  20   1.16951241e+07  1.16951246e+07  7.04e-07 1.49e-11  5.59e-08     0s
  21   1.16951234e+07  1.16951246e+07  2.24e-06 1.36e-11  5.47e-08     0s
  22   1.16951232e+07  1.16951248e+07  1.53e-06 1.31e-11  3.32e-09     0s
  23   1.16951217e+07  1.16951248e+07  1.87e-06 9.04e-12  1.41e-09     0s
  24   1.16951259e+07  1.16951248e+07  1.89e-06 8.80e-12  6.09e-10     0s
  25   1.16951234e+07  1.16951248e+07  2.75e-06 1.26e-11  1.67e-12     0s
  26   1.16951238e+07  1.16951248e+07  1.13e-06 7.29e-12  1.68e-15     0s
  27   1.16951257e+07  1.16951248e+07  1.07e-06 2.18e-11  1.88e-16     0s
  28   1.16951222e+07  1.16951248e+07  8.23e-07 7.28e-12  8.83e-17     0s
  29   1.16951228e+07  1.16951248e+07  5.86e-07 1.09e-11  8.87e-20     0s
  30   1.16951214e+07  1.16951248e+07  1.36e-06 1.46e-11  6.13e-20     0s
  31   1.16951186e+07  1.16951248e+07  3.55e-06 1.46e-11  5.09e-20     0s

Barrier performed 31 iterations in 0.07 seconds (0.07 work units)
Sub-optimal termination - objective 1.16952071e+07


User-callback calls 87, time in user-callback 0.00 sec

Gurobi 13.0.2 (win64) logging started Wed Jul 15 14:31:12 2026

Set parameter LogFile to value "C:\Users\ehsanno\DataspellProjects\Spanish_Power_System\results\GoRES\ipopt_logs\2024-07-08_h17.log"

Gurobi 13.0.2 (win64) logging started Wed Jul 15 14:31:12 2026

Set parameter LogFile to value "C:\Users\ehsanno\DataspellProjects\Spanish_Power_System\results\GoRES\ipopt_logs\2024-07-08_h17.log"
Gurobi Optimizer version 13.0.2 build v13.0.2rc1 (win64 - Windows 11+.0 (26200.2))

CPU model: 11th Gen Intel(R) Core(TM) i5-1145G7 @ 2.60GHz, instruction set [SSE2|AVX|AVX2|AVX512]
Thread count: 4 physical cores, 8 logical processors, using up to 8 threads

Non-default parameters:
LogToConsole  0

Optimize a model with 5142 rows, 7193 columns and 18456 nonzeros (Min)
Model fingerprint: 0x8f1de8c3
Model has 2031 linear objective coefficients and an objective constant of 4.4387780876080029e+07
Model has 973 quadratic objective terms
Coefficient statistics:
  Matrix range     [1e+00, 1e+04]
  Objective range  [4e-01, 1e+06]
  QObjective range [2e+04, 2e+04]
  Bounds range     [3e-06, 1e+04]
  RHS range        [3e-06, 1e+01]

Presolve removed 3656 rows and 4145 columns
Presolve time: 0.01s
Presolved: 1486 rows, 3048 columns, 8953 nonzeros
Presolved model has 899 quadratic objective terms
Ordering time: 0.00s

Barrier statistics:
 AA' NZ     : 1.773e+04
 Factor NZ  : 4.772e+04 (roughly 2 MB of memory)
 Factor Ops : 1.980e+06 (less than 1 second per iteration)
 Threads    : 1

                  Objective                Residual
Iter       Primal          Dual         Primal    Dual     Compl     Time
   0   5.12307062e+12 -5.63658013e+11  6.50e+03 3.60e+03  3.59e+06     0s
   1   1.43663896e+12 -1.30229451e+11  1.95e+03 1.08e+03  1.10e+06     0s
   2   2.34416688e+11 -9.49247591e+10  3.26e+02 1.81e+02  2.36e+05     0s
   3   1.74928382e+10 -6.30623619e+10  2.50e+01 1.39e+01  2.54e+04     0s
   4   3.97056216e+09 -3.62304396e+10  6.11e+00 3.39e+00  9.24e+03     0s
   5   1.46273642e+09 -2.01614115e+10  2.39e+00 1.33e+00  4.46e+03     0s
   6   6.56563681e+08 -1.11165291e+10  1.11e+00 6.15e-01  2.27e+03     0s
   7   3.58902773e+08 -7.02096812e+09  5.43e-01 3.01e-01  1.36e+03     0s
   8   3.13556416e+08 -6.13160320e+09  4.41e-01 2.44e-01  1.18e+03     0s
   9   2.06600286e+08 -3.65680310e+09  2.47e-01 1.37e-01  6.88e+02     0s
  10   8.09121865e+07 -8.90432594e+08  2.04e-02 1.13e-02  1.61e+02     0s
  11   3.47797531e+07 -2.80465832e+08  3.86e-03 2.14e-03  5.16e+01     0s
  12   1.09060755e+07 -2.52884909e+07  1.57e-04 8.69e-05  5.90e+00     0s
  13   7.09519132e+06 -1.88311956e+06  3.17e-05 1.76e-05  1.46e+00     0s
  14   5.90651696e+06  3.63283838e+06  4.98e-06 2.76e-06  3.70e-01     0s
  15   5.54328478e+06  5.00897865e+06  9.25e-07 5.13e-07  8.71e-02     0s
  16   5.42426331e+06  5.35260801e+06  4.80e-08 2.66e-08  1.17e-02     0s
  17   5.40627774e+06  5.40314295e+06  4.27e-09 1.15e-10  5.11e-04     0s
  18   5.40543937e+06  5.40540280e+06  7.85e-08 8.27e-12  5.96e-06     0s
  19   5.40541664e+06  5.40541619e+06  1.75e-06 1.21e-11  1.34e-07     0s
  20   5.40541653e+06  5.40541650e+06  5.52e-08 1.24e-11  5.07e-09     0s

Barrier solved model in 20 iterations and 0.06 seconds (0.04 work units)
Optimal objective 5.40541653e+06


User-callback calls 71, time in user-callback 0.00 sec

Gurobi 13.0.2 (win64) logging started Wed Jul 15 17:24:41 2026

Set parameter LogFile to value "C:\Users\ehsanno\DataspellProjects\Spanish_Power_System\results\GoRES\ipopt_logs\2024-07-08_h17.log"

Gurobi 13.0.2 (win64) logging started Wed Jul 15 17:24:41 2026

Set parameter LogFile to value "C:\Users\ehsanno\DataspellProjects\Spanish_Power_System\results\GoRES\ipopt_logs\2024-07-08_h17.log"
Gurobi Optimizer version 13.0.2 build v13.0.2rc1 (win64 - Windows 11+.0 (26200.2))

CPU model: 11th Gen Intel(R) Core(TM) i5-1145G7 @ 2.60GHz, instruction set [SSE2|AVX|AVX2|AVX512]
Thread count: 4 physical cores, 8 logical processors, using up to 8 threads

Non-default parameters:
LogToConsole  0

Optimize a model with 5146 rows, 7439 columns and 18714 nonzeros (Min)
Model fingerprint: 0x0c9346ce
Model has 2199 linear objective coefficients and an objective constant of 4.9253793645180658e+07
Model has 972 quadratic objective terms
Coefficient statistics:
  Matrix range     [1e+00, 1e+04]
  Objective range  [4e-01, 1e+06]
  QObjective range [2e+04, 2e+04]
  Bounds range     [6e-12, 1e+04]
  RHS range        [3e-06, 1e+01]

Presolve removed 3636 rows and 4234 columns
Presolve time: 0.03s
Presolved: 1510 rows, 3205 columns, 9186 nonzeros
Presolved model has 898 quadratic objective terms
Ordering time: 0.00s

Barrier statistics:
 AA' NZ     : 1.796e+04
 Factor NZ  : 5.155e+04 (roughly 2 MB of memory)
 Factor Ops : 2.394e+06 (less than 1 second per iteration)
 Threads    : 1

                  Objective                Residual
Iter       Primal          Dual         Primal    Dual     Compl     Time
   0   4.88158628e+12 -1.61400242e+12  8.25e+03 3.79e+04  3.78e+07     0s
   1   9.53890415e+11 -8.76491229e+11  1.75e+03 8.02e+03  8.26e+06     0s
   2   6.01691699e+10 -8.53361119e+11  1.13e+02 5.17e+02  7.06e+05     0s
   3   1.33906570e+10 -4.82936542e+11  2.55e+01 1.17e+02  1.88e+05     0s
   4   2.48802216e+09 -2.81082610e+11  5.07e+00 2.33e+01  6.54e+04     0s
   5   5.01102972e+08 -1.18475499e+11  9.17e-01 4.21e+00  2.20e+04     0s
   6   3.67743495e+08 -7.64593696e+10  4.84e-01 2.22e+00  1.36e+04     0s
   7   2.67467381e+08 -5.25277667e+10  1.02e-01 4.68e-01  8.65e+03     0s
   8   2.15067408e+08 -8.48617829e+09  9.62e-03 4.41e-02  1.37e+03     0s
   9   1.53501794e+08 -3.14116242e+09  1.99e-03 9.15e-03  5.13e+02     0s
  10   8.74206676e+07 -9.63021900e+08  9.46e-05 4.34e-04  1.63e+02     0s
  11   3.76060042e+07 -3.12677314e+08  1.53e-05 7.00e-05  5.43e+01     0s
  12   1.27522044e+07 -2.48279961e+07  3.88e-07 1.78e-06  5.82e+00     0s
  13   8.37345708e+06  1.19985408e+06  5.35e-08 2.46e-07  1.11e+00     0s
  14   7.27801315e+06  5.79883394e+06  6.94e-10 2.45e-09  2.29e-01     0s
  15   7.05724823e+06  6.60051101e+06  3.42e-10 6.93e-10  7.08e-02     0s
  16   6.98481531e+06  6.71237081e+06  7.23e-10 1.64e-11  4.22e-02     0s
  17   6.94149331e+06  6.91013843e+06  6.73e-10 1.41e-11  4.86e-03     0s
  18   6.93601041e+06  6.93154282e+06  1.69e-09 9.53e-12  6.92e-04     0s
  19   6.93513030e+06  6.93467238e+06  1.02e-08 1.02e-11  7.10e-05     0s
  20   6.93502654e+06  6.93499930e+06  1.84e-08 1.57e-11  4.22e-06     0s
  21   6.93502016e+06  6.93501996e+06  5.71e-08 1.33e-11  3.03e-08     0s
  22   6.93502010e+06  6.93502009e+06  2.98e-09 5.52e-12  9.48e-10     0s

Barrier solved model in 22 iterations and 0.09 seconds (0.05 work units)
Optimal objective 6.93502010e+06


User-callback calls 72, time in user-callback 0.00 sec

Gurobi 13.0.2 (win64) logging started Wed Jul 15 17:27:48 2026

Set parameter LogFile to value "C:\Users\ehsanno\DataspellProjects\Spanish_Power_System\results\GoRES\ipopt_logs\2024-07-08_h17.log"

Gurobi 13.0.2 (win64) logging started Wed Jul 15 17:27:48 2026

Set parameter LogFile to value "C:\Users\ehsanno\DataspellProjects\Spanish_Power_System\results\GoRES\ipopt_logs\2024-07-08_h17.log"
Gurobi Optimizer version 13.0.2 build v13.0.2rc1 (win64 - Windows 11+.0 (26200.2))

CPU model: 11th Gen Intel(R) Core(TM) i5-1145G7 @ 2.60GHz, instruction set [SSE2|AVX|AVX2|AVX512]
Thread count: 4 physical cores, 8 logical processors, using up to 8 threads

Non-default parameters:
LogToConsole  0

Optimize a model with 5146 rows, 7439 columns and 18714 nonzeros (Min)
Model fingerprint: 0x93c4a7a3
Model has 2199 linear objective coefficients and an objective constant of 4.9253780641120009e+07
Model has 972 quadratic objective terms
Coefficient statistics:
  Matrix range     [1e+00, 1e+04]
  Objective range  [4e-01, 1e+06]
  QObjective range [2e+04, 2e+04]
  Bounds range     [3e-06, 1e+04]
  RHS range        [3e-06, 1e+01]

Presolve removed 3646 rows and 4246 columns
Presolve time: 0.02s
Presolved: 1500 rows, 3193 columns, 9168 nonzeros
Presolved model has 898 quadratic objective terms
Ordering time: 0.00s

Barrier statistics:
 AA' NZ     : 1.786e+04
 Factor NZ  : 4.918e+04 (roughly 2 MB of memory)
 Factor Ops : 2.123e+06 (less than 1 second per iteration)
 Threads    : 1

                  Objective                Residual
Iter       Primal          Dual         Primal    Dual     Compl     Time
   0   5.64403267e+12 -1.79478298e+12  7.38e+03 3.76e+04  3.76e+07     0s
   1   1.16076038e+12 -9.76745954e+11  1.63e+03 8.29e+03  8.54e+06     0s
   2   9.08528504e+10 -8.97820785e+11  1.30e+02 6.62e+02  8.49e+05     0s
   3   1.63822783e+10 -4.96616701e+11  2.39e+01 1.22e+02  1.90e+05     0s
   4   2.63464217e+09 -2.79074630e+11  4.17e+00 2.13e+01  6.33e+04     0s
   5   7.36684685e+08 -1.30874000e+11  1.17e+00 5.96e+00  2.54e+04     0s
   6   5.04831670e+08 -8.88524884e+10  6.12e-01 3.12e+00  1.65e+04     0s
   7   3.13828448e+08 -6.66733207e+10  1.84e-01 9.37e-01  1.15e+04     0s
   8   2.25152971e+08 -1.32122023e+10  3.15e-02 1.61e-01  2.17e+03     0s
   9   1.79135034e+08 -4.89840690e+09  1.02e-02 5.22e-02  8.03e+02     0s
  10   1.13065136e+08 -2.86783798e+09  1.96e-03 1.00e-02  4.66e+02     0s
  11   5.76353625e+07 -6.44459842e+08  3.28e-04 1.68e-03  1.09e+02     0s
  12   1.75733907e+07 -8.20905636e+07  7.88e-06 4.02e-05  1.55e+01     0s
  13   7.56284223e+06 -4.65434842e+06  9.37e-08 4.78e-07  1.90e+00     0s
  14   5.90698823e+06  2.87012150e+06  8.60e-09 4.39e-08  4.72e-01     0s
  15   5.56193934e+06  4.47643015e+06  2.11e-09 1.05e-08  1.69e-01     0s
  16   5.38516742e+06  5.20828457e+06  2.50e-09 1.34e-09  2.75e-02     0s
  17   5.34653719e+06  5.33619637e+06  2.23e-09 2.12e-11  1.61e-03     0s
  18   5.34383511e+06  5.34301490e+06  1.18e-08 6.06e-12  1.28e-04     0s
  19   5.34362757e+06  5.34359396e+06  1.93e-09 1.00e-11  5.23e-06     0s
  20   5.34361807e+06  5.34361734e+06  2.66e-11 1.18e-11  1.15e-07     0s
  21   5.34361776e+06  5.34361774e+06  9.49e-10 1.53e-11  3.00e-09     0s

Barrier solved model in 21 iterations and 0.09 seconds (0.05 work units)
Optimal objective 5.34361776e+06


User-callback calls 77, time in user-callback 0.00 sec

Gurobi 13.0.2 (win64) logging started Wed Jul 15 17:30:06 2026

Set parameter LogFile to value "C:\Users\ehsanno\DataspellProjects\Spanish_Power_System\results\GoRES\ipopt_logs\2024-07-08_h17.log"

Gurobi 13.0.2 (win64) logging started Wed Jul 15 17:30:06 2026

Set parameter LogFile to value "C:\Users\ehsanno\DataspellProjects\Spanish_Power_System\results\GoRES\ipopt_logs\2024-07-08_h17.log"
Gurobi Optimizer version 13.0.2 build v13.0.2rc1 (win64 - Windows 11+.0 (26200.2))

CPU model: 11th Gen Intel(R) Core(TM) i5-1145G7 @ 2.60GHz, instruction set [SSE2|AVX|AVX2|AVX512]
Thread count: 4 physical cores, 8 logical processors, using up to 8 threads

Non-default parameters:
LogToConsole  0

Optimize a model with 5146 rows, 7439 columns and 18714 nonzeros (Min)
Model fingerprint: 0x17dbde09
Model has 2199 linear objective coefficients and an objective constant of 4.9253780641120009e+07
Model has 972 quadratic objective terms
Coefficient statistics:
  Matrix range     [1e+00, 1e+04]
  Objective range  [4e-01, 1e+06]
  QObjective range [2e+04, 2e+04]
  Bounds range     [3e-06, 1e+04]
  RHS range        [3e-06, 1e+01]

Presolve removed 3653 rows and 4257 columns
Presolve time: 0.02s
Presolved: 1493 rows, 3182 columns, 9181 nonzeros
Presolved model has 898 quadratic objective terms
Ordering time: 0.01s

Barrier statistics:
 AA' NZ     : 1.789e+04
 Factor NZ  : 5.015e+04 (roughly 2 MB of memory)
 Factor Ops : 2.263e+06 (less than 1 second per iteration)
 Threads    : 1

                  Objective                Residual
Iter       Primal          Dual         Primal    Dual     Compl     Time
   0   5.70750104e+12 -2.18546025e+12  7.75e+03 3.76e+04  3.76e+07     0s
   1   1.22913818e+12 -1.25199613e+12  1.78e+03 8.67e+03  8.93e+06     0s
   2   1.16655233e+11 -1.09040312e+12  1.73e+02 8.41e+02  1.04e+06     0s
   3   1.80274503e+10 -5.98560277e+11  2.75e+01 1.34e+02  2.14e+05     0s
   4   2.60833134e+09 -3.38837971e+11  4.42e+00 2.15e+01  7.40e+04     0s
   5   1.04284163e+09 -1.89781932e+11  1.83e+00 8.89e+00  3.78e+04     0s
   6   6.32418449e+08 -1.23431773e+11  8.79e-01 4.27e+00  2.33e+04     0s
   7   3.90048350e+08 -1.04683163e+11  4.18e-01 2.03e+00  1.90e+04     0s
   8   2.24726995e+08 -2.04182659e+10  5.40e-02 2.62e-01  3.41e+03     0s
   9   1.87674030e+08 -4.72641533e+09  7.67e-03 3.72e-02  7.80e+02     0s
  10   1.48409878e+08 -2.90540035e+09  3.34e-03 1.62e-02  4.81e+02     0s
  11   9.64422827e+07 -1.34402960e+09  7.84e-04 3.81e-03  2.25e+02     0s
  12   3.86190400e+07 -4.48928904e+08  1.44e-09 3.81e-09  7.61e+01     0s
  13   9.86667888e+06 -2.83223932e+07  5.08e-10 6.91e-11  5.96e+00     0s
  14   6.26182572e+06 -1.17502886e+07  6.57e-10 3.09e-11  2.81e+00     0s
  15   4.01774301e+06 -4.27130921e+05  6.53e-10 1.36e-11  6.94e-01     0s
  16   3.30569871e+06  2.57087838e+06  6.36e-09 1.61e-11  1.15e-01     0s
  17   3.20227622e+06  2.86009129e+06  9.04e-09 1.01e-11  5.34e-02     0s
  18   3.14299976e+06  3.03041736e+06  9.17e-09 8.28e-12  1.76e-02     0s
  19   3.12412352e+06  3.10469140e+06  1.36e-08 9.88e-12  3.03e-03     0s
  20   3.11978786e+06  3.11842001e+06  2.62e-08 6.15e-12  2.14e-04     0s
  21   3.11944021e+06  3.11933700e+06  1.15e-07 1.25e-11  1.61e-05     0s
  22   3.11941429e+06  3.11941231e+06  1.85e-09 1.36e-11  3.10e-07     0s
  23   3.11941374e+06  3.11941372e+06  3.88e-09 8.27e-12  1.97e-09     0s

Barrier solved model in 23 iterations and 0.09 seconds (0.05 work units)
Optimal objective 3.11941374e+06


User-callback calls 74, time in user-callback 0.00 sec

Gurobi 13.0.2 (win64) logging started Wed Jul 15 18:00:32 2026

Set parameter LogFile to value "C:\Users\ehsanno\DataspellProjects\Spanish_Power_System\results\GoRES\ipopt_logs\2024-07-08_h17.log"

Gurobi 13.0.2 (win64) logging started Wed Jul 15 18:00:32 2026

Set parameter LogFile to value "C:\Users\ehsanno\DataspellProjects\Spanish_Power_System\results\GoRES\ipopt_logs\2024-07-08_h17.log"
Gurobi Optimizer version 13.0.2 build v13.0.2rc1 (win64 - Windows 11+.0 (26200.2))

CPU model: 11th Gen Intel(R) Core(TM) i5-1145G7 @ 2.60GHz, instruction set [SSE2|AVX|AVX2|AVX512]
Thread count: 4 physical cores, 8 logical processors, using up to 8 threads

Non-default parameters:
LogToConsole  0

Optimize a model with 5146 rows, 7439 columns and 18714 nonzeros (Min)
Model fingerprint: 0x7c7904f9
Model has 2199 linear objective coefficients and an objective constant of 4.9253780641120009e+07
Model has 972 quadratic objective terms
Coefficient statistics:
  Matrix range     [1e+00, 1e+04]
  Objective range  [4e-01, 1e+06]
  QObjective range [2e+04, 2e+04]
  Bounds range     [3e-06, 1e+04]
  RHS range        [3e-06, 1e+01]

Presolve removed 3651 rows and 4254 columns
Presolve time: 0.03s
Presolved: 1495 rows, 3185 columns, 9199 nonzeros
Presolved model has 898 quadratic objective terms
Ordering time: 0.01s

Barrier statistics:
 AA' NZ     : 1.787e+04
 Factor NZ  : 4.887e+04 (roughly 2 MB of memory)
 Factor Ops : 2.090e+06 (less than 1 second per iteration)
 Threads    : 1

                  Objective                Residual
Iter       Primal          Dual         Primal    Dual     Compl     Time
   0   6.43476836e+12 -2.50987002e+12  7.50e+03 3.76e+04  3.76e+07     0s
   1   1.44456544e+12 -1.48660302e+12  1.79e+03 8.96e+03  9.26e+06     0s
   2   1.55439772e+11 -1.26845063e+12  1.96e+02 9.84e+02  1.23e+06     0s
   3   2.35998035e+10 -6.50163246e+11  3.05e+01 1.53e+02  2.39e+05     0s
   4   4.14105678e+09 -3.03728772e+11  5.85e+00 2.94e+01  6.95e+04     0s
   5   1.39726740e+09 -1.42801183e+11  2.10e+00 1.06e+01  2.90e+04     0s
   6   7.48848634e+08 -9.18823454e+10  9.43e-01 4.73e+00  1.76e+04     0s
   7   4.84206504e+08 -6.43974603e+10  5.35e-01 2.68e+00  1.19e+04     0s
   8   1.98736792e+08 -1.12451797e+10  3.39e-02 1.70e-01  1.86e+03     0s
   9   1.58597432e+08 -2.92800619e+09  7.41e-03 3.72e-02  4.88e+02     0s
  10   1.12278912e+08 -1.70942886e+09  2.62e-03 1.32e-02  2.86e+02     0s
  11   4.37679777e+07 -5.27141450e+08  2.20e-05 1.10e-04  8.90e+01     0s
  12   1.18322531e+07 -6.81193534e+07  2.92e-07 1.47e-06  1.25e+01     0s
  13   3.51229711e+06 -7.98399524e+06  2.00e-08 1.01e-07  1.79e+00     0s
  14   2.32204748e+06 -1.89229195e+06  5.64e-09 2.24e-10  6.57e-01     0s
  15   1.83231214e+06  1.13779722e+06  5.07e-09 2.77e-11  1.08e-01     0s
  16   1.75048546e+06  1.49267273e+06  1.21e-08 2.44e-11  4.02e-02     0s
  17   1.71432265e+06  1.61596844e+06  2.53e-08 4.81e-11  1.53e-02     0s
  18   1.69769837e+06  1.69067723e+06  2.05e-08 2.22e-11  1.09e-03     0s
  19   1.69676814e+06  1.69166516e+06  6.17e-08 1.75e-11  7.96e-04     0s
  20   1.69580876e+06  1.69532054e+06  5.51e-08 7.56e-12  7.61e-05     0s
  21   1.69571826e+06  1.69565353e+06  6.97e-08 9.42e-12  1.01e-05     0s
  22   1.69570449e+06  1.69570292e+06  1.09e-07 2.13e-11  2.55e-07     0s
  23   1.69570419e+06  1.69570417e+06  2.70e-09 7.58e-12  2.48e-09     0s

Barrier solved model in 23 iterations and 0.10 seconds (0.05 work units)
Optimal objective 1.69570419e+06


User-callback calls 77, time in user-callback 0.00 sec

Gurobi 13.0.2 (win64) logging started Thu Jul 16 15:27:20 2026

Set parameter LogFile to value "C:\Users\ehsanno\DataspellProjects\Spanish_Power_System\results\GoRES\ipopt_logs\2024-07-08_h17.log"

Gurobi 13.0.2 (win64) logging started Thu Jul 16 15:27:20 2026

Set parameter LogFile to value "C:\Users\ehsanno\DataspellProjects\Spanish_Power_System\results\GoRES\ipopt_logs\2024-07-08_h17.log"
Gurobi Optimizer version 13.0.2 build v13.0.2rc1 (win64 - Windows 11+.0 (26200.2))

CPU model: 11th Gen Intel(R) Core(TM) i5-1145G7 @ 2.60GHz, instruction set [SSE2|AVX|AVX2|AVX512]
Thread count: 4 physical cores, 8 logical processors, using up to 8 threads

Non-default parameters:
LogToConsole  0

Optimize a model with 5146 rows, 7439 columns and 18714 nonzeros (Min)
Model fingerprint: 0x7c7904f9
Model has 2199 linear objective coefficients and an objective constant of 4.9253780641120009e+07
Model has 972 quadratic objective terms
Coefficient statistics:
  Matrix range     [1e+00, 1e+04]
  Objective range  [4e-01, 1e+06]
  QObjective range [2e+04, 2e+04]
  Bounds range     [3e-06, 1e+04]
  RHS range        [3e-06, 1e+01]

Presolve removed 3651 rows and 4254 columns
Presolve time: 0.02s
Presolved: 1495 rows, 3185 columns, 9199 nonzeros
Presolved model has 898 quadratic objective terms
Ordering time: 0.00s

Barrier statistics:
 AA' NZ     : 1.787e+04
 Factor NZ  : 4.887e+04 (roughly 2 MB of memory)
 Factor Ops : 2.090e+06 (less than 1 second per iteration)
 Threads    : 1

                  Objective                Residual
Iter       Primal          Dual         Primal    Dual     Compl     Time
   0   6.43476836e+12 -2.50987002e+12  7.50e+03 3.76e+04  3.76e+07     0s
   1   1.44456544e+12 -1.48660302e+12  1.79e+03 8.96e+03  9.26e+06     0s
   2   1.55439772e+11 -1.26845063e+12  1.96e+02 9.84e+02  1.23e+06     0s
   3   2.35998035e+10 -6.50163246e+11  3.05e+01 1.53e+02  2.39e+05     0s
   4   4.14105678e+09 -3.03728772e+11  5.85e+00 2.94e+01  6.95e+04     0s
   5   1.39726740e+09 -1.42801183e+11  2.10e+00 1.06e+01  2.90e+04     0s
   6   7.48848634e+08 -9.18823454e+10  9.43e-01 4.73e+00  1.76e+04     0s
   7   4.84206504e+08 -6.43974603e+10  5.35e-01 2.68e+00  1.19e+04     0s
   8   1.98736792e+08 -1.12451797e+10  3.39e-02 1.70e-01  1.86e+03     0s
   9   1.58597432e+08 -2.92800619e+09  7.41e-03 3.72e-02  4.88e+02     0s
  10   1.12278912e+08 -1.70942886e+09  2.62e-03 1.32e-02  2.86e+02     0s
  11   4.37679777e+07 -5.27141450e+08  2.20e-05 1.10e-04  8.90e+01     0s
  12   1.18322531e+07 -6.81193534e+07  2.92e-07 1.47e-06  1.25e+01     0s
  13   3.51229711e+06 -7.98399524e+06  2.00e-08 1.01e-07  1.79e+00     0s
  14   2.32204748e+06 -1.89229195e+06  5.64e-09 2.24e-10  6.57e-01     0s
  15   1.83231214e+06  1.13779722e+06  5.07e-09 2.77e-11  1.08e-01     0s
  16   1.75048546e+06  1.49267273e+06  1.21e-08 2.44e-11  4.02e-02     0s
  17   1.71432265e+06  1.61596844e+06  2.53e-08 4.81e-11  1.53e-02     0s
  18   1.69769837e+06  1.69067723e+06  2.05e-08 2.22e-11  1.09e-03     0s
  19   1.69676814e+06  1.69166516e+06  6.17e-08 1.75e-11  7.96e-04     0s
  20   1.69580876e+06  1.69532054e+06  5.51e-08 7.56e-12  7.61e-05     0s
  21   1.69571826e+06  1.69565353e+06  6.97e-08 9.42e-12  1.01e-05     0s
  22   1.69570449e+06  1.69570292e+06  1.09e-07 2.13e-11  2.55e-07     0s
  23   1.69570419e+06  1.69570417e+06  2.70e-09 7.58e-12  2.48e-09     0s

Barrier solved model in 23 iterations and 0.07 seconds (0.05 work units)
Optimal objective 1.69570419e+06


User-callback calls 77, time in user-callback 0.00 sec

Gurobi 13.0.2 (win64) logging started Thu Jul 16 16:07:55 2026

Set parameter LogFile to value "C:\Users\ehsanno\DataspellProjects\Spanish_Power_System\results\GoRES\ipopt_logs\2024-07-08_h17.log"

Gurobi 13.0.2 (win64) logging started Thu Jul 16 16:07:55 2026

Set parameter LogFile to value "C:\Users\ehsanno\DataspellProjects\Spanish_Power_System\results\GoRES\ipopt_logs\2024-07-08_h17.log"
Gurobi Optimizer version 13.0.2 build v13.0.2rc1 (win64 - Windows 11+.0 (26200.2))

CPU model: 11th Gen Intel(R) Core(TM) i5-1145G7 @ 2.60GHz, instruction set [SSE2|AVX|AVX2|AVX512]
Thread count: 4 physical cores, 8 logical processors, using up to 8 threads

Non-default parameters:
LogToConsole  0

Optimize a model with 5146 rows, 7855 columns and 19130 nonzeros (Min)
Model fingerprint: 0x5e627e61
Model has 2354 linear objective coefficients and an objective constant of 4.4510651213966571e+07
Model has 1482 quadratic objective terms
Coefficient statistics:
  Matrix range     [1e+00, 1e+04]
  Objective range  [2e-08, 1e+06]
  QObjective range [2e+04, 2e+04]
  Bounds range     [3e-06, 1e+04]
  RHS range        [3e-06, 1e+01]

Presolve removed 3636 rows and 4145 columns
Presolve time: 0.02s
Presolved: 1510 rows, 3710 columns, 9802 nonzeros
Presolved model has 1408 quadratic objective terms
Ordering time: 0.00s

Barrier statistics:
 AA' NZ     : 1.775e+04
 Factor NZ  : 4.899e+04 (roughly 3 MB of memory)
 Factor Ops : 2.100e+06 (less than 1 second per iteration)
 Threads    : 1

                  Objective                Residual
Iter       Primal          Dual         Primal    Dual     Compl     Time
   0   6.36988649e+12 -1.06040936e+13  8.00e+03 3.85e+07  3.97e+10     0s
   1   1.53022030e+12 -7.40285081e+12  1.93e+03 9.30e+06  1.01e+10     0s
   2   1.71253749e+11 -3.99267671e+12  2.17e+02 1.05e+06  1.54e+09     0s
   3   2.35465828e+10 -1.30122166e+12  3.06e+01 1.47e+05  2.85e+08     0s
   4   1.60019323e+10 -9.77503353e+11  2.10e+01 1.01e+05  2.01e+08     0s
   5   6.16777170e+09 -6.15209994e+11  8.37e+00 4.03e+04  1.12e+08     0s
   6   1.63081422e+09 -2.17443314e+11  2.42e+00 1.17e+04  3.60e+07     0s
   7   8.43740371e+08 -1.42973202e+11  1.06e+00 5.12e+03  2.29e+07     0s
   8   4.02279555e+08 -9.84206729e+10  3.30e-01 1.59e+03  1.50e+07     0s
   9   2.22100061e+08 -1.12986155e+10  2.96e-02 1.43e+02  1.65e+06     0s
  10   1.70143035e+08 -4.22768083e+09  9.96e-03 4.80e+01  6.14e+05     0s
  11   9.75009003e+07 -1.75302312e+09  8.14e-04 3.92e+00  2.54e+05     0s
  12   3.11530486e+07 -3.34360963e+08  8.14e-10 3.92e-06  5.00e+04     0s
  13   5.02610665e+06 -3.17351439e+07  1.29e-09 7.08e-08  5.03e+03     0s
  14   1.00252329e+06 -4.51254098e+06  1.76e-09 1.28e-08  7.54e+02     0s
  15   1.90910831e+05 -2.42519473e+05  3.74e-09 8.36e-09  5.93e+01     0s
  16   9.03794217e+04  1.92858170e+04  3.51e-08 1.50e-08  9.72e+00     0s
  17   7.13745319e+04  6.46233817e+04  4.63e-08 2.40e-08  9.23e-01     0s
  18   6.93582401e+04  6.86942236e+04  1.43e-07 8.58e-09  9.08e-02     0s
  19   6.91644112e+04  6.90859328e+04  8.00e-07 2.46e-08  1.07e-02     0s
  20   6.91402479e+04  6.91291314e+04  1.49e-06 8.50e-09  1.52e-03     0s
  21   6.91361711e+04  6.91349500e+04  8.18e-06 1.02e-08  1.67e-04     0s
  22   6.91357708e+04  6.91348409e+04  7.28e-06 3.35e-08  1.27e-04     0s
  23   6.91355942e+04  6.91355698e+04  3.71e-06 1.62e-08  3.32e-06     0s
  24   6.91355867e+04  6.91355841e+04  4.07e-06 1.04e-08  3.43e-07     0s
  25   6.91355859e+04  6.91355857e+04  2.46e-08 2.94e-08  1.96e-08     0s
  26   6.91355858e+04  6.91355858e+04  1.14e-09 1.51e-08  2.12e-09     0s

Barrier solved model in 26 iterations and 0.08 seconds (0.06 work units)
Optimal objective 6.91355858e+04


User-callback calls 82, time in user-callback 0.00 sec

Gurobi 13.0.2 (win64) logging started Thu Jul 16 16:15:13 2026

Set parameter LogFile to value "C:\Users\ehsanno\DataspellProjects\Spanish_Power_System\results\GoRES\ipopt_logs\2024-07-08_h17.log"

Gurobi 13.0.2 (win64) logging started Thu Jul 16 16:15:13 2026

Set parameter LogFile to value "C:\Users\ehsanno\DataspellProjects\Spanish_Power_System\results\GoRES\ipopt_logs\2024-07-08_h17.log"
Gurobi Optimizer version 13.0.2 build v13.0.2rc1 (win64 - Windows 11+.0 (26200.2))

CPU model: 11th Gen Intel(R) Core(TM) i5-1145G7 @ 2.60GHz, instruction set [SSE2|AVX|AVX2|AVX512]
Thread count: 4 physical cores, 8 logical processors, using up to 8 threads

Non-default parameters:
LogToConsole  0

Optimize a model with 5146 rows, 7855 columns and 19130 nonzeros (Min)
Model fingerprint: 0x15720ee6
Model has 2354 linear objective coefficients and an objective constant of 4.4510651213966571e+07
Model has 1482 quadratic objective terms
Coefficient statistics:
  Matrix range     [1e+00, 1e+04]
  Objective range  [2e-08, 1e+06]
  QObjective range [2e+04, 2e+04]
  Bounds range     [3e-06, 1e+04]
  RHS range        [3e-06, 1e+01]

Presolve removed 3625 rows and 4114 columns
Presolve time: 0.02s
Presolved: 1521 rows, 3741 columns, 9774 nonzeros
Presolved model has 1408 quadratic objective terms
Ordering time: 0.00s

Barrier statistics:
 AA' NZ     : 1.784e+04
 Factor NZ  : 4.700e+04 (roughly 3 MB of memory)
 Factor Ops : 1.884e+06 (less than 1 second per iteration)
 Threads    : 1

                  Objective                Residual
Iter       Primal          Dual         Primal    Dual     Compl     Time
   0   4.94462427e+12 -9.51841303e+12  7.76e+03 3.90e+07  4.01e+10     0s
   1   1.03414052e+12 -6.58093065e+12  1.63e+03 8.19e+06  9.00e+09     0s
   2   7.86670023e+10 -3.59585290e+12  1.24e+02 6.23e+05  1.16e+09     0s
   3   1.16575548e+10 -1.21001874e+12  1.87e+01 9.40e+04  2.46e+08     0s
   4   6.72908808e+09 -8.02284693e+11  1.10e+01 5.51e+04  1.51e+08     0s
   5   2.19348270e+09 -4.11660222e+11  3.74e+00 1.88e+04  6.93e+07     0s
   6   7.95182647e+08 -2.20659228e+11  1.22e+00 6.11e+03  3.47e+07     0s
   7   4.36161502e+08 -1.03530633e+11  4.85e-01 2.43e+03  1.56e+07     0s
   8   3.00682761e+08 -6.78897258e+10  1.59e-01 7.98e+02  9.89e+06     0s
   9   2.32092383e+08 -1.95445931e+10  2.44e-02 1.23e+02  2.76e+06     0s
  10   1.86867263e+08 -4.11290920e+09  4.99e-03 2.51e+01  5.89e+05     0s
  11   9.63528506e+07 -1.44434661e+09  7.49e-05 3.76e-01  2.09e+05     0s
  12   3.51754999e+07 -3.87534833e+08  4.17e-06 2.09e-02  5.73e+04     0s
  13   8.95769910e+06 -4.54556286e+07  2.23e-07 1.12e-03  7.38e+03     0s
  14   3.82951699e+06 -1.04399707e+07  3.73e-08 1.87e-04  1.93e+03     0s
  15   2.34501078e+06 -2.78155487e+06  1.07e-08 5.38e-05  6.95e+02     0s
  16   1.59646442e+06  2.49028671e+05  9.29e-10 1.25e-06  1.83e+02     0s
  17   1.36697174e+06  1.24364872e+06  5.87e-10 3.53e-08  1.67e+01     0s
  18   1.33558354e+06  1.32697262e+06  2.76e-09 2.17e-08  1.17e+00     0s
  19   1.33362058e+06  1.33241668e+06  4.12e-09 1.75e-08  1.63e-01     0s
  20   1.33333751e+06  1.33317887e+06  2.08e-08 1.95e-08  2.15e-02     0s
  21   1.33329713e+06  1.33328890e+06  2.45e-08 1.85e-08  1.12e-03     0s
  22   1.33329509e+06  1.33329456e+06  1.50e-09 1.68e-08  7.25e-05     0s
  23   1.33329497e+06  1.33329496e+06  8.03e-10 1.36e-08  1.50e-06     0s
  24   1.33329499e+06  1.33329496e+06  2.89e-07 1.73e-08  1.45e-06     0s
  25   1.33329492e+06  1.33329496e+06  3.93e-07 1.30e-08  1.24e-06     0s
  26   1.33329505e+06  1.33329496e+06  3.89e-07 1.19e-08  9.94e-07     0s
  27   1.33329502e+06  1.33329496e+06  5.09e-07 1.34e-08  8.89e-07     0s
  28   1.33329528e+06  1.33329496e+06  8.01e-07 1.12e-08  8.51e-07     0s
  29   1.33329509e+06  1.33329496e+06  1.13e-06 1.13e-08  6.46e-07     0s
  30   1.33329479e+06  1.33329496e+06  1.14e-06 1.00e-08  2.29e-07     0s
  31   1.33329487e+06  1.33329496e+06  8.55e-07 1.53e-08  7.71e-10     0s
  32   1.33329487e+06  1.33329496e+06  1.35e-06 1.61e-08  6.47e-10     0s
  33   1.33329488e+06  1.33329496e+06  1.28e-06 1.50e-08  6.48e-13     0s
  34   1.33329489e+06  1.33329496e+06  1.00e-06 7.45e-09  6.48e-16     0s
  35   1.33329490e+06  1.33329496e+06  2.29e-06 1.49e-08  1.85e-16     0s
  36   1.33329491e+06  1.33329496e+06  4.16e-06 1.49e-08  6.07e-17     0s

Barrier solved model in 36 iterations and 0.11 seconds (0.08 work units)
Optimal objective 1.33329497e+06


User-callback calls 97, time in user-callback 0.00 sec

Gurobi 13.0.2 (win64) logging started Thu Jul 16 16:23:42 2026

Set parameter LogFile to value "C:\Users\ehsanno\DataspellProjects\Spanish_Power_System\results\GoRES\ipopt_logs\2024-07-08_h17.log"

Gurobi 13.0.2 (win64) logging started Thu Jul 16 16:23:42 2026

Set parameter LogFile to value "C:\Users\ehsanno\DataspellProjects\Spanish_Power_System\results\GoRES\ipopt_logs\2024-07-08_h17.log"
Gurobi Optimizer version 13.0.2 build v13.0.2rc1 (win64 - Windows 11+.0 (26200.2))

CPU model: 11th Gen Intel(R) Core(TM) i5-1145G7 @ 2.60GHz, instruction set [SSE2|AVX|AVX2|AVX512]
Thread count: 4 physical cores, 8 logical processors, using up to 8 threads

Non-default parameters:
LogToConsole  0

Optimize a model with 5146 rows, 7855 columns and 19130 nonzeros (Min)
Model fingerprint: 0x88a3e3e2
Model has 2324 linear objective coefficients and an objective constant of 4.4510673938560009e+07
Model has 1482 quadratic objective terms
Coefficient statistics:
  Matrix range     [1e+00, 1e+04]
  Objective range  [4e-01, 1e+06]
  QObjective range [2e+04, 2e+04]
  Bounds range     [3e-06, 1e+04]
  RHS range        [3e-06, 1e+01]

Presolve removed 3609 rows and 4089 columns
Presolve time: 0.02s
Presolved: 1537 rows, 3766 columns, 9797 nonzeros
Presolved model has 1408 quadratic objective terms
Ordering time: 0.00s

Barrier statistics:
 AA' NZ     : 1.781e+04
 Factor NZ  : 4.842e+04 (roughly 3 MB of memory)
 Factor Ops : 2.018e+06 (less than 1 second per iteration)
 Threads    : 1

                  Objective                Residual
Iter       Primal          Dual         Primal    Dual     Compl     Time
   0   4.58210092e+12 -1.71611734e+12  8.50e+03 3.99e+04  3.98e+07     0s
   1   1.01505528e+12 -8.51971210e+11  2.14e+03 1.00e+04  1.03e+07     0s
   2   1.03824489e+11 -8.88884892e+11  2.28e+02 1.07e+03  1.38e+06     0s
   3   9.95688749e+09 -5.74831918e+11  2.23e+01 1.05e+02  1.86e+05     0s
   4   1.88497182e+09 -3.33811553e+11  4.39e+00 2.06e+01  6.45e+04     0s
   5   1.28201652e+09 -2.46130321e+11  2.95e+00 1.39e+01  4.46e+04     0s
   6   7.11821336e+08 -1.58350398e+11  1.36e+00 6.40e+00  2.64e+04     0s
   7   3.82107310e+08 -6.60162508e+10  4.01e-01 1.89e+00  9.96e+03     0s
   8   2.53860842e+08 -1.74343746e+10  6.37e-02 2.99e-01  2.45e+03     0s
   9   2.10019419e+08 -6.26529875e+09  1.45e-02 6.79e-02  8.73e+02     0s
  10   1.30463266e+08 -2.07109470e+09  3.26e-03 1.53e-02  2.93e+02     0s
  11   6.59217980e+07 -5.88078947e+08  5.62e-04 2.64e-03  8.65e+01     0s
  12   2.25093516e+07 -9.95010488e+07  3.58e-05 1.68e-04  1.61e+01     0s
  13   1.03248687e+07 -2.01889673e+07  5.45e-06 2.56e-05  4.01e+00     0s
  14   6.79966534e+06 -3.37240557e+06  1.41e-06 6.62e-06  1.34e+00     0s
  15   5.39521196e+06  2.77313752e+06  3.00e-07 1.41e-06  3.45e-01     0s
  16   4.89050244e+06  4.56595860e+06  1.49e-08 6.98e-08  4.27e-02     0s
  17   4.81180273e+06  4.77961104e+06  4.00e-09 2.84e-10  4.23e-03     0s
  18   4.80308009e+06  4.80121426e+06  4.58e-09 1.52e-11  2.45e-04     0s
  19   4.80261238e+06  4.80236419e+06  8.99e-09 4.51e-12  3.26e-05     0s
  20   4.80254585e+06  4.80253619e+06  7.65e-09 1.86e-11  1.27e-06     0s
  21   4.80254340e+06  4.80254301e+06  9.42e-09 1.63e-11  5.35e-08     0s
  22   4.80254331e+06  4.80254331e+06  5.62e-09 1.62e-11  2.64e-10     0s

Barrier solved model in 22 iterations and 0.06 seconds (0.05 work units)
Optimal objective 4.80254331e+06


User-callback calls 74, time in user-callback 0.00 sec

Gurobi 13.0.2 (win64) logging started Mon Jul 20 15:54:17 2026

Set parameter LogFile to value "C:\Users\ehsanno\DataspellProjects\Spanish_Power_System\results\GoRES\ipopt_logs\2024-07-08_h17.log"

Gurobi 13.0.2 (win64) logging started Mon Jul 20 15:54:17 2026

Set parameter LogFile to value "C:\Users\ehsanno\DataspellProjects\Spanish_Power_System\results\GoRES\ipopt_logs\2024-07-08_h17.log"
Gurobi Optimizer version 13.0.2 build v13.0.2rc1 (win64 - Windows 11+.0 (26200.2))

CPU model: 11th Gen Intel(R) Core(TM) i5-1145G7 @ 2.60GHz, instruction set [SSE2|AVX|AVX2|AVX512]
Thread count: 4 physical cores, 8 logical processors, using up to 8 threads

Non-default parameters:
LogToConsole  0

Optimize a model with 5146 rows, 8027 columns and 19302 nonzeros (Min)
Model fingerprint: 0xa8ade4f4
Model has 2580 linear objective coefficients and an objective constant of 4.0629065947182208e+07
Model has 1660 quadratic objective terms
Coefficient statistics:
  Matrix range     [1e+00, 1e+04]
  Objective range  [2e-07, 1e+06]
  QObjective range [2e+04, 2e+04]
  Bounds range     [3e-06, 1e+04]
  RHS range        [3e-06, 1e+01]

Presolve removed 3627 rows and 4106 columns
Presolve time: 0.02s
Presolved: 1519 rows, 3921 columns, 9897 nonzeros
Presolved model has 1586 quadratic objective terms
Ordering time: 0.00s

Barrier statistics:
 AA' NZ     : 1.768e+04
 Factor NZ  : 4.937e+04 (roughly 3 MB of memory)
 Factor Ops : 2.161e+06 (less than 1 second per iteration)
 Threads    : 1

                  Objective                Residual
Iter       Primal          Dual         Primal    Dual     Compl     Time
   0   4.05909064e+12 -9.72973630e+12  8.45e+03 4.09e+07  4.19e+10     0s
   1   1.30930980e+12 -7.15039466e+12  2.73e+03 1.32e+07  1.41e+10     0s
   2   2.05773589e+11 -4.18498151e+12  4.30e+02 2.08e+06  2.67e+09     0s
   3   1.54009028e+10 -1.38621146e+12  3.27e+01 1.58e+05  3.21e+08     0s
   4   4.69083682e+09 -6.55127792e+11  1.03e+01 4.96e+04  1.21e+08     0s
   5   1.84286775e+09 -3.43760325e+11  4.10e+00 1.98e+04  5.74e+07     0s
   6   1.12287162e+09 -2.64671812e+11  2.27e+00 1.10e+04  4.30e+07     0s
   7   4.33235770e+08 -1.02605490e+11  5.38e-01 2.60e+03  1.53e+07     0s
   8   2.97654369e+08 -4.96986653e+10  1.75e-01 8.46e+02  7.10e+06     0s
   9   2.30761331e+08 -1.07375456e+10  2.98e-02 1.44e+02  1.49e+06     0s
  10   1.70165194e+08 -3.47189175e+09  8.44e-03 4.08e+01  4.81e+05     0s
  11   9.83496909e+07 -1.26991738e+09  9.09e-04 4.40e+00  1.78e+05     0s
  12   4.27032977e+07 -4.39702202e+08  6.69e-05 3.24e-01  6.24e+04     0s
  13   1.90812553e+07 -7.09257444e+07  7.88e-06 3.81e-02  1.16e+04     0s
  14   1.37084116e+07 -3.21825634e+07  3.36e-06 1.62e-02  5.93e+03     0s
  15   9.68241909e+06 -4.12245419e+06  8.33e-07 4.03e-03  1.78e+03     0s
  16   7.98961272e+06  4.86244997e+06  3.92e-08 1.90e-04  4.04e+02     0s
  17   7.45856180e+06  6.93474520e+06  1.36e-08 2.41e-06  6.77e+01     0s
  18   7.38745726e+06  7.10359482e+06  1.09e-08 2.03e-08  3.67e+01     0s
  19   7.33803537e+06  7.32137452e+06  7.85e-09 3.44e-08  2.15e+00     0s
  20   7.33440017e+06  7.33355256e+06  3.93e-09 1.01e-08  1.10e-01     0s
  21   7.33415758e+06  7.33404613e+06  2.12e-08 1.15e-08  1.44e-02     0s
  22   7.33412954e+06  7.33411480e+06  7.48e-09 1.21e-08  1.90e-03     0s
  23   7.33412545e+06  7.33412506e+06  3.67e-10 8.70e-09  5.04e-05     0s
  24   7.33412534e+06  7.33412534e+06  1.92e-08 1.38e-08  2.74e-07     0s
  25   7.33412543e+06  7.33412534e+06  3.10e-07 1.05e-08  2.51e-07     0s
  26   7.33412551e+06  7.33412534e+06  3.45e-07 1.70e-08  2.14e-07     0s
  27   7.33412553e+06  7.33412534e+06  5.82e-07 8.13e-09  2.05e-07     0s
  28   7.33412604e+06  7.33412534e+06  1.05e-06 1.15e-08  6.77e-08     0s
  29   7.33412604e+06  7.33412534e+06  1.17e-06 1.22e-08  6.26e-08     0s
  30   7.33412606e+06  7.33412534e+06  2.49e-06 1.17e-08  4.84e-08     0s
  31   7.33412613e+06  7.33412534e+06  2.81e-06 1.24e-08  3.56e-08     0s
  32   7.33412638e+06  7.33412534e+06  1.65e-06 9.74e-09  1.49e-09     0s
  33   7.33412639e+06  7.33412534e+06  1.08e-06 1.50e-08  1.46e-11     0s
  34   7.33412645e+06  7.33412534e+06  7.99e-07 7.45e-09  1.46e-14     0s
  35   7.33412646e+06  7.33412534e+06  9.26e-07 7.45e-09  5.07e-15     0s
  36   7.33412651e+06  7.33412534e+06  8.14e-07 1.49e-08  5.07e-18     0s
  37   7.33412651e+06  7.33412534e+06  1.22e-06 1.49e-08  5.07e-21     0s
  38   7.33412652e+06  7.33412534e+06  5.91e-07 7.45e-09  5.73e-24     0s
  39   7.33412652e+06  7.33412534e+06  4.17e-07 2.98e-08  5.39e-24     0s
  40   7.33412652e+06  7.33412534e+06  6.90e-07 1.49e-08  2.85e-24     0s
  41   7.33412652e+06  7.33412534e+06  5.86e-07 7.45e-09  2.90e-24     0s
  42   7.33412652e+06  7.33412534e+06  4.79e-07 1.49e-08  2.94e-24     0s
  43   7.33412652e+06  7.33412534e+06  5.67e-07 1.49e-08  3.41e-24     0s
  44   7.33412652e+06  7.33412534e+06  4.51e-07 1.49e-08  3.77e-24     0s
  45   7.33412652e+06  7.33412534e+06  4.58e-07 2.98e-08  4.05e-24     0s

Barrier solved model in 45 iterations and 0.17 seconds (0.10 work units)
Optimal objective 7.33412534e+06


User-callback calls 118, time in user-callback 0.00 sec

Gurobi 13.0.2 (win64) logging started Mon Jul 20 15:56:47 2026

Set parameter LogFile to value "C:\Users\ehsanno\DataspellProjects\Spanish_Power_System\results\GoRES\ipopt_logs\2024-07-08_h17.log"

Gurobi 13.0.2 (win64) logging started Mon Jul 20 15:56:47 2026

Set parameter LogFile to value "C:\Users\ehsanno\DataspellProjects\Spanish_Power_System\results\GoRES\ipopt_logs\2024-07-08_h17.log"
Gurobi Optimizer version 13.0.2 build v13.0.2rc1 (win64 - Windows 11+.0 (26200.2))

CPU model: 11th Gen Intel(R) Core(TM) i5-1145G7 @ 2.60GHz, instruction set [SSE2|AVX|AVX2|AVX512]
Thread count: 4 physical cores, 8 logical processors, using up to 8 threads

Non-default parameters:
LogToConsole  0

Optimize a model with 5146 rows, 8027 columns and 19302 nonzeros (Min)
Model fingerprint: 0x10430c8c
Model has 2382 linear objective coefficients and an objective constant of 5.0786254779599987e+07
Model has 1660 quadratic objective terms
Coefficient statistics:
  Matrix range     [1e+00, 1e+04]
  Objective range  [4e-01, 1e+06]
  QObjective range [2e+04, 2e+04]
  Bounds range     [3e-06, 1e+04]
  RHS range        [3e-06, 1e+01]

Presolve removed 3627 rows and 4106 columns
Presolve time: 0.02s
Presolved: 1519 rows, 3921 columns, 9897 nonzeros
Presolved model has 1586 quadratic objective terms
Ordering time: 0.00s

Barrier statistics:
 AA' NZ     : 1.768e+04
 Factor NZ  : 4.937e+04 (roughly 3 MB of memory)
 Factor Ops : 2.161e+06 (less than 1 second per iteration)
 Threads    : 1

                  Objective                Residual
Iter       Primal          Dual         Primal    Dual     Compl     Time
   0   4.30666947e+12 -1.55345500e+12  8.69e+03 3.99e+04  3.99e+07     0s
   1   1.33157887e+12 -1.13346117e+12  2.80e+03 1.29e+04  1.33e+07     0s
   2   2.01703805e+11 -1.06279034e+12  4.32e+02 1.98e+03  2.28e+06     0s
   3   1.54638036e+10 -7.52026275e+11  3.37e+01 1.55e+02  2.52e+05     0s
   4   3.57808720e+09 -4.13024115e+11  8.08e+00 3.71e+01  8.64e+04     0s
   5   1.71075847e+09 -2.56594231e+11  3.88e+00 1.79e+01  4.73e+04     0s
   6   7.91985097e+08 -1.57917200e+11  1.55e+00 7.13e+00  2.62e+04     0s
   7   3.94218153e+08 -6.22373146e+10  4.53e-01 2.08e+00  9.36e+03     0s
   8   2.65309946e+08 -2.33473295e+10  1.01e-01 4.66e-01  3.27e+03     0s
   9   2.18779108e+08 -7.84917591e+09  2.00e-02 9.20e-02  1.07e+03     0s
  10   1.60443607e+08 -3.23065000e+09  6.72e-03 3.09e-02  4.44e+02     0s
  11   8.50028155e+07 -1.28837495e+09  3.65e-04 1.68e-03  1.74e+02     0s
  12   4.97331820e+07 -4.52947098e+08  5.77e-05 2.65e-04  6.36e+01     0s
  13   2.26022150e+07 -8.29331473e+07  8.32e-06 3.82e-05  1.33e+01     0s
  14   1.52331726e+07 -3.08754187e+07  2.61e-06 1.20e-05  5.82e+00     0s
  15   1.13974413e+07 -5.53363461e+06  7.21e-07 3.32e-06  2.14e+00     0s
  16   9.32296689e+06  5.16052584e+06  2.72e-08 1.25e-07  5.25e-01     0s
  17   8.70172368e+06  8.27646493e+06  1.75e-08 8.53e-12  5.37e-02     0s
  18   8.61254812e+06  8.50222035e+06  2.67e-09 9.69e-12  1.39e-02     0s
  19   8.59205885e+06  8.57422879e+06  8.59e-09 6.84e-12  2.25e-03     0s
  20   8.58797469e+06  8.58713260e+06  2.26e-08 1.03e-11  1.06e-04     0s
  21   8.58773298e+06  8.58762225e+06  5.30e-08 1.16e-11  1.40e-05     0s
  22   8.58770235e+06  8.58769685e+06  1.31e-07 9.04e-12  6.97e-07     0s
  23   8.58770090e+06  8.58770077e+06  1.64e-09 3.45e-11  1.65e-08     0s
  24   8.58770220e+06  8.58770081e+06  2.94e-07 2.28e-11  8.78e-09     0s
  25   8.58770243e+06  8.58770082e+06  5.43e-07 2.26e-11  8.09e-09     0s
  26   8.58770094e+06  8.58770086e+06  7.65e-08 7.71e-12  4.54e-11     0s

Barrier solved model in 26 iterations and 0.11 seconds (0.06 work units)
Optimal objective 8.58770094e+06


User-callback calls 93, time in user-callback 0.00 sec

Gurobi 13.0.2 (win64) logging started Mon Jul 20 15:58:32 2026

Set parameter LogFile to value "C:\Users\ehsanno\DataspellProjects\Spanish_Power_System\results\GoRES\ipopt_logs\2024-07-08_h17.log"

Gurobi 13.0.2 (win64) logging started Mon Jul 20 15:58:32 2026

Set parameter LogFile to value "C:\Users\ehsanno\DataspellProjects\Spanish_Power_System\results\GoRES\ipopt_logs\2024-07-08_h17.log"
Gurobi Optimizer version 13.0.2 build v13.0.2rc1 (win64 - Windows 11+.0 (26200.2))

CPU model: 11th Gen Intel(R) Core(TM) i5-1145G7 @ 2.60GHz, instruction set [SSE2|AVX|AVX2|AVX512]
Thread count: 4 physical cores, 8 logical processors, using up to 8 threads

Non-default parameters:
LogToConsole  0

Optimize a model with 5146 rows, 8027 columns and 19302 nonzeros (Min)
Model fingerprint: 0x85093e37
Model has 2382 linear objective coefficients and an objective constant of 6.0943505735519983e+07
Model has 1660 quadratic objective terms
Coefficient statistics:
  Matrix range     [1e+00, 1e+04]
  Objective range  [4e-01, 1e+06]
  QObjective range [2e+04, 2e+04]
  Bounds range     [3e-06, 1e+04]
  RHS range        [3e-06, 1e+01]

Presolve removed 3627 rows and 4106 columns
Presolve time: 0.02s
Presolved: 1519 rows, 3921 columns, 9897 nonzeros
Presolved model has 1586 quadratic objective terms
Ordering time: 0.00s

Barrier statistics:
 AA' NZ     : 1.768e+04
 Factor NZ  : 4.937e+04 (roughly 3 MB of memory)
 Factor Ops : 2.161e+06 (less than 1 second per iteration)
 Threads    : 1

                  Objective                Residual
Iter       Primal          Dual         Primal    Dual     Compl     Time
   0   4.35633999e+12 -1.60275323e+12  8.69e+03 3.99e+04  3.98e+07     0s
   1   1.33672870e+12 -1.13829678e+12  2.80e+03 1.29e+04  1.33e+07     0s
   2   2.01824315e+11 -1.06262196e+12  4.32e+02 1.98e+03  2.28e+06     0s
   3   1.54721720e+10 -7.51856370e+11  3.37e+01 1.55e+02  2.52e+05     0s
   4   3.58400818e+09 -4.12991747e+11  8.08e+00 3.71e+01  8.64e+04     0s
   5   1.71651839e+09 -2.56544907e+11  3.88e+00 1.78e+01  4.72e+04     0s
   6   7.96025149e+08 -1.57632311e+11  1.55e+00 7.11e+00  2.61e+04     0s
   7   4.00657214e+08 -6.21731479e+10  4.52e-01 2.08e+00  9.35e+03     0s
   8   2.71898667e+08 -2.31742459e+10  1.01e-01 4.63e-01  3.25e+03     0s
   9   2.24834508e+08 -7.75931121e+09  1.98e-02 9.10e-02  1.06e+03     0s
  10   1.59771522e+08 -3.10389161e+09  5.43e-03 2.50e-02  4.26e+02     0s
  11   8.55323748e+07 -1.21481678e+09  5.13e-04 2.36e-03  1.66e+02     0s
  12   4.45835655e+07 -3.00517270e+08  1.98e-05 9.10e-05  4.36e+01     0s
  13   2.20467761e+07 -6.71191216e+07  3.91e-06 1.80e-05  1.13e+01     0s
  14   1.53429624e+07 -2.06225183e+07  1.14e-06 5.26e-06  4.54e+00     0s
  15   1.23125069e+07 -2.12532306e+06  3.54e-07 1.63e-06  1.82e+00     0s
  16   1.04525693e+07  7.43171859e+06  4.69e-08 2.16e-07  3.81e-01     0s
  17   9.94739109e+06  9.45932468e+06  2.45e-08 1.10e-08  6.16e-02     0s
  18   9.85882084e+06  9.77507602e+06  2.16e-08 3.05e-10  1.06e-02     0s
  19   9.84337920e+06  9.83137060e+06  5.33e-08 3.76e-11  1.52e-03     0s
  20   9.84062345e+06  9.83998546e+06  9.47e-08 2.28e-11  8.05e-05     0s
  21   9.84044932e+06  9.84036452e+06  1.00e-08 9.19e-12  1.07e-05     0s
  22   9.84042625e+06  9.84042285e+06  7.32e-08 1.69e-11  4.32e-07     0s
  23   9.84042539e+06  9.84042536e+06  1.29e-09 1.68e-11  3.97e-09     0s

Barrier solved model in 23 iterations and 0.10 seconds (0.05 work units)
Optimal objective 9.84042539e+06


User-callback calls 86, time in user-callback 0.00 sec
