Solver command line: ['/share/apps/gurobi/12.0.0/bin/gurobi.sh']

Set parameter TokenServer to value "10.1.1.1"
Read LP format model from file /mnt/beegfs/users/ehsanno/openempire/tmpms89zrq4.pyomo.lp
Reading time = 47.18 seconds
x1: 18224521 rows, 16737321 columns, 62780711 nonzeros
Set parameter QCPDual to value 1
Set parameter Method to value 2
Set parameter Crossover to value 0
Set parameter Presolve to value -1
Gurobi Optimizer version 12.0.0 build v12.0.0rc1 (linux64 - "CentOS Linux 7 (Core)")

CPU model: Intel(R) Xeon(R) Gold 6244 CPU @ 3.60GHz, instruction set [SSE2|AVX|AVX2|AVX512]
Thread count: 16 physical cores, 32 logical processors, using up to 32 threads

Non-default parameters:
Method  2
Crossover  0
QCPDual  1

Optimize a model with 18224521 rows, 16737321 columns and 62780711 nonzeros
Model fingerprint: 0x25b28a28
Coefficient statistics:
  Matrix range     [1e-03, 3e+01]
  Objective range  [1e-03, 5e+06]
  Bounds range     [1e+00, 1e+00]
  RHS range        [1e+00, 6e+08]
Presolve removed 4002591 rows and 2976306 columns (presolve time = 8s)...
Presolve removed 4002591 rows and 2976306 columns (presolve time = 10s)...
Presolve removed 4006289 rows and 2980000 columns (presolve time = 16s)...
Presolve removed 4012232 rows and 2985943 columns (presolve time = 21s)...
Presolve removed 4012232 rows and 2985943 columns (presolve time = 26s)...
Presolve removed 4012232 rows and 2985943 columns (presolve time = 30s)...
Presolve removed 4119384 rows and 3036357 columns (presolve time = 37s)...
Presolve removed 4119384 rows and 3036357 columns (presolve time = 40s)...
Presolve removed 4119386 rows and 3036357 columns (presolve time = 47s)...
Presolve removed 4119386 rows and 3036357 columns
Presolve time: 48.28s
Presolved: 14105135 rows, 13700964 columns, 50118547 nonzeros
Elapsed ordering time = 5s
Elapsed ordering time = 10s
Elapsed ordering time = 20s
Elapsed ordering time = 25s
Elapsed ordering time = 30s
Elapsed ordering time = 35s
Elapsed ordering time = 40s
Ordering time: 44.90s

Barrier statistics:
 Dense cols : 1313
 AA' NZ     : 4.090e+07
 Factor NZ  : 4.226e+08 (roughly 15.0 GB of memory)
 Factor Ops : 2.413e+11 (roughly 2 seconds per iteration)
 Threads    : 16

                  Objective                Residual
Iter       Primal          Dual         Primal    Dual     Compl     Time
   0   3.43866817e+17 -7.41069382e+15  1.21e+12 1.01e+04  7.33e+12   123s
   1   3.34201241e+17 -1.14803157e+16  1.18e+12 1.97e+05  5.40e+12   131s
   2   2.76357743e+17 -1.36699039e+16  9.71e+11 1.78e+05  4.49e+12   141s
   3   2.31181586e+17 -3.18428383e+16  8.06e+11 1.83e+05  3.58e+12   154s
   4   2.11216695e+17 -7.74001708e+16  7.36e+11 1.91e+05  2.80e+12   164s
   5   1.41535898e+17 -1.06922648e+17  4.88e+11 9.59e+05  1.80e+12   176s
   6   1.24609499e+17 -1.14941150e+17  4.29e+11 2.09e+06  1.58e+12   187s
   7   7.36667276e+16 -1.24631759e+17  2.52e+11 3.58e+06  9.46e+11   199s
   8   5.72844360e+16 -1.29111485e+17  1.96e+11 1.27e+06  7.58e+11   210s
   9   3.51006070e+16 -1.24565457e+17  1.20e+11 2.80e+05  4.68e+11   218s
  10   3.39212676e+16 -1.22598074e+17  1.16e+11 2.17e+05  4.52e+11   226s
  11   2.35080721e+16 -1.21950177e+17  8.00e+10 1.98e+05  3.14e+11   234s
  12   1.38244433e+16 -1.09674807e+17  4.68e+10 3.76e+04  1.85e+11   242s
  13   1.31602772e+16 -9.73910810e+16  4.45e+10 2.24e+04  1.74e+11   250s
  14   1.27712267e+16 -6.61731182e+16  4.32e+10 1.70e+04  1.68e+11   259s
  15   6.99593211e+15 -5.49619320e+16  2.35e+10 1.20e+04  9.31e+10   267s
  16   5.91317363e+15 -4.43885863e+16  1.98e+10 5.36e+03  7.78e+10   275s
  17   4.98098386e+15 -3.85046342e+16  1.66e+10 2.73e+03  6.48e+10   285s
  18   1.27394498e+15 -2.78713983e+16  4.09e+09 2.15e+02  1.67e+10   298s
  19   8.55864204e+14 -2.00196312e+16  2.59e+09 4.27e+01  1.03e+10   309s
  20   4.79141410e+14 -1.62469659e+16  1.33e+09 1.54e+01  5.40e+09   317s
  21   2.82738070e+14 -1.54361279e+16  7.07e+08 1.33e+01  3.09e+09   325s
  22   2.03340431e+14 -1.23450463e+16  4.55e+08 7.31e+00  1.97e+09   333s
  23   1.52548945e+14 -8.84375203e+15  2.94e+08 3.12e+00  1.20e+09   341s
  24   1.24476577e+14 -6.97453710e+15  2.08e+08 2.02e+00  8.16e+08   351s
  25   9.35951951e+13 -5.26118454e+15  1.16e+08 1.19e+00  4.73e+08   359s
  26   7.26705878e+13 -4.49452597e+15  6.37e+07 9.57e-01  3.10e+08   370s
  27   6.35792079e+13 -2.58638676e+15  4.20e+07 4.83e-01  1.75e+08   383s
  28   5.69830810e+13 -2.30044494e+15  2.79e+07 4.18e-01  1.37e+08   393s
  29   5.41663725e+13 -2.15593257e+15  2.38e+07 3.88e-01  1.23e+08   401s
  30   4.78787735e+13 -1.44247812e+15  1.61e+07 2.46e-01  8.11e+07   409s
  31   4.44576087e+13 -1.27620994e+15  1.27e+07 2.14e-01  6.89e+07   420s
  32   3.77674258e+13 -6.55920054e+14  9.17e+06 9.84e-02  3.87e+07   433s
  33   3.13108646e+13 -4.81027802e+14  6.68e+06 6.98e-02  2.80e+07   449s
  34   2.14569689e+13 -2.45916415e+14  4.19e+06 3.24e-02  1.50e+07   468s
  35   1.78344201e+13 -1.79640182e+14  3.24e+06 2.30e-02  1.11e+07   488s
  36   1.25010845e+13 -8.35619743e+13  2.06e+06 1.16e-02  5.78e+06   504s
  37   1.09793623e+13 -5.46263561e+13  1.75e+06 6.24e-03  4.10e+06   517s
  38   8.93333149e+12 -4.50953580e+13  1.36e+06 6.39e-03  3.22e+06   527s
  39   8.66519950e+12 -4.20324271e+13  1.30e+06 5.91e-03  3.04e+06   535s
  40   7.76903589e+12 -3.73460941e+13  1.12e+06 7.35e-03  2.66e+06   543s
  41   6.75329416e+12 -2.62336142e+13  9.36e+05 9.59e-03  1.97e+06   554s
  42   5.97124397e+12 -2.50691976e+13  7.91e+05 9.66e-03  1.77e+06   567s
  43   4.48377007e+12 -1.91893528e+13  5.07e+05 1.16e-02  1.26e+06   583s
  44   4.02166466e+12 -1.61226690e+13  4.24e+05 1.04e-02  1.05e+06   603s
  45   3.63604505e+12 -1.25901994e+13  3.60e+05 8.03e-03  8.40e+05   622s
  46   3.29088779e+12 -1.13781150e+13  3.02e+05 8.63e-03  7.38e+05   642s
  47   3.04803703e+12 -1.03098967e+13  2.62e+05 7.39e-03  6.58e+05   662s
  48   2.72998700e+12 -9.05520574e+12  2.12e+05 6.08e-03  5.62e+05   682s
  49   2.52009943e+12 -7.34394908e+12  1.80e+05 4.83e-03  4.66e+05   701s
  50   2.33452435e+12 -6.00262235e+12  1.54e+05 4.49e-03  3.89e+05   721s
  51   2.18013218e+12 -5.16720029e+12  1.33e+05 4.07e-03  3.38e+05   735s
  52   2.06440607e+12 -4.51898575e+12  1.19e+05 3.42e-03  3.01e+05   755s
  53   1.92303821e+12 -3.93370412e+12  1.02e+05 3.55e-03  2.64e+05   771s
  54   1.78889761e+12 -3.24528524e+12  8.67e+04 3.33e-03  2.24e+05   791s
  55   1.64802564e+12 -2.59725297e+12  7.18e+04 2.89e-03  1.86e+05   810s
  56   1.55261050e+12 -2.25086507e+12  6.21e+04 2.40e-03  1.64e+05   830s
  57   1.47303093e+12 -1.90716509e+12  5.43e+04 1.86e-03  1.44e+05   849s
  58   1.42497977e+12 -1.66142738e+12  4.99e+04 1.48e-03  1.31e+05   869s
  59   1.34907103e+12 -1.45588765e+12  4.29e+04 1.17e-03  1.18e+05   882s
  60   1.29668141e+12 -1.22868701e+12  3.82e+04 1.54e-03  1.05e+05   902s
  61   1.25381829e+12 -1.03488793e+12  3.45e+04 1.04e-03  9.49e+04   922s
  62   1.20426434e+12 -8.29905132e+11  3.04e+04 8.09e-04  8.38e+04   941s
  63   1.17194352e+12 -6.95254296e+11  2.78e+04 7.36e-04  7.66e+04   961s
  64   1.14569356e+12 -5.07700294e+11  2.59e+04 9.82e-04  6.77e+04   980s
  65   1.11739469e+12 -3.74733951e+11  2.39e+04 5.93e-04  6.09e+04  1000s
  66   1.08240014e+12 -3.10201966e+11  2.16e+04 6.73e-04  5.65e+04  1014s
  67   1.03011726e+12 -1.99973173e+11  1.83e+04 7.29e-04  4.95e+04  1034s
  68   1.00972929e+12 -1.41973197e+11  1.72e+04 7.43e-04  4.62e+04  1051s
  69   9.87526189e+11 -3.35081228e+10  1.60e+04 8.38e-04  4.09e+04  1070s
  70   9.49999049e+11  1.64609369e+10  1.40e+04 6.75e-04  3.72e+04  1090s
  71   9.37398352e+11  9.94962554e+10  1.35e+04 6.26e-04  3.33e+04  1110s
  72   9.31760974e+11  1.23251944e+11  1.32e+04 6.29e-04  3.21e+04  1124s
  73   9.06391987e+11  1.57431163e+11  1.20e+04 5.91e-04  2.97e+04  1141s
  74   8.90342397e+11  1.96337650e+11  1.12e+04 4.42e-04  2.74e+04  1157s
  75   8.70193468e+11  2.32609329e+11  1.03e+04 4.39e-04  2.51e+04  1177s
  76   8.52943184e+11  2.77201742e+11  9.50e+03 5.46e-04  2.26e+04  1197s
  77   8.39491135e+11  3.08668360e+11  8.90e+03 5.29e-04  2.08e+04  1216s
  78   8.22485948e+11  3.40609837e+11  8.16e+03 4.64e-04  1.89e+04  1236s
  79   8.06286426e+11  3.65393434e+11  7.47e+03 4.17e-04  1.72e+04  1255s
  80   7.88333237e+11  3.78166017e+11  6.72e+03 3.90e-04  1.60e+04  1272s
  81   7.76079443e+11  4.02574759e+11  6.21e+03 3.31e-04  1.45e+04  1288s
  82   7.60051508e+11  4.16113658e+11  5.56e+03 3.00e-04  1.33e+04  1308s
  83   7.58222833e+11  4.32312270e+11  5.49e+03 2.67e-04  1.26e+04  1325s
  84   7.46003900e+11  4.49402687e+11  5.01e+03 2.55e-04  1.15e+04  1339s
  85   7.30309510e+11  4.71226602e+11  4.40e+03 2.58e-04  1.00e+04  1358s
  86   7.19076538e+11  4.88588205e+11  3.97e+03 2.57e-04  8.88e+03  1378s
  87   7.06263618e+11  5.02955895e+11  3.48e+03 2.40e-04  7.81e+03  1397s
  88   6.99484452e+11  5.17638723e+11  3.23e+03 2.21e-04  6.98e+03  1417s
  89   6.93930034e+11  5.25061528e+11  3.02e+03 2.14e-04  6.47e+03  1436s
  90   6.85016684e+11  5.33413492e+11  2.67e+03 2.15e-04  5.80e+03  1456s
  91   6.81676503e+11  5.40018626e+11  2.55e+03 2.01e-04  5.42e+03  1475s
  92   6.77885117e+11  5.43500044e+11  2.40e+03 2.01e-04  5.14e+03  1492s
  93   6.75818637e+11  5.49558047e+11  2.33e+03 1.95e-04  4.83e+03  1512s
  94   6.69709616e+11  5.54347047e+11  2.09e+03 1.88e-04  4.40e+03  1528s
  95   6.66936078e+11  5.60494697e+11  1.98e+03 1.76e-04  4.06e+03  1548s
  96   6.64342433e+11  5.64054791e+11  1.88e+03 1.76e-04  3.82e+03  1562s
  97   6.60803673e+11  5.67978830e+11  1.75e+03 1.61e-04  3.54e+03  1581s
  98   6.57876316e+11  5.69021237e+11  1.64e+03 1.59e-04  3.38e+03  1595s
  99   6.54764296e+11  5.73462582e+11  1.52e+03 1.55e-04  3.09e+03  1615s
 100   6.52491451e+11  5.74530358e+11  1.43e+03 1.51e-04  2.97e+03  1635s
 101   6.50585912e+11  5.77972052e+11  1.36e+03 1.30e-04  2.76e+03  1655s
 102   6.48514620e+11  5.80201598e+11  1.28e+03 1.26e-04  2.60e+03  1674s
 103   6.46420174e+11  5.81716192e+11  1.20e+03 1.19e-04  2.46e+03  1688s
 104   6.44779397e+11  5.84159523e+11  1.14e+03 1.12e-04  2.30e+03  1706s
 105   6.42373963e+11  5.85884120e+11  1.04e+03 1.10e-04  2.14e+03  1726s
 106   6.40284815e+11  5.87893633e+11  9.63e+02 1.12e-04  1.99e+03  1745s
 107   6.38490773e+11  5.89863921e+11  8.94e+02 1.12e-04  1.84e+03  1762s
 108   6.36705348e+11  5.91939496e+11  8.26e+02 1.06e-04  1.70e+03  1782s
 109   6.35886353e+11  5.92834102e+11  7.94e+02 1.01e-04  1.63e+03  1798s
 110   6.33242637e+11  5.94299921e+11  6.93e+02 9.59e-05  1.48e+03  1818s
 111   6.32705441e+11  5.94968761e+11  6.72e+02 9.03e-05  1.43e+03  1834s
 112   6.32063341e+11  5.95949859e+11  6.47e+02 8.78e-05  1.37e+03  1853s
 113   6.30243782e+11  5.98482628e+11  5.78e+02 7.41e-05  1.20e+03  1873s
 114   6.28676777e+11  6.00299118e+11  5.18e+02 8.03e-05  1.07e+03  1893s
 115   6.27988414e+11  6.02457592e+11  4.91e+02 7.86e-05  9.67e+02  1912s
 116   6.26864164e+11  6.03475813e+11  4.48e+02 7.91e-05  8.85e+02  1929s
 117   6.25671356e+11  6.04628831e+11  4.03e+02 7.57e-05  7.96e+02  1949s
 118   6.25005017e+11  6.05584693e+11  3.77e+02 6.44e-05  7.35e+02  1968s
 119   6.24042088e+11  6.06113863e+11  3.41e+02 5.81e-05  6.78e+02  1988s
 120   6.23633275e+11  6.06815412e+11  3.25e+02 6.28e-05  6.36e+02  2008s
 121   6.23180220e+11  6.07274916e+11  3.08e+02 5.42e-05  6.02e+02  2024s
 122   6.22786832e+11  6.07791250e+11  2.93e+02 5.22e-05  5.67e+02  2043s
 123   6.22543244e+11  6.07956387e+11  2.83e+02 4.83e-05  5.52e+02  2055s
 124   6.22115976e+11  6.08583576e+11  2.67e+02 5.47e-05  5.12e+02  2074s
 125   6.21563551e+11  6.08980112e+11  2.46e+02 4.73e-05  4.76e+02  2094s
 126   6.21264290e+11  6.09190576e+11  2.35e+02 4.92e-05  4.56e+02  2108s
 127   6.20721433e+11  6.09472406e+11  2.14e+02 4.93e-05  4.25e+02  2127s
 128   6.20365142e+11  6.09612019e+11  2.00e+02 4.58e-05  4.06e+02  2144s
 129   6.20174263e+11  6.09926638e+11  1.92e+02 4.23e-05  3.87e+02  2158s
 130   6.19877298e+11  6.10186258e+11  1.81e+02 4.18e-05  3.66e+02  2177s
 131   6.19555054e+11  6.10412544e+11  1.68e+02 4.14e-05  3.45e+02  2197s
 132   6.19355992e+11  6.10636604e+11  1.61e+02 4.02e-05  3.29e+02  2214s
 133   6.19155076e+11  6.10880569e+11  1.53e+02 3.39e-05  3.13e+02  2233s
 134   6.18925409e+11  6.11139548e+11  1.44e+02 3.59e-05  2.94e+02  2253s
 135   6.18723512e+11  6.11387466e+11  1.36e+02 3.46e-05  2.77e+02  2272s
 136   6.18426939e+11  6.11452948e+11  1.25e+02 3.45e-05  2.63e+02  2286s
 137   6.18212570e+11  6.11613640e+11  1.17e+02 3.20e-05  2.49e+02  2306s
 138   6.17974182e+11  6.11871932e+11  1.07e+02 2.71e-05  2.30e+02  2325s
 139   6.17815421e+11  6.12151045e+11  1.01e+02 2.87e-05  2.14e+02  2345s
 140   6.17618855e+11  6.12559048e+11  9.36e+01 2.52e-05  1.91e+02  2361s
 141   6.17482067e+11  6.12732878e+11  8.85e+01 2.16e-05  1.79e+02  2381s
 142   6.17386377e+11  6.12761525e+11  8.50e+01 2.30e-05  1.75e+02  2395s
 143   6.17271355e+11  6.12895021e+11  8.08e+01 2.29e-05  1.65e+02  2415s
 144   6.17242695e+11  6.12937383e+11  7.97e+01 2.19e-05  1.63e+02  2432s
 145   6.17122306e+11  6.13015563e+11  7.52e+01 2.21e-05  1.55e+02  2451s
 146   6.17043496e+11  6.13088631e+11  7.24e+01 2.23e-05  1.49e+02  2468s
 147   6.17005645e+11  6.13165944e+11  7.10e+01 2.22e-05  1.45e+02  2479s
 148   6.17003463e+11  6.13177854e+11  7.09e+01 2.10e-05  1.44e+02  2493s
 149   6.16977655e+11  6.13266391e+11  7.00e+01 2.00e-05  1.40e+02  2507s
 150   6.16855779e+11  6.13358834e+11  6.58e+01 2.50e-06  1.32e+02  2527s
 151   6.16789998e+11  6.13511903e+11  6.35e+01 2.37e-06  1.24e+02  2547s
 152   6.16691834e+11  6.13581264e+11  6.00e+01 2.82e-06  1.17e+02  2563s
 153   6.16586818e+11  6.13644727e+11  5.63e+01 4.89e-06  1.11e+02  2583s
 154   6.16480653e+11  6.13706813e+11  5.27e+01 5.93e-06  1.05e+02  2602s
 155   6.16418524e+11  6.13754356e+11  5.05e+01 5.11e-06  1.01e+02  2622s
 156   6.16310862e+11  6.13837854e+11  4.68e+01 5.25e-06  9.34e+01  2642s
 157   6.16246162e+11  6.13881636e+11  4.46e+01 4.49e-06  8.93e+01  2656s
 158   6.16184605e+11  6.13952560e+11  4.25e+01 5.45e-06  8.43e+01  2675s
 159   6.16135099e+11  6.13998053e+11  4.09e+01 6.02e-06  8.07e+01  2695s
 160   6.16103113e+11  6.14003308e+11  3.97e+01 7.25e-06  7.93e+01  2715s
 161   6.15990617e+11  6.14045641e+11  3.59e+01 5.55e-06  7.34e+01  2734s
 162   6.15974760e+11  6.14071839e+11  3.53e+01 4.13e-06  7.18e+01  2748s
 163   6.15919155e+11  6.14109314e+11  3.34e+01 6.59e-06  6.83e+01  2762s
 164   6.15873918e+11  6.14122518e+11  3.19e+01 5.13e-06  6.61e+01  2776s
 165   6.15831020e+11  6.14147675e+11  3.05e+01 5.77e-06  6.35e+01  2790s
 166   6.15797204e+11  6.14194196e+11  2.93e+01 5.09e-06  6.05e+01  2806s
 167   6.15754714e+11  6.14219395e+11  2.79e+01 5.18e-06  5.79e+01  2823s
 168   6.15723978e+11  6.14242581e+11  2.69e+01 4.88e-06  5.59e+01  2842s
 169   6.15690351e+11  6.14274412e+11  2.58e+01 4.88e-06  5.34e+01  2862s
 170   6.15659368e+11  6.14297972e+11  2.47e+01 6.12e-06  5.14e+01  2878s
 171   6.15632145e+11  6.14319651e+11  2.38e+01 5.51e-06  4.95e+01  2895s
 172   6.15602752e+11  6.14332414e+11  2.28e+01 4.06e-06  4.79e+01  2915s
 173   6.15559114e+11  6.14367653e+11  2.14e+01 5.82e-06  4.50e+01  2932s
 174   6.15527681e+11  6.14407905e+11  2.04e+01 4.35e-06  4.23e+01  2952s
 175   6.15483992e+11  6.14459456e+11  1.89e+01 4.47e-06  3.87e+01  2972s
 176   6.15431278e+11  6.14481705e+11  1.72e+01 3.94e-06  3.58e+01  2991s
 177   6.15393685e+11  6.14511921e+11  1.61e+01 3.36e-06  3.33e+01  3008s
 178   6.15376272e+11  6.14531936e+11  1.55e+01 3.93e-06  3.19e+01  3022s
 179   6.15364249e+11  6.14546216e+11  1.51e+01 3.91e-06  3.09e+01  3039s
 180   6.15329988e+11  6.14565488e+11  1.40e+01 3.59e-06  2.89e+01  3059s
 181   6.15316080e+11  6.14577611e+11  1.36e+01 2.68e-06  2.79e+01  3078s
 182   6.15309877e+11  6.14581161e+11  1.34e+01 2.52e-06  2.75e+01  3090s
 183   6.15294055e+11  6.14590722e+11  1.29e+01 2.72e-06  2.65e+01  3109s
 184   6.15268954e+11  6.14613137e+11  1.21e+01 3.99e-06  2.48e+01  3126s
 185   6.15241627e+11  6.14625866e+11  1.13e+01 8.29e-06  2.32e+01  3143s
 186   6.15227358e+11  6.14633791e+11  1.08e+01 2.64e-06  2.24e+01  3160s
 187   6.15208449e+11  6.14663534e+11  1.03e+01 4.76e-06  2.06e+01  3180s
 188   6.15196234e+11  6.14671399e+11  9.90e+00 4.62e-06  1.98e+01  3196s
 189   6.15173417e+11  6.14680456e+11  9.21e+00 5.10e-06  1.86e+01  3216s
 190   6.15157689e+11  6.14691874e+11  8.74e+00 6.53e-06  1.76e+01  3233s
 191   6.15138781e+11  6.14705972e+11  8.19e+00 7.68e-06  1.63e+01  3252s
 192   6.15129838e+11  6.14709747e+11  7.94e+00 7.74e-06  1.59e+01  3266s
 193   6.15120818e+11  6.14716393e+11  7.68e+00 8.43e-06  1.53e+01  3286s
 194   6.15111030e+11  6.14723452e+11  7.39e+00 6.88e-06  1.46e+01  3306s
 195   6.15105969e+11  6.14724546e+11  7.25e+00 7.01e-06  1.44e+01  3319s
 196   6.15098145e+11  6.14730340e+11  7.03e+00 6.73e-06  1.39e+01  3335s
 197   6.15085751e+11  6.14734579e+11  6.68e+00 6.54e-06  1.33e+01  3349s
 198   6.15078551e+11  6.14740587e+11  6.47e+00 7.01e-06  1.28e+01  3365s
 199   6.15071302e+11  6.14745568e+11  6.26e+00 7.68e-06  1.23e+01  3385s
 200   6.15058652e+11  6.14750260e+11  5.88e+00 7.08e-06  1.16e+01  3405s
 201   6.15056115e+11  6.14755891e+11  5.81e+00 6.30e-06  1.13e+01  3418s
 202   6.15044511e+11  6.14761115e+11  5.47e+00 6.46e-06  1.07e+01  3438s
 203   6.15030287e+11  6.14764681e+11  5.05e+00 5.62e-06  1.00e+01  3458s
 204   6.15023206e+11  6.14766350e+11  4.83e+00 5.25e-06  9.69e+00  3475s
 205   6.15020441e+11  6.14769634e+11  4.75e+00 5.82e-06  9.47e+00  3490s
 206   6.15008378e+11  6.14775391e+11  4.39e+00 7.38e-06  8.79e+00  3511s
 207   6.14995610e+11  6.14781824e+11  4.03e+00 7.90e-06  8.07e+00  3531s
 208   6.14989032e+11  6.14784389e+11  3.85e+00 7.13e-06  7.72e+00  3545s
 209   6.14979217e+11  6.14786856e+11  3.57e+00 6.06e-06  7.26e+00  3561s
 210   6.14974864e+11  6.14788174e+11  3.45e+00 5.40e-06  7.05e+00  3578s
 211   6.14968026e+11  6.14791030e+11  3.26e+00 3.72e-06  6.68e+00  3598s
 212   6.14966171e+11  6.14793949e+11  3.21e+00 2.28e-06  6.50e+00  3615s
 213   6.14957832e+11  6.14796195e+11  2.98e+00 9.78e-06  6.10e+00  3634s
 214   6.14953471e+11  6.14798120e+11  2.87e+00 2.11e-06  5.86e+00  3654s
 215   6.14948801e+11  6.14801480e+11  2.74e+00 1.92e-05  5.56e+00  3674s
 216   6.14942081e+11  6.14804544e+11  2.56e+00 1.32e-05  5.19e+00  3693s
 217   6.14936990e+11  6.14808086e+11  2.43e+00 1.73e-06  4.86e+00  3715s
 218   6.14935163e+11  6.14809062e+11  2.37e+00 5.95e-06  4.76e+00  3729s
 219   6.14930633e+11  6.14812521e+11  2.25e+00 1.87e-06  4.46e+00  3750s
 220   6.14927453e+11  6.14814896e+11  2.16e+00 7.24e-06  4.25e+00  3770s
 221   6.14924599e+11  6.14816770e+11  2.09e+00 1.79e-05  4.07e+00  3784s
 222   6.14919555e+11  6.14818770e+11  1.95e+00 2.88e-05  3.80e+00  3803s
 223   6.14916543e+11  6.14820413e+11  1.87e+00 1.28e-05  3.63e+00  3819s
 224   6.14913954e+11  6.14821816e+11  1.80e+00 1.38e-05  3.48e+00  3836s
 225   6.14910597e+11  6.14823007e+11  1.72e+00 1.76e-05  3.31e+00  3855s
 226   6.14907852e+11  6.14824543e+11  1.64e+00 2.37e-05  3.14e+00  3872s
 227   6.14904918e+11  6.14825616e+11  1.56e+00 4.40e-05  2.99e+00  3891s
 228   6.14903160e+11  6.14826166e+11  1.52e+00 3.66e-05  2.91e+00  3905s
 229   6.14900150e+11  6.14827744e+11  1.43e+00 3.28e-05  2.73e+00  3924s
 230   6.14899344e+11  6.14828675e+11  1.41e+00 3.80e-05  2.67e+00  3938s
 231   6.14894635e+11  6.14830659e+11  1.28e+00 2.32e-05  2.41e+00  3957s
 232   6.14891602e+11  6.14831388e+11  1.20e+00 9.89e-06  2.27e+00  3979s
 233   6.14891128e+11  6.14831822e+11  1.19e+00 6.95e-06  2.24e+00  3995s
 234   6.14888125e+11  6.14833071e+11  1.12e+00 1.20e-05  2.08e+00  4016s
 235   6.14886173e+11  6.14834028e+11  1.07e+00 1.34e-05  1.97e+00  4037s
 236   6.14884594e+11  6.14834987e+11  1.03e+00 1.92e-05  1.87e+00  4054s
 237   6.14881306e+11  6.14835622e+11  9.43e-01 2.50e-05  1.72e+00  4073s
 238   6.14879490e+11  6.14837034e+11  8.92e-01 3.08e-05  1.60e+00  4090s
 239   6.14877918e+11  6.14837491e+11  8.51e-01 3.36e-05  1.53e+00  4101s
 240   6.14874941e+11  6.14837999e+11  7.78e-01 4.33e-05  1.39e+00  4122s
 241   6.14873474e+11  6.14838684e+11  7.38e-01 2.99e-05  1.31e+00  4143s
 242   6.14871891e+11  6.14839385e+11  6.93e-01 2.74e-05  1.23e+00  4166s
 243   6.14869353e+11  6.14840059e+11  6.21e-01 2.51e-05  1.11e+00  4189s
 244   6.14867595e+11  6.14840524e+11  5.72e-01 2.34e-05  1.02e+00  4212s
 245   6.14866887e+11  6.14840912e+11  5.52e-01 2.20e-05  9.80e-01  4234s
 246   6.14866555e+11  6.14841223e+11  5.43e-01 2.09e-05  9.56e-01  4254s
 247   6.14864663e+11  6.14841916e+11  4.96e-01 3.54e-05  8.58e-01  4279s
 248   6.14863178e+11  6.14842376e+11  4.54e-01 4.90e-05  7.85e-01  4300s
 249   6.14862066e+11  6.14842678e+11  4.21e-01 3.40e-05  7.32e-01  4313s
 250   6.14861727e+11  6.14843094e+11  4.11e-01 2.84e-05  7.03e-01  4327s
 251   6.14860643e+11  6.14843327e+11  3.81e-01 2.54e-05  6.53e-01  4346s
 252   6.14860470e+11  6.14843675e+11  3.75e-01 7.44e-05  6.34e-01  4364s
 253   6.14859389e+11  6.14843933e+11  3.45e-01 6.34e-05  5.83e-01  4385s
 254   6.14858375e+11  6.14844150e+11  3.14e-01 8.17e-05  5.37e-01  4398s
 255   6.14857643e+11  6.14844315e+11  2.85e-01 3.47e-05  5.03e-01  4419s
 256   6.14857328e+11  6.14844457e+11  2.75e-01 6.18e-05  4.86e-01  4437s
 257   6.14856984e+11  6.14844576e+11  2.65e-01 3.26e-05  4.68e-01  4452s
 258   6.14856512e+11  6.14844697e+11  2.52e-01 6.93e-05  4.46e-01  4474s
 259   6.14855544e+11  6.14844815e+11  2.22e-01 2.82e-05  4.05e-01  4490s
 260   6.14854891e+11  6.14845018e+11  2.05e-01 7.76e-05  3.72e-01  4509s
 261   6.14854294e+11  6.14845067e+11  1.86e-01 4.76e-05  3.48e-01  4522s
 262   6.14853827e+11  6.14845212e+11  1.74e-01 2.64e-05  3.25e-01  4542s
 263   6.14853572e+11  6.14845321e+11  1.68e-01 8.48e-05  3.11e-01  4560s
 264   6.14853285e+11  6.14845449e+11  1.60e-01 4.95e-05  2.96e-01  4574s
 265   6.14853064e+11  6.14845535e+11  1.54e-01 6.71e-05  2.84e-01  4594s
 266   6.14852781e+11  6.14845625e+11  1.46e-01 2.29e-05  2.70e-01  4614s
 267   6.14852579e+11  6.14845687e+11  1.41e-01 5.87e-05  2.60e-01  4631s
 268   6.14852149e+11  6.14845798e+11  1.27e-01 5.05e-05  2.40e-01  4650s
 269   6.14851911e+11  6.14845870e+11  1.20e-01 6.20e-05  2.28e-01  4673s
 270   6.14851347e+11  6.14845899e+11  1.03e-01 3.73e-05  2.05e-01  4699s
 271   6.14851309e+11  6.14845988e+11  1.02e-01 4.57e-05  2.01e-01  4715s
 272   6.14851001e+11  6.14846046e+11  9.63e-02 3.28e-05  1.87e-01  4734s
 273   6.14850495e+11  6.14846124e+11  8.22e-02 3.62e-05  1.65e-01  4755s
 274   6.14850182e+11  6.14846200e+11  7.46e-02 2.99e-05  1.50e-01  4776s
 275   6.14849951e+11  6.14846316e+11  6.90e-02 9.03e-05  1.37e-01  4797s
 276   6.14849756e+11  6.14846401e+11  6.43e-02 5.49e-05  1.27e-01  4819s
 277   6.14849506e+11  6.14846494e+11  5.81e-02 2.37e-05  1.14e-01  4841s
 278   6.14849313e+11  6.14846614e+11  5.34e-02 8.24e-05  1.02e-01  4860s
 279   6.14848928e+11  6.14846717e+11  4.39e-02 7.22e-05  8.34e-02  4882s
 280   6.14848855e+11  6.14846775e+11  4.22e-02 4.18e-05  7.85e-02  4902s
 281   6.14848641e+11  6.14846819e+11  3.71e-02 7.55e-05  6.87e-02  4925s
 282   6.14848528e+11  6.14846836e+11  3.43e-02 1.12e-04  6.38e-02  4957s
 283   6.14848424e+11  6.14846858e+11  3.18e-02 3.30e-05  5.90e-02  4976s
 284   6.14848383e+11  6.14846861e+11  3.09e-02 4.86e-05  5.74e-02  5005s
 285   6.14848301e+11  6.14846884e+11  2.89e-02 3.91e-05  5.34e-02  5036s
 286   6.14848144e+11  6.14846909e+11  2.50e-02 9.61e-05  4.66e-02  5056s
 287   6.14848106e+11  6.14846927e+11  2.41e-02 5.27e-05  4.44e-02  5075s
 288   6.14847983e+11  6.14846945e+11  2.12e-02 3.07e-05  3.92e-02  5098s
 289   6.14847915e+11  6.14846973e+11  1.95e-02 8.83e-05  3.55e-02  5119s
 290   6.14847780e+11  6.14846988e+11  1.63e-02 9.50e-05  2.99e-02  5144s
 291   6.14847723e+11  6.14847006e+11  1.48e-02 6.40e-05  2.71e-02  5167s
 292   6.14847704e+11  6.14847018e+11  1.44e-02 4.07e-05  2.59e-02  5187s
 293   6.14847569e+11  6.14847030e+11  1.12e-02 6.29e-05  2.03e-02  5210s
 294   6.14847516e+11  6.14847035e+11  1.32e-02 5.78e-05  1.81e-02  5236s
 295   6.14847461e+11  6.14847045e+11  1.14e-02 7.60e-05  1.57e-02  5254s
 296   6.14847429e+11  6.14847052e+11  1.12e-02 7.22e-05  1.42e-02  5281s
 297   6.14847395e+11  6.14847054e+11  9.93e-03 7.25e-05  1.28e-02  5310s
 298   6.14847381e+11  6.14847058e+11  9.41e-03 7.64e-05  1.22e-02  5331s
 299   6.14847346e+11  6.14847064e+11  7.48e-03 7.64e-05  1.07e-02  5355s
 300   6.14847330e+11  6.14847066e+11  7.01e-03 1.15e-04  9.95e-03  5380s
 301   6.14847312e+11  6.14847069e+11  6.49e-03 9.67e-05  9.18e-03  5396s
 302   6.14847274e+11  6.14847074e+11  6.09e-03 8.06e-05  7.53e-03  5428s
 303   6.14847235e+11  6.14847080e+11  4.94e-03 7.62e-05  5.86e-03  5457s
 304   6.14847220e+11  6.14847083e+11  4.60e-03 6.33e-05  5.17e-03  5473s
 305   6.14847211e+11  6.14847084e+11  4.25e-03 8.90e-05  4.80e-03  5496s
 306   6.14847204e+11  6.14847085e+11  2.49e-03 8.24e-05  4.49e-03  5514s
 307   6.14847195e+11  6.14847086e+11  2.27e-03 9.86e-05  4.11e-03  5544s
 308   6.14847173e+11  6.14847090e+11  1.73e-03 8.05e-05  3.11e-03  5566s
 309   6.14847173e+11  6.14847090e+11  1.73e-03 8.09e-05  3.11e-03  5584s
 310   6.14847170e+11  6.14847091e+11  1.65e-03 7.83e-05  2.96e-03  5602s
 311   6.14847169e+11  6.14847092e+11  1.64e-03 5.92e-05  2.93e-03  5619s

Barrier solved model in 311 iterations and 5619.32 seconds (4537.09 work units)
Optimal objective 6.14847169e+11


