Solver command line: ['/share/apps/gurobi/12.0.0/bin/gurobi.sh']

Set parameter TokenServer to value "10.1.1.1"
Read LP format model from file /mnt/beegfs/users/ehsanno/openempire/tmp4rochcib.pyomo.lp
Reading time = 12.13 seconds
x1: 4862832 rows, 4413963 columns, 16400776 nonzeros
Set parameter QCPDual to value 1
Set parameter Method to value 2
Set parameter Crossover to value 0
Set parameter Presolve to value -1
Gurobi Optimizer version 12.0.0 build v12.0.0rc1 (linux64 - "CentOS Linux 7 (Core)")

CPU model: Intel(R) Xeon(R) Gold 6244 CPU @ 3.60GHz, instruction set [SSE2|AVX|AVX2|AVX512]
Thread count: 16 physical cores, 32 logical processors, using up to 32 threads

Non-default parameters:
Method  2
Crossover  0
QCPDual  1

Optimize a model with 4862832 rows, 4413963 columns and 16400776 nonzeros
Model fingerprint: 0xcf6a8839
Coefficient statistics:
  Matrix range     [1e-03, 3e+01]
  Objective range  [4e-03, 5e+06]
  Bounds range     [1e+00, 1e+00]
  RHS range        [1e+00, 6e+08]
Presolve removed 880243 rows and 625152 columns (presolve time = 5s)...
Presolve removed 899380 rows and 631639 columns (presolve time = 10s)...
Presolve removed 899380 rows and 631639 columns
Presolve time: 11.26s
Presolved: 3963452 rows, 3782324 columns, 13896116 nonzeros
Elapsed ordering time = 5s
Ordering time: 13.09s

Barrier statistics:
 Dense cols : 1163
 AA' NZ     : 1.160e+07
 Factor NZ  : 1.121e+08 (roughly 4.0 GB of memory)
 Factor Ops : 5.097e+10 (less than 1 second per iteration)
 Threads    : 16

                  Objective                Residual
Iter       Primal          Dual         Primal    Dual     Compl     Time
   0   2.35248671e+17 -6.35979627e+15  9.92e+11 4.72e+04  1.46e+13    31s
   1   1.83711784e+17 -9.85826841e+15  7.39e+11 4.99e+05  9.27e+12    33s
   2   1.54736839e+17 -6.55834108e+16  6.11e+11 3.53e+05  7.75e+12    37s
   3   1.40988601e+17 -9.76219638e+16  5.54e+11 2.74e+05  6.67e+12    40s
   4   9.17719369e+16 -1.74429631e+17  3.65e+11 1.34e+05  4.28e+12    43s
   5   6.05573770e+16 -2.25880011e+17  2.41e+11 3.74e+04  2.82e+12    47s
   6   3.51079584e+16 -2.33942770e+17  1.38e+11 1.27e+04  1.65e+12    49s
   7   2.30795786e+16 -2.24966407e+17  9.02e+10 7.03e+03  1.10e+12    51s
   8   1.52532923e+16 -2.14665069e+17  5.93e+10 4.59e+03  7.29e+11    53s
   9   1.48427225e+16 -2.08239854e+17  5.77e+10 4.05e+03  7.06e+11    56s
  10   1.24928074e+16 -1.68024239e+17  4.83e+10 1.65e+03  5.82e+11    58s
  11   5.80621407e+15 -1.20643677e+17  2.21e+10 5.03e+02  2.68e+11    60s
  12   4.12261116e+15 -7.24702041e+16  1.55e+10 1.50e-03  1.83e+11    64s
  13   2.41112159e+15 -4.79928014e+16  8.86e+09 7.86e-02  1.04e+11    67s
  14   1.71733953e+15 -2.94898888e+16  6.16e+09 2.11e-01  7.04e+10    69s
  15   5.81586479e+14 -2.59344751e+16  1.67e+09 1.15e-01  2.13e+10    71s
  16   3.54524030e+14 -1.93226281e+16  8.40e+08 1.76e-01  1.11e+10    73s
  17   2.57783316e+14 -1.31819701e+16  5.17e+08 1.32e-01  6.47e+09    75s
  18   2.34172826e+14 -9.79213701e+15  4.39e+08 4.37e-02  4.88e+09    77s
  19   1.96763306e+14 -6.78068804e+15  3.19e+08 1.49e-01  3.14e+09    80s
  20   1.38101284e+14 -5.07226640e+15  1.50e+08 8.82e-02  1.61e+09    82s
  21   1.24571569e+14 -3.36450255e+15  1.16e+08 6.21e-02  1.03e+09    85s
  22   9.22011852e+13 -2.15970636e+15  3.83e+07 3.40e-02  4.51e+08    88s
  23   7.55907496e+13 -1.47928345e+15  2.26e+07 2.12e-02  2.77e+08    91s
  24   6.64364677e+13 -1.31287282e+15  1.64e+07 1.81e-02  2.32e+08    93s
  25   5.41508905e+13 -9.71347311e+14  1.10e+07 1.22e-02  1.64e+08    95s
  26   4.26636150e+13 -9.35788172e+14  7.24e+06 1.17e-02  1.49e+08    97s
  27   4.00146112e+13 -6.84139927e+14  6.40e+06 8.43e-03  1.09e+08   100s
  28   2.67554356e+13 -1.94086571e+14  3.47e+06 1.98e-03  3.25e+07   103s
  29   1.56518263e+13 -7.84216876e+13  1.83e+06 6.81e-04  1.35e+07   107s
  30   1.20193221e+13 -4.70349700e+13  1.31e+06 3.91e-04  8.42e+06   111s
  31   8.91049742e+12 -2.74447601e+13  9.07e+05 2.23e-04  5.15e+06   114s
  32   7.10302743e+12 -2.20796078e+13  6.86e+05 2.21e-04  4.11e+06   116s
  33   6.88384084e+12 -1.81140217e+13  6.60e+05 4.08e-04  3.52e+06   118s
  34   6.39468223e+12 -1.58255745e+13  6.02e+05 3.62e-04  3.13e+06   120s
  35   5.32272762e+12 -1.46753128e+13  4.81e+05 2.48e-04  2.80e+06   123s
  36   4.81304513e+12 -1.24572858e+13  4.26e+05 1.68e-04  2.41e+06   126s
  37   4.60110567e+12 -1.13441410e+13  4.02e+05 2.07e-04  2.23e+06   130s
  38   3.74640040e+12 -8.19066422e+12  3.09e+05 6.74e-05  1.66e+06   134s
  39   3.12489091e+12 -6.38460184e+12  2.41e+05 2.42e-04  1.32e+06   138s
  40   2.82599682e+12 -5.54481554e+12  2.08e+05 1.93e-04  1.16e+06   142s
  41   2.68076310e+12 -4.84394556e+12  1.91e+05 1.70e-04  1.04e+06   147s
  42   2.49757721e+12 -3.89786556e+12  1.71e+05 1.17e-04  8.85e+05   151s
  43   2.25188737e+12 -3.67672205e+12  1.44e+05 1.15e-04  8.19e+05   155s
  44   2.11270041e+12 -2.75876515e+12  1.30e+05 6.62e-05  6.73e+05   159s
  45   1.95585780e+12 -2.54797112e+12  1.14e+05 6.69e-05  6.21e+05   164s
  46   1.84943194e+12 -2.03581662e+12  1.02e+05 6.43e-05  5.36e+05   168s
  47   1.68065069e+12 -1.61732198e+12  8.43e+04 6.25e-05  4.54e+05   172s
  48   1.54972219e+12 -1.26322769e+12  7.09e+04 5.95e-05  3.87e+05   176s
  49   1.47085322e+12 -1.01330856e+12  6.30e+04 5.62e-05  3.42e+05   180s
  50   1.37940777e+12 -8.20124092e+11  5.39e+04 5.26e-05  3.02e+05   184s
  51   1.28160004e+12 -5.99621688e+11  4.48e+04 4.29e-05  2.58e+05   188s
  52   1.24641671e+12 -4.19234913e+11  4.17e+04 3.71e-05  2.29e+05   192s
  53   1.18829926e+12 -2.84749405e+11  3.69e+04 3.41e-05  2.02e+05   196s
  54   1.14112903e+12 -2.24701061e+11  3.29e+04 3.12e-05  1.87e+05   200s
  55   1.10874021e+12 -9.07931694e+10  3.05e+04 2.72e-05  1.65e+05   204s
  56   1.05762585e+12 -1.13351420e+10  2.70e+04 2.42e-05  1.47e+05   209s
  57   9.99356123e+11  6.48800824e+10  2.34e+04 2.18e-05  1.28e+05   213s
  58   9.69304269e+11  1.41550196e+11  2.16e+04 1.77e-05  1.13e+05   217s
  59   9.21070512e+11  1.66976248e+11  1.87e+04 1.67e-05  1.03e+05   221s
  60   8.84647246e+11  2.27232688e+11  1.67e+04 1.43e-05  9.01e+04   226s
  61   8.53146205e+11  2.67523805e+11  1.49e+04 1.24e-05  8.02e+04   230s
  62   8.30247613e+11  2.96405622e+11  1.37e+04 1.14e-05  7.31e+04   234s
  63   8.03624858e+11  3.31683818e+11  1.22e+04 9.79e-06  6.47e+04   239s
  64   7.81966835e+11  3.66476291e+11  1.11e+04 8.74e-06  5.69e+04   242s
  65   7.47977271e+11  3.76999207e+11  9.38e+03 8.49e-06  5.08e+04   246s
  66   7.28144589e+11  4.08127766e+11  8.40e+03 7.78e-06  4.38e+04   250s
  67   7.12318587e+11  4.28071031e+11  7.63e+03 7.59e-06  3.89e+04   255s
  68   6.89560039e+11  4.37626717e+11  6.53e+03 6.62e-06  3.45e+04   259s
  69   6.82506618e+11  4.46231344e+11  6.19e+03 5.91e-06  3.24e+04   263s
  70   6.62781810e+11  4.56294410e+11  5.26e+03 5.32e-06  2.83e+04   268s
  71   6.53150899e+11  4.71210324e+11  4.81e+03 3.79e-06  2.49e+04   272s
  72   6.39122531e+11  4.78949828e+11  4.16e+03 4.89e-06  2.19e+04   276s
  73   6.26236044e+11  4.85566859e+11  3.57e+03 4.49e-06  1.93e+04   280s
  74   6.19274208e+11  4.96155122e+11  3.24e+03 3.55e-06  1.69e+04   284s
  75   6.14535966e+11  5.02717814e+11  3.02e+03 2.83e-06  1.53e+04   288s
  76   6.02963154e+11  5.08649896e+11  2.49e+03 2.41e-06  1.29e+04   293s
  77   5.99484402e+11  5.15924648e+11  2.33e+03 1.48e-06  1.14e+04   297s
  78   5.97845563e+11  5.16794872e+11  2.26e+03 1.99e-06  1.11e+04   300s
  79   5.92495186e+11  5.19536226e+11  2.02e+03 2.10e-06  9.99e+03   304s
  80   5.86343078e+11  5.23777402e+11  1.74e+03 1.74e-06  8.56e+03   308s
  81   5.82092026e+11  5.25259471e+11  1.55e+03 2.09e-06  7.78e+03   312s
  82   5.80841645e+11  5.27574403e+11  1.50e+03 7.04e-06  7.29e+03   316s
  83   5.79135264e+11  5.28642201e+11  1.42e+03 5.76e-06  6.91e+03   320s
  84   5.77112818e+11  5.29971726e+11  1.33e+03 4.41e-06  6.45e+03   324s
  85   5.73423369e+11  5.32169233e+11  1.16e+03 6.58e-06  5.65e+03   328s
  86   5.71885625e+11  5.33052567e+11  1.09e+03 5.43e-06  5.31e+03   332s
  87   5.68378653e+11  5.34628899e+11  9.35e+02 2.68e-06  4.62e+03   337s
  88   5.67413871e+11  5.35541208e+11  8.92e+02 3.76e-06  4.36e+03   341s
  89   5.65531771e+11  5.36012235e+11  8.06e+02 3.42e-06  4.04e+03   345s
  90   5.64569532e+11  5.37234010e+11  7.62e+02 3.65e-06  3.74e+03   349s
  91   5.63618046e+11  5.37609305e+11  7.19e+02 3.11e-06  3.56e+03   352s
  92   5.62884017e+11  5.38170146e+11  6.86e+02 3.11e-06  3.38e+03   356s
  93   5.62036623e+11  5.38557944e+11  6.47e+02 3.86e-06  3.21e+03   360s
  94   5.60852658e+11  5.39180685e+11  5.93e+02 5.45e-06  2.97e+03   364s
  95   5.59727271e+11  5.39828250e+11  5.42e+02 2.98e-06  2.72e+03   368s
  96   5.58738521e+11  5.40520159e+11  4.96e+02 3.27e-06  2.49e+03   373s
  97   5.58062699e+11  5.40980135e+11  4.65e+02 2.62e-06  2.34e+03   376s
  98   5.57586386e+11  5.41525992e+11  4.43e+02 3.79e-06  2.20e+03   381s
  99   5.56937020e+11  5.41854153e+11  4.12e+02 3.14e-06  2.06e+03   385s
 100   5.56462878e+11  5.42305176e+11  3.90e+02 3.00e-06  1.94e+03   389s
 101   5.56219086e+11  5.42507918e+11  3.79e+02 2.97e-06  1.88e+03   392s
 102   5.55416085e+11  5.42821939e+11  3.41e+02 6.22e-07  1.72e+03   396s
 103   5.54860515e+11  5.43150106e+11  3.16e+02 1.87e-06  1.60e+03   401s
 104   5.54425941e+11  5.43453147e+11  2.95e+02 2.04e-06  1.50e+03   405s
 105   5.53933857e+11  5.43825809e+11  2.73e+02 1.55e-06  1.38e+03   409s
 106   5.53648541e+11  5.44145579e+11  2.59e+02 2.65e-06  1.30e+03   413s
 107   5.53379642e+11  5.44360199e+11  2.47e+02 4.14e-06  1.23e+03   418s
 108   5.53119112e+11  5.44511872e+11  2.35e+02 5.07e-06  1.18e+03   421s
 109   5.52898750e+11  5.44657188e+11  2.25e+02 3.47e-06  1.13e+03   425s
 110   5.52637144e+11  5.44911164e+11  2.12e+02 5.50e-06  1.06e+03   430s
 111   5.52402222e+11  5.45024712e+11  2.01e+02 6.55e-06  1.01e+03   433s
 112   5.52288505e+11  5.45144312e+11  1.96e+02 7.26e-06  9.77e+02   437s
 113   5.52064809e+11  5.45256191e+11  1.86e+02 6.83e-06  9.31e+02   441s
 114   5.52033476e+11  5.45327432e+11  1.84e+02 6.83e-06  9.17e+02   444s
 115   5.51872833e+11  5.45441273e+11  1.77e+02 7.40e-06  8.80e+02   448s
 116   5.51675967e+11  5.45632063e+11  1.68e+02 5.65e-06  8.27e+02   453s
 117   5.51571002e+11  5.45699853e+11  1.63e+02 3.15e-06  8.03e+02   456s
 118   5.51422604e+11  5.45780386e+11  1.56e+02 4.08e-06  7.72e+02   459s
 119   5.51143419e+11  5.45961095e+11  1.43e+02 1.55e-06  7.09e+02   464s
 120   5.51018617e+11  5.46058569e+11  1.38e+02 8.41e-07  6.79e+02   467s
 121   5.50816852e+11  5.46195280e+11  1.28e+02 2.83e-06  6.32e+02   471s
 122   5.50597806e+11  5.46377028e+11  1.18e+02 1.36e-06  5.77e+02   476s
 123   5.50388662e+11  5.46470217e+11  1.09e+02 1.78e-06  5.36e+02   480s
 124   5.50265351e+11  5.46519422e+11  1.03e+02 1.86e-06  5.12e+02   484s
 125   5.50155291e+11  5.46627613e+11  9.81e+01 1.38e-06  4.83e+02   488s
 126   5.50076691e+11  5.46701545e+11  9.45e+01 1.60e-06  4.62e+02   492s
 127   5.49950999e+11  5.46767257e+11  8.87e+01 1.65e-06  4.36e+02   496s
 128   5.49807001e+11  5.46831540e+11  8.20e+01 1.46e-06  4.07e+02   500s
 129   5.49740092e+11  5.46895953e+11  7.90e+01 1.95e-06  3.89e+02   505s
 130   5.49616304e+11  5.46933747e+11  7.33e+01 1.13e-06  3.67e+02   509s
 131   5.49532554e+11  5.47015265e+11  6.94e+01 1.50e-06  3.44e+02   513s
 132   5.49459224e+11  5.47073368e+11  6.60e+01 1.53e-06  3.26e+02   517s
 133   5.49364099e+11  5.47112575e+11  6.15e+01 3.51e-06  3.08e+02   522s
 134   5.49270164e+11  5.47177749e+11  5.72e+01 1.87e-06  2.86e+02   526s
 135   5.49207844e+11  5.47230966e+11  5.43e+01 1.30e-06  2.70e+02   530s
 136   5.49133987e+11  5.47263991e+11  5.09e+01 1.20e-06  2.56e+02   534s
 137   5.49089256e+11  5.47330646e+11  4.88e+01 2.51e-06  2.41e+02   539s
 138   5.49027220e+11  5.47363263e+11  4.60e+01 1.51e-06  2.28e+02   543s
 139   5.48991773e+11  5.47385885e+11  4.44e+01 2.53e-06  2.20e+02   547s
 140   5.48924917e+11  5.47420612e+11  4.14e+01 2.38e-06  2.06e+02   551s
 141   5.48876936e+11  5.47453725e+11  3.92e+01 4.34e-06  1.95e+02   556s
 142   5.48857885e+11  5.47472809e+11  3.83e+01 1.82e-06  1.89e+02   559s
 143   5.48853325e+11  5.47493424e+11  3.81e+01 1.82e-06  1.86e+02   563s
 144   5.48776767e+11  5.47518862e+11  3.47e+01 7.60e-07  1.72e+02   567s
 145   5.48748899e+11  5.47526614e+11  3.34e+01 6.36e-07  1.67e+02   571s
 146   5.48717271e+11  5.47565251e+11  3.20e+01 9.90e-07  1.58e+02   575s
 147   5.48676176e+11  5.47581741e+11  3.01e+01 1.49e-06  1.50e+02   579s
 148   5.48635371e+11  5.47604456e+11  2.83e+01 9.69e-07  1.41e+02   583s
 149   5.48605671e+11  5.47621510e+11  2.69e+01 3.68e-06  1.35e+02   588s
 150   5.48587530e+11  5.47639212e+11  2.61e+01 2.16e-06  1.30e+02   591s
 151   5.48556961e+11  5.47654735e+11  2.47e+01 2.13e-06  1.23e+02   596s
 152   5.48515329e+11  5.47681885e+11  2.27e+01 1.16e-06  1.14e+02   600s
 153   5.48491962e+11  5.47691859e+11  2.17e+01 3.06e-06  1.09e+02   604s
 154   5.48474407e+11  5.47703867e+11  2.09e+01 2.66e-06  1.05e+02   608s
 155   5.48446378e+11  5.47726819e+11  1.97e+01 6.98e-07  9.84e+01   613s
 156   5.48422527e+11  5.47736742e+11  1.86e+01 7.81e-06  9.38e+01   617s
 157   5.48405711e+11  5.47751209e+11  1.79e+01 6.70e-06  8.95e+01   621s
 158   5.48383226e+11  5.47761197e+11  1.69e+01 7.47e-07  8.51e+01   625s
 159   5.48364406e+11  5.47773257e+11  1.60e+01 2.88e-06  8.09e+01   630s
 160   5.48358210e+11  5.47785347e+11  1.57e+01 4.46e-06  7.84e+01   633s
 161   5.48339424e+11  5.47800511e+11  1.49e+01 7.07e-07  7.37e+01   637s
 162   5.48325806e+11  5.47805105e+11  1.43e+01 1.73e-06  7.12e+01   641s
 163   5.48323144e+11  5.47813026e+11  1.42e+01 2.86e-06  6.98e+01   646s
 164   5.48307281e+11  5.47821673e+11  1.35e+01 8.16e-07  6.64e+01   649s
 165   5.48292519e+11  5.47830374e+11  1.28e+01 5.67e-07  6.32e+01   653s
 166   5.48276892e+11  5.47838402e+11  1.21e+01 5.57e-07  6.00e+01   657s
 167   5.48264913e+11  5.47846794e+11  1.15e+01 3.84e-06  5.72e+01   661s
 168   5.48247035e+11  5.47853307e+11  1.07e+01 8.23e-07  5.39e+01   665s
 169   5.48232970e+11  5.47859604e+11  1.01e+01 6.11e-07  5.11e+01   670s
 170   5.48220681e+11  5.47872289e+11  9.58e+00 1.74e-06  4.77e+01   674s
 171   5.48214284e+11  5.47873198e+11  9.30e+00 5.89e-06  4.67e+01   677s
 172   5.48197046e+11  5.47883567e+11  8.54e+00 1.54e-06  4.29e+01   681s
 173   5.48182645e+11  5.47894241e+11  7.90e+00 9.83e-07  3.94e+01   685s
 174   5.48175166e+11  5.47898516e+11  7.58e+00 4.17e-07  3.78e+01   689s
 175   5.48164819e+11  5.47907664e+11  7.12e+00 6.41e-07  3.52e+01   693s
 176   5.48155320e+11  5.47920029e+11  6.70e+00 1.75e-06  3.22e+01   697s
 177   5.48143299e+11  5.47926857e+11  6.18e+00 7.15e-07  2.96e+01   702s
 178   5.48136911e+11  5.47934588e+11  5.90e+00 3.95e-07  2.77e+01   706s
 179   5.48130807e+11  5.47936749e+11  5.64e+00 1.75e-06  2.66e+01   710s
 180   5.48122626e+11  5.47940772e+11  5.28e+00 1.13e-06  2.49e+01   714s
 181   5.48117345e+11  5.47950772e+11  5.05e+00 7.31e-06  2.28e+01   719s
 182   5.48111522e+11  5.47954880e+11  4.80e+00 1.45e-06  2.14e+01   723s
 183   5.48107943e+11  5.47956997e+11  4.65e+00 1.14e-06  2.07e+01   727s
 184   5.48101136e+11  5.47960469e+11  4.35e+00 1.29e-06  1.93e+01   731s
 185   5.48090317e+11  5.47963016e+11  3.88e+00 7.79e-07  1.74e+01   735s
 186   5.48085840e+11  5.47964893e+11  3.68e+00 4.98e-06  1.66e+01   739s
 187   5.48080056e+11  5.47967708e+11  3.43e+00 8.21e-07  1.54e+01   743s
 188   5.48072007e+11  5.47969059e+11  3.09e+00 1.02e-05  1.41e+01   747s
 189   5.48070093e+11  5.47970508e+11  3.01e+00 1.09e-05  1.36e+01   751s
 190   5.48064511e+11  5.47971875e+11  2.76e+00 3.81e-06  1.27e+01   754s
 191   5.48059141e+11  5.47974253e+11  2.53e+00 1.16e-05  1.16e+01   759s
 192   5.48053101e+11  5.47977280e+11  2.27e+00 9.48e-06  1.04e+01   763s
 193   5.48048403e+11  5.47978746e+11  2.06e+00 1.60e-06  9.53e+00   767s
 194   5.48044320e+11  5.47981635e+11  1.88e+00 5.32e-06  8.58e+00   771s
 195   5.48041012e+11  5.47982592e+11  1.73e+00 2.33e-06  8.00e+00   775s
 196   5.48039792e+11  5.47983097e+11  1.68e+00 7.53e-07  7.76e+00   780s
 197   5.48038370e+11  5.47984066e+11  1.61e+00 6.00e-07  7.43e+00   785s
 198   5.48035493e+11  5.47984574e+11  1.51e+00 1.34e-06  6.97e+00   789s
 199   5.48033459e+11  5.47985650e+11  1.43e+00 7.34e-07  6.54e+00   794s
 200   5.48031637e+11  5.47986385e+11  1.35e+00 1.23e-06  6.19e+00   798s
 201   5.48030579e+11  5.47986923e+11  1.30e+00 2.62e-06  5.97e+00   803s
 202   5.48027415e+11  5.47987958e+11  1.15e+00 6.78e-06  5.40e+00   807s
 203   5.48024122e+11  5.47990428e+11  1.01e+00 2.91e-07  4.61e+00   812s
 204   5.48023262e+11  5.47990838e+11  9.70e-01 1.05e-05  4.44e+00   815s
 205   5.48020581e+11  5.47991791e+11  8.58e-01 7.19e-07  3.94e+00   819s
 206   5.48018413e+11  5.47992564e+11  7.69e-01 3.04e-06  3.54e+00   824s
 207   5.48017338e+11  5.47993191e+11  7.23e-01 2.48e-05  3.31e+00   828s
 208   5.48015362e+11  5.47993793e+11  6.48e-01 7.90e-06  2.95e+00   833s
 209   5.48014355e+11  5.47994562e+11  6.11e-01 2.21e-05  2.71e+00   838s
 210   5.48011745e+11  5.47994989e+11  4.81e-01 1.01e-05  2.29e+00   844s
 211   5.48011442e+11  5.47995179e+11  4.69e-01 2.76e-05  2.23e+00   848s
 212   5.48011087e+11  5.47995382e+11  4.54e-01 1.02e-06  2.15e+00   854s
 213   5.48010170e+11  5.47995749e+11  4.19e-01 1.97e-06  1.97e+00   859s
 214   5.48008950e+11  5.47996152e+11  3.74e-01 3.55e-05  1.75e+00   864s
 215   5.48007567e+11  5.47996721e+11  3.18e-01 3.72e-05  1.48e+00   868s
 216   5.48006221e+11  5.47997090e+11  2.63e-01 3.40e-05  1.25e+00   872s
 217   5.48005261e+11  5.47997753e+11  2.22e-01 1.15e-05  1.03e+00   877s
 218   5.48004649e+11  5.47998085e+11  1.97e-01 2.76e-05  8.98e-01   881s
 219   5.48004354e+11  5.47998221e+11  1.85e-01 1.98e-05  8.39e-01   884s
 220   5.48003844e+11  5.47998436e+11  1.64e-01 2.83e-05  7.40e-01   889s
 221   5.48003430e+11  5.47998701e+11  1.48e-01 4.75e-05  6.47e-01   894s
 222   5.48002928e+11  5.47998841e+11  1.26e-01 3.35e-05  5.59e-01   899s
 223   5.48002649e+11  5.47999048e+11  1.16e-01 3.10e-05  4.93e-01   903s
 224   5.48002281e+11  5.47999115e+11  1.00e-01 2.90e-05  4.33e-01   908s
 225   5.48001974e+11  5.47999199e+11  8.72e-02 2.31e-05  3.80e-01   913s
 226   5.48001888e+11  5.47999250e+11  8.34e-02 2.43e-05  3.61e-01   918s
 227   5.48001761e+11  5.47999321e+11  7.80e-02 3.80e-05  3.34e-01   923s
 228   5.48001664e+11  5.47999356e+11  7.39e-02 2.12e-05  3.16e-01   930s
 229   5.48001410e+11  5.47999402e+11  6.32e-02 2.04e-05  2.75e-01   937s
 230   5.48001282e+11  5.47999443e+11  5.76e-02 3.34e-06  2.52e-01   941s
 231   5.48001068e+11  5.47999496e+11  5.02e-02 2.29e-05  2.15e-01   947s
 232   5.48001008e+11  5.47999559e+11  4.76e-02 2.97e-05  1.98e-01   951s
 233   5.48000762e+11  5.47999645e+11  3.75e-02 6.01e-05  1.53e-01   956s
 234   5.48000482e+11  5.47999695e+11  2.50e-02 4.12e-05  1.08e-01   962s
 235   5.48000415e+11  5.47999758e+11  2.15e-02 1.43e-05  8.99e-02   968s
 236   5.48000325e+11  5.47999783e+11  1.75e-02 2.58e-05  7.41e-02   975s
 237   5.48000305e+11  5.47999809e+11  1.66e-02 3.82e-05  6.79e-02   979s
 238   5.48000264e+11  5.47999814e+11  1.48e-02 5.16e-05  6.15e-02   984s
 239   5.48000173e+11  5.47999857e+11  1.08e-02 2.95e-05  4.32e-02   990s
 240   5.48000131e+11  5.47999871e+11  8.89e-03 5.45e-05  3.56e-02   995s
 241   5.48000104e+11  5.47999885e+11  7.84e-03 2.35e-05  3.00e-02  1001s
 242   5.48000092e+11  5.47999886e+11  7.25e-03 1.98e-05  2.81e-02  1008s
 243   5.48000062e+11  5.47999891e+11  6.41e-03 5.64e-05  2.33e-02  1014s
 244   5.48000018e+11  5.47999921e+11  3.78e-03 4.59e-05  1.33e-02  1019s
 245   5.47999997e+11  5.47999923e+11  3.92e-03 1.46e-05  1.01e-02  1023s
 246   5.47999994e+11  5.47999925e+11  4.23e-02 2.73e-05  9.50e-03  1028s
 247   5.47999986e+11  5.47999926e+11  3.68e-02 4.49e-05  8.24e-03  1031s
 248   5.47999983e+11  5.47999926e+11  3.50e-02 4.82e-05  7.83e-03  1035s
 249   5.47999980e+11  5.47999926e+11  3.32e-02 5.30e-05  7.42e-03  1038s
 250   5.47999977e+11  5.47999927e+11  4.45e-02 4.29e-05  6.95e-03  1041s

Barrier solved model in 250 iterations and 1040.84 seconds (842.43 work units)
Optimal objective 5.47999977e+11


