This is Ipopt version 3.14.19, running with linear solver ma57.

Number of nonzeros in equality constraint Jacobian...:    13682
Number of nonzeros in inequality constraint Jacobian.:     3120
Number of nonzeros in Lagrangian Hessian.............:      899

Total number of variables............................:     5539
                     variables with only lower bounds:        0
                variables with lower and upper bounds:     4303
                     variables with only upper bounds:        0
Total number of equality constraints.................:     3582
Total number of inequality constraints...............:     1560
        inequality constraints with only lower bounds:        0
   inequality constraints with lower and upper bounds:     1560
        inequality constraints with only upper bounds:        0

iter    objective    inf_pr   inf_du lg(mu)  ||d||  lg(rg) alpha_du alpha_pr  ls
   0  1.2357532e+07 1.85e+01 8.53e+01  -1.0 0.00e+00    -  0.00e+00 0.00e+00   0
   1  1.2357965e+07 1.85e+01 8.51e+01  -1.0 1.89e+01    -  1.03e-02 2.32e-05f  1
   2  9.6431279e+06 1.82e+01 8.50e+01  -1.0 2.14e+01    -  1.86e-03 1.53e-02f  1
   3  9.6117547e+06 1.75e+01 8.40e+01  -1.0 2.07e+01    -  1.59e-02 3.73e-02f  1
   4  8.6179477e+06 1.66e+01 8.02e+01  -1.0 2.23e+01    -  4.56e-02 5.00e-02f  1
   5  6.9472691e+06 1.39e+01 6.24e+01  -1.0 1.46e+01    -  2.13e-01 1.62e-01f  1
   6  2.8721147e+06 6.92e+00 4.56e+01  -1.0 1.33e+01    -  3.04e-01 5.04e-01f  1
   7  1.8603998e+06 1.95e-02 8.63e+00  -1.0 9.34e+00    -  8.30e-01 9.97e-01f  1
   8  1.6917408e+06 4.12e-13 9.03e-02  -1.0 1.27e+00    -  9.90e-01 1.00e+00f  1
   9  1.7056559e+06 2.99e-10 6.66e-06  -1.0 6.66e-02  -4.0 1.00e+00 1.00e+00f  1
iter    objective    inf_pr   inf_du lg(mu)  ||d||  lg(rg) alpha_du alpha_pr  ls
  10  6.1078019e+05 7.81e-13 4.19e-02  -2.5 5.33e-01  -4.5 8.50e-01 1.00e+00f  1
  11  5.0849701e+05 8.32e-13 4.03e-02  -2.5 1.24e+00  -5.0 8.07e-01 1.00e+00f  1
  12  4.8105294e+05 9.41e-11 4.55e-13  -2.5 4.78e-01    -  1.00e+00 1.00e+00f  1
  13  4.3348530e+05 1.17e-12 9.58e-03  -3.8 2.82e-01    -  8.33e-01 1.00e+00f  1
  14  4.2943960e+05 7.87e-13 5.68e-14  -3.8 3.67e-02    -  1.00e+00 1.00e+00f  1
  15  4.2642284e+05 7.34e-13 3.53e-03  -5.7 7.56e-02    -  7.72e-01 9.94e-01f  1
  16  4.2637852e+05 6.61e-13 4.32e-08  -5.7 1.17e-02  -5.4 1.00e+00 1.00e+00f  1
  17  4.2636747e+05 1.68e-12 8.29e-09  -5.7 6.72e-03  -5.9 1.00e+00 1.00e+00f  1
  18  4.2633049e+05 8.65e-13 6.97e-06  -8.6 3.79e-03  -6.4 9.93e-01 9.96e-01f  1
  19  4.2632956e+05 8.67e-13 2.00e-14  -8.6 1.96e-03    -  1.00e+00 1.00e+00f  1
iter    objective    inf_pr   inf_du lg(mu)  ||d||  lg(rg) alpha_du alpha_pr  ls
  20  4.2632935e+05 6.38e-13 1.34e-10  -8.6 9.80e-04  -6.9 1.00e+00 1.00e+00f  1
  21  4.2632929e+05 8.77e-13 1.90e-14  -8.6 4.80e-04    -  1.00e+00 1.00e+00f  1
  22  4.2632928e+05 8.17e-13 1.03e-11  -8.6 2.24e-04  -7.3 1.00e+00 1.00e+00h  1

Number of Iterations....: 22

                                   (scaled)                 (unscaled)
Objective...............:   4.2632927921526203e+01    4.2632927921526204e+05
Dual infeasibility......:   1.0252622402060047e-11    1.0252622402060047e-07
Constraint violation....:   1.8211265028502641e-14    8.1701312382165270e-13
Variable bound violation:   1.2822257566824646e-07    1.2822257566824646e-07
Complementarity.........:   9.7979234575193620e-09    9.7979234575193612e-05
Overall NLP error.......:   9.7979234575193620e-09    9.7979234575193612e-05


Number of objective function evaluations             = 23
Number of objective gradient evaluations             = 23
Number of equality constraint evaluations            = 23
Number of inequality constraint evaluations          = 23
Number of equality constraint Jacobian evaluations   = 1
Number of inequality constraint Jacobian evaluations = 1
Number of Lagrangian Hessian evaluations             = 1
Total seconds in IPOPT                               = 0.171

EXIT: Optimal Solution Found.
