This is Ipopt version 3.14.19, running with linear solver ma57.

Number of nonzeros in equality constraint Jacobian...:    13682
Number of nonzeros in inequality constraint Jacobian.:     3120
Number of nonzeros in Lagrangian Hessian.............:      899

Total number of variables............................:     5539
                     variables with only lower bounds:        0
                variables with lower and upper bounds:     4303
                     variables with only upper bounds:        0
Total number of equality constraints.................:     3582
Total number of inequality constraints...............:     1560
        inequality constraints with only lower bounds:        0
   inequality constraints with lower and upper bounds:     1560
        inequality constraints with only upper bounds:        0

iter    objective    inf_pr   inf_du lg(mu)  ||d||  lg(rg) alpha_du alpha_pr  ls
   0  2.4464269e+07 1.50e+01 8.51e+01  -1.0 0.00e+00    -  0.00e+00 0.00e+00   0
   1  2.4464149e+07 1.50e+01 8.49e+01  -1.0 1.92e+01    -  9.25e-03 2.82e-05f  1
   2  2.1240327e+07 1.48e+01 8.47e+01  -1.0 2.83e+01  -4.0 6.69e-04 1.77e-02f  1
   3  2.0842988e+07 1.44e+01 8.41e+01  -1.0 2.57e+01  -4.5 9.98e-03 2.08e-02f  1
   4  1.9614697e+07 1.39e+01 8.26e+01  -1.0 4.97e+01    -  2.12e-02 3.96e-02f  1
   5  1.7312570e+07 1.27e+01 7.76e+01  -1.0 2.27e+01    -  6.38e-02 8.12e-02f  1
   6  1.2302596e+07 1.02e+01 5.51e+01  -1.0 2.09e+01  -5.0 2.76e-01 2.04e-01f  1
   7  3.4468766e+06 3.05e+00 3.12e+01  -1.0 5.18e+01    -  4.78e-01 7.00e-01f  1
   8  1.5230585e+06 2.95e-12 4.50e+00  -1.0 8.97e+00    -  8.72e-01 1.00e+00f  1
   9  1.3352717e+06 1.03e-08 1.57e-01  -1.0 3.49e+00    -  9.88e-01 8.19e-01f  1
iter    objective    inf_pr   inf_du lg(mu)  ||d||  lg(rg) alpha_du alpha_pr  ls
  10  1.3238394e+06 2.14e-12 3.64e-12  -1.0 8.02e-01    -  1.00e+00 1.00e+00f  1
  11  2.1298877e+05 4.07e-12 3.97e-02  -2.5 1.22e+00    -  8.51e-01 1.00e+00f  1
  12  1.3322479e+05 2.83e-12 1.39e-02  -2.5 7.99e-01  -5.4 9.05e-01 1.00e+00f  1
  13  8.3968803e+04 2.38e-12 2.26e-02  -3.8 5.09e-01  -5.9 7.36e-01 1.00e+00f  1
  14  7.9637165e+04 4.50e-12 4.32e-03  -3.8 2.25e-01    -  9.22e-01 1.00e+00f  1
  15  7.8483600e+04 3.15e-12 1.83e-14  -3.8 1.14e-01    -  1.00e+00 1.00e+00f  1
  16  7.6220975e+04 2.17e-12 2.73e-03  -5.7 8.72e-02  -6.4 8.12e-01 1.00e+00f  1
  17  7.6099629e+04 2.52e-12 1.44e-03  -5.7 3.59e-02  -6.9 8.46e-01 1.00e+00f  1
  18  7.6065338e+04 3.36e-12 8.67e-10  -5.7 1.90e-02  -7.3 1.00e+00 1.00e+00f  1
  19  7.6029666e+04 3.92e-12 1.74e-04  -8.6 1.28e-02  -7.8 9.28e-01 1.00e+00f  1
iter    objective    inf_pr   inf_du lg(mu)  ||d||  lg(rg) alpha_du alpha_pr  ls
  20  7.6026126e+04 2.57e-12 1.90e-14  -8.6 5.81e-03    -  1.00e+00 1.00e+00f  1
  21  7.6025085e+04 2.22e-12 2.00e-14  -8.6 2.46e-03    -  1.00e+00 1.00e+00f  1
  22  7.6024873e+04 3.03e-12 2.94e-12  -8.6 5.78e-04  -8.3 1.00e+00 1.00e+00f  1
  23  7.6024850e+04 2.67e-12 2.03e-14  -8.6 1.30e-04    -  1.00e+00 1.00e+00h  1
  24  7.6024822e+04 2.45e-12 1.12e-13  -9.0 6.64e-05  -8.8 1.00e+00 1.00e+00h  1

Number of Iterations....: 24

                                   (scaled)                 (unscaled)
Objective...............:   7.6024822264156526e+00    7.6024822264156523e+04
Dual infeasibility......:   1.1242305426123525e-13    1.1242305426123525e-09
Constraint violation....:   6.4897229879717016e-13    2.4495960815329454e-12
Variable bound violation:   9.9909090869341966e-09    9.9909090869341966e-09
Complementarity.........:   3.0468637606656254e-09    3.0468637606656252e-05
Overall NLP error.......:   3.0468637606656254e-09    3.0468637606656252e-05


Number of objective function evaluations             = 25
Number of objective gradient evaluations             = 25
Number of equality constraint evaluations            = 25
Number of inequality constraint evaluations          = 25
Number of equality constraint Jacobian evaluations   = 1
Number of inequality constraint Jacobian evaluations = 1
Number of Lagrangian Hessian evaluations             = 1
Total seconds in IPOPT                               = 0.182

EXIT: Optimal Solution Found.
