
******************************************************************************
This program contains Ipopt, a library for large-scale nonlinear optimization.
 Ipopt is released as open source code under the Eclipse Public License (EPL).
         For more information visit https://github.com/coin-or/Ipopt
******************************************************************************

This is Ipopt version 3.14.19, running with linear solver ma57.

Number of nonzeros in equality constraint Jacobian...:    13682
Number of nonzeros in inequality constraint Jacobian.:     3120
Number of nonzeros in Lagrangian Hessian.............:      899

Total number of variables............................:     5539
                     variables with only lower bounds:        0
                variables with lower and upper bounds:     4303
                     variables with only upper bounds:        0
Total number of equality constraints.................:     3582
Total number of inequality constraints...............:     1560
        inequality constraints with only lower bounds:        0
   inequality constraints with lower and upper bounds:     1560
        inequality constraints with only upper bounds:        0

iter    objective    inf_pr   inf_du lg(mu)  ||d||  lg(rg) alpha_du alpha_pr  ls
   0  9.2444438e+06 1.88e+01 8.49e+01  -1.0 0.00e+00    -  0.00e+00 0.00e+00   0
   1  9.2441442e+06 1.88e+01 8.44e+01  -1.0 1.84e+01    -  1.25e-02 1.80e-05f  1
   2  7.1179144e+06 1.84e+01 8.43e+01  -1.0 6.90e+01    -  2.35e-03 1.78e-02f  1
   3  7.0958194e+06 1.75e+01 8.36e+01  -1.0 1.58e+01  -4.0 1.54e-02 4.97e-02f  1
   4  6.2916684e+06 1.66e+01 8.02e+01  -1.0 4.94e+01    -  4.23e-02 5.17e-02f  1
   5  5.1596988e+06 1.38e+01 6.70e+01  -1.0 1.37e+01    -  1.65e-01 1.69e-01f  1
   6  2.6572956e+06 8.24e+00 4.19e+01  -1.0 1.16e+01  -4.5 3.79e-01 4.03e-01f  1
   7  1.5551852e+06 3.04e-06 9.67e+00  -1.0 6.92e+00  -5.0 8.00e-01 1.00e+00f  1
   8  1.4086711e+06 5.46e-13 9.88e-02  -1.0 9.79e-01    -  9.90e-01 1.00e+00f  1
   9  1.4192647e+06 5.42e-13 1.14e-13  -1.0 6.80e-01    -  1.00e+00 1.00e+00f  1
iter    objective    inf_pr   inf_du lg(mu)  ||d||  lg(rg) alpha_du alpha_pr  ls
  10  3.6327036e+05 6.79e-13 2.83e-02  -2.5 8.38e-01    -  8.50e-01 1.00e+00f  1
  11  2.3710371e+05 8.89e-11 4.75e-02  -3.8 1.33e+00  -5.4 7.14e-01 9.93e-01f  1
  12  2.0796847e+05 3.37e-13 2.64e-02  -3.8 5.84e-01    -  7.53e-01 1.00e+00f  1
  13  1.9933331e+05 1.58e-13 6.89e-03  -3.8 1.11e-01  -5.9 8.57e-01 1.00e+00f  1
  14  1.9788725e+05 4.01e-13 5.68e-09  -3.8 1.38e-02  -6.4 1.00e+00 1.00e+00f  1
  15  1.9517222e+05 3.88e-13 4.00e-03  -5.7 1.09e-01    -  7.72e-01 9.76e-01f  1
  16  1.9505912e+05 9.99e-13 2.92e-03  -5.7 1.07e-02    -  8.48e-01 9.82e-01f  1
  17  1.9505152e+05 3.14e-12 7.99e-10  -5.7 5.82e-03  -6.9 1.00e+00 1.00e+00f  1
  18  1.9501509e+05 4.28e-13 1.69e-05  -8.6 3.83e-03  -7.3 9.92e-01 9.89e-01f  1
  19  1.9501414e+05 6.34e-13 3.11e-11  -8.6 2.04e-03  -7.8 1.00e+00 1.00e+00f  1
iter    objective    inf_pr   inf_du lg(mu)  ||d||  lg(rg) alpha_du alpha_pr  ls
  20  1.9501396e+05 5.62e-13 1.88e-14  -8.6 1.01e-03    -  1.00e+00 1.00e+00f  1
  21  1.9501391e+05 4.39e-13 2.54e-12  -8.6 4.99e-04  -8.3 1.00e+00 1.00e+00f  1
  22  1.9501390e+05 7.19e-13 1.91e-14  -8.6 2.37e-04    -  1.00e+00 1.00e+00h  1
  23  1.9501387e+05 4.91e-13 1.98e-14  -9.0 1.27e-04    -  1.00e+00 1.00e+00h  1

Number of Iterations....: 23

                                   (scaled)                 (unscaled)
Objective...............:   1.9501386685059906e+01    1.9501386685059904e+05
Dual infeasibility......:   1.9840602158407030e-14    1.9840602158407030e-10
Constraint violation....:   8.5766960559967955e-14    4.9071857688431919e-13
Variable bound violation:   1.3177772117956010e-07    1.3177772117956010e-07
Complementarity.........:   2.9917704890131969e-09    2.9917704890131966e-05
Overall NLP error.......:   2.9917704890131969e-09    2.9917704890131966e-05


Number of objective function evaluations             = 24
Number of objective gradient evaluations             = 24
Number of equality constraint evaluations            = 24
Number of inequality constraint evaluations          = 24
Number of equality constraint Jacobian evaluations   = 1
Number of inequality constraint Jacobian evaluations = 1
Number of Lagrangian Hessian evaluations             = 1
Total seconds in IPOPT                               = 0.386

EXIT: Optimal Solution Found.
