This is Ipopt version 3.14.19, running with linear solver ma57.

Number of nonzeros in equality constraint Jacobian...:    13682
Number of nonzeros in inequality constraint Jacobian.:     3120
Number of nonzeros in Lagrangian Hessian.............:      899

Total number of variables............................:     5539
                     variables with only lower bounds:        0
                variables with lower and upper bounds:     4303
                     variables with only upper bounds:        0
Total number of equality constraints.................:     3582
Total number of inequality constraints...............:     1560
        inequality constraints with only lower bounds:        0
   inequality constraints with lower and upper bounds:     1560
        inequality constraints with only upper bounds:        0

iter    objective    inf_pr   inf_du lg(mu)  ||d||  lg(rg) alpha_du alpha_pr  ls
   0  1.0443938e+07 1.88e+01 8.49e+01  -1.0 0.00e+00    -  0.00e+00 0.00e+00   0
   1  1.0443807e+07 1.88e+01 8.45e+01  -1.0 1.95e+01    -  1.13e-02 2.15e-05f  1
   2  7.9087128e+06 1.85e+01 8.44e+01  -1.0 2.07e+01  -4.0 1.92e-03 1.67e-02f  1
   3  7.8939487e+06 1.77e+01 8.35e+01  -1.0 1.68e+01  -4.5 1.53e-02 4.10e-02f  1
   4  7.0187417e+06 1.68e+01 7.98e+01  -1.0 1.60e+01  -5.0 4.53e-02 5.10e-02f  1
   5  5.7409975e+06 1.41e+01 6.30e+01  -1.0 4.66e+01    -  2.04e-01 1.63e-01f  1
   6  2.4911475e+06 7.20e+00 4.38e+01  -1.0 1.24e+01  -5.4 3.32e-01 4.88e-01f  1
   7  1.6015869e+06 5.71e-13 8.65e+00  -1.0 6.47e+00  -5.9 8.25e-01 1.00e+00f  1
   8  1.4358331e+06 9.70e-13 8.86e-02  -1.0 2.44e+00    -  9.90e-01 1.00e+00f  1
   9  1.4479870e+06 4.01e-10 3.64e-12  -1.0 1.94e-01    -  1.00e+00 1.00e+00f  1
iter    objective    inf_pr   inf_du lg(mu)  ||d||  lg(rg) alpha_du alpha_pr  ls
  10  3.5153796e+05 2.32e-10 3.54e-02  -2.5 9.70e-01    -  8.50e-01 1.00e+00f  1
  11  2.5139280e+05 1.08e-12 2.40e-02  -2.5 1.39e+00    -  8.62e-01 1.00e+00f  1
  12  1.8713421e+05 2.47e-12 2.52e-02  -3.8 6.98e-01    -  7.46e-01 1.00e+00f  1
  13  1.7769288e+05 7.40e-13 6.66e-03  -3.8 1.05e-01    -  8.66e-01 1.00e+00f  1
  14  1.7614870e+05 5.17e-13 6.80e-09  -3.8 1.65e-02  -6.4 1.00e+00 1.00e+00f  1
  15  1.7338882e+05 6.95e-13 3.69e-03  -5.7 2.34e-02    -  7.78e-01 9.79e-01f  1
  16  1.7330273e+05 2.28e-12 2.36e-04  -5.7 1.14e-02  -6.9 9.74e-01 9.81e-01f  1
  17  1.7329538e+05 8.40e-13 2.87e-10  -5.7 6.29e-03  -7.3 1.00e+00 1.00e+00f  1
  18  1.7325941e+05 1.19e-12 2.89e-05  -8.6 3.77e-03  -7.8 9.84e-01 9.89e-01f  1
  19  1.7325858e+05 1.74e-12 1.02e-11  -8.6 2.02e-03  -8.3 1.00e+00 1.00e+00f  1
iter    objective    inf_pr   inf_du lg(mu)  ||d||  lg(rg) alpha_du alpha_pr  ls
  20  1.7325843e+05 1.56e-12 1.71e-12  -8.6 1.01e-03  -8.8 1.00e+00 1.00e+00f  1
  21  1.7325839e+05 1.40e-12 1.95e-14  -8.6 4.96e-04    -  1.00e+00 1.00e+00f  1
  22  1.7325838e+05 1.63e-12 1.68e-14  -8.6 2.33e-04    -  1.00e+00 1.00e+00h  1

Number of Iterations....: 22

                                   (scaled)                 (unscaled)
Objective...............:   1.7325837863030316e+01    1.7325837863030314e+05
Dual infeasibility......:   1.6841404944920596e-14    1.6841404944920596e-10
Constraint violation....:   1.7693872134646506e-13    1.6288081994275672e-12
Variable bound violation:   1.2821901940185398e-07    1.2821901940185398e-07
Complementarity.........:   8.7347400083640897e-09    8.7347400083640888e-05
Overall NLP error.......:   8.7347400083640897e-09    8.7347400083640888e-05


Number of objective function evaluations             = 23
Number of objective gradient evaluations             = 23
Number of equality constraint evaluations            = 23
Number of inequality constraint evaluations          = 23
Number of equality constraint Jacobian evaluations   = 1
Number of inequality constraint Jacobian evaluations = 1
Number of Lagrangian Hessian evaluations             = 1
Total seconds in IPOPT                               = 0.170

EXIT: Optimal Solution Found.
