This is Ipopt version 3.14.19, running with linear solver ma57.

Number of nonzeros in equality constraint Jacobian...:    13682
Number of nonzeros in inequality constraint Jacobian.:     3120
Number of nonzeros in Lagrangian Hessian.............:      899

Total number of variables............................:     5539
                     variables with only lower bounds:        0
                variables with lower and upper bounds:     4303
                     variables with only upper bounds:        0
Total number of equality constraints.................:     3582
Total number of inequality constraints...............:     1560
        inequality constraints with only lower bounds:        0
   inequality constraints with lower and upper bounds:     1560
        inequality constraints with only upper bounds:        0

iter    objective    inf_pr   inf_du lg(mu)  ||d||  lg(rg) alpha_du alpha_pr  ls
   0  1.2481340e+07 1.50e+01 8.45e+01  -1.0 0.00e+00    -  0.00e+00 0.00e+00   0
   1  1.2481616e+07 1.50e+01 8.42e+01  -1.0 1.65e+01    -  1.04e-02 2.37e-05f  1
   2  9.7196695e+06 1.48e+01 8.42e+01  -1.0 2.79e+01    -  1.82e-03 1.56e-02f  1
   3  9.6711437e+06 1.42e+01 8.32e+01  -1.0 8.44e+01    -  1.53e-02 3.75e-02f  1
   4  8.6545190e+06 1.35e+01 7.96e+01  -1.0 1.40e+01  -4.0 4.46e-02 4.99e-02f  1
   5  7.0141955e+06 1.14e+01 6.20e+01  -1.0 1.30e+01    -  2.11e-01 1.56e-01f  1
   6  2.7780597e+06 5.63e+00 4.55e+01  -1.0 5.42e+01    -  3.04e-01 5.07e-01f  1
   7  1.6347391e+06 9.13e-02 8.61e+00  -1.0 1.86e+01    -  8.29e-01 9.84e-01f  1
   8  1.4095867e+06 9.29e-13 9.24e-02  -1.0 1.33e+00    -  9.90e-01 1.00e+00f  1
   9  1.4300136e+06 1.39e-12 1.73e-06  -1.0 5.19e-02  -4.5 1.00e+00 1.00e+00f  1
iter    objective    inf_pr   inf_du lg(mu)  ||d||  lg(rg) alpha_du alpha_pr  ls
  10  3.1494364e+05 1.04e-12 3.83e-02  -2.5 6.93e-01    -  8.50e-01 1.00e+00f  1
  11  2.0775679e+05 1.23e-12 3.22e-02  -2.5 1.13e+00  -5.0 8.31e-01 1.00e+00f  1
  12  1.7888673e+05 8.71e-11 1.97e-14  -2.5 3.96e-01    -  1.00e+00 1.00e+00f  1
  13  1.3043618e+05 1.66e-12 8.21e-03  -3.8 2.30e-01    -  8.36e-01 1.00e+00f  1
  14  1.2635993e+05 7.36e-13 2.84e-14  -3.8 4.23e-02    -  1.00e+00 1.00e+00f  1
  15  1.2336031e+05 4.18e-12 3.36e-03  -5.7 7.67e-02    -  7.72e-01 9.85e-01f  1
  16  1.2331536e+05 7.74e-13 9.48e-08  -5.7 2.56e-02  -5.4 1.00e+00 1.00e+00f  1
  17  1.2330881e+05 3.97e-12 1.61e-08  -5.7 1.30e-02  -5.9 1.00e+00 1.00e+00f  1
  18  1.2327311e+05 1.31e-12 4.83e-05  -8.6 7.70e-03  -6.4 9.94e-01 9.87e-01f  1
  19  1.2327230e+05 1.38e-12 2.00e-14  -8.6 4.35e-03    -  1.00e+00 1.00e+00f  1
iter    objective    inf_pr   inf_du lg(mu)  ||d||  lg(rg) alpha_du alpha_pr  ls
  20  1.2327216e+05 9.34e-13 1.95e-14  -8.6 2.15e-03    -  1.00e+00 1.00e+00f  1
  21  1.2327213e+05 1.36e-12 1.45e-10  -8.6 1.05e-03  -6.9 1.00e+00 1.00e+00f  1
  22  1.2327209e+05 1.26e-12 1.87e-14  -9.0 5.32e-04    -  1.00e+00 1.00e+00h  1

Number of Iterations....: 22

                                   (scaled)                 (unscaled)
Objective...............:   1.2327209049468081e+01    1.2327209049468080e+05
Dual infeasibility......:   1.8749557603315588e-14    1.8749557603315588e-10
Constraint violation....:   7.5309553682397873e-14    1.2648770919554408e-12
Variable bound violation:   1.3177877278280903e-07    1.3177877278280903e-07
Complementarity.........:   6.9138551562566685e-09    6.9138551562566685e-05
Overall NLP error.......:   6.9138551562566685e-09    6.9138551562566685e-05


Number of objective function evaluations             = 23
Number of objective gradient evaluations             = 23
Number of equality constraint evaluations            = 23
Number of inequality constraint evaluations          = 23
Number of equality constraint Jacobian evaluations   = 1
Number of inequality constraint Jacobian evaluations = 1
Number of Lagrangian Hessian evaluations             = 1
Total seconds in IPOPT                               = 0.163

EXIT: Optimal Solution Found.
