This is Ipopt version 3.14.19, running with linear solver ma57.

Number of nonzeros in equality constraint Jacobian...:    13682
Number of nonzeros in inequality constraint Jacobian.:     3120
Number of nonzeros in Lagrangian Hessian.............:      899

Total number of variables............................:     5539
                     variables with only lower bounds:        0
                variables with lower and upper bounds:     4303
                     variables with only upper bounds:        0
Total number of equality constraints.................:     3582
Total number of inequality constraints...............:     1560
        inequality constraints with only lower bounds:        0
   inequality constraints with lower and upper bounds:     1560
        inequality constraints with only upper bounds:        0

iter    objective    inf_pr   inf_du lg(mu)  ||d||  lg(rg) alpha_du alpha_pr  ls
   0  2.8515561e+07 1.50e+01 8.46e+01  -1.0 0.00e+00    -  0.00e+00 0.00e+00   0
   1  2.8515649e+07 1.50e+01 8.44e+01  -1.0 4.00e+01    -  8.75e-03 2.91e-05f  1
   2  2.5284037e+07 1.48e+01 8.42e+01  -1.0 3.06e+01    -  5.69e-04 1.75e-02f  1
   3  2.4683623e+07 1.45e+01 8.35e+01  -1.0 6.20e+01    -  9.08e-03 1.87e-02f  1
   4  2.3395401e+07 1.40e+01 8.22e+01  -1.0 2.62e+01  -4.0 1.86e-02 3.66e-02f  1
   5  2.0780009e+07 1.29e+01 7.81e+01  -1.0 2.49e+01    -  5.35e-02 7.32e-02f  1
   6  1.5429967e+07 1.07e+01 6.18e+01  -1.0 2.33e+01    -  2.04e-01 1.76e-01f  1
   7  5.5371834e+06 4.81e+00 3.12e+01  -1.0 3.54e+01    -  5.04e-01 5.48e-01f  1
   8  1.6263948e+06 2.27e-12 5.72e+00  -1.0 1.98e+01    -  8.46e-01 1.00e+00f  1
   9  1.3326986e+06 3.16e-12 2.20e-01  -1.0 4.32e+00    -  9.78e-01 8.57e-01f  1
iter    objective    inf_pr   inf_du lg(mu)  ||d||  lg(rg) alpha_du alpha_pr  ls
  10  1.3278305e+06 1.59e-12 1.15e-03  -1.0 8.49e-01    -  9.98e-01 1.00e+00f  1
  11  2.1332007e+05 2.27e-12 4.91e-02  -2.5 1.11e+00  -4.5 8.50e-01 1.00e+00f  1
  12  1.3371602e+05 2.13e-12 1.67e-02  -2.5 7.21e-01  -5.0 9.05e-01 1.00e+00f  1
  13  8.4181614e+04 2.99e-12 2.35e-02  -3.8 4.66e-01    -  7.36e-01 1.00e+00f  1
  14  7.9703599e+04 1.56e-11 5.57e-03  -3.8 2.08e-01    -  9.04e-01 1.00e+00f  1
  15  7.8521620e+04 1.22e-12 2.01e-14  -3.8 1.07e-01    -  1.00e+00 1.00e+00f  1
  16  7.6235502e+04 2.84e-12 2.99e-03  -5.7 3.07e-01    -  8.05e-01 1.00e+00f  1
  17  7.6108290e+04 2.47e-12 1.47e-03  -5.7 3.56e-02  -5.4 8.53e-01 1.00e+00f  1
  18  7.6072103e+04 3.23e-12 2.00e-14  -5.7 3.76e-02    -  1.00e+00 1.00e+00f  1
  19  7.6035825e+04 2.93e-12 1.80e-04  -8.6 1.27e-02  -5.9 9.30e-01 1.00e+00f  1
iter    objective    inf_pr   inf_du lg(mu)  ||d||  lg(rg) alpha_du alpha_pr  ls
  20  7.6032142e+04 2.69e-12 2.36e-09  -8.6 5.75e-03  -6.4 1.00e+00 1.00e+00f  1
  21  7.6031064e+04 2.41e-12 3.35e-10  -8.6 2.44e-03  -6.9 1.00e+00 1.00e+00f  1
  22  7.6030836e+04 2.90e-12 2.76e-11  -8.6 6.04e-04  -7.3 1.00e+00 1.00e+00f  1
  23  7.6030807e+04 2.43e-12 1.94e-14  -8.6 1.80e-04    -  1.00e+00 1.00e+00h  1
  24  7.6030779e+04 2.77e-12 1.37e-12  -9.0 8.96e-05  -7.8 1.00e+00 1.00e+00h  1

Number of Iterations....: 24

                                   (scaled)                 (unscaled)
Objective...............:   7.6030778621540369e+00    7.6030778621540361e+04
Dual infeasibility......:   1.3652265020534612e-12    1.3652265020534612e-08
Constraint violation....:   8.0380146982861334e-14    2.7657320877949587e-12
Variable bound violation:   9.9909090866179588e-09    9.9909090866179588e-09
Complementarity.........:   3.0566278286015077e-09    3.0566278286015073e-05
Overall NLP error.......:   3.0566278286015077e-09    3.0566278286015073e-05


Number of objective function evaluations             = 25
Number of objective gradient evaluations             = 25
Number of equality constraint evaluations            = 25
Number of inequality constraint evaluations          = 25
Number of equality constraint Jacobian evaluations   = 1
Number of inequality constraint Jacobian evaluations = 1
Number of Lagrangian Hessian evaluations             = 1
Total seconds in IPOPT                               = 0.190

EXIT: Optimal Solution Found.
