This is Ipopt version 3.14.19, running with linear solver ma57.

Number of nonzeros in equality constraint Jacobian...:    13237
Number of nonzeros in inequality constraint Jacobian.:     3120
Number of nonzeros in Lagrangian Hessian.............:      454

Total number of variables............................:     5094
                     variables with only lower bounds:        0
                variables with lower and upper bounds:     3858
                     variables with only upper bounds:        0
Total number of equality constraints.................:     3582
Total number of inequality constraints...............:     1560
        inequality constraints with only lower bounds:        0
   inequality constraints with lower and upper bounds:     1560
        inequality constraints with only upper bounds:        0

iter    objective    inf_pr   inf_du lg(mu)  ||d||  lg(rg) alpha_du alpha_pr  ls
   0  8.9957832e+06 1.88e+01 7.99e+01  -1.0 0.00e+00    -  0.00e+00 0.00e+00   0
   1  8.9958094e+06 1.88e+01 7.95e+01  -1.0 8.81e+01    -  1.20e-02 1.63e-05f  1
   2  7.1419048e+06 1.84e+01 7.95e+01  -1.0 1.80e+01  -4.0 1.76e-03 1.80e-02f  1
   3  6.9505445e+06 1.77e+01 7.86e+01  -1.0 2.95e+01    -  1.68e-02 4.12e-02f  1
   4  6.3307910e+06 1.67e+01 7.48e+01  -1.0 3.60e+01    -  5.00e-02 5.57e-02f  1
   5  5.0239617e+06 1.38e+01 5.96e+01  -1.0 1.35e+01  -4.5 1.97e-01 1.72e-01f  1
   6  2.3495584e+06 6.86e+00 4.05e+01  -1.0 1.50e+01    -  3.56e-01 5.03e-01f  1
   7  1.4519380e+06 2.17e-11 7.95e+00  -1.0 1.18e+02    -  8.34e-01 1.00e+00f  1
   8  1.3697573e+06 9.48e-09 8.13e-02  -1.0 9.26e-01    -  9.90e-01 1.00e+00f  1
   9  1.3705787e+06 2.78e-10 3.64e-12  -1.0 1.37e-01    -  1.00e+00 1.00e+00f  1
iter    objective    inf_pr   inf_du lg(mu)  ||d||  lg(rg) alpha_du alpha_pr  ls
  10  3.4787965e+05 1.21e-11 4.14e-02  -2.5 7.41e-01    -  8.41e-01 1.00e+00f  1
  11  2.6597851e+05 5.24e-12 1.35e-02  -2.5 1.00e+00  -5.0 8.97e-01 1.00e+00f  1
  12  2.1337787e+05 1.17e-11 1.74e-02  -3.8 5.22e-01    -  7.35e-01 1.00e+00f  1
  13  2.0853093e+05 1.71e-11 6.19e-03  -3.8 8.97e-02    -  8.67e-01 1.00e+00f  1
  14  2.0829308e+05 1.68e-11 9.76e-08  -3.8 2.63e-02  -5.4 1.00e+00 1.00e+00f  1
  15  2.0618851e+05 9.60e-12 3.49e-03  -5.7 2.14e-02    -  8.28e-01 9.51e-01f  1
  16  2.0608050e+05 1.04e-11 1.97e-14  -5.7 1.81e-02    -  1.00e+00 1.00e+00f  1
  17  2.0607174e+05 3.73e-12 7.85e-09  -5.7 6.36e-03  -5.9 1.00e+00 1.00e+00f  1
  18  2.0604381e+05 1.06e-11 4.27e-05  -8.6 3.82e-03  -6.4 9.81e-01 9.89e-01f  1
  19  2.0604290e+05 9.70e-12 1.91e-14  -8.6 1.96e-03    -  1.00e+00 1.00e+00f  1
iter    objective    inf_pr   inf_du lg(mu)  ||d||  lg(rg) alpha_du alpha_pr  ls
  20  2.0604273e+05 1.33e-11 1.91e-14  -8.6 9.81e-04    -  1.00e+00 1.00e+00f  1
  21  2.0604269e+05 9.86e-12 1.98e-14  -8.6 4.82e-04    -  1.00e+00 1.00e+00h  1
  22  2.0604267e+05 1.08e-11 1.50e-14  -8.6 2.25e-04    -  1.00e+00 1.00e+00h  1

Number of Iterations....: 22

                                   (scaled)                 (unscaled)
Objective...............:   2.0604267403152125e+01    2.0604267403152125e+05
Dual infeasibility......:   1.4968820837798424e-14    1.4968820837798424e-10
Constraint violation....:   2.1460611066004276e-12    1.0819373175152691e-11
Variable bound violation:   1.2821973882637394e-07    1.2821973882637394e-07
Complementarity.........:   9.0926771019257149e-09    9.0926771019257151e-05
Overall NLP error.......:   9.0926771019257149e-09    9.0926771019257151e-05


Number of objective function evaluations             = 23
Number of objective gradient evaluations             = 23
Number of equality constraint evaluations            = 23
Number of inequality constraint evaluations          = 23
Number of equality constraint Jacobian evaluations   = 1
Number of inequality constraint Jacobian evaluations = 1
Number of Lagrangian Hessian evaluations             = 1
Total seconds in IPOPT                               = 0.167

EXIT: Optimal Solution Found.
