This is Ipopt version 3.14.19, running with linear solver ma57.

Number of nonzeros in equality constraint Jacobian...:    13682
Number of nonzeros in inequality constraint Jacobian.:     3120
Number of nonzeros in Lagrangian Hessian.............:      899

Total number of variables............................:     5539
                     variables with only lower bounds:        0
                variables with lower and upper bounds:     4303
                     variables with only upper bounds:        0
Total number of equality constraints.................:     3582
Total number of inequality constraints...............:     1560
        inequality constraints with only lower bounds:        0
   inequality constraints with lower and upper bounds:     1560
        inequality constraints with only upper bounds:        0

iter    objective    inf_pr   inf_du lg(mu)  ||d||  lg(rg) alpha_du alpha_pr  ls
   0  1.5491334e+07 1.50e+01 8.45e+01  -1.0 0.00e+00    -  0.00e+00 0.00e+00   0
   1  1.5491007e+07 1.50e+01 8.42e+01  -1.0 1.70e+01    -  1.07e-02 2.35e-05f  1
   2  1.2752866e+07 1.48e+01 8.41e+01  -1.0 2.28e+01  -4.0 1.13e-03 1.74e-02f  1
   3  1.2614278e+07 1.43e+01 8.35e+01  -1.0 2.03e+01  -4.5 1.13e-02 3.08e-02f  1
   4  1.1672161e+07 1.36e+01 8.11e+01  -1.0 1.93e+01  -5.0 3.09e-02 4.58e-02f  1
   5  1.0148616e+07 1.22e+01 7.29e+01  -1.0 1.84e+01    -  1.02e-01 1.06e-01f  1
   6  6.2142933e+06 8.56e+00 4.62e+01  -1.0 3.49e+01    -  3.56e-01 2.99e-01f  1
   7  1.8712052e+06 8.09e-01 2.24e+01  -1.0 1.24e+01  -5.4 5.78e-01 9.05e-01f  1
   8  1.3015038e+06 8.59e-13 2.45e+00  -1.0 4.94e+00  -5.9 8.99e-01 1.00e+00f  1
   9  1.2903554e+06 1.41e-12 2.68e-02  -1.0 1.20e+00  -6.4 9.90e-01 1.00e+00f  1
iter    objective    inf_pr   inf_du lg(mu)  ||d||  lg(rg) alpha_du alpha_pr  ls
  10  1.2883343e+06 1.89e-10 2.84e-14  -1.0 1.29e-01    -  1.00e+00 1.00e+00f  1
  11  2.0584837e+05 2.13e-12 3.62e-02  -2.5 9.83e-01  -6.9 8.50e-01 1.00e+00f  1
  12  1.3005837e+05 1.28e-12 1.16e-02  -2.5 6.95e-01  -7.3 9.11e-01 1.00e+00f  1
  13  8.3110174e+04 1.77e-12 2.01e-02  -3.8 4.65e-01  -7.8 7.38e-01 1.00e+00f  1
  14  7.9386781e+04 1.93e-12 2.32e-03  -3.8 2.17e-01  -8.3 9.54e-01 1.00e+00f  1
  15  7.8365973e+04 2.30e-12 2.11e-14  -3.8 1.14e-01    -  1.00e+00 1.00e+00f  1
  16  7.6164788e+04 2.95e-12 2.31e-03  -5.7 1.45e-01    -  8.30e-01 1.00e+00f  1
  17  7.6055282e+04 2.33e-12 1.29e-03  -5.7 3.56e-02    -  8.51e-01 1.00e+00f  1
  18  7.6024749e+04 2.44e-12 1.97e-14  -5.7 1.82e-02    -  1.00e+00 1.00e+00f  1
  19  7.5990404e+04 1.77e-12 1.90e-04  -8.6 1.25e-02  -8.8 9.17e-01 1.00e+00f  1
iter    objective    inf_pr   inf_du lg(mu)  ||d||  lg(rg) alpha_du alpha_pr  ls
  20  7.5987228e+04 1.46e-12 1.95e-14  -8.6 5.58e-03    -  1.00e+00 1.00e+00f  1
  21  7.5986294e+04 1.22e-12 1.33e-12  -8.6 2.35e-03  -9.2 1.00e+00 1.00e+00f  1
  22  7.5986116e+04 1.77e-12 2.01e-14  -8.6 5.40e-04    -  1.00e+00 1.00e+00f  1
  23  7.5986097e+04 2.31e-12 2.82e-14  -8.6 1.50e-04  -9.7 1.00e+00 1.00e+00h  1
  24  7.5986070e+04 2.56e-12 2.07e-14  -9.0 7.62e-05 -10.2 1.00e+00 1.00e+00h  1

Number of Iterations....: 24

                                   (scaled)                 (unscaled)
Objective...............:   7.5986070069959100e+00    7.5986070069959096e+04
Dual infeasibility......:   2.0679640896386290e-14    2.0679640896386290e-10
Constraint violation....:   2.7775194278570583e-13    2.5568436257117355e-12
Variable bound violation:   9.9909090870997435e-09    9.9909090870997435e-09
Complementarity.........:   2.9859129820479438e-09    2.9859129820479436e-05
Overall NLP error.......:   2.9859129820479438e-09    2.9859129820479436e-05


Number of objective function evaluations             = 25
Number of objective gradient evaluations             = 25
Number of equality constraint evaluations            = 25
Number of inequality constraint evaluations          = 25
Number of equality constraint Jacobian evaluations   = 1
Number of inequality constraint Jacobian evaluations = 1
Number of Lagrangian Hessian evaluations             = 1
Total seconds in IPOPT                               = 0.194

EXIT: Optimal Solution Found.
