This is Ipopt version 3.14.19, running with linear solver ma57.

Number of nonzeros in equality constraint Jacobian...:    13682
Number of nonzeros in inequality constraint Jacobian.:     3120
Number of nonzeros in Lagrangian Hessian.............:      899

Total number of variables............................:     5539
                     variables with only lower bounds:        0
                variables with lower and upper bounds:     4303
                     variables with only upper bounds:        0
Total number of equality constraints.................:     3582
Total number of inequality constraints...............:     1560
        inequality constraints with only lower bounds:        0
   inequality constraints with lower and upper bounds:     1560
        inequality constraints with only upper bounds:        0

iter    objective    inf_pr   inf_du lg(mu)  ||d||  lg(rg) alpha_du alpha_pr  ls
   0  1.4221537e+07 1.50e+01 8.45e+01  -1.0 0.00e+00    -  0.00e+00 0.00e+00   0
   1  1.4221565e+07 1.50e+01 8.42e+01  -1.0 1.68e+01    -  1.07e-02 2.40e-05f  1
   2  1.1393601e+07 1.48e+01 8.41e+01  -1.0 2.70e+01    -  1.90e-03 1.59e-02f  1
   3  1.1306914e+07 1.42e+01 8.33e+01  -1.0 1.52e+01  -4.0 1.47e-02 3.90e-02f  1
   4  1.0181008e+07 1.35e+01 7.96e+01  -1.0 1.43e+01  -4.5 4.46e-02 4.87e-02f  1
   5  8.2406872e+06 1.14e+01 6.23e+01  -1.0 1.38e+01  -5.0 2.09e-01 1.59e-01f  1
   6  3.3441653e+06 5.75e+00 4.58e+01  -1.0 4.08e+01    -  3.01e-01 4.94e-01f  1
   7  1.6172459e+06 4.69e-12 9.03e+00  -1.0 7.17e+00    -  8.26e-01 1.00e+00f  1
   8  1.2792589e+06 1.27e-12 1.86e-01  -1.0 2.33e+00    -  9.81e-01 1.00e+00f  1
   9  1.2983388e+06 9.24e-10 1.44e-03  -1.0 1.81e+00    -  9.96e-01 1.00e+00f  1
iter    objective    inf_pr   inf_du lg(mu)  ||d||  lg(rg) alpha_du alpha_pr  ls
  10  2.0974561e+05 1.60e-12 3.14e-02  -2.5 9.30e-01    -  8.50e-01 1.00e+00f  1
  11  1.3055784e+05 1.64e-12 1.36e-02  -2.5 7.60e-01    -  9.09e-01 1.00e+00f  1
  12  8.3962559e+04 2.02e-12 2.38e-02  -3.8 4.80e-01  -5.4 7.38e-01 9.90e-01f  1
  13  8.0198520e+04 1.50e-12 7.21e-03  -3.8 2.77e-01    -  8.79e-01 1.00e+00f  1
  14  7.8927967e+04 1.67e-12 1.99e-07  -3.8 1.61e-01  -5.9 1.00e+00 1.00e+00f  1
  15  7.6527279e+04 1.61e-12 2.78e-03  -5.7 1.26e-01    -  8.08e-01 1.00e+00f  1
  16  7.6360873e+04 2.02e-12 1.11e-03  -5.7 6.01e-02    -  8.78e-01 1.00e+00f  1
  17  7.6308476e+04 1.10e-12 1.30e-08  -5.7 3.16e-02  -6.4 1.00e+00 1.00e+00f  1
  18  7.6265685e+04 1.08e-12 1.64e-04  -8.6 2.86e-01    -  9.26e-01 1.00e+00f  1
  19  7.6259988e+04 3.09e-12 5.69e-05  -8.6 9.75e-03  -6.9 9.54e-01 1.00e+00f  1
iter    objective    inf_pr   inf_du lg(mu)  ||d||  lg(rg) alpha_du alpha_pr  ls
  20  7.6258208e+04 3.30e-12 2.70e-05  -8.6 4.43e-03  -7.3 9.57e-01 1.00e+00f  1
  21  7.6257822e+04 1.51e-12 8.92e-06  -8.6 1.13e-03    -  8.69e-01 8.82e-01f  1
  22  7.6257770e+04 1.56e-12 6.45e-05  -8.6 5.59e-04  -7.8 8.20e-01 1.00e+00f  1
  23  7.6257756e+04 2.08e-12 1.10e-12  -8.6 2.17e-04  -8.3 1.00e+00 1.00e+00h  1

Number of Iterations....: 23

                                   (scaled)                 (unscaled)
Objective...............:   7.6257755861304499e+00    7.6257755861304497e+04
Dual infeasibility......:   1.1040539920339944e-12    1.1040539920339944e-08
Constraint violation....:   2.6863195260429228e-13    2.0772272790736679e-12
Variable bound violation:   9.9749411449298314e-09    9.9749411449298314e-09
Complementarity.........:   4.6079155657746463e-09    4.6079155657746462e-05
Overall NLP error.......:   4.6079155657746463e-09    4.6079155657746462e-05


Number of objective function evaluations             = 24
Number of objective gradient evaluations             = 24
Number of equality constraint evaluations            = 24
Number of inequality constraint evaluations          = 24
Number of equality constraint Jacobian evaluations   = 1
Number of inequality constraint Jacobian evaluations = 1
Number of Lagrangian Hessian evaluations             = 1
Total seconds in IPOPT                               = 0.160

EXIT: Optimal Solution Found.
