This is Ipopt version 3.14.19, running with linear solver ma57.

Number of nonzeros in equality constraint Jacobian...:    13237
Number of nonzeros in inequality constraint Jacobian.:     3120
Number of nonzeros in Lagrangian Hessian.............:      454

Total number of variables............................:     5094
                     variables with only lower bounds:        0
                variables with lower and upper bounds:     3858
                     variables with only upper bounds:        0
Total number of equality constraints.................:     3582
Total number of inequality constraints...............:     1560
        inequality constraints with only lower bounds:        0
   inequality constraints with lower and upper bounds:     1560
        inequality constraints with only upper bounds:        0

iter    objective    inf_pr   inf_du lg(mu)  ||d||  lg(rg) alpha_du alpha_pr  ls
   0  1.4568035e+07 1.88e+01 8.26e+01  -1.0 0.00e+00    -  0.00e+00 0.00e+00   0
   1  1.4570166e+07 1.88e+01 8.26e+01  -1.0 3.39e+01    -  8.48e-03 2.44e-05f  1
   2  1.1852427e+07 1.85e+01 8.24e+01  -1.0 2.10e+01  -4.0 1.01e-03 1.45e-02f  1
   3  1.1423268e+07 1.81e+01 8.11e+01  -1.0 1.62e+01  -4.5 1.77e-02 2.29e-02f  1
   4  1.0572675e+07 1.71e+01 7.52e+01  -1.0 1.47e+01  -5.0 6.88e-02 5.40e-02f  1
   5  7.7217927e+06 1.39e+01 6.47e+01  -1.0 1.13e+02    -  1.49e-01 1.88e-01f  1
   6  3.7888328e+06 7.53e+00 3.46e+01  -1.0 8.85e+01    -  4.63e-01 4.57e-01f  1
   7  2.0821144e+06 1.88e-01 7.15e+00  -1.0 5.80e+00  -5.4 8.22e-01 9.75e-01f  1
   8  2.0953259e+06 2.91e-12 7.67e-02  -1.0 2.14e+00    -  9.90e-01 1.00e+00f  1
   9  2.0923610e+06 3.41e-12 1.86e-07  -1.0 1.51e-01  -5.9 1.00e+00 1.00e+00f  1
iter    objective    inf_pr   inf_du lg(mu)  ||d||  lg(rg) alpha_du alpha_pr  ls
  10  1.0302624e+06 1.97e-12 5.47e-02  -2.5 4.18e-01  -6.4 8.32e-01 1.00e+00f  1
  11  9.6162512e+05 2.97e-10 4.71e-02  -2.5 9.09e-01  -6.9 7.92e-01 1.00e+00f  1
  12  9.4568298e+05 2.47e-12 1.99e-08  -2.5 4.35e-01  -7.3 1.00e+00 1.00e+00f  1
  13  9.0705400e+05 1.37e-12 1.19e-02  -3.8 2.01e-01  -7.8 8.24e-01 1.00e+00f  1
  14  9.0538803e+05 1.41e-11 1.95e-10  -3.8 3.84e-02  -8.3 1.00e+00 1.00e+00f  1
  15  9.0316546e+05 4.68e-12 3.50e-03  -5.7 2.62e-02    -  7.67e-01 9.70e-01f  1
  16  9.0304498e+05 1.39e-12 1.90e-14  -5.7 2.05e-02    -  1.00e+00 1.00e+00f  1
  17  9.0302950e+05 3.46e-12 2.04e-11  -5.7 1.21e-02  -8.8 1.00e+00 1.00e+00f  1
  18  9.0299972e+05 2.49e-12 3.91e-06  -8.6 6.54e-03    -  9.94e-01 9.95e-01f  1
  19  9.0299844e+05 2.22e-12 2.00e-14  -8.6 3.39e-03    -  1.00e+00 1.00e+00f  1
iter    objective    inf_pr   inf_du lg(mu)  ||d||  lg(rg) alpha_du alpha_pr  ls
  20  9.0299814e+05 1.34e-12 1.82e-14  -8.6 1.69e-03    -  1.00e+00 1.00e+00f  1
  21  9.0299806e+05 3.35e-12 4.67e-13  -8.6 8.26e-04  -9.2 1.00e+00 1.00e+00f  1
  22  9.0299804e+05 3.81e-12 1.98e-14  -8.6 3.81e-04    -  1.00e+00 1.00e+00h  1
  23  9.0299801e+05 8.43e-13 1.95e-14  -9.0 1.72e-04    -  1.00e+00 1.00e+00h  1

Number of Iterations....: 23

                                   (scaled)                 (unscaled)
Objective...............:   9.0299801355416747e+01    9.0299801355416747e+05
Dual infeasibility......:   1.9491937710050418e-14    1.9491937710050418e-10
Constraint violation....:   2.2189972017064782e-13    8.4265927569049381e-13
Variable bound violation:   1.3177749380588466e-07    1.3177749380588466e-07
Complementarity.........:   3.0511150692383518e-09    3.0511150692383515e-05
Overall NLP error.......:   3.0511150692383518e-09    3.0511150692383515e-05


Number of objective function evaluations             = 24
Number of objective gradient evaluations             = 24
Number of equality constraint evaluations            = 24
Number of inequality constraint evaluations          = 24
Number of equality constraint Jacobian evaluations   = 1
Number of inequality constraint Jacobian evaluations = 1
Number of Lagrangian Hessian evaluations             = 1
Total seconds in IPOPT                               = 0.162

EXIT: Optimal Solution Found.
