This is Ipopt version 3.14.19, running with linear solver ma57.

Number of nonzeros in equality constraint Jacobian...:    13237
Number of nonzeros in inequality constraint Jacobian.:     3120
Number of nonzeros in Lagrangian Hessian.............:      454

Total number of variables............................:     5094
                     variables with only lower bounds:        0
                variables with lower and upper bounds:     3858
                     variables with only upper bounds:        0
Total number of equality constraints.................:     3582
Total number of inequality constraints...............:     1560
        inequality constraints with only lower bounds:        0
   inequality constraints with lower and upper bounds:     1560
        inequality constraints with only upper bounds:        0

iter    objective    inf_pr   inf_du lg(mu)  ||d||  lg(rg) alpha_du alpha_pr  ls
   0  9.3309743e+06 1.88e+01 8.06e+01  -1.0 0.00e+00    -  0.00e+00 0.00e+00   0
   1  9.3311387e+06 1.88e+01 8.02e+01  -1.0 4.72e+01    -  1.13e-02 1.73e-05f  1
   2  7.3545911e+06 1.84e+01 8.02e+01  -1.0 5.47e+02    -  1.58e-03 1.74e-02f  1
   3  7.1547450e+06 1.77e+01 7.93e+01  -1.0 1.53e+01  -4.0 1.66e-02 3.73e-02f  1
   4  6.5397425e+06 1.68e+01 7.52e+01  -1.0 4.48e+01    -  5.24e-02 5.55e-02f  1
   5  5.1815980e+06 1.39e+01 5.80e+01  -1.0 1.37e+01  -4.5 2.62e-01 1.69e-01f  1
   6  2.0078930e+06 5.08e+00 4.14e+01  -1.0 1.48e+02    -  3.16e-01 6.35e-01f  1
   7  1.5099913e+06 1.24e-11 5.71e+00  -1.0 4.28e+00  -5.0 8.78e-01 1.00e+00f  1
   8  1.4434858e+06 1.64e-11 5.83e-02  -1.0 5.97e-01  -5.4 9.90e-01 1.00e+00f  1
   9  1.4431442e+06 3.58e-12 1.46e-11  -1.0 1.76e-01    -  1.00e+00 1.00e+00f  1
iter    objective    inf_pr   inf_du lg(mu)  ||d||  lg(rg) alpha_du alpha_pr  ls
  10  4.1100602e+05 3.12e-10 3.33e-02  -2.5 8.12e-01    -  8.50e-01 1.00e+00f  1
  11  3.2901340e+05 5.81e-12 1.27e-02  -2.5 1.10e+00  -5.9 9.05e-01 1.00e+00f  1
  12  2.7683962e+05 5.64e-12 1.77e-02  -3.8 5.38e-01  -6.4 7.36e-01 1.00e+00f  1
  13  2.7237738e+05 8.09e-12 5.27e-03  -3.8 9.28e-02  -6.9 8.95e-01 1.00e+00f  1
  14  2.7215319e+05 2.48e-11 1.02e-09  -3.8 2.22e-02  -7.3 1.00e+00 1.00e+00f  1
  15  2.7001989e+05 1.81e-11 3.12e-03  -5.7 2.58e-02  -7.8 8.35e-01 9.65e-01f  1
  16  2.6993420e+05 1.39e-11 1.87e-14  -5.7 4.19e-02    -  1.00e+00 1.00e+00f  1
  17  2.6992511e+05 1.36e-11 2.49e-11  -5.7 4.91e-03  -8.3 1.00e+00 1.00e+00f  1
  18  2.6989698e+05 2.01e-11 5.80e-06  -8.6 1.49e-01    -  9.91e-01 9.92e-01f  1
  19  2.6989612e+05 3.50e-12 1.88e-14  -8.6 1.49e-03    -  1.00e+00 1.00e+00f  1
iter    objective    inf_pr   inf_du lg(mu)  ||d||  lg(rg) alpha_du alpha_pr  ls
  20  2.6989594e+05 5.35e-12 1.26e-12  -8.6 7.44e-04  -8.8 1.00e+00 1.00e+00f  1
  21  2.6989589e+05 2.66e-12 2.07e-13  -8.6 3.65e-04  -9.2 1.00e+00 1.00e+00f  1
  22  2.6989588e+05 6.26e-12 3.27e-14  -8.6 1.70e-04  -9.7 1.00e+00 1.00e+00h  1

Number of Iterations....: 22

                                   (scaled)                 (unscaled)
Objective...............:   2.6989587962047391e+01    2.6989587962047389e+05
Dual infeasibility......:   3.2745243419996656e-14    3.2745243419996656e-10
Constraint violation....:   1.2681288198703458e-12    6.2634342157252831e-12
Variable bound violation:   1.2822120787348013e-07    1.2822120787348013e-07
Complementarity.........:   8.8507195693104455e-09    8.8507195693104447e-05
Overall NLP error.......:   8.8507195693104455e-09    8.8507195693104447e-05


Number of objective function evaluations             = 23
Number of objective gradient evaluations             = 23
Number of equality constraint evaluations            = 23
Number of inequality constraint evaluations          = 23
Number of equality constraint Jacobian evaluations   = 1
Number of inequality constraint Jacobian evaluations = 1
Number of Lagrangian Hessian evaluations             = 1
Total seconds in IPOPT                               = 0.188

EXIT: Optimal Solution Found.
