This is Ipopt version 3.14.19, running with linear solver ma57.

Number of nonzeros in equality constraint Jacobian...:    13682
Number of nonzeros in inequality constraint Jacobian.:     3120
Number of nonzeros in Lagrangian Hessian.............:      899

Total number of variables............................:     5539
                     variables with only lower bounds:        0
                variables with lower and upper bounds:     4303
                     variables with only upper bounds:        0
Total number of equality constraints.................:     3582
Total number of inequality constraints...............:     1560
        inequality constraints with only lower bounds:        0
   inequality constraints with lower and upper bounds:     1560
        inequality constraints with only upper bounds:        0

iter    objective    inf_pr   inf_du lg(mu)  ||d||  lg(rg) alpha_du alpha_pr  ls
   0  2.0328501e+07 1.50e+01 8.46e+01  -1.0 0.00e+00    -  0.00e+00 0.00e+00   0
   1  2.0328277e+07 1.50e+01 8.43e+01  -1.0 1.68e+01    -  9.60e-03 2.54e-05f  1
   2  1.7402070e+07 1.48e+01 8.42e+01  -1.0 2.75e+01  -4.0 7.11e-04 1.79e-02f  1
   3  1.7120955e+07 1.44e+01 8.34e+01  -1.0 2.49e+01    -  1.13e-02 2.23e-02f  1
   4  1.6039754e+07 1.38e+01 8.19e+01  -1.0 2.32e+01    -  2.18e-02 4.30e-02f  1
   5  1.4101185e+07 1.26e+01 7.67e+01  -1.0 2.21e+01    -  6.77e-02 8.58e-02f  1
   6  9.8386096e+06 9.90e+00 5.38e+01  -1.0 2.75e+01    -  2.85e-01 2.15e-01f  1
   7  2.7536458e+06 2.73e+00 2.90e+01  -1.0 1.64e+01  -4.5 5.06e-01 7.24e-01f  1
   8  1.3902504e+06 1.14e-06 3.69e+00  -1.0 6.97e+00    -  8.87e-01 1.00e+00f  1
   9  1.2804906e+06 9.91e-09 4.16e-02  -1.0 2.30e+00    -  9.90e-01 1.00e+00f  1
iter    objective    inf_pr   inf_du lg(mu)  ||d||  lg(rg) alpha_du alpha_pr  ls
  10  1.2946022e+06 2.37e-12 3.22e-06  -1.0 2.90e-01  -5.0 1.00e+00 1.00e+00f  1
  11  2.0516536e+05 1.63e-12 4.14e-02  -2.5 8.31e-01    -  8.50e-01 1.00e+00f  1
  12  1.3081615e+05 1.82e-12 1.46e-02  -2.5 5.89e-01  -5.4 9.07e-01 1.00e+00f  1
  13  8.3589302e+04 1.90e-12 2.48e-02  -3.8 3.90e-01    -  7.37e-01 1.00e+00f  1
  14  7.9530367e+04 1.86e-11 6.03e-03  -3.8 1.86e-01    -  9.04e-01 1.00e+00f  1
  15  7.8448788e+04 1.08e-11 1.78e-14  -3.8 9.71e-02    -  1.00e+00 1.00e+00f  1
  16  7.6200413e+04 1.62e-12 3.11e-03  -5.7 7.68e-02  -5.9 8.10e-01 1.00e+00f  1
  17  7.6076259e+04 1.80e-12 2.07e-03  -5.7 3.36e-02  -6.4 8.04e-01 1.00e+00f  1
  18  7.6041564e+04 1.83e-12 2.40e-09  -5.7 1.75e-02  -6.9 1.00e+00 1.00e+00f  1
  19  7.6005047e+04 3.01e-12 2.28e-04  -8.6 1.25e-02  -7.3 9.17e-01 1.00e+00f  1
iter    objective    inf_pr   inf_du lg(mu)  ||d||  lg(rg) alpha_du alpha_pr  ls
  20  7.6001309e+04 2.63e-12 2.03e-14  -8.6 5.68e-03    -  1.00e+00 1.00e+00f  1
  21  7.6000198e+04 1.01e-12 2.02e-14  -8.6 2.48e-03    -  1.00e+00 1.00e+00f  1
  22  7.5999957e+04 1.50e-12 1.93e-14  -8.6 6.51e-04    -  1.00e+00 1.00e+00f  1
  23  7.5999923e+04 1.49e-12 1.94e-14  -8.6 2.24e-04    -  1.00e+00 1.00e+00h  1
  24  7.5999894e+04 1.41e-12 1.70e-12  -9.0 1.11e-04  -7.8 1.00e+00 1.00e+00h  1

Number of Iterations....: 24

                                   (scaled)                 (unscaled)
Objective...............:   7.5999893796652280e+00    7.5999893796652279e+04
Dual infeasibility......:   1.6980640947633603e-12    1.6980640947633604e-08
Constraint violation....:   2.4855706237813937e-13    1.4115930646596553e-12
Variable bound violation:   9.9909090863695300e-09    9.9909090863695300e-09
Complementarity.........:   3.2356314591017371e-09    3.2356314591017367e-05
Overall NLP error.......:   3.2356314591017371e-09    3.2356314591017367e-05


Number of objective function evaluations             = 25
Number of objective gradient evaluations             = 25
Number of equality constraint evaluations            = 25
Number of inequality constraint evaluations          = 25
Number of equality constraint Jacobian evaluations   = 1
Number of inequality constraint Jacobian evaluations = 1
Number of Lagrangian Hessian evaluations             = 1
Total seconds in IPOPT                               = 0.191

EXIT: Optimal Solution Found.
