This is Ipopt version 3.14.19, running with linear solver ma57.

Number of nonzeros in equality constraint Jacobian...:    13682
Number of nonzeros in inequality constraint Jacobian.:     3120
Number of nonzeros in Lagrangian Hessian.............:      899

Total number of variables............................:     5539
                     variables with only lower bounds:        0
                variables with lower and upper bounds:     4303
                     variables with only upper bounds:        0
Total number of equality constraints.................:     3582
Total number of inequality constraints...............:     1560
        inequality constraints with only lower bounds:        0
   inequality constraints with lower and upper bounds:     1560
        inequality constraints with only upper bounds:        0

iter    objective    inf_pr   inf_du lg(mu)  ||d||  lg(rg) alpha_du alpha_pr  ls
   0  2.9093553e+07 1.50e+01 8.46e+01  -1.0 0.00e+00    -  0.00e+00 0.00e+00   0
   1  2.9093752e+07 1.50e+01 8.44e+01  -1.0 1.88e+01    -  8.69e-03 2.89e-05f  1
   2  2.5870215e+07 1.48e+01 8.42e+01  -1.0 3.05e+01  -4.0 5.72e-04 1.74e-02f  1
   3  2.5261687e+07 1.45e+01 8.35e+01  -1.0 3.35e+01    -  9.44e-03 1.86e-02f  1
   4  2.3913639e+07 1.39e+01 8.22e+01  -1.0 2.60e+01  -4.5 1.88e-02 3.73e-02f  1
   5  2.1210313e+07 1.29e+01 7.79e+01  -1.0 2.47e+01    -  5.58e-02 7.42e-02f  1
   6  1.5605991e+07 1.06e+01 6.04e+01  -1.0 9.33e+01    -  2.18e-01 1.82e-01f  1
   7  5.2558276e+06 4.46e+00 3.24e+01  -1.0 7.02e+01    -  4.83e-01 5.78e-01f  1
   8  1.6294864e+06 4.49e-12 5.51e+00  -1.0 2.49e+01    -  8.55e-01 1.00e+00f  1
   9  1.3333222e+06 7.10e-12 1.64e-01  -1.0 4.29e+00    -  9.79e-01 8.56e-01f  1
iter    objective    inf_pr   inf_du lg(mu)  ||d||  lg(rg) alpha_du alpha_pr  ls
  10  1.3275962e+06 1.10e-11 5.57e-04  -1.0 6.85e-01    -  9.99e-01 1.00e+00f  1
  11  2.1316042e+05 1.36e-11 4.71e-02  -2.5 1.12e+00    -  8.50e-01 1.00e+00f  1
  12  1.3362720e+05 1.06e-11 1.59e-02  -2.5 6.94e-01    -  9.05e-01 1.00e+00f  1
  13  8.4141342e+04 5.94e-12 2.31e-02  -3.8 4.42e-01    -  7.36e-01 1.00e+00f  1
  14  7.9691315e+04 1.56e-11 5.00e-03  -3.8 1.92e-01    -  9.11e-01 1.00e+00f  1
  15  7.8508794e+04 1.24e-11 1.06e-06  -3.8 9.53e-02  -5.0 1.00e+00 1.00e+00f  1
  16  7.6229035e+04 4.75e-12 2.85e-03  -5.7 7.47e-02  -5.4 8.08e-01 1.00e+00f  1
  17  7.6103850e+04 1.39e-11 1.35e-03  -5.7 3.09e-02  -5.9 8.60e-01 1.00e+00f  1
  18  7.6068386e+04 8.01e-12 6.79e-09  -5.7 1.65e-02  -6.4 1.00e+00 1.00e+00f  1
  19  7.6032520e+04 7.48e-12 1.67e-04  -8.6 1.11e-02  -6.9 9.32e-01 1.00e+00f  1
iter    objective    inf_pr   inf_du lg(mu)  ||d||  lg(rg) alpha_du alpha_pr  ls
  20  7.6028953e+04 4.61e-12 2.02e-14  -8.6 5.03e-03    -  1.00e+00 1.00e+00f  1
  21  7.6027916e+04 4.80e-12 1.98e-14  -8.6 2.07e-03    -  1.00e+00 1.00e+00f  1
  22  7.6027702e+04 1.35e-11 1.93e-14  -8.6 4.62e-04    -  1.00e+00 1.00e+00f  1
  23  7.6027677e+04 1.06e-11 6.96e-12  -8.6 1.52e-04  -7.3 1.00e+00 1.00e+00h  1
  24  7.6027649e+04 8.26e-12 1.93e-14  -9.0 7.54e-05    -  1.00e+00 1.00e+00h  1

Number of Iterations....: 24

                                   (scaled)                 (unscaled)
Objective...............:   7.6027649037713374e+00    7.6027649037713374e+04
Dual infeasibility......:   1.9277474704303177e-14    1.9277474704303177e-10
Constraint violation....:   1.0844908828143456e-12    8.2556184111126640e-12
Variable bound violation:   9.9909090867571799e-09    9.9909090867571799e-09
Complementarity.........:   3.0317727154815953e-09    3.0317727154815952e-05
Overall NLP error.......:   3.0317727154815953e-09    3.0317727154815952e-05


Number of objective function evaluations             = 25
Number of objective gradient evaluations             = 25
Number of equality constraint evaluations            = 25
Number of inequality constraint evaluations          = 25
Number of equality constraint Jacobian evaluations   = 1
Number of inequality constraint Jacobian evaluations = 1
Number of Lagrangian Hessian evaluations             = 1
Total seconds in IPOPT                               = 0.180

EXIT: Optimal Solution Found.
