This is Ipopt version 3.14.19, running with linear solver ma57.

Number of nonzeros in equality constraint Jacobian...:    13682
Number of nonzeros in inequality constraint Jacobian.:     3120
Number of nonzeros in Lagrangian Hessian.............:      899

Total number of variables............................:     5539
                     variables with only lower bounds:        0
                variables with lower and upper bounds:     4303
                     variables with only upper bounds:        0
Total number of equality constraints.................:     3582
Total number of inequality constraints...............:     1560
        inequality constraints with only lower bounds:        0
   inequality constraints with lower and upper bounds:     1560
        inequality constraints with only upper bounds:        0

iter    objective    inf_pr   inf_du lg(mu)  ||d||  lg(rg) alpha_du alpha_pr  ls
   0  1.3859117e+07 1.50e+01 8.46e+01  -1.0 0.00e+00    -  0.00e+00 0.00e+00   0
   1  1.3859129e+07 1.50e+01 8.43e+01  -1.0 3.48e+01    -  1.07e-02 2.43e-05f  1
   2  1.0992669e+07 1.48e+01 8.42e+01  -1.0 3.07e+01    -  1.68e-03 1.59e-02f  1
   3  1.0941802e+07 1.42e+01 8.31e+01  -1.0 1.66e+01  -4.0 1.74e-02 3.82e-02f  1
   4  9.7762933e+06 1.35e+01 7.93e+01  -1.0 2.37e+01    -  4.71e-02 5.30e-02f  1
   5  7.8325833e+06 1.12e+01 6.09e+01  -1.0 7.60e+01    -  2.22e-01 1.70e-01f  1
   6  3.1496491e+06 5.36e+00 4.43e+01  -1.0 4.84e+01    -  3.13e-01 5.20e-01f  1
   7  1.6496292e+06 2.73e-12 8.06e+00  -1.0 1.78e+01    -  8.38e-01 1.00e+00f  1
   8  1.2889339e+06 8.64e-12 1.54e-01  -1.0 2.47e+00    -  9.83e-01 1.00e+00f  1
   9  1.3096676e+06 8.55e-10 8.56e-04  -1.0 3.05e-01    -  9.97e-01 1.00e+00f  1
iter    objective    inf_pr   inf_du lg(mu)  ||d||  lg(rg) alpha_du alpha_pr  ls
  10  2.1157634e+05 5.28e-12 3.22e-02  -2.5 9.04e-01    -  8.50e-01 1.00e+00f  1
  11  1.3004932e+05 6.25e-12 1.46e-02  -2.5 8.21e-01    -  9.09e-01 1.00e+00f  1
  12  8.5234962e+04 5.99e-11 2.32e-02  -3.8 4.17e-01    -  7.37e-01 9.51e-01f  1
  13  8.0130143e+04 2.46e-11 1.01e-02  -3.8 2.69e-01  -4.5 8.43e-01 1.00e+00f  1
  14  7.8801224e+04 9.46e-12 1.98e-14  -3.8 1.63e-01    -  1.00e+00 1.00e+00f  1
  15  7.6359623e+04 6.24e-12 3.23e-03  -5.7 1.31e-01  -5.0 7.92e-01 9.98e-01f  1
  16  7.6174229e+04 3.54e-12 1.95e-03  -5.7 1.06e-01    -  8.03e-01 1.00e+00f  1
  17  7.6117864e+04 2.84e-12 1.26e-07  -5.7 3.41e-02  -5.4 1.00e+00 1.00e+00f  1
  18  7.6071843e+04 4.62e-12 2.36e-04  -8.6 2.39e-02  -5.9 9.03e-01 9.99e-01f  1
  19  7.6065296e+04 4.00e-12 4.59e-09  -8.6 1.12e-02  -6.4 1.00e+00 1.00e+00f  1
iter    objective    inf_pr   inf_du lg(mu)  ||d||  lg(rg) alpha_du alpha_pr  ls
  20  7.6063149e+04 4.84e-12 1.94e-14  -8.6 5.50e-03    -  1.00e+00 1.00e+00f  1
  21  7.6062593e+04 9.40e-12 2.51e-10  -8.6 1.83e-03  -6.9 1.00e+00 1.00e+00f  1
  22  7.6062550e+04 2.53e-12 6.87e-05  -8.6 2.30e-04    -  1.00e+00 8.12e-01h  1
  23  7.6062538e+04 7.25e-12 1.97e-14  -8.6 1.55e-04    -  1.00e+00 1.00e+00f  1

Number of Iterations....: 23

                                   (scaled)                 (unscaled)
Objective...............:   7.6062538328080533e+00    7.6062538328080525e+04
Dual infeasibility......:   1.9665140843445937e-14    1.9665140843445937e-10
Constraint violation....:   8.6976665806717003e-13    7.2489791946850346e-12
Variable bound violation:   9.9749410734107137e-09    9.9749410734107137e-09
Complementarity.........:   3.9183524029265151e-09    3.9183524029265152e-05
Overall NLP error.......:   3.9183524029265151e-09    3.9183524029265152e-05


Number of objective function evaluations             = 24
Number of objective gradient evaluations             = 24
Number of equality constraint evaluations            = 24
Number of inequality constraint evaluations          = 24
Number of equality constraint Jacobian evaluations   = 1
Number of inequality constraint Jacobian evaluations = 1
Number of Lagrangian Hessian evaluations             = 1
Total seconds in IPOPT                               = 0.163

EXIT: Optimal Solution Found.
