This is Ipopt version 3.14.19, running with linear solver ma57.

Number of nonzeros in equality constraint Jacobian...:    13237
Number of nonzeros in inequality constraint Jacobian.:     3120
Number of nonzeros in Lagrangian Hessian.............:      454

Total number of variables............................:     5094
                     variables with only lower bounds:        0
                variables with lower and upper bounds:     3858
                     variables with only upper bounds:        0
Total number of equality constraints.................:     3582
Total number of inequality constraints...............:     1560
        inequality constraints with only lower bounds:        0
   inequality constraints with lower and upper bounds:     1560
        inequality constraints with only upper bounds:        0

iter    objective    inf_pr   inf_du lg(mu)  ||d||  lg(rg) alpha_du alpha_pr  ls
   0  1.5313211e+07 1.88e+01 8.35e+01  -1.0 0.00e+00    -  0.00e+00 0.00e+00   0
   1  1.5315538e+07 1.88e+01 8.35e+01  -1.0 6.22e+01    -  8.36e-03 2.50e-05f  1
   2  1.2528283e+07 1.85e+01 8.33e+01  -1.0 2.14e+01    -  9.92e-04 1.45e-02f  1
   3  1.2098057e+07 1.81e+01 8.19e+01  -1.0 1.67e+01  -4.0 1.80e-02 2.23e-02f  1
   4  1.1167155e+07 1.71e+01 7.59e+01  -1.0 1.55e+01  -4.5 7.00e-02 5.44e-02f  1
   5  8.1180523e+06 1.38e+01 6.60e+01  -1.0 1.39e+01    -  1.41e-01 1.91e-01f  1
   6  4.0198583e+06 7.67e+00 3.29e+01  -1.0 1.12e+01  -5.0 4.93e-01 4.46e-01f  1
   7  2.1344664e+06 2.06e-01 6.83e+00  -1.0 6.29e+01    -  8.21e-01 9.73e-01f  1
   8  2.1414419e+06 6.41e-12 7.36e-02  -1.0 1.62e+01    -  9.90e-01 1.00e+00f  1
   9  2.1387316e+06 4.76e-12 2.10e-07  -1.0 5.67e-02  -5.4 1.00e+00 1.00e+00f  1
iter    objective    inf_pr   inf_du lg(mu)  ||d||  lg(rg) alpha_du alpha_pr  ls
  10  1.0733105e+06 5.30e-10 5.61e-02  -2.5 4.86e-01  -5.9 8.30e-01 1.00e+00f  1
  11  1.0048616e+06 1.12e-11 4.89e-02  -2.5 1.19e+00  -6.4 7.85e-01 9.95e-01f  1
  12  9.8862943e+05 6.81e-12 2.84e-14  -2.5 6.15e-01    -  1.00e+00 1.00e+00f  1
  13  9.4991853e+05 1.12e-11 1.28e-02  -3.8 3.54e-01    -  8.21e-01 1.00e+00f  1
  14  9.4822003e+05 1.83e-11 1.81e-14  -3.8 4.09e-02    -  1.00e+00 1.00e+00f  1
  15  9.4602545e+05 6.03e-12 3.55e-03  -5.7 6.53e-02    -  7.63e-01 9.51e-01f  1
  16  9.4586121e+05 4.69e-12 1.93e-14  -5.7 2.32e-02    -  1.00e+00 1.00e+00f  1
  17  9.4584477e+05 7.80e-12 1.39e-09  -5.7 1.02e-02  -6.9 1.00e+00 1.00e+00f  1
  18  9.4581489e+05 1.30e-11 4.17e-06  -8.6 5.62e-03  -7.3 9.94e-01 9.93e-01f  1
  19  9.4581348e+05 1.57e-11 4.34e-11  -8.6 2.85e-03  -7.8 1.00e+00 1.00e+00f  1
iter    objective    inf_pr   inf_du lg(mu)  ||d||  lg(rg) alpha_du alpha_pr  ls
  20  9.4581317e+05 9.34e-12 7.19e-12  -8.6 1.41e-03  -8.3 1.00e+00 1.00e+00f  1
  21  9.4581308e+05 8.16e-12 1.90e-14  -8.6 6.94e-04    -  1.00e+00 1.00e+00f  1
  22  9.4581306e+05 6.23e-12 1.87e-14  -8.6 3.21e-04    -  1.00e+00 1.00e+00h  1
  23  9.4581303e+05 1.24e-11 2.02e-14  -9.0 1.44e-04    -  1.00e+00 1.00e+00h  1

Number of Iterations....: 23

                                   (scaled)                 (unscaled)
Objective...............:   9.4581303136405381e+01    9.4581303136405372e+05
Dual infeasibility......:   2.0170050521191572e-14    2.0170050521191572e-10
Constraint violation....:   1.3500698210732731e-12    1.2428058582258927e-11
Variable bound violation:   1.3177764479621601e-07    1.3177764479621601e-07
Complementarity.........:   2.9735410710681545e-09    2.9735410710681545e-05
Overall NLP error.......:   2.9735410710681545e-09    2.9735410710681545e-05


Number of objective function evaluations             = 24
Number of objective gradient evaluations             = 24
Number of equality constraint evaluations            = 24
Number of inequality constraint evaluations          = 24
Number of equality constraint Jacobian evaluations   = 1
Number of inequality constraint Jacobian evaluations = 1
Number of Lagrangian Hessian evaluations             = 1
Total seconds in IPOPT                               = 0.160

EXIT: Optimal Solution Found.
