This is Ipopt version 3.14.19, running with linear solver ma57.

Number of nonzeros in equality constraint Jacobian...:    13682
Number of nonzeros in inequality constraint Jacobian.:     3120
Number of nonzeros in Lagrangian Hessian.............:      899

Total number of variables............................:     5539
                     variables with only lower bounds:        0
                variables with lower and upper bounds:     4303
                     variables with only upper bounds:        0
Total number of equality constraints.................:     3582
Total number of inequality constraints...............:     1560
        inequality constraints with only lower bounds:        0
   inequality constraints with lower and upper bounds:     1560
        inequality constraints with only upper bounds:        0

iter    objective    inf_pr   inf_du lg(mu)  ||d||  lg(rg) alpha_du alpha_pr  ls
   0  1.4766953e+07 1.50e+01 8.45e+01  -1.0 0.00e+00    -  0.00e+00 0.00e+00   0
   1  1.4767181e+07 1.50e+01 8.42e+01  -1.0 1.69e+01    -  1.04e-02 2.46e-05f  1
   2  1.1878411e+07 1.48e+01 8.42e+01  -1.0 6.61e+01    -  1.81e-03 1.56e-02f  1
   3  1.1766764e+07 1.42e+01 8.33e+01  -1.0 2.75e+01    -  1.44e-02 3.71e-02f  1
   4  1.0614625e+07 1.36e+01 7.97e+01  -1.0 9.94e+01    -  4.44e-02 4.80e-02f  1
   5  8.5889605e+06 1.15e+01 6.21e+01  -1.0 1.43e+01    -  2.10e-01 1.55e-01f  1
   6  3.4005279e+06 5.73e+00 4.63e+01  -1.0 5.77e+01    -  2.94e-01 5.00e-01f  1
   7  1.6327404e+06 1.90e-12 9.07e+00  -1.0 7.44e+00  -4.0 8.26e-01 1.00e+00f  1
   8  1.2835362e+06 3.07e-12 2.42e-01  -1.0 2.22e+00    -  9.75e-01 1.00e+00f  1
   9  1.3042883e+06 3.12e-12 2.16e-03  -1.0 4.51e-01    -  9.94e-01 1.00e+00f  1
iter    objective    inf_pr   inf_du lg(mu)  ||d||  lg(rg) alpha_du alpha_pr  ls
  10  3.9986426e+05 2.51e-10 2.61e-05  -1.7 7.83e-01  -4.5 1.00e+00 1.00e+00f  1
  11  1.3320456e+05 3.25e-12 1.86e-02  -2.5 1.02e+00  -5.0 8.81e-01 1.00e+00f  1
  12  8.6960069e+04 2.06e-12 2.46e-02  -3.8 4.20e-01  -5.4 7.36e-01 9.22e-01f  1
  13  8.0548373e+04 1.06e-12 1.50e-02  -3.8 2.91e-01    -  7.99e-01 1.00e+00f  1
  14  7.9079616e+04 1.56e-12 2.16e-07  -3.8 1.75e-01  -5.9 1.00e+00 1.00e+00f  1
  15  7.6576499e+04 3.17e-12 4.12e-03  -5.7 1.44e-01    -  7.61e-01 9.94e-01f  1
  16  7.6368703e+04 5.66e-12 2.45e-03  -5.7 7.10e-02    -  7.87e-01 1.00e+00f  1
  17  7.6305260e+04 3.70e-12 1.54e-08  -5.7 3.75e-02  -6.4 1.00e+00 1.00e+00f  1
  18  7.6256395e+04 2.83e-12 3.14e-04  -8.6 2.63e-02  -6.9 8.86e-01 9.99e-01f  1
  19  7.6249101e+04 4.30e-12 1.58e-05  -8.6 1.22e-02  -7.3 9.90e-01 1.00e+00f  1
iter    objective    inf_pr   inf_du lg(mu)  ||d||  lg(rg) alpha_du alpha_pr  ls
  20  7.6246671e+04 3.98e-12 9.44e-11  -8.6 6.19e-03  -7.8 1.00e+00 1.00e+00f  1
  21  7.6246006e+04 2.11e-12 1.96e-14  -8.6 2.24e-03    -  1.00e+00 1.00e+00f  1
  22  7.6245906e+04 2.76e-12 1.95e-14  -8.6 3.80e-04    -  1.00e+00 1.00e+00f  1

Number of Iterations....: 22

                                   (scaled)                 (unscaled)
Objective...............:   7.6245906441626037e+00    7.6245906441626037e+04
Dual infeasibility......:   1.9496830028424333e-14    1.9496830028424333e-10
Constraint violation....:   5.2047255394427339e-13    2.7580160377738139e-12
Variable bound violation:   9.9749409240633203e-09    9.9749409240633203e-09
Complementarity.........:   6.2101751523544375e-09    6.2101751523544371e-05
Overall NLP error.......:   6.2101751523544375e-09    6.2101751523544371e-05


Number of objective function evaluations             = 23
Number of objective gradient evaluations             = 23
Number of equality constraint evaluations            = 23
Number of inequality constraint evaluations          = 23
Number of equality constraint Jacobian evaluations   = 1
Number of inequality constraint Jacobian evaluations = 1
Number of Lagrangian Hessian evaluations             = 1
Total seconds in IPOPT                               = 0.198

EXIT: Optimal Solution Found.
