This is Ipopt version 3.14.19, running with linear solver ma57.

Number of nonzeros in equality constraint Jacobian...:    13682
Number of nonzeros in inequality constraint Jacobian.:     3120
Number of nonzeros in Lagrangian Hessian.............:      899

Total number of variables............................:     5539
                     variables with only lower bounds:        0
                variables with lower and upper bounds:     4303
                     variables with only upper bounds:        0
Total number of equality constraints.................:     3582
Total number of inequality constraints...............:     1560
        inequality constraints with only lower bounds:        0
   inequality constraints with lower and upper bounds:     1560
        inequality constraints with only upper bounds:        0

iter    objective    inf_pr   inf_du lg(mu)  ||d||  lg(rg) alpha_du alpha_pr  ls
   0  8.4096185e+06 1.50e+01 8.45e+01  -1.0 0.00e+00    -  0.00e+00 0.00e+00   0
   1  8.4092296e+06 1.50e+01 8.38e+01  -1.0 3.14e+01    -  1.36e-02 1.62e-05f  1
   2  6.5189353e+06 1.47e+01 8.38e+01  -1.0 2.93e+01    -  2.73e-03 1.89e-02f  1
   3  6.4836169e+06 1.39e+01 8.32e+01  -1.0 3.19e+01    -  1.52e-02 5.81e-02f  1
   4  5.7096692e+06 1.31e+01 7.99e+01  -1.0 1.04e+02    -  4.14e-02 5.24e-02f  1
   5  4.6663217e+06 1.08e+01 7.00e+01  -1.0 1.28e+01  -4.0 1.31e-01 1.77e-01f  1
   6  2.6706798e+06 7.15e+00 3.66e+01  -1.0 3.13e+01    -  4.60e-01 3.39e-01f  1
   7  1.4116430e+06 2.01e-12 1.08e+01  -1.0 1.01e+01    -  7.54e-01 1.00e+00f  1
   8  1.2843715e+06 2.06e-12 1.09e-01  -1.0 6.37e-01    -  9.90e-01 1.00e+00f  1
   9  1.2934203e+06 1.52e-12 1.06e-04  -1.0 1.06e-01    -  9.99e-01 1.00e+00f  1
iter    objective    inf_pr   inf_du lg(mu)  ||d||  lg(rg) alpha_du alpha_pr  ls
  10  2.4588115e+05 1.98e-12 3.11e-02  -2.5 8.22e-01    -  8.50e-01 1.00e+00f  1
  11  1.4902419e+05 9.80e-13 1.42e-02  -2.5 1.21e+00  -4.5 9.05e-01 1.00e+00f  1
  12  8.8833310e+04 6.13e-11 2.49e-02  -3.8 6.15e-01    -  7.37e-01 9.85e-01f  1
  13  8.3359482e+04 1.80e-11 7.67e-03  -3.8 7.44e-02  -5.0 7.04e-01 7.06e-01f  1
  14  8.3081531e+04 1.71e-12 9.12e-02  -3.8 1.14e-01  -5.4 5.06e-01 1.00e+00f  1
  15  8.2814843e+04 1.16e-12 4.66e-02  -3.8 6.79e-02    -  5.27e-01 1.00e+00f  1
  16  8.2821751e+04 2.74e-12 5.91e-03  -3.8 2.75e-02    -  8.84e-01 1.00e+00f  1
  17  8.2796173e+04 1.70e-12 2.84e-14  -3.8 4.77e-02    -  1.00e+00 1.00e+00f  1
  18  8.1027300e+04 7.96e-13 1.74e-02  -5.7 2.73e-02    -  5.18e-01 9.13e-01f  1
  19  8.0853066e+04 1.80e-12 1.31e-02  -5.7 1.24e-02    -  5.13e-01 1.00e+00f  1
iter    objective    inf_pr   inf_du lg(mu)  ||d||  lg(rg) alpha_du alpha_pr  ls
  20  8.0832854e+04 2.63e-12 5.58e-03  -5.7 9.17e-03  -5.9 6.46e-01 1.00e+00f  1
  21  8.0821331e+04 7.35e-13 1.41e-03  -5.7 7.76e-03  -6.4 8.07e-01 1.00e+00f  1
  22  8.0815708e+04 2.23e-12 2.01e-14  -5.7 2.64e-02    -  1.00e+00 1.00e+00f  1
  23  8.0788725e+04 6.70e-13 4.38e-04  -8.6 2.95e-01    -  7.92e-01 9.98e-01f  1
  24  8.0786978e+04 1.43e-12 2.23e-04  -8.6 3.93e-03    -  8.11e-01 1.00e+00f  1
  25  8.0786413e+04 2.38e-12 8.03e-05  -8.6 1.61e-03  -6.9 8.64e-01 1.00e+00f  1
  26  8.0786280e+04 1.15e-12 1.92e-11  -8.6 4.21e-04  -7.3 1.00e+00 1.00e+00f  1
  27  8.0786238e+04 1.15e-12 1.82e-12  -9.0 1.19e-04  -7.8 1.00e+00 1.00e+00h  1

Number of Iterations....: 27

                                   (scaled)                 (unscaled)
Objective...............:   8.0786238256478438e+00    8.0786238256478435e+04
Dual infeasibility......:   1.8180224966717538e-12    1.8180224966717538e-08
Constraint violation....:   2.3847590568948362e-13    1.1520506770779093e-12
Variable bound violation:   9.9909089294486429e-09    9.9909089294486429e-09
Complementarity.........:   4.9636470598500665e-09    4.9636470598500663e-05
Overall NLP error.......:   4.9636470598500665e-09    4.9636470598500663e-05


Number of objective function evaluations             = 28
Number of objective gradient evaluations             = 28
Number of equality constraint evaluations            = 28
Number of inequality constraint evaluations          = 28
Number of equality constraint Jacobian evaluations   = 1
Number of inequality constraint Jacobian evaluations = 1
Number of Lagrangian Hessian evaluations             = 1
Total seconds in IPOPT                               = 0.202

EXIT: Optimal Solution Found.
