This is Ipopt version 3.14.19, running with linear solver ma57.

Number of nonzeros in equality constraint Jacobian...:    13682
Number of nonzeros in inequality constraint Jacobian.:     3120
Number of nonzeros in Lagrangian Hessian.............:      899

Total number of variables............................:     5539
                     variables with only lower bounds:        0
                variables with lower and upper bounds:     4303
                     variables with only upper bounds:        0
Total number of equality constraints.................:     3582
Total number of inequality constraints...............:     1560
        inequality constraints with only lower bounds:        0
   inequality constraints with lower and upper bounds:     1560
        inequality constraints with only upper bounds:        0

iter    objective    inf_pr   inf_du lg(mu)  ||d||  lg(rg) alpha_du alpha_pr  ls
   0  1.1578383e+07 1.50e+01 8.45e+01  -1.0 0.00e+00    -  0.00e+00 0.00e+00   0
   1  1.1577964e+07 1.50e+01 8.40e+01  -1.0 2.05e+01    -  1.19e-02 2.10e-05f  1
   2  9.0811521e+06 1.48e+01 8.40e+01  -1.0 1.88e+01    -  2.30e-03 1.72e-02f  1
   3  9.0682499e+06 1.41e+01 8.32e+01  -1.0 1.47e+01  -4.0 1.57e-02 4.69e-02f  1
   4  8.0826968e+06 1.33e+01 7.93e+01  -1.0 1.36e+01  -4.5 4.71e-02 5.16e-02f  1
   5  6.5167166e+06 1.10e+01 6.46e+01  -1.0 3.40e+01    -  1.84e-01 1.78e-01f  1
   6  3.0695246e+06 6.11e+00 4.29e+01  -1.0 1.06e+01  -5.0 3.52e-01 4.43e-01f  1
   7  1.5541095e+06 2.65e-06 9.11e+00  -1.0 6.20e+00    -  8.15e-01 1.00e+00f  1
   8  1.2764223e+06 1.94e-12 9.98e-02  -1.0 1.64e+00    -  9.90e-01 1.00e+00f  1
   9  1.2896479e+06 7.93e-10 6.48e-07  -1.0 1.75e-01  -5.4 1.00e+00 1.00e+00f  1
iter    objective    inf_pr   inf_du lg(mu)  ||d||  lg(rg) alpha_du alpha_pr  ls
  10  2.1580956e+05 8.23e-13 3.12e-02  -2.5 8.42e-01    -  8.50e-01 1.00e+00f  1
  11  1.3339145e+05 1.36e-12 1.04e-02  -2.5 7.54e-01    -  9.20e-01 1.00e+00f  1
  12  8.4283290e+04 1.14e-12 2.03e-02  -3.8 5.59e-01  -5.9 7.41e-01 1.00e+00f  1
  13  8.0251359e+04 1.26e-11 3.93e-03  -3.8 3.07e-01  -6.4 9.26e-01 1.00e+00f  1
  14  7.8903155e+04 1.16e-12 2.43e-08  -3.8 1.77e-01  -6.9 1.00e+00 1.00e+00f  1
  15  7.6485149e+04 1.56e-12 2.32e-03  -5.7 1.36e-01    -  8.28e-01 1.00e+00f  1
  16  7.6315199e+04 2.20e-12 8.65e-04  -5.7 6.56e-02    -  8.99e-01 1.00e+00f  1
  17  7.6262174e+04 1.65e-12 1.59e-09  -5.7 3.47e-02  -7.3 1.00e+00 1.00e+00f  1
  18  7.6219369e+04 1.05e-12 1.72e-04  -8.6 1.19e-01    -  9.20e-01 1.00e+00f  1
  19  7.6213642e+04 1.46e-12 1.61e-10  -8.6 1.05e-02  -7.8 1.00e+00 1.00e+00f  1
iter    objective    inf_pr   inf_du lg(mu)  ||d||  lg(rg) alpha_du alpha_pr  ls
  20  7.6211789e+04 7.95e-13 2.02e-14  -8.6 5.03e-03    -  1.00e+00 1.00e+00f  1
  21  7.6211324e+04 1.34e-12 2.00e-14  -8.6 1.60e-03    -  1.00e+00 1.00e+00f  1
  22  7.6211246e+04 6.93e-13 1.07e-05  -9.0 2.30e-04    -  1.00e+00 9.34e-01f  1

Number of Iterations....: 22

                                   (scaled)                 (unscaled)
Objective...............:   7.6211246055908690e+00    7.6211246055908690e+04
Dual infeasibility......:   1.0725759808128364e-05    1.0725759808128364e-01
Constraint violation....:   1.9600584691450493e-13    6.9337591224183370e-13
Variable bound violation:   9.9999833162172530e-09    9.9999833162172530e-09
Complementarity.........:   4.8967655973294826e-09    4.8967655973294822e-05
Overall NLP error.......:   1.0725759808128364e-05    1.0725759808128364e-01


Number of objective function evaluations             = 23
Number of objective gradient evaluations             = 23
Number of equality constraint evaluations            = 23
Number of inequality constraint evaluations          = 23
Number of equality constraint Jacobian evaluations   = 1
Number of inequality constraint Jacobian evaluations = 1
Number of Lagrangian Hessian evaluations             = 1
Total seconds in IPOPT                               = 0.167

EXIT: Optimal Solution Found.
