This is Ipopt version 3.14.19, running with linear solver ma57.

Number of nonzeros in equality constraint Jacobian...:    13237
Number of nonzeros in inequality constraint Jacobian.:     3120
Number of nonzeros in Lagrangian Hessian.............:      454

Total number of variables............................:     5094
                     variables with only lower bounds:        0
                variables with lower and upper bounds:     3858
                     variables with only upper bounds:        0
Total number of equality constraints.................:     3582
Total number of inequality constraints...............:     1560
        inequality constraints with only lower bounds:        0
   inequality constraints with lower and upper bounds:     1560
        inequality constraints with only upper bounds:        0

iter    objective    inf_pr   inf_du lg(mu)  ||d||  lg(rg) alpha_du alpha_pr  ls
   0  1.5558883e+07 1.88e+01 8.25e+01  -1.0 0.00e+00    -  0.00e+00 0.00e+00   0
   1  1.5561427e+07 1.88e+01 8.25e+01  -1.0 9.47e+01    -  8.22e-03 2.53e-05f  1
   2  1.2752894e+07 1.85e+01 8.24e+01  -1.0 9.60e+01    -  9.68e-04 1.43e-02f  1
   3  1.2285696e+07 1.81e+01 8.10e+01  -1.0 1.67e+01  -4.0 1.80e-02 2.17e-02f  1
   4  1.1364409e+07 1.71e+01 7.49e+01  -1.0 3.59e+01    -  7.16e-02 5.41e-02f  1
   5  8.1654642e+06 1.38e+01 6.57e+01  -1.0 1.39e+01  -4.5 1.36e-01 1.94e-01f  1
   6  4.0890193e+06 7.75e+00 3.22e+01  -1.0 1.71e+01    -  5.18e-01 4.38e-01f  1
   7  2.1698336e+06 2.44e-01 6.44e+00  -1.0 1.75e+02    -  8.22e-01 9.68e-01f  1
   8  2.1940390e+06 6.91e-12 7.02e-02  -1.0 2.52e+01    -  9.90e-01 1.00e+00f  1
   9  2.1911214e+06 5.17e-10 2.27e-13  -1.0 2.97e-01    -  1.00e+00 1.00e+00f  1
iter    objective    inf_pr   inf_du lg(mu)  ||d||  lg(rg) alpha_du alpha_pr  ls
  10  1.1295766e+06 5.85e-10 6.19e-02  -2.5 4.44e-01  -5.0 8.21e-01 9.98e-01f  1
  11  1.0626780e+06 2.52e-11 5.25e-02  -2.5 8.98e-01    -  7.69e-01 9.80e-01f  1
  12  1.0454049e+06 2.36e-11 4.55e-13  -2.5 5.69e-01    -  1.00e+00 1.00e+00f  1
  13  1.0066561e+06 1.31e-11 1.37e-02  -3.8 2.81e-01  -5.4 8.16e-01 9.95e-01f  1
  14  1.0046941e+06 1.21e-11 1.76e-14  -3.8 4.23e-02    -  1.00e+00 1.00e+00f  1
  15  1.0025198e+06 1.06e-11 3.56e-03  -5.7 2.89e-02  -5.9 7.60e-01 9.34e-01f  1
  16  1.0023137e+06 6.05e-12 1.91e-14  -5.7 1.86e-02    -  1.00e+00 1.00e+00f  1
  17  1.0022962e+06 1.31e-11 4.42e-09  -5.7 1.07e-02  -6.4 1.00e+00 1.00e+00f  1
  18  1.0022662e+06 1.69e-11 1.14e-05  -8.6 5.75e-03  -6.9 9.94e-01 9.90e-01f  1
  19  1.0022647e+06 1.25e-11 1.38e-10  -8.6 3.01e-03  -7.3 1.00e+00 1.00e+00f  1
iter    objective    inf_pr   inf_du lg(mu)  ||d||  lg(rg) alpha_du alpha_pr  ls
  20  1.0022644e+06 2.23e-11 2.28e-11  -8.6 1.49e-03  -7.8 1.00e+00 1.00e+00f  1
  21  1.0022643e+06 1.62e-11 3.73e-12  -8.6 7.33e-04  -8.3 1.00e+00 1.00e+00f  1
  22  1.0022642e+06 1.21e-11 2.00e-14  -8.6 3.40e-04    -  1.00e+00 1.00e+00h  1
  23  1.0022642e+06 1.08e-11 2.61e-13  -9.0 1.54e-04  -8.8 1.00e+00 1.00e+00h  1

Number of Iterations....: 23

                                   (scaled)                 (unscaled)
Objective...............:   1.0022642082890881e+02    1.0022642082890881e+06
Dual infeasibility......:   2.6068239069353373e-13    2.6068239069353373e-09
Constraint violation....:   3.2534518657198198e-12    1.0795475624547635e-11
Variable bound violation:   1.3177780999740207e-07    1.3177780999740207e-07
Complementarity.........:   2.8874492718687076e-09    2.8874492718687074e-05
Overall NLP error.......:   2.8874492718687076e-09    2.8874492718687074e-05


Number of objective function evaluations             = 24
Number of objective gradient evaluations             = 24
Number of equality constraint evaluations            = 24
Number of inequality constraint evaluations          = 24
Number of equality constraint Jacobian evaluations   = 1
Number of inequality constraint Jacobian evaluations = 1
Number of Lagrangian Hessian evaluations             = 1
Total seconds in IPOPT                               = 0.167

EXIT: Optimal Solution Found.
