This is Ipopt version 3.14.19, running with linear solver ma57.

Number of nonzeros in equality constraint Jacobian...:    13682
Number of nonzeros in inequality constraint Jacobian.:     3120
Number of nonzeros in Lagrangian Hessian.............:      899

Total number of variables............................:     5539
                     variables with only lower bounds:        0
                variables with lower and upper bounds:     4303
                     variables with only upper bounds:        0
Total number of equality constraints.................:     3582
Total number of inequality constraints...............:     1560
        inequality constraints with only lower bounds:        0
   inequality constraints with lower and upper bounds:     1560
        inequality constraints with only upper bounds:        0

iter    objective    inf_pr   inf_du lg(mu)  ||d||  lg(rg) alpha_du alpha_pr  ls
   0  1.2813467e+07 1.88e+01 8.66e+01  -1.0 0.00e+00    -  0.00e+00 0.00e+00   0
   1  1.2813987e+07 1.88e+01 8.64e+01  -1.0 2.27e+01    -  1.02e-02 2.22e-05f  1
   2  1.0204272e+07 1.85e+01 8.63e+01  -1.0 2.02e+01  -4.0 1.78e-03 1.53e-02f  1
   3  1.0126533e+07 1.78e+01 8.52e+01  -1.0 3.97e+01    -  1.62e-02 3.61e-02f  1
   4  9.1282020e+06 1.69e+01 8.08e+01  -1.0 2.55e+01    -  5.13e-02 5.07e-02f  1
   5  7.1862582e+06 1.40e+01 6.09e+01  -1.0 3.83e+01    -  2.37e-01 1.73e-01f  1
   6  2.7900442e+06 6.19e+00 4.50e+01  -1.0 1.10e+01    -  3.02e-01 5.57e-01f  1
   7  1.9703815e+06 6.82e-12 7.37e+00  -1.0 2.60e+01    -  8.50e-01 1.00e+00f  1
   8  1.8330504e+06 5.73e-12 7.60e-02  -1.0 8.25e-01  -4.5 9.90e-01 1.00e+00f  1
   9  1.8406912e+06 2.44e-12 3.64e-12  -1.0 9.30e-02    -  1.00e+00 1.00e+00f  1
iter    objective    inf_pr   inf_du lg(mu)  ||d||  lg(rg) alpha_du alpha_pr  ls
  10  7.7750118e+05 1.07e-12 3.80e-02  -2.5 6.17e-01    -  8.50e-01 1.00e+00f  1
  11  6.8920780e+05 2.68e-10 3.41e-02  -2.5 1.29e+00    -  8.29e-01 1.00e+00f  1
  12  6.6542817e+05 5.18e-12 4.55e-13  -2.5 5.21e-01    -  1.00e+00 1.00e+00f  1
  13  6.2101423e+05 2.81e-12 9.31e-03  -3.8 3.17e-01    -  8.38e-01 1.00e+00f  1
  14  6.1725227e+05 4.73e-12 3.92e-07  -3.8 3.52e-02  -5.0 1.00e+00 1.00e+00f  1
  15  6.1422116e+05 2.32e-12 3.84e-03  -5.7 1.95e-02  -5.4 7.13e-01 1.00e+00f  1
  16  6.1414442e+05 4.28e-12 1.91e-03  -5.7 1.14e-02  -5.9 8.40e-01 1.00e+00f  1
  17  6.1413254e+05 3.36e-12 2.73e-09  -5.7 6.64e-03  -6.4 1.00e+00 1.00e+00f  1
  18  6.1409436e+05 3.91e-12 1.49e-05  -8.6 4.30e-03  -6.9 9.93e-01 9.98e-01f  1
  19  6.1409318e+05 3.97e-12 1.96e-14  -8.6 2.23e-03    -  1.00e+00 1.00e+00f  1
iter    objective    inf_pr   inf_du lg(mu)  ||d||  lg(rg) alpha_du alpha_pr  ls
  20  6.1409289e+05 5.48e-12 5.09e-11  -8.6 1.11e-03  -7.3 1.00e+00 1.00e+00f  1
  21  6.1409281e+05 3.67e-12 1.89e-14  -8.6 5.42e-04    -  1.00e+00 1.00e+00f  1
  22  6.1409279e+05 2.15e-12 3.76e-12  -8.6 2.47e-04  -7.8 1.00e+00 1.00e+00h  1
  23  6.1409276e+05 6.08e-12 5.68e-13  -9.0 1.12e-04  -8.3 1.00e+00 1.00e+00h  1

Number of Iterations....: 23

                                   (scaled)                 (unscaled)
Objective...............:   6.1409275618865856e+01    6.1409275618865853e+05
Dual infeasibility......:   5.6794323806663160e-13    5.6794323806663163e-09
Constraint violation....:   7.8677144515285986e-13    6.0838001303409328e-12
Variable bound violation:   1.3177748137138678e-07    1.3177748137138678e-07
Complementarity.........:   3.4883970042075170e-09    3.4883970042075167e-05
Overall NLP error.......:   3.4883970042075170e-09    3.4883970042075167e-05


Number of objective function evaluations             = 24
Number of objective gradient evaluations             = 24
Number of equality constraint evaluations            = 24
Number of inequality constraint evaluations          = 24
Number of equality constraint Jacobian evaluations   = 1
Number of inequality constraint Jacobian evaluations = 1
Number of Lagrangian Hessian evaluations             = 1
Total seconds in IPOPT                               = 0.163

EXIT: Optimal Solution Found.
