This is Ipopt version 3.14.19, running with linear solver ma57.

Number of nonzeros in equality constraint Jacobian...:    13237
Number of nonzeros in inequality constraint Jacobian.:     3120
Number of nonzeros in Lagrangian Hessian.............:      454

Total number of variables............................:     5094
                     variables with only lower bounds:        0
                variables with lower and upper bounds:     3858
                     variables with only upper bounds:        0
Total number of equality constraints.................:     3582
Total number of inequality constraints...............:     1560
        inequality constraints with only lower bounds:        0
   inequality constraints with lower and upper bounds:     1560
        inequality constraints with only upper bounds:        0

iter    objective    inf_pr   inf_du lg(mu)  ||d||  lg(rg) alpha_du alpha_pr  ls
   0  1.2678941e+07 1.88e+01 8.29e+01  -1.0 0.00e+00    -  0.00e+00 0.00e+00   0
   1  1.2679807e+07 1.88e+01 8.27e+01  -1.0 3.37e+01    -  9.73e-03 2.05e-05f  1
   2  1.0319797e+07 1.85e+01 8.27e+01  -1.0 1.99e+01  -4.0 1.24e-03 1.58e-02f  1
   3  1.0014968e+07 1.79e+01 8.14e+01  -1.0 1.60e+01    -  1.74e-02 2.87e-02f  1
   4  9.1821345e+06 1.69e+01 7.63e+01  -1.0 1.51e+01  -4.5 6.21e-02 5.62e-02f  1
   5  7.0036157e+06 1.39e+01 6.03e+01  -1.0 1.14e+02    -  2.04e-01 1.77e-01f  1
   6  2.9541015e+06 6.30e+00 4.11e+01  -1.0 2.84e+01    -  3.59e-01 5.48e-01f  1
   7  1.7958066e+06 4.72e-06 7.10e+00  -1.0 1.41e+02    -  8.49e-01 1.00e+00f  1
   8  1.7348068e+06 2.42e-11 7.35e-02  -1.0 1.12e+00  -5.0 9.90e-01 1.00e+00f  1
   9  1.7330023e+06 2.33e-11 1.46e-11  -1.0 1.81e-01    -  1.00e+00 1.00e+00f  1
iter    objective    inf_pr   inf_du lg(mu)  ||d||  lg(rg) alpha_du alpha_pr  ls
  10  6.8988497e+05 2.23e-11 3.01e-02  -2.5 8.90e-01    -  8.50e-01 1.00e+00f  1
  11  6.1321210e+05 1.19e-11 1.26e-02  -2.5 1.23e+00  -5.4 9.18e-01 1.00e+00f  1
  12  5.6169148e+05 1.68e-11 2.03e-02  -3.8 6.38e-01    -  7.38e-01 1.00e+00f  1
  13  5.5761434e+05 1.18e-11 4.25e-04  -3.8 1.22e-01  -5.9 9.91e-01 1.00e+00f  1
  14  5.5520934e+05 2.03e-11 5.30e-03  -5.7 8.61e-02    -  7.84e-01 9.72e-01f  1
  15  5.5507783e+05 1.89e-11 1.95e-14  -5.7 3.07e-02    -  1.00e+00 1.00e+00f  1
  16  5.5505077e+05 7.88e-12 7.26e-09  -5.7 1.76e-02  -6.4 1.00e+00 1.00e+00f  1
  17  5.5501816e+05 1.14e-11 3.67e-05  -8.6 9.30e-03  -6.9 9.86e-01 9.95e-01f  1
  18  5.5501621e+05 1.92e-11 1.95e-14  -8.6 4.69e-03    -  1.00e+00 1.00e+00f  1
  19  5.5501574e+05 1.45e-11 2.05e-14  -8.6 2.36e-03    -  1.00e+00 1.00e+00f  1
iter    objective    inf_pr   inf_du lg(mu)  ||d||  lg(rg) alpha_du alpha_pr  ls
  20  5.5501562e+05 1.51e-11 5.33e-11  -8.6 1.16e-03  -7.3 1.00e+00 1.00e+00f  1
  21  5.5501559e+05 2.06e-11 8.51e-12  -8.6 5.58e-04  -7.8 1.00e+00 1.00e+00h  1
  22  5.5501556e+05 1.87e-11 1.37e-12  -9.0 2.70e-04  -8.3 1.00e+00 1.00e+00h  1

Number of Iterations....: 22

                                   (scaled)                 (unscaled)
Objective...............:   5.5501556034076053e+01    5.5501556034076051e+05
Dual infeasibility......:   1.3692756649498593e-12    1.3692756649498593e-08
Constraint violation....:   3.5863571716714645e-12    1.8713586236174251e-11
Variable bound violation:   1.3177765012528653e-07    1.3177765012528653e-07
Complementarity.........:   5.4643394799063867e-09    5.4643394799063862e-05
Overall NLP error.......:   5.4643394799063867e-09    5.4643394799063862e-05


Number of objective function evaluations             = 23
Number of objective gradient evaluations             = 23
Number of equality constraint evaluations            = 23
Number of inequality constraint evaluations          = 23
Number of equality constraint Jacobian evaluations   = 1
Number of inequality constraint Jacobian evaluations = 1
Number of Lagrangian Hessian evaluations             = 1
Total seconds in IPOPT                               = 0.167

EXIT: Optimal Solution Found.
