This is Ipopt version 3.14.19, running with linear solver ma57.

Number of nonzeros in equality constraint Jacobian...:    13237
Number of nonzeros in inequality constraint Jacobian.:     3120
Number of nonzeros in Lagrangian Hessian.............:      454

Total number of variables............................:     5094
                     variables with only lower bounds:        0
                variables with lower and upper bounds:     3858
                     variables with only upper bounds:        0
Total number of equality constraints.................:     3582
Total number of inequality constraints...............:     1560
        inequality constraints with only lower bounds:        0
   inequality constraints with lower and upper bounds:     1560
        inequality constraints with only upper bounds:        0

iter    objective    inf_pr   inf_du lg(mu)  ||d||  lg(rg) alpha_du alpha_pr  ls
   0  8.2297497e+06 1.88e+01 7.99e+01  -1.0 0.00e+00    -  0.00e+00 0.00e+00   0
   1  8.2295865e+06 1.88e+01 7.93e+01  -1.0 9.09e+01    -  1.28e-02 1.58e-05f  1
   2  6.4327633e+06 1.84e+01 7.94e+01  -1.0 7.08e+01    -  1.94e-03 1.89e-02f  1
   3  6.2656204e+06 1.76e+01 7.87e+01  -1.0 1.50e+01  -4.0 1.67e-02 4.58e-02f  1
   4  5.6715151e+06 1.66e+01 7.50e+01  -1.0 1.40e+01  -4.5 4.88e-02 5.61e-02f  1
   5  4.5298774e+06 1.37e+01 5.96e+01  -1.0 1.42e+02    -  1.99e-01 1.76e-01f  1
   6  2.1677167e+06 6.91e+00 4.01e+01  -1.0 6.49e+01    -  3.60e-01 4.94e-01f  1
   7  1.3407047e+06 5.15e-06 7.95e+00  -1.0 5.82e+00  -5.0 8.33e-01 1.00e+00f  1
   8  1.2402048e+06 3.73e-12 8.14e-02  -1.0 7.45e-01  -5.4 9.90e-01 1.00e+00f  1
   9  1.2418487e+06 8.02e-12 1.46e-11  -1.0 5.69e-02    -  1.00e+00 1.00e+00f  1
iter    objective    inf_pr   inf_du lg(mu)  ||d||  lg(rg) alpha_du alpha_pr  ls
  10  2.1891329e+05 4.59e-10 3.89e-02  -2.5 8.28e-01    -  8.50e-01 1.00e+00f  1
  11  1.4112311e+05 1.25e-11 1.35e-02  -2.5 9.61e-01    -  9.05e-01 1.00e+00f  1
  12  1.0142974e+05 6.40e-12 2.24e-02  -3.8 2.89e-01    -  7.36e-01 9.18e-01f  1
  13  9.8551300e+04 5.59e-12 2.16e-02  -3.8 3.77e-02  -5.9 7.37e-01 1.00e+00f  1
  14  9.8396226e+04 7.74e-12 2.02e-14  -3.8 1.77e-02    -  1.00e+00 1.00e+00f  1
  15  9.6539371e+04 5.41e-12 3.36e-03  -5.7 2.29e-02    -  7.78e-01 9.99e-01f  1
  16  9.6529648e+04 4.74e-12 1.66e-03  -5.7 6.00e-03    -  8.19e-01 1.00e+00f  1
  17  9.6527089e+04 5.18e-12 1.24e-09  -5.7 3.00e-03  -6.4 1.00e+00 1.00e+00f  1
  18  9.6503835e+04 6.52e-12 3.23e-05  -8.6 1.76e-03  -6.9 9.84e-01 1.00e+00f  1
  19  9.6503584e+04 3.43e-12 3.13e-11  -8.6 6.86e-04  -7.3 1.00e+00 1.00e+00f  1
iter    objective    inf_pr   inf_du lg(mu)  ||d||  lg(rg) alpha_du alpha_pr  ls
  20  9.6503513e+04 3.96e-12 4.32e-12  -8.6 2.84e-04  -7.8 1.00e+00 1.00e+00f  1
  21  9.6503498e+04 4.00e-12 7.05e-13  -8.6 1.39e-04  -8.3 1.00e+00 1.00e+00h  1
  22  9.6503496e+04 3.23e-12 1.12e-13  -8.6 6.63e-05  -8.8 1.00e+00 1.00e+00h  1

Number of Iterations....: 22

                                   (scaled)                 (unscaled)
Objective...............:   9.6503496483554994e+00    9.6503496483554991e+04
Dual infeasibility......:   1.1224397801947480e-13    1.1224397801947480e-09
Constraint violation....:   5.0182688542559108e-13    3.2292779561515772e-12
Variable bound violation:   9.9749409108929605e-09    9.9749409108929605e-09
Complementarity.........:   9.7610001089968751e-09    9.7610001089968741e-05
Overall NLP error.......:   9.7610001089968751e-09    9.7610001089968741e-05


Number of objective function evaluations             = 23
Number of objective gradient evaluations             = 23
Number of equality constraint evaluations            = 23
Number of inequality constraint evaluations          = 23
Number of equality constraint Jacobian evaluations   = 1
Number of inequality constraint Jacobian evaluations = 1
Number of Lagrangian Hessian evaluations             = 1
Total seconds in IPOPT                               = 0.166

EXIT: Optimal Solution Found.
