This is Ipopt version 3.14.19, running with linear solver ma57.

Number of nonzeros in equality constraint Jacobian...:    13237
Number of nonzeros in inequality constraint Jacobian.:     3120
Number of nonzeros in Lagrangian Hessian.............:      454

Total number of variables............................:     5094
                     variables with only lower bounds:        0
                variables with lower and upper bounds:     3858
                     variables with only upper bounds:        0
Total number of equality constraints.................:     3582
Total number of inequality constraints...............:     1560
        inequality constraints with only lower bounds:        0
   inequality constraints with lower and upper bounds:     1560
        inequality constraints with only upper bounds:        0

iter    objective    inf_pr   inf_du lg(mu)  ||d||  lg(rg) alpha_du alpha_pr  ls
   0  9.1876639e+06 1.88e+01 8.03e+01  -1.0 0.00e+00    -  0.00e+00 0.00e+00   0
   1  9.1877398e+06 1.88e+01 7.99e+01  -1.0 7.39e+01    -  1.17e-02 1.66e-05f  1
   2  7.3013791e+06 1.84e+01 7.99e+01  -1.0 1.82e+01  -4.0 1.70e-03 1.77e-02f  1
   3  7.1042631e+06 1.77e+01 7.90e+01  -1.0 1.50e+01  -4.5 1.67e-02 3.98e-02f  1
   4  6.4800119e+06 1.67e+01 7.51e+01  -1.0 1.39e+01  -5.0 5.08e-02 5.56e-02f  1
   5  5.1376154e+06 1.39e+01 5.84e+01  -1.0 7.99e+01    -  2.13e-01 1.71e-01f  1
   6  2.2878310e+06 6.44e+00 4.11e+01  -1.0 2.97e+02    -  3.44e-01 5.35e-01f  1
   7  1.4783153e+06 1.96e-11 7.46e+00  -1.0 3.63e+01    -  8.44e-01 1.00e+00f  1
   8  1.3988513e+06 9.73e-12 7.63e-02  -1.0 6.63e-01    -  9.90e-01 1.00e+00f  1
   9  1.3991850e+06 2.78e-10 2.14e-07  -1.0 5.78e-02  -5.4 1.00e+00 1.00e+00f  1
iter    objective    inf_pr   inf_du lg(mu)  ||d||  lg(rg) alpha_du alpha_pr  ls
  10  3.7470079e+05 4.17e-10 3.88e-02  -2.5 7.60e-01    -  8.45e-01 1.00e+00f  1
  11  2.9304916e+05 1.07e-10 1.32e-02  -2.5 1.03e+00    -  9.00e-01 1.00e+00f  1
  12  2.4067734e+05 2.78e-11 1.73e-02  -3.8 5.23e-01    -  7.36e-01 1.00e+00f  1
  13  2.3594309e+05 1.45e-11 5.94e-03  -3.8 8.98e-02    -  8.76e-01 1.00e+00f  1
  14  2.3571747e+05 4.42e-11 3.14e-08  -3.8 2.54e-02  -5.9 1.00e+00 1.00e+00f  1
  15  2.3360439e+05 2.11e-11 3.23e-03  -5.7 6.96e-02    -  8.36e-01 9.54e-01f  1
  16  2.3350213e+05 1.22e-11 1.84e-14  -5.7 1.17e-02    -  1.00e+00 1.00e+00f  1
  17  2.3349332e+05 1.26e-11 2.45e-09  -5.7 5.94e-03  -6.4 1.00e+00 1.00e+00f  1
  18  2.3346535e+05 2.34e-11 4.75e-06  -8.6 3.57e-03  -6.9 9.90e-01 9.90e-01f  1
  19  2.3346445e+05 1.40e-11 4.19e-14  -8.6 1.83e-03    -  1.00e+00 1.00e+00f  1
iter    objective    inf_pr   inf_du lg(mu)  ||d||  lg(rg) alpha_du alpha_pr  ls
  20  2.3346428e+05 3.94e-11 4.17e-11  -8.6 9.11e-04  -7.3 1.00e+00 1.00e+00f  1
  21  2.3346424e+05 3.36e-11 6.82e-12  -8.6 4.47e-04  -7.8 1.00e+00 1.00e+00h  1
  22  2.3346422e+05 1.24e-11 1.06e-12  -8.6 2.09e-04  -8.3 1.00e+00 1.00e+00h  1

Number of Iterations....: 22

                                   (scaled)                 (unscaled)
Objective...............:   2.3346422445160066e+01    2.3346422445160063e+05
Dual infeasibility......:   1.0615165024112708e-12    1.0615165024112708e-08
Constraint violation....:   5.2360338287371633e-12    1.2380318992200046e-11
Variable bound violation:   1.2822015094116068e-07    1.2822015094116068e-07
Complementarity.........:   8.9360618087228607e-09    8.9360618087228600e-05
Overall NLP error.......:   8.9360618087228607e-09    8.9360618087228600e-05


Number of objective function evaluations             = 23
Number of objective gradient evaluations             = 23
Number of equality constraint evaluations            = 23
Number of inequality constraint evaluations          = 23
Number of equality constraint Jacobian evaluations   = 1
Number of inequality constraint Jacobian evaluations = 1
Number of Lagrangian Hessian evaluations             = 1
Total seconds in IPOPT                               = 0.185

EXIT: Optimal Solution Found.
