This is Ipopt version 3.14.19, running with linear solver ma57.

Number of nonzeros in equality constraint Jacobian...:    13682
Number of nonzeros in inequality constraint Jacobian.:     3120
Number of nonzeros in Lagrangian Hessian.............:      899

Total number of variables............................:     5539
                     variables with only lower bounds:        0
                variables with lower and upper bounds:     4303
                     variables with only upper bounds:        0
Total number of equality constraints.................:     3582
Total number of inequality constraints...............:     1560
        inequality constraints with only lower bounds:        0
   inequality constraints with lower and upper bounds:     1560
        inequality constraints with only upper bounds:        0

iter    objective    inf_pr   inf_du lg(mu)  ||d||  lg(rg) alpha_du alpha_pr  ls
   0  2.5680799e+07 1.50e+01 8.46e+01  -1.0 0.00e+00    -  0.00e+00 0.00e+00   0
   1  2.5680834e+07 1.50e+01 8.43e+01  -1.0 1.85e+01    -  9.05e-03 2.71e-05f  1
   2  2.2565407e+07 1.48e+01 8.42e+01  -1.0 2.90e+01  -4.0 6.28e-04 1.78e-02f  1
   3  2.2123817e+07 1.45e+01 8.35e+01  -1.0 2.64e+01    -  9.70e-03 1.98e-02f  1
   4  2.0870027e+07 1.39e+01 8.21e+01  -1.0 2.47e+01  -4.5 1.99e-02 3.86e-02f  1
   5  1.8465827e+07 1.28e+01 7.76e+01  -1.0 2.36e+01    -  5.83e-02 7.77e-02f  1
   6  1.3380697e+07 1.04e+01 5.95e+01  -1.0 2.19e+01  -5.0 2.27e-01 1.90e-01f  1
   7  4.3835912e+06 4.14e+00 3.40e+01  -1.0 1.82e+01    -  4.56e-01 6.01e-01f  1
   8  1.5298403e+06 1.61e-12 4.94e+00  -1.0 1.08e+01  -5.4 8.73e-01 1.00e+00f  1
   9  1.3043099e+06 1.37e-12 1.09e-01  -1.0 3.48e+00    -  9.86e-01 8.82e-01f  1
iter    objective    inf_pr   inf_du lg(mu)  ||d||  lg(rg) alpha_du alpha_pr  ls
  10  1.3091770e+06 2.95e-09 4.55e-13  -1.0 5.91e-01    -  1.00e+00 1.00e+00f  1
  11  2.0883761e+05 2.51e-12 4.52e-02  -2.5 1.15e+00    -  8.51e-01 1.00e+00f  1
  12  1.3217106e+05 2.27e-12 1.46e-02  -2.5 6.43e-01  -5.9 9.06e-01 1.00e+00f  1
  13  8.3855155e+04 1.77e-12 2.28e-02  -3.8 4.10e-01  -6.4 7.36e-01 1.00e+00f  1
  14  7.9613754e+04 1.97e-12 4.86e-03  -3.8 1.84e-01  -6.9 9.13e-01 1.00e+00f  1
  15  7.8474564e+04 1.44e-12 4.29e-09  -3.8 9.39e-02  -7.3 1.00e+00 1.00e+00f  1
  16  7.6210492e+04 2.41e-12 2.82e-03  -5.7 7.29e-02    -  8.10e-01 1.00e+00f  1
  17  7.6085759e+04 1.76e-12 1.52e-03  -5.7 2.99e-02  -7.8 8.42e-01 1.00e+00f  1
  18  7.6050816e+04 1.43e-12 1.84e-14  -5.7 1.58e-02    -  1.00e+00 1.00e+00f  1
  19  7.6014851e+04 1.50e-12 1.82e-04  -8.6 1.09e-02  -8.3 9.27e-01 1.00e+00f  1
iter    objective    inf_pr   inf_du lg(mu)  ||d||  lg(rg) alpha_du alpha_pr  ls
  20  7.6011282e+04 2.06e-12 8.31e-12  -8.6 4.90e-03  -8.8 1.00e+00 1.00e+00f  1
  21  7.6010247e+04 2.94e-12 1.15e-12  -8.6 2.03e-03  -9.2 1.00e+00 1.00e+00f  1
  22  7.6010034e+04 2.80e-12 9.33e-14  -8.6 4.96e-04  -9.7 1.00e+00 1.00e+00f  1
  23  7.6010007e+04 1.72e-12 2.00e-14  -8.6 1.72e-04 -10.2 1.00e+00 1.00e+00h  1
  24  7.6009979e+04 2.81e-12 1.99e-14  -9.0 8.61e-05 -10.7 1.00e+00 1.00e+00h  1

Number of Iterations....: 24

                                   (scaled)                 (unscaled)
Objective...............:   7.6009979046222087e+00    7.6009979046222084e+04
Dual infeasibility......:   1.9908861699779309e-14    1.9908861699779309e-10
Constraint violation....:   1.1234300247715370e-13    2.8093083415114961e-12
Variable bound violation:   9.9909090866437486e-09    9.9909090866437486e-09
Complementarity.........:   3.0606760201286736e-09    3.0606760201286731e-05
Overall NLP error.......:   3.0606760201286736e-09    3.0606760201286731e-05


Number of objective function evaluations             = 25
Number of objective gradient evaluations             = 25
Number of equality constraint evaluations            = 25
Number of inequality constraint evaluations          = 25
Number of equality constraint Jacobian evaluations   = 1
Number of inequality constraint Jacobian evaluations = 1
Number of Lagrangian Hessian evaluations             = 1
Total seconds in IPOPT                               = 0.258

EXIT: Optimal Solution Found.
