This is Ipopt version 3.14.19, running with linear solver ma57.

Number of nonzeros in equality constraint Jacobian...:    13682
Number of nonzeros in inequality constraint Jacobian.:     3120
Number of nonzeros in Lagrangian Hessian.............:      899

Total number of variables............................:     5539
                     variables with only lower bounds:        0
                variables with lower and upper bounds:     4303
                     variables with only upper bounds:        0
Total number of equality constraints.................:     3582
Total number of inequality constraints...............:     1560
        inequality constraints with only lower bounds:        0
   inequality constraints with lower and upper bounds:     1560
        inequality constraints with only upper bounds:        0

iter    objective    inf_pr   inf_du lg(mu)  ||d||  lg(rg) alpha_du alpha_pr  ls
   0  1.3211843e+07 1.50e+01 8.45e+01  -1.0 0.00e+00    -  0.00e+00 0.00e+00   0
   1  1.3211749e+07 1.50e+01 8.42e+01  -1.0 1.85e+01    -  1.08e-02 2.46e-05f  1
   2  1.0349593e+07 1.48e+01 8.41e+01  -1.0 2.06e+01  -4.0 1.78e-03 1.62e-02f  1
   3  1.0280919e+07 1.42e+01 8.32e+01  -1.0 1.64e+01  -4.5 1.50e-02 3.83e-02f  1
   4  9.2148258e+06 1.35e+01 7.95e+01  -1.0 2.66e+01    -  4.55e-02 5.03e-02f  1
   5  7.5038247e+06 1.14e+01 6.22e+01  -1.0 1.44e+01    -  2.08e-01 1.57e-01f  1
   6  3.0176682e+06 5.61e+00 4.52e+01  -1.0 6.51e+01    -  3.10e-01 5.07e-01f  1
   7  1.6365229e+06 3.75e-12 8.69e+00  -1.0 7.10e+00    -  8.30e-01 1.00e+00f  1
   8  1.3375165e+06 5.46e-12 1.12e-01  -1.0 2.11e+00    -  9.88e-01 1.00e+00f  1
   9  1.3541745e+06 8.01e-12 8.51e-05  -1.0 2.89e-01    -  1.00e+00 1.00e+00f  1
iter    objective    inf_pr   inf_du lg(mu)  ||d||  lg(rg) alpha_du alpha_pr  ls
  10  2.3885776e+05 1.94e-10 3.41e-02  -2.5 9.94e-01    -  8.50e-01 1.00e+00f  1
  11  1.4046834e+05 7.52e-12 1.53e-02  -2.5 1.02e+00  -5.0 9.08e-01 1.00e+00f  1
  12  9.0480350e+04 3.97e-12 2.16e-02  -3.8 3.27e-01    -  7.37e-01 9.03e-01f  1
  13  8.2269648e+04 5.48e-11 2.11e-02  -3.8 2.00e-01  -5.4 7.52e-01 1.00e+00f  1
  14  8.0588815e+04 5.89e-12 4.50e-03  -3.8 9.77e-02  -5.9 9.08e-01 1.00e+00f  1
  15  8.0069389e+04 5.32e-12 1.88e-08  -3.8 4.56e-02  -6.4 1.00e+00 1.00e+00f  1
  16  7.7838359e+04 5.74e-12 2.79e-03  -5.7 6.02e-02  -6.9 8.22e-01 9.83e-01f  1
  17  7.7688695e+04 1.00e-11 4.74e-04  -5.7 2.90e-02    -  9.58e-01 1.00e+00f  1
  18  7.7650264e+04 3.97e-12 7.00e-10  -5.7 1.53e-02  -7.3 1.00e+00 1.00e+00f  1
  19  7.7613318e+04 7.21e-12 1.39e-04  -8.6 1.01e-02  -7.8 9.49e-01 9.96e-01f  1
iter    objective    inf_pr   inf_du lg(mu)  ||d||  lg(rg) alpha_du alpha_pr  ls
  20  7.7609230e+04 4.72e-12 2.41e-11  -8.6 4.74e-03  -8.3 1.00e+00 1.00e+00f  1
  21  7.7608050e+04 3.36e-12 1.83e-14  -8.6 2.08e-03    -  1.00e+00 1.00e+00f  1
  22  7.7607774e+04 4.28e-12 9.39e-13  -8.6 5.55e-04  -8.8 1.00e+00 1.00e+00f  1
  23  7.7607708e+04 6.21e-12 1.89e-14  -9.0 1.35e-04    -  1.00e+00 1.00e+00f  1

Number of Iterations....: 23

                                   (scaled)                 (unscaled)
Objective...............:   7.7607708251522025e+00    7.7607708251522025e+04
Dual infeasibility......:   1.8883198727840087e-14    1.8883198727840087e-10
Constraint violation....:   8.0270845570287398e-13    6.2070348860743252e-12
Variable bound violation:   9.9909089317143717e-09    9.9909089317143717e-09
Complementarity.........:   5.5927121135874640e-09    5.5927121135874635e-05
Overall NLP error.......:   5.5927121135874640e-09    5.5927121135874635e-05


Number of objective function evaluations             = 24
Number of objective gradient evaluations             = 24
Number of equality constraint evaluations            = 24
Number of inequality constraint evaluations          = 24
Number of equality constraint Jacobian evaluations   = 1
Number of inequality constraint Jacobian evaluations = 1
Number of Lagrangian Hessian evaluations             = 1
Total seconds in IPOPT                               = 0.167

EXIT: Optimal Solution Found.
