This is Ipopt version 3.14.19, running with linear solver ma57.

Number of nonzeros in equality constraint Jacobian...:    13682
Number of nonzeros in inequality constraint Jacobian.:     3120
Number of nonzeros in Lagrangian Hessian.............:      899

Total number of variables............................:     5539
                     variables with only lower bounds:        0
                variables with lower and upper bounds:     4303
                     variables with only upper bounds:        0
Total number of equality constraints.................:     3582
Total number of inequality constraints...............:     1560
        inequality constraints with only lower bounds:        0
   inequality constraints with lower and upper bounds:     1560
        inequality constraints with only upper bounds:        0

iter    objective    inf_pr   inf_du lg(mu)  ||d||  lg(rg) alpha_du alpha_pr  ls
   0  9.5317828e+06 1.88e+01 8.45e+01  -1.0 0.00e+00    -  0.00e+00 0.00e+00   0
   1  9.5314810e+06 1.88e+01 8.40e+01  -1.0 1.86e+01    -  1.21e-02 1.94e-05f  1
   2  7.2325367e+06 1.84e+01 8.39e+01  -1.0 1.98e+01  -4.0 2.39e-03 1.72e-02f  1
   3  7.2577947e+06 1.75e+01 8.32e+01  -1.0 2.61e+01    -  1.58e-02 4.94e-02f  1
   4  6.3993987e+06 1.66e+01 7.98e+01  -1.0 1.49e+01  -4.5 4.19e-02 5.11e-02f  1
   5  5.2495795e+06 1.38e+01 6.86e+01  -1.0 1.40e+01  -5.0 1.45e-01 1.71e-01f  1
   6  2.8212682e+06 8.74e+00 4.10e+01  -1.0 1.17e+01    -  3.98e-01 3.66e-01f  1
   7  1.5726605e+06 9.20e-13 1.02e+01  -1.0 7.47e+00    -  7.88e-01 1.00e+00f  1
   8  1.4240104e+06 6.68e-13 1.03e-01  -1.0 6.05e-01    -  9.90e-01 1.00e+00f  1
   9  1.4377455e+06 5.70e-13 1.83e-05  -1.0 1.47e-01    -  1.00e+00 1.00e+00f  1
iter    objective    inf_pr   inf_du lg(mu)  ||d||  lg(rg) alpha_du alpha_pr  ls
  10  3.5685302e+05 5.02e-13 3.35e-02  -2.5 8.23e-01    -  8.50e-01 1.00e+00f  1
  11  2.4903829e+05 2.50e-10 2.88e-02  -2.5 1.34e+00    -  8.46e-01 1.00e+00f  1
  12  2.2151354e+05 8.24e-11 1.68e-06  -2.5 4.54e-01  -5.4 1.00e+00 1.00e+00f  1
  13  1.7461602e+05 4.41e-13 7.32e-03  -3.8 2.85e-01  -5.9 8.46e-01 1.00e+00f  1
  14  1.7084711e+05 3.34e-12 5.68e-14  -3.8 4.20e-02    -  1.00e+00 1.00e+00f  1
  15  1.6788742e+05 5.09e-12 4.60e-03  -5.7 4.15e-02    -  7.38e-01 9.80e-01f  1
  16  1.6781895e+05 7.65e-13 3.94e-03  -5.7 1.07e-02    -  8.22e-01 1.00e+00f  1
  17  1.6781064e+05 3.35e-13 2.22e-09  -5.7 5.40e-03  -6.4 1.00e+00 1.00e+00f  1
  18  1.6777386e+05 4.40e-13 3.25e-05  -8.6 3.67e-03  -6.9 9.84e-01 9.89e-01f  1
  19  1.6777285e+05 2.85e-13 1.87e-14  -8.6 1.92e-03    -  1.00e+00 1.00e+00f  1
iter    objective    inf_pr   inf_du lg(mu)  ||d||  lg(rg) alpha_du alpha_pr  ls
  20  1.6777264e+05 2.68e-13 1.90e-14  -8.6 9.64e-04    -  1.00e+00 1.00e+00f  1
  21  1.6777259e+05 2.33e-13 2.01e-14  -8.6 4.77e-04    -  1.00e+00 1.00e+00f  1
  22  1.6777258e+05 4.44e-13 1.04e-11  -8.6 2.28e-04  -7.3 1.00e+00 1.00e+00h  1
  23  1.6777255e+05 3.14e-13 1.90e-14  -9.0 1.21e-04    -  1.00e+00 1.00e+00h  1

Number of Iterations....: 23

                                   (scaled)                 (unscaled)
Objective...............:   1.6777254646194816e+01    1.6777254646194816e+05
Dual infeasibility......:   1.9041676472207457e-14    1.9041676472207457e-10
Constraint violation....:   5.7193121045501403e-14    3.1388780463714738e-13
Variable bound violation:   1.3177772473227378e-07    1.3177772473227378e-07
Complementarity.........:   3.1099785104181541e-09    3.1099785104181538e-05
Overall NLP error.......:   3.1099785104181541e-09    3.1099785104181538e-05


Number of objective function evaluations             = 24
Number of objective gradient evaluations             = 24
Number of equality constraint evaluations            = 24
Number of inequality constraint evaluations          = 24
Number of equality constraint Jacobian evaluations   = 1
Number of inequality constraint Jacobian evaluations = 1
Number of Lagrangian Hessian evaluations             = 1
Total seconds in IPOPT                               = 0.197

EXIT: Optimal Solution Found.
