This is Ipopt version 3.14.19, running with linear solver ma57.

Number of nonzeros in equality constraint Jacobian...:    13682
Number of nonzeros in inequality constraint Jacobian.:     3120
Number of nonzeros in Lagrangian Hessian.............:      899

Total number of variables............................:     5539
                     variables with only lower bounds:        0
                variables with lower and upper bounds:     4303
                     variables with only upper bounds:        0
Total number of equality constraints.................:     3582
Total number of inequality constraints...............:     1560
        inequality constraints with only lower bounds:        0
   inequality constraints with lower and upper bounds:     1560
        inequality constraints with only upper bounds:        0

iter    objective    inf_pr   inf_du lg(mu)  ||d||  lg(rg) alpha_du alpha_pr  ls
   0  1.1690174e+07 1.88e+01 8.62e+01  -1.0 0.00e+00    -  0.00e+00 0.00e+00   0
   1  1.1690353e+07 1.88e+01 8.58e+01  -1.0 1.99e+01    -  1.07e-02 2.25e-05f  1
   2  9.0510294e+06 1.85e+01 8.58e+01  -1.0 2.63e+01    -  1.74e-03 1.61e-02f  1
   3  8.9985611e+06 1.78e+01 8.47e+01  -1.0 1.72e+01  -4.0 1.54e-02 3.71e-02f  1
   4  8.0548415e+06 1.69e+01 8.07e+01  -1.0 2.17e+01    -  4.83e-02 5.06e-02f  1
   5  6.4905632e+06 1.41e+01 6.08e+01  -1.0 1.52e+02    -  2.35e-01 1.63e-01f  1
   6  2.4899713e+06 6.26e+00 4.44e+01  -1.0 1.24e+01  -4.5 3.11e-01 5.56e-01f  1
   7  1.7346855e+06 2.12e-12 7.44e+00  -1.0 1.83e+01    -  8.48e-01 1.00e+00f  1
   8  1.5791024e+06 1.44e-08 7.64e-02  -1.0 8.99e-01    -  9.90e-01 1.00e+00f  1
   9  1.5882814e+06 4.37e-13 3.64e-12  -1.0 1.76e-01    -  1.00e+00 1.00e+00f  1
iter    objective    inf_pr   inf_du lg(mu)  ||d||  lg(rg) alpha_du alpha_pr  ls
  10  4.9150280e+05 3.07e-10 3.94e-02  -2.5 1.01e+00    -  8.50e-01 1.00e+00f  1
  11  3.9462575e+05 2.22e-10 2.82e-02  -2.5 1.45e+00  -5.0 8.45e-01 1.00e+00f  1
  12  3.3143582e+05 5.38e-11 2.65e-02  -3.8 7.39e-01    -  7.50e-01 1.00e+00f  1
  13  3.2190073e+05 4.89e-13 7.45e-03  -3.8 1.25e-01  -5.4 8.61e-01 1.00e+00f  1
  14  3.2032074e+05 4.19e-13 1.97e-14  -3.8 1.95e-02    -  1.00e+00 1.00e+00f  1
  15  3.1755511e+05 5.96e-13 3.61e-03  -5.7 2.98e-02  -5.9 7.75e-01 9.86e-01f  1
  16  3.1747325e+05 5.57e-13 3.29e-05  -5.7 1.83e-02    -  1.00e+00 9.97e-01f  1
  17  3.1746512e+05 5.13e-13 2.01e-14  -5.7 4.45e-02    -  1.00e+00 1.00e+00f  1
  18  3.1742875e+05 8.73e-13 9.07e-07  -8.6 6.03e-03  -6.4 9.93e-01 9.94e-01f  1
  19  3.1742794e+05 6.18e-13 1.94e-14  -8.6 3.19e-03    -  1.00e+00 1.00e+00f  1
iter    objective    inf_pr   inf_du lg(mu)  ||d||  lg(rg) alpha_du alpha_pr  ls
  20  3.1742776e+05 6.65e-13 2.18e-10  -8.6 1.59e-03  -6.9 1.00e+00 1.00e+00f  1
  21  3.1742772e+05 6.38e-13 3.58e-11  -8.6 7.83e-04  -7.3 1.00e+00 1.00e+00f  1
  22  3.1742771e+05 4.48e-13 5.65e-12  -8.6 3.71e-04  -7.8 1.00e+00 1.00e+00h  1

Number of Iterations....: 22

                                   (scaled)                 (unscaled)
Objective...............:   3.1742770975253123e+01    3.1742770975253120e+05
Dual infeasibility......:   5.6538018641348206e-12    5.6538018641348207e-08
Constraint violation....:   1.0258460747536446e-13    4.4808601273871313e-13
Variable bound violation:   1.2822119543898225e-07    1.2822119543898225e-07
Complementarity.........:   9.1519791993273432e-09    9.1519791993273429e-05
Overall NLP error.......:   9.1519791993273432e-09    9.1519791993273429e-05


Number of objective function evaluations             = 23
Number of objective gradient evaluations             = 23
Number of equality constraint evaluations            = 23
Number of inequality constraint evaluations          = 23
Number of equality constraint Jacobian evaluations   = 1
Number of inequality constraint Jacobian evaluations = 1
Number of Lagrangian Hessian evaluations             = 1
Total seconds in IPOPT                               = 0.160

EXIT: Optimal Solution Found.
