This is Ipopt version 3.14.19, running with linear solver ma57.

Number of nonzeros in equality constraint Jacobian...:    13682
Number of nonzeros in inequality constraint Jacobian.:     3120
Number of nonzeros in Lagrangian Hessian.............:      899

Total number of variables............................:     5539
                     variables with only lower bounds:        0
                variables with lower and upper bounds:     4303
                     variables with only upper bounds:        0
Total number of equality constraints.................:     3582
Total number of inequality constraints...............:     1560
        inequality constraints with only lower bounds:        0
   inequality constraints with lower and upper bounds:     1560
        inequality constraints with only upper bounds:        0

iter    objective    inf_pr   inf_du lg(mu)  ||d||  lg(rg) alpha_du alpha_pr  ls
   0  1.1708329e+07 1.88e+01 8.57e+01  -1.0 0.00e+00    -  0.00e+00 0.00e+00   0
   1  1.1708521e+07 1.88e+01 8.54e+01  -1.0 3.70e+01    -  1.06e-02 2.36e-05f  1
   2  8.9483871e+06 1.85e+01 8.53e+01  -1.0 2.14e+01  -4.0 1.88e-03 1.57e-02f  1
   3  8.9546955e+06 1.78e+01 8.43e+01  -1.0 1.72e+01    -  1.58e-02 3.83e-02f  1
   4  7.9782660e+06 1.69e+01 8.06e+01  -1.0 1.60e+01    -  4.52e-02 5.06e-02f  1
   5  6.4935804e+06 1.41e+01 6.33e+01  -1.0 1.47e+01  -4.5 2.07e-01 1.62e-01f  1
   6  2.7272126e+06 7.15e+00 4.56e+01  -1.0 1.22e+01  -5.0 3.11e-01 4.95e-01f  1
   7  1.7706437e+06 2.74e-06 8.81e+00  -1.0 2.37e+01    -  8.27e-01 1.00e+00f  1
   8  1.5922224e+06 2.63e-12 9.13e-02  -1.0 8.48e-01    -  9.90e-01 1.00e+00f  1
   9  1.6077711e+06 2.84e-12 3.64e-12  -1.0 3.46e-01    -  1.00e+00 1.00e+00f  1
iter    objective    inf_pr   inf_du lg(mu)  ||d||  lg(rg) alpha_du alpha_pr  ls
  10  4.9291090e+05 3.76e-10 4.34e-02  -2.5 9.36e-01  -5.4 8.47e-01 1.00e+00f  1
  11  3.8317278e+05 8.50e-13 4.13e-02  -2.5 1.53e+00  -5.9 8.02e-01 1.00e+00f  1
  12  3.5422048e+05 2.02e-12 2.31e-07  -2.5 5.60e-01  -6.4 1.00e+00 1.00e+00f  1
  13  3.0559362e+05 3.91e-11 9.34e-03  -3.8 3.57e-01  -6.9 8.30e-01 1.00e+00f  1
  14  3.0166864e+05 2.32e-12 1.90e-14  -3.8 4.28e-02    -  1.00e+00 1.00e+00f  1
  15  2.9867261e+05 1.95e-12 3.75e-03  -5.7 3.31e-02  -7.3 7.72e-01 9.87e-01f  1
  16  2.9862041e+05 3.75e-12 1.59e-10  -5.7 1.05e-02  -7.8 1.00e+00 1.00e+00f  1
  17  2.9861037e+05 2.50e-12 2.92e-11  -5.7 5.75e-03  -8.3 1.00e+00 1.00e+00f  1
  18  2.9857370e+05 2.40e-12 3.02e-05  -8.6 3.31e-03  -8.8 9.86e-01 9.93e-01f  1
  19  2.9857281e+05 3.23e-12 2.09e-14  -8.6 1.71e-03    -  1.00e+00 1.00e+00f  1
iter    objective    inf_pr   inf_du lg(mu)  ||d||  lg(rg) alpha_du alpha_pr  ls
  20  2.9857261e+05 1.71e-12 1.87e-14  -8.6 8.57e-04    -  1.00e+00 1.00e+00f  1
  21  2.9857256e+05 2.26e-12 2.02e-14  -8.6 4.20e-04    -  1.00e+00 1.00e+00f  1
  22  2.9857254e+05 3.36e-12 1.11e-13  -8.6 1.96e-04  -9.2 1.00e+00 1.00e+00h  1

Number of Iterations....: 22

                                   (scaled)                 (unscaled)
Objective...............:   2.9857254436965224e+01    2.9857254436965223e+05
Dual infeasibility......:   1.1057904745560211e-13    1.1057904745560211e-09
Constraint violation....:   4.3400356297822273e-13    3.3559821588369232e-12
Variable bound violation:   1.2822160755376899e-07    1.2822160755376899e-07
Complementarity.........:   9.4778286103115381e-09    9.4778286103115381e-05
Overall NLP error.......:   9.4778286103115381e-09    9.4778286103115381e-05


Number of objective function evaluations             = 23
Number of objective gradient evaluations             = 23
Number of equality constraint evaluations            = 23
Number of inequality constraint evaluations          = 23
Number of equality constraint Jacobian evaluations   = 1
Number of inequality constraint Jacobian evaluations = 1
Number of Lagrangian Hessian evaluations             = 1
Total seconds in IPOPT                               = 0.175

EXIT: Optimal Solution Found.
