Solver command line: ['/share/apps/gurobi/12.0.0/bin/gurobi.sh']

Set parameter TokenServer to value "10.1.1.1"
Read LP format model from file /mnt/beegfs/users/ehsanno/openempire_v2/tmpzej1knik.pyomo.lp
Reading time = 37.63 seconds
x1: 14794893 rows, 13540234 columns, 50218649 nonzeros
Set parameter QCPDual to value 1
Set parameter Method to value 2
Set parameter Crossover to value 0
Set parameter Presolve to value -1
Gurobi Optimizer version 12.0.0 build v12.0.0rc1 (linux64 - "CentOS Linux 7 (Core)")

CPU model: Intel(R) Xeon(R) Gold 6244 CPU @ 3.60GHz, instruction set [SSE2|AVX|AVX2|AVX512]
Thread count: 16 physical cores, 32 logical processors, using up to 32 threads

Non-default parameters:
Method  2
Crossover  0
QCPDual  1

Optimize a model with 14794893 rows, 13540234 columns and 50218649 nonzeros
Model fingerprint: 0x78bb950e
Coefficient statistics:
  Matrix range     [1e-03, 1e+01]
  Objective range  [3e-03, 7e+06]
  Bounds range     [1e+00, 1e+00]
  RHS range        [2e-01, 2e+08]
Presolve removed 4114187 rows and 3072563 columns (presolve time = 7s)...
Presolve removed 4114307 rows and 3072563 columns (presolve time = 11s)...
Presolve removed 4122889 rows and 3081145 columns (presolve time = 16s)...
Presolve removed 4122889 rows and 3081145 columns (presolve time = 20s)...
Presolve removed 4122889 rows and 3081145 columns (presolve time = 25s)...
Presolve removed 4131767 rows and 3083307 columns (presolve time = 31s)...
Presolve removed 4131767 rows and 3083307 columns
Presolve time: 35.55s
Presolved: 10663126 rows, 10456927 columns, 37435494 nonzeros
Elapsed ordering time = 5s
Elapsed ordering time = 13s
Elapsed ordering time = 15s
Elapsed ordering time = 20s
Elapsed ordering time = 25s
Ordering time: 33.64s

Barrier statistics:
 Dense cols : 3284
 AA' NZ     : 3.042e+07
 Factor NZ  : 2.931e+08 (roughly 10.0 GB of memory)
 Factor Ops : 1.531e+11 (roughly 1 second per iteration)
 Threads    : 16

                  Objective                Residual
Iter       Primal          Dual         Primal    Dual     Compl     Time
   0   9.25427509e+17 -2.01617647e+16  1.24e+12 2.11e+05  3.56e+13    88s
   1   7.43665596e+17 -3.76287475e+16  9.80e+11 1.42e+06  2.34e+13    94s
   2   6.52888484e+17 -1.55092386e+17  8.53e+11 1.14e+06  1.98e+13   102s
   3   5.57859904e+17 -8.39920215e+17  7.31e+11 2.17e+07  1.57e+13   111s
   4   4.89126452e+17 -1.17050353e+18  6.46e+11 1.44e+07  1.36e+13   119s
   5   4.16511149e+17 -1.33263603e+18  5.53e+11 1.72e+07  1.14e+13   128s
   6   3.56221650e+17 -1.45224030e+18  4.69e+11 1.01e+07  9.66e+12   137s
   7   3.39882995e+17 -1.47220001e+18  4.45e+11 7.56e+06  9.11e+12   149s
   8   3.29901658e+17 -1.49283316e+18  4.31e+11 1.43e+07  8.83e+12   158s
   9   2.60712529e+17 -1.50935678e+18  3.39e+11 2.02e+07  6.96e+12   169s
  10   2.29469157e+17 -1.51623125e+18  2.96e+11 1.82e+07  6.11e+12   181s
  11   2.24151528e+17 -1.51531127e+18  2.89e+11 1.47e+07  5.95e+12   190s
  12   2.18154655e+17 -1.51353191e+18  2.81e+11 1.20e+07  5.78e+12   202s
  13   2.04385218e+17 -1.51512268e+18  2.63e+11 1.17e+07  5.43e+12   210s
  14   1.28114109e+17 -1.50383537e+18  1.63e+11 1.79e+07  3.41e+12   220s
  15   1.09251016e+17 -1.41291293e+18  1.39e+11 1.75e+07  2.96e+12   228s
  16   3.85209614e+16 -1.16191011e+18  4.89e+10 6.78e+07  1.05e+12   236s
  17   3.66612857e+16 -8.51185132e+17  4.66e+10 4.77e+07  9.32e+11   249s
  18   2.51385811e+16 -6.81392542e+17  3.20e+10 5.13e+07  6.31e+11   258s
  19   2.22769739e+16 -6.06306872e+17  2.83e+10 2.56e+07  5.53e+11   265s
  20   2.15263028e+16 -5.16234962e+17  2.74e+10 3.64e+07  5.27e+11   271s
  21   1.30717987e+16 -4.50907772e+17  1.65e+10 2.34e+07  3.22e+11   276s
  22   1.24540664e+16 -4.20154686e+17  1.57e+10 1.86e+07  3.03e+11   282s
  23   1.08743813e+16 -4.07823969e+17  1.37e+10 1.70e+07  2.65e+11   287s
  24   7.48343452e+15 -3.50412596e+17  9.27e+09 1.05e+07  1.81e+11   293s
  25   5.69385451e+15 -3.32277603e+17  6.93e+09 9.08e+06  1.38e+11   299s
  26   3.96514854e+15 -2.72442341e+17  4.65e+09 5.53e+06  9.32e+10   304s
  27   2.31027989e+15 -2.31420582e+17  2.45e+09 3.78e+06  5.23e+10   310s
  28   1.82708326e+15 -1.96261870e+17  1.80e+09 2.76e+06  3.87e+10   315s
  29   1.17783108e+15 -1.65572496e+17  9.14e+08 2.04e+06  2.22e+10   321s
  30   1.10012643e+15 -1.32011233e+17  8.06e+08 1.43e+06  1.80e+10   326s
  31   1.07532167e+15 -1.29403492e+17  7.72e+08 1.38e+06  1.73e+10   332s
  32   1.05139063e+15 -1.25437004e+17  7.39e+08 1.31e+06  1.66e+10   339s
  33   9.53560500e+14 -9.91633669e+16  6.03e+08 8.84e+05  1.28e+10   348s
  34   8.72887138e+14 -8.28548537e+16  4.87e+08 6.69e+05  1.01e+10   358s
  35   8.34016866e+14 -7.13431253e+16  4.33e+08 5.28e+05  8.55e+09   367s
  36   7.77517577e+14 -5.63408801e+16  3.52e+08 3.60e+05  6.55e+09   376s
  37   7.57959839e+14 -5.06892763e+16  3.25e+08 3.06e+05  5.85e+09   386s
  38   7.34384133e+14 -4.05689843e+16  2.94e+08 2.16e+05  4.77e+09   395s
  39   6.44429849e+14 -3.51293417e+16  1.84e+08 1.75e+05  3.38e+09   404s
  40   5.86521558e+14 -2.55809781e+16  1.21e+08 1.11e+05  2.23e+09   413s
  41   5.36857122e+14 -1.99150981e+16  8.35e+07 7.92e+04  1.59e+09   423s
  42   4.80461588e+14 -1.52404634e+16  4.86e+07 5.65e+04  1.07e+09   430s
  43   4.52637553e+14 -1.22193353e+16  3.84e+07 4.35e+04  8.38e+08   439s
  44   3.90311952e+14 -8.34146735e+15  2.57e+07 2.77e+04  5.46e+08   447s
  45   3.34602545e+14 -5.34253114e+15  1.69e+07 1.65e+04  3.40e+08   454s
  46   2.75232464e+14 -4.31035870e+15  9.65e+06 1.30e+04  2.57e+08   461s
  47   2.46040924e+14 -3.63744604e+15  7.19e+06 1.09e+04  2.12e+08   467s
  48   2.23560451e+14 -2.69728026e+15  5.93e+06 7.90e+03  1.58e+08   472s
  49   1.84893887e+14 -2.27503443e+15  4.29e+06 6.60e+03  1.30e+08   478s
  50   1.57123877e+14 -1.61291840e+15  3.22e+06 4.57e+03  9.26e+07   483s
  51   1.32099561e+14 -8.71230930e+14  2.32e+06 2.42e+03  5.21e+07   489s
  52   1.14009643e+14 -6.08418842e+14  1.86e+06 1.67e+03  3.73e+07   494s
  53   8.43670626e+13 -4.61393987e+14  1.20e+06 1.24e+03  2.78e+07   501s
  54   5.07574348e+13 -2.71793784e+14  5.05e+05 6.92e+02  1.62e+07   511s
  55   4.85351844e+13 -1.50027902e+14  4.71e+05 3.97e+02  9.96e+06   520s
  56   4.33747538e+13 -1.29558778e+14  4.00e+05 3.47e+02  8.66e+06   527s
  57   3.44760460e+13 -9.52178455e+13  3.02e+05 2.54e+02  6.47e+06   532s
  58   3.20480081e+13 -7.03378860e+13  2.78e+05 1.86e+02  5.11e+06   538s
  59   2.39849000e+13 -5.94929358e+13  2.05e+05 1.57e+02  4.15e+06   545s
  60   2.05620007e+13 -3.41040325e+13  1.70e+05 9.06e+01  2.72e+06   554s
  61   1.57514310e+13 -2.18418113e+13  1.25e+05 5.86e+01  1.87e+06   566s
  62   1.31464080e+13 -1.71963065e+13  1.00e+05 4.69e+01  1.50e+06   577s
  63   1.10204302e+13 -1.33303748e+13  8.07e+04 3.72e+01  1.21e+06   588s
  64   9.23813007e+12 -1.10723816e+13  6.48e+04 3.16e+01  1.01e+06   600s
  65   8.64114396e+12 -8.97139060e+12  5.94e+04 2.64e+01  8.72e+05   611s
  66   7.15740193e+12 -6.84414167e+12  4.61e+04 2.11e+01  6.92e+05   623s
  67   6.37811667e+12 -5.26664648e+12  3.92e+04 1.72e+01  5.76e+05   634s
  68   5.61359028e+12 -4.14379746e+12  3.25e+04 1.44e+01  4.82e+05   645s
  69   5.16360177e+12 -2.89849221e+12  2.86e+04 1.13e+01  3.98e+05   657s
  70   4.49542259e+12 -1.95944172e+12  2.29e+04 8.99e+00  3.19e+05   668s
  71   4.14681613e+12 -1.27857281e+12  2.01e+04 7.26e+00  2.68e+05   680s
  72   3.62366140e+12 -7.22019804e+11  1.59e+04 5.79e+00  2.15e+05   691s
  73   3.50486042e+12 -5.28086600e+11  1.50e+04 5.24e+00  1.99e+05   702s
  74   3.19761055e+12 -8.26364933e+10  1.27e+04 4.07e+00  1.62e+05   714s
  75   2.89446914e+12  1.36419852e+11  1.05e+04 3.39e+00  1.36e+05   725s
  76   2.64243936e+12  3.47547370e+11  8.79e+03 2.79e+00  1.13e+05   737s
  77   2.50640193e+12  5.05011402e+11  7.88e+03 2.33e+00  9.87e+04   748s
  78   2.28888286e+12  6.24788277e+11  6.42e+03 1.98e+00  8.21e+04   759s
  79   2.17728707e+12  7.61437738e+11  5.68e+03 1.57e+00  6.98e+04   771s
  80   2.05597158e+12  8.40087441e+11  4.89e+03 1.34e+00  6.00e+04   783s
  81   1.95612690e+12  8.87010394e+11  4.24e+03 1.21e+00  5.27e+04   794s
  82   1.90308045e+12  9.34032141e+11  3.88e+03 1.07e+00  4.78e+04   807s
  83   1.82006244e+12  9.80111773e+11  3.34e+03 9.37e-01  4.14e+04   819s
  84   1.76121569e+12  1.02748363e+12  2.95e+03 8.01e-01  3.62e+04   830s
  85   1.71189867e+12  1.06082793e+12  2.63e+03 7.08e-01  3.21e+04   842s
  86   1.68157210e+12  1.08985749e+12  2.43e+03 6.25e-01  2.92e+04   854s
  87   1.64361518e+12  1.11753314e+12  2.18e+03 5.47e-01  2.59e+04   866s
  88   1.60627269e+12  1.14423011e+12  1.94e+03 4.71e-01  2.28e+04   877s
  89   1.59012653e+12  1.15979270e+12  1.83e+03 4.29e-01  2.12e+04   889s
  90   1.55730176e+12  1.17573623e+12  1.61e+03 3.85e-01  1.88e+04   900s
  91   1.53408255e+12  1.18683924e+12  1.46e+03 3.55e-01  1.71e+04   912s
  92   1.52287450e+12  1.19859293e+12  1.38e+03 3.23e-01  1.60e+04   922s
  93   1.50248638e+12  1.21065850e+12  1.25e+03 2.91e-01  1.44e+04   933s
  94   1.48493325e+12  1.21961526e+12  1.13e+03 2.67e-01  1.31e+04   945s
  95   1.46681520e+12  1.23003182e+12  1.01e+03 2.40e-01  1.17e+04   957s
  96   1.45648775e+12  1.24032595e+12  9.38e+02 2.12e-01  1.07e+04   968s
  97   1.44727073e+12  1.24703160e+12  8.76e+02 1.95e-01  9.87e+03   980s
  98   1.43678092e+12  1.25391339e+12  8.04e+02 1.77e-01  9.02e+03   992s
  99   1.43022089e+12  1.26735943e+12  7.59e+02 1.41e-01  8.03e+03  1004s
 100   1.42422925e+12  1.27091221e+12  7.17e+02 1.32e-01  7.56e+03  1013s
 101   1.41050365e+12  1.27491502e+12  6.22e+02 1.21e-01  6.69e+03  1025s
 102   1.40455547e+12  1.27718552e+12  5.80e+02 1.15e-01  6.28e+03  1036s
 103   1.40257401e+12  1.27986048e+12  5.66e+02 1.09e-01  6.05e+03  1048s
 104   1.39336723e+12  1.28571420e+12  4.99e+02 9.42e-02  5.31e+03  1060s
 105   1.38752780e+12  1.28869962e+12  4.56e+02 8.70e-02  4.87e+03  1072s
 106   1.38202711e+12  1.29099797e+12  4.17e+02 8.15e-02  4.49e+03  1082s
 107   1.37989866e+12  1.29421581e+12  4.01e+02 7.39e-02  4.22e+03  1093s
 108   1.37433288e+12  1.29621514e+12  3.60e+02 6.92e-02  3.85e+03  1105s
 109   1.36975758e+12  1.29827618e+12  3.27e+02 6.43e-02  3.52e+03  1117s
 110   1.36594713e+12  1.30035865e+12  2.99e+02 5.94e-02  3.23e+03  1129s
 111   1.36444553e+12  1.30199850e+12  2.89e+02 5.55e-02  3.08e+03  1141s
 112   1.36243170e+12  1.30373514e+12  2.74e+02 5.14e-02  2.89e+03  1152s
 113   1.35986584e+12  1.30475555e+12  2.55e+02 4.90e-02  2.72e+03  1164s
 114   1.35709889e+12  1.30627446e+12  2.35e+02 4.55e-02  2.51e+03  1176s
 115   1.35505251e+12  1.30727167e+12  2.20e+02 4.31e-02  2.36e+03  1188s
 116   1.35378697e+12  1.30847844e+12  2.10e+02 4.03e-02  2.23e+03  1198s
 117   1.35253029e+12  1.30983636e+12  2.01e+02 3.71e-02  2.11e+03  1209s
 118   1.35071899e+12  1.31054367e+12  1.87e+02 3.55e-02  1.98e+03  1221s
 119   1.35018330e+12  1.31099327e+12  1.83e+02 3.44e-02  1.93e+03  1228s
 120   1.34995048e+12  1.31141622e+12  1.82e+02 3.35e-02  1.90e+03  1236s
 121   1.34859253e+12  1.31236478e+12  1.71e+02 3.13e-02  1.79e+03  1248s
 122   1.34711722e+12  1.31297934e+12  1.60e+02 2.99e-02  1.68e+03  1261s
 123   1.34577806e+12  1.31380512e+12  1.50e+02 2.80e-02  1.58e+03  1271s
 124   1.34483038e+12  1.31496550e+12  1.43e+02 2.54e-02  1.47e+03  1282s
 125   1.34364606e+12  1.31568685e+12  1.34e+02 2.38e-02  1.38e+03  1294s
 126   1.34219639e+12  1.31648884e+12  1.23e+02 2.20e-02  1.27e+03  1306s
 127   1.34140744e+12  1.31699139e+12  1.17e+02 2.08e-02  1.20e+03  1318s
 128   1.34046521e+12  1.31800089e+12  1.10e+02 1.86e-02  1.11e+03  1330s
 129   1.33992695e+12  1.31836065e+12  1.06e+02 1.78e-02  1.06e+03  1340s
 130   1.33952333e+12  1.31896631e+12  1.03e+02 1.64e-02  1.01e+03  1352s
 131   1.33836154e+12  1.31925611e+12  9.41e+01 1.57e-02  9.42e+02  1362s
 132   1.33781713e+12  1.31966070e+12  9.00e+01 1.48e-02  8.95e+02  1373s
 133   1.33711145e+12  1.32009388e+12  8.46e+01 1.38e-02  8.39e+02  1385s
 134   1.33645161e+12  1.32073223e+12  7.97e+01 1.24e-02  7.75e+02  1396s
 135   1.33545392e+12  1.32112861e+12  7.22e+01 1.14e-02  7.06e+02  1408s
 136   1.33474753e+12  1.32184699e+12  6.68e+01 9.77e-03  6.36e+02  1419s
 137   1.33426334e+12  1.32214571e+12  6.32e+01 9.10e-03  5.97e+02  1431s
 138   1.33398701e+12  1.32241956e+12  6.11e+01 8.47e-03  5.70e+02  1442s
 139   1.33361412e+12  1.32274662e+12  5.81e+01 7.73e-03  5.36e+02  1453s
 140   1.33301564e+12  1.32291038e+12  5.35e+01 7.36e-03  4.98e+02  1465s
 141   1.33256116e+12  1.32317407e+12  5.00e+01 6.77e-03  4.63e+02  1474s
 142   1.33199091e+12  1.32350459e+12  4.56e+01 6.04e-03  4.18e+02  1486s
 143   1.33150031e+12  1.32358024e+12  4.17e+01 5.86e-03  3.90e+02  1497s
 144   1.33118116e+12  1.32373639e+12  3.93e+01 5.51e-03  3.67e+02  1507s
 145   1.33102346e+12  1.32379858e+12  3.80e+01 5.37e-03  3.56e+02  1516s
 146   1.33079478e+12  1.32395183e+12  3.62e+01 5.01e-03  3.37e+02  1526s
 147   1.33018280e+12  1.32405952e+12  3.15e+01 4.76e-03  3.02e+02  1537s
 148   1.32987777e+12  1.32433832e+12  2.90e+01 4.14e-03  2.73e+02  1549s
 149   1.32952420e+12  1.32451177e+12  2.63e+01 3.75e-03  2.47e+02  1562s
 150   1.32915317e+12  1.32469728e+12  2.34e+01 3.33e-03  2.20e+02  1574s
 151   1.32895689e+12  1.32481297e+12  2.19e+01 3.08e-03  2.04e+02  1586s
 152   1.32872454e+12  1.32491441e+12  2.01e+01 2.85e-03  1.88e+02  1597s
 153   1.32851186e+12  1.32503550e+12  1.85e+01 2.58e-03  1.71e+02  1609s
 154   1.32832499e+12  1.32511829e+12  1.70e+01 2.39e-03  1.58e+02  1620s
 155   1.32814155e+12  1.32520302e+12  1.56e+01 2.20e-03  1.45e+02  1631s
 156   1.32799236e+12  1.32528474e+12  1.44e+01 2.02e-03  1.33e+02  1643s
 157   1.32791766e+12  1.32537630e+12  1.38e+01 1.81e-03  1.25e+02  1654s
 158   1.32781425e+12  1.32542094e+12  1.30e+01 1.71e-03  1.18e+02  1664s
 159   1.32766962e+12  1.32548926e+12  1.19e+01 1.56e-03  1.07e+02  1676s
 160   1.32762774e+12  1.32550624e+12  1.15e+01 1.52e-03  1.05e+02  1688s
 161   1.32754272e+12  1.32554366e+12  1.08e+01 1.44e-03  9.86e+01  1699s
 162   1.32736539e+12  1.32556685e+12  9.43e+00 1.38e-03  8.87e+01  1711s
 163   1.32730858e+12  1.32560466e+12  8.98e+00 1.30e-03  8.40e+01  1723s
 164   1.32723766e+12  1.32565351e+12  8.41e+00 1.19e-03  7.81e+01  1734s
 165   1.32715252e+12  1.32569781e+12  7.73e+00 1.09e-03  7.17e+01  1746s
 166   1.32703515e+12  1.32574414e+12  6.80e+00 9.83e-04  6.36e+01  1758s
 167   1.32698612e+12  1.32577844e+12  6.40e+00 9.07e-04  5.95e+01  1770s
 168   1.32691927e+12  1.32584607e+12  5.86e+00 7.56e-04  5.29e+01  1782s
 169   1.32687404e+12  1.32587437e+12  5.49e+00 6.92e-04  4.93e+01  1794s
 170   1.32677305e+12  1.32589285e+12  4.68e+00 6.50e-04  4.34e+01  1806s
 171   1.32675104e+12  1.32591122e+12  4.50e+00 6.08e-04  4.14e+01  1818s
 172   1.32671196e+12  1.32592714e+12  4.19e+00 5.73e-04  3.87e+01  1829s
 173   1.32666592e+12  1.32596649e+12  3.82e+00 4.86e-04  3.45e+01  1841s
 174   1.32662794e+12  1.32598631e+12  3.52e+00 4.43e-04  3.16e+01  1854s
 175   1.32659991e+12  1.32601657e+12  3.30e+00 3.76e-04  2.87e+01  1867s
 176   1.32656591e+12  1.32603412e+12  3.04e+00 3.37e-04  2.62e+01  1880s
 177   1.32653736e+12  1.32604305e+12  2.81e+00 3.17e-04  2.44e+01  1893s
 178   1.32648774e+12  1.32605617e+12  2.42e+00 2.87e-04  2.13e+01  1906s
 179   1.32645923e+12  1.32607277e+12  2.20e+00 2.51e-04  1.90e+01  1917s
 180   1.32643074e+12  1.32607744e+12  1.97e+00 2.41e-04  1.74e+01  1929s
 181   1.32641834e+12  1.32608417e+12  1.87e+00 2.25e-04  1.65e+01  1941s
 182   1.32639837e+12  1.32609169e+12  1.71e+00 2.09e-04  1.51e+01  1953s
 183   1.32638212e+12  1.32609917e+12  1.58e+00 1.92e-04  1.39e+01  1965s
 184   1.32635811e+12  1.32610656e+12  1.38e+00 1.76e-04  1.24e+01  1979s
 185   1.32634831e+12  1.32611600e+12  1.30e+00 1.55e-04  1.14e+01  1994s
 186   1.32633775e+12  1.32612472e+12  1.21e+00 1.37e-04  1.05e+01  2008s
 187   1.32632467e+12  1.32613221e+12  1.11e+00 1.20e-04  9.48e+00  2021s
 188   1.32630739e+12  1.32613538e+12  9.67e-01 1.13e-04  8.48e+00  2035s
 189   1.32629630e+12  1.32613834e+12  8.76e-01 1.07e-04  7.78e+00  2047s
 190   1.32628636e+12  1.32614068e+12  7.94e-01 1.01e-04  7.18e+00  2061s
 191   1.32627759e+12  1.32614926e+12  7.23e-01 8.28e-05  6.32e+00  2079s
 192   1.32626898e+12  1.32615545e+12  6.53e-01 6.93e-05  5.59e+00  2096s
 193   1.32625952e+12  1.32615727e+12  5.77e-01 6.52e-05  5.04e+00  2114s
 194   1.32625549e+12  1.32616130e+12  5.44e-01 5.65e-05  4.64e+00  2131s
 195   1.32624637e+12  1.32616360e+12  4.71e-01 5.12e-05  4.08e+00  2149s
 196   1.32624011e+12  1.32616490e+12  4.22e-01 4.84e-05  3.71e+00  2167s
 197   1.32623808e+12  1.32616679e+12  4.06e-01 4.43e-05  3.51e+00  2185s
 198   1.32623346e+12  1.32617098e+12  3.68e-01 3.52e-05  3.08e+00  2202s
 199   1.32622777e+12  1.32617211e+12  3.23e-01 3.28e-05  2.74e+00  2220s
 200   1.32622353e+12  1.32617331e+12  2.89e-01 3.00e-05  2.47e+00  2237s
 201   1.32622010e+12  1.32617427e+12  2.62e-01 2.80e-05  2.26e+00  2256s
 202   1.32621691e+12  1.32617547e+12  2.36e-01 2.53e-05  2.04e+00  2274s
 203   1.32621456e+12  1.32617636e+12  2.18e-01 2.32e-05  1.88e+00  2291s
 204   1.32621227e+12  1.32617690e+12  2.00e-01 2.20e-05  1.74e+00  2309s
 205   1.32621169e+12  1.32617747e+12  1.95e-01 2.08e-05  1.69e+00  2320s
 206   1.32621072e+12  1.32617830e+12  1.87e-01 1.89e-05  1.60e+00  2334s
 207   1.32620774e+12  1.32617930e+12  1.63e-01 1.68e-05  1.40e+00  2351s
 208   1.32620598e+12  1.32618077e+12  1.49e-01 1.36e-05  1.24e+00  2369s
 209   1.32620372e+12  1.32618136e+12  1.31e-01 1.23e-05  1.10e+00  2383s
 210   1.32620188e+12  1.32618203e+12  1.16e-01 1.07e-05  9.78e-01  2400s
 211   1.32620114e+12  1.32618237e+12  1.10e-01 9.99e-06  9.25e-01  2417s
 212   1.32619918e+12  1.32618347e+12  9.44e-02 7.66e-06  7.74e-01  2434s
 213   1.32619696e+12  1.32618373e+12  7.73e-02 7.08e-06  6.52e-01  2453s
 214   1.32619589e+12  1.32618436e+12  6.89e-02 5.76e-06  5.68e-01  2470s
 215   1.32619470e+12  1.32618458e+12  6.16e-02 5.28e-06  4.99e-01  2487s
 216   1.32619343e+12  1.32618514e+12  5.36e-02 4.06e-06  4.09e-01  2505s
 217   1.32619186e+12  1.32618542e+12  4.13e-02 3.46e-06  3.17e-01  2523s
 218   1.32619149e+12  1.32618561e+12  3.78e-02 8.07e-06  2.90e-01  2544s
 219   1.32619080e+12  1.32618581e+12  3.22e-02 1.17e-05  2.46e-01  2564s
 220   1.32619017e+12  1.32618597e+12  2.65e-02 2.30e-06  2.07e-01  2583s
 221   1.32618965e+12  1.32618617e+12  2.24e-02 1.88e-06  1.72e-01  2603s
 222   1.32618904e+12  1.32618634e+12  1.69e-02 5.82e-06  1.33e-01  2624s
 223   1.32618873e+12  1.32618656e+12  1.33e-02 1.63e-06  1.07e-01  2646s
 224   1.32618864e+12  1.32618659e+12  1.40e-01 1.01e-06  1.01e-01  2657s
 225   1.32618841e+12  1.32618667e+12  1.20e-01 8.49e-07  8.59e-02  2674s
 226   1.32618834e+12  1.32618677e+12  1.14e-01 1.73e-05  7.74e-02  2694s
 227   1.32618820e+12  1.32618681e+12  1.11e-01 1.39e-05  6.82e-02  2715s
 228   1.32618812e+12  1.32618686e+12  1.31e-01 7.36e-07  6.20e-02  2733s
 229   1.32618805e+12  1.32618688e+12  1.24e-01 2.07e-05  5.80e-02  2745s
 230   1.32618786e+12  1.32618690e+12  1.03e-01 1.81e-05  4.72e-02  2763s
 231   1.32618776e+12  1.32618692e+12  8.96e-02 2.66e-05  4.14e-02  2777s
 232   1.32618775e+12  1.32618692e+12  8.88e-02 3.72e-05  4.10e-02  2789s
 233   1.32618775e+12  1.32618692e+12  8.95e-02 1.48e-05  4.09e-02  2800s
 234   1.32618765e+12  1.32618693e+12  1.13e-01 1.31e-05  3.53e-02  2814s
 235   1.32618761e+12  1.32618695e+12  1.03e-01 2.58e-05  3.22e-02  2828s
 236   1.32618759e+12  1.32618696e+12  9.96e-02 4.25e-05  3.11e-02  2840s
 237   1.32618756e+12  1.32618696e+12  9.40e-02 1.71e-05  2.95e-02  2855s
 238   1.32618756e+12  1.32618697e+12  9.30e-02 3.31e-05  2.92e-02  2867s
 239   1.32618751e+12  1.32618697e+12  8.26e-02 3.10e-05  2.65e-02  2878s
 240   1.32618748e+12  1.32618698e+12  7.75e-02 3.58e-06  2.48e-02  2891s
 241   1.32618744e+12  1.32618699e+12  6.92e-02 1.61e-05  2.21e-02  2905s
 242   1.32618743e+12  1.32618700e+12  6.72e-02 4.16e-05  2.13e-02  2918s
 243   1.32618742e+12  1.32618701e+12  6.47e-02 2.21e-06  2.04e-02  2930s
 244   1.32618739e+12  1.32618702e+12  5.80e-02 2.20e-05  1.82e-02  2943s
 245   1.32618737e+12  1.32618702e+12  5.46e-02 2.20e-06  1.69e-02  2955s
 246   1.32618737e+12  1.32618702e+12  5.46e-02 2.67e-06  1.69e-02  2968s
 247   1.32618733e+12  1.32618703e+12  4.60e-02 3.59e-05  1.47e-02  2979s
 248   1.32618729e+12  1.32618704e+12  4.00e-02 1.31e-06  1.27e-02  2993s
 249   1.32618729e+12  1.32618704e+12  4.00e-02 3.04e-06  1.27e-02  3006s
 250   1.32618729e+12  1.32618704e+12  3.97e-02 2.09e-05  1.26e-02  3018s
 251   1.32618727e+12  1.32618705e+12  3.51e-02 3.41e-05  1.09e-02  3031s

Barrier solved model in 251 iterations and 3030.85 seconds (2385.68 work units)
Optimal objective 1.32618727e+12


