Solver command line: ['/share/apps/gurobi/12.0.0/bin/gurobi.sh']

Set parameter TokenServer to value "10.1.1.1"
Read LP format model from file /mnt/beegfs/users/ehsanno/openempire/tmplzvhx3xn.pyomo.lp
Reading time = 46.62 seconds
x1: 18224521 rows, 16737321 columns, 62780711 nonzeros
Set parameter QCPDual to value 1
Set parameter Method to value 2
Set parameter Crossover to value 0
Set parameter Presolve to value -1
Gurobi Optimizer version 12.0.0 build v12.0.0rc1 (linux64 - "CentOS Linux 7 (Core)")

CPU model: Intel(R) Xeon(R) Gold 6244 CPU @ 3.60GHz, instruction set [SSE2|AVX|AVX2|AVX512]
Thread count: 16 physical cores, 32 logical processors, using up to 32 threads

Non-default parameters:
Method  2
Crossover  0
QCPDual  1

Optimize a model with 18224521 rows, 16737321 columns and 62780711 nonzeros
Model fingerprint: 0x66ad1821
Coefficient statistics:
  Matrix range     [1e-03, 3e+01]
  Objective range  [1e-03, 5e+06]
  Bounds range     [1e+00, 1e+00]
  RHS range        [1e+00, 6e+08]
Presolve removed 4002591 rows and 2976306 columns (presolve time = 8s)...
Presolve removed 4002591 rows and 2976306 columns (presolve time = 10s)...
Presolve removed 4006289 rows and 2980000 columns (presolve time = 16s)...
Presolve removed 4012232 rows and 2985943 columns (presolve time = 21s)...
Presolve removed 4012232 rows and 2985943 columns (presolve time = 26s)...
Presolve removed 4012232 rows and 2985943 columns (presolve time = 30s)...
Presolve removed 4119384 rows and 3036357 columns (presolve time = 37s)...
Presolve removed 4119384 rows and 3036357 columns (presolve time = 40s)...
Presolve removed 4119386 rows and 3036357 columns (presolve time = 48s)...
Presolve removed 4119386 rows and 3036357 columns
Presolve time: 48.40s
Presolved: 14105135 rows, 13700964 columns, 50118547 nonzeros
Elapsed ordering time = 5s
Elapsed ordering time = 10s
Elapsed ordering time = 20s
Elapsed ordering time = 25s
Elapsed ordering time = 30s
Elapsed ordering time = 35s
Elapsed ordering time = 40s
Ordering time: 44.55s

Barrier statistics:
 Dense cols : 1313
 AA' NZ     : 4.090e+07
 Factor NZ  : 4.226e+08 (roughly 15.0 GB of memory)
 Factor Ops : 2.413e+11 (roughly 2 seconds per iteration)
 Threads    : 16

                  Objective                Residual
Iter       Primal          Dual         Primal    Dual     Compl     Time
   0   3.43510951e+17 -7.38991359e+15  1.21e+12 1.01e+04  7.32e+12   121s
   1   3.33859191e+17 -1.18316527e+16  1.18e+12 1.97e+05  5.39e+12   129s
   2   2.76106708e+17 -1.41344910e+16  9.71e+11 1.67e+05  4.48e+12   139s
   3   2.31008498e+17 -3.23984883e+16  8.06e+11 1.25e+05  3.58e+12   152s
   4   2.11041413e+17 -7.81456008e+16  7.36e+11 1.54e+05  2.80e+12   162s
   5   1.41372971e+17 -1.07676866e+17  4.88e+11 9.91e+05  1.80e+12   174s
   6   1.24479782e+17 -1.15837286e+17  4.29e+11 2.04e+06  1.58e+12   185s
   7   6.72856729e+16 -1.24619336e+17  2.30e+11 3.65e+06  8.64e+11   197s
   8   5.01771264e+16 -1.26327995e+17  1.72e+11 1.75e+06  6.56e+11   207s
   9   3.46533688e+16 -1.23787774e+17  1.18e+11 4.52e+05  4.58e+11   215s
  10   3.40420334e+16 -1.22640557e+17  1.16e+11 4.04e+05  4.50e+11   223s
  11   1.99426393e+16 -1.22190134e+17  6.78e+10 3.87e+05  2.64e+11   231s
  12   1.42406583e+16 -1.18254863e+17  4.82e+10 2.73e+05  1.89e+11   239s
  13   1.35575910e+16 -8.08744838e+16  4.59e+10 2.75e-02  1.70e+11   249s
  14   8.48402906e+15 -8.14514920e+16  2.87e+10 2.41e-02  1.07e+11   262s
  15   5.84079396e+15 -5.61880263e+16  1.96e+10 1.42e-02  7.20e+10   278s
  16   2.86416191e+15 -3.60594021e+16  9.65e+09 2.93e-02  3.43e+10   297s
  17   1.25489891e+15 -2.29282230e+16  4.07e+09 5.01e-02  1.47e+10   313s
  18   5.64105293e+14 -1.73026150e+16  1.58e+09 5.67e-02  5.96e+09   326s
  19   3.63752373e+14 -1.41825643e+16  9.66e+08 5.62e-02  3.62e+09   336s
  20   2.61281161e+14 -1.19163431e+16  6.42e+08 2.99e-02  2.40e+09   344s
  21   2.26332039e+14 -1.09080484e+16  5.33e+08 2.82e-02  1.98e+09   352s
  22   1.75868936e+14 -7.81084341e+15  3.71e+08 6.97e-02  1.27e+09   360s
  23   1.40659295e+14 -5.85701313e+15  2.63e+08 4.64e-02  8.39e+08   368s
  24   8.77552401e+13 -4.26996067e+15  1.13e+08 6.58e-02  3.96e+08   376s
  25   6.63510527e+13 -2.92740401e+15  5.94e+07 1.61e-02  2.16e+08   384s
  26   6.13986402e+13 -1.84177133e+15  4.95e+07 8.79e-02  1.46e+08   392s
  27   5.20748013e+13 -1.31563363e+15  3.35e+07 8.94e-02  9.79e+07   400s
  28   5.09393547e+13 -9.83167343e+14  3.16e+07 4.31e-02  8.00e+07   408s
  29   4.14154635e+13 -8.25012617e+14  2.02e+07 1.81e-02  5.79e+07   415s
  30   3.36737509e+13 -7.18500351e+14  1.21e+07 8.53e-03  4.30e+07   426s
  31   2.95749223e+13 -4.89886976e+14  9.71e+06 1.26e-02  3.03e+07   438s
  32   2.35521422e+13 -3.98580941e+14  7.04e+06 9.20e-03  2.33e+07   454s
  33   2.11065159e+13 -2.33792896e+14  6.03e+06 1.25e-02  1.52e+07   468s
  34   1.56412918e+13 -1.79854296e+14  4.02e+06 2.38e-02  1.09e+07   488s
  35   1.29881944e+13 -1.00362072e+14  3.11e+06 7.18e-03  6.57e+06   507s
  36   1.03568247e+13 -5.66315358e+13  2.30e+06 1.09e-02  3.91e+06   526s
  37   9.05970892e+12 -4.14844812e+13  1.96e+06 4.51e-03  2.96e+06   545s
  38   8.58623750e+12 -3.31012832e+13  1.83e+06 1.47e-03  2.45e+06   561s
  39   7.15200326e+12 -2.68679531e+13  1.47e+06 1.14e-03  1.92e+06   576s
  40   6.74027045e+12 -2.34737069e+13  1.37e+06 8.94e-04  1.69e+06   592s
  41   5.91052229e+12 -2.18692687e+13  1.16e+06 8.72e-04  1.49e+06   608s
  42   5.19698093e+12 -1.79895786e+13  9.78e+05 7.00e-04  1.20e+06   624s
  43   4.79588957e+12 -1.57877700e+13  8.69e+05 6.60e-04  1.05e+06   640s
  44   4.36099378e+12 -1.42600080e+13  7.48e+05 5.93e-04  9.22e+05   656s
  45   4.19510655e+12 -1.20770132e+13  7.00e+05 4.95e-04  8.01e+05   672s
  46   4.08855548e+12 -1.17398631e+13  6.71e+05 4.80e-04  7.75e+05   688s
  47   3.55597021e+12 -9.79074468e+12  5.23e+05 4.01e-04  6.30e+05   704s
  48   3.33284324e+12 -9.31917410e+12  4.64e+05 3.90e-04  5.86e+05   720s
  49   3.13546485e+12 -7.89909778e+12  4.15e+05 3.22e-04  5.05e+05   736s
  50   2.88026997e+12 -7.03331993e+12  3.50e+05 2.82e-04  4.44e+05   752s
  51   2.78208747e+12 -6.51148864e+12  3.24e+05 2.69e-04  4.13e+05   768s
  52   2.63965023e+12 -5.92476542e+12  2.90e+05 2.55e-04  3.76e+05   784s
  53   2.55333443e+12 -5.40289159e+12  2.69e+05 2.35e-04  3.47e+05   800s
  54   2.44734172e+12 -4.91079877e+12  2.45e+05 2.09e-04  3.18e+05   816s
  55   2.35519603e+12 -4.49790406e+12  2.24e+05 3.58e-04  2.94e+05   832s
  56   2.27101529e+12 -4.12040780e+12  2.06e+05 7.52e-04  2.72e+05   848s
  57   2.18678147e+12 -3.83078152e+12  1.87e+05 8.71e-04  2.54e+05   864s
  58   2.11830940e+12 -3.42688108e+12  1.73e+05 7.94e-04  2.33e+05   880s
  59   2.05124704e+12 -3.24409396e+12  1.58e+05 7.91e-04  2.21e+05   896s
  60   2.00325712e+12 -2.88216572e+12  1.49e+05 8.67e-04  2.03e+05   912s
  61   1.89773048e+12 -2.53040032e+12  1.28e+05 9.07e-04  1.82e+05   928s
  62   1.87642268e+12 -2.31852730e+12  1.24e+05 9.57e-04  1.72e+05   938s
  63   1.83176721e+12 -1.89962095e+12  1.16e+05 1.19e-03  1.53e+05   954s
  64   1.78544513e+12 -1.62489708e+12  1.08e+05 1.30e-03  1.39e+05   970s
  65   1.73220228e+12 -1.46226316e+12  9.87e+04 1.26e-03  1.29e+05   986s
  66   1.71980610e+12 -1.31943865e+12  9.67e+04 1.12e-03  1.23e+05  1002s
  67   1.67322634e+12 -1.14287424e+12  8.93e+04 1.03e-03  1.14e+05  1018s
  68   1.63597758e+12 -9.93087961e+11  8.35e+04 1.06e-03  1.06e+05  1032s
  69   1.60299282e+12 -8.14343268e+11  7.86e+04 1.05e-03  9.70e+04  1048s
  70   1.56544638e+12 -6.95385472e+11  7.30e+04 1.01e-03  9.04e+04  1064s
  71   1.54348327e+12 -6.34755475e+11  6.99e+04 9.87e-04  8.70e+04  1075s
  72   1.51133155e+12 -4.48901388e+11  6.55e+04 1.04e-03  7.81e+04  1091s
  73   1.46196672e+12 -3.83498358e+11  5.88e+04 1.09e-03  7.32e+04  1107s
  74   1.42143771e+12 -2.89721164e+11  5.34e+04 1.03e-03  6.76e+04  1123s
  75   1.38719381e+12 -1.84687949e+11  4.89e+04 1.03e-03  6.19e+04  1139s
  76   1.35712216e+12 -5.13277471e+10  4.52e+04 9.89e-04  5.53e+04  1155s
  77   1.31963840e+12  1.84884704e+10  4.06e+04 9.26e-04  5.09e+04  1171s
  78   1.28528675e+12  7.09788708e+10  3.65e+04 8.77e-04  4.74e+04  1187s
  79   1.27202307e+12  1.75262147e+11  3.50e+04 7.78e-04  4.28e+04  1200s
  80   1.25373341e+12  2.40160026e+11  3.30e+04 7.36e-04  3.95e+04  1216s
  81   1.23214831e+12  2.98945439e+11  3.07e+04 7.01e-04  3.63e+04  1232s
  82   1.19851217e+12  3.31922807e+11  2.71e+04 6.69e-04  3.36e+04  1248s
  83   1.17944119e+12  4.03918561e+11  2.52e+04 5.89e-04  3.00e+04  1264s
  84   1.15364099e+12  4.29092844e+11  2.25e+04 5.64e-04  2.80e+04  1280s
  85   1.12788213e+12  4.76672785e+11  1.99e+04 5.18e-04  2.51e+04  1296s
  86   1.10678659e+12  5.24591312e+11  1.78e+04 4.80e-04  2.24e+04  1312s
  87   1.08936446e+12  5.89185400e+11  1.61e+04 4.26e-04  1.92e+04  1328s
  88   1.07676059e+12  6.12187280e+11  1.49e+04 3.98e-04  1.78e+04  1344s
  89   1.06927155e+12  6.48716178e+11  1.42e+04 3.56e-04  1.61e+04  1360s
  90   1.05060827e+12  6.71805124e+11  1.25e+04 3.31e-04  1.45e+04  1376s
  91   1.04874628e+12  6.84522902e+11  1.23e+04 3.13e-04  1.40e+04  1392s
  92   1.03612634e+12  7.03464228e+11  1.12e+04 3.09e-04  1.27e+04  1408s
  93   1.02527753e+12  7.17509645e+11  1.02e+04 5.82e-04  1.18e+04  1421s
  94   1.01923045e+12  7.31250256e+11  9.71e+03 6.99e-04  1.10e+04  1437s
  95   1.01258814e+12  7.39974100e+11  9.14e+03 7.01e-04  1.04e+04  1450s
  96   1.00518874e+12  7.54492112e+11  8.52e+03 6.41e-04  9.57e+03  1466s
  97   9.97260507e+11  7.68659643e+11  7.86e+03 4.53e-04  8.72e+03  1482s
  98   9.88087270e+11  7.72143253e+11  7.09e+03 3.75e-04  8.23e+03  1498s
  99   9.87060092e+11  7.81553215e+11  7.01e+03 5.94e-04  7.84e+03  1509s
 100   9.80971710e+11  7.91627917e+11  6.51e+03 8.15e-04  7.22e+03  1525s
 101   9.77041505e+11  8.00800718e+11  6.18e+03 9.18e-04  6.72e+03  1541s
 102   9.70491236e+11  8.06547997e+11  5.65e+03 9.47e-04  6.25e+03  1557s
 103   9.67029923e+11  8.19592588e+11  5.37e+03 9.61e-04  5.62e+03  1573s
 104   9.61721544e+11  8.28031626e+11  4.95e+03 8.73e-04  5.09e+03  1589s
 105   9.56137520e+11  8.34940533e+11  4.52e+03 7.50e-04  4.61e+03  1605s
 106   9.51084545e+11  8.40892443e+11  4.12e+03 6.09e-04  4.19e+03  1621s
 107   9.46029709e+11  8.45819866e+11  3.72e+03 4.80e-04  3.81e+03  1637s
 108   9.42516896e+11  8.52473409e+11  3.45e+03 2.96e-04  3.43e+03  1652s
 109   9.38584201e+11  8.56070999e+11  3.14e+03 1.74e-04  3.14e+03  1668s
 110   9.37182778e+11  8.59961087e+11  3.02e+03 5.99e-05  2.94e+03  1684s
 111   9.34546943e+11  8.62938472e+11  2.82e+03 1.48e-04  2.72e+03  1701s
 112   9.32618085e+11  8.65149663e+11  2.67e+03 2.17e-04  2.57e+03  1717s
 113   9.31227505e+11  8.67039931e+11  2.56e+03 2.70e-04  2.44e+03  1733s
 114   9.30656331e+11  8.69528246e+11  2.51e+03 3.30e-04  2.33e+03  1749s
 115   9.28700379e+11  8.71901148e+11  2.37e+03 3.81e-04  2.16e+03  1765s
 116   9.27407002e+11  8.73443071e+11  2.27e+03 4.03e-04  2.05e+03  1781s
 117   9.25809066e+11  8.75070577e+11  2.15e+03 4.22e-04  1.93e+03  1797s
 118   9.24047998e+11  8.76179984e+11  2.02e+03 4.32e-04  1.82e+03  1813s
 119   9.22864901e+11  8.78140051e+11  1.93e+03 4.46e-04  1.70e+03  1829s
 120   9.21823900e+11  8.78684025e+11  1.86e+03 4.48e-04  1.64e+03  1839s
 121   9.20883005e+11  8.79445325e+11  1.79e+03 4.51e-04  1.58e+03  1850s
 122   9.18894972e+11  8.80449125e+11  1.64e+03 4.52e-04  1.46e+03  1866s
 123   9.17750480e+11  8.81556951e+11  1.55e+03 4.48e-04  1.38e+03  1882s
 124   9.17177455e+11  8.81786620e+11  1.51e+03 4.48e-04  1.35e+03  1895s
 125   9.15428266e+11  8.82489286e+11  1.38e+03 4.43e-04  1.25e+03  1911s
 126   9.14188493e+11  8.83757204e+11  1.29e+03 4.33e-04  1.16e+03  1927s
 127   9.13541086e+11  8.84682508e+11  1.24e+03 4.22e-04  1.10e+03  1943s
 128   9.12596061e+11  8.85675553e+11  1.18e+03 4.08e-04  1.02e+03  1959s
 129   9.11538214e+11  8.86319039e+11  1.10e+03 3.98e-04  9.58e+02  1975s
 130   9.10941070e+11  8.87000726e+11  1.05e+03 3.84e-04  9.10e+02  1991s
 131   9.10248048e+11  8.87329466e+11  1.00e+03 3.78e-04  8.71e+02  2007s
 132   9.09791372e+11  8.87996909e+11  9.67e+02 3.63e-04  8.28e+02  2023s
 133   9.08895729e+11  8.88246621e+11  9.00e+02 3.56e-04  7.85e+02  2039s
 134   9.08643093e+11  8.88712235e+11  8.82e+02 3.45e-04  7.57e+02  2054s
 135   9.08066394e+11  8.89114193e+11  8.38e+02 3.33e-04  7.20e+02  2068s
 136   9.07555795e+11  8.89438734e+11  8.01e+02 3.25e-04  6.88e+02  2084s
 137   9.07085224e+11  8.89795662e+11  7.65e+02 3.14e-04  6.57e+02  2100s
 138   9.06456307e+11  8.90104139e+11  7.19e+02 3.04e-04  6.21e+02  2115s
 139   9.06054162e+11  8.90333058e+11  6.88e+02 2.97e-04  5.97e+02  2129s
 140   9.05683171e+11  8.90829053e+11  6.60e+02 2.80e-04  5.64e+02  2145s
 141   9.05181817e+11  8.91155435e+11  6.24e+02 2.68e-04  5.33e+02  2161s
 142   9.04755149e+11  8.91560888e+11  5.92e+02 2.55e-04  5.01e+02  2177s
 143   9.04146255e+11  8.91835246e+11  5.46e+02 2.44e-04  4.68e+02  2193s
 144   9.03719138e+11  8.92161313e+11  5.15e+02 2.31e-04  4.39e+02  2208s
 145   9.03429954e+11  8.92425900e+11  4.93e+02 2.20e-04  4.18e+02  2222s
 146   9.03095260e+11  8.92643803e+11  4.69e+02 2.10e-04  3.97e+02  2238s
 147   9.02889748e+11  8.92714840e+11  4.54e+02 2.07e-04  3.86e+02  2248s
 148   9.02494680e+11  8.92962830e+11  4.26e+02 1.96e-04  3.62e+02  2265s
 149   9.02303949e+11  8.93059510e+11  4.12e+02 1.91e-04  3.51e+02  2275s
 150   9.02003151e+11  8.93315111e+11  3.91e+02 1.79e-04  3.30e+02  2291s
 151   9.01912934e+11  8.93478784e+11  3.84e+02 1.72e-04  3.20e+02  2305s
 152   9.01641962e+11  8.93635469e+11  3.65e+02 1.64e-04  3.04e+02  2321s
 153   9.01270305e+11  8.93794702e+11  3.38e+02 1.56e-04  2.84e+02  2337s
 154   9.01096685e+11  8.93975001e+11  3.26e+02 1.47e-04  2.70e+02  2353s
 155   9.00830462e+11  8.94176970e+11  3.07e+02 1.37e-04  2.53e+02  2369s
 156   9.00589555e+11  8.94313710e+11  2.90e+02 1.30e-04  2.38e+02  2385s
 157   9.00400317e+11  8.94418048e+11  2.77e+02 1.24e-04  2.27e+02  2401s
 158   9.00193027e+11  8.94511250e+11  2.63e+02 1.19e-04  2.16e+02  2417s
 159   9.00035420e+11  8.94648169e+11  2.52e+02 1.11e-04  2.05e+02  2433s
 160   8.99790675e+11  8.94734211e+11  2.35e+02 1.06e-04  1.92e+02  2449s
 161   8.99712090e+11  8.94793076e+11  2.29e+02 1.03e-04  1.87e+02  2460s
 162   8.99412187e+11  8.94837311e+11  2.08e+02 1.00e-04  1.74e+02  2476s
 163   8.99354695e+11  8.94986365e+11  2.04e+02 9.17e-05  1.66e+02  2492s
 164   8.99133609e+11  8.95078177e+11  1.89e+02 8.61e-05  1.54e+02  2507s
 165   8.98964114e+11  8.95153541e+11  1.77e+02 8.14e-05  1.45e+02  2524s
 166   8.98824806e+11  8.95279580e+11  1.67e+02 7.42e-05  1.35e+02  2540s
 167   8.98700613e+11  8.95363551e+11  1.58e+02 6.87e-05  1.27e+02  2556s
 168   8.98567210e+11  8.95436651e+11  1.49e+02 6.47e-05  1.19e+02  2572s
 169   8.98441005e+11  8.95464693e+11  1.40e+02 6.33e-05  1.13e+02  2588s
 170   8.98327315e+11  8.95596764e+11  1.32e+02 5.45e-05  1.04e+02  2604s
 171   8.98228391e+11  8.95630344e+11  1.25e+02 5.21e-05  9.87e+01  2620s
 172   8.98106946e+11  8.95705630e+11  1.17e+02 4.80e-05  9.12e+01  2636s
 173   8.97998200e+11  8.95750309e+11  1.10e+02 4.50e-05  8.54e+01  2652s
 174   8.97884945e+11  8.95801966e+11  1.02e+02 4.16e-05  7.91e+01  2668s
 175   8.97829307e+11  8.95836124e+11  9.79e+01 3.94e-05  7.57e+01  2684s
 176   8.97722544e+11  8.95863958e+11  9.05e+01 3.77e-05  7.06e+01  2700s
 177   8.97639440e+11  8.95883230e+11  8.47e+01 3.67e-05  6.67e+01  2716s
 178   8.97561058e+11  8.95916412e+11  7.93e+01 3.42e-05  6.25e+01  2732s
 179   8.97488108e+11  8.95955073e+11  7.42e+01 3.17e-05  5.82e+01  2748s
 180   8.97454807e+11  8.95969671e+11  7.19e+01 3.14e-05  5.64e+01  2762s
 181   8.97362111e+11  8.95995590e+11  6.54e+01 2.85e-05  5.19e+01  2778s
 182   8.97328715e+11  8.96016114e+11  6.31e+01 2.72e-05  4.98e+01  2794s
 183   8.97265264e+11  8.96075561e+11  5.87e+01 2.40e-05  4.52e+01  2810s
 184   8.97207807e+11  8.96096426e+11  5.48e+01 2.21e-05  4.22e+01  2826s
 185   8.97109647e+11  8.96117378e+11  4.82e+01 2.07e-05  3.77e+01  2842s
 186   8.97069537e+11  8.96134002e+11  4.54e+01 1.92e-05  3.55e+01  2855s
 187   8.97040652e+11  8.96155463e+11  4.35e+01 1.76e-05  3.36e+01  2873s
 188   8.97005370e+11  8.96168527e+11  4.11e+01 1.64e-05  3.18e+01  2886s
 189   8.96966959e+11  8.96185796e+11  3.85e+01 1.55e-05  2.97e+01  2902s
 190   8.96924705e+11  8.96193153e+11  3.57e+01 1.43e-05  2.78e+01  2918s
 191   8.96915470e+11  8.96206286e+11  3.51e+01 1.42e-05  2.69e+01  2932s
 192   8.96873918e+11  8.96213337e+11  3.23e+01 1.36e-05  2.51e+01  2947s
 193   8.96847358e+11  8.96239017e+11  3.05e+01 1.20e-05  2.31e+01  2963s
 194   8.96810949e+11  8.96249530e+11  2.81e+01 1.30e-05  2.13e+01  2979s
 195   8.96793224e+11  8.96254374e+11  2.69e+01 1.45e-05  2.05e+01  2990s
 196   8.96776111e+11  8.96265166e+11  2.57e+01 2.07e-05  1.94e+01  3006s
 197   8.96753789e+11  8.96275042e+11  2.43e+01 2.39e-05  1.82e+01  3022s
 198   8.96730130e+11  8.96282395e+11  2.27e+01 2.56e-05  1.70e+01  3038s
 199   8.96717790e+11  8.96294720e+11  2.19e+01 1.63e-05  1.61e+01  3054s
 200   8.96693330e+11  8.96302992e+11  2.02e+01 8.24e-06  1.48e+01  3070s
 201   8.96668257e+11  8.96310079e+11  1.86e+01 6.44e-06  1.36e+01  3086s
 202   8.96646737e+11  8.96316568e+11  1.71e+01 6.53e-06  1.25e+01  3102s
 203   8.96634100e+11  8.96326340e+11  1.63e+01 4.70e-06  1.17e+01  3118s
 204   8.96619073e+11  8.96329822e+11  1.53e+01 4.15e-06  1.10e+01  3134s
 205   8.96602736e+11  8.96335219e+11  1.43e+01 5.64e-06  1.02e+01  3151s
 206   8.96579104e+11  8.96339052e+11  1.27e+01 8.70e-06  9.12e+00  3166s
 207   8.96567480e+11  8.96346393e+11  1.20e+01 1.42e-05  8.40e+00  3182s
 208   8.96550945e+11  8.96348680e+11  1.09e+01 9.61e-06  7.69e+00  3198s
 209   8.96536459e+11  8.96352275e+11  9.97e+00 2.94e-06  7.00e+00  3214s
 210   8.96527837e+11  8.96354371e+11  9.41e+00 3.02e-06  6.59e+00  3230s
 211   8.96518272e+11  8.96357167e+11  8.79e+00 2.41e-06  6.12e+00  3246s
 212   8.96507934e+11  8.96361299e+11  8.10e+00 8.41e-06  5.57e+00  3262s
 213   8.96503660e+11  8.96361955e+11  7.82e+00 2.11e-06  5.38e+00  3273s
 214   8.96494168e+11  8.96365049e+11  7.17e+00 9.16e-06  4.91e+00  3286s
 215   8.96486602e+11  8.96367043e+11  6.66e+00 1.82e-06  4.54e+00  3302s
 216   8.96482716e+11  8.96368090e+11  6.41e+00 2.62e-06  4.36e+00  3318s
 217   8.96474645e+11  8.96369844e+11  5.89e+00 2.61e-06  3.98e+00  3334s
 218   8.96466158e+11  8.96371072e+11  5.33e+00 1.86e-06  3.61e+00  3350s
 219   8.96460877e+11  8.96374032e+11  4.97e+00 1.60e-06  3.30e+00  3366s
 220   8.96453601e+11  8.96375179e+11  4.50e+00 4.38e-06  2.98e+00  3382s
 221   8.96452407e+11  8.96375920e+11  4.42e+00 6.24e-06  2.91e+00  3395s
 222   8.96448213e+11  8.96376077e+11  4.13e+00 8.92e-06  2.74e+00  3411s
 223   8.96444027e+11  8.96376838e+11  3.85e+00 2.83e-06  2.55e+00  3429s
 224   8.96441037e+11  8.96378295e+11  3.65e+00 6.30e-06  2.39e+00  3445s
 225   8.96437225e+11  8.96378755e+11  3.39e+00 4.44e-06  2.22e+00  3461s
 226   8.96432391e+11  8.96379135e+11  3.06e+00 2.21e-06  2.02e+00  3477s
 227   8.96427744e+11  8.96379968e+11  2.75e+00 7.32e-06  1.82e+00  3495s
 228   8.96424849e+11  8.96381093e+11  2.54e+00 5.52e-06  1.66e+00  3513s
 229   8.96421031e+11  8.96381602e+11  2.28e+00 1.26e-05  1.50e+00  3529s
 230   8.96416810e+11  8.96381977e+11  1.99e+00 1.59e-05  1.32e+00  3546s
 231   8.96413586e+11  8.96382568e+11  1.77e+00 5.98e-06  1.18e+00  3563s
 232   8.96411179e+11  8.96383002e+11  1.61e+00 1.49e-05  1.07e+00  3579s
 233   8.96410139e+11  8.96383361e+11  1.53e+00 5.51e-06  1.02e+00  3592s
 234   8.96408594e+11  8.96383685e+11  1.43e+00 1.51e-05  9.47e-01  3608s
 235   8.96406407e+11  8.96384153e+11  1.28e+00 1.07e-05  8.46e-01  3624s
 236   8.96404810e+11  8.96384438e+11  1.18e+00 2.62e-05  7.74e-01  3642s
 237   8.96403818e+11  8.96384634e+11  1.11e+00 3.59e-05  7.29e-01  3658s
 238   8.96402677e+11  8.96384830e+11  1.03e+00 1.79e-05  6.78e-01  3674s
 239   8.96401425e+11  8.96385028e+11  9.50e-01 3.93e-06  6.23e-01  3691s
 240   8.96400969e+11  8.96385181e+11  9.19e-01 5.77e-06  6.00e-01  3706s
 241   8.96399231e+11  8.96385369e+11  8.08e-01 3.36e-05  5.27e-01  3724s
 242   8.96398363e+11  8.96385542e+11  7.47e-01 7.91e-06  4.87e-01  3741s
 243   8.96397253e+11  8.96385701e+11  6.82e-01 1.67e-05  4.39e-01  3759s
 244   8.96396903e+11  8.96385783e+11  6.63e-01 2.05e-05  4.23e-01  3774s
 245   8.96396167e+11  8.96385956e+11  6.14e-01 2.05e-05  3.88e-01  3790s
 246   8.96395265e+11  8.96386090e+11  5.38e-01 1.79e-05  3.49e-01  3808s
 247   8.96394679e+11  8.96386303e+11  4.98e-01 9.14e-06  3.18e-01  3825s
 248   8.96394259e+11  8.96386355e+11  4.70e-01 3.66e-06  3.01e-01  3845s
 249   8.96393574e+11  8.96386464e+11  4.27e-01 1.50e-05  2.70e-01  3863s
 250   8.96393195e+11  8.96386497e+11  4.01e-01 2.51e-05  2.55e-01  3884s
 251   8.96392726e+11  8.96386585e+11  3.66e-01 4.25e-06  2.33e-01  3900s
 252   8.96392290e+11  8.96386638e+11  3.39e-01 3.37e-05  2.15e-01  3921s
 253   8.96391956e+11  8.96386746e+11  3.14e-01 2.50e-05  1.98e-01  3940s
 254   8.96391767e+11  8.96386805e+11  3.01e-01 1.14e-05  1.89e-01  3958s
 255   8.96391505e+11  8.96386835e+11  2.82e-01 4.86e-05  1.78e-01  3982s
 256   8.96391060e+11  8.96386881e+11  2.52e-01 3.45e-05  1.59e-01  3998s
 257   8.96390734e+11  8.96386909e+11  2.40e-01 2.72e-05  1.45e-01  4022s
 258   8.96390356e+11  8.96386943e+11  2.15e-01 5.23e-05  1.30e-01  4044s
 259   8.96390311e+11  8.96386976e+11  2.12e-01 4.16e-05  1.27e-01  4064s
 260   8.96390043e+11  8.96387015e+11  2.13e-01 2.46e-05  1.15e-01  4084s
 261   8.96389877e+11  8.96387038e+11  1.99e-01 8.72e-05  1.08e-01  4109s
 262   8.96389765e+11  8.96387066e+11  1.92e-01 7.40e-05  1.03e-01  4129s
 263   8.96389510e+11  8.96387080e+11  1.72e-01 2.20e-05  9.24e-02  4150s
 264   8.96389407e+11  8.96387101e+11  1.62e-01 3.68e-05  8.76e-02  4176s
 265   8.96389262e+11  8.96387146e+11  1.50e-01 9.05e-05  8.04e-02  4201s
 266   8.96389148e+11  8.96387183e+11  1.38e-01 1.05e-04  7.47e-02  4227s
 267   8.96388864e+11  8.96387196e+11  1.12e-01 8.00e-05  6.34e-02  4244s
 268   8.96388826e+11  8.96387212e+11  1.09e-01 2.95e-05  6.14e-02  4258s
 269   8.96388744e+11  8.96387217e+11  1.05e-01 9.91e-05  5.81e-02  4280s
 270   8.96388614e+11  8.96387225e+11  9.44e-02 1.19e-04  5.28e-02  4297s
 271   8.96388512e+11  8.96387239e+11  8.77e-02 6.88e-05  4.84e-02  4323s
 272   8.96388324e+11  8.96387263e+11  7.36e-02 1.27e-04  4.04e-02  4339s
 273   8.96388266e+11  8.96387281e+11  6.90e-02 1.10e-04  3.75e-02  4363s
 274   8.96388235e+11  8.96387284e+11  6.65e-02 4.17e-05  3.62e-02  4384s
 275   8.96388180e+11  8.96387292e+11  6.22e-02 5.70e-05  3.38e-02  4407s
 276   8.96388083e+11  8.96387302e+11  5.40e-02 1.47e-04  2.97e-02  4432s
 277   8.96388048e+11  8.96387312e+11  5.10e-02 5.38e-05  2.80e-02  4458s
 278   8.96388009e+11  8.96387318e+11  4.70e-02 1.56e-04  2.62e-02  4482s
 279   8.96387947e+11  8.96387328e+11  5.14e-02 6.63e-05  2.35e-02  4501s
 280   8.96387890e+11  8.96387337e+11  4.22e-02 1.15e-04  2.10e-02  4525s
 281   8.96387874e+11  8.96387342e+11  4.06e-02 8.80e-05  2.02e-02  4542s
 282   8.96387794e+11  8.96387354e+11  3.63e-02 8.03e-05  1.67e-02  4567s
 283   8.96387777e+11  8.96387357e+11  3.47e-02 1.36e-04  1.59e-02  4583s
 284   8.96387753e+11  8.96387367e+11  3.29e-02 1.03e-04  1.47e-02  4603s
 285   8.96387687e+11  8.96387373e+11  2.74e-02 1.52e-04  1.20e-02  4625s
 286   8.96387672e+11  8.96387376e+11  2.59e-02 6.63e-05  1.13e-02  4641s
 287   8.96387635e+11  8.96387381e+11  2.23e-02 9.70e-05  9.66e-03  4661s
 288   8.96387615e+11  8.96387385e+11  2.03e-02 2.03e-04  8.75e-03  4680s
 289   8.96387586e+11  8.96387386e+11  1.76e-02 1.24e-04  7.60e-03  4701s
 290   8.96387552e+11  8.96387390e+11  1.40e-02 5.99e-05  6.16e-03  4721s
 291   8.96387539e+11  8.96387393e+11  1.29e-02 1.32e-04  5.57e-03  4742s
 292   8.96387532e+11  8.96387395e+11  1.19e-02 6.03e-05  5.21e-03  4762s
 293   8.96387511e+11  8.96387397e+11  9.66e-03 1.36e-04  4.33e-03  4782s
 294   8.96387503e+11  8.96387398e+11  8.47e-03 1.04e-04  3.99e-03  4807s
 295   8.96387502e+11  8.96387398e+11  1.03e-02 1.04e-04  3.98e-03  4823s
 296   8.96387491e+11  8.96387398e+11  9.04e-03 1.36e-04  3.55e-03  4847s

Barrier solved model in 296 iterations and 4846.77 seconds (3839.80 work units)
Optimal objective 8.96387491e+11


