Solver command line: ['/share/apps/gurobi/12.0.0/bin/gurobi.sh']

Set parameter TokenServer to value "10.1.1.1"
Read LP format model from file /mnt/beegfs/users/ehsanno/openempire/tmp9tui9jth.pyomo.lp
Reading time = 12.50 seconds
x1: 4862832 rows, 4413963 columns, 16400776 nonzeros
Set parameter QCPDual to value 1
Set parameter Method to value 2
Set parameter Crossover to value 0
Set parameter Presolve to value -1
Gurobi Optimizer version 12.0.0 build v12.0.0rc1 (linux64 - "CentOS Linux 7 (Core)")

CPU model: Intel(R) Xeon(R) Gold 6244 CPU @ 3.60GHz, instruction set [SSE2|AVX|AVX2|AVX512]
Thread count: 16 physical cores, 32 logical processors, using up to 32 threads

Non-default parameters:
Method  2
Crossover  0
QCPDual  1

Optimize a model with 4862832 rows, 4413963 columns and 16400776 nonzeros
Model fingerprint: 0x537204c9
Coefficient statistics:
  Matrix range     [1e-03, 3e+01]
  Objective range  [4e-03, 5e+06]
  Bounds range     [1e+00, 1e+00]
  RHS range        [1e+00, 6e+08]
Presolve removed 880243 rows and 625152 columns (presolve time = 5s)...
Presolve removed 899380 rows and 631639 columns (presolve time = 10s)...
Presolve removed 899380 rows and 631639 columns
Presolve time: 11.24s
Presolved: 3963452 rows, 3782324 columns, 13896116 nonzeros
Elapsed ordering time = 5s
Elapsed ordering time = 10s
Ordering time: 13.23s

Barrier statistics:
 Dense cols : 1163
 AA' NZ     : 1.160e+07
 Factor NZ  : 1.121e+08 (roughly 4.0 GB of memory)
 Factor Ops : 5.097e+10 (less than 1 second per iteration)
 Threads    : 16

                  Objective                Residual
Iter       Primal          Dual         Primal    Dual     Compl     Time
   0   1.59278729e+17 -6.35144725e+15  6.72e+11 4.72e+04  9.91e+12    31s
   1   1.24400566e+17 -9.75611250e+15  5.00e+11 5.00e+05  6.30e+12    34s
   2   1.04997078e+17 -4.88117319e+16  4.15e+11 3.57e+05  5.27e+12    36s
   3   8.37858584e+16 -1.16191566e+17  3.26e+11 2.02e+05  3.72e+12    40s
   4   5.80042670e+16 -1.66578517e+17  2.25e+11 1.06e+05  2.55e+12    42s
   5   3.99479165e+16 -1.99912171e+17  1.55e+11 3.13e+04  1.73e+12    46s
   6   2.33734468e+16 -1.97989933e+17  9.01e+10 1.67e+04  1.02e+12    50s
   7   1.96758476e+16 -1.93062999e+17  7.57e+10 1.05e+04  8.58e+11    53s
   8   1.62857861e+16 -1.85332256e+17  6.25e+10 7.69e+03  7.11e+11    56s
   9   1.45448505e+16 -1.77586541e+17  5.57e+10 6.81e+03  6.33e+11    58s
  10   1.30720999e+16 -1.66964894e+17  5.00e+10 6.23e+03  5.68e+11    60s
  11   6.82316242e+15 -1.15087694e+17  2.58e+10 2.86e+03  2.95e+11    63s
  12   4.78883450e+15 -8.03863336e+16  1.80e+10 5.09e+02  2.01e+11    66s
  13   2.88408567e+15 -5.95157047e+16  1.06e+10 1.33e+02  1.17e+11    69s
  14   2.04815651e+15 -3.57391708e+16  7.34e+09 3.28e-02  7.87e+10    71s
  15   1.19242277e+15 -2.65099383e+16  4.01e+09 3.50e-03  4.31e+10    73s
  16   5.68667948e+14 -2.37943813e+16  1.63e+09 3.30e-03  1.91e+10    75s
  17   4.08195581e+14 -1.57723460e+16  1.05e+09 2.20e-03  1.16e+10    77s
  18   3.02499282e+14 -1.25543300e+16  6.91e+08 1.64e-03  7.47e+09    79s
  19   2.57185708e+14 -9.56493627e+15  5.37e+08 1.14e-03  5.38e+09    81s
  20   2.05148933e+14 -6.43416728e+15  3.61e+08 1.50e-03  3.22e+09    83s
  21   1.49194159e+14 -4.94842097e+15  1.94e+08 8.31e-04  1.80e+09    85s
  22   1.18012355e+14 -4.18166297e+15  1.09e+08 8.56e-04  1.15e+09    87s
  23   1.07785673e+14 -2.55531460e+15  8.26e+07 3.81e-04  6.83e+08    90s
  24   8.60194978e+13 -1.82192222e+15  3.91e+07 3.04e-04  3.83e+08    92s
  25   7.69368445e+13 -1.51875995e+15  2.97e+07 2.43e-04  3.00e+08    94s
  26   7.37306094e+13 -1.28806574e+15  2.69e+07 1.95e-04  2.53e+08    96s
  27   6.17001753e+13 -1.19570508e+15  1.88e+07 1.76e-04  2.16e+08    98s
  28   6.01290646e+13 -6.46040999e+14  1.80e+07 2.52e-04  1.25e+08   100s
  29   4.04448870e+13 -3.19088487e+14  1.02e+07 2.06e-04  5.95e+07   104s
  30   3.44429442e+13 -1.79678093e+14  8.28e+06 6.21e-05  3.50e+07   108s
  31   2.21415666e+13 -1.01274438e+14  5.13e+06 1.15e-04  1.93e+07   111s
  32   1.58939863e+13 -6.72484841e+13  3.49e+06 1.02e-04  1.26e+07   114s
  33   1.31674598e+13 -4.50604515e+13  2.78e+06 7.15e-05  8.72e+06   116s
  34   1.09307523e+13 -3.55923522e+13  2.21e+06 3.78e-05  6.88e+06   118s
  35   1.03736361e+13 -3.08556656e+13  2.08e+06 3.08e-05  6.08e+06   120s
  36   8.66889042e+12 -2.99441945e+13  1.69e+06 3.17e-05  5.63e+06   123s
  37   8.49133718e+12 -2.57948311e+13  1.65e+06 1.89e-05  5.00e+06   126s
  38   6.33853273e+12 -2.17868668e+13  1.15e+06 2.69e-05  4.04e+06   129s
  39   5.72835141e+12 -2.05033165e+13  1.01e+06 2.66e-05  3.75e+06   134s
  40   4.99789106e+12 -1.41008403e+13  8.45e+05 2.83e-05  2.71e+06   138s
  41   4.55627457e+12 -1.22721638e+13  7.43e+05 1.88e-05  2.38e+06   142s
  42   3.88261375e+12 -9.33709153e+12  5.90e+05 1.88e-05  1.86e+06   146s
  43   3.42832812e+12 -7.63161154e+12  4.90e+05 1.75e-05  1.55e+06   150s
  44   3.14136667e+12 -6.68121113e+12  4.25e+05 1.64e-05  1.37e+06   154s
  45   2.90425204e+12 -5.75147334e+12  3.70e+05 1.47e-05  1.21e+06   159s
  46   2.65411514e+12 -5.01887317e+12  3.12e+05 1.42e-05  1.07e+06   163s
  47   2.57730196e+12 -4.53875617e+12  2.96e+05 1.21e-05  9.88e+05   167s
  48   2.34344172e+12 -3.87396181e+12  2.44e+05 1.04e-05  8.61e+05   171s
  49   2.16040022e+12 -3.37491433e+12  2.02e+05 9.36e-06  7.65e+05   176s
  50   2.06553865e+12 -2.87889475e+12  1.82e+05 8.40e-06  6.83e+05   180s
  51   2.03665944e+12 -2.59724190e+12  1.76e+05 7.48e-06  6.40e+05   184s
  52   1.96348583e+12 -2.12056172e+12  1.61e+05 6.17e-06  5.63e+05   188s
  53   1.85049961e+12 -1.62719769e+12  1.39e+05 5.57e-06  4.79e+05   193s
  54   1.75955516e+12 -1.16362317e+12  1.21e+05 4.39e-06  4.03e+05   197s
  55   1.65361808e+12 -8.19917863e+11  1.01e+05 3.47e-06  3.40e+05   201s
  56   1.60563556e+12 -5.93824598e+11  9.23e+04 3.08e-06  3.02e+05   205s
  57   1.56365137e+12 -4.61231376e+11  8.50e+04 2.82e-06  2.78e+05   210s
  58   1.52333000e+12 -2.60957922e+11  7.81e+04 2.56e-06  2.45e+05   214s
  59   1.45229540e+12 -1.71642864e+11  6.65e+04 2.35e-06  2.23e+05   218s
  60   1.41129110e+12 -4.19622102e+10  6.06e+04 2.16e-06  2.00e+05   222s
  61   1.36329016e+12  1.64801162e+11  5.42e+04 1.61e-06  1.65e+05   226s
  62   1.29609409e+12  2.39725094e+11  4.55e+04 1.53e-06  1.45e+05   230s
  63   1.26233195e+12  3.42709927e+11  4.20e+04 1.24e-06  1.26e+05   234s
  64   1.20655161e+12  4.03440352e+11  3.64e+04 1.07e-06  1.10e+05   238s
  65   1.17051155e+12  4.61805741e+11  3.28e+04 9.09e-07  9.72e+04   242s
  66   1.13110740e+12  5.15578173e+11  2.89e+04 7.80e-07  8.44e+04   247s
  67   1.08130380e+12  5.29390023e+11  2.41e+04 7.49e-07  7.56e+04   251s
  68   1.05687127e+12  5.74818187e+11  2.18e+04 6.37e-07  6.60e+04   255s
  69   1.03572235e+12  6.15068444e+11  1.99e+04 5.38e-07  5.76e+04   259s
  70   1.01385226e+12  6.45086302e+11  1.79e+04 4.66e-07  5.05e+04   263s
  71   9.86867379e+11  6.60516468e+11  1.56e+04 4.24e-07  4.47e+04   267s
  72   9.60252523e+11  6.76127510e+11  1.33e+04 3.59e-07  3.89e+04   271s
  73   9.46784949e+11  6.94060604e+11  1.21e+04 2.97e-07  3.46e+04   276s
  74   9.23061739e+11  7.01778057e+11  1.01e+04 2.94e-07  3.03e+04   280s
  75   9.14852468e+11  7.19742439e+11  9.45e+03 2.24e-07  2.67e+04   284s
  76   9.07657089e+11  7.24179871e+11  8.87e+03 2.26e-07  2.51e+04   288s
  77   8.91860562e+11  7.31744988e+11  7.60e+03 2.01e-07  2.19e+04   292s
  78   8.85297968e+11  7.36828483e+11  7.08e+03 1.84e-07  2.03e+04   296s
  79   8.72069273e+11  7.45622464e+11  6.03e+03 3.96e-07  1.73e+04   300s
  80   8.61795528e+11  7.51225498e+11  5.22e+03 7.53e-07  1.51e+04   305s
  81   8.52419480e+11  7.56001610e+11  4.48e+03 7.38e-07  1.32e+04   309s
  82   8.46740023e+11  7.63155203e+11  4.04e+03 1.17e-06  1.14e+04   313s
  83   8.40021545e+11  7.66857809e+11  3.51e+03 1.61e-06  1.00e+04   317s
  84   8.38215723e+11  7.68319970e+11  3.37e+03 1.39e-06  9.56e+03   320s
  85   8.34299073e+11  7.70937865e+11  3.07e+03 3.05e-06  8.67e+03   324s
  86   8.32802128e+11  7.73229987e+11  2.95e+03 3.95e-06  8.15e+03   327s
  87   8.27059414e+11  7.74889705e+11  2.50e+03 4.63e-06  7.14e+03   332s
  88   8.25448163e+11  7.76464464e+11  2.37e+03 4.59e-06  6.70e+03   336s
  89   8.22943605e+11  7.78498937e+11  2.18e+03 4.42e-06  6.08e+03   340s
  90   8.21603716e+11  7.79205468e+11  2.08e+03 5.19e-06  5.80e+03   344s
  91   8.19830773e+11  7.80044919e+11  1.94e+03 4.73e-06  5.44e+03   348s
  92   8.17626612e+11  7.81269805e+11  1.77e+03 4.95e-06  4.97e+03   352s
  93   8.16043298e+11  7.82968053e+11  1.65e+03 4.98e-06  4.52e+03   356s
  94   8.13659218e+11  7.83666756e+11  1.47e+03 4.56e-06  4.10e+03   360s
  95   8.12139997e+11  7.85174083e+11  1.35e+03 4.36e-06  3.69e+03   365s
  96   8.10697852e+11  7.85693914e+11  1.24e+03 4.62e-06  3.42e+03   368s
  97   8.09384561e+11  7.86171742e+11  1.14e+03 4.43e-06  3.18e+03   372s
  98   8.08329281e+11  7.86814801e+11  1.06e+03 4.54e-06  2.94e+03   376s
  99   8.07994081e+11  7.86932955e+11  1.03e+03 4.23e-06  2.88e+03   381s
 100   8.07688862e+11  7.87008203e+11  1.01e+03 4.50e-06  2.83e+03   384s
 101   8.07222665e+11  7.87115039e+11  9.71e+02 4.65e-06  2.75e+03   388s
 102   8.06015691e+11  7.87886260e+11  8.77e+02 4.25e-06  2.48e+03   392s
 103   8.05300167e+11  7.88370691e+11  8.20e+02 4.03e-06  2.32e+03   396s
 104   8.04755506e+11  7.88858850e+11  7.75e+02 3.93e-06  2.17e+03   401s
 105   8.03969813e+11  7.89418025e+11  7.10e+02 3.80e-06  1.99e+03   405s
 106   8.03133754e+11  7.89696438e+11  6.40e+02 3.60e-06  1.84e+03   409s
 107   8.02274303e+11  7.90281623e+11  5.67e+02 3.41e-06  1.64e+03   413s
 108   8.01451028e+11  7.90816446e+11  4.97e+02 3.21e-06  1.45e+03   417s
 109   8.01092301e+11  7.91545018e+11  4.66e+02 4.02e-06  1.31e+03   421s
 110   8.00889999e+11  7.91615526e+11  4.50e+02 2.55e-06  1.27e+03   425s
 111   8.00259191e+11  7.91961530e+11  3.98e+02 2.53e-06  1.13e+03   429s
 112   7.99995751e+11  7.92222308e+11  3.76e+02 2.71e-06  1.06e+03   434s
 113   7.99493906e+11  7.92426148e+11  3.35e+02 3.39e-06  9.66e+02   438s
 114   7.99190104e+11  7.92620837e+11  3.10e+02 3.06e-06  8.98e+02   442s
 115   7.98863813e+11  7.92778277e+11  2.84e+02 3.35e-06  8.32e+02   446s
 116   7.98653900e+11  7.92966631e+11  2.67e+02 4.18e-06  7.78e+02   451s
 117   7.98400848e+11  7.93056141e+11  2.47e+02 5.06e-06  7.31e+02   455s
 118   7.98268461e+11  7.93236736e+11  2.37e+02 5.25e-06  6.88e+02   459s
 119   7.98097172e+11  7.93345873e+11  2.23e+02 6.24e-06  6.50e+02   463s
 120   7.97918048e+11  7.93459971e+11  2.09e+02 7.43e-06  6.10e+02   467s
 121   7.97743823e+11  7.93638616e+11  1.95e+02 7.14e-06  5.61e+02   471s
 122   7.97621336e+11  7.93718298e+11  1.86e+02 6.25e-06  5.34e+02   475s
 123   7.97487674e+11  7.93866237e+11  1.75e+02 5.55e-06  4.95e+02   480s
 124   7.97333177e+11  7.93940176e+11  1.63e+02 4.05e-06  4.64e+02   484s
 125   7.97174277e+11  7.94059771e+11  1.51e+02 2.93e-06  4.26e+02   488s
 126   7.97060601e+11  7.94144944e+11  1.42e+02 1.86e-06  3.99e+02   492s
 127   7.96943818e+11  7.94226586e+11  1.33e+02 1.30e-06  3.72e+02   495s
 128   7.96919115e+11  7.94264505e+11  1.31e+02 9.90e-07  3.63e+02   498s
 129   7.96881323e+11  7.94296762e+11  1.28e+02 8.23e-07  3.53e+02   502s
 130   7.96854651e+11  7.94322798e+11  1.26e+02 7.84e-07  3.46e+02   505s
 131   7.96759664e+11  7.94355079e+11  1.18e+02 1.06e-06  3.29e+02   509s
 132   7.96724650e+11  7.94380884e+11  1.15e+02 1.25e-06  3.20e+02   511s
 133   7.96652018e+11  7.94429773e+11  1.09e+02 1.16e-06  3.04e+02   516s
 134   7.96494274e+11  7.94498469e+11  9.69e+01 2.22e-06  2.73e+02   520s
 135   7.96442444e+11  7.94524678e+11  9.27e+01 1.80e-06  2.62e+02   524s
 136   7.96336622e+11  7.94570555e+11  8.44e+01 1.24e-06  2.41e+02   527s
 137   7.96250579e+11  7.94627424e+11  7.77e+01 6.71e-07  2.22e+02   532s
 138   7.96200048e+11  7.94669254e+11  7.37e+01 1.65e-06  2.09e+02   536s
 139   7.96141276e+11  7.94725427e+11  6.91e+01 2.40e-06  1.94e+02   540s
 140   7.96067046e+11  7.94768442e+11  6.32e+01 3.29e-06  1.78e+02   544s
 141   7.96028030e+11  7.94792198e+11  6.02e+01 2.56e-06  1.69e+02   547s
 142   7.95976145e+11  7.94827981e+11  5.61e+01 1.30e-06  1.57e+02   552s
 143   7.95932686e+11  7.94858028e+11  5.28e+01 2.68e-07  1.47e+02   555s
 144   7.95901126e+11  7.94877057e+11  5.04e+01 1.12e-07  1.40e+02   559s
 145   7.95868858e+11  7.94894721e+11  4.79e+01 2.30e-07  1.33e+02   563s
 146   7.95838996e+11  7.94915872e+11  4.55e+01 5.76e-07  1.26e+02   567s
 147   7.95806845e+11  7.94972857e+11  4.31e+01 5.22e-08  1.14e+02   572s
 148   7.95751395e+11  7.94981346e+11  3.88e+01 7.98e-07  1.05e+02   576s
 149   7.95704653e+11  7.95007137e+11  3.52e+01 3.73e-08  9.54e+01   580s
 150   7.95668568e+11  7.95028676e+11  3.23e+01 5.22e-08  8.75e+01   584s
 151   7.95603447e+11  7.95053222e+11  2.74e+01 2.85e-07  7.52e+01   588s
 152   7.95585408e+11  7.95065056e+11  2.60e+01 1.69e-07  7.11e+01   592s
 153   7.95553361e+11  7.95085898e+11  2.35e+01 5.70e-07  6.39e+01   596s
 154   7.95509544e+11  7.95102627e+11  2.02e+01 5.77e-07  5.56e+01   600s
 155   7.95485501e+11  7.95114282e+11  1.84e+01 2.65e-07  5.08e+01   604s
 156   7.95467629e+11  7.95128489e+11  1.70e+01 5.22e-08  4.64e+01   608s
 157   7.95447929e+11  7.95141429e+11  1.55e+01 5.22e-08  4.19e+01   612s
 158   7.95433479e+11  7.95153985e+11  1.44e+01 2.89e-07  3.82e+01   616s
 159   7.95407790e+11  7.95159669e+11  1.24e+01 3.80e-08  3.39e+01   620s
 160   7.95375845e+11  7.95169816e+11  1.00e+01 1.67e-07  2.82e+01   624s
 161   7.95373042e+11  7.95177524e+11  9.80e+00 6.09e-07  2.67e+01   629s
 162   7.95366409e+11  7.95183541e+11  9.29e+00 3.97e-07  2.50e+01   633s
 163   7.95356341e+11  7.95192342e+11  8.52e+00 5.13e-07  2.24e+01   637s
 164   7.95331726e+11  7.95198806e+11  6.67e+00 1.54e-06  1.82e+01   641s
 165   7.95320543e+11  7.95202522e+11  5.81e+00 3.35e-07  1.61e+01   645s
 166   7.95311442e+11  7.95208221e+11  5.13e+00 5.30e-07  1.41e+01   649s
 167   7.95309381e+11  7.95210737e+11  4.97e+00 4.23e-07  1.35e+01   653s
 168   7.95299432e+11  7.95213500e+11  4.23e+00 9.60e-07  1.17e+01   657s
 169   7.95293260e+11  7.95216681e+11  3.77e+00 1.73e-06  1.05e+01   661s
 170   7.95291597e+11  7.95217263e+11  3.64e+00 2.00e-06  1.02e+01   664s
 171   7.95288165e+11  7.95218621e+11  3.38e+00 5.75e-07  9.51e+00   668s
 172   7.95282729e+11  7.95221600e+11  2.98e+00 1.99e-07  8.36e+00   672s
 173   7.95279801e+11  7.95224397e+11  2.75e+00 1.54e-07  7.57e+00   677s
 174   7.95277146e+11  7.95225478e+11  2.55e+00 3.07e-07  7.06e+00   681s
 175   7.95273920e+11  7.95228886e+11  2.31e+00 8.18e-07  6.16e+00   685s
 176   7.95271061e+11  7.95230264e+11  2.09e+00 9.63e-08  5.58e+00   689s
 177   7.95267105e+11  7.95231426e+11  1.79e+00 2.62e-07  4.88e+00   693s
 178   7.95265255e+11  7.95233489e+11  1.65e+00 8.63e-08  4.34e+00   697s
 179   7.95264655e+11  7.95233918e+11  1.61e+00 1.57e-06  4.20e+00   700s
 180   7.95262056e+11  7.95235280e+11  1.42e+00 1.87e-06  3.66e+00   704s
 181   7.95259462e+11  7.95235975e+11  1.22e+00 3.38e-06  3.21e+00   708s
 182   7.95257676e+11  7.95236660e+11  1.09e+00 1.42e-06  2.87e+00   712s
 183   7.95255386e+11  7.95237233e+11  9.26e-01 3.10e-06  2.48e+00   717s
 184   7.95254702e+11  7.95237861e+11  8.75e-01 2.19e-07  2.30e+00   721s
 185   7.95252694e+11  7.95238483e+11  7.29e-01 6.08e-06  1.94e+00   725s
 186   7.95251669e+11  7.95239273e+11  6.53e-01 6.28e-06  1.70e+00   729s
 187   7.95250477e+11  7.95239600e+11  5.63e-01 2.75e-06  1.49e+00   734s
 188   7.95249638e+11  7.95240138e+11  5.01e-01 6.59e-06  1.30e+00   738s
 189   7.95248893e+11  7.95240286e+11  4.47e-01 2.90e-06  1.18e+00   742s
 190   7.95247894e+11  7.95240443e+11  3.75e-01 3.71e-06  1.02e+00   746s
 191   7.95247260e+11  7.95240627e+11  3.27e-01 7.60e-06  9.07e-01   750s
 192   7.95246639e+11  7.95240770e+11  2.82e-01 3.09e-07  8.02e-01   754s
 193   7.95246560e+11  7.95240983e+11  2.77e-01 1.04e-05  7.62e-01   759s
 194   7.95245894e+11  7.95241183e+11  2.29e-01 7.93e-06  6.44e-01   763s
 195   7.95245496e+11  7.95241581e+11  1.99e-01 1.23e-05  5.35e-01   767s
 196   7.95245094e+11  7.95241697e+11  1.70e-01 1.09e-05  4.64e-01   771s
 197   7.95244935e+11  7.95241844e+11  1.58e-01 7.40e-06  4.23e-01   775s
 198   7.95244821e+11  7.95241856e+11  1.50e-01 8.09e-06  4.05e-01   779s
 199   7.95244622e+11  7.95241964e+11  1.36e-01 8.48e-06  3.64e-01   782s
 200   7.95244423e+11  7.95242098e+11  1.21e-01 2.77e-06  3.18e-01   786s
 201   7.95244009e+11  7.95242255e+11  9.08e-02 9.89e-06  2.40e-01   790s
 202   7.95243936e+11  7.95242314e+11  8.56e-02 9.22e-06  2.22e-01   794s
 203   7.95243761e+11  7.95242470e+11  7.29e-02 1.32e-05  1.77e-01   798s
 204   7.95243600e+11  7.95242516e+11  6.13e-02 1.35e-06  1.48e-01   803s
 205   7.95243406e+11  7.95242578e+11  4.73e-02 3.93e-06  1.13e-01   807s
 206   7.95243300e+11  7.95242599e+11  4.00e-02 1.60e-05  9.60e-02   811s
 207   7.95243184e+11  7.95242643e+11  3.16e-02 1.90e-05  7.40e-02   815s
 208   7.95243046e+11  7.95242649e+11  2.28e-02 5.50e-06  5.43e-02   820s
 209   7.95243007e+11  7.95242669e+11  2.05e-02 2.01e-05  4.64e-02   824s
 210   7.95242939e+11  7.95242675e+11  1.65e-02 2.37e-05  3.61e-02   828s
 211   7.95242913e+11  7.95242682e+11  1.44e-02 1.09e-05  3.16e-02   834s
 212   7.95242881e+11  7.95242695e+11  1.22e-02 1.77e-05  2.54e-02   839s
 213   7.95242842e+11  7.95242698e+11  9.08e-03 2.30e-05  1.97e-02   843s
 214   7.95242833e+11  7.95242701e+11  8.31e-03 1.20e-05  1.80e-02   847s
 215   7.95242816e+11  7.95242705e+11  6.90e-03 2.48e-05  1.52e-02   851s
 216   7.95242810e+11  7.95242713e+11  6.43e-03 2.42e-05  1.33e-02   856s
 217   7.95242796e+11  7.95242717e+11  5.27e-03 4.65e-06  1.09e-02   860s
 218   7.95242785e+11  7.95242719e+11  4.37e-03 3.04e-06  9.05e-03   865s
 219   7.95242778e+11  7.95242720e+11  3.78e-03 2.10e-05  7.81e-03   872s
 220   7.95242765e+11  7.95242724e+11  2.80e-03 2.03e-05  5.55e-03   876s
 221   7.95242756e+11  7.95242728e+11  2.02e-03 2.40e-05  3.85e-03   880s
 222   7.95242750e+11  7.95242728e+11  1.52e-03 1.97e-05  3.02e-03   886s
 223   7.95242748e+11  7.95242728e+11  1.34e-03 1.43e-05  2.68e-03   891s
 224   7.95242737e+11  7.95242729e+11  5.13e-04 2.00e-05  1.09e-03   894s
 225   7.95242736e+11  7.95242730e+11  8.21e-04 3.16e-05  7.95e-04   898s

Barrier solved model in 225 iterations and 897.87 seconds (741.60 work units)
Optimal objective 7.95242736e+11


