Solver command line: ['/share/apps/gurobi/12.0.0/bin/gurobi.sh']

Set parameter TokenServer to value "10.1.1.1"
Read LP format model from file /mnt/beegfs/users/ehsanno/openempire/tmpdmy3qk6m.pyomo.lp
Reading time = 12.15 seconds
x1: 4862832 rows, 4413963 columns, 16400776 nonzeros
Set parameter QCPDual to value 1
Set parameter Method to value 2
Set parameter Crossover to value 0
Set parameter Presolve to value -1
Gurobi Optimizer version 12.0.0 build v12.0.0rc1 (linux64 - "CentOS Linux 7 (Core)")

CPU model: Intel(R) Xeon(R) Gold 6244 CPU @ 3.60GHz, instruction set [SSE2|AVX|AVX2|AVX512]
Thread count: 16 physical cores, 32 logical processors, using up to 32 threads

Non-default parameters:
Method  2
Crossover  0
QCPDual  1

Optimize a model with 4862832 rows, 4413963 columns and 16400776 nonzeros
Model fingerprint: 0xb4520add
Coefficient statistics:
  Matrix range     [1e-03, 3e+01]
  Objective range  [4e-03, 5e+06]
  Bounds range     [1e+00, 1e+00]
  RHS range        [1e+00, 6e+08]
Presolve removed 1044611 rows and 702984 columns (presolve time = 5s)...
Presolve removed 1059428 rows and 709470 columns (presolve time = 11s)...
Presolve removed 1059428 rows and 709470 columns
Presolve time: 10.95s
Presolved: 3803404 rows, 3704493 columns, 13364156 nonzeros
Elapsed ordering time = 5s
Ordering time: 11.92s

Barrier statistics:
 Dense cols : 1116
 AA' NZ     : 1.099e+07
 Factor NZ  : 1.103e+08 (roughly 4.0 GB of memory)
 Factor Ops : 4.787e+10 (less than 1 second per iteration)
 Threads    : 16

                  Objective                Residual
Iter       Primal          Dual         Primal    Dual     Compl     Time
   0   1.59187516e+17 -7.53100986e+15  6.72e+11 4.63e+04  9.81e+12    30s
   1   1.23568543e+17 -1.08855963e+16  5.00e+11 5.04e+05  6.34e+12    32s
   2   1.08102985e+17 -4.19273836e+16  4.26e+11 4.29e+05  5.48e+12    34s
   3   1.01050493e+17 -9.05705374e+16  3.96e+11 2.59e+05  4.49e+12    38s
   4   7.71063021e+16 -1.34524010e+17  3.01e+11 1.63e+05  3.41e+12    40s
   5   4.41682575e+16 -1.93233412e+17  1.70e+11 4.92e+04  1.93e+12    44s
   6   2.56021792e+16 -2.04898762e+17  9.70e+10 1.88e+04  1.13e+12    48s
   7   2.45305824e+16 -2.03422502e+17  9.29e+10 1.71e+04  1.08e+12    52s
   8   1.88281774e+16 -1.97485760e+17  7.10e+10 1.10e+04  8.31e+11    54s
   9   1.73866626e+16 -1.93340381e+17  6.55e+10 1.00e+04  7.66e+11    56s
  10   1.57622979e+16 -1.82767775e+17  5.93e+10 8.31e+03  6.91e+11    59s
  11   1.15875332e+16 -1.30123379e+17  4.34e+10 2.97e+03  4.99e+11    61s
  12   6.17893096e+15 -1.04230702e+17  2.31e+10 8.05e+02  2.69e+11    64s
  13   4.55860718e+15 -7.70104090e+16  1.70e+10 1.98e+02  1.92e+11    68s
  14   3.10617523e+15 -7.23633206e+16  1.15e+10 1.55e+02  1.33e+11    70s
  15   1.92774509e+15 -4.94074723e+16  7.04e+09 1.91e+01  8.13e+10    72s
  16   1.40470985e+15 -3.50348601e+16  4.93e+09 7.40e+00  5.56e+10    74s
  17   5.68281948e+14 -2.46830874e+16  1.62e+09 6.56e-04  1.98e+10    76s
  18   3.45682404e+14 -2.10099718e+16  8.72e+08 7.22e-04  1.15e+10    78s
  19   2.62178787e+14 -1.69161620e+16  5.81e+08 9.07e-04  7.72e+09    80s
  20   2.20753252e+14 -1.31702597e+16  4.35e+08 8.15e-04  5.56e+09    82s
  21   1.96210777e+14 -8.97979179e+15  3.49e+08 9.88e-04  3.86e+09    84s
  22   1.32617183e+14 -5.46473179e+15  1.43e+08 4.29e-04  1.63e+09    86s
  23   1.12442043e+14 -4.79499507e+15  8.78e+07 2.68e-04  1.17e+09    88s
  24   1.00798650e+14 -2.95609103e+15  5.73e+07 1.95e-04  6.69e+08    90s
  25   9.04536309e+13 -2.53525471e+15  3.67e+07 1.59e-04  5.09e+08    92s
  26   7.69968590e+13 -1.55897577e+15  1.83e+07 1.83e-04  2.81e+08    94s
  27   7.19142043e+13 -1.40891436e+15  1.51e+07 1.63e-04  2.47e+08    96s
  28   6.89733309e+13 -8.12162662e+14  1.34e+07 1.09e-04  1.49e+08    98s
  29   5.65307935e+13 -7.02730700e+14  9.63e+06 9.68e-05  1.23e+08   100s
  30   4.47587144e+13 -5.12919875e+14  5.86e+06 5.63e-05  8.65e+07   103s
  31   3.89448379e+13 -3.66897438e+14  4.37e+06 7.34e-05  6.19e+07   106s
  32   2.72802274e+13 -2.28067627e+14  2.30e+06 6.78e-05  3.78e+07   110s
  33   2.49505125e+13 -1.29334693e+14  2.01e+06 1.06e-04  2.29e+07   114s
  34   1.87871821e+13 -7.80681925e+13  1.44e+06 3.33e-05  1.43e+07   118s
  35   1.46834274e+13 -4.51951070e+13  1.06e+06 8.67e-05  8.79e+06   120s
  36   1.13964246e+13 -3.41888467e+13  7.77e+05 6.18e-05  6.64e+06   122s
  37   8.78861652e+12 -2.93516276e+13  5.57e+05 4.77e-05  5.50e+06   125s
  38   8.18952749e+12 -2.81370995e+13  5.08e+05 4.40e-05  5.23e+06   127s
  39   7.11097543e+12 -2.59492912e+13  4.23e+05 3.92e-05  4.74e+06   129s
  40   6.23034471e+12 -2.20996430e+13  3.54e+05 3.44e-05  4.05e+06   133s
  41   5.83261501e+12 -1.97308303e+13  3.23e+05 3.52e-05  3.65e+06   135s
  42   4.96808298e+12 -1.32123159e+13  2.56e+05 2.74e-05  2.59e+06   139s
  43   4.32264279e+12 -1.09298650e+13  2.09e+05 1.98e-05  2.17e+06   143s
  44   3.96943820e+12 -9.35131180e+12  1.83e+05 1.52e-05  1.89e+06   147s
  45   3.52787903e+12 -8.29841307e+12  1.51e+05 1.18e-05  1.67e+06   151s
  46   3.20972879e+12 -7.54781278e+12  1.28e+05 1.14e-05  1.52e+06   156s
  47   2.98465280e+12 -5.71817920e+12  1.12e+05 8.20e-06  1.23e+06   160s
  48   2.72607952e+12 -5.19661243e+12  9.39e+04 2.41e-05  1.12e+06   164s
  49   2.59093243e+12 -4.46582679e+12  8.47e+04 1.53e-04  9.94e+05   168s
  50   2.36384179e+12 -3.85875366e+12  6.97e+04 1.78e-04  8.75e+05   172s
  51   2.20291944e+12 -3.57084732e+12  5.94e+04 1.73e-04  8.11e+05   176s
  52   2.15848119e+12 -3.42887087e+12  5.66e+04 1.55e-04  7.85e+05   179s
  53   2.04622308e+12 -2.57831724e+12  4.97e+04 3.52e-05  6.49e+05   183s
  54   1.97226767e+12 -2.16464844e+12  4.54e+04 1.20e-04  5.80e+05   187s
  55   1.84951583e+12 -1.62816119e+12  3.84e+04 5.19e-06  4.88e+05   191s
  56   1.78812572e+12 -1.24244979e+12  3.51e+04 3.58e-05  4.25e+05   195s
  57   1.67977522e+12 -1.05675297e+12  2.92e+04 1.45e-05  3.83e+05   199s
  58   1.60526546e+12 -8.31862144e+11  2.53e+04 1.70e-05  3.41e+05   203s
  59   1.57949571e+12 -6.20552262e+11  2.40e+04 7.33e-05  3.08e+05   207s
  60   1.53644588e+12 -4.18191219e+11  2.19e+04 7.01e-05  2.74e+05   211s
  61   1.48818000e+12 -2.42437293e+11  1.96e+04 4.34e-05  2.42e+05   215s
  62   1.46736234e+12 -1.35604577e+11  1.87e+04 4.78e-05  2.24e+05   218s
  63   1.40199426e+12 -7.80499855e+10  1.58e+04 6.23e-05  2.07e+05   222s
  64   1.37637186e+12  5.71636813e+10  1.47e+04 2.12e-05  1.84e+05   226s
  65   1.34137067e+12  1.89026125e+11  1.35e+04 2.43e-05  1.61e+05   230s
  66   1.30956833e+12  2.65414124e+11  1.26e+04 4.98e-05  1.46e+05   234s
  67   1.24091946e+12  3.54201563e+11  1.04e+04 4.72e-05  1.24e+05   238s
  68   1.18716069e+12  4.35444442e+11  8.99e+03 4.24e-05  1.05e+05   242s
  69   1.14148606e+12  4.94702764e+11  7.78e+03 5.40e-05  9.04e+04   246s
  70   1.08063451e+12  5.37878913e+11  6.22e+03 4.90e-05  7.58e+04   250s
  71   1.05268085e+12  5.67496344e+11  5.52e+03 3.83e-05  6.78e+04   254s
  72   1.02918620e+12  5.97672054e+11  4.94e+03 3.03e-05  6.03e+04   258s
  73   1.00001800e+12  6.20831050e+11  4.23e+03 3.81e-05  5.29e+04   261s
  74   9.73330960e+11  6.54671497e+11  3.59e+03 4.02e-05  4.45e+04   265s
  75   9.59028861e+11  6.78025107e+11  3.26e+03 3.60e-05  3.92e+04   269s
  76   9.40559408e+11  6.93652408e+11  2.84e+03 4.28e-05  3.45e+04   273s
  77   9.24057748e+11  7.14315760e+11  2.47e+03 5.30e-05  2.93e+04   278s
  78   9.06394769e+11  7.23263776e+11  2.08e+03 5.62e-05  2.56e+04   282s
  79   8.98172853e+11  7.38346800e+11  1.90e+03 5.28e-05  2.23e+04   286s
  80   8.81255988e+11  7.47716997e+11  1.54e+03 5.06e-05  1.86e+04   290s
  81   8.74133968e+11  7.58753135e+11  1.39e+03 4.20e-05  1.61e+04   294s
  82   8.63330078e+11  7.63652037e+11  1.16e+03 3.82e-05  1.39e+04   298s
  83   8.58968441e+11  7.67123460e+11  1.07e+03 3.91e-05  1.28e+04   301s
  84   8.53389293e+11  7.71790214e+11  9.54e+02 3.59e-05  1.14e+04   305s
  85   8.47480285e+11  7.78380342e+11  8.30e+02 2.94e-05  9.64e+03   310s
  86   8.42347672e+11  7.85049340e+11  7.22e+02 2.80e-05  8.00e+03   314s
  87   8.37197865e+11  7.89439156e+11  6.17e+02 2.35e-05  6.67e+03   318s
  88   8.33176699e+11  7.91834965e+11  5.35e+02 2.04e-05  5.77e+03   322s
  89   8.31526446e+11  7.92376123e+11  5.01e+02 1.96e-05  5.47e+03   326s
  90   8.29089049e+11  7.94144254e+11  4.51e+02 2.09e-05  4.88e+03   329s
  91   8.28525243e+11  7.94613541e+11  4.40e+02 1.72e-05  4.73e+03   332s
  92   8.26986487e+11  7.95431881e+11  4.08e+02 1.66e-05  4.41e+03   335s
  93   8.26335466e+11  7.95927775e+11  3.94e+02 1.48e-05  4.24e+03   339s
  94   8.23304019e+11  7.97430811e+11  3.32e+02 1.28e-05  3.61e+03   343s
  95   8.22199825e+11  7.98110444e+11  3.09e+02 1.24e-05  3.36e+03   347s
  96   8.21345066e+11  7.98738103e+11  2.91e+02 1.12e-05  3.16e+03   351s
  97   8.20421524e+11  7.99127428e+11  2.72e+02 1.16e-05  2.97e+03   354s
  98   8.19801688e+11  7.99930734e+11  2.59e+02 1.08e-05  2.77e+03   359s
  99   8.18863378e+11  8.00481224e+11  2.40e+02 1.06e-05  2.57e+03   363s
 100   8.18698739e+11  8.00781211e+11  2.37e+02 8.37e-06  2.50e+03   366s
 101   8.17580906e+11  8.01096623e+11  2.14e+02 8.05e-06  2.30e+03   370s
 102   8.17263483e+11  8.01672813e+11  2.07e+02 7.19e-06  2.18e+03   374s
 103   8.16204958e+11  8.02181114e+11  1.85e+02 6.62e-06  1.96e+03   378s
 104   8.15687943e+11  8.02538800e+11  1.74e+02 6.79e-06  1.84e+03   382s
 105   8.15375990e+11  8.02908207e+11  1.68e+02 4.71e-06  1.74e+03   386s
 106   8.15031184e+11  8.03017210e+11  1.61e+02 6.57e-06  1.68e+03   390s
 107   8.14880188e+11  8.03108250e+11  1.58e+02 5.71e-06  1.64e+03   393s
 108   8.14781869e+11  8.03180969e+11  1.55e+02 5.97e-06  1.62e+03   396s
 109   8.14196251e+11  8.03665178e+11  1.43e+02 4.47e-06  1.47e+03   400s
 110   8.13504379e+11  8.03990738e+11  1.29e+02 5.67e-06  1.33e+03   404s
 111   8.13195080e+11  8.04208815e+11  1.23e+02 3.76e-06  1.25e+03   408s
 112   8.12611068e+11  8.04359032e+11  1.11e+02 3.57e-06  1.15e+03   412s
 113   8.12385944e+11  8.04574900e+11  1.06e+02 4.41e-06  1.09e+03   416s
 114   8.12089723e+11  8.04707925e+11  9.95e+01 3.64e-06  1.03e+03   420s
 115   8.11874404e+11  8.04802187e+11  9.50e+01 3.60e-06  9.87e+02   424s
 116   8.11389924e+11  8.05097137e+11  8.47e+01 1.99e-06  8.78e+02   428s
 117   8.11020435e+11  8.05318697e+11  7.68e+01 3.83e-06  7.96e+02   432s
 118   8.10964863e+11  8.05396612e+11  7.55e+01 3.07e-06  7.77e+02   437s
 119   8.10711877e+11  8.05520062e+11  7.00e+01 2.90e-06  7.25e+02   441s
 120   8.10598421e+11  8.05755445e+11  6.75e+01 1.46e-06  6.76e+02   445s
 121   8.10140936e+11  8.05860531e+11  5.71e+01 3.52e-06  5.97e+02   449s
 122   8.09825901e+11  8.06070221e+11  4.99e+01 1.80e-06  5.24e+02   453s
 123   8.09721784e+11  8.06170994e+11  4.76e+01 1.41e-06  4.96e+02   457s
 124   8.09597430e+11  8.06291109e+11  4.49e+01 1.73e-06  4.62e+02   461s
 125   8.09455380e+11  8.06477627e+11  4.19e+01 1.98e-06  4.16e+02   465s
 126   8.09263695e+11  8.06524598e+11  3.79e+01 1.87e-06  3.82e+02   470s
 127   8.09061544e+11  8.06627952e+11  3.37e+01 1.51e-06  3.40e+02   474s
 128   8.09015594e+11  8.06650148e+11  3.27e+01 4.39e-07  3.30e+02   476s
 129   8.08896903e+11  8.06738095e+11  3.01e+01 5.50e-07  3.01e+02   480s
 130   8.08864673e+11  8.06768861e+11  2.94e+01 2.76e-06  2.93e+02   485s
 131   8.08729568e+11  8.06807748e+11  2.65e+01 1.35e-06  2.68e+02   488s
 132   8.08605228e+11  8.06873439e+11  2.39e+01 2.38e-06  2.42e+02   493s
 133   8.08536662e+11  8.06901422e+11  2.25e+01 3.53e-06  2.28e+02   497s
 134   8.08448407e+11  8.06975137e+11  2.06e+01 1.51e-06  2.06e+02   501s
 135   8.08384738e+11  8.07003238e+11  1.93e+01 3.13e-07  1.93e+02   505s
 136   8.08304131e+11  8.07055835e+11  1.76e+01 1.52e-06  1.74e+02   509s
 137   8.08283440e+11  8.07065499e+11  1.72e+01 1.45e-06  1.70e+02   512s
 138   8.08231496e+11  8.07086602e+11  1.61e+01 1.19e-06  1.60e+02   516s
 139   8.08121109e+11  8.07105636e+11  1.38e+01 4.92e-07  1.42e+02   520s
 140   8.08069534e+11  8.07133774e+11  1.27e+01 2.58e-06  1.31e+02   524s
 141   8.08019877e+11  8.07160750e+11  1.17e+01 3.17e-06  1.20e+02   528s
 142   8.07968371e+11  8.07172908e+11  1.06e+01 3.29e-06  1.11e+02   532s
 143   8.07927258e+11  8.07203770e+11  9.72e+00 2.94e-06  1.01e+02   536s
 144   8.07903410e+11  8.07231312e+11  9.23e+00 2.09e-07  9.38e+01   540s
 145   8.07876948e+11  8.07243786e+11  8.68e+00 1.25e-06  8.84e+01   544s
 146   8.07826592e+11  8.07260343e+11  7.63e+00 1.12e-07  7.90e+01   548s
 147   8.07807715e+11  8.07270076e+11  7.23e+00 1.28e-06  7.50e+01   551s
 148   8.07770141e+11  8.07286273e+11  6.45e+00 1.12e-07  6.75e+01   555s
 149   8.07724382e+11  8.07294605e+11  5.49e+00 1.11e-06  6.00e+01   559s
 150   8.07703232e+11  8.07315996e+11  5.03e+00 2.15e-06  5.40e+01   563s
 151   8.07680278e+11  8.07323581e+11  4.55e+00 3.21e-06  4.98e+01   568s
 152   8.07657765e+11  8.07330745e+11  4.08e+00 7.40e-06  4.56e+01   572s
 153   8.07644380e+11  8.07343830e+11  3.80e+00 3.49e-06  4.19e+01   576s
 154   8.07622709e+11  8.07351434e+11  3.34e+00 1.79e-07  3.78e+01   580s
 155   8.07612510e+11  8.07358670e+11  3.13e+00 1.02e-06  3.54e+01   584s
 156   8.07600692e+11  8.07364348e+11  2.88e+00 2.71e-06  3.30e+01   588s
 157   8.07591268e+11  8.07370241e+11  2.68e+00 2.62e-06  3.08e+01   592s
 158   8.07586460e+11  8.07374598e+11  2.58e+00 9.19e-07  2.96e+01   596s
 159   8.07577301e+11  8.07379477e+11  2.39e+00 1.76e-06  2.76e+01   599s
 160   8.07563826e+11  8.07387148e+11  2.12e+00 8.25e-06  2.46e+01   603s
 161   8.07558976e+11  8.07391528e+11  2.02e+00 1.71e-06  2.34e+01   608s
 162   8.07550131e+11  8.07395173e+11  1.84e+00 1.18e-06  2.16e+01   611s
 163   8.07546433e+11  8.07398971e+11  1.76e+00 2.13e-06  2.06e+01   615s
 164   8.07534535e+11  8.07405294e+11  1.52e+00 8.51e-07  1.80e+01   619s
 165   8.07526376e+11  8.07412325e+11  1.35e+00 2.31e-07  1.59e+01   623s
 166   8.07519749e+11  8.07415881e+11  1.22e+00 1.82e-06  1.45e+01   627s
 167   8.07516390e+11  8.07417154e+11  1.15e+00 1.62e-05  1.38e+01   630s
 168   8.07511558e+11  8.07422368e+11  1.05e+00 1.67e-06  1.24e+01   634s
 169   8.07509023e+11  8.07423805e+11  1.01e+00 5.74e-07  1.19e+01   637s
 170   8.07506676e+11  8.07424962e+11  9.67e-01 3.27e-06  1.14e+01   640s
 171   8.07500117e+11  8.07429276e+11  8.46e-01 1.28e-06  9.88e+00   645s
 172   8.07495106e+11  8.07431671e+11  7.44e-01 1.01e-05  8.85e+00   650s
 173   8.07493843e+11  8.07432644e+11  7.18e-01 3.40e-06  8.54e+00   653s
 174   8.07489456e+11  8.07435953e+11  6.22e-01 8.20e-07  7.46e+00   658s
 175   8.07486387e+11  8.07438919e+11  5.59e-01 4.09e-07  6.62e+00   663s
 176   8.07483059e+11  8.07442946e+11  4.87e-01 1.25e-06  5.60e+00   667s
 177   8.07479786e+11  8.07444252e+11  4.33e-01 6.22e-06  4.96e+00   672s
 178   8.07479018e+11  8.07444587e+11  4.20e-01 1.12e-07  4.80e+00   676s
 179   8.07477356e+11  8.07446404e+11  3.92e-01 4.15e-06  4.32e+00   680s
 180   8.07475240e+11  8.07447507e+11  3.55e-01 1.24e-05  3.87e+00   684s
 181   8.07474239e+11  8.07448336e+11  3.36e-01 2.48e-06  3.61e+00   688s
 182   8.07471845e+11  8.07450277e+11  2.91e-01 7.87e-06  3.01e+00   692s
 183   8.07471401e+11  8.07450559e+11  2.83e-01 2.65e-06  2.91e+00   695s
 184   8.07470019e+11  8.07451657e+11  2.54e-01 1.11e-05  2.56e+00   699s
 185   8.07468190e+11  8.07452356e+11  2.17e-01 2.33e-05  2.21e+00   703s
 186   8.07467018e+11  8.07452882e+11  1.91e-01 1.76e-06  1.97e+00   707s
 187   8.07466239e+11  8.07453824e+11  1.77e-01 1.75e-05  1.73e+00   711s
 188   8.07465238e+11  8.07454477e+11  1.56e-01 2.53e-05  1.50e+00   715s
 189   8.07464494e+11  8.07454977e+11  1.40e-01 8.64e-06  1.33e+00   720s
 190   8.07463901e+11  8.07455121e+11  1.27e-01 1.01e-05  1.22e+00   723s
 191   8.07463377e+11  8.07455523e+11  1.15e-01 4.37e-05  1.10e+00   727s
 192   8.07462599e+11  8.07455950e+11  9.79e-02 3.53e-05  9.28e-01   732s
 193   8.07461988e+11  8.07456401e+11  8.30e-02 3.70e-05  7.79e-01   737s
 194   8.07461354e+11  8.07456561e+11  6.79e-02 1.90e-05  6.69e-01   742s
 195   8.07460910e+11  8.07456735e+11  5.88e-02 3.13e-05  5.82e-01   747s
 196   8.07460385e+11  8.07456950e+11  4.77e-02 1.94e-05  4.79e-01   751s
 197   8.07459970e+11  8.07457059e+11  3.87e-02 1.64e-05  4.06e-01   757s
 198   8.07459737e+11  8.07457205e+11  3.38e-02 2.84e-05  3.53e-01   761s
 199   8.07459628e+11  8.07457260e+11  3.17e-02 4.85e-05  3.30e-01   766s
 200   8.07459529e+11  8.07457355e+11  2.98e-02 4.26e-05  3.03e-01   771s
 201   8.07459376e+11  8.07457471e+11  2.63e-02 2.40e-05  2.66e-01   776s
 202   8.07459275e+11  8.07457546e+11  2.43e-02 6.11e-06  2.41e-01   781s
 203   8.07459139e+11  8.07457605e+11  3.31e-02 3.47e-05  2.14e-01   788s
 204   8.07459037e+11  8.07457657e+11  1.81e-02 2.71e-05  1.92e-01   791s
 205   8.07458887e+11  8.07457724e+11  1.52e-02 3.33e-05  1.62e-01   797s
 206   8.07458802e+11  8.07457801e+11  1.35e-02 4.02e-05  1.40e-01   804s
 207   8.07458628e+11  8.07457879e+11  2.05e-02 5.02e-05  1.05e-01   810s
 208   8.07458590e+11  8.07457887e+11  1.90e-02 2.67e-05  9.80e-02   815s
 209   8.07458532e+11  8.07457918e+11  1.68e-02 5.32e-05  8.58e-02   820s
 210   8.07458479e+11  8.07457954e+11  1.51e-02 3.47e-05  7.33e-02   824s
 211   8.07458437e+11  8.07457966e+11  1.15e-02 4.48e-05  6.58e-02   829s
 212   8.07458383e+11  8.07457983e+11  9.71e-03 6.87e-05  5.58e-02   834s
 213   8.07458347e+11  8.07458009e+11  4.71e-03 4.16e-05  4.72e-02   840s
 214   8.07458277e+11  8.07458026e+11  3.48e-03 4.43e-05  3.51e-02   845s
 215   8.07458265e+11  8.07458032e+11  3.27e-03 5.06e-05  3.26e-02   850s
 216   8.07458250e+11  8.07458040e+11  3.00e-03 2.45e-05  2.93e-02   855s
 217   8.07458239e+11  8.07458046e+11  2.80e-03 4.53e-05  2.69e-02   859s
 218   8.07458221e+11  8.07458048e+11  2.49e-03 2.35e-05  2.43e-02   864s
 219   8.07458213e+11  8.07458050e+11  2.33e-03 4.83e-05  2.26e-02   868s
 220   8.07458169e+11  8.07458060e+11  2.24e-03 7.14e-05  1.52e-02   875s
 221   8.07458164e+11  8.07458061e+11  2.01e-03 6.77e-05  1.43e-02   879s
 222   8.07458152e+11  8.07458066e+11  1.82e-03 3.97e-05  1.20e-02   885s
 223   8.07458144e+11  8.07458070e+11  1.46e-03 5.42e-05  1.04e-02   891s
 224   8.07458107e+11  8.07458072e+11  1.16e-03 6.05e-05  4.91e-03   895s
 225   8.07458099e+11  8.07458078e+11  1.56e-03 8.93e-05  2.88e-03   900s
 226   8.07458097e+11  8.07458078e+11  1.45e-03 1.94e-05  2.68e-03   905s
 227   8.07458094e+11  8.07458078e+11  1.16e-03 1.63e-05  2.17e-03   909s
 228   8.07458093e+11  8.07458078e+11  1.06e-03 1.47e-05  2.07e-03   913s
 229   8.07458092e+11  8.07458079e+11  9.93e-04 3.02e-05  1.90e-03   917s

Barrier solved model in 229 iterations and 917.22 seconds (751.33 work units)
Optimal objective 8.07458092e+11


