Solver command line: ['/share/apps/gurobi/12.0.0/bin/gurobi.sh']

Set parameter TokenServer to value "10.1.1.1"
Read LP format model from file /mnt/beegfs/users/ehsanno/openempire_v2/tmpbdoo07fo.pyomo.lp
Reading time = 25.24 seconds
x1: 9863262 rows, 9026823 columns, 33479341 nonzeros
Set parameter QCPDual to value 1
Set parameter Method to value 2
Set parameter Crossover to value 0
Set parameter Presolve to value -1
Gurobi Optimizer version 12.0.0 build v12.0.0rc1 (linux64 - "CentOS Linux 7 (Core)")

CPU model: Intel(R) Xeon(R) Gold 6244 CPU @ 3.60GHz, instruction set [SSE2|AVX|AVX2|AVX512]
Thread count: 16 physical cores, 32 logical processors, using up to 32 threads

Non-default parameters:
Method  2
Crossover  0
QCPDual  1

Optimize a model with 9863262 rows, 9026823 columns and 33479341 nonzeros
Model fingerprint: 0x98e5676d
Coefficient statistics:
  Matrix range     [1e-03, 1e+01]
  Objective range  [4e-03, 5e+06]
  Bounds range     [1e+00, 1e+00]
  RHS range        [2e-01, 1e+08]
Presolve removed 2783115 rows and 2062904 columns (presolve time = 5s)...
Presolve removed 2789302 rows and 2069011 columns (presolve time = 10s)...
Presolve removed 2789302 rows and 2069011 columns (presolve time = 15s)...
Presolve removed 2796704 rows and 2071173 columns (presolve time = 20s)...
Presolve removed 2796704 rows and 2071173 columns
Presolve time: 22.20s
Presolved: 7066558 rows, 6955650 columns, 24845605 nonzeros
Elapsed ordering time = 5s
Elapsed ordering time = 10s
Elapsed ordering time = 15s
Ordering time: 21.13s

Barrier statistics:
 Dense cols : 2173
 AA' NZ     : 2.015e+07
 Factor NZ  : 1.911e+08 (roughly 7.0 GB of memory)
 Factor Ops : 9.527e+10 (roughly 1 second per iteration)
 Threads    : 16

                  Objective                Residual
Iter       Primal          Dual         Primal    Dual     Compl     Time
   0   8.25629778e+17 -1.30809993e+16  3.69e+12 2.17e+05  4.86e+13    56s
   1   6.61886185e+17 -2.52497835e+16  2.93e+12 1.31e+06  3.31e+13    59s
   2   6.27926720e+17 -3.57537551e+16  2.77e+12 1.16e+06  2.97e+13    64s
   3   5.44315366e+17 -3.28368645e+17  2.40e+12 5.40e+05  2.23e+13    70s
   4   4.60441243e+17 -4.68839587e+17  2.05e+12 3.67e+05  1.88e+13    75s
   5   3.78433910e+17 -6.96088777e+17  1.70e+12 1.35e+05  1.53e+13    81s
   6   2.96306036e+17 -7.53387826e+17  1.30e+12 7.88e+04  1.17e+13    88s
   7   2.58134690e+17 -7.85340310e+17  1.10e+12 5.13e+04  9.86e+12    95s
   8   2.13472240e+17 -7.99807276e+17  9.06e+11 3.45e+04  8.15e+12   103s
   9   1.74441870e+17 -8.03777969e+17  7.33e+11 2.10e+04  6.61e+12   109s
  10   1.47862944e+17 -8.00642503e+17  6.14e+11 1.68e+04  5.53e+12   116s
  11   1.21852108e+17 -7.91971519e+17  5.02e+11 1.17e+04  4.53e+12   124s
  12   7.52009539e+16 -7.29916610e+17  3.01e+11 5.11e+03  2.77e+12   131s
  13   1.53791974e+16 -5.75668035e+17  6.16e+10 1.71e-03  6.03e+11   139s
  14   1.38744476e+16 -4.11003590e+17  5.56e+10 2.39e-03  5.13e+11   145s
  15   1.02563826e+16 -3.49576796e+17  4.10e+10 1.18e-03  3.79e+11   149s
  16   7.90657970e+15 -3.36920205e+17  3.15e+10 1.18e-03  2.96e+11   153s
  17   6.74758481e+15 -2.99610256e+17  2.68e+10 1.23e-03  2.49e+11   156s
  18   6.21114554e+15 -2.36917700e+17  2.46e+10 6.32e-03  2.23e+11   160s
  19   4.44071759e+15 -2.08420180e+17  1.74e+10 2.81e-03  1.58e+11   163s
  20   2.67245824e+15 -1.73638396e+17  1.01e+10 1.25e-03  9.44e+10   167s
  21   1.47636747e+15 -1.49287179e+17  5.08e+09 1.68e-03  5.11e+10   170s
  22   8.60275576e+14 -1.30022420e+17  2.46e+09 1.96e-03  2.85e+10   174s
  23   6.89985898e+14 -1.11880573e+17  1.72e+09 4.95e-03  2.09e+10   178s
  24   5.60763728e+14 -9.51887585e+16  1.15e+09 1.17e-02  1.50e+10   181s
  25   5.24790244e+14 -7.04402467e+16  9.91e+08 1.98e-03  1.13e+10   185s
  26   4.50483700e+14 -4.58311180e+16  6.54e+08 5.07e-03  6.86e+09   188s
  27   4.30596447e+14 -4.18316678e+16  5.62e+08 4.50e-03  5.97e+09   192s
  28   4.04918662e+14 -4.05843632e+16  4.46e+08 5.26e-03  5.27e+09   195s
  29   3.87694563e+14 -3.55977118e+16  3.73e+08 3.86e-03  4.43e+09   199s
  30   3.72387609e+14 -2.58489995e+16  3.12e+08 9.00e-02  3.23e+09   204s
  31   3.58586524e+14 -1.88040367e+16  2.64e+08 7.35e-02  2.38e+09   210s
  32   3.37385539e+14 -1.38715731e+16  2.07e+08 5.41e-02  1.73e+09   217s
  33   3.16568319e+14 -1.35146945e+16  1.66e+08 5.26e-02  1.56e+09   223s
  34   2.63242194e+14 -5.82406514e+15  1.05e+08 7.59e-03  7.00e+08   231s
  35   2.56199737e+14 -5.17455007e+15  9.78e+07 8.79e-03  6.24e+08   238s
  36   2.10181225e+14 -3.53400589e+15  5.23e+07 5.13e-03  3.81e+08   244s
  37   1.83294454e+14 -2.55522276e+15  4.08e+07 4.90e-03  2.69e+08   250s
  38   1.41859899e+14 -1.44441267e+15  2.52e+07 9.44e-03  1.49e+08   255s
  39   8.84399939e+13 -8.94956786e+14  1.12e+07 6.12e-03  8.33e+07   259s
  40   8.70864240e+13 -6.62444553e+14  1.09e+07 7.62e-03  6.42e+07   263s
  41   8.31874196e+13 -3.95470470e+14  1.01e+07 4.09e-03  4.15e+07   266s
  42   6.23374388e+13 -2.60891932e+14  6.95e+06 3.78e-03  2.73e+07   270s
  43   4.10382720e+13 -1.59339263e+14  4.01e+06 2.30e-03  1.62e+07   273s
  44   3.08561171e+13 -9.83257817e+13  2.65e+06 1.05e-03  1.03e+07   277s
  45   2.67335687e+13 -7.39595592e+13  2.26e+06 9.91e-04  7.95e+06   280s
  46   2.24846553e+13 -5.17998126e+13  1.82e+06 6.51e-04  5.83e+06   284s
  47   1.91439334e+13 -4.89250959e+13  1.51e+06 6.01e-04  5.30e+06   287s
  48   1.60400964e+13 -3.36886733e+13  1.23e+06 5.09e-04  3.85e+06   292s
  49   1.37458549e+13 -2.18407090e+13  1.03e+06 3.34e-04  2.74e+06   298s
  50   1.03456898e+13 -1.20006051e+13  7.50e+05 2.30e-04  1.70e+06   305s
  51   8.65247360e+12 -8.88877221e+12  6.05e+05 1.71e-04  1.33e+06   311s
  52   7.49265889e+12 -6.26279111e+12  5.13e+05 1.27e-04  1.04e+06   319s
  53   6.08939578e+12 -5.74965783e+12  4.07e+05 1.18e-04  8.93e+05   326s
  54   5.44652855e+12 -4.02943819e+12  3.55e+05 8.70e-05  7.13e+05   333s
  55   4.78237882e+12 -2.96474906e+12  3.05e+05 7.07e-05  5.82e+05   341s
  56   4.41745977e+12 -2.55693814e+12  2.75e+05 6.25e-05  5.23e+05   348s
  57   3.93055258e+12 -1.73547161e+12  2.37e+05 4.86e-05  4.24e+05   355s
  58   3.41505462e+12 -1.15707970e+12  1.95e+05 3.87e-05  3.42e+05   363s
  59   3.02462573e+12 -8.16687585e+11  1.66e+05 3.28e-05  2.87e+05   370s
  60   2.64428567e+12 -4.76661772e+11  1.37e+05 2.60e-05  2.33e+05   377s
  61   2.32876815e+12 -1.66290946e+11  1.13e+05 1.90e-05  1.86e+05   385s
  62   2.06667844e+12  5.88209136e+10  9.36e+04 1.53e-05  1.49e+05   392s
  63   1.90261016e+12  2.19497825e+11  8.14e+04 1.29e-05  1.25e+05   400s
  64   1.78121671e+12  3.66196797e+11  7.31e+04 9.48e-06  1.05e+05   407s
  65   1.62868256e+12  4.32357076e+11  6.18e+04 8.17e-06  8.89e+04   414s
  66   1.54431670e+12  4.74014081e+11  5.56e+04 6.89e-06  7.95e+04   422s
  67   1.41092681e+12  5.46245561e+11  4.58e+04 5.53e-06  6.42e+04   429s
  68   1.36548587e+12  5.81680167e+11  4.22e+04 5.38e-06  5.82e+04   436s
  69   1.28925512e+12  6.14220941e+11  3.63e+04 4.32e-06  5.01e+04   444s
  70   1.22832294e+12  6.57784168e+11  3.16e+04 3.89e-06  4.24e+04   451s
  71   1.15940989e+12  6.86313184e+11  2.62e+04 3.17e-06  3.51e+04   459s
  72   1.10904971e+12  7.04163743e+11  2.23e+04 2.77e-06  3.00e+04   466s
  73   1.07783224e+12  7.25588727e+11  1.99e+04 2.20e-06  2.61e+04   474s
  74   1.05467105e+12  7.38918911e+11  1.81e+04 1.85e-06  2.34e+04   481s
  75   1.02255092e+12  7.49698231e+11  1.55e+04 1.57e-06  2.02e+04   488s
  76   1.00784928e+12  7.62676097e+11  1.42e+04 1.32e-06  1.82e+04   496s
  77   9.93527178e+11  7.68169834e+11  1.31e+04 1.12e-06  1.67e+04   503s
  78   9.81352763e+11  7.79825668e+11  1.22e+04 1.24e-06  1.50e+04   510s
  79   9.62945084e+11  7.84451087e+11  1.06e+04 1.16e-06  1.32e+04   518s
  80   9.57568916e+11  7.87989764e+11  1.02e+04 1.12e-06  1.26e+04   523s
  81   9.46941979e+11  7.92310956e+11  9.25e+03 1.29e-06  1.15e+04   530s
  82   9.33619302e+11  7.97620029e+11  8.13e+03 1.38e-06  1.01e+04   538s
  83   9.25650579e+11  8.02475185e+11  7.44e+03 1.48e-06  9.14e+03   545s
  84   9.21833608e+11  8.07294460e+11  7.10e+03 1.22e-06  8.50e+03   553s
  85   9.16085151e+11  8.11016648e+11  6.60e+03 3.87e-06  7.79e+03   560s
  86   9.08101550e+11  8.14605458e+11  5.89e+03 3.19e-06  6.93e+03   568s
  87   8.98846461e+11  8.16237963e+11  5.07e+03 3.58e-06  6.13e+03   575s
  88   8.95348037e+11  8.18363072e+11  4.75e+03 4.03e-06  5.71e+03   582s
  89   8.92390037e+11  8.19749528e+11  4.48e+03 3.51e-06  5.39e+03   589s
  90   8.88680471e+11  8.22180573e+11  4.15e+03 2.70e-06  4.93e+03   597s
  91   8.83891276e+11  8.24321911e+11  3.72e+03 3.30e-06  4.42e+03   604s
  92   8.78425264e+11  8.26478089e+11  3.22e+03 5.54e-06  3.85e+03   612s
  93   8.75203526e+11  8.28021527e+11  2.94e+03 6.44e-06  3.50e+03   619s
  94   8.73514821e+11  8.30138427e+11  2.78e+03 1.05e-05  3.22e+03   627s
  95   8.71934870e+11  8.31861176e+11  2.63e+03 1.89e-05  2.97e+03   634s
  96   8.71383078e+11  8.32378458e+11  2.58e+03 2.19e-05  2.89e+03   642s
  97   8.67442395e+11  8.33571309e+11  2.22e+03 2.74e-05  2.51e+03   649s
  98   8.65427568e+11  8.34063855e+11  2.03e+03 2.51e-05  2.33e+03   655s
  99   8.63613437e+11  8.35214641e+11  1.86e+03 2.74e-05  2.11e+03   663s
 100   8.61626670e+11  8.36074461e+11  1.68e+03 2.86e-05  1.89e+03   670s
 101   8.60220700e+11  8.37056857e+11  1.55e+03 2.06e-05  1.72e+03   677s
 102   8.58604523e+11  8.37704109e+11  1.40e+03 1.57e-05  1.55e+03   685s
 103   8.57207705e+11  8.37988879e+11  1.26e+03 1.49e-05  1.43e+03   692s
 104   8.56574332e+11  8.38675396e+11  1.20e+03 8.13e-06  1.33e+03   699s
 105   8.55597732e+11  8.39284535e+11  1.11e+03 7.18e-06  1.21e+03   707s
 106   8.54903973e+11  8.39456099e+11  1.04e+03 6.94e-06  1.15e+03   714s
 107   8.53874249e+11  8.40034576e+11  9.45e+02 5.56e-06  1.03e+03   722s
 108   8.53037222e+11  8.40234278e+11  8.64e+02 5.22e-06  9.49e+02   729s
 109   8.51975649e+11  8.40412059e+11  7.61e+02 4.92e-06  8.58e+02   736s
 110   8.51506145e+11  8.40806196e+11  7.17e+02 3.53e-06  7.93e+02   744s
 111   8.50991206e+11  8.41027598e+11  6.67e+02 3.19e-06  7.39e+02   750s
 112   8.50537182e+11  8.41189578e+11  6.22e+02 2.99e-06  6.93e+02   756s
 113   8.50166326e+11  8.41427820e+11  5.86e+02 2.81e-06  6.48e+02   763s
 114   8.49957696e+11  8.41465201e+11  5.65e+02 2.80e-06  6.30e+02   771s
 115   8.49423303e+11  8.41671651e+11  5.12e+02 2.70e-06  5.75e+02   778s
 116   8.48968089e+11  8.41846777e+11  4.68e+02 2.51e-06  5.28e+02   785s
 117   8.48538022e+11  8.42020143e+11  4.26e+02 2.37e-06  4.83e+02   793s
 118   8.48226123e+11  8.42154354e+11  3.95e+02 2.31e-06  4.50e+02   800s
 119   8.47854523e+11  8.42268334e+11  3.58e+02 2.25e-06  4.14e+02   806s
 120   8.47610642e+11  8.42464675e+11  3.34e+02 2.09e-06  3.82e+02   813s
 121   8.47255739e+11  8.42587337e+11  2.99e+02 1.98e-06  3.46e+02   819s
 122   8.46988887e+11  8.42651201e+11  2.72e+02 1.92e-06  3.22e+02   827s
 123   8.46907614e+11  8.42754592e+11  2.64e+02 1.81e-06  3.08e+02   832s
 124   8.46638656e+11  8.42866874e+11  2.37e+02 1.68e-06  2.80e+02   839s
 125   8.46309956e+11  8.42957585e+11  2.04e+02 1.58e-06  2.49e+02   845s
 126   8.46118770e+11  8.43024620e+11  1.85e+02 1.50e-06  2.29e+02   853s
 127   8.46096370e+11  8.43101658e+11  1.83e+02 1.40e-06  2.22e+02   857s
 128   8.45995109e+11  8.43177214e+11  1.73e+02 1.30e-06  2.09e+02   864s
 129   8.45847754e+11  8.43245772e+11  1.58e+02 1.23e-06  1.93e+02   871s
 130   8.45697045e+11  8.43299983e+11  1.43e+02 1.47e-06  1.78e+02   878s
 131   8.45634966e+11  8.43392550e+11  1.37e+02 1.90e-06  1.66e+02   886s
 132   8.45511646e+11  8.43504542e+11  1.25e+02 9.56e-07  1.49e+02   893s
 133   8.45398653e+11  8.43541854e+11  1.14e+02 9.10e-07  1.38e+02   901s
 134   8.45266384e+11  8.43611030e+11  1.01e+02 7.72e-07  1.23e+02   908s
 135   8.45152377e+11  8.43668774e+11  8.95e+01 6.87e-07  1.10e+02   915s
 136   8.45056662e+11  8.43736319e+11  8.02e+01 5.85e-07  9.79e+01   923s
 137   8.44966689e+11  8.43789471e+11  7.14e+01 4.92e-07  8.73e+01   930s
 138   8.44899715e+11  8.43861921e+11  6.47e+01 4.04e-07  7.69e+01   937s
 139   8.44801107e+11  8.43893272e+11  5.51e+01 3.92e-07  6.73e+01   945s
 140   8.44754678e+11  8.43947327e+11  5.05e+01 7.61e-06  5.99e+01   952s
 141   8.44706902e+11  8.43989224e+11  4.59e+01 3.02e-06  5.32e+01   960s
 142   8.44662085e+11  8.44020931e+11  4.15e+01 7.04e-06  4.75e+01   967s
 143   8.44636245e+11  8.44035727e+11  3.90e+01 8.23e-06  4.45e+01   974s
 144   8.44569049e+11  8.44044671e+11  3.25e+01 8.86e-06  3.89e+01   982s
 145   8.44541937e+11  8.44058439e+11  2.98e+01 9.53e-06  3.58e+01   989s
 146   8.44524959e+11  8.44088176e+11  2.81e+01 1.05e-05  3.24e+01   997s
 147   8.44472554e+11  8.44098515e+11  2.31e+01 1.09e-05  2.77e+01  1004s
 148   8.44461149e+11  8.44114225e+11  2.20e+01 1.07e-05  2.57e+01  1011s
 149   8.44430416e+11  8.44121872e+11  1.90e+01 9.56e-06  2.29e+01  1019s
 150   8.44418117e+11  8.44128771e+11  1.78e+01 9.35e-06  2.15e+01  1026s
 151   8.44399356e+11  8.44139998e+11  1.60e+01 8.91e-06  1.92e+01  1034s
 152   8.44382051e+11  8.44147386e+11  1.44e+01 8.55e-06  1.74e+01  1041s
 153   8.44373618e+11  8.44155240e+11  1.36e+01 8.12e-06  1.62e+01  1048s
 154   8.44355884e+11  8.44158601e+11  1.19e+01 7.93e-06  1.46e+01  1056s
 155   8.44346785e+11  8.44167928e+11  1.10e+01 7.22e-06  1.33e+01  1063s
 156   8.44336595e+11  8.44175717e+11  1.00e+01 6.56e-06  1.19e+01  1071s
 157   8.44324449e+11  8.44178766e+11  8.88e+00 6.19e-06  1.08e+01  1078s
 158   8.44316277e+11  8.44182269e+11  8.09e+00 5.77e-06  9.94e+00  1086s
 159   8.44311275e+11  8.44187354e+11  7.62e+00 5.29e-06  9.19e+00  1092s
 160   8.44305233e+11  8.44188295e+11  7.05e+00 5.20e-06  8.67e+00  1097s
 161   8.44299102e+11  8.44192910e+11  6.48e+00 4.74e-06  7.87e+00  1104s
 162   8.44294907e+11  8.44197988e+11  6.08e+00 4.23e-06  7.19e+00  1112s
 163   8.44288714e+11  8.44201367e+11  5.48e+00 3.88e-06  6.48e+00  1119s
 164   8.44283072e+11  8.44203298e+11  4.95e+00 3.65e-06  5.92e+00  1127s
 165   8.44279175e+11  8.44205938e+11  4.57e+00 3.30e-06  5.43e+00  1134s
 166   8.44273545e+11  8.44208415e+11  4.03e+00 3.01e-06  4.83e+00  1142s
 167   8.44268390e+11  8.44209905e+11  3.55e+00 2.83e-06  4.34e+00  1149s
 168   8.44266128e+11  8.44212858e+11  3.34e+00 4.24e-06  3.95e+00  1157s
 169   8.44262687e+11  8.44214393e+11  3.01e+00 8.32e-06  3.58e+00  1164s
 170   8.44258266e+11  8.44216737e+11  2.58e+00 1.11e-05  3.08e+00  1172s
 171   8.44256786e+11  8.44218011e+11  2.45e+00 1.03e-05  2.88e+00  1180s
 172   8.44254677e+11  8.44218738e+11  2.25e+00 9.70e-06  2.67e+00  1187s
 173   8.44252205e+11  8.44219704e+11  2.02e+00 8.88e-06  2.41e+00  1196s
 174   8.44249897e+11  8.44221088e+11  1.80e+00 7.63e-06  2.14e+00  1204s
 175   8.44248285e+11  8.44222168e+11  1.65e+00 6.75e-06  1.94e+00  1213s
 176   8.44245274e+11  8.44222926e+11  1.37e+00 6.12e-06  1.66e+00  1221s
 177   8.44242731e+11  8.44223193e+11  1.13e+00 6.48e-06  1.45e+00  1230s
 178   8.44241538e+11  8.44224468e+11  1.02e+00 9.56e-06  1.27e+00  1238s
 179   8.44240561e+11  8.44225236e+11  9.30e-01 8.33e-06  1.14e+00  1247s
 180   8.44239782e+11  8.44225620e+11  8.58e-01 7.72e-06  1.05e+00  1256s
 181   8.44238487e+11  8.44225902e+11  7.39e-01 7.27e-06  9.33e-01  1267s
 182   8.44238008e+11  8.44226672e+11  6.95e-01 6.05e-06  8.41e-01  1277s
 183   8.44237336e+11  8.44227077e+11  6.33e-01 5.41e-06  7.61e-01  1289s
 184   8.44236473e+11  8.44227524e+11  5.54e-01 9.25e-06  6.64e-01  1298s
 185   8.44236027e+11  8.44227671e+11  5.12e-01 8.97e-06  6.20e-01  1308s
 186   8.44235553e+11  8.44228177e+11  4.68e-01 7.34e-06  5.47e-01  1319s
 187   8.44235038e+11  8.44228237e+11  4.21e-01 7.03e-06  5.04e-01  1328s
 188   8.44234305e+11  8.44228425e+11  3.59e-01 6.44e-06  4.36e-01  1338s
 189   8.44233471e+11  8.44228738e+11  2.76e-01 8.83e-06  3.51e-01  1346s
 190   8.44233113e+11  8.44229096e+11  2.42e-01 1.42e-05  2.98e-01  1356s
 191   8.44232922e+11  8.44229237e+11  2.24e-01 1.25e-05  2.73e-01  1366s
 192   8.44232358e+11  8.44229562e+11  1.72e-01 5.99e-06  2.07e-01  1374s
 193   8.44231984e+11  8.44229703e+11  1.38e-01 5.16e-06  1.69e-01  1385s
 194   8.44231702e+11  8.44229849e+11  1.12e-01 3.76e-06  1.37e-01  1395s
 195   8.44231525e+11  8.44229918e+11  9.60e-02 3.33e-06  1.19e-01  1406s
 196   8.44231439e+11  8.44230028e+11  8.80e-02 2.68e-06  1.05e-01  1416s
 197   8.44231283e+11  8.44230131e+11  7.35e-02 1.54e-05  8.54e-02  1425s
 198   8.44231205e+11  8.44230195e+11  6.64e-02 1.63e-05  7.49e-02  1436s
 199   8.44231138e+11  8.44230208e+11  6.02e-02 1.55e-05  6.90e-02  1446s
 200   8.44231034e+11  8.44230247e+11  5.11e-02 5.53e-06  5.84e-02  1455s
 201   8.44230991e+11  8.44230281e+11  4.70e-02 4.13e-06  5.26e-02  1467s
 202   8.44230972e+11  8.44230289e+11  4.53e-02 3.97e-06  5.06e-02  1475s
 203   8.44230885e+11  8.44230343e+11  3.70e-02 5.01e-06  4.02e-02  1484s
 204   8.44230848e+11  8.44230350e+11  3.37e-02 8.32e-06  3.70e-02  1495s
 205   8.44230753e+11  8.44230375e+11  2.62e-02 6.54e-06  2.80e-02  1502s
 206   8.44230694e+11  8.44230399e+11  2.69e-02 2.94e-05  2.19e-02  1513s
 207   8.44230669e+11  8.44230405e+11  2.39e-02 1.11e-04  1.96e-02  1520s
 208   8.44230666e+11  8.44230406e+11  2.35e-02 1.09e-04  1.93e-02  1528s
 209   8.44230654e+11  8.44230413e+11  2.22e-02 9.72e-05  1.79e-02  1535s
 210   8.44230625e+11  8.44230425e+11  1.86e-02 7.80e-05  1.48e-02  1544s
 211   8.44230583e+11  8.44230430e+11  1.32e-02 4.81e-05  1.13e-02  1552s
 212   8.44230573e+11  8.44230437e+11  1.21e-02 3.93e-05  1.01e-02  1559s
 213   8.44230549e+11  8.44230443e+11  9.23e-03 3.31e-05  7.88e-03  1567s
 214   8.44230548e+11  8.44230444e+11  9.15e-03 3.16e-05  7.74e-03  1575s
 215   8.44230540e+11  8.44230445e+11  8.24e-03 2.98e-05  7.04e-03  1583s
 216   8.44230526e+11  8.44230450e+11  6.60e-03 2.54e-05  5.68e-03  1590s
 217   8.44230515e+11  8.44230452e+11  5.22e-03 2.06e-05  4.69e-03  1602s
 218   8.44230507e+11  8.44230457e+11  4.25e-03 1.50e-05  3.76e-03  1609s
 219   8.44230501e+11  8.44230466e+11  2.69e-03 2.01e-05  2.62e-03  1617s
 220   8.44230492e+11  8.44230467e+11  1.87e-03 9.34e-06  1.82e-03  1624s
 221   8.44230488e+11  8.44230468e+11  1.49e-03 1.00e-05  1.44e-03  1631s
 222   8.44230481e+11  8.44230469e+11  9.83e-04 1.17e-05  8.63e-04  1639s

Barrier solved model in 222 iterations and 1638.90 seconds (1349.50 work units)
Optimal objective 8.44230481e+11


