Solver command line: ['/share/apps/gurobi/12.0.0/bin/gurobi.sh']

Set parameter TokenServer to value "10.1.1.1"
Read LP format model from file /mnt/beegfs/users/ehsanno/openempire/tmpwn9po8vu.pyomo.lp
Reading time = 19.58 seconds
x1: 7811888 rows, 7080929 columns, 26292377 nonzeros
Set parameter QCPDual to value 1
Set parameter Method to value 2
Set parameter Crossover to value 0
Set parameter Presolve to value -1
Gurobi Optimizer version 12.0.0 build v12.0.0rc1 (linux64 - "CentOS Linux 7 (Core)")

CPU model: Intel(R) Xeon(R) Gold 6244 CPU @ 3.60GHz, instruction set [SSE2|AVX|AVX2|AVX512]
Thread count: 16 physical cores, 32 logical processors, using up to 32 threads

Non-default parameters:
Method  2
Crossover  0
QCPDual  1

Optimize a model with 7811888 rows, 7080929 columns and 26292377 nonzeros
Model fingerprint: 0x2bcd759b
Coefficient statistics:
  Matrix range     [1e-03, 1e+01]
  Objective range  [3e-03, 5e+06]
  Bounds range     [1e+00, 1e+00]
  RHS range        [1e+00, 6e+08]
Presolve removed 1303347 rows and 1014817 columns (presolve time = 6s)...
Presolve removed 1308352 rows and 1019822 columns (presolve time = 11s)...
Presolve removed 1311366 rows and 1019822 columns (presolve time = 15s)...
Presolve removed 1311366 rows and 1019822 columns
Presolve time: 19.39s
Presolved: 6500522 rows, 6061107 columns, 22575430 nonzeros
Elapsed ordering time = 5s
Elapsed ordering time = 10s
Elapsed ordering time = 15s
Ordering time: 21.29s

Barrier statistics:
 Dense cols : 1150
 AA' NZ     : 1.903e+07
 Factor NZ  : 1.820e+08 (roughly 7.0 GB of memory)
 Factor Ops : 8.175e+10 (roughly 1 second per iteration)
 Threads    : 16

                  Objective                Residual
Iter       Primal          Dual         Primal    Dual     Compl     Time
   0   4.67417904e+17 -1.21210164e+15  3.50e+12 3.06e+04  1.85e+13    53s
   1   3.62018596e+17 -7.95774176e+15  2.62e+12 2.07e+05  9.06e+12    57s
   2   3.53872044e+17 -1.25571298e+16  2.58e+12 1.69e+05  7.89e+12    62s
   3   2.94099745e+17 -8.15773106e+16  2.16e+12 9.25e+04  6.37e+12    69s
   4   2.45389856e+17 -1.02894012e+17  1.81e+12 6.38e+04  5.18e+12    74s
   5   1.98161937e+17 -1.55689060e+17  1.47e+12 1.49e+04  4.11e+12    80s
   6   9.96597940e+16 -1.68030974e+17  7.31e+11 5.56e+03  2.09e+12    88s
   7   5.78534433e+16 -1.76536218e+17  4.25e+11 1.81e+02  1.28e+12    95s
   8   2.46230267e+16 -1.65028322e+17  1.80e+11 2.53e-04  5.47e+11   101s
   9   1.84255607e+16 -1.54003563e+17  1.34e+11 1.97e-04  4.12e+11   106s
  10   1.10507424e+16 -1.12057196e+17  7.98e+10 2.89e-04  2.49e+11   110s
  11   7.12205185e+15 -1.04971766e+17  5.10e+10 2.02e-04  1.61e+11   114s
  12   5.02242459e+15 -8.11009153e+16  3.55e+10 1.14e-01  1.11e+11   117s
  13   4.41271680e+15 -7.16366207e+16  3.11e+10 9.82e-02  9.54e+10   121s
  14   3.11660366e+15 -6.67270379e+16  2.16e+10 1.02e-01  6.71e+10   125s
  15   1.98711126e+15 -5.98096798e+16  1.34e+10 8.60e-02  4.30e+10   128s
  16   1.46921986e+15 -3.48200637e+16  9.75e+09 5.25e-03  2.97e+10   133s
  17   1.15626503e+15 -2.40664849e+16  7.51e+09 1.25e-03  2.20e+10   139s
  18   7.58899769e+14 -1.91135703e+16  4.59e+09 4.66e-03  1.35e+10   144s
  19   4.00700852e+14 -1.47780026e+16  2.03e+09 3.96e-04  6.28e+09   148s
  20   2.78963453e+14 -1.14818518e+16  1.19e+09 4.76e-04  3.69e+09   152s
  21   2.46985129e+14 -9.48116549e+15  9.84e+08 6.48e-04  2.89e+09   155s
  22   2.00148027e+14 -7.19181097e+15  6.88e+08 2.98e-04  1.89e+09   159s
  23   1.71764249e+14 -4.60382610e+15  5.10e+08 4.06e-04  1.16e+09   163s
  24   1.39929170e+14 -3.30814364e+15  3.31e+08 4.30e-04  7.06e+08   167s
  25   1.16652458e+14 -2.38408211e+15  2.15e+08 4.25e-04  4.32e+08   170s
  26   1.08185437e+14 -2.17583223e+15  1.81e+08 3.39e-04  3.69e+08   174s
  27   8.79286031e+13 -1.71535313e+15  1.01e+08 2.76e-04  2.38e+08   178s
  28   7.59052916e+13 -1.50801478e+15  6.07e+07 2.47e-04  1.81e+08   182s
  29   6.69366092e+13 -8.30811540e+14  4.31e+07 5.08e-03  9.78e+07   185s
  30   5.96040935e+13 -6.60604706e+14  3.36e+07 1.56e-03  7.54e+07   190s
  31   5.28750149e+13 -3.55002622e+14  2.60e+07 3.84e-04  4.15e+07   194s
  32   4.52207416e+13 -1.96934901e+14  2.11e+07 5.50e-05  2.43e+07   199s
  33   4.10968526e+13 -1.59791515e+14  1.87e+07 1.89e-04  1.99e+07   203s
  34   3.03843188e+13 -1.13871613e+14  1.32e+07 2.81e-04  1.38e+07   207s
  35   2.51346971e+13 -5.88259791e+13  1.04e+07 3.80e-04  7.92e+06   213s
  36   1.78544085e+13 -4.07232461e+13  7.33e+06 3.33e-04  5.40e+06   221s
  37   1.49240609e+13 -2.60756594e+13  6.01e+06 1.44e-04  3.73e+06   228s
  38   1.18738634e+13 -1.86951490e+13  4.79e+06 1.58e-04  2.75e+06   234s
  39   1.04760996e+13 -1.63395937e+13  4.19e+06 3.24e-05  2.40e+06   241s
  40   7.57223286e+12 -1.13208804e+13  2.92e+06 3.21e-05  1.67e+06   249s
  41   6.76691610e+12 -9.16736272e+12  2.61e+06 7.20e-05  1.40e+06   256s
  42   5.67993784e+12 -7.46988844e+12  2.15e+06 1.01e-04  1.15e+06   264s
  43   4.92430251e+12 -6.63768417e+12  1.83e+06 1.34e-04  1.01e+06   271s
  44   4.62615407e+12 -5.00857223e+12  1.70e+06 1.50e-04  8.41e+05   278s
  45   4.39983018e+12 -4.56501214e+12  1.59e+06 1.19e-04  7.81e+05   285s
  46   4.05814848e+12 -3.88172076e+12  1.45e+06 1.48e-04  6.91e+05   292s
  47   3.75515607e+12 -3.21794758e+12  1.33e+06 1.57e-04  6.06e+05   300s
  48   3.52579370e+12 -2.68577530e+12  1.23e+06 1.09e-04  5.39e+05   307s
  49   3.43433509e+12 -2.56930758e+12  1.19e+06 1.14e-04  5.21e+05   313s
  50   3.08922385e+12 -2.16388822e+12  1.05e+06 6.97e-05  4.55e+05   321s
  51   2.95979390e+12 -2.11510691e+12  9.90e+05 6.45e-05  4.39e+05   328s
  52   2.65059107e+12 -1.75434855e+12  8.59e+05 5.50e-05  3.80e+05   336s
  53   2.51168407e+12 -1.71281871e+12  7.95e+05 5.26e-05  3.65e+05   343s
  54   2.21093769e+12 -1.42482590e+12  6.63e+05 1.86e-05  3.13e+05   351s
  55   2.17566898e+12 -1.23297093e+12  6.46e+05 5.13e-06  2.94e+05   357s
  56   2.03617190e+12 -1.19204082e+12  5.84e+05 2.39e-06  2.78e+05   365s
  57   1.97379439e+12 -9.64272494e+11  5.58e+05 6.00e-07  2.53e+05   372s
  58   1.79088665e+12 -7.95429272e+11  4.78e+05 5.51e-07  2.22e+05   379s
  59   1.74230527e+12 -6.04626502e+11  4.57e+05 5.16e-07  2.02e+05   387s
  60   1.62674581e+12 -5.11895018e+11  4.04e+05 4.47e-07  1.83e+05   394s
  61   1.53859171e+12 -4.21934519e+11  3.66e+05 4.32e-07  1.68e+05   402s
  62   1.47074410e+12 -3.62217836e+11  3.36e+05 3.82e-07  1.57e+05   409s
  63   1.40481808e+12 -2.57235228e+11  3.08e+05 6.81e-07  1.42e+05   417s
  64   1.36292913e+12 -2.16029326e+11  2.90e+05 4.66e-07  1.35e+05   424s
  65   1.28032338e+12 -1.39134360e+11  2.56e+05 3.32e-07  1.21e+05   432s
  66   1.25054388e+12 -7.10702481e+10  2.44e+05 2.91e-07  1.13e+05   439s
  67   1.21682300e+12 -2.60003713e+10  2.31e+05 2.78e-07  1.06e+05   445s
  68   1.16600202e+12  3.54016330e+10  2.11e+05 2.68e-07  9.67e+04   452s
  69   1.11432799e+12  8.53598799e+10  1.92e+05 2.35e-07  8.79e+04   460s
  70   1.08083706e+12  1.12071927e+11  1.79e+05 2.24e-07  8.28e+04   467s
  71   1.04572636e+12  1.44044418e+11  1.67e+05 2.04e-07  7.70e+04   475s
  72   1.03247978e+12  1.56372219e+11  1.62e+05 2.14e-07  7.48e+04   480s
  73   1.00296035e+12  1.77635443e+11  1.51e+05 1.83e-07  7.05e+04   487s
  74   9.68464127e+11  2.24084894e+11  1.39e+05 2.52e-07  6.35e+04   495s
  75   9.38491808e+11  2.39732203e+11  1.28e+05 2.53e-07  5.96e+04   502s
  76   8.97405991e+11  2.60548534e+11  1.14e+05 2.66e-07  5.43e+04   510s
  77   8.71954237e+11  2.90514748e+11  1.05e+05 2.19e-07  4.96e+04   517s
  78   8.66537045e+11  2.97427511e+11  1.03e+05 2.31e-07  4.85e+04   522s
  79   8.51656956e+11  3.23068962e+11  9.79e+04 2.33e-07  4.51e+04   530s
  80   8.39704858e+11  3.37518260e+11  9.39e+04 2.14e-07  4.28e+04   537s
  81   8.29425125e+11  3.45095837e+11  9.03e+04 2.02e-07  4.13e+04   543s
  82   8.09652961e+11  3.60989396e+11  8.37e+04 1.93e-07  3.82e+04   550s
  83   7.86994636e+11  3.71069215e+11  7.60e+04 1.68e-07  3.54e+04   557s
  84   7.73433485e+11  3.86625455e+11  7.16e+04 1.55e-07  3.30e+04   565s
  85   7.58413401e+11  3.98396955e+11  6.67e+04 1.57e-07  3.07e+04   572s
  86   7.40459478e+11  4.09652107e+11  6.10e+04 1.51e-07  2.82e+04   580s
  87   7.32006334e+11  4.21990838e+11  5.82e+04 1.14e-07  2.64e+04   587s
  88   7.11986324e+11  4.34577266e+11  5.18e+04 1.71e-07  2.36e+04   594s
  89   7.02080734e+11  4.45271508e+11  4.86e+04 1.16e-07  2.19e+04   602s
  90   6.87483918e+11  4.50945664e+11  4.40e+04 1.21e-07  2.01e+04   609s
  91   6.77237863e+11  4.57839979e+11  4.07e+04 1.10e-07  1.87e+04   617s
  92   6.68422449e+11  4.63616203e+11  3.79e+04 9.99e-08  1.74e+04   623s
  93   6.59361543e+11  4.69969440e+11  3.50e+04 6.17e-08  1.61e+04   630s
  94   6.50067515e+11  4.78547020e+11  3.19e+04 3.68e-08  1.46e+04   638s
  95   6.40849061e+11  4.89464968e+11  2.90e+04 3.03e-08  1.29e+04   645s
  96   6.34508316e+11  4.94540533e+11  2.70e+04 3.06e-08  1.19e+04   651s
  97   6.27982047e+11  4.98739968e+11  2.49e+04 2.75e-08  1.10e+04   658s
  98   6.18168761e+11  5.04882558e+11  2.18e+04 5.08e-08  9.64e+03   665s
  99   6.16236321e+11  5.06581494e+11  2.11e+04 7.52e-08  9.33e+03   670s
 100   6.09856429e+11  5.07933175e+11  1.91e+04 3.33e-08  8.67e+03   677s
 101   6.05349346e+11  5.15629389e+11  1.77e+04 5.00e-08  7.63e+03   685s
 102   6.00062601e+11  5.17442165e+11  1.61e+04 7.21e-08  7.03e+03   692s
 103   5.98318926e+11  5.20115916e+11  1.55e+04 9.67e-08  6.65e+03   697s
 104   5.93102411e+11  5.22879019e+11  1.39e+04 1.26e-07  5.97e+03   704s
 105   5.90390966e+11  5.25195163e+11  1.30e+04 1.13e-07  5.55e+03   712s
 106   5.85798336e+11  5.28037419e+11  1.15e+04 6.45e-08  4.91e+03   718s
 107   5.80696893e+11  5.31547138e+11  9.82e+03 1.88e-07  4.18e+03   726s
 108   5.77553409e+11  5.33192151e+11  8.83e+03 3.03e-07  3.77e+03   733s
 109   5.75209121e+11  5.34678159e+11  8.09e+03 3.82e-07  3.45e+03   741s
 110   5.73425730e+11  5.36713468e+11  7.52e+03 1.78e-07  3.12e+03   748s
 111   5.71504849e+11  5.37871018e+11  6.89e+03 1.93e-07  2.86e+03   756s
 112   5.70276003e+11  5.38724761e+11  6.46e+03 1.55e-07  2.68e+03   762s
 113   5.68754701e+11  5.40210781e+11  5.95e+03 1.50e-07  2.43e+03   769s
 114   5.67323692e+11  5.41027379e+11  5.44e+03 1.64e-07  2.24e+03   777s
 115   5.66439642e+11  5.41353285e+11  5.15e+03 1.59e-07  2.13e+03   784s
 116   5.65461349e+11  5.41897091e+11  4.80e+03 1.74e-07  2.00e+03   791s
 117   5.65190185e+11  5.42109877e+11  4.71e+03 1.69e-07  1.96e+03   798s
 118   5.64922270e+11  5.42391676e+11  4.62e+03 1.60e-07  1.92e+03   804s
 119   5.64347329e+11  5.42629305e+11  4.43e+03 1.58e-07  1.85e+03   812s
 120   5.64000845e+11  5.43043942e+11  4.31e+03 1.35e-07  1.78e+03   818s
 121   5.63476778e+11  5.43357077e+11  4.14e+03 1.27e-07  1.71e+03   825s
 122   5.62902453e+11  5.43883410e+11  3.95e+03 1.14e-07  1.62e+03   833s
 123   5.62235350e+11  5.44136405e+11  3.73e+03 8.69e-08  1.54e+03   840s
 124   5.62097796e+11  5.44271210e+11  3.68e+03 8.30e-08  1.52e+03   848s
 125   5.61744456e+11  5.44520682e+11  3.56e+03 7.95e-08  1.46e+03   854s
 126   5.61370928e+11  5.44967381e+11  3.43e+03 6.17e-08  1.39e+03   862s
 127   5.60987458e+11  5.45320251e+11  3.29e+03 6.17e-08  1.33e+03   868s
 128   5.60576202e+11  5.45581127e+11  3.14e+03 8.11e-08  1.28e+03   874s
 129   5.60290731e+11  5.45781508e+11  3.03e+03 7.14e-08  1.23e+03   879s
 130   5.59771025e+11  5.46522967e+11  2.84e+03 8.62e-08  1.13e+03   887s
 131   5.59658184e+11  5.46581792e+11  2.80e+03 7.75e-08  1.11e+03   893s
 132   5.59045114e+11  5.46886701e+11  2.59e+03 6.26e-08  1.03e+03   900s
 133   5.58711875e+11  5.47425619e+11  2.48e+03 1.19e-07  9.60e+02   908s
 134   5.58471040e+11  5.47628288e+11  2.39e+03 9.78e-08  9.22e+02   914s
 135   5.57835210e+11  5.47843858e+11  2.18e+03 2.10e-07  8.50e+02   922s
 136   5.57373149e+11  5.48076118e+11  2.02e+03 2.76e-07  7.91e+02   929s
 137   5.56840464e+11  5.48307055e+11  1.85e+03 2.77e-07  7.26e+02   936s
 138   5.56436396e+11  5.48529989e+11  1.71e+03 1.09e-07  6.72e+02   944s
 139   5.56082136e+11  5.48876199e+11  1.59e+03 1.03e-07  6.13e+02   951s
 140   5.56006138e+11  5.48997260e+11  1.57e+03 1.04e-07  5.96e+02   959s
 141   5.55636511e+11  5.49205621e+11  1.44e+03 1.19e-07  5.47e+02   966s
 142   5.55397478e+11  5.49386109e+11  1.36e+03 1.22e-07  5.11e+02   973s
 143   5.55277837e+11  5.49454294e+11  1.32e+03 1.39e-07  4.95e+02   978s
 144   5.54954127e+11  5.49633942e+11  1.21e+03 1.48e-07  4.52e+02   985s
 145   5.54757981e+11  5.49787907e+11  1.15e+03 2.33e-07  4.23e+02   993s
 146   5.54467127e+11  5.49919610e+11  1.05e+03 3.82e-07  3.87e+02  1000s
 147   5.54159838e+11  5.50054625e+11  9.50e+02 6.89e-07  3.49e+02  1007s
 148   5.54114761e+11  5.50104281e+11  9.35e+02 6.03e-07  3.41e+02  1014s
 149   5.53893286e+11  5.50188664e+11  8.59e+02 5.54e-07  3.15e+02  1021s
 150   5.53711766e+11  5.50251981e+11  7.97e+02 5.91e-07  2.94e+02  1029s
 151   5.53629734e+11  5.50304594e+11  7.69e+02 5.97e-07  2.83e+02  1036s
 152   5.53468151e+11  5.50377768e+11  7.15e+02 5.30e-07  2.63e+02  1043s
 153   5.53265320e+11  5.50449817e+11  6.48e+02 5.83e-07  2.39e+02  1051s
 154   5.53192472e+11  5.50523107e+11  6.23e+02 2.34e-07  2.27e+02  1058s
 155   5.53034805e+11  5.50596156e+11  5.71e+02 2.07e-07  2.07e+02  1066s
 156   5.52978666e+11  5.50671495e+11  5.51e+02 2.08e-07  1.96e+02  1073s
 157   5.52782211e+11  5.50706292e+11  4.85e+02 2.76e-07  1.77e+02  1080s
 158   5.52656354e+11  5.50738817e+11  4.42e+02 1.11e-07  1.63e+02  1087s
 159   5.52531630e+11  5.50763896e+11  3.99e+02 1.08e-07  1.50e+02  1094s
 160   5.52520200e+11  5.50774783e+11  3.95e+02 1.65e-07  1.48e+02  1101s
 161   5.52479691e+11  5.50803579e+11  3.81e+02 2.37e-07  1.43e+02  1107s
 162   5.52436615e+11  5.50823626e+11  3.66e+02 1.65e-07  1.37e+02  1114s
 163   5.52382636e+11  5.50841895e+11  3.48e+02 2.63e-07  1.31e+02  1122s
 164   5.52304818e+11  5.50869172e+11  3.22e+02 3.62e-07  1.22e+02  1129s
 165   5.52234315e+11  5.50898324e+11  2.98e+02 2.64e-07  1.14e+02  1137s
 166   5.52196158e+11  5.50926855e+11  2.85e+02 3.75e-07  1.08e+02  1144s
 167   5.52143835e+11  5.50950289e+11  2.67e+02 3.45e-07  1.01e+02  1151s
 168   5.52093334e+11  5.50969652e+11  2.50e+02 3.46e-07  9.55e+01  1159s
 169   5.52069818e+11  5.51004176e+11  2.41e+02 6.30e-07  9.06e+01  1166s
 170   5.52021123e+11  5.51037384e+11  2.25e+02 8.91e-07  8.36e+01  1174s
 171   5.51964398e+11  5.51059996e+11  2.05e+02 8.69e-07  7.69e+01  1181s
 172   5.51938791e+11  5.51078995e+11  1.96e+02 8.30e-07  7.31e+01  1189s
 173   5.51893338e+11  5.51094648e+11  1.81e+02 7.71e-07  6.79e+01  1195s
 174   5.51876977e+11  5.51120145e+11  1.75e+02 5.98e-07  6.44e+01  1203s
 175   5.51855594e+11  5.51136316e+11  1.68e+02 6.15e-07  6.12e+01  1210s
 176   5.51828540e+11  5.51151362e+11  1.59e+02 5.71e-07  5.76e+01  1217s
 177   5.51796318e+11  5.51163051e+11  1.48e+02 5.34e-07  5.38e+01  1223s
 178   5.51762401e+11  5.51176424e+11  1.37e+02 5.46e-07  4.98e+01  1230s
 179   5.51739833e+11  5.51182909e+11  1.29e+02 5.45e-07  4.74e+01  1237s
 180   5.51720629e+11  5.51196290e+11  1.23e+02 5.40e-07  4.46e+01  1244s
 181   5.51679229e+11  5.51211355e+11  1.08e+02 3.98e-07  3.98e+01  1252s
 182   5.51673077e+11  5.51216599e+11  1.06e+02 3.37e-07  3.88e+01  1258s
 183   5.51653821e+11  5.51228170e+11  9.98e+01 3.40e-07  3.62e+01  1264s
 184   5.51632991e+11  5.51232986e+11  9.28e+01 3.00e-07  3.40e+01  1272s
 185   5.51620590e+11  5.51241094e+11  8.87e+01 3.46e-07  3.23e+01  1279s
 186   5.51602139e+11  5.51251527e+11  8.27e+01 2.83e-07  2.98e+01  1286s
 187   5.51586184e+11  5.51255976e+11  7.74e+01 2.67e-07  2.81e+01  1294s
 188   5.51567640e+11  5.51261098e+11  7.12e+01 2.46e-07  2.61e+01  1300s
 189   5.51555474e+11  5.51264012e+11  6.71e+01 2.15e-07  2.48e+01  1308s
 190   5.51548821e+11  5.51274247e+11  6.48e+01 1.66e-07  2.33e+01  1315s
 191   5.51539229e+11  5.51279549e+11  6.15e+01 1.53e-07  2.21e+01  1323s
 192   5.51528126e+11  5.51285328e+11  5.78e+01 1.90e-07  2.06e+01  1329s
 193   5.51516919e+11  5.51288441e+11  5.40e+01 1.90e-07  1.94e+01  1334s
 194   5.51497750e+11  5.51299420e+11  4.75e+01 1.97e-07  1.69e+01  1342s
 195   5.51489292e+11  5.51303044e+11  4.48e+01 1.87e-07  1.58e+01  1349s
 196   5.51477627e+11  5.51308927e+11  4.10e+01 1.57e-07  1.43e+01  1357s
 197   5.51471025e+11  5.51313441e+11  3.88e+01 1.19e-07  1.34e+01  1364s
 198   5.51462663e+11  5.51314331e+11  3.61e+01 1.15e-07  1.26e+01  1372s
 199   5.51460045e+11  5.51316666e+11  3.52e+01 1.18e-07  1.22e+01  1378s
 200   5.51449081e+11  5.51319899e+11  3.16e+01 1.11e-07  1.10e+01  1385s
 201   5.51444298e+11  5.51321822e+11  3.01e+01 9.30e-08  1.04e+01  1391s
 202   5.51438657e+11  5.51324780e+11  2.83e+01 9.94e-08  9.68e+00  1399s
 203   5.51435508e+11  5.51325970e+11  2.72e+01 9.27e-08  9.31e+00  1407s
 204   5.51428886e+11  5.51329422e+11  2.50e+01 7.35e-08  8.46e+00  1414s
 205   5.51424590e+11  5.51331736e+11  2.36e+01 7.31e-08  7.90e+00  1421s
 206   5.51416763e+11  5.51333149e+11  2.10e+01 5.59e-08  7.11e+00  1429s
 207   5.51413063e+11  5.51334463e+11  1.98e+01 3.45e-08  6.68e+00  1436s
 208   5.51410558e+11  5.51336202e+11  1.90e+01 3.07e-08  6.32e+00  1444s
 209   5.51406142e+11  5.51337613e+11  1.75e+01 4.24e-08  5.83e+00  1450s
 210   5.51401359e+11  5.51338359e+11  1.59e+01 3.68e-08  5.36e+00  1457s
 211   5.51396069e+11  5.51339060e+11  1.42e+01 3.73e-08  4.85e+00  1463s
 212   5.51392286e+11  5.51339704e+11  1.30e+01 4.35e-08  4.47e+00  1471s
 213   5.51390625e+11  5.51340370e+11  1.24e+01 5.03e-08  4.27e+00  1476s
 214   5.51387865e+11  5.51341719e+11  1.15e+01 7.12e-08  3.92e+00  1483s
 215   5.51385447e+11  5.51343568e+11  1.07e+01 6.66e-08  3.56e+00  1491s
 216   5.51381240e+11  5.51344332e+11  9.33e+00 7.99e-08  3.14e+00  1498s
 217   5.51377217e+11  5.51345212e+11  7.99e+00 6.19e-08  2.72e+00  1506s
 218   5.51375566e+11  5.51346009e+11  7.45e+00 7.17e-08  2.51e+00  1513s
 219   5.51374702e+11  5.51346827e+11  7.17e+00 9.17e-08  2.37e+00  1521s
 220   5.51372047e+11  5.51347615e+11  6.33e+00 4.52e-08  2.08e+00  1528s
 221   5.51368946e+11  5.51347943e+11  5.32e+00 2.89e-08  1.79e+00  1536s
 222   5.51368317e+11  5.51348321e+11  5.13e+00 3.37e-08  1.70e+00  1543s
 223   5.51367692e+11  5.51348408e+11  4.93e+00 3.22e-08  1.64e+00  1551s
 224   5.51366457e+11  5.51348732e+11  4.54e+00 3.38e-08  1.51e+00  1557s
 225   5.51365183e+11  5.51348830e+11  4.13e+00 3.63e-08  1.39e+00  1564s
 226   5.51364367e+11  5.51349429e+11  3.86e+00 5.26e-08  1.27e+00  1572s
 227   5.51362574e+11  5.51350109e+11  3.25e+00 7.26e-08  1.06e+00  1579s
 228   5.51361445e+11  5.51350759e+11  2.88e+00 3.40e-08  9.09e-01  1587s
 229   5.51360913e+11  5.51351110e+11  2.71e+00 3.65e-08  8.33e-01  1594s
 230   5.51360460e+11  5.51351188e+11  2.56e+00 3.75e-08  7.88e-01  1599s
 231   5.51359634e+11  5.51351349e+11  2.29e+00 3.79e-08  7.04e-01  1607s
 232   5.51358214e+11  5.51351609e+11  1.81e+00 4.51e-08  5.61e-01  1614s
 233   5.51356631e+11  5.51351770e+11  1.27e+00 3.56e-08  4.13e-01  1622s
 234   5.51356490e+11  5.51351958e+11  1.22e+00 5.36e-08  3.85e-01  1628s
 235   5.51355524e+11  5.51352081e+11  8.96e-01 4.73e-08  2.93e-01  1634s
 236   5.51355426e+11  5.51352159e+11  8.64e-01 5.26e-08  2.78e-01  1639s
 237   5.51354945e+11  5.51352294e+11  7.01e-01 2.83e-08  2.25e-01  1645s
 238   5.51354549e+11  5.51352366e+11  5.71e-01 3.69e-08  1.86e-01  1653s
 239   5.51354399e+11  5.51352475e+11  5.23e-01 3.32e-08  1.64e-01  1660s
 240   5.51353774e+11  5.51352566e+11  3.20e-01 3.59e-08  1.03e-01  1667s
 241   5.51353559e+11  5.51352624e+11  2.45e-01 8.23e-08  7.95e-02  1676s
 242   5.51353251e+11  5.51352704e+11  1.42e-01 1.15e-07  4.65e-02  1683s
 243   5.51353095e+11  5.51352761e+11  9.09e-02 5.58e-08  2.84e-02  1691s
 244   5.51353053e+11  5.51352773e+11  7.80e-02 5.17e-08  2.38e-02  1697s
 245   5.51352997e+11  5.51352778e+11  6.09e-02 3.01e-08  1.86e-02  1702s
 246   5.51352923e+11  5.51352784e+11  3.81e-02 4.51e-08  1.19e-02  1706s
 247   5.51352877e+11  5.51352788e+11  2.37e-02 4.84e-08  7.63e-03  1709s
 248   5.51352842e+11  5.51352794e+11  1.30e-02 5.42e-08  4.13e-03  1713s
 249   5.51352829e+11  5.51352794e+11  8.81e-03 3.84e-08  2.91e-03  1717s
 250   5.51352808e+11  5.51352795e+11  2.55e-03 2.07e-08  1.03e-03  1721s
 251   5.51352803e+11  5.51352796e+11  1.36e-03 1.51e-08  5.95e-04  1726s

Barrier solved model in 251 iterations and 1725.69 seconds (1296.71 work units)
Optimal objective 5.51352803e+11


