Set parameter Username
Set parameter LicenseID to value 2754836
Academic license - for non-commercial use only - expires 2026-12-14
  override: ES>PT NTC → ±3000.0 MW
  override: ES>FR NTC → ±2800.0 MW
Mid-term SDDP: 78 weekly stages × 84 blocks of 2 h, 37 climate-year scenarios (1982–2018), solver=gurobi
  FR/PT shapes from Data/ts/EMPIRE (EU = rest-of-Europe → FR zone), scenario years paired cyclically with EMPIRE 2015–2019
-------------------------------------------------------------------
         SDDP.jl (c) Oscar Dowson and contributors, 2017-26
-------------------------------------------------------------------
problem
  nodes           : 78
  state variables : 2
  scenarios       : 2.08802e+122
  existing cuts   : false
options
  solver          : serial mode
  risk measure    : SDDP.Expectation()
  sampling scheme : SDDP.InSampleMonteCarlo
subproblem structure
  VariableRef                             : [4799, 4799]
  AffExpr in MOI.EqualTo{Float64}         : [764, 764]
  VariableRef in MOI.GreaterThan{Float64} : [4797, 4797]
  VariableRef in MOI.LessThan{Float64}    : [3536, 3537]
numerical stability report
  matrix range     [1e+00, 2e+00]
  objective range  [1e+00, 6e+03]
  bounds range     [3e-02, 2e+07]
  rhs range        [4e+02, 2e+05]
WARNING: numerical stability issues detected
  - bounds range contains large coefficients
Very large or small absolute values of coefficients
can cause numerical stability issues. Consider
reformulating the model.
-------------------------------------------------------------------
 iteration    simulation      bound        time (s)     solves  pid
-------------------------------------------------------------------
         1   5.147577e+09  1.945157e+07  2.298200e+01      2964   1
         2   4.215415e+09  2.452606e+09  3.895100e+01      5928   1
         3   5.111537e+09  2.452620e+09  5.621600e+01      8892   1
         4   4.203420e+09  2.681400e+09  7.275500e+01     11856   1
         5   4.982979e+09  2.681400e+09  8.889000e+01     14820   1
         6   4.369225e+09  3.341096e+09  1.046950e+02     17784   1
         8   4.095319e+09  3.341233e+09  1.361150e+02     23712   1
        10   3.752681e+09  3.341838e+09  1.687590e+02     29640   1
        12   3.583312e+09  3.578756e+09  2.029690e+02     35568   1
        14   3.583545e+09  3.594566e+09  2.364450e+02     41496   1
        16   3.910929e+09  3.653204e+09  2.689890e+02     47424   1
        18   3.813284e+09  3.653780e+09  3.026480e+02     53352   1
        20   3.780973e+09  3.656140e+09  3.461600e+02     59280   1
        21   4.059879e+09  3.675208e+09  3.845960e+02     62244   1
        23   3.606634e+09  3.675210e+09  4.281540e+02     68172   1
        25   3.667417e+09  3.675212e+09  4.674900e+02     74100   1
        27   4.001417e+09  3.679871e+09  5.083500e+02     80028   1
        29   4.089606e+09  3.679907e+09  5.440140e+02     85956   1
        31   4.094946e+09  3.681435e+09  5.776800e+02     91884   1
        33   4.349935e+09  3.683206e+09  6.109710e+02     97812   1
        35   3.472474e+09  3.683331e+09  6.442090e+02    103740   1
        37   3.995059e+09  3.685699e+09  6.783400e+02    109668   1
        39   3.789213e+09  3.688744e+09  7.128840e+02    115596   1
        41   3.299973e+09  3.688748e+09  7.475390e+02    121524   1
        43   3.589720e+09  3.688755e+09  7.838560e+02    127452   1
        45   4.157975e+09  3.690347e+09  8.226250e+02    133380   1
        47   4.010488e+09  3.690451e+09  8.599790e+02    139308   1
        49   3.906390e+09  3.690674e+09  8.935530e+02    145236   1
        51   3.871264e+09  3.691393e+09  9.273790e+02    151164   1
        53   3.687370e+09  3.695068e+09  9.609750e+02    157092   1
        55   4.002735e+09  3.695122e+09  9.947910e+02    163020   1
        57   3.732649e+09  3.695281e+09  1.029946e+03    168948   1
        59   3.376126e+09  3.696283e+09  1.063550e+03    174876   1
        61   3.992744e+09  3.696377e+09  1.097390e+03    180804   1
        63   3.455508e+09  3.697479e+09  1.143092e+03    186732   1
        65   3.455762e+09  3.699686e+09  1.180803e+03    192660   1
        67   3.252620e+09  3.700261e+09  1.214070e+03    198588   1
        69   3.510178e+09  3.701072e+09  1.247345e+03    204516   1
        71   3.883341e+09  3.701155e+09  1.281414e+03    210444   1
        73   3.699734e+09  3.701374e+09  1.315735e+03    216372   1
        75   3.932896e+09  3.701375e+09  1.350609e+03    222300   1
        77   3.753802e+09  3.701381e+09  1.385348e+03    228228   1
        79   3.350185e+09  3.701996e+09  1.423161e+03    234156   1
        81   3.702374e+09  3.702020e+09  1.459445e+03    240084   1
        83   3.685809e+09  3.702029e+09  1.497590e+03    246012   1
        85   3.854943e+09  3.702047e+09  1.531719e+03    251940   1
        87   3.303395e+09  3.702118e+09  1.565511e+03    257868   1
        89   3.604491e+09  3.702675e+09  1.599384e+03    263796   1
        91   3.888322e+09  3.703820e+09  1.634830e+03    269724   1
        93   3.923084e+09  3.704358e+09  1.670935e+03    275652   1
        95   3.948074e+09  3.704524e+09  1.707951e+03    281580   1
        97   3.656279e+09  3.704529e+09  1.744864e+03    287508   1
        99   4.135959e+09  3.704626e+09  1.782746e+03    293436   1
       101   3.425128e+09  3.705267e+09  1.817679e+03    299364   1
       103   3.760189e+09  3.705268e+09  1.853010e+03    305292   1
       105   3.514658e+09  3.705284e+09  1.887606e+03    311220   1
       107   3.744378e+09  3.705290e+09  1.921999e+03    317148   1
       109   4.013268e+09  3.706546e+09  1.956514e+03    323076   1
       111   3.343248e+09  3.707280e+09  1.994897e+03    329004   1
       113   3.580147e+09  3.707382e+09  2.030900e+03    334932   1
       115   4.075700e+09  3.707394e+09  2.065976e+03    340860   1
       117   3.465784e+09  3.707483e+09  2.099934e+03    346788   1
       119   3.725287e+09  3.707754e+09  2.134128e+03    352716   1
       121   3.813859e+09  3.707879e+09  2.168101e+03    358644   1
       123   3.593195e+09  3.707884e+09  2.202618e+03    364572   1
       125   3.464208e+09  3.707890e+09  2.237544e+03    370500   1
       127   4.017825e+09  3.707892e+09  2.272634e+03    376428   1
       129   3.372277e+09  3.707896e+09  2.307572e+03    382356   1
       131   3.722517e+09  3.707900e+09  2.342306e+03    388284   1
       133   3.651378e+09  3.707996e+09  2.377147e+03    394212   1
       135   4.155560e+09  3.708158e+09  2.411331e+03    400140   1
       137   3.747360e+09  3.708263e+09  2.449436e+03    406068   1
       139   3.503508e+09  3.708522e+09  2.484980e+03    411996   1
       141   3.216073e+09  3.708585e+09  2.524660e+03    417924   1
       143   3.636673e+09  3.708591e+09  2.568970e+03    423852   1
       145   3.305237e+09  3.709077e+09  2.614140e+03    429780   1
       147   3.131327e+09  3.709096e+09  2.651743e+03    435708   1
       149   3.637807e+09  3.709109e+09  2.687506e+03    441636   1
       150   3.528284e+09  3.709112e+09  2.705035e+03    444600   1
-------------------------------------------------------------------
status         : iteration_limit
total time (s) : 2.705035e+03
total solves   : 444600
best bound     :  3.709112e+09
simulation ci  :  3.779047e+09 ± 5.380355e+07
numeric issues : 0
-------------------------------------------------------------------

Training done: 150 iterations, lower bound 3.7091e+09 EUR
Cut intercept convention: |Δ| absolute 2.585e+08, relative 0.000e+00 → using relative
Wrote 11551 cuts → C:\Users\ehsanno\DataspellProjects\Spanish_Power_System\Data/BellmanValuesOUT_sddp_ntc.csv
Wrote volume trajectory (climate year 1982) → C:\Users\ehsanno\DataspellProjects\Spanish_Power_System\Data/Volume_Scen0_OUT_sddp_ntc.csv

To use these cuts in the market chain, point [bellman] in config.toml at:
  bellman_file = "Data/BellmanValuesOUT_sddp.csv"
  volume_file  = "Data/Volume_Scen0_OUT_sddp.csv"
