-------------------------------------------------------------------
         SDDP.jl (c) Oscar Dowson and contributors, 2017-26
-------------------------------------------------------------------
problem
  nodes           : 78
  state variables : 2
  scenarios       : 9.13439e+46
  existing cuts   : false
options
  solver          : serial mode
  risk measure    : SDDP.Expectation()
  sampling scheme : SDDP.InSampleMonteCarlo
subproblem structure
  VariableRef                             : [410, 410]
  AffExpr in MOI.EqualTo{Float64}         : [71, 71]
  VariableRef in MOI.GreaterThan{Float64} : [408, 408]
  VariableRef in MOI.LessThan{Float64}    : [302, 303]
numerical stability report
  matrix range     [1e+00, 2e+01]
  objective range  [1e+00, 7e+04]
  bounds range     [2e+01, 2e+07]
  rhs range        [4e+03, 1e+06]
WARNING: numerical stability issues detected
  - bounds range contains large coefficients
Very large or small absolute values of coefficients
can cause numerical stability issues. Consider
reformulating the model.
-------------------------------------------------------------------
 iteration    simulation      bound        time (s)     solves  pid
-------------------------------------------------------------------
         1   4.914207e+09  8.736091e+06  6.707000e+00       390   1
         3   6.089113e+09  2.854336e+09  7.397000e+00      1170   1
-------------------------------------------------------------------
status         : iteration_limit
total time (s) : 7.397000e+00
total solves   : 1170
best bound     :  2.854336e+09
simulation ci  :  5.210475e+09 ± 8.761495e+08
numeric issues : 0
-------------------------------------------------------------------

-------------------------------------------------------------------
         SDDP.jl (c) Oscar Dowson and contributors, 2017-26
-------------------------------------------------------------------
problem
  nodes           : 78
  state variables : 2
  scenarios       : 9.13439e+46
  existing cuts   : false
options
  solver          : serial mode
  risk measure    : SDDP.Expectation()
  sampling scheme : SDDP.InSampleMonteCarlo
subproblem structure
  VariableRef                             : [410, 410]
  AffExpr in MOI.EqualTo{Float64}         : [71, 71]
  VariableRef in MOI.GreaterThan{Float64} : [408, 408]
  VariableRef in MOI.LessThan{Float64}    : [302, 303]
numerical stability report
  matrix range     [1e+00, 2e+01]
  objective range  [1e+00, 7e+04]
  bounds range     [2e+01, 2e+07]
  rhs range        [4e+03, 1e+06]
WARNING: numerical stability issues detected
  - bounds range contains large coefficients
Very large or small absolute values of coefficients
can cause numerical stability issues. Consider
reformulating the model.
-------------------------------------------------------------------
 iteration    simulation      bound        time (s)     solves  pid
-------------------------------------------------------------------
         1   4.914207e+09  8.736091e+06  6.857000e+00       390   1
         3   6.089113e+09  2.854336e+09  7.563000e+00      1170   1
-------------------------------------------------------------------
status         : iteration_limit
total time (s) : 7.563000e+00
total solves   : 1170
best bound     :  2.854336e+09
simulation ci  :  5.210475e+09 ± 8.761495e+08
numeric issues : 0
-------------------------------------------------------------------

-------------------------------------------------------------------
         SDDP.jl (c) Oscar Dowson and contributors, 2017-26
-------------------------------------------------------------------
problem
  nodes           : 78
  state variables : 2
  scenarios       : 2.08802e+122
  existing cuts   : false
options
  solver          : serial mode
  risk measure    : SDDP.Expectation()
  sampling scheme : SDDP.InSampleMonteCarlo
subproblem structure
  VariableRef                             : [4799, 4799]
  AffExpr in MOI.EqualTo{Float64}         : [764, 764]
  VariableRef in MOI.GreaterThan{Float64} : [4797, 4797]
  VariableRef in MOI.LessThan{Float64}    : [3536, 3537]
numerical stability report
  matrix range     [1e+00, 2e+00]
  objective range  [1e+00, 6e+03]
  bounds range     [8e+00, 2e+07]
  rhs range        [4e+02, 2e+05]
WARNING: numerical stability issues detected
  - bounds range contains large coefficients
Very large or small absolute values of coefficients
can cause numerical stability issues. Consider
reformulating the model.
-------------------------------------------------------------------
 iteration    simulation      bound        time (s)     solves  pid
-------------------------------------------------------------------
         1   5.404218e+09  2.136996e+08  2.591900e+01      2964   1
         2   4.914924e+09  2.333264e+09  4.438100e+01      5928   1
         3   5.239287e+09  2.402446e+09  6.244000e+01      8892   1
         4   4.841781e+09  2.403713e+09  8.154300e+01     11856   1
         5   5.310783e+09  3.461428e+09  1.033110e+02     14820   1
         7   4.870736e+09  3.461466e+09  1.437320e+02     20748   1
         9   4.892546e+09  4.200390e+09  1.841390e+02     26676   1
        11   4.626210e+09  4.269863e+09  2.231980e+02     32604   1
        13   5.317393e+09  4.564196e+09  2.680550e+02     38532   1
        15   4.367952e+09  4.594060e+09  3.103510e+02     44460   1
        17   5.160501e+09  4.718757e+09  3.484410e+02     50388   1
        19   4.699156e+09  4.721945e+09  3.864890e+02     56316   1
        21   5.383145e+09  4.726780e+09  4.285520e+02     62244   1
        23   4.834377e+09  4.727008e+09  4.674880e+02     68172   1
        25   5.169661e+09  4.735343e+09  5.062110e+02     74100   1
        27   4.520068e+09  4.735782e+09  5.427440e+02     80028   1
        29   5.005322e+09  4.741432e+09  5.782930e+02     85956   1
        31   5.062188e+09  4.741440e+09  6.133760e+02     91884   1
        33   5.552558e+09  4.741881e+09  6.540050e+02     97812   1
        35   4.552094e+09  4.746644e+09  6.934570e+02    103740   1
        37   4.751258e+09  4.749018e+09  7.300560e+02    109668   1
        39   4.984159e+09  4.749594e+09  7.650260e+02    115596   1
        41   4.972863e+09  4.751887e+09  8.043120e+02    121524   1
        43   4.323979e+09  4.754821e+09  8.472420e+02    127452   1
        45   4.437799e+09  4.759101e+09  8.832200e+02    133380   1
        47   4.067428e+09  4.760244e+09  9.176640e+02    139308   1
        49   5.527576e+09  4.761268e+09  9.525120e+02    145236   1
        51   4.537060e+09  4.761328e+09  9.898290e+02    151164   1
        52   5.810437e+09  4.761391e+09  1.020311e+03    154128   1
        54   4.773907e+09  4.761976e+09  1.060175e+03    160056   1
        56   5.133860e+09  4.762648e+09  1.097764e+03    165984   1
        58   5.239398e+09  4.762676e+09  1.135414e+03    171912   1
        60   4.139231e+09  4.764406e+09  1.173121e+03    177840   1
        62   4.559006e+09  4.764985e+09  1.210173e+03    183768   1
        64   4.135634e+09  4.765940e+09  1.244120e+03    189696   1
        66   4.458724e+09  4.767130e+09  1.284327e+03    195624   1
        68   4.728553e+09  4.767173e+09  1.323200e+03    201552   1
        70   4.900274e+09  4.767443e+09  1.361015e+03    207480   1
        72   4.676205e+09  4.768067e+09  1.397732e+03    213408   1
        74   5.522423e+09  4.768320e+09  1.433027e+03    219336   1
        76   4.915958e+09  4.768411e+09  1.477548e+03    225264   1
        78   5.095026e+09  4.768722e+09  1.517286e+03    231192   1
        80   4.966917e+09  4.769826e+09  1.558387e+03    237120   1
        82   4.565691e+09  4.769991e+09  1.598293e+03    243048   1
        84   5.263055e+09  4.770139e+09  1.646562e+03    248976   1
        86   4.315921e+09  4.770684e+09  1.691848e+03    254904   1
        88   4.943984e+09  4.770814e+09  1.734112e+03    260832   1
        90   5.136973e+09  4.771431e+09  1.777701e+03    266760   1
        92   4.795876e+09  4.771845e+09  1.823467e+03    272688   1
        94   4.422253e+09  4.771977e+09  1.866353e+03    278616   1
        96   5.058851e+09  4.772015e+09  1.908241e+03    284544   1
        98   4.798387e+09  4.772358e+09  1.952226e+03    290472   1
       100   4.922414e+09  4.772564e+09  1.996006e+03    296400   1
       102   4.623040e+09  4.772812e+09  2.046011e+03    302328   1
       104   5.123213e+09  4.773151e+09  2.088381e+03    308256   1
       106   4.598468e+09  4.773372e+09  2.128727e+03    314184   1
       108   5.315152e+09  4.773447e+09  2.165812e+03    320112   1
       110   4.225615e+09  4.773606e+09  2.206654e+03    326040   1
       112   5.838990e+09  4.773658e+09  2.253861e+03    331968   1
       114   4.432927e+09  4.773861e+09  2.301951e+03    337896   1
       116   5.317217e+09  4.774153e+09  2.347252e+03    343824   1
       118   5.064707e+09  4.774284e+09  2.389593e+03    349752   1
       120   5.169158e+09  4.774409e+09  2.429979e+03    355680   1
       122   4.856670e+09  4.774449e+09  2.469157e+03    361608   1
       124   4.657461e+09  4.774509e+09  2.509505e+03    367536   1
       126   4.526850e+09  4.775065e+09  2.548831e+03    373464   1
       128   5.449839e+09  4.775108e+09  2.592871e+03    379392   1
       130   5.404864e+09  4.775131e+09  2.641676e+03    385320   1
       132   5.128379e+09  4.775301e+09  2.687741e+03    391248   1
       134   4.829985e+09  4.775341e+09  2.729309e+03    397176   1
       136   4.295601e+09  4.775343e+09  2.773035e+03    403104   1
-------------------------------------------------------------------
         SDDP.jl (c) Oscar Dowson and contributors, 2017-26
-------------------------------------------------------------------
problem
  nodes           : 78
  state variables : 2
  scenarios       : 2.08802e+122
  existing cuts   : false
options
  solver          : serial mode
  risk measure    : SDDP.Expectation()
  sampling scheme : SDDP.InSampleMonteCarlo
subproblem structure
  VariableRef                             : [4799, 4799]
  AffExpr in MOI.EqualTo{Float64}         : [764, 764]
  VariableRef in MOI.GreaterThan{Float64} : [4797, 4797]
  VariableRef in MOI.LessThan{Float64}    : [3536, 3537]
numerical stability report
  matrix range     [1e+00, 2e+00]
  objective range  [1e+00, 6e+03]
  bounds range     [8e+00, 2e+07]
  rhs range        [4e+02, 2e+05]
WARNING: numerical stability issues detected
  - bounds range contains large coefficients
Very large or small absolute values of coefficients
can cause numerical stability issues. Consider
reformulating the model.
-------------------------------------------------------------------
 iteration    simulation      bound        time (s)     solves  pid
-------------------------------------------------------------------
         1   5.404218e+09  2.136996e+08  2.395200e+01      2964   1
         2   4.914924e+09  2.333264e+09  4.097200e+01      5928   1
         3   5.239287e+09  2.402446e+09  5.830100e+01      8892   1
         4   4.841781e+09  2.403713e+09  7.476600e+01     11856   1
         5   5.310783e+09  3.461428e+09  9.133600e+01     14820   1
         6   5.525935e+09  3.461458e+09  1.080110e+02     17784   1
         8   5.098558e+09  4.162555e+09  1.416790e+02     23712   1
        10   4.431416e+09  4.269833e+09  1.752400e+02     29640   1
        12   4.330064e+09  4.564193e+09  2.090300e+02     35568   1
        14   4.785770e+09  4.564203e+09  2.427150e+02     41496   1
        16   4.404761e+09  4.718721e+09  2.756650e+02     47424   1
        18   4.391235e+09  4.718761e+09  3.087140e+02     53352   1
        20   4.837428e+09  4.726719e+09  3.425810e+02     59280   1
        22   5.281962e+09  4.727003e+09  3.756120e+02     65208   1
        24   4.368928e+09  4.735342e+09  4.087290e+02     71136   1
        26   5.257494e+09  4.735533e+09  4.426380e+02     77064   1
        28   4.602569e+09  4.736695e+09  4.756670e+02     82992   1
        30   4.778056e+09  4.741439e+09  5.088490e+02     88920   1
        32   4.803991e+09  4.741441e+09  5.425590e+02     94848   1
        34   5.155869e+09  4.744033e+09  5.753900e+02    100776   1
        36   4.564714e+09  4.748928e+09  6.086820e+02    106704   1
        38   4.858243e+09  4.749049e+09  6.414060e+02    112632   1
        40   4.356467e+09  4.751457e+09  6.737450e+02    118560   1
        42   4.822682e+09  4.751990e+09  7.068760e+02    124488   1
        44   4.500208e+09  4.757632e+09  7.397420e+02    130416   1
        46   4.582924e+09  4.759101e+09  7.729240e+02    136344   1
        48   3.872990e+09  4.761122e+09  8.059360e+02    142272   1
        50   4.682534e+09  4.761273e+09  8.388370e+02    148200   1
        52   5.810437e+09  4.761391e+09  8.728150e+02    154128   1
        54   4.773907e+09  4.761976e+09  9.096450e+02    160056   1
        56   5.133860e+09  4.762648e+09  9.444670e+02    165984   1
        58   5.239398e+09  4.762676e+09  9.798890e+02    171912   1
        60   4.139231e+09  4.764406e+09  1.013173e+03    177840   1
        62   4.559006e+09  4.764985e+09  1.046615e+03    183768   1
        64   4.135634e+09  4.765940e+09  1.079866e+03    189696   1
        66   4.458724e+09  4.767130e+09  1.112840e+03    195624   1
        68   4.728553e+09  4.767173e+09  1.146085e+03    201552   1
        70   4.900274e+09  4.767443e+09  1.179678e+03    207480   1
        72   4.676205e+09  4.768067e+09  1.215329e+03    213408   1
        74   5.522423e+09  4.768320e+09  1.248716e+03    219336   1
        76   4.915958e+09  4.768411e+09  1.282300e+03    225264   1
        78   5.095026e+09  4.768722e+09  1.318087e+03    231192   1
        80   4.966917e+09  4.769826e+09  1.351314e+03    237120   1
        82   4.565691e+09  4.769991e+09  1.385029e+03    243048   1
        84   5.263055e+09  4.770139e+09  1.418964e+03    248976   1
        86   4.315921e+09  4.770684e+09  1.454629e+03    254904   1
        88   4.943984e+09  4.770814e+09  1.488782e+03    260832   1
        90   5.136973e+09  4.771431e+09  1.522857e+03    266760   1
        92   4.795876e+09  4.771845e+09  1.559124e+03    272688   1
        94   4.422253e+09  4.771977e+09  1.594448e+03    278616   1
        96   5.058851e+09  4.772015e+09  1.629000e+03    284544   1
        98   4.798387e+09  4.772358e+09  1.663369e+03    290472   1
       100   4.922414e+09  4.772564e+09  1.699804e+03    296400   1
       102   4.623040e+09  4.772812e+09  1.734415e+03    302328   1
       104   5.123213e+09  4.773151e+09  1.768347e+03    308256   1
       106   4.598468e+09  4.773372e+09  1.801765e+03    314184   1
       108   5.315152e+09  4.773447e+09  1.837103e+03    320112   1
       110   4.225615e+09  4.773606e+09  1.870549e+03    326040   1
       112   5.838990e+09  4.773658e+09  1.903882e+03    331968   1
       114   4.432927e+09  4.773861e+09  1.939261e+03    337896   1
       116   5.317217e+09  4.774153e+09  1.972803e+03    343824   1
       118   5.064707e+09  4.774284e+09  2.007385e+03    349752   1
       120   5.169158e+09  4.774409e+09  2.043079e+03    355680   1
       122   4.856670e+09  4.774449e+09  2.077593e+03    361608   1
       124   4.657461e+09  4.774509e+09  2.111637e+03    367536   1
       126   4.526850e+09  4.775065e+09  2.147672e+03    373464   1
       128   5.449839e+09  4.775108e+09  2.183796e+03    379392   1
       130   5.404864e+09  4.775131e+09  2.217887e+03    385320   1
       132   5.128379e+09  4.775301e+09  2.252458e+03    391248   1
       134   4.829985e+09  4.775341e+09  2.288500e+03    397176   1
       136   4.295601e+09  4.775343e+09  2.322458e+03    403104   1
       138   4.327318e+09  4.775357e+09  2.355998e+03    409032   1
       140   4.161283e+09  4.775410e+09  2.391454e+03    414960   1
       142   4.102729e+09  4.775502e+09  2.425170e+03    420888   1
       144   4.971618e+09  4.775629e+09  2.459322e+03    426816   1
       146   3.993772e+09  4.775765e+09  2.495434e+03    432744   1
       148   4.714622e+09  4.776232e+09  2.529758e+03    438672   1
       150   4.412019e+09  4.776322e+09  2.563682e+03    444600   1
-------------------------------------------------------------------
status         : iteration_limit
total time (s) : 2.563682e+03
total solves   : 444600
best bound     :  4.776322e+09
simulation ci  :  4.786735e+09 ± 6.690278e+07
numeric issues : 0
-------------------------------------------------------------------

-------------------------------------------------------------------
         SDDP.jl (c) Oscar Dowson and contributors, 2017-26
-------------------------------------------------------------------
problem
  nodes           : 78
  state variables : 2
  scenarios       : 9.13439e+46
  existing cuts   : false
options
  solver          : serial mode
  risk measure    : SDDP.Expectation()
  sampling scheme : SDDP.InSampleMonteCarlo
subproblem structure
  VariableRef                             : [410, 410]
  AffExpr in MOI.EqualTo{Float64}         : [71, 71]
  VariableRef in MOI.GreaterThan{Float64} : [408, 408]
  VariableRef in MOI.LessThan{Float64}    : [302, 303]
numerical stability report
  matrix range     [1e+00, 2e+01]
  objective range  [1e+00, 7e+04]
  bounds range     [2e+01, 2e+07]
  rhs range        [4e+03, 4e+05]
WARNING: numerical stability issues detected
  - bounds range contains large coefficients
Very large or small absolute values of coefficients
can cause numerical stability issues. Consider
reformulating the model.
-------------------------------------------------------------------
 iteration    simulation      bound        time (s)     solves  pid
-------------------------------------------------------------------
         1   3.293384e+09  2.334705e+06  9.379000e+00       390   1
         3   3.689547e+09  1.471174e+09  1.039200e+01      1170   1
-------------------------------------------------------------------
status         : iteration_limit
total time (s) : 1.039200e+01
total solves   : 1170
best bound     :  1.471174e+09
simulation ci  :  3.337537e+09 ± 3.758541e+08
numeric issues : 0
-------------------------------------------------------------------

-------------------------------------------------------------------
         SDDP.jl (c) Oscar Dowson and contributors, 2017-26
-------------------------------------------------------------------
problem
  nodes           : 78
  state variables : 2
  scenarios       : 2.08802e+122
  existing cuts   : false
options
  solver          : serial mode
  risk measure    : SDDP.Expectation()
  sampling scheme : SDDP.InSampleMonteCarlo
subproblem structure
  VariableRef                             : [4799, 4799]
  AffExpr in MOI.EqualTo{Float64}         : [764, 764]
  VariableRef in MOI.GreaterThan{Float64} : [4797, 4797]
  VariableRef in MOI.LessThan{Float64}    : [3536, 3537]
numerical stability report
  matrix range     [1e+00, 2e+00]
  objective range  [1e+00, 6e+03]
  bounds range     [3e-02, 2e+07]
  rhs range        [4e+02, 2e+05]
WARNING: numerical stability issues detected
  - bounds range contains large coefficients
Very large or small absolute values of coefficients
can cause numerical stability issues. Consider
reformulating the model.
-------------------------------------------------------------------
 iteration    simulation      bound        time (s)     solves  pid
-------------------------------------------------------------------
         1   3.781765e+09  5.027911e+06  3.384400e+01      2964   1
         2   3.599213e+09  1.152648e+09  5.174700e+01      5928   1
         3   3.552185e+09  1.425512e+09  6.938300e+01      8892   1
         4   3.451859e+09  1.425512e+09  8.676600e+01     11856   1
         5   3.685515e+09  1.883203e+09  1.035690e+02     14820   1
         7   3.432857e+09  2.165171e+09  1.389970e+02     20748   1
         9   3.144724e+09  2.219836e+09  1.763900e+02     26676   1
        11   2.720208e+09  2.854919e+09  2.129890e+02     32604   1
        13   3.089655e+09  2.875116e+09  2.457710e+02     38532   1
        15   3.073426e+09  2.875117e+09  2.787220e+02     44460   1
        17   2.987779e+09  2.943423e+09  3.111850e+02     50388   1
        19   2.434758e+09  2.943452e+09  3.443990e+02     56316   1
        21   3.230205e+09  2.961711e+09  3.776260e+02     62244   1
        23   2.876643e+09  2.961733e+09  4.109050e+02     68172   1
        25   2.912256e+09  2.961733e+09  4.439920e+02     74100   1
        27   3.270554e+09  2.961734e+09  4.780390e+02     80028   1
        29   3.225907e+09  2.971624e+09  5.154960e+02     85956   1
        31   3.369617e+09  2.971644e+09  5.496640e+02     91884   1
        33   3.448250e+09  2.971649e+09  5.823780e+02     97812   1
        35   2.736503e+09  2.972229e+09  6.175870e+02    103740   1
        37   3.255705e+09  2.972229e+09  6.646020e+02    109668   1
        39   3.015204e+09  2.972229e+09  7.054120e+02    115596   1
        41   2.509410e+09  2.972229e+09  7.464280e+02    121524   1
        43   2.900917e+09  2.972229e+09  7.822550e+02    127452   1
        45   3.539080e+09  2.972229e+09  8.154870e+02    133380   1
        47   3.380812e+09  2.972229e+09  8.488650e+02    139308   1
        49   2.956210e+09  2.972229e+09  8.797470e+02    145236   1
        51   3.172312e+09  2.972229e+09  9.132560e+02    151164   1
        53   2.934289e+09  2.973761e+09  9.456720e+02    157092   1
        55   3.371596e+09  2.973761e+09  9.766210e+02    163020   1
        57   2.940804e+09  2.973761e+09  1.008150e+03    168948   1
        59   2.653556e+09  2.973763e+09  1.039683e+03    174876   1
        61   3.244281e+09  2.974388e+09  1.071120e+03    180804   1
        63   2.819475e+09  2.974395e+09  1.105620e+03    186732   1
        65   2.730672e+09  2.974397e+09  1.137554e+03    192660   1
        67   2.507662e+09  2.974408e+09  1.173787e+03    198588   1
        69   2.796498e+09  2.974463e+09  1.207808e+03    204516   1
        71   3.168695e+09  2.974538e+09  1.240764e+03    210444   1
        73   3.031094e+09  2.974538e+09  1.271676e+03    216372   1
        75   3.039915e+09  2.974538e+09  1.302828e+03    222300   1
        77   2.964104e+09  2.974538e+09  1.334661e+03    228228   1
        79   2.676297e+09  2.974539e+09  1.365639e+03    234156   1
        81   3.034737e+09  2.974676e+09  1.396697e+03    240084   1
        83   2.976613e+09  2.974679e+09  1.428524e+03    246012   1
        85   3.084755e+09  2.974682e+09  1.459785e+03    251940   1
        87   2.549863e+09  2.974685e+09  1.490695e+03    257868   1
        89   2.875474e+09  2.974708e+09  1.521427e+03    263796   1
        91   3.026431e+09  2.974710e+09  1.552896e+03    269724   1
        93   3.217908e+09  2.974714e+09  1.584100e+03    275652   1
        95   3.251549e+09  2.974770e+09  1.614663e+03    281580   1
        97   2.836301e+09  2.974770e+09  1.648453e+03    287508   1
        99   3.318017e+09  2.974771e+09  1.680688e+03    293436   1
       101   2.651562e+09  2.974773e+09  1.712194e+03    299364   1
       103   2.877765e+09  2.974774e+09  1.743170e+03    305292   1
       105   2.859290e+09  2.974863e+09  1.776051e+03    311220   1
       107   3.046946e+09  2.974872e+09  1.808030e+03    317148   1
       109   3.192766e+09  2.974875e+09  1.840725e+03    323076   1
       111   2.627098e+09  2.974876e+09  1.875355e+03    329004   1
       113   2.783597e+09  2.974916e+09  1.911676e+03    334932   1
       115   3.350294e+09  2.974916e+09  1.948692e+03    340860   1
       117   2.836209e+09  2.974916e+09  1.992460e+03    346788   1
       119   2.993516e+09  2.974916e+09  2.040536e+03    352716   1
       121   3.029975e+09  2.974979e+09  2.084444e+03    358644   1
       123   2.832955e+09  2.974979e+09  2.123518e+03    364572   1
       125   2.734755e+09  2.974980e+09  2.157796e+03    370500   1
       127   3.236627e+09  2.974984e+09  2.194455e+03    376428   1
       129   2.789069e+09  2.974984e+09  2.236690e+03    382356   1
       131   2.759372e+09  2.974984e+09  2.280328e+03    388284   1
       133   2.976558e+09  2.974986e+09  2.317119e+03    394212   1
       135   3.398176e+09  2.975022e+09  2.353183e+03    400140   1
       137   3.030888e+09  2.975022e+09  2.395923e+03    406068   1
       139   2.873874e+09  2.975022e+09  2.448313e+03    411996   1
       141   2.456889e+09  2.975022e+09  2.495391e+03    417924   1
       143   2.997196e+09  2.975023e+09  2.532327e+03    423852   1
       145   2.544901e+09  2.975041e+09  2.571605e+03    429780   1
       147   2.292448e+09  2.975075e+09  2.613572e+03    435708   1
       149   2.969911e+09  2.975076e+09  2.658284e+03    441636   1
       150   2.825294e+09  2.975076e+09  2.683264e+03    444600   1
-------------------------------------------------------------------
status         : iteration_limit
total time (s) : 2.683264e+03
total solves   : 444600
best bound     :  2.975076e+09
simulation ci  :  3.008353e+09 ± 4.529800e+07
numeric issues : 0
-------------------------------------------------------------------

