Set parameter Username
Set parameter LicenseID to value 2754836
Academic license - for non-commercial use only - expires 2026-12-14
Mid-term SDDP (4 nodes, hybrid): 78 weekly stages × 84 blocks of 2 h,
  37 scenarios = EDF climate years 1982–2018 (ES/PT), each paired
  with EMPIRE year 2015+(i-1)%5 (FR/EU); solver=gurobi
-------------------------------------------------------------------
         SDDP.jl (c) Oscar Dowson and contributors, 2017-26
-------------------------------------------------------------------
problem
  nodes           : 78
  state variables : 3
  scenarios       : 2.08802e+122
  existing cuts   : false
options
  solver          : serial mode
  risk measure    : SDDP.Expectation()
  sampling scheme : SDDP.InSampleMonteCarlo
subproblem structure
  VariableRef                             : [5306, 5306]
  AffExpr in MOI.EqualTo{Float64}         : [938, 938]
  AffExpr in MOI.LessThan{Float64}        : [1, 1]
  VariableRef in MOI.GreaterThan{Float64} : [5303, 5303]
  VariableRef in MOI.LessThan{Float64}    : [4378, 4379]
numerical stability report
  matrix range     [1e+00, 2e+00]
  objective range  [1e+00, 6e+03]
  bounds range     [2e+00, 1e+08]
  rhs range        [4e+01, 4e+05]
WARNING: numerical stability issues detected
  - bounds range contains large coefficients
Very large or small absolute values of coefficients
can cause numerical stability issues. Consider
reformulating the model.
-------------------------------------------------------------------
 iteration    simulation      bound        time (s)     solves  pid
-------------------------------------------------------------------
         1   1.586701e+11  1.473828e+11  2.752200e+01      2964   1
         2   1.610266e+11  1.473828e+11  5.245600e+01      5928   1
         3   1.521184e+11  1.473829e+11  7.711000e+01      8892   1
         4   1.497321e+11  1.473830e+11  9.998600e+01     11856   1
         5   1.526432e+11  1.473832e+11  1.193700e+02     14820   1
         7   1.508779e+11  1.474101e+11  1.565020e+02     20748   1
         9   1.466865e+11  1.474101e+11  1.990880e+02     26676   1
        11   1.462958e+11  1.474106e+11  2.454770e+02     32604   1
        13   1.470871e+11  1.474968e+11  2.818660e+02     38532   1
        15   1.491781e+11  1.474968e+11  3.166930e+02     44460   1
        17   1.460757e+11  1.474969e+11  3.511950e+02     50388   1
        19   1.425144e+11  1.474969e+11  3.870740e+02     56316   1
        21   1.507391e+11  1.474969e+11  4.228920e+02     62244   1
        23   1.477540e+11  1.474969e+11  4.577100e+02     68172   1
        25   1.479371e+11  1.474969e+11  4.925940e+02     74100   1
        27   1.488203e+11  1.474969e+11  5.291030e+02     80028   1
        29   1.499700e+11  1.474969e+11  5.644500e+02     85956   1
        31   1.516856e+11  1.474969e+11  5.999360e+02     91884   1
        33   1.515048e+11  1.474969e+11  6.393560e+02     97812   1
        35   1.456772e+11  1.474969e+11  6.776320e+02    103740   1
        37   1.493348e+11  1.474969e+11  7.133050e+02    109668   1
        39   1.478108e+11  1.474969e+11  7.484830e+02    115596   1
        41   1.429684e+11  1.474969e+11  7.850080e+02    121524   1
        43   1.471548e+11  1.474969e+11  8.204590e+02    127452   1
        45   1.502023e+11  1.474969e+11  8.561850e+02    133380   1
        47   1.514425e+11  1.474969e+11  8.966660e+02    139308   1
        49   1.463995e+11  1.474969e+11  9.326090e+02    145236   1
        51   1.517379e+11  1.474969e+11  9.686620e+02    151164   1
        53   1.466526e+11  1.474969e+11  1.003776e+03    157092   1
        55   1.499144e+11  1.474969e+11  1.039155e+03    163020   1
        57   1.462390e+11  1.474969e+11  1.074939e+03    168948   1
        59   1.444558e+11  1.474969e+11  1.109662e+03    174876   1
        60   1.444466e+11  1.474969e+11  1.131705e+03    177840   1
-------------------------------------------------------------------
status         : iteration_limit
total time (s) : 1.131705e+03
total solves   : 177840
best bound     :  1.474969e+11
simulation ci  :  1.486258e+11 ± 7.808135e+08
numeric issues : 0
-------------------------------------------------------------------

Training done: 60 iterations, lower bound 1.4750e+11 EUR
Cut intercept convention: |Δ| absolute 1.117e+08, relative 3.052e-05 → using relative
Wrote 4621 cuts → C:\Users\ehsanno\DataspellProjects\Spanish_Power_System\Data/BellmanValuesOUT_sddp4.csv
Wrote volume trajectory (climate year 1982) → C:\Users\ehsanno\DataspellProjects\Spanish_Power_System\Data/Volume_Scen0_OUT_sddp4.csv

To use these cuts in the market chain, point [bellman] in config.toml at:
  bellman_file = "Data/BellmanValuesOUT_sddp4.csv"
  volume_file  = "Data/Volume_Scen0_OUT_sddp4.csv"
