  Activating project at `C:\Users\ehsanno\DataspellProjects\Spanish_Power_System`
Set parameter Username
Set parameter LicenseID to value 2754836
Academic license - for non-commercial use only - expires 2026-12-14
Voltage band   : ±5.0 % (0.95–1.05 pu)
Line rating    : 80 % of nameplate
Cross-border   : ON
Day-ahead      : ON (copper-plate, 24h Bellman-coupled)
Intraday (ID2) : ON (copper-plate, Nuclear fixed at DA)
Intraday (ID3) : ON (copper-plate, Nuclear fixed at DA)
Intraday (CID) : ON (copper-plate, Nuclear fixed at DA)
Balancing      : ON (copper-plate, Nuclear fixed at DA)
Redispatch     : ON  anchor=BAL  water_value=constant  objective=quadratic  w=0.8
DA profiles: 48 hours across 2 days
  2024-07-08 : load 21462–39077 MW | solar 738–21647 MW | wind 3736–8772 MW
  2024-12-02 : load 21184–33866 MW | solar 0–12304 MW | wind 2552–7342 MW
ID2 profiles: 48 hours across 2 days
  2024-07-08 : load 21582–39077 MW | solar 727–21717 MW | wind 3758–8772 MW
  2024-12-02 : load 21303–33866 MW | solar 0–12304 MW | wind 2526–7342 MW
ID3 profiles: 48 hours across 2 days
  2024-07-08 : load 21582–39142 MW | solar 727–22501 MW | wind 3758–8782 MW
  2024-12-02 : load 21303–33925 MW | solar 0–12652 MW | wind 2467–7401 MW
CID profiles: 48 hours across 2 days
  2024-07-08 : load 21324–39424 MW | solar 638–22853 MW | wind 3513–9798 MW
  2024-12-02 : load 21368–33940 MW | solar 0–12499 MW | wind 2175–5768 MW
BAL profiles: 48 hours across 2 days
  2024-07-08 : load 20944–39222 MW | solar 653–23470 MW | wind 3370–9364 MW
  2024-12-02 : load 21118–34439 MW | solar 0–12130 MW | wind 1903–5728 MW
Linear solver  : ma57

Bellman pre-computation:
  2024-07-08 : stage=1  V_ES=4419498 MWh  water_value=44.29 EUR/MWh
  2024-12-02 : stage=22  V_ES=33914 MWh  water_value=64.09 EUR/MWh

Cross-border exchange pre-load:
  FR border buses: ES00742, ES00859, ES00981, ES01126
  PT border buses: ES00277, ES00813, ES00817, ES00818, ES01092
  2024-07-08 : net FR -1556…1970 MW | net PT -3899…-692 MW  (+ = import to ES)
  2024-12-02 : net FR 1900…2700 MW | net PT -3424…-997 MW  (+ = import to ES)

── Stage 1: Day-ahead market (copper-plate, 24h Bellman-coupled) ──
Set parameter OutputFlag to value 1
Set parameter FeasibilityTol to value 1e-06
Set parameter OptimalityTol to value 1e-06
Set parameter FeasibilityTol to value 1e-06
Set parameter OptimalityTol to value 1e-06
  DA 2024-07-08 : status=OPTIMAL  cost=2052043 EUR  (2.8 s)
Set parameter OutputFlag to value 1
Set parameter FeasibilityTol to value 1e-06
Set parameter OptimalityTol to value 1e-06
Set parameter FeasibilityTol to value 1e-06
Set parameter OptimalityTol to value 1e-06
  DA 2024-12-02 : status=OPTIMAL  cost=8290201 EUR  (1.1 s)

── Stage 2: Intraday market ID2 (copper-plate, Nuclear fixed at DA) ──
Set parameter OutputFlag to value 1
Set parameter FeasibilityTol to value 1e-06
Set parameter OptimalityTol to value 1e-06
Set parameter FeasibilityTol to value 1e-06
Set parameter OptimalityTol to value 1e-06
  ID2 2024-07-08 : status=OPTIMAL  cost=2067593 EUR  (3.2 s)
Set parameter OutputFlag to value 1
Set parameter FeasibilityTol to value 1e-06
Set parameter OptimalityTol to value 1e-06
Set parameter FeasibilityTol to value 1e-06
Set parameter OptimalityTol to value 1e-06
  ID2 2024-12-02 : status=OPTIMAL  cost=8205127 EUR  (1.3 s)

── Stage 3: Intraday market ID3 (copper-plate, last 12h only, Nuclear fixed at DA) ──
Set parameter OutputFlag to value 1
Set parameter FeasibilityTol to value 1e-06
Set parameter OptimalityTol to value 1e-06
Set parameter FeasibilityTol to value 1e-06
Set parameter OptimalityTol to value 1e-06
  ID3 2024-07-08 : status=OPTIMAL  cost=2133686 EUR  (1.4 s)
Set parameter OutputFlag to value 1
Set parameter FeasibilityTol to value 1e-06
Set parameter OptimalityTol to value 1e-06
Set parameter FeasibilityTol to value 1e-06
Set parameter OptimalityTol to value 1e-06
  ID3 2024-12-02 : status=OPTIMAL  cost=8054577 EUR  (1.0 s)

── Stage 4: Continuous Intraday (rolling gates 1h before delivery, Nuclear fixed at DA) ──
Set parameter FeasibilityTol to value 1e-06
Set parameter OptimalityTol to value 1e-06
Set parameter FeasibilityTol to value 1e-06
Set parameter OptimalityTol to value 1e-06
Set parameter FeasibilityTol to value 1e-06
Set parameter OptimalityTol to value 1e-06
Set parameter FeasibilityTol to value 1e-06
Set parameter OptimalityTol to value 1e-06
Set parameter FeasibilityTol to value 1e-06
Set parameter OptimalityTol to value 1e-06
Set parameter FeasibilityTol to value 1e-06
Set parameter OptimalityTol to value 1e-06
Set parameter FeasibilityTol to value 1e-06
Set parameter OptimalityTol to value 1e-06
Set parameter FeasibilityTol to value 1e-06
Set parameter OptimalityTol to value 1e-06
Set parameter FeasibilityTol to value 1e-06
Set parameter OptimalityTol to value 1e-06
Set parameter FeasibilityTol to value 1e-06
Set parameter OptimalityTol to value 1e-06
Set parameter FeasibilityTol to value 1e-06
Set parameter OptimalityTol to value 1e-06
Set parameter FeasibilityTol to value 1e-06
Set parameter OptimalityTol to value 1e-06
Set parameter FeasibilityTol to value 1e-06
Set parameter OptimalityTol to value 1e-06
Set parameter FeasibilityTol to value 1e-06
Set parameter OptimalityTol to value 1e-06
Set parameter FeasibilityTol to value 1e-06
Set parameter OptimalityTol to value 1e-06
Set parameter FeasibilityTol to value 1e-06
Set parameter OptimalityTol to value 1e-06
Set parameter FeasibilityTol to value 1e-06
Set parameter OptimalityTol to value 1e-06
Set parameter FeasibilityTol to value 1e-06
Set parameter OptimalityTol to value 1e-06
Set parameter FeasibilityTol to value 1e-06
Set parameter OptimalityTol to value 1e-06
Set parameter FeasibilityTol to value 1e-06
Set parameter OptimalityTol to value 1e-06
Set parameter FeasibilityTol to value 1e-06
Set parameter OptimalityTol to value 1e-06
Set parameter FeasibilityTol to value 1e-06
Set parameter OptimalityTol to value 1e-06
Set parameter FeasibilityTol to value 1e-06
Set parameter OptimalityTol to value 1e-06
Set parameter FeasibilityTol to value 1e-06
Set parameter OptimalityTol to value 1e-06
  CID 2024-07-08 : 24 rolling gates solved  (23.7 s)
Set parameter FeasibilityTol to value 1e-06
Set parameter OptimalityTol to value 1e-06
Set parameter FeasibilityTol to value 1e-06
Set parameter OptimalityTol to value 1e-06
Set parameter FeasibilityTol to value 1e-06
Set parameter OptimalityTol to value 1e-06
Set parameter FeasibilityTol to value 1e-06
Set parameter OptimalityTol to value 1e-06
Set parameter FeasibilityTol to value 1e-06
Set parameter OptimalityTol to value 1e-06
Set parameter FeasibilityTol to value 1e-06
Set parameter OptimalityTol to value 1e-06
Set parameter FeasibilityTol to value 1e-06
Set parameter OptimalityTol to value 1e-06
Set parameter FeasibilityTol to value 1e-06
Set parameter OptimalityTol to value 1e-06
Set parameter FeasibilityTol to value 1e-06
Set parameter OptimalityTol to value 1e-06
Set parameter FeasibilityTol to value 1e-06
Set parameter OptimalityTol to value 1e-06
Set parameter FeasibilityTol to value 1e-06
Set parameter OptimalityTol to value 1e-06
Set parameter FeasibilityTol to value 1e-06
Set parameter OptimalityTol to value 1e-06
Set parameter FeasibilityTol to value 1e-06
Set parameter OptimalityTol to value 1e-06
Set parameter FeasibilityTol to value 1e-06
Set parameter OptimalityTol to value 1e-06
Set parameter FeasibilityTol to value 1e-06
Set parameter OptimalityTol to value 1e-06
Set parameter FeasibilityTol to value 1e-06
Set parameter OptimalityTol to value 1e-06
Set parameter FeasibilityTol to value 1e-06
Set parameter OptimalityTol to value 1e-06
Set parameter FeasibilityTol to value 1e-06
Set parameter OptimalityTol to value 1e-06
Set parameter FeasibilityTol to value 1e-06
Set parameter OptimalityTol to value 1e-06
Set parameter FeasibilityTol to value 1e-06
Set parameter OptimalityTol to value 1e-06
Set parameter FeasibilityTol to value 1e-06
Set parameter OptimalityTol to value 1e-06
Set parameter FeasibilityTol to value 1e-06
Set parameter OptimalityTol to value 1e-06
Set parameter FeasibilityTol to value 1e-06
Set parameter OptimalityTol to value 1e-06
Set parameter FeasibilityTol to value 1e-06
Set parameter OptimalityTol to value 1e-06
  CID 2024-12-02 : 24 rolling gates solved  (22.1 s)

── Stage 5: Balancing market (copper-plate, Nuclear fixed at DA) ──
Set parameter OutputFlag to value 1
Set parameter FeasibilityTol to value 1e-06
Set parameter OptimalityTol to value 1e-06
Set parameter FeasibilityTol to value 1e-06
Set parameter OptimalityTol to value 1e-06
  BAL 2024-07-08 : status=OPTIMAL  cost=1953523 EUR  (1.9 s)
Set parameter OutputFlag to value 1
Set parameter FeasibilityTol to value 1e-06
Set parameter OptimalityTol to value 1e-06
Set parameter FeasibilityTol to value 1e-06
Set parameter OptimalityTol to value 1e-06
  BAL 2024-12-02 : status=OPTIMAL  cost=10591536 EUR  (1.9 s)

── Stage 6: Redispatch (AC OPF anchored to BAL) ──

******************************************************************************
This program contains Ipopt, a library for large-scale nonlinear optimization.
 Ipopt is released as open source code under the Eclipse Public License (EPL).
         For more information visit https://github.com/coin-or/Ipopt
******************************************************************************

[ 1/48] 2024-07-08 h00
  h00  load=24201 MW  cost=139497 EUR/h  congested=2
[ 2/48] 2024-07-08 h01
  h01  load=22968 MW  cost=99370 EUR/h  congested=1
[ 3/48] 2024-07-08 h02
  h02  load=21709 MW  cost=86106 EUR/h  congested=1
[ 4/48] 2024-07-08 h03
  h03  load=21286 MW  cost=78629 EUR/h  congested=1
[ 5/48] 2024-07-08 h04
  h04  load=20944 MW  cost=79201 EUR/h  congested=1
[ 6/48] 2024-07-08 h05
  h05  load=21322 MW  cost=88254 EUR/h  congested=1
[ 7/48] 2024-07-08 h06
  h06  load=23743 MW  cost=129846 EUR/h  congested=2
[ 8/48] 2024-07-08 h07
  h07  load=26051 MW  cost=174542 EUR/h  congested=2
[ 9/48] 2024-07-08 h08
  h08  load=28205 MW  cost=105692 EUR/h  congested=1
[10/48] 2024-07-08 h09
  h09  load=31643 MW  cost=41389 EUR/h  congested=4
[11/48] 2024-07-08 h10
  h10  load=34233 MW  cost=152252 EUR/h  congested=24
[12/48] 2024-07-08 h11
  h11  load=36448 MW  cost=176850 EUR/h  congested=28
[13/48] 2024-07-08 h12
  h12  load=37981 MW  cost=138298 EUR/h  congested=36
[14/48] 2024-07-08 h13
  h13  load=38583 MW  cost=188419 EUR/h  congested=33
[15/48] 2024-07-08 h14
  h14  load=38987 MW  cost=202580 EUR/h  congested=28
[16/48] 2024-07-08 h15
  h15  load=39222 MW  cost=163694 EUR/h  congested=30
[17/48] 2024-07-08 h16
  h16  load=38994 MW  cost=245060 EUR/h  congested=28
[18/48] 2024-07-08 h17
  h17  load=38058 MW  cost=94505 EUR/h  congested=25
[19/48] 2024-07-08 h18
  h18  load=36983 MW  cost=54021 EUR/h  congested=19
[20/48] 2024-07-08 h19
  h19  load=34788 MW  cost=70575 EUR/h  congested=5
[21/48] 2024-07-08 h20
  h20  load=33047 MW  cost=147082 EUR/h  congested=4
[22/48] 2024-07-08 h21
  h21  load=31114 MW  cost=287490 EUR/h  congested=1
[23/48] 2024-07-08 h22
  h22  load=30278 MW  cost=261258 EUR/h  congested=2
[24/48] 2024-07-08 h23
  h23  load=28948 MW  cost=153305 EUR/h  congested=2
[25/48] 2024-12-02 h00
  h00  load=23256 MW  cost=150117 EUR/h  congested=4
[26/48] 2024-12-02 h01
  h01  load=22240 MW  cost=145286 EUR/h  congested=4
[27/48] 2024-12-02 h02
  h02  load=21878 MW  cost=143596 EUR/h  congested=3
[28/48] 2024-12-02 h03
  h03  load=21291 MW  cost=95126 EUR/h  congested=3
[29/48] 2024-12-02 h04
  h04  load=21118 MW  cost=94270 EUR/h  congested=3
[30/48] 2024-12-02 h05
  h05  load=21222 MW  cost=102823 EUR/h  congested=3
[31/48] 2024-12-02 h06
  h06  load=23299 MW  cost=135243 EUR/h  congested=3
[32/48] 2024-12-02 h07
  h07  load=27747 MW  cost=571020 EUR/h  congested=2
[33/48] 2024-12-02 h08
  h08  load=29895 MW  cost=631390 EUR/h  congested=5
[34/48] 2024-12-02 h09
  h09  load=31789 MW  cost=572678 EUR/h  congested=3
[35/48] 2024-12-02 h10
  h10  load=32316 MW  cost=287442 EUR/h  congested=4
[36/48] 2024-12-02 h11
  h11  load=32684 MW  cost=190837 EUR/h  congested=7
[37/48] 2024-12-02 h12
  h12  load=32767 MW  cost=217054 EUR/h  congested=6
[38/48] 2024-12-02 h13
  h13  load=33105 MW  cost=333697 EUR/h  congested=4
[39/48] 2024-12-02 h14
  h14  load=33126 MW  cost=438726 EUR/h  congested=3
[40/48] 2024-12-02 h15
  h15  load=31846 MW  cost=503778 EUR/h  congested=3
[41/48] 2024-12-02 h16
  h16  load=31247 MW  cost=701909 EUR/h  congested=5
[42/48] 2024-12-02 h17
  h17  load=31934 MW  cost=614947 EUR/h  congested=2
[43/48] 2024-12-02 h18
  h18  load=32833 MW  cost=883770 EUR/h  congested=4
[44/48] 2024-12-02 h19
  h19  load=33622 MW  cost=935588 EUR/h  congested=4
[45/48] 2024-12-02 h20
  h20  load=34439 MW  cost=1003681 EUR/h  congested=5
[46/48] 2024-12-02 h21
  h21  load=34124 MW  cost=1030082 EUR/h  congested=5
[47/48] 2024-12-02 h22
  h22  load=31541 MW  cost=917248 EUR/h  congested=6
[48/48] 2024-12-02 h23
  h23  load=27615 MW  cost=556943 EUR/h  congested=3

Results saved to results/
  da_dispatch.csv  : 97656 rows
  id2_dispatch.csv : 97656 rows
  id3_dispatch.csv : 97656 rows
  cid_dispatch.csv : 97656 rows
  bal_dispatch.csv : 97656 rows
  summary.csv      : 48 rows
  gen_dispatch.csv : 97656 rows
  fuel_mix.csv     : 522 rows
  branch_flows.csv : 112560 rows
  Solved 48 / 48 hours successfully
