Solver command line: ['/share/apps/gurobi/12.0.0/bin/gurobi.sh']

Set parameter TokenServer to value "10.1.1.1"
Read LP format model from file /mnt/beegfs/users/ehsanno/openempire/tmp0gv4kic7.pyomo.lp
Reading time = 54.40 seconds
x1: 18224521 rows, 16737321 columns, 62780711 nonzeros
Set parameter QCPDual to value 1
Set parameter Method to value 2
Set parameter Crossover to value 0
Set parameter Presolve to value -1
Gurobi Optimizer version 12.0.0 build v12.0.0rc1 (linux64 - "CentOS Linux 7 (Core)")

CPU model: Intel(R) Xeon(R) Gold 6244 CPU @ 3.60GHz, instruction set [SSE2|AVX|AVX2|AVX512]
Thread count: 16 physical cores, 32 logical processors, using up to 32 threads

Non-default parameters:
Method  2
Crossover  0
QCPDual  1

Optimize a model with 18224521 rows, 16737321 columns and 62780711 nonzeros
Model fingerprint: 0x18832b34
Coefficient statistics:
  Matrix range     [1e-03, 4e+01]
  Objective range  [1e-03, 5e+06]
  Bounds range     [1e+00, 1e+00]
  RHS range        [1e+00, 6e+08]
Presolve removed 3399871 rows and 415291 columns (presolve time = 5s)...
Presolve removed 4002591 rows and 2976306 columns (presolve time = 11s)...
Presolve removed 4002595 rows and 2976306 columns (presolve time = 17s)...
Presolve removed 4012232 rows and 2985943 columns (presolve time = 25s)...
Presolve removed 4012232 rows and 2985943 columns (presolve time = 34s)...
Presolve removed 4012232 rows and 2985943 columns (presolve time = 41s)...
Presolve removed 4012232 rows and 2985943 columns (presolve time = 45s)...
Presolve removed 4119384 rows and 3036357 columns (presolve time = 50s)...
Presolve removed 4119386 rows and 3036357 columns (presolve time = 56s)...
Presolve removed 4119386 rows and 3036357 columns (presolve time = 62s)...
Presolve removed 4119386 rows and 3036357 columns
Presolve time: 63.37s
Presolved: 14105135 rows, 13700964 columns, 50118547 nonzeros
Elapsed ordering time = 5s
Elapsed ordering time = 10s
Elapsed ordering time = 15s
Elapsed ordering time = 31s
Elapsed ordering time = 35s
Elapsed ordering time = 40s
Elapsed ordering time = 45s
Elapsed ordering time = 50s
Elapsed ordering time = 55s
Elapsed ordering time = 60s
Elapsed ordering time = 65s
Ordering time: 66.10s

Barrier statistics:
 Dense cols : 1313
 AA' NZ     : 4.090e+07
 Factor NZ  : 4.226e+08 (roughly 15.0 GB of memory)
 Factor Ops : 2.413e+11 (roughly 2 seconds per iteration)
 Threads    : 16

                  Objective                Residual
Iter       Primal          Dual         Primal    Dual     Compl     Time
   0   3.28299828e+17 -9.53298651e+15  1.23e+12 1.01e+04  9.19e+12   169s
   1   3.19216459e+17 -1.48105293e+16  1.20e+12 2.50e+05  6.76e+12   182s
   2   2.64319764e+17 -1.73217507e+16  9.90e+11 2.14e+05  5.70e+12   196s
   3   2.22549149e+17 -3.45998335e+16  8.28e+11 1.95e+05  4.65e+12   214s
   4   2.02041341e+17 -9.42205238e+16  7.50e+11 6.43e+05  3.59e+12   229s
   5   1.47807735e+17 -1.33412815e+17  5.45e+11 9.68e+05  2.50e+12   246s
   6   1.18305332e+17 -1.60082530e+17  4.34e+11 3.22e+06  1.99e+12   269s
   7   7.43294270e+16 -1.69398883e+17  2.71e+11 2.25e+06  1.25e+12   291s
   8   5.47072015e+16 -1.71130100e+17  1.99e+11 3.94e+06  9.49e+11   308s
   9   2.93248447e+16 -1.67802669e+17  1.07e+11 2.10e+06  5.12e+11   326s
  10   2.16541094e+16 -1.63768527e+17  7.75e+10 1.52e+06  3.81e+11   338s
  11   1.33286780e+16 -1.54476906e+17  4.66e+10 8.85e+05  2.34e+11   349s
  12   1.31991662e+16 -1.42696011e+17  4.62e+10 6.16e+05  2.30e+11   360s
  13   1.28854030e+16 -1.36048310e+17  4.51e+10 5.81e+05  2.25e+11   372s
  14   1.00939924e+16 -7.26926986e+16  3.51e+10 2.92e+05  1.74e+11   386s
  15   6.96641679e+15 -6.33973182e+16  2.41e+10 1.60e+05  1.20e+11   403s
  16   5.14612458e+15 -5.04494823e+16  1.77e+10 5.66e+04  8.88e+10   424s
  17   2.51653168e+15 -4.31527311e+16  8.70e+09 2.60e+04  4.31e+10   442s
  18   7.67352548e+14 -3.22484847e+16  2.29e+09 4.38e+03  1.28e+10   460s
  19   4.16002426e+14 -2.50850609e+16  1.08e+09 1.84e+03  6.25e+09   473s
  20   3.92710316e+14 -2.27797324e+16  1.01e+09 1.47e+03  5.70e+09   484s
  21   2.81040825e+14 -1.69198464e+16  6.38e+08 6.11e+02  3.48e+09   495s
  22   2.22296141e+14 -1.54026580e+16  4.61e+08 4.86e+02  2.57e+09   506s
  23   1.46164425e+14 -1.12117465e+16  2.43e+08 2.24e+02  1.35e+09   517s
  24   1.19827618e+14 -6.54071523e+15  1.70e+08 7.77e+01  7.70e+08   528s
  25   7.90638593e+13 -5.36107860e+15  6.93e+07 5.53e+01  3.99e+08   539s
  26   6.61507436e+13 -3.29860448e+15  4.11e+07 3.00e+01  2.23e+08   550s
  27   6.03897761e+13 -1.73630608e+15  3.02e+07 1.40e+01  1.29e+08   561s
  28   5.28837660e+13 -1.28716033e+15  2.04e+07 9.89e+00  8.96e+07   571s
  29   4.21495287e+13 -1.04286938e+15  1.21e+07 7.70e+00  6.32e+07   581s
  30   3.78216260e+13 -8.13472117e+14  9.56e+06 5.81e+00  4.90e+07   591s
  31   3.51700060e+13 -7.39197433e+14  8.54e+06 5.21e+00  4.40e+07   602s
  32   2.64490994e+13 -5.59049176e+14  5.54e+06 3.79e+00  3.11e+07   615s
  33   2.21611088e+13 -3.28264737e+14  4.32e+06 2.02e+00  1.97e+07   631s
  34   1.99896542e+13 -3.05176454e+14  3.71e+06 1.87e+00  1.78e+07   652s
  35   1.53000294e+13 -1.34883181e+14  2.57e+06 7.35e-01  9.08e+06   676s
  36   1.17158256e+13 -5.24464855e+13  1.83e+06 2.48e-01  4.36e+06   700s
  37   1.02667792e+13 -4.74544621e+13  1.56e+06 2.22e-01  3.77e+06   725s
  38   8.45032563e+12 -3.40893493e+13  1.21e+06 1.54e-01  2.78e+06   745s
  39   7.59906772e+12 -3.27743243e+13  1.06e+06 1.47e-01  2.54e+06   762s
  40   7.34304038e+12 -2.68444019e+13  1.02e+06 1.20e-01  2.19e+06   776s
  41   6.42005720e+12 -2.30130342e+13  8.70e+05 1.02e-01  1.84e+06   788s
  42   6.25100661e+12 -2.06305974e+13  8.40e+05 8.98e-02  1.70e+06   802s
  43   4.53337225e+12 -1.73537780e+13  5.58e+05 7.43e-02  1.25e+06   815s
  44   4.27418176e+12 -1.41727586e+13  5.11e+05 6.06e-02  1.07e+06   828s
  45   4.09324578e+12 -1.31509759e+13  4.81e+05 5.63e-02  9.88e+05   841s
  46   3.97387477e+12 -1.11652372e+13  4.59e+05 4.72e-02  8.76e+05   854s
  47   3.65519134e+12 -1.00021140e+13  4.03e+05 4.23e-02  7.75e+05   868s
  48   3.33638747e+12 -8.72640826e+12  3.49e+05 3.69e-02  6.72e+05   879s
  49   2.96016819e+12 -7.64456876e+12  2.89e+05 3.23e-02  5.69e+05   896s
  50   2.72606556e+12 -6.84154778e+12  2.53e+05 2.88e-02  5.03e+05   920s
  51   2.59986360e+12 -5.63997610e+12  2.36e+05 2.40e-02  4.34e+05   943s
  52   2.49071955e+12 -4.93423272e+12  2.20e+05 2.10e-02  3.89e+05   965s
  53   2.24102024e+12 -4.41323165e+12  1.86e+05 1.88e-02  3.38e+05   984s
  54   2.10000116e+12 -4.00477040e+12  1.65e+05 1.72e-02  3.04e+05  1006s
  55   1.94819426e+12 -3.72657459e+12  1.45e+05 1.61e-02  2.77e+05  1028s
  56   1.88913134e+12 -3.10804401e+12  1.36e+05 1.38e-02  2.43e+05  1049s
  57   1.75435319e+12 -2.94517452e+12  1.18e+05 1.32e-02  2.23e+05  1070s
  58   1.63127904e+12 -2.43524075e+12  1.02e+05 1.12e-02  1.90e+05  1096s
  59   1.52766689e+12 -2.16367639e+12  8.89e+04 1.02e-02  1.69e+05  1122s
  60   1.47945159e+12 -1.72569871e+12  8.27e+04 8.55e-03  1.46e+05  1146s
  61   1.41531792e+12 -1.51636435e+12  7.52e+04 7.77e-03  1.32e+05  1173s
  62   1.34587289e+12 -1.30962973e+12  6.69e+04 7.00e-03  1.18e+05  1198s
  63   1.25207790e+12 -1.16160697e+12  5.60e+04 6.44e-03  1.06e+05  1225s
  64   1.22643533e+12 -1.02589111e+12  5.30e+04 5.96e-03  9.82e+04  1251s
  65   1.20342969e+12 -8.54258926e+11  5.04e+04 5.36e-03  8.95e+04  1276s
  66   1.17141858e+12 -7.55667567e+11  4.70e+04 5.00e-03  8.34e+04  1302s
  67   1.14261199e+12 -6.02111753e+11  4.40e+04 4.44e-03  7.51e+04  1328s
  68   1.08684076e+12 -5.45813672e+11  3.81e+04 4.22e-03  6.94e+04  1354s
  69   1.06563328e+12 -3.61619373e+11  3.61e+04 3.55e-03  6.05e+04  1380s
  70   1.02520657e+12 -3.18791771e+11  3.25e+04 3.41e-03  5.65e+04  1408s
  71   1.00066285e+12 -1.91623190e+11  3.09e+04 2.92e-03  5.00e+04  1435s
  72   9.71180122e+11 -1.19399973e+11  2.86e+04 2.62e-03  4.55e+04  1460s
  73   9.33912479e+11 -8.22266641e+10  2.57e+04 2.48e-03  4.21e+04  1486s
  74   9.04643890e+11  2.09294866e+10  2.35e+04 2.09e-03  3.64e+04  1513s
  75   8.69482952e+11  5.07921844e+10  2.09e+04 1.96e-03  3.35e+04  1539s
  76   8.41784813e+11  8.14349378e+10  1.89e+04 1.84e-03  3.09e+04  1565s
  77   8.29118276e+11  1.16195012e+11  1.79e+04 1.70e-03  2.89e+04  1592s
  78   8.08502634e+11  1.45872413e+11  1.64e+04 1.59e-03  2.67e+04  1618s
  79   7.84146905e+11  1.73910965e+11  1.47e+04 1.48e-03  2.45e+04  1643s
  80   7.67199834e+11  2.37226254e+11  1.35e+04 1.24e-03  2.12e+04  1670s
  81   7.43345946e+11  2.78116477e+11  1.18e+04 1.08e-03  1.85e+04  1695s
  82   7.29875328e+11  3.18218098e+11  1.09e+04 9.18e-04  1.63e+04  1721s
  83   7.11894067e+11  3.48111071e+11  9.70e+03 7.98e-04  1.43e+04  1747s
  84   6.99869732e+11  3.75636680e+11  8.93e+03 6.94e-04  1.27e+04  1772s
  85   6.91771729e+11  3.86156585e+11  8.41e+03 6.53e-04  1.20e+04  1798s
  86   6.88576395e+11  3.88393615e+11  8.20e+03 6.45e-04  1.18e+04  1819s
  87   6.77384741e+11  4.10964028e+11  7.50e+03 5.59e-04  1.04e+04  1845s
  88   6.67849750e+11  4.28967277e+11  6.92e+03 4.89e-04  9.31e+03  1871s
  89   6.63907791e+11  4.35792331e+11  6.67e+03 4.61e-04  8.89e+03  1894s
  90   6.57401869e+11  4.43225394e+11  6.26e+03 4.30e-04  8.33e+03  1921s
  91   6.52112232e+11  4.51590104e+11  5.93e+03 3.98e-04  7.79e+03  1947s
  92   6.49099310e+11  4.55409991e+11  5.74e+03 3.82e-04  7.52e+03  1973s
  93   6.37927191e+11  4.62526337e+11  5.05e+03 3.53e-04  6.79e+03  1999s
  94   6.34103301e+11  4.68119591e+11  4.82e+03 3.32e-04  6.42e+03  2025s
  95   6.31016978e+11  4.74460996e+11  4.63e+03 3.07e-04  6.05e+03  2050s
  96   6.28481009e+11  4.76280851e+11  4.47e+03 3.00e-04  5.88e+03  2070s
  97   6.21003116e+11  4.80058500e+11  4.02e+03 2.85e-04  5.44e+03  2098s
  98   6.18365973e+11  4.85579449e+11  3.85e+03 2.64e-04  5.12e+03  2124s
  99   6.13711391e+11  4.92169252e+11  3.57e+03 2.74e-04  4.68e+03  2149s
 100   6.10225380e+11  4.96338968e+11  3.36e+03 2.70e-04  4.38e+03  2176s
 101   6.07896589e+11  5.00513507e+11  3.22e+03 2.59e-04  4.13e+03  2203s
 102   6.05052907e+11  5.04509248e+11  3.05e+03 2.44e-04  3.86e+03  2229s
 103   6.03229095e+11  5.06130804e+11  2.93e+03 2.41e-04  3.73e+03  2249s
 104   6.00737987e+11  5.10053307e+11  2.77e+03 2.29e-04  3.48e+03  2275s
 105   5.98205955e+11  5.13816396e+11  2.62e+03 2.22e-04  3.23e+03  2300s
 106   5.95645977e+11  5.17050958e+11  2.46e+03 2.05e-04  3.01e+03  2326s
 107   5.93703093e+11  5.18946866e+11  2.34e+03 2.05e-04  2.86e+03  2351s
 108   5.92038212e+11  5.21142950e+11  2.23e+03 1.99e-04  2.71e+03  2377s
 109   5.89993245e+11  5.23308904e+11  2.11e+03 1.99e-04  2.55e+03  2402s
 110   5.88849362e+11  5.24442178e+11  2.04e+03 1.98e-04  2.46e+03  2427s
 111   5.87006972e+11  5.26402821e+11  1.92e+03 1.96e-04  2.31e+03  2454s
 112   5.85415617e+11  5.27978622e+11  1.82e+03 1.94e-04  2.19e+03  2479s
 113   5.84032696e+11  5.30093223e+11  1.74e+03 1.94e-04  2.06e+03  2506s
 114   5.82701455e+11  5.31851567e+11  1.65e+03 1.89e-04  1.94e+03  2532s
 115   5.81408474e+11  5.33924258e+11  1.57e+03 1.79e-04  1.81e+03  2557s
 116   5.80319975e+11  5.35061931e+11  1.51e+03 1.73e-04  1.73e+03  2583s
 117   5.79576616e+11  5.35761634e+11  1.46e+03 1.71e-04  1.67e+03  2604s
 118   5.77778691e+11  5.37400690e+11  1.35e+03 1.56e-04  1.54e+03  2629s
 119   5.76912810e+11  5.38292004e+11  1.29e+03 1.49e-04  1.47e+03  2651s
 120   5.75626656e+11  5.40032346e+11  1.22e+03 1.51e-04  1.35e+03  2675s
 121   5.75243485e+11  5.40561954e+11  1.19e+03 1.56e-04  1.32e+03  2703s
 122   5.74744988e+11  5.40819890e+11  1.16e+03 1.57e-04  1.29e+03  2724s
 123   5.73815564e+11  5.41666891e+11  1.10e+03 1.66e-04  1.22e+03  2752s
 124   5.73159567e+11  5.42441280e+11  1.06e+03 1.73e-04  1.17e+03  2777s
 125   5.72234061e+11  5.43440630e+11  1.01e+03 1.80e-04  1.09e+03  2803s
 126   5.71641690e+11  5.44057386e+11  9.71e+02 1.84e-04  1.05e+03  2830s
 127   5.71132532e+11  5.44213651e+11  9.39e+02 1.84e-04  1.02e+03  2855s
 128   5.70273271e+11  5.44794884e+11  8.86e+02 1.84e-04  9.68e+02  2881s
 129   5.69829283e+11  5.45396584e+11  8.59e+02 1.86e-04  9.28e+02  2906s
 130   5.69537307e+11  5.45894224e+11  8.40e+02 1.84e-04  8.98e+02  2927s
 131   5.68884747e+11  5.46631906e+11  8.00e+02 1.83e-04  8.45e+02  2952s
 132   5.68099068e+11  5.47115341e+11  7.52e+02 1.81e-04  7.97e+02  2978s
 133   5.67641153e+11  5.47536073e+11  7.24e+02 1.80e-04  7.64e+02  3004s
 134   5.67428825e+11  5.47936857e+11  7.11e+02 1.76e-04  7.40e+02  3029s
 135   5.66524837e+11  5.48459038e+11  6.56e+02 1.73e-04  6.86e+02  3056s
 136   5.65921548e+11  5.48807844e+11  6.19e+02 1.70e-04  6.50e+02  3081s
 137   5.65623841e+11  5.49152168e+11  6.01e+02 1.67e-04  6.25e+02  3106s
 138   5.65201512e+11  5.49492110e+11  5.75e+02 1.64e-04  5.96e+02  3132s
 139   5.64657187e+11  5.49863789e+11  5.41e+02 1.59e-04  5.61e+02  3158s
 140   5.64545209e+11  5.49988477e+11  5.34e+02 1.57e-04  5.52e+02  3183s
 141   5.64372811e+11  5.50251418e+11  5.24e+02 1.54e-04  5.36e+02  3207s
 142   5.64041143e+11  5.50510265e+11  5.03e+02 1.50e-04  5.13e+02  3232s
 143   5.63393476e+11  5.50927496e+11  4.61e+02 1.44e-04  4.73e+02  3257s
 144   5.63129618e+11  5.51329890e+11  4.44e+02 1.38e-04  4.48e+02  3283s
 145   5.62724734e+11  5.51677268e+11  4.17e+02 1.30e-04  4.19e+02  3309s
 146   5.62260324e+11  5.51811785e+11  3.86e+02 1.29e-04  3.96e+02  3335s
 147   5.61992315e+11  5.51972855e+11  3.70e+02 1.25e-04  3.80e+02  3360s
 148   5.61724070e+11  5.52181402e+11  3.53e+02 1.21e-04  3.62e+02  3385s
 149   5.61492883e+11  5.52346626e+11  3.38e+02 1.16e-04  3.47e+02  3412s
 150   5.61367211e+11  5.52461878e+11  3.31e+02 1.14e-04  3.38e+02  3438s
 151   5.61268089e+11  5.52640033e+11  3.25e+02 1.10e-04  3.27e+02  3464s
 152   5.61007865e+11  5.52856647e+11  3.09e+02 1.04e-04  3.09e+02  3489s
 153   5.60832309e+11  5.52985035e+11  2.98e+02 1.02e-04  2.97e+02  3514s
 154   5.60767200e+11  5.53075536e+11  2.94e+02 9.90e-05  2.92e+02  3535s
 155   5.60587505e+11  5.53215196e+11  2.83e+02 9.59e-05  2.79e+02  3561s
 156   5.60430330e+11  5.53367017e+11  2.73e+02 9.21e-05  2.68e+02  3585s
 157   5.60230149e+11  5.53474470e+11  2.61e+02 8.79e-05  2.56e+02  3612s
 158   5.60081561e+11  5.53692917e+11  2.51e+02 8.25e-05  2.42e+02  3638s
 159   5.59830127e+11  5.53792943e+11  2.35e+02 8.11e-05  2.29e+02  3664s
 160   5.59824615e+11  5.53793849e+11  2.35e+02 8.02e-05  2.29e+02  3686s
 161   5.59699682e+11  5.53958861e+11  2.27e+02 7.49e-05  2.18e+02  3714s
 162   5.59423354e+11  5.54042546e+11  2.10e+02 7.50e-06  2.04e+02  3741s
 163   5.59301433e+11  5.54125296e+11  2.02e+02 7.20e-06  1.96e+02  3768s
 164   5.59164078e+11  5.54201709e+11  1.94e+02 6.92e-06  1.88e+02  3794s
 165   5.59081449e+11  5.54259246e+11  1.89e+02 6.71e-06  1.83e+02  3820s
 166   5.58939453e+11  5.54372561e+11  1.80e+02 6.29e-06  1.73e+02  3846s
 167   5.58863520e+11  5.54457095e+11  1.75e+02 5.97e-06  1.67e+02  3873s
 168   5.58629433e+11  5.54515994e+11  1.60e+02 5.74e-06  1.56e+02  3898s
 169   5.58467211e+11  5.54654187e+11  1.50e+02 5.25e-06  1.44e+02  3922s
 170   5.58368922e+11  5.54758221e+11  1.44e+02 4.87e-06  1.37e+02  3948s
 171   5.58223980e+11  5.54895017e+11  1.35e+02 4.75e-06  1.26e+02  3973s
 172   5.58096406e+11  5.55001438e+11  1.27e+02 7.71e-06  1.17e+02  3999s
 173   5.57945541e+11  5.55047188e+11  1.18e+02 8.26e-06  1.10e+02  4024s
 174   5.57863820e+11  5.55084655e+11  1.13e+02 8.72e-06  1.05e+02  4051s
 175   5.57814576e+11  5.55125752e+11  1.10e+02 1.18e-05  1.02e+02  4077s
 176   5.57728437e+11  5.55167415e+11  1.05e+02 7.39e-06  9.70e+01  4103s
 177   5.57673590e+11  5.55195215e+11  1.02e+02 7.20e-06  9.39e+01  4129s
 178   5.57639356e+11  5.55223364e+11  9.98e+01 8.21e-06  9.15e+01  4154s
 179   5.57588859e+11  5.55251093e+11  9.68e+01 7.77e-06  8.85e+01  4179s
 180   5.57526288e+11  5.55279125e+11  9.32e+01 8.93e-06  8.51e+01  4206s
 181   5.57524321e+11  5.55284667e+11  9.30e+01 8.05e-06  8.48e+01  4227s
 182   5.57511923e+11  5.55309972e+11  9.23e+01 9.05e-06  8.34e+01  4253s
 183   5.57447270e+11  5.55348757e+11  8.86e+01 2.84e-06  7.95e+01  4279s
 184   5.57368788e+11  5.55372893e+11  8.39e+01 4.04e-06  7.56e+01  4305s
 185   5.57270788e+11  5.55408702e+11  7.82e+01 4.44e-06  7.05e+01  4331s
 186   5.57196281e+11  5.55452601e+11  7.40e+01 5.35e-06  6.60e+01  4356s
 187   5.57155724e+11  5.55475306e+11  7.16e+01 6.04e-06  6.36e+01  4381s
 188   5.57116906e+11  5.55499294e+11  6.94e+01 6.01e-06  6.13e+01  4407s
 189   5.57106624e+11  5.55499709e+11  6.87e+01 6.12e-06  6.09e+01  4429s
 190   5.57063535e+11  5.55510463e+11  6.60e+01 5.32e-06  5.88e+01  4457s
 191   5.57034673e+11  5.55517131e+11  6.43e+01 3.49e-06  5.75e+01  4478s
 192   5.57024352e+11  5.55522759e+11  6.36e+01 3.69e-06  5.69e+01  4489s
 193   5.57022592e+11  5.55522744e+11  6.36e+01 3.70e-06  5.68e+01  4503s
 194   5.56990354e+11  5.55534424e+11  6.17e+01 4.87e-06  5.51e+01  4523s
 195   5.56933772e+11  5.55547081e+11  5.83e+01 5.92e-06  5.25e+01  4548s
 196   5.56883078e+11  5.55562224e+11  5.53e+01 7.31e-06  5.00e+01  4575s
 197   5.56852137e+11  5.55579774e+11  5.35e+01 8.99e-06  4.82e+01  4600s
 198   5.56791240e+11  5.55592913e+11  5.00e+01 1.17e-05  4.54e+01  4623s
 199   5.56767699e+11  5.55604422e+11  4.87e+01 1.94e-05  4.40e+01  4648s
 200   5.56751519e+11  5.55635505e+11  4.78e+01 3.06e-05  4.23e+01  4670s
 201   5.56710326e+11  5.55647906e+11  4.54e+01 3.25e-05  4.02e+01  4693s
 202   5.56700262e+11  5.55654616e+11  4.48e+01 3.48e-05  3.96e+01  4713s
 203   5.56661481e+11  5.55665974e+11  4.26e+01 3.75e-05  3.77e+01  4735s
 204   5.56632974e+11  5.55678371e+11  4.10e+01 3.81e-05  3.61e+01  4761s
 205   5.56613038e+11  5.55690117e+11  3.99e+01 3.80e-05  3.49e+01  4784s
 206   5.56588419e+11  5.55697851e+11  3.85e+01 3.84e-05  3.37e+01  4807s
 207   5.56559346e+11  5.55705827e+11  3.69e+01 3.71e-05  3.23e+01  4833s
 208   5.56529643e+11  5.55713384e+11  3.52e+01 3.49e-05  3.09e+01  4858s
 209   5.56516177e+11  5.55721473e+11  3.45e+01 3.41e-05  3.01e+01  4884s
 210   5.56482339e+11  5.55725063e+11  3.26e+01 3.34e-05  2.87e+01  4908s
 211   5.56474195e+11  5.55730020e+11  3.21e+01 3.31e-05  2.82e+01  4934s
 212   5.56457519e+11  5.55734894e+11  3.12e+01 3.26e-05  2.74e+01  4955s
 213   5.56431846e+11  5.55742688e+11  2.97e+01 3.19e-05  2.61e+01  4979s
 214   5.56407957e+11  5.55751431e+11  2.84e+01 3.10e-05  2.49e+01  5003s
 215   5.56385511e+11  5.55757192e+11  2.72e+01 3.00e-05  2.38e+01  5026s
 216   5.56366771e+11  5.55766988e+11  2.61e+01 2.81e-05  2.27e+01  5049s
 217   5.56359243e+11  5.55772926e+11  2.57e+01 2.70e-05  2.22e+01  5073s
 218   5.56337457e+11  5.55777594e+11  2.45e+01 2.63e-05  2.12e+01  5096s
 219   5.56325500e+11  5.55784923e+11  2.38e+01 2.50e-05  2.05e+01  5119s
 220   5.56308712e+11  5.55792926e+11  2.29e+01 2.39e-05  1.95e+01  5145s
 221   5.56296327e+11  5.55796179e+11  2.22e+01 2.33e-05  1.89e+01  5170s
 222   5.56286977e+11  5.55798431e+11  2.16e+01 2.28e-05  1.85e+01  5192s
 223   5.56281926e+11  5.55799961e+11  2.14e+01 2.25e-05  1.82e+01  5212s
 224   5.56274980e+11  5.55801691e+11  2.10e+01 2.22e-05  1.79e+01  5238s
 225   5.56256700e+11  5.55805387e+11  1.99e+01 2.15e-05  1.71e+01  5262s
 226   5.56241142e+11  5.55809032e+11  1.91e+01 2.08e-05  1.64e+01  5286s
 227   5.56225783e+11  5.55812704e+11  1.82e+01 2.00e-05  1.56e+01  5311s
 228   5.56219315e+11  5.55814753e+11  1.79e+01 1.96e-05  1.53e+01  5330s
 229   5.56215379e+11  5.55817008e+11  1.76e+01 1.91e-05  1.51e+01  5352s
 230   5.56206932e+11  5.55822236e+11  1.72e+01 1.80e-05  1.46e+01  5375s
 231   5.56199191e+11  5.55824311e+11  1.67e+01 1.75e-05  1.42e+01  5394s
 232   5.56186555e+11  5.55827763e+11  1.60e+01 1.68e-05  1.36e+01  5416s
 233   5.56174008e+11  5.55832077e+11  1.53e+01 1.59e-05  1.29e+01  5440s
 234   5.56170623e+11  5.55832954e+11  1.52e+01 1.57e-05  1.28e+01  5459s
 235   5.56160726e+11  5.55836181e+11  1.46e+01 1.50e-05  1.23e+01  5482s
 236   5.56154638e+11  5.55837380e+11  1.43e+01 1.47e-05  1.20e+01  5501s
 237   5.56146136e+11  5.55842343e+11  1.38e+01 1.38e-05  1.15e+01  5525s
 238   5.56141012e+11  5.55843960e+11  1.35e+01 1.34e-05  1.12e+01  5547s
 239   5.56124205e+11  5.55846799e+11  1.26e+01 1.27e-05  1.05e+01  5571s
 240   5.56118857e+11  5.55850071e+11  1.23e+01 1.20e-05  1.02e+01  5600s
 241   5.56110870e+11  5.55851649e+11  1.18e+01 1.17e-05  9.81e+00  5627s
 242   5.56100942e+11  5.55853656e+11  1.13e+01 1.12e-05  9.36e+00  5652s
 243   5.56098261e+11  5.55855068e+11  1.11e+01 1.09e-05  9.21e+00  5676s
 244   5.56093530e+11  5.55857449e+11  1.08e+01 1.03e-05  8.94e+00  5701s
 245   5.56087579e+11  5.55859338e+11  1.05e+01 9.89e-06  8.64e+00  5725s
 246   5.56082608e+11  5.55860044e+11  1.02e+01 9.74e-06  8.43e+00  5749s
 247   5.56073846e+11  5.55862379e+11  9.75e+00 9.21e-06  8.01e+00  5772s
 248   5.56066979e+11  5.55863616e+11  9.37e+00 8.92e-06  7.70e+00  5794s
 249   5.56057129e+11  5.55866469e+11  8.81e+00 8.24e-06  7.22e+00  5816s
 250   5.56051812e+11  5.55866717e+11  8.51e+00 8.20e-06  7.01e+00  5839s
 251   5.56048083e+11  5.55867795e+11  8.30e+00 7.93e-06  6.82e+00  5862s
 252   5.56041781e+11  5.55868559e+11  7.95e+00 7.78e-06  6.56e+00  5883s
 253   5.56038372e+11  5.55870696e+11  7.76e+00 7.26e-06  6.35e+00  5907s
 254   5.56034453e+11  5.55871534e+11  7.54e+00 7.06e-06  6.17e+00  5930s
 255   5.56033982e+11  5.55872972e+11  7.51e+00 6.74e-06  6.10e+00  5951s
 256   5.56027752e+11  5.55874164e+11  7.16e+00 6.41e-06  5.81e+00  5973s
 257   5.56018921e+11  5.55875223e+11  6.68e+00 6.18e-06  5.44e+00  5995s
 258   5.56017251e+11  5.55876417e+11  6.58e+00 1.01e-05  5.33e+00  6016s
 259   5.56013895e+11  5.55878309e+11  6.39e+00 1.13e-05  5.13e+00  6040s
 260   5.56009784e+11  5.55878349e+11  6.14e+00 1.13e-05  4.98e+00  6069s
 261   5.56007602e+11  5.55879960e+11  6.01e+00 1.06e-05  4.83e+00  6096s
 262   5.56003010e+11  5.55880232e+11  5.73e+00 1.14e-05  4.65e+00  6118s
 263   5.55994366e+11  5.55881789e+11  5.23e+00 8.18e-06  4.26e+00  6140s
 264   5.55988518e+11  5.55882905e+11  4.92e+00 9.41e-06  4.00e+00  6163s
 265   5.55987399e+11  5.55883196e+11  4.86e+00 1.17e-05  3.95e+00  6184s
 266   5.55985875e+11  5.55883738e+11  4.77e+00 1.41e-05  3.87e+00  6211s
 267   5.55984653e+11  5.55884473e+11  4.70e+00 1.31e-05  3.79e+00  6236s
 268   5.55980575e+11  5.55885485e+11  4.48e+00 8.37e-06  3.60e+00  6260s
 269   5.55975934e+11  5.55885965e+11  4.24e+00 8.42e-06  3.41e+00  6283s
 270   5.55974439e+11  5.55886417e+11  4.16e+00 8.60e-06  3.33e+00  6307s
 271   5.55972778e+11  5.55887172e+11  4.07e+00 1.05e-05  3.24e+00  6330s
 272   5.55969663e+11  5.55887773e+11  3.90e+00 1.29e-05  3.10e+00  6352s
 273   5.55966287e+11  5.55887993e+11  3.72e+00 1.33e-05  2.96e+00  6375s
 274   5.55964150e+11  5.55888232e+11  3.60e+00 1.42e-05  2.87e+00  6401s
 275   5.55962146e+11  5.55889071e+11  3.49e+00 2.36e-05  2.77e+00  6422s
 276   5.55959613e+11  5.55889368e+11  3.35e+00 2.19e-05  2.66e+00  6445s
 277   5.55958511e+11  5.55889971e+11  3.29e+00 2.92e-05  2.59e+00  6463s
 278   5.55956568e+11  5.55890279e+11  3.18e+00 2.69e-05  2.51e+00  6485s
 279   5.55954728e+11  5.55890806e+11  3.08e+00 2.90e-05  2.42e+00  6507s
 280   5.55953574e+11  5.55890944e+11  3.02e+00 2.90e-05  2.37e+00  6532s
 281   5.55952056e+11  5.55891335e+11  2.93e+00 2.85e-05  2.30e+00  6558s
 282   5.55950074e+11  5.55891640e+11  2.82e+00 2.58e-05  2.21e+00  6581s
 283   5.55947439e+11  5.55891998e+11  2.67e+00 2.18e-05  2.10e+00  6605s
 284   5.55945780e+11  5.55892427e+11  2.58e+00 2.28e-05  2.02e+00  6628s
 285   5.55943340e+11  5.55892596e+11  2.44e+00 2.26e-05  1.92e+00  6650s
 286   5.55941698e+11  5.55892960e+11  2.36e+00 2.34e-05  1.84e+00  6672s
 287   5.55939514e+11  5.55893230e+11  2.24e+00 2.48e-05  1.75e+00  6694s
 288   5.55937153e+11  5.55893526e+11  2.11e+00 2.57e-05  1.65e+00  6714s
 289   5.55935564e+11  5.55893833e+11  2.02e+00 2.13e-05  1.58e+00  6738s
 290   5.55933812e+11  5.55894128e+11  1.92e+00 2.21e-05  1.50e+00  6760s
 291   5.55933097e+11  5.55894208e+11  1.87e+00 2.30e-05  1.47e+00  6778s
 292   5.55931083e+11  5.55894528e+11  1.76e+00 2.52e-05  1.38e+00  6799s
 293   5.55929056e+11  5.55894886e+11  1.64e+00 2.30e-05  1.29e+00  6822s
 294   5.55926614e+11  5.55895257e+11  1.51e+00 3.01e-05  1.19e+00  6846s
 295   5.55924931e+11  5.55895471e+11  1.42e+00 2.96e-05  1.11e+00  6873s
 296   5.55923931e+11  5.55895711e+11  1.36e+00 2.54e-05  1.07e+00  6899s
 297   5.55923657e+11  5.55895909e+11  1.35e+00 3.13e-05  1.05e+00  6917s
 298   5.55922590e+11  5.55896109e+11  1.29e+00 2.48e-05  1.00e+00  6942s
 299   5.55921499e+11  5.55896291e+11  1.23e+00 2.45e-05  9.53e-01  6966s
 300   5.55921026e+11  5.55896417e+11  1.20e+00 2.20e-05  9.31e-01  6986s
 301   5.55919410e+11  5.55896607e+11  1.11e+00 1.46e-05  8.62e-01  7010s
 302   5.55918997e+11  5.55896725e+11  1.09e+00 1.76e-05  8.42e-01  7032s
 303   5.55917709e+11  5.55896919e+11  1.01e+00 1.17e-05  7.86e-01  7056s
 304   5.55916760e+11  5.55897061e+11  9.60e-01 1.30e-05  7.45e-01  7080s
 305   5.55915520e+11  5.55897249e+11  8.87e-01 1.25e-05  6.91e-01  7103s
 306   5.55915010e+11  5.55897431e+11  8.63e-01 1.85e-05  6.64e-01  7130s
 307   5.55914009e+11  5.55897551e+11  7.99e-01 2.58e-05  6.22e-01  7155s
 308   5.55912730e+11  5.55897658e+11  7.15e-01 3.05e-05  5.69e-01  7179s
 309   5.55911860e+11  5.55897876e+11  6.68e-01 2.91e-05  5.28e-01  7205s
 310   5.55910669e+11  5.55897976e+11  6.02e-01 3.39e-05  4.79e-01  7229s
 311   5.55910171e+11  5.55898098e+11  5.75e-01 3.69e-05  4.56e-01  7252s
 312   5.55909727e+11  5.55898190e+11  5.51e-01 3.80e-05  4.35e-01  7276s
 313   5.55909040e+11  5.55898274e+11  5.13e-01 4.04e-05  4.06e-01  7301s
 314   5.55908520e+11  5.55898366e+11  4.85e-01 3.36e-05  3.83e-01  7327s
 315   5.55908040e+11  5.55898514e+11  4.58e-01 4.40e-05  3.59e-01  7351s
 316   5.55907187e+11  5.55898588e+11  4.11e-01 3.95e-05  3.24e-01  7376s
 317   5.55906732e+11  5.55898760e+11  3.86e-01 5.33e-05  3.00e-01  7401s
 318   5.55906205e+11  5.55898827e+11  3.57e-01 5.19e-05  2.78e-01  7426s
 319   5.55905902e+11  5.55898889e+11  3.40e-01 4.29e-05  2.64e-01  7450s
 320   5.55905650e+11  5.55898931e+11  3.27e-01 4.20e-05  2.53e-01  7475s
 321   5.55905310e+11  5.55898962e+11  3.08e-01 3.94e-05  2.39e-01  7500s
 322   5.55904901e+11  5.55899032e+11  2.86e-01 3.12e-05  2.21e-01  7523s
 323   5.55904593e+11  5.55899065e+11  2.69e-01 2.73e-05  2.08e-01  7545s
 324   5.55904508e+11  5.55899066e+11  2.64e-01 2.75e-05  2.05e-01  7566s
 325   5.55904286e+11  5.55899099e+11  2.52e-01 3.00e-05  1.95e-01  7589s
 326   5.55904094e+11  5.55899149e+11  2.41e-01 3.57e-05  1.86e-01  7610s
 327   5.55903891e+11  5.55899167e+11  2.30e-01 3.46e-05  1.78e-01  7634s
 328   5.55903619e+11  5.55899205e+11  2.15e-01 2.78e-05  1.66e-01  7657s
 329   5.55903363e+11  5.55899243e+11  2.01e-01 2.38e-05  1.55e-01  7679s
 330   5.55903283e+11  5.55899263e+11  1.97e-01 2.26e-05  1.51e-01  7703s
 331   5.55903051e+11  5.55899281e+11  1.84e-01 2.22e-05  1.42e-01  7724s
 332   5.55902914e+11  5.55899300e+11  1.76e-01 1.49e-05  1.36e-01  7747s
 333   5.55902581e+11  5.55899404e+11  1.58e-01 3.06e-05  1.20e-01  7775s
 334   5.55902309e+11  5.55899426e+11  1.43e-01 2.27e-05  1.09e-01  7796s
 335   5.55902128e+11  5.55899440e+11  1.35e-01 2.85e-05  1.01e-01  7821s
 336   5.55901903e+11  5.55899451e+11  1.22e-01 2.73e-05  9.23e-02  7849s
 337   5.55901873e+11  5.55899459e+11  1.20e-01 2.65e-05  9.09e-02  7875s
 338   5.55901773e+11  5.55899481e+11  1.15e-01 3.33e-05  8.63e-02  7905s
 339   5.55901658e+11  5.55899497e+11  1.08e-01 2.27e-05  8.13e-02  7933s
 340   5.55901587e+11  5.55899524e+11  1.03e-01 2.26e-05  7.77e-02  7960s
 341   5.55901454e+11  5.55899545e+11  9.58e-02 2.90e-05  7.19e-02  7990s
 342   5.55901372e+11  5.55899551e+11  9.14e-02 3.86e-05  6.86e-02  8017s
 343   5.55901198e+11  5.55899566e+11  8.27e-02 1.57e-05  6.15e-02  8046s
 344   5.55901093e+11  5.55899576e+11  7.73e-02 1.49e-05  5.71e-02  8079s
 345   5.55900986e+11  5.55899589e+11  7.19e-02 3.47e-05  5.26e-02  8104s
 346   5.55900932e+11  5.55899595e+11  6.87e-02 3.60e-05  5.03e-02  8135s
 347   5.55900807e+11  5.55899601e+11  6.10e-02 2.28e-05  4.54e-02  8167s
 348   5.55900751e+11  5.55899612e+11  5.79e-02 2.01e-05  4.29e-02  8200s
 349   5.55900705e+11  5.55899616e+11  5.52e-02 1.45e-05  4.10e-02  8228s
 350   5.55900643e+11  5.55899629e+11  5.15e-02 3.94e-05  3.82e-02  8265s
 351   5.55900584e+11  5.55899632e+11  4.80e-02 1.39e-05  3.58e-02  8304s
 352   5.55900525e+11  5.55899644e+11  4.48e-02 2.47e-05  3.32e-02  8336s
 353   5.55900385e+11  5.55899657e+11  3.69e-02 1.73e-05  2.74e-02  8373s
 354   5.55900366e+11  5.55899662e+11  3.58e-02 3.62e-05  2.64e-02  8404s
 355   5.55900260e+11  5.55899670e+11  2.99e-02 1.42e-05  2.21e-02  8440s
 356   5.55900228e+11  5.55899682e+11  2.80e-02 3.87e-05  2.05e-02  8470s
 357   5.55900124e+11  5.55899687e+11  2.21e-02 3.70e-05  1.64e-02  8501s
 358   5.55900102e+11  5.55899689e+11  2.09e-02 5.76e-05  1.55e-02  8536s
 359   5.55900070e+11  5.55899690e+11  1.91e-02 3.74e-05  1.42e-02  8568s
 360   5.55900052e+11  5.55899694e+11  1.81e-02 5.23e-05  1.33e-02  8602s
 361   5.55899994e+11  5.55899697e+11  1.49e-02 4.80e-05  1.11e-02  8632s
 362   5.55899974e+11  5.55899698e+11  1.38e-02 3.23e-05  1.03e-02  8663s
 363   5.55899938e+11  5.55899701e+11  1.18e-02 3.06e-05  8.84e-03  8698s
 364   5.55899914e+11  5.55899702e+11  1.05e-02 7.24e-05  7.87e-03  8732s
 365   5.55899904e+11  5.55899704e+11  9.95e-03 6.24e-05  7.45e-03  8764s
 366   5.55899896e+11  5.55899707e+11  9.49e-03 5.81e-05  7.04e-03  8798s
 367   5.55899852e+11  5.55899713e+11  7.06e-03 5.30e-05  5.20e-03  8830s
 368   5.55899847e+11  5.55899715e+11  6.80e-03 3.26e-05  4.96e-03  8866s
 369   5.55899819e+11  5.55899716e+11  5.21e-03 4.88e-05  3.87e-03  8900s
 370   5.55899806e+11  5.55899717e+11  4.52e-03 7.56e-05  3.36e-03  8933s
 371   5.55899789e+11  5.55899719e+11  3.50e-03 8.15e-05  2.61e-03  8969s
 372   5.55899759e+11  5.55899722e+11  1.85e-03 2.52e-05  1.38e-03  9005s
 373   5.55899758e+11  5.55899722e+11  1.81e-03 4.32e-05  1.34e-03  9039s
 374   5.55899755e+11  5.55899723e+11  1.67e-03 6.34e-05  1.22e-03  9064s
 375   5.55899752e+11  5.55899723e+11  1.50e-03 7.33e-05  1.10e-03  9085s
 376   5.55899741e+11  5.55899723e+11  8.88e-04 7.88e-05  6.80e-04  9103s
 377   5.55899739e+11  5.55899724e+11  7.52e-04 9.71e-05  5.53e-04  9123s
 378   5.55899735e+11  5.55899724e+11  5.32e-04 4.51e-05  4.04e-04  9144s

Barrier solved model in 378 iterations and 9144.19 seconds (3852.29 work units)
Optimal objective 5.55899735e+11


