Solver command line: ['/share/apps/gurobi/12.0.0/bin/gurobi.sh']

Set parameter TokenServer to value "10.1.1.1"
Read LP format model from file /mnt/beegfs/users/ehsanno/openempire/tmpx_w3itdh.pyomo.lp
Reading time = 53.34 seconds
x1: 18224521 rows, 16737321 columns, 62780711 nonzeros
Set parameter QCPDual to value 1
Set parameter Method to value 2
Set parameter Crossover to value 0
Set parameter Presolve to value -1
Gurobi Optimizer version 12.0.0 build v12.0.0rc1 (linux64 - "CentOS Linux 7 (Core)")

CPU model: Intel(R) Xeon(R) Gold 6244 CPU @ 3.60GHz, instruction set [SSE2|AVX|AVX2|AVX512]
Thread count: 16 physical cores, 32 logical processors, using up to 32 threads

Non-default parameters:
Method  2
Crossover  0
QCPDual  1

Optimize a model with 18224521 rows, 16737321 columns and 62780711 nonzeros
Model fingerprint: 0xd3013fa2
Coefficient statistics:
  Matrix range     [1e-03, 4e+01]
  Objective range  [1e-03, 5e+06]
  Bounds range     [1e+00, 1e+00]
  RHS range        [1e+00, 6e+08]
Presolve removed 3457475 rows and 2976302 columns (presolve time = 5s)...
Presolve removed 4002591 rows and 2976306 columns (presolve time = 10s)...
Presolve removed 4002595 rows and 2976306 columns (presolve time = 16s)...
Presolve removed 4012232 rows and 2985943 columns (presolve time = 25s)...
Presolve removed 4012232 rows and 2985943 columns (presolve time = 25s)...
Presolve removed 4012232 rows and 2985943 columns (presolve time = 32s)...
Presolve removed 4012232 rows and 2985943 columns (presolve time = 39s)...
Presolve removed 4012232 rows and 2985943 columns (presolve time = 44s)...
Presolve removed 4018370 rows and 2985957 columns (presolve time = 45s)...
Presolve removed 4119384 rows and 3036357 columns (presolve time = 50s)...
Presolve removed 4119386 rows and 3036357 columns (presolve time = 56s)...
Presolve removed 4119386 rows and 3036357 columns (presolve time = 62s)...
Presolve removed 4119386 rows and 3036357 columns
Presolve time: 63.09s
Presolved: 14105135 rows, 13700964 columns, 50118547 nonzeros
Elapsed ordering time = 5s
Elapsed ordering time = 10s
Elapsed ordering time = 15s
Elapsed ordering time = 27s
Elapsed ordering time = 30s
Elapsed ordering time = 35s
Elapsed ordering time = 40s
Elapsed ordering time = 45s
Elapsed ordering time = 50s
Elapsed ordering time = 55s
Ordering time: 57.34s

Barrier statistics:
 Dense cols : 1313
 AA' NZ     : 4.090e+07
 Factor NZ  : 4.226e+08 (roughly 15.0 GB of memory)
 Factor Ops : 2.413e+11 (roughly 2 seconds per iteration)
 Threads    : 16

                  Objective                Residual
Iter       Primal          Dual         Primal    Dual     Compl     Time
   0   3.28311861e+17 -8.86699696e+15  1.23e+12 1.01e+04  9.19e+12   156s
   1   3.19228783e+17 -1.41251880e+16  1.20e+12 2.50e+05  6.76e+12   167s
   2   2.64321529e+17 -1.66472367e+16  9.90e+11 2.14e+05  5.70e+12   179s
   3   2.22067278e+17 -3.39092021e+16  8.28e+11 2.05e+05  4.55e+12   195s
   4   2.01802705e+17 -9.17562123e+16  7.51e+11 6.41e+05  3.47e+12   207s
   5   1.46276048e+17 -1.29638653e+17  5.40e+11 9.21e+05  2.39e+12   222s
   6   1.17744528e+17 -1.57784839e+17  4.32e+11 3.71e+06  1.90e+12   241s
   7   7.44495428e+16 -1.66955644e+17  2.72e+11 5.06e+06  1.20e+12   259s
   8   5.65827182e+16 -1.68267324e+17  2.06e+11 4.20e+06  9.39e+11   274s
   9   3.03573065e+16 -1.66366216e+17  1.10e+11 4.23e+06  5.10e+11   286s
  10   2.20158772e+16 -1.59010771e+17  7.98e+10 2.41e+06  3.69e+11   296s
  11   1.61781707e+16 -1.49058716e+17  5.83e+10 1.19e+06  2.70e+11   306s
  12   1.33682854e+16 -1.33482494e+17  4.79e+10 4.49e+05  2.24e+11   316s
  13   1.32032679e+16 -1.22165662e+17  4.73e+10 3.59e+05  2.21e+11   326s
  14   1.22785129e+16 -1.07875328e+17  4.40e+10 3.29e+05  2.05e+11   336s
  15   7.03652619e+15 -6.53384951e+16  2.50e+10 2.02e+05  1.18e+11   348s
  16   5.64759812e+15 -4.84518795e+16  2.00e+10 2.41e+04  9.33e+10   363s
  17   2.54500204e+15 -3.94760916e+16  8.78e+09 6.71e+03  4.20e+10   382s
  18   7.63339619e+14 -2.78686741e+16  2.35e+09 1.13e+03  1.18e+10   397s
  19   4.01414045e+14 -2.24110604e+16  1.07e+09 5.42e+02  5.68e+09   409s
  20   3.62279529e+14 -2.00784278e+16  9.42e+08 4.21e+02  4.91e+09   419s
  21   3.38956402e+14 -1.48863733e+16  8.65e+08 1.72e+02  4.14e+09   429s
  22   1.98449447e+14 -1.28939801e+16  4.19e+08 1.14e+02  2.14e+09   439s
  23   1.29430282e+14 -9.49933295e+15  2.15e+08 5.23e+01  1.12e+09   448s
  24   9.22912431e+13 -5.27262216e+15  1.12e+08 1.50e+01  5.13e+08   461s
  25   6.96126709e+13 -3.89047984e+15  5.83e+07 9.86e+00  2.92e+08   471s
  26   5.58482726e+13 -2.12656495e+15  2.88e+07 4.64e+00  1.40e+08   481s
  27   5.33465367e+13 -1.65680642e+15  2.50e+07 3.46e+00  1.12e+08   491s
  28   4.85041283e+13 -1.22427924e+15  1.88e+07 2.43e+00  8.17e+07   500s
  29   4.00674147e+13 -1.15512099e+15  1.28e+07 2.27e+00  6.78e+07   509s
  30   3.69610296e+13 -1.00240024e+15  1.08e+07 1.94e+00  5.78e+07   520s
  31   3.40453820e+13 -7.10745605e+14  8.95e+06 1.31e+00  4.26e+07   533s
  32   2.78960042e+13 -4.20163223e+14  6.47e+06 7.22e-01  2.66e+07   549s
  33   2.21148251e+13 -2.54935485e+14  4.75e+06 3.93e-01  1.69e+07   568s
  34   1.76026742e+13 -2.20579044e+14  3.40e+06 3.36e-01  1.35e+07   590s
  35   1.34145241e+13 -8.05525085e+13  2.40e+06 1.02e-01  6.36e+06   612s
  36   1.04742649e+13 -4.70267281e+13  1.74e+06 5.35e-02  4.04e+06   635s
  37   8.84669217e+12 -4.16723080e+13  1.43e+06 4.71e-02  3.34e+06   655s
  38   7.88003951e+12 -2.98617576e+13  1.27e+06 3.33e-02  2.52e+06   671s
  39   7.43772365e+12 -2.81360453e+13  1.18e+06 3.13e-02  2.34e+06   684s
  40   6.61173748e+12 -2.16760402e+13  1.01e+06 2.39e-02  1.86e+06   696s
  41   5.97666690e+12 -1.81152849e+13  8.96e+05 1.96e-02  1.57e+06   709s
  42   5.50956136e+12 -1.52591857e+13  8.06e+05 1.62e-02  1.35e+06   721s
  43   5.13444007e+12 -1.47697034e+13  7.36e+05 1.56e-02  1.26e+06   733s
  44   4.70710072e+12 -1.23436575e+13  6.57e+05 1.26e-02  1.08e+06   746s
  45   4.05436196e+12 -1.06054977e+13  5.39e+05 1.07e-02  8.91e+05   759s
  46   3.77827702e+12 -8.80382736e+12  4.84e+05 8.82e-03  7.55e+05   772s
  47   3.37990314e+12 -7.97745148e+12  4.06e+05 8.01e-03  6.58e+05   784s
  48   3.16300433e+12 -7.03078954e+12  3.68e+05 7.01e-03  5.84e+05   796s
  49   3.03213455e+12 -6.27971040e+12  3.44e+05 6.28e-03  5.31e+05   808s
  50   2.76273310e+12 -5.98434363e+12  2.99e+05 5.99e-03  4.82e+05   822s
  51   2.67448001e+12 -5.35885533e+12  2.83e+05 5.39e-03  4.42e+05   835s
  52   2.51463262e+12 -4.55059081e+12  2.57e+05 4.59e-03  3.84e+05   846s
  53   2.36549413e+12 -4.10375896e+12  2.33e+05 4.18e-03  3.46e+05   859s
  54   2.19487264e+12 -3.81425558e+12  2.06e+05 3.91e-03  3.13e+05   871s
  55   2.09572800e+12 -3.40630150e+12  1.91e+05 3.53e-03  2.85e+05   884s
  56   1.99778826e+12 -3.10610567e+12  1.76e+05 3.27e-03  2.61e+05   896s
  57   1.91362882e+12 -2.74512019e+12  1.64e+05 2.95e-03  2.36e+05   909s
  58   1.74754368e+12 -2.43622226e+12  1.40e+05 2.67e-03  2.06e+05   924s
  59   1.65813619e+12 -2.09344464e+12  1.27e+05 2.36e-03  1.82e+05   939s
  60   1.53283979e+12 -1.84797260e+12  1.09e+05 2.14e-03  1.60e+05   955s
  61   1.48597061e+12 -1.57398095e+12  1.02e+05 1.90e-03  1.44e+05   971s
  62   1.38566573e+12 -1.32657544e+12  8.69e+04 1.68e-03  1.25e+05   987s
  63   1.35660914e+12 -1.19939760e+12  8.29e+04 1.57e-03  1.17e+05  1002s
  64   1.30626269e+12 -1.03265328e+12  7.62e+04 1.42e-03  1.06e+05  1017s
  65   1.22881661e+12 -9.46197736e+11  6.54e+04 1.35e-03  9.69e+04  1032s
  66   1.20133858e+12 -8.62744389e+11  6.16e+04 1.28e-03  9.15e+04  1045s
  67   1.15072857e+12 -6.05864556e+11  5.53e+04 1.06e-03  7.71e+04  1063s
  68   1.08328222e+12 -5.30342620e+11  4.67e+04 9.96e-04  6.96e+04  1078s
  69   1.04752355e+12 -4.46240314e+11  4.22e+04 9.20e-04  6.39e+04  1094s
  70   1.02501356e+12 -3.44418589e+11  3.96e+04 8.37e-04  5.83e+04  1110s
  71   1.00680146e+12 -2.79287773e+11  3.77e+04 7.79e-04  5.45e+04  1125s
  72   9.65012379e+11 -1.62507758e+11  3.36e+04 6.68e-04  4.74e+04  1140s
  73   9.28444599e+11 -7.39739459e+10  3.02e+04 5.90e-04  4.18e+04  1156s
  74   8.89388659e+11 -4.79740611e+10  2.65e+04 5.65e-04  3.88e+04  1171s
  75   8.72090073e+11  2.38863050e+10  2.49e+04 4.96e-04  3.49e+04  1186s
  76   8.34768000e+11  6.56158889e+10  2.15e+04 4.56e-04  3.14e+04  1202s
  77   8.20469030e+11  1.38107920e+11  2.03e+04 3.91e-04  2.78e+04  1217s
  78   7.99452672e+11  1.79260451e+11  1.84e+04 3.52e-04  2.51e+04  1232s
  79   7.73301295e+11  2.22833975e+11  1.62e+04 3.12e-04  2.22e+04  1248s
  80   7.55048112e+11  2.48771562e+11  1.46e+04 2.88e-04  2.03e+04  1263s
  81   7.46009857e+11  3.05938676e+11  1.39e+04 2.35e-04  1.76e+04  1278s
  82   7.21514732e+11  3.22510621e+11  1.19e+04 2.19e-04  1.58e+04  1293s
  83   7.18810944e+11  3.31751228e+11  1.16e+04 2.11e-04  1.53e+04  1308s
  84   6.91495371e+11  3.49647818e+11  9.43e+03 1.94e-04  1.35e+04  1324s
  85   6.88860769e+11  3.82985609e+11  9.22e+03 1.64e-04  1.20e+04  1338s
  86   6.81672158e+11  3.99642434e+11  8.66e+03 1.49e-04  1.11e+04  1355s
  87   6.68707528e+11  4.09783439e+11  7.67e+03 1.40e-04  1.01e+04  1370s
  88   6.61467981e+11  4.27722184e+11  7.13e+03 1.24e-04  9.12e+03  1385s
  89   6.57416310e+11  4.42114797e+11  6.82e+03 1.11e-04  8.39e+03  1400s
  90   6.50598224e+11  4.55040952e+11  6.32e+03 9.88e-05  7.61e+03  1415s
  91   6.43491511e+11  4.61190095e+11  5.80e+03 9.30e-05  7.08e+03  1431s
  92   6.39309036e+11  4.64507955e+11  5.50e+03 9.00e-05  6.78e+03  1446s
  93   6.32824177e+11  4.68486906e+11  5.02e+03 8.63e-05  6.36e+03  1461s
  94   6.29996678e+11  4.80768588e+11  4.81e+03 1.20e-04  5.77e+03  1476s
  95   6.22475017e+11  4.86344377e+11  4.26e+03 1.23e-04  5.25e+03  1491s
  96   6.20352281e+11  4.91948183e+11  4.10e+03 1.43e-04  4.95e+03  1506s
  97   6.12977646e+11  4.96998498e+11  3.56e+03 1.43e-04  4.46e+03  1522s
  98   6.11110275e+11  5.02762549e+11  3.42e+03 1.17e-04  4.16e+03  1537s
  99   6.07322192e+11  5.07606301e+11  3.13e+03 1.22e-04  3.83e+03  1551s
 100   6.01809612e+11  5.11555141e+11  2.72e+03 1.39e-04  3.46e+03  1568s
 101   6.00941284e+11  5.14694109e+11  2.66e+03 1.41e-04  3.30e+03  1582s
 102   5.98928150e+11  5.19506399e+11  2.51e+03 1.39e-04  3.04e+03  1597s
 103   5.97012463e+11  5.22178874e+11  2.37e+03 1.51e-04  2.86e+03  1613s
 104   5.95035660e+11  5.26032822e+11  2.23e+03 1.38e-04  2.64e+03  1628s
 105   5.93049276e+11  5.28274112e+11  2.09e+03 1.60e-04  2.48e+03  1644s
 106   5.91600491e+11  5.31553726e+11  1.98e+03 1.33e-04  2.29e+03  1659s
 107   5.90185611e+11  5.33433102e+11  1.88e+03 1.32e-04  2.17e+03  1675s
 108   5.88991591e+11  5.35231952e+11  1.79e+03 1.25e-04  2.05e+03  1691s
 109   5.87484500e+11  5.36565317e+11  1.68e+03 1.38e-04  1.94e+03  1705s
 110   5.86074312e+11  5.38393063e+11  1.58e+03 1.22e-04  1.82e+03  1721s
 111   5.84979735e+11  5.39539609e+11  1.50e+03 1.29e-04  1.73e+03  1737s
 112   5.84315121e+11  5.41229247e+11  1.46e+03 1.16e-04  1.64e+03  1752s
 113   5.83075143e+11  5.42475663e+11  1.37e+03 1.32e-04  1.55e+03  1768s
 114   5.82323930e+11  5.43132026e+11  1.31e+03 1.28e-04  1.49e+03  1783s
 115   5.81437910e+11  5.44125396e+11  1.25e+03 1.07e-04  1.42e+03  1798s
 116   5.80809095e+11  5.45600981e+11  1.21e+03 1.26e-04  1.34e+03  1814s
 117   5.79908532e+11  5.46540330e+11  1.14e+03 1.19e-04  1.27e+03  1830s
 118   5.79576859e+11  5.46903883e+11  1.12e+03 1.08e-04  1.24e+03  1845s
 119   5.78457216e+11  5.48006915e+11  1.04e+03 1.17e-04  1.16e+03  1860s
 120   5.77629140e+11  5.48513105e+11  9.80e+02 1.19e-04  1.11e+03  1875s
 121   5.77032800e+11  5.49686759e+11  9.38e+02 1.11e-04  1.04e+03  1890s
 122   5.76588358e+11  5.50308787e+11  9.07e+02 9.19e-05  9.99e+02  1905s
 123   5.76150131e+11  5.51195682e+11  8.76e+02 1.06e-04  9.48e+02  1921s
 124   5.75688346e+11  5.51753821e+11  8.44e+02 1.05e-04  9.10e+02  1936s
 125   5.75129031e+11  5.52687809e+11  8.07e+02 9.21e-05  8.53e+02  1951s
 126   5.74736223e+11  5.53198445e+11  7.79e+02 7.48e-05  8.18e+02  1966s
 127   5.74153157e+11  5.53792623e+11  7.39e+02 8.67e-05  7.73e+02  1981s
 128   5.73670250e+11  5.54509238e+11  7.06e+02 9.15e-05  7.28e+02  1997s
 129   5.73311725e+11  5.55175382e+11  6.82e+02 8.38e-05  6.89e+02  2012s
 130   5.72660366e+11  5.55560713e+11  6.37e+02 7.58e-05  6.49e+02  2026s
 131   5.72267573e+11  5.56211956e+11  6.11e+02 5.40e-05  6.10e+02  2042s
 132   5.71681551e+11  5.56724600e+11  5.71e+02 6.69e-05  5.68e+02  2057s
 133   5.71178649e+11  5.57179752e+11  5.37e+02 7.24e-05  5.31e+02  2072s
 134   5.70858916e+11  5.57822461e+11  5.16e+02 7.16e-05  4.95e+02  2087s
 135   5.70121073e+11  5.58022613e+11  4.66e+02 6.71e-05  4.59e+02  2102s
 136   5.69770274e+11  5.58382871e+11  4.43e+02 5.66e-05  4.32e+02  2116s
 137   5.69231921e+11  5.58619664e+11  4.06e+02 4.95e-05  4.02e+02  2131s
 138   5.68907725e+11  5.59202575e+11  3.84e+02 2.70e-05  3.68e+02  2145s
 139   5.68573406e+11  5.59422911e+11  3.60e+02 3.33e-05  3.47e+02  2161s
 140   5.68379376e+11  5.59435070e+11  3.46e+02 3.29e-05  3.39e+02  2173s
 141   5.68132186e+11  5.59636728e+11  3.29e+02 3.68e-05  3.22e+02  2188s
 142   5.67983387e+11  5.59745205e+11  3.19e+02 3.80e-05  3.12e+02  2203s
 143   5.67822239e+11  5.59838695e+11  3.08e+02 3.92e-05  3.03e+02  2217s
 144   5.67696540e+11  5.59930077e+11  3.00e+02 3.95e-05  2.94e+02  2232s
 145   5.67538038e+11  5.60007229e+11  2.89e+02 4.07e-05  2.85e+02  2246s
 146   5.67290089e+11  5.60220602e+11  2.72e+02 4.02e-05  2.68e+02  2260s
 147   5.67125127e+11  5.60372429e+11  2.61e+02 3.91e-05  2.56e+02  2274s
 148   5.66920193e+11  5.60485668e+11  2.48e+02 3.87e-05  2.44e+02  2288s
 149   5.66771987e+11  5.60653615e+11  2.38e+02 3.63e-05  2.32e+02  2302s
 150   5.66766505e+11  5.60655072e+11  2.37e+02 3.56e-05  2.32e+02  2314s
 151   5.66687420e+11  5.60710935e+11  2.32e+02 3.54e-05  2.26e+02  2329s
 152   5.66679362e+11  5.60713245e+11  2.31e+02 1.55e-05  2.26e+02  2340s
 153   5.66476479e+11  5.60864786e+11  2.17e+02 1.96e-05  2.13e+02  2355s
 154   5.66259182e+11  5.60897529e+11  2.02e+02 1.84e-05  2.03e+02  2366s
 155   5.66104435e+11  5.61054593e+11  1.92e+02 1.37e-05  1.91e+02  2380s
 156   5.65978748e+11  5.61147173e+11  1.84e+02 1.33e-05  1.83e+02  2395s
 157   5.65820932e+11  5.61251023e+11  1.74e+02 1.44e-05  1.73e+02  2409s
 158   5.65654599e+11  5.61364560e+11  1.63e+02 1.73e-05  1.62e+02  2423s
 159   5.65471199e+11  5.61480984e+11  1.51e+02 1.26e-05  1.51e+02  2437s
 160   5.65312248e+11  5.61627818e+11  1.40e+02 9.63e-06  1.40e+02  2452s
 161   5.65198473e+11  5.61774123e+11  1.33e+02 9.95e-06  1.30e+02  2466s
 162   5.65094761e+11  5.61870467e+11  1.26e+02 1.20e-05  1.22e+02  2481s
 163   5.65034463e+11  5.61881090e+11  1.22e+02 1.15e-05  1.19e+02  2492s
 164   5.64959370e+11  5.61980231e+11  1.17e+02 9.05e-06  1.13e+02  2506s
 165   5.64896209e+11  5.62006380e+11  1.13e+02 1.02e-05  1.09e+02  2518s
 166   5.64862632e+11  5.62013571e+11  1.11e+02 1.05e-05  1.08e+02  2532s
 167   5.64761588e+11  5.62087351e+11  1.04e+02 1.36e-05  1.01e+02  2547s
 168   5.64703209e+11  5.62153982e+11  1.01e+02 1.68e-05  9.65e+01  2561s
 169   5.64609032e+11  5.62231564e+11  9.45e+01 2.09e-05  9.00e+01  2575s
 170   5.64483984e+11  5.62274653e+11  8.64e+01 2.34e-05  8.37e+01  2591s
 171   5.64426502e+11  5.62330501e+11  8.26e+01 2.66e-05  7.94e+01  2608s
 172   5.64284538e+11  5.62371345e+11  7.34e+01 2.89e-05  7.24e+01  2625s
 173   5.64246610e+11  5.62453110e+11  7.10e+01 2.20e-05  6.79e+01  2641s
 174   5.64170780e+11  5.62506149e+11  6.61e+01 2.15e-05  6.30e+01  2658s
 175   5.64126122e+11  5.62548189e+11  6.33e+01 2.40e-05  5.98e+01  2675s
 176   5.64075070e+11  5.62603174e+11  6.01e+01 2.98e-05  5.57e+01  2692s
 177   5.64032489e+11  5.62620877e+11  5.73e+01 3.68e-05  5.35e+01  2706s
 178   5.63966102e+11  5.62632329e+11  5.31e+01 3.80e-05  5.05e+01  2723s
 179   5.63944709e+11  5.62645792e+11  5.18e+01 4.20e-05  4.92e+01  2740s
 180   5.63927025e+11  5.62660013e+11  5.07e+01 4.54e-05  4.80e+01  2757s
 181   5.63878643e+11  5.62683520e+11  4.77e+01 4.97e-05  4.52e+01  2773s
 182   5.63835243e+11  5.62705906e+11  4.51e+01 5.47e-05  4.28e+01  2791s
 183   5.63786142e+11  5.62723369e+11  4.20e+01 5.94e-05  4.02e+01  2809s
 184   5.63768570e+11  5.62728660e+11  4.10e+01 6.29e-05  3.94e+01  2827s
 185   5.63767326e+11  5.62733365e+11  4.09e+01 6.70e-05  3.91e+01  2844s
 186   5.63730376e+11  5.62748587e+11  3.86e+01 7.65e-05  3.72e+01  2862s
 187   5.63712429e+11  5.62756213e+11  3.75e+01 8.19e-05  3.62e+01  2876s
 188   5.63691976e+11  5.62771624e+11  3.63e+01 8.38e-05  3.48e+01  2893s
 189   5.63672583e+11  5.62782808e+11  3.51e+01 8.46e-05  3.37e+01  2911s
 190   5.63640257e+11  5.62793540e+11  3.32e+01 8.79e-05  3.20e+01  2928s
 191   5.63625715e+11  5.62803321e+11  3.23e+01 9.30e-05  3.11e+01  2945s
 192   5.63607447e+11  5.62814843e+11  3.13e+01 9.37e-05  3.00e+01  2962s
 193   5.63591990e+11  5.62823670e+11  3.03e+01 9.30e-05  2.91e+01  2979s
 194   5.63581083e+11  5.62831753e+11  2.97e+01 9.27e-05  2.84e+01  2996s
 195   5.63575379e+11  5.62836881e+11  2.94e+01 9.29e-05  2.80e+01  3008s
 196   5.63559675e+11  5.62845695e+11  2.85e+01 8.94e-05  2.70e+01  3026s
 197   5.63541403e+11  5.62853930e+11  2.74e+01 8.89e-05  2.60e+01  3044s
 198   5.63528994e+11  5.62864033e+11  2.67e+01 8.74e-05  2.52e+01  3060s
 199   5.63508679e+11  5.62876199e+11  2.55e+01 8.51e-05  2.39e+01  3077s
 200   5.63505890e+11  5.62879110e+11  2.53e+01 8.43e-05  2.37e+01  3097s
 201   5.63490175e+11  5.62883244e+11  2.44e+01 8.29e-05  2.30e+01  3111s
 202   5.63481396e+11  5.62887396e+11  2.39e+01 8.11e-05  2.25e+01  3131s
 203   5.63464989e+11  5.62894830e+11  2.30e+01 7.93e-05  2.16e+01  3147s
 204   5.63448382e+11  5.62902809e+11  2.20e+01 7.79e-05  2.07e+01  3165s
 205   5.63442105e+11  5.62905562e+11  2.17e+01 7.71e-05  2.03e+01  3182s
 206   5.63424774e+11  5.62912908e+11  2.07e+01 7.51e-05  1.94e+01  3199s
 207   5.63417808e+11  5.62918328e+11  2.03e+01 7.28e-05  1.89e+01  3213s
 208   5.63405076e+11  5.62924594e+11  1.95e+01 6.98e-05  1.82e+01  3230s
 209   5.63389452e+11  5.62928909e+11  1.87e+01 6.80e-05  1.74e+01  3246s
 210   5.63383552e+11  5.62935667e+11  1.83e+01 6.50e-05  1.70e+01  3262s
 211   5.63364660e+11  5.62940195e+11  1.73e+01 6.32e-05  1.61e+01  3280s
 212   5.63354000e+11  5.62944947e+11  1.67e+01 6.10e-05  1.55e+01  3299s
 213   5.63347293e+11  5.62946637e+11  1.63e+01 6.02e-05  1.52e+01  3317s
 214   5.63324352e+11  5.62951858e+11  1.50e+01 5.75e-05  1.41e+01  3334s
 215   5.63315521e+11  5.62954044e+11  1.45e+01 5.63e-05  1.37e+01  3351s
 216   5.63308013e+11  5.62957645e+11  1.41e+01 5.46e-05  1.33e+01  3368s
 217   5.63300729e+11  5.62959910e+11  1.37e+01 5.35e-05  1.29e+01  3385s
 218   5.63293255e+11  5.62963633e+11  1.32e+01 5.17e-05  1.25e+01  3402s
 219   5.63283809e+11  5.62965915e+11  1.27e+01 5.04e-05  1.20e+01  3417s
 220   5.63275108e+11  5.62969865e+11  1.22e+01 4.83e-05  1.15e+01  3435s
 221   5.63266800e+11  5.62972550e+11  1.17e+01 4.69e-05  1.11e+01  3453s
 222   5.63259047e+11  5.62974755e+11  1.13e+01 4.57e-05  1.08e+01  3470s
 223   5.63253297e+11  5.62979730e+11  1.10e+01 4.31e-05  1.04e+01  3486s
 224   5.63245119e+11  5.62982170e+11  1.05e+01 4.18e-05  9.95e+00  3501s
 225   5.63244205e+11  5.62984966e+11  1.05e+01 4.03e-05  9.81e+00  3515s
 226   5.63232561e+11  5.62987252e+11  9.81e+00 3.91e-05  9.28e+00  3531s
 227   5.63226729e+11  5.62988898e+11  9.48e+00 3.82e-05  9.00e+00  3547s
 228   5.63221071e+11  5.62990019e+11  9.16e+00 3.76e-05  8.74e+00  3564s
 229   5.63219854e+11  5.62991930e+11  9.10e+00 3.65e-05  8.62e+00  3578s
 230   5.63216591e+11  5.62993174e+11  8.91e+00 3.59e-05  8.45e+00  3595s
 231   5.63213916e+11  5.62995236e+11  8.77e+00 3.48e-05  8.27e+00  3612s
 232   5.63208170e+11  5.62997319e+11  8.45e+00 3.35e-05  7.98e+00  3630s
 233   5.63205125e+11  5.62999707e+11  8.28e+00 3.22e-05  7.77e+00  3647s
 234   5.63199963e+11  5.63002429e+11  7.99e+00 3.07e-05  7.47e+00  3663s
 235   5.63196088e+11  5.63003849e+11  7.78e+00 2.99e-05  7.27e+00  3679s
 236   5.63190607e+11  5.63005449e+11  7.47e+00 2.91e-05  7.00e+00  3695s
 237   5.63183466e+11  5.63007756e+11  7.08e+00 2.77e-05  6.65e+00  3712s
 238   5.63180554e+11  5.63009947e+11  6.92e+00 2.65e-05  6.45e+00  3728s
 239   5.63173248e+11  5.63012527e+11  6.52e+00 2.50e-05  6.08e+00  3745s
 240   5.63165693e+11  5.63014458e+11  6.11e+00 2.39e-05  5.72e+00  3762s
 241   5.63160677e+11  5.63016393e+11  5.83e+00 2.28e-05  5.46e+00  3778s
 242   5.63156148e+11  5.63019416e+11  5.59e+00 2.10e-05  5.17e+00  3795s
 243   5.63150863e+11  5.63021431e+11  5.30e+00 1.98e-05  4.90e+00  3812s
 244   5.63144886e+11  5.63023162e+11  4.97e+00 1.88e-05  4.60e+00  3829s
 245   5.63141975e+11  5.63025232e+11  4.81e+00 1.76e-05  4.42e+00  3847s
 246   5.63136278e+11  5.63026621e+11  4.49e+00 1.68e-05  4.15e+00  3863s
 247   5.63133643e+11  5.63027525e+11  4.33e+00 1.62e-05  4.01e+00  3877s
 248   5.63130220e+11  5.63028830e+11  4.15e+00 1.55e-05  3.84e+00  3896s
 249   5.63127613e+11  5.63029796e+11  4.01e+00 1.49e-05  3.70e+00  3913s
 250   5.63123132e+11  5.63030842e+11  3.76e+00 1.42e-05  3.49e+00  3932s
 251   5.63120895e+11  5.63032802e+11  3.63e+00 1.30e-05  3.33e+00  3951s
 252   5.63116936e+11  5.63034651e+11  3.39e+00 1.19e-05  3.11e+00  3970s
 253   5.63115161e+11  5.63035396e+11  3.30e+00 1.14e-05  3.02e+00  3987s
 254   5.63111983e+11  5.63036216e+11  3.13e+00 1.09e-05  2.87e+00  4005s
 255   5.63110419e+11  5.63036866e+11  3.03e+00 1.05e-05  2.78e+00  4017s
 256   5.63108895e+11  5.63038525e+11  2.95e+00 1.20e-05  2.66e+00  4036s
 257   5.63105715e+11  5.63038986e+11  2.79e+00 9.15e-06  2.53e+00  4056s
 258   5.63101936e+11  5.63039953e+11  2.59e+00 1.93e-05  2.35e+00  4072s
 259   5.63099628e+11  5.63041152e+11  2.48e+00 2.29e-05  2.21e+00  4089s
 260   5.63098206e+11  5.63041994e+11  2.40e+00 2.41e-05  2.13e+00  4108s
 261   5.63095128e+11  5.63042575e+11  2.24e+00 1.89e-05  1.99e+00  4125s
 262   5.63094212e+11  5.63043288e+11  2.20e+00 1.91e-05  1.93e+00  4142s
 263   5.63091535e+11  5.63043736e+11  2.06e+00 2.30e-05  1.81e+00  4159s
 264   5.63091373e+11  5.63044021e+11  2.05e+00 2.03e-05  1.79e+00  4178s
 265   5.63091234e+11  5.63044256e+11  2.04e+00 2.08e-05  1.78e+00  4197s
 266   5.63088677e+11  5.63044563e+11  1.92e+00 2.02e-05  1.67e+00  4216s
 267   5.63086544e+11  5.63045127e+11  1.82e+00 1.64e-05  1.56e+00  4235s
 268   5.63084539e+11  5.63045742e+11  1.73e+00 2.46e-05  1.46e+00  4251s
 269   5.63082597e+11  5.63046122e+11  1.63e+00 2.84e-05  1.38e+00  4268s
 270   5.63081190e+11  5.63046602e+11  1.57e+00 3.09e-05  1.30e+00  4285s
 271   5.63080001e+11  5.63047167e+11  1.50e+00 2.10e-05  1.24e+00  4302s
 272   5.63079399e+11  5.63047309e+11  1.47e+00 2.28e-05  1.21e+00  4319s
 273   5.63078436e+11  5.63047555e+11  1.42e+00 2.35e-05  1.16e+00  4334s
 274   5.63077289e+11  5.63047944e+11  1.35e+00 2.14e-05  1.11e+00  4350s
 275   5.63074771e+11  5.63048276e+11  1.21e+00 2.00e-05  9.97e-01  4367s
 276   5.63073077e+11  5.63048693e+11  1.09e+00 2.60e-05  9.17e-01  4386s
 277   5.63072270e+11  5.63049035e+11  1.04e+00 2.38e-05  8.73e-01  4403s
 278   5.63071277e+11  5.63049213e+11  9.76e-01 2.47e-05  8.28e-01  4420s
 279   5.63070519e+11  5.63049383e+11  9.31e-01 2.59e-05  7.93e-01  4436s
 280   5.63069080e+11  5.63049605e+11  8.25e-01 2.75e-05  7.30e-01  4452s
 281   5.63068319e+11  5.63049715e+11  7.96e-01 2.73e-05  6.97e-01  4472s
 282   5.63068139e+11  5.63049863e+11  7.86e-01 2.62e-05  6.84e-01  4489s
 283   5.63067408e+11  5.63050059e+11  7.48e-01 2.48e-05  6.50e-01  4511s
 284   5.63066794e+11  5.63050275e+11  7.10e-01 2.06e-05  6.18e-01  4529s
 285   5.63065748e+11  5.63050473e+11  6.55e-01 1.72e-05  5.71e-01  4547s
 286   5.63064556e+11  5.63050621e+11  5.91e-01 1.63e-05  5.21e-01  4569s
 287   5.63064142e+11  5.63050801e+11  5.69e-01 1.53e-05  4.99e-01  4590s
 288   5.63063594e+11  5.63051003e+11  5.40e-01 1.41e-05  4.71e-01  4612s
 289   5.63062234e+11  5.63051276e+11  4.69e-01 1.25e-05  4.10e-01  4633s
 290   5.63062009e+11  5.63051424e+11  4.57e-01 1.17e-05  3.96e-01  4654s
 291   5.63061382e+11  5.63051556e+11  4.24e-01 1.38e-05  3.67e-01  4674s
 292   5.63061000e+11  5.63051887e+11  4.03e-01 8.98e-06  3.41e-01  4699s
 293   5.63060556e+11  5.63051920e+11  3.80e-01 1.15e-05  3.23e-01  4717s
 294   5.63060304e+11  5.63052040e+11  3.67e-01 9.47e-06  3.09e-01  4739s
 295   5.63059736e+11  5.63052171e+11  3.38e-01 2.29e-05  2.83e-01  4758s
 296   5.63059074e+11  5.63052291e+11  3.03e-01 3.01e-05  2.54e-01  4777s
 297   5.63058887e+11  5.63052365e+11  2.97e-01 2.92e-05  2.44e-01  4794s
 298   5.63058379e+11  5.63052451e+11  2.72e-01 3.19e-05  2.22e-01  4814s
 299   5.63057930e+11  5.63052519e+11  2.47e-01 2.95e-05  2.02e-01  4829s
 300   5.63057659e+11  5.63052578e+11  2.33e-01 2.67e-05  1.90e-01  4848s
 301   5.63057291e+11  5.63052625e+11  2.13e-01 2.71e-05  1.74e-01  4865s
 302   5.63057123e+11  5.63052670e+11  2.03e-01 2.48e-05  1.66e-01  4884s
 303   5.63056988e+11  5.63052692e+11  1.96e-01 2.68e-05  1.61e-01  4906s
 304   5.63056782e+11  5.63052757e+11  1.88e-01 2.78e-05  1.50e-01  4924s
 305   5.63056536e+11  5.63052811e+11  1.76e-01 2.98e-05  1.39e-01  4944s
 306   5.63056376e+11  5.63052904e+11  1.67e-01 2.53e-05  1.30e-01  4966s
 307   5.63056261e+11  5.63052934e+11  1.60e-01 2.38e-05  1.24e-01  4985s
 308   5.63056096e+11  5.63052966e+11  1.51e-01 2.23e-05  1.17e-01  5009s
 309   5.63055994e+11  5.63052981e+11  1.45e-01 2.15e-05  1.13e-01  5035s
 310   5.63055911e+11  5.63053018e+11  1.41e-01 1.98e-05  1.08e-01  5061s
 311   5.63055854e+11  5.63053021e+11  1.37e-01 1.96e-05  1.06e-01  5085s
 312   5.63055644e+11  5.63053043e+11  1.26e-01 2.02e-05  9.72e-02  5106s
 313   5.63055592e+11  5.63053060e+11  1.23e-01 2.66e-05  9.46e-02  5127s
 314   5.63055435e+11  5.63053079e+11  1.15e-01 2.58e-05  8.80e-02  5152s
 315   5.63055272e+11  5.63053142e+11  1.06e-01 3.55e-05  7.96e-02  5180s
 316   5.63055109e+11  5.63053157e+11  9.64e-02 3.91e-05  7.29e-02  5198s
 317   5.63054947e+11  5.63053182e+11  8.72e-02 4.02e-05  6.59e-02  5221s
 318   5.63054782e+11  5.63053198e+11  7.77e-02 2.94e-05  5.92e-02  5247s
 319   5.63054623e+11  5.63053217e+11  6.58e-02 2.84e-05  5.25e-02  5268s
 320   5.63054545e+11  5.63053250e+11  6.16e-02 1.67e-05  4.84e-02  5294s
 321   5.63054395e+11  5.63053268e+11  5.30e-02 4.35e-05  4.21e-02  5320s
 322   5.63054338e+11  5.63053277e+11  4.99e-02 5.26e-05  3.96e-02  5339s
 323   5.63054284e+11  5.63053290e+11  4.70e-02 1.81e-05  3.71e-02  5363s
 324   5.63054205e+11  5.63053295e+11  4.27e-02 5.15e-05  3.40e-02  5382s
 325   5.63054173e+11  5.63053302e+11  4.10e-02 5.53e-05  3.26e-02  5410s
 326   5.63054151e+11  5.63053307e+11  3.98e-02 4.90e-05  3.15e-02  5432s
 327   5.63054082e+11  5.63053324e+11  3.60e-02 5.00e-05  2.83e-02  5450s
 328   5.63053995e+11  5.63053351e+11  3.08e-02 3.21e-05  2.40e-02  5471s
 329   5.63053957e+11  5.63053360e+11  2.88e-02 2.31e-05  2.23e-02  5497s
 330   5.63053865e+11  5.63053373e+11  2.44e-02 6.14e-05  1.84e-02  5520s
 331   5.63053850e+11  5.63053375e+11  2.35e-02 4.14e-05  1.78e-02  5541s
 332   5.63053822e+11  5.63053380e+11  2.22e-02 8.39e-05  1.65e-02  5563s
 333   5.63053767e+11  5.63053382e+11  1.95e-02 3.01e-05  1.44e-02  5591s
 334   5.63053751e+11  5.63053388e+11  1.83e-02 6.27e-05  1.36e-02  5618s
 335   5.63053717e+11  5.63053391e+11  1.64e-02 2.45e-05  1.22e-02  5641s
 336   5.63053712e+11  5.63053394e+11  1.60e-02 7.10e-05  1.19e-02  5667s
 337   5.63053681e+11  5.63053398e+11  1.43e-02 2.32e-05  1.06e-02  5693s
 338   5.63053651e+11  5.63053403e+11  1.24e-02 6.84e-05  9.24e-03  5712s
 339   5.63053642e+11  5.63053405e+11  1.18e-02 3.69e-05  8.82e-03  5735s
 340   5.63053575e+11  5.63053409e+11  7.99e-03 5.54e-05  6.21e-03  5756s
 341   5.63053569e+11  5.63053411e+11  7.66e-03 6.44e-05  5.89e-03  5778s
 342   5.63053547e+11  5.63053414e+11  6.46e-03 4.55e-05  4.99e-03  5796s
 343   5.63053543e+11  5.63053415e+11  6.24e-03 3.61e-05  4.77e-03  5817s
 344   5.63053522e+11  5.63053418e+11  5.06e-03 8.07e-05  3.88e-03  5835s
 345   5.63053499e+11  5.63053421e+11  3.84e-03 2.06e-05  2.92e-03  5851s
 346   5.63053496e+11  5.63053424e+11  3.67e-03 6.81e-05  2.71e-03  5868s
 347   5.63053471e+11  5.63053426e+11  2.28e-03 9.13e-05  1.68e-03  5890s
 348   5.63053463e+11  5.63053427e+11  1.88e-03 4.06e-05  1.35e-03  5906s
 349   5.63053451e+11  5.63053428e+11  1.19e-03 4.52e-05  8.63e-04  5923s
 350   5.63053448e+11  5.63053428e+11  1.08e-03 1.23e-04  7.32e-04  5940s
 351   5.63053447e+11  5.63053428e+11  1.05e-03 1.06e-04  7.10e-04  5958s
 352   5.63053446e+11  5.63053428e+11  1.02e-03 9.93e-05  6.84e-04  5972s
 353   5.63053446e+11  5.63053428e+11  9.88e-04 8.31e-05  6.64e-04  5986s

Barrier solved model in 353 iterations and 5986.02 seconds (3680.46 work units)
Optimal objective 5.63053446e+11


