Solver command line: ['/share/apps/gurobi/12.0.0/bin/gurobi.sh']

Set parameter TokenServer to value "10.1.1.1"
Read LP format model from file /mnt/beegfs/users/ehsanno/openempire/tmpo_m7kpd1.pyomo.lp
Reading time = 19.19 seconds
x1: 4862832 rows, 4413963 columns, 16400776 nonzeros
Set parameter QCPDual to value 1
Set parameter Method to value 2
Set parameter Crossover to value 0
Set parameter Presolve to value -1
Gurobi Optimizer version 12.0.0 build v12.0.0rc1 (linux64 - "CentOS Linux 7 (Core)")

CPU model: Intel(R) Xeon(R) Gold 6244 CPU @ 3.60GHz, instruction set [SSE2|AVX|AVX2|AVX512]
Thread count: 16 physical cores, 32 logical processors, using up to 32 threads

Non-default parameters:
Method  2
Crossover  0
QCPDual  1

Optimize a model with 4862832 rows, 4413963 columns and 16400776 nonzeros
Model fingerprint: 0x0dddb0c7
Coefficient statistics:
  Matrix range     [1e-03, 4e+01]
  Objective range  [4e-03, 5e+06]
  Bounds range     [1e+00, 1e+00]
  RHS range        [1e+00, 6e+08]
Presolve removed 1041627 rows and 700000 columns (presolve time = 6s)...
Presolve removed 1044611 rows and 702984 columns (presolve time = 10s)...
Presolve removed 1059427 rows and 709470 columns (presolve time = 15s)...
Presolve removed 1059428 rows and 709470 columns
Presolve time: 19.03s
Presolved: 3803404 rows, 3704493 columns, 13364156 nonzeros
Elapsed ordering time = 5s
Elapsed ordering time = 10s
Elapsed ordering time = 15s
Ordering time: 24.73s

Barrier statistics:
 Dense cols : 1116
 AA' NZ     : 1.099e+07
 Factor NZ  : 1.103e+08 (roughly 4.0 GB of memory)
 Factor Ops : 4.787e+10 (roughly 1 second per iteration)
 Threads    : 16

                  Objective                Residual
Iter       Primal          Dual         Primal    Dual     Compl     Time
   0   2.30428564e+17 -7.65966839e+15  9.73e+11 4.64e+04  1.32e+13    55s
   1   1.81146935e+17 -1.10679096e+16  7.31e+11 4.95e+05  8.44e+12    59s
   2   1.56751291e+17 -4.73639553e+16  6.18e+11 3.92e+05  7.51e+12    65s
   3   1.36900491e+17 -1.06472622e+17  5.33e+11 2.61e+05  6.24e+12    71s
   4   9.95396235e+16 -1.51873130e+17  3.98e+11 1.49e+05  4.50e+12    75s
   5   7.12176808e+16 -2.08106751e+17  2.85e+11 3.71e+04  3.14e+12    82s
   6   5.46409358e+16 -2.14021198e+17  2.19e+11 2.24e+04  2.45e+12    87s
   7   2.85985275e+16 -2.21099469e+17  1.14e+11 1.11e+04  1.33e+12    93s
   8   2.09853896e+16 -2.09914991e+17  8.37e+10 4.81e+03  9.66e+11    98s
   9   1.84606716e+16 -1.99340713e+17  7.35e+10 3.11e+03  8.44e+11   101s
  10   1.65833913e+16 -1.83182846e+17  6.60e+10 1.99e+03  7.51e+11   105s
  11   1.38553563e+16 -1.22655225e+17  5.50e+10 8.14e+02  6.18e+11   108s
  12   9.45015453e+15 -1.16886595e+17  3.75e+10 7.22e+02  4.25e+11   112s
  13   6.34909988e+15 -9.01685175e+16  2.51e+10 3.36e+01  2.79e+11   117s
  14   2.94163954e+15 -7.08986607e+16  1.15e+10 1.14e+01  1.29e+11   123s
  15   1.67048030e+15 -3.70852494e+16  6.41e+09 3.70e+00  7.04e+10   127s
  16   7.17828381e+14 -2.75731533e+16  2.43e+09 2.04e+00  2.86e+10   131s
  17   3.93963687e+14 -2.09516376e+16  1.18e+09 2.00e+00  1.44e+10   134s
  18   2.61122272e+14 -1.78073244e+16  6.66e+08 1.33e+00  8.72e+09   138s
  19   1.91983632e+14 -1.21455891e+16  4.00e+08 8.61e-01  5.02e+09   141s
  20   1.61456764e+14 -8.90273891e+15  2.83e+08 6.13e-01  3.30e+09   146s
  21   1.37004176e+14 -6.69028582e+15  1.91e+08 8.02e-01  2.16e+09   149s
  22   1.09993339e+14 -5.08513551e+15  1.01e+08 4.85e-01  1.27e+09   153s
  23   1.00572987e+14 -3.30269339e+15  7.42e+07 2.75e-01  7.96e+08   156s
  24   8.12036982e+13 -2.09777044e+15  2.35e+07 1.35e-01  3.86e+08   160s
  25   6.80639299e+13 -1.00798289e+15  1.14e+07 6.77e-02  1.77e+08   165s
  26   5.41487569e+13 -7.19228334e+14  6.55e+06 4.53e-02  1.20e+08   170s
  27   4.10587908e+13 -4.66300665e+14  3.93e+06 2.79e-02  7.65e+07   175s
  28   3.62625507e+13 -4.35154091e+14  3.10e+06 2.60e-02  7.00e+07   179s
  29   3.50832987e+13 -3.84042493e+14  2.89e+06 2.29e-02  6.22e+07   182s
  30   3.05302815e+13 -2.12978616e+14  2.31e+06 1.24e-02  3.61e+07   187s
  31   2.00828566e+13 -1.14884552e+14  1.48e+06 6.08e-03  1.98e+07   192s
  32   1.61076402e+13 -5.41811186e+13  1.16e+06 2.72e-03  1.04e+07   199s
  33   1.06578462e+13 -2.65022060e+13  7.00e+05 1.23e-03  5.43e+06   206s
  34   7.73564548e+12 -2.07780105e+13  4.83e+05 9.43e-04  4.12e+06   210s
  35   7.00574619e+12 -2.01380954e+13  4.29e+05 9.13e-04  3.91e+06   215s
  36   6.67873645e+12 -1.85094402e+13  4.05e+05 8.37e-04  3.63e+06   218s
  37   5.31855414e+12 -1.34973979e+13  3.07e+05 6.11e-04  2.70e+06   222s
  38   4.53742780e+12 -9.72508636e+12  2.52e+05 4.33e-04  2.04e+06   228s
  39   3.79816365e+12 -8.68690294e+12  1.99e+05 3.86e-04  1.78e+06   235s
  40   3.44818726e+12 -6.81563019e+12  1.75e+05 3.98e-04  1.46e+06   241s
  41   3.27530672e+12 -6.60274817e+12  1.62e+05 4.29e-04  1.40e+06   248s
  42   2.95518691e+12 -5.20893393e+12  1.40e+05 2.44e-04  1.16e+06   255s
  43   2.63398244e+12 -4.47805516e+12  1.18e+05 2.53e-04  1.01e+06   262s
  44   2.27765769e+12 -3.45652557e+12  9.47e+04 1.72e-04  8.10e+05   269s
  45   2.05858706e+12 -2.65221777e+12  7.98e+04 1.39e-04  6.65e+05   276s
  46   1.83238907e+12 -2.11117151e+12  6.47e+04 1.14e-04  5.55e+05   281s
  47   1.77916498e+12 -2.01124399e+12  6.13e+04 1.10e-04  5.34e+05   288s
  48   1.62752521e+12 -1.48711577e+12  5.19e+04 8.91e-05  4.38e+05   294s
  49   1.54354983e+12 -1.27121835e+12  4.67e+04 8.03e-05  3.96e+05   301s
  50   1.39822894e+12 -1.06727426e+12  3.78e+04 7.20e-05  3.46e+05   307s
  51   1.33124017e+12 -6.47874066e+11  3.38e+04 5.48e-05  2.78e+05   314s
  52   1.29137441e+12 -5.68238923e+11  3.15e+04 5.14e-05  2.61e+05   321s
  53   1.16453553e+12 -3.80373791e+11  2.46e+04 4.35e-05  2.16e+05   328s
  54   1.08878491e+12 -2.59412499e+11  2.06e+04 3.84e-05  1.89e+05   335s
  55   1.03556896e+12 -1.10799320e+11  1.81e+04 3.18e-05  1.60e+05   342s
  56   9.86003110e+11 -2.16688589e+10  1.61e+04 2.75e-05  1.41e+05   349s
  57   9.13966721e+11  7.09408304e+10  1.35e+04 2.24e-05  1.18e+05   355s
  58   8.68514029e+11  1.27323193e+11  1.19e+04 1.96e-05  1.04e+05   363s
  59   8.28439709e+11  1.77994226e+11  1.05e+04 1.70e-05  9.10e+04   369s
  60   7.98031205e+11  2.22369131e+11  9.42e+03 1.47e-05  8.05e+04   376s
  61   7.43607481e+11  2.51269064e+11  7.56e+03 1.32e-05  6.88e+04   384s
  62   7.24643530e+11  2.84068339e+11  6.93e+03 1.15e-05  6.16e+04   390s
  63   7.09549774e+11  2.88912832e+11  6.43e+03 1.13e-05  5.88e+04   394s
  64   6.93905808e+11  3.07815272e+11  5.93e+03 5.00e-05  5.39e+04   400s
  65   6.78707664e+11  3.32062814e+11  5.45e+03 9.42e-05  4.84e+04   407s
  66   6.59726842e+11  3.46493639e+11  4.84e+03 1.21e-04  4.38e+04   413s
  67   6.50388890e+11  3.52466696e+11  4.55e+03 1.30e-04  4.16e+04   420s
  68   6.33852250e+11  3.76813224e+11  4.03e+03 1.63e-04  3.59e+04   427s
  69   6.13107990e+11  3.90719383e+11  3.39e+03 1.72e-04  3.11e+04   433s
  70   6.02612977e+11  4.06245562e+11  3.06e+03 1.74e-04  2.74e+04   439s
  71   5.87334518e+11  4.19276436e+11  2.60e+03 1.72e-04  2.35e+04   445s
  72   5.77867964e+11  4.27076256e+11  2.33e+03 1.69e-04  2.11e+04   451s
  73   5.71937427e+11  4.37698194e+11  2.16e+03 1.62e-04  1.87e+04   457s
  74   5.67989900e+11  4.45641056e+11  2.04e+03 1.55e-04  1.71e+04   464s
  75   5.64186419e+11  4.51261732e+11  1.94e+03 1.45e-04  1.58e+04   470s
  76   5.54463409e+11  4.55984030e+11  1.67e+03 1.33e-04  1.38e+04   477s
  77   5.49105715e+11  4.62485800e+11  1.51e+03 1.20e-04  1.21e+04   484s
  78   5.45214503e+11  4.68108742e+11  1.41e+03 1.05e-04  1.08e+04   491s
  79   5.38349434e+11  4.72529285e+11  1.21e+03 9.26e-05  9.19e+03   499s
  80   5.31977448e+11  4.76333744e+11  1.04e+03 8.32e-05  7.77e+03   505s
  81   5.29242937e+11  4.79702598e+11  9.59e+02 6.94e-05  6.92e+03   512s
  82   5.23456488e+11  4.82070205e+11  7.97e+02 6.25e-05  5.78e+03   519s
  83   5.21385630e+11  4.83767695e+11  7.38e+02 5.53e-05  5.26e+03   526s
  84   5.19381163e+11  4.85044984e+11  6.81e+02 5.05e-05  4.80e+03   533s
  85   5.15994391e+11  4.86115161e+11  5.86e+02 4.71e-05  4.17e+03   538s
  86   5.14059380e+11  4.86895100e+11  5.30e+02 4.35e-05  3.79e+03   545s
  87   5.12860996e+11  4.88023471e+11  4.95e+02 3.69e-05  3.47e+03   552s
  88   5.10742663e+11  4.88326997e+11  4.35e+02 3.64e-05  3.13e+03   559s
  89   5.09513459e+11  4.88646536e+11  4.00e+02 3.45e-05  2.91e+03   566s
  90   5.09205802e+11  4.88955173e+11  3.91e+02 3.33e-05  2.83e+03   573s
  91   5.07747689e+11  4.89606566e+11  3.49e+02 3.13e-05  2.53e+03   581s
  92   5.06323953e+11  4.90201705e+11  3.08e+02 2.86e-05  2.25e+03   587s
  93   5.05749210e+11  4.90832980e+11  2.91e+02 2.57e-05  2.08e+03   594s
  94   5.04968839e+11  4.91179878e+11  2.69e+02 2.50e-05  1.93e+03   601s
  95   5.04098389e+11  4.91536221e+11  2.43e+02 2.32e-05  1.75e+03   608s
  96   5.03707282e+11  4.91969193e+11  2.32e+02 2.04e-05  1.64e+03   614s
  97   5.03033471e+11  4.92446151e+11  2.11e+02 1.67e-05  1.48e+03   622s
  98   5.02276542e+11  4.92898762e+11  1.89e+02 1.56e-05  1.31e+03   628s
  99   5.02078536e+11  4.93062038e+11  1.84e+02 1.56e-05  1.26e+03   636s
 100   5.01294060e+11  4.93343436e+11  1.61e+02 1.25e-05  1.11e+03   643s
 101   5.00787127e+11  4.93651893e+11  1.46e+02 1.18e-05  9.97e+02   650s
 102   5.00399078e+11  4.93816828e+11  1.34e+02 1.01e-05  9.19e+02   656s
 103   4.99964875e+11  4.93905962e+11  1.21e+02 1.04e-05  8.46e+02   663s
 104   4.99593225e+11  4.94183274e+11  1.10e+02 8.37e-06  7.56e+02   669s
 105   4.99576186e+11  4.94261239e+11  1.10e+02 8.40e-06  7.42e+02   675s
 106   4.99349931e+11  4.94411878e+11  1.03e+02 7.44e-06  6.90e+02   681s
 107   4.99113126e+11  4.94620095e+11  9.55e+01 6.73e-06  6.28e+02   689s
 108   4.98767107e+11  4.94779892e+11  8.51e+01 6.18e-06  5.57e+02   695s
 109   4.98530025e+11  4.94845621e+11  7.81e+01 6.22e-06  5.15e+02   702s
 110   4.98344643e+11  4.94918421e+11  7.25e+01 5.03e-06  4.79e+02   709s
 111   4.97969970e+11  4.95089789e+11  6.14e+01 6.32e-06  4.02e+02   716s
 112   4.97717042e+11  4.95184881e+11  5.37e+01 4.52e-06  3.54e+02   723s
 113   4.97577704e+11  4.95289117e+11  4.96e+01 3.81e-06  3.20e+02   729s
 114   4.97460791e+11  4.95356679e+11  4.61e+01 5.41e-06  2.94e+02   736s
 115   4.97308604e+11  4.95429660e+11  4.16e+01 1.37e-06  2.62e+02   742s
 116   4.97195317e+11  4.95484145e+11  3.82e+01 2.30e-06  2.39e+02   748s
 117   4.97058025e+11  4.95515201e+11  3.41e+01 1.96e-06  2.16e+02   755s
 118   4.96922241e+11  4.95544043e+11  3.00e+01 2.45e-06  1.93e+02   763s
 119   4.96824398e+11  4.95590795e+11  2.71e+01 3.90e-06  1.72e+02   769s
 120   4.96740683e+11  4.95609490e+11  2.46e+01 3.05e-06  1.58e+02   775s
 121   4.96729075e+11  4.95617825e+11  2.42e+01 2.90e-06  1.55e+02   780s
 122   4.96721402e+11  4.95637065e+11  2.40e+01 2.95e-06  1.51e+02   784s
 123   4.96637427e+11  4.95648507e+11  2.14e+01 2.68e-06  1.38e+02   791s
 124   4.96554922e+11  4.95691194e+11  1.90e+01 8.93e-07  1.21e+02   797s
 125   4.96443651e+11  4.95722961e+11  1.56e+01 2.06e-06  1.01e+02   804s
 126   4.96332054e+11  4.95772235e+11  1.23e+01 1.55e-06  7.82e+01   811s
 127   4.96294341e+11  4.95786468e+11  1.11e+01 9.67e-07  7.09e+01   818s
 128   4.96285336e+11  4.95795841e+11  1.09e+01 5.77e-07  6.84e+01   825s
 129   4.96255258e+11  4.95813315e+11  9.97e+00 2.10e-06  6.17e+01   832s
 130   4.96206616e+11  4.95825729e+11  8.53e+00 1.33e-06  5.32e+01   839s
 131   4.96202647e+11  4.95835089e+11  8.41e+00 3.08e-06  5.13e+01   844s
 132   4.96132957e+11  4.95852457e+11  6.35e+00 3.72e-06  3.92e+01   850s
 133   4.96087472e+11  4.95868543e+11  4.97e+00 1.16e-06  3.06e+01   856s
 134   4.96042424e+11  4.95878475e+11  3.61e+00 1.07e-06  2.29e+01   863s
 135   4.96023984e+11  4.95887061e+11  3.04e+00 1.38e-06  1.91e+01   868s
 136   4.95997462e+11  4.95896842e+11  2.25e+00 1.30e-06  1.41e+01   874s
 137   4.95982933e+11  4.95902829e+11  1.83e+00 4.31e-06  1.12e+01   881s
 138   4.95968956e+11  4.95905546e+11  1.42e+00 2.54e-07  8.86e+00   887s
 139   4.95961641e+11  4.95907338e+11  1.20e+00 1.12e-07  7.59e+00   893s
 140   4.95957659e+11  4.95908522e+11  1.09e+00 1.65e-06  6.86e+00   899s
 141   4.95948814e+11  4.95910560e+11  8.37e-01 8.53e-07  5.34e+00   906s
 142   4.95941400e+11  4.95913007e+11  6.20e-01 7.78e-06  3.97e+00   913s
 143   4.95938882e+11  4.95913638e+11  5.48e-01 1.75e-06  3.53e+00   921s
 144   4.95934515e+11  4.95914266e+11  4.23e-01 1.91e-06  2.83e+00   928s
 145   4.95933368e+11  4.95914601e+11  3.90e-01 6.03e-07  2.62e+00   935s
 146   4.95931101e+11  4.95916367e+11  3.21e-01 2.01e-05  2.06e+00   943s
 147   4.95927559e+11  4.95917133e+11  2.22e-01 3.05e-06  1.46e+00   949s
 148   4.95925498e+11  4.95917890e+11  1.64e-01 2.78e-05  1.06e+00   956s
 149   4.95923534e+11  4.95918193e+11  1.10e-01 3.60e-05  7.46e-01   962s
 150   4.95922923e+11  4.95918531e+11  9.28e-02 3.61e-06  6.13e-01   971s
 151   4.95922210e+11  4.95918702e+11  7.46e-02 2.93e-05  4.90e-01   978s
 152   4.95921742e+11  4.95918828e+11  6.39e-02 1.57e-05  4.07e-01   984s
 153   4.95921352e+11  4.95918980e+11  5.48e-02 3.35e-05  3.31e-01   990s
 154   4.95920842e+11  4.95919097e+11  4.20e-02 4.40e-05  2.43e-01   997s
 155   4.95920596e+11  4.95919210e+11  3.50e-02 1.70e-05  1.93e-01  1004s
 156   4.95920490e+11  4.95919227e+11  3.19e-02 2.65e-05  1.76e-01  1010s
 157   4.95920293e+11  4.95919319e+11  2.59e-02 2.09e-05  1.36e-01  1016s
 158   4.95920225e+11  4.95919342e+11  2.37e-02 4.24e-05  1.23e-01  1023s
 159   4.95920099e+11  4.95919377e+11  1.95e-02 3.36e-05  1.01e-01  1031s
 160   4.95920003e+11  4.95919388e+11  1.62e-02 3.54e-05  8.59e-02  1040s
 161   4.95919961e+11  4.95919411e+11  1.47e-02 3.11e-05  7.68e-02  1048s
 162   4.95919895e+11  4.95919420e+11  1.24e-02 4.17e-05  6.63e-02  1058s
 163   4.95919859e+11  4.95919431e+11  1.11e-02 8.94e-06  5.96e-02  1067s
 164   4.95919783e+11  4.95919448e+11  8.40e-03 3.93e-05  4.68e-02  1077s
 165   4.95919760e+11  4.95919464e+11  7.60e-03 2.46e-05  4.14e-02  1088s
 166   4.95919726e+11  4.95919476e+11  6.40e-03 1.59e-05  3.48e-02  1099s
 167   4.95919711e+11  4.95919478e+11  5.88e-03 2.16e-05  3.24e-02  1110s
 168   4.95919688e+11  4.95919490e+11  5.10e-03 4.73e-05  2.77e-02  1121s
 169   4.95919675e+11  4.95919497e+11  4.65e-03 2.35e-05  2.48e-02  1132s
 170   4.95919654e+11  4.95919508e+11  3.92e-03 3.85e-05  2.05e-02  1143s
 171   4.95919623e+11  4.95919514e+11  2.84e-03 2.80e-05  1.53e-02  1153s
 172   4.95919600e+11  4.95919518e+11  2.04e-03 3.70e-05  1.14e-02  1163s
 173   4.95919590e+11  4.95919522e+11  1.69e-03 4.24e-05  9.48e-03  1174s
 174   4.95919577e+11  4.95919524e+11  1.45e-03 5.43e-05  7.47e-03  1186s
 175   4.95919576e+11  4.95919525e+11  1.38e-03 4.88e-05  7.00e-03  1194s
 176   4.95919573e+11  4.95919526e+11  1.30e-03 4.44e-05  6.62e-03  1201s
 177   4.95919569e+11  4.95919528e+11  1.10e-03 4.27e-05  5.62e-03  1209s
 178   4.95919564e+11  4.95919530e+11  1.02e-03 2.53e-05  4.85e-03  1218s
 179   4.95919558e+11  4.95919532e+11  6.10e-04 1.87e-05  3.67e-03  1230s
 180   4.95919554e+11  4.95919535e+11  4.32e-04 2.55e-05  2.64e-03  1237s
 181   4.95919550e+11  4.95919535e+11  3.25e-04 2.84e-05  2.13e-03  1244s
 182   4.95919549e+11  4.95919536e+11  3.00e-04 3.20e-05  1.85e-03  1257s
 183   4.95919546e+11  4.95919537e+11  8.97e-04 6.07e-05  1.28e-03  1264s

Barrier solved model in 183 iterations and 1264.07 seconds (604.98 work units)
Optimal objective 4.95919546e+11


