This is Ipopt version 3.14.19, running with linear solver ma57.

Number of nonzeros in equality constraint Jacobian...:    13237
Number of nonzeros in inequality constraint Jacobian.:     3120
Number of nonzeros in Lagrangian Hessian.............:      454

Total number of variables............................:     5094
                     variables with only lower bounds:        0
                variables with lower and upper bounds:     3858
                     variables with only upper bounds:        0
Total number of equality constraints.................:     3582
Total number of inequality constraints...............:     1560
        inequality constraints with only lower bounds:        0
   inequality constraints with lower and upper bounds:     1560
        inequality constraints with only upper bounds:        0

iter    objective    inf_pr   inf_du lg(mu)  ||d||  lg(rg) alpha_du alpha_pr  ls
   0  9.3309743e+06 1.88e+01 8.06e+01  -1.0 0.00e+00    -  0.00e+00 0.00e+00   0
   1  9.3311436e+06 1.88e+01 8.02e+01  -1.0 7.06e+01    -  1.13e-02 1.73e-05f  1
   2  7.3659510e+06 1.84e+01 8.02e+01  -1.0 1.85e+01  -4.0 1.59e-03 1.74e-02f  1
   3  7.1412417e+06 1.77e+01 7.92e+01  -1.0 5.48e+01    -  1.70e-02 3.74e-02f  1
   4  6.5431054e+06 1.67e+01 7.47e+01  -1.0 1.42e+01  -4.5 5.66e-02 5.67e-02f  1
   5  5.1110552e+06 1.38e+01 5.74e+01  -1.0 1.37e+01  -5.0 2.85e-01 1.78e-01f  1
   6  2.2873104e+06 6.15e+00 3.84e+01  -1.0 1.86e+02    -  3.19e-01 5.53e-01f  1
   7  2.2657112e+06 6.06e+00 3.94e+01  -1.0 7.95e+01    -  1.10e-01 1.44e-02f  1
   8  2.2639983e+06 6.06e+00 6.87e+02  -1.0 3.24e+01    -  4.19e-02 8.58e-04h  1
   9  2.2603816e+06 6.05e+00 2.16e+04  -1.0 1.61e+02    -  3.24e-02 9.96e-04h  1
iter    objective    inf_pr   inf_du lg(mu)  ||d||  lg(rg) alpha_du alpha_pr  ls
  10  2.2599936e+06 6.05e+00 8.97e+06  -1.0 3.28e+01    -  3.12e-02 7.65e-05h  1
  11r 2.2599936e+06 6.05e+00 1.00e+03   0.8 0.00e+00    -  0.00e+00 4.67e-07R  2
  12r 2.3180578e+06 5.53e+00 1.00e+03   0.8 1.54e+03    -  4.02e-03 3.90e-04f  1
  13r 2.9232829e+06 4.74e+00 9.95e+02   0.8 1.14e+03    -  6.90e-03 4.58e-03f  1
  14  2.9218071e+06 4.74e+00 9.13e+02  -1.0 5.46e+00  -5.4 2.73e-02 3.26e-05h  1
  15r 2.9218071e+06 4.74e+00 9.99e+02   0.7 0.00e+00    -  0.00e+00 2.10e-07R  2
  16r 3.9855077e+06 4.74e+00 9.98e+02   0.7 4.07e+02    -  1.70e-02 8.47e-04f  1
  17r 1.7126332e+07 4.73e+00 9.87e+02   0.7 1.60e+02    -  6.16e-02 1.16e-02f  1
  18r 6.5388231e+07 4.70e+00 9.15e+02   0.7 2.19e+01    -  1.71e-01 7.29e-02f  1
  19r 9.7497767e+07 4.69e+00 6.73e+02   0.7 8.02e+00    -  8.44e-01 2.65e-01f  1
iter    objective    inf_pr   inf_du lg(mu)  ||d||  lg(rg) alpha_du alpha_pr  ls
  20r 1.1194040e+08 4.66e+00 7.44e+01   0.7 4.00e+00    -  9.94e-01 8.89e-01f  1
  21r 1.0677159e+08 4.52e+00 5.42e+01  -0.7 1.92e+00    -  4.64e-01 8.69e-01f  1
  22r 1.0489074e+08 4.32e+00 4.00e+01  -0.7 1.45e+00    -  7.92e-01 1.00e+00f  1
  23r 1.0010092e+08 3.97e+00 1.90e-06  -0.7 2.78e+00    -  1.00e+00 1.00e+00f  1
  24  9.9603094e+07 3.97e+00 9.97e+01  -1.0 3.71e+01    -  8.91e-03 1.99e-04f  1
  25  9.9598013e+07 3.97e+00 1.43e+05  -1.0 3.75e+01    -  1.18e-02 2.00e-06f  2
  26  9.9116859e+07 3.97e+00 2.38e+05  -1.0 7.60e+02    -  5.15e-04 1.73e-04f  1
  27r 9.9116859e+07 3.97e+00 1.00e+03   0.6 0.00e+00  -5.9 0.00e+00 1.36e-07R  2
  28r 1.0215139e+08 3.94e+00 9.42e+02   0.6 6.29e+00    -  6.00e-01 5.70e-02f  1
  29r 1.1400561e+08 3.28e+00 2.21e+02   0.6 4.76e+00    -  9.91e-01 7.65e-01f  1
iter    objective    inf_pr   inf_du lg(mu)  ||d||  lg(rg) alpha_du alpha_pr  ls
  30r 1.1117568e+08 3.42e+00 5.16e+01  -0.1 9.66e-01    -  6.65e-01 9.81e-01f  1
  31r 1.0933284e+08 3.28e+00 7.94e-06  -0.1 2.61e+00    -  1.00e+00 1.00e+00f  1
  32r 1.0529099e+08 3.63e+00 2.05e+01  -1.5 1.64e+00    -  5.94e-01 9.67e-01f  1
  33r 1.0469560e+08 3.66e+00 3.17e-07  -1.5 3.24e-01    -  1.00e+00 1.00e+00f  1
  34r 1.0104434e+08 3.88e+00 7.56e-01  -3.4 8.38e-01    -  7.39e-01 1.00e+00f  1
  35r 1.0067021e+08 3.90e+00 4.25e-09  -3.4 3.01e-02    -  1.00e+00 1.00e+00f  1
  36r 9.9472990e+07 3.96e+00 5.09e-03  -5.0 1.89e-01    -  8.74e-01 1.00e+00f  1

Number of Iterations....: 36

                                   (scaled)                 (unscaled)
Objective...............:   9.9404412137083764e+03    9.9404412137083754e+07
Dual infeasibility......:   1.0000000331230858e+02    1.0000000331230857e+06
Constraint violation....:   3.9611845090809350e+00    3.9611845090809350e+00
Variable bound violation:   8.9220295151903883e-08    8.9220295151903883e-08
Complementarity.........:   1.1673313455720656e-05    1.1673313455720655e-01
Overall NLP error.......:   1.0000000331230858e+02    1.0000000331230857e+06


Number of objective function evaluations             = 45
Number of objective gradient evaluations             = 21
Number of equality constraint evaluations            = 45
Number of inequality constraint evaluations          = 45
Number of equality constraint Jacobian evaluations   = 1
Number of inequality constraint Jacobian evaluations = 1
Number of Lagrangian Hessian evaluations             = 2
Total seconds in IPOPT                               = 0.243

EXIT: Converged to a point of local infeasibility. Problem may be infeasible.
