This is Ipopt version 3.14.19, running with linear solver ma57.

Number of nonzeros in equality constraint Jacobian...:    13682
Number of nonzeros in inequality constraint Jacobian.:     3120
Number of nonzeros in Lagrangian Hessian.............:      899

Total number of variables............................:     5539
                     variables with only lower bounds:        0
                variables with lower and upper bounds:     4303
                     variables with only upper bounds:        0
Total number of equality constraints.................:     3582
Total number of inequality constraints...............:     1560
        inequality constraints with only lower bounds:        0
   inequality constraints with lower and upper bounds:     1560
        inequality constraints with only upper bounds:        0

iter    objective    inf_pr   inf_du lg(mu)  ||d||  lg(rg) alpha_du alpha_pr  ls
   0  9.5317828e+06 1.88e+01 8.45e+01  -1.0 0.00e+00    -  0.00e+00 0.00e+00   0
   1  9.5314885e+06 1.88e+01 8.40e+01  -1.0 1.86e+01    -  1.21e-02 1.94e-05f  1
   2  7.2431789e+06 1.84e+01 8.39e+01  -1.0 4.56e+01    -  2.40e-03 1.72e-02f  1
   3  7.2429791e+06 1.75e+01 8.31e+01  -1.0 1.61e+01  -4.0 1.62e-02 4.94e-02f  1
   4  6.4092121e+06 1.66e+01 7.98e+01  -1.0 1.48e+01  -4.5 4.18e-02 5.19e-02f  1
   5  5.2529765e+06 1.38e+01 6.86e+01  -1.0 1.38e+01  -5.0 1.45e-01 1.71e-01f  1
   6  2.8634371e+06 8.72e+00 4.12e+01  -1.0 1.16e+01    -  3.95e-01 3.67e-01f  1
   7  2.1711503e+06 6.07e+00 2.40e+01  -1.0 7.45e+00  -5.4 7.34e-01 3.04e-01f  1
   8  2.1622538e+06 6.03e+00 6.44e+01  -1.0 1.82e+02    -  4.38e-02 5.95e-03f  1
   9  2.1608595e+06 6.03e+00 1.90e+03  -1.0 1.06e+02    -  3.10e-02 5.50e-04h  1
iter    objective    inf_pr   inf_du lg(mu)  ||d||  lg(rg) alpha_du alpha_pr  ls
  10  2.1579960e+06 6.03e+00 7.86e+04  -1.0 2.12e+01    -  2.74e-02 6.63e-04h  1
  11  2.1578472e+06 6.03e+00 8.82e+07  -1.0 5.41e+00  -5.9 2.94e-02 2.66e-05h  1
  12r 2.1578472e+06 6.03e+00 1.00e+03   0.8 0.00e+00    -  0.00e+00 1.48e-07R  2
  13r 2.2248333e+06 4.86e+00 9.99e+02   0.8 1.81e+03    -  2.79e-03 6.59e-04f  1
  14  2.2248297e+06 4.86e+00 7.25e+03  -1.0 4.28e+00  -6.4 2.99e-02 1.12e-06f  3
  15  2.2247891e+06 4.86e+00 1.51e+08  -1.0 4.32e+00    -  6.19e-01 2.94e-05h  1
  16  1.8741218e+06 3.86e+00 1.67e+08  -1.0 4.54e+00    -  7.23e-01 2.71e-01f  1
  17  1.8707511e+06 3.86e+00 2.13e+08  -1.0 3.38e+00  -6.9 4.32e-01 3.79e-03h  1
  18  1.8677651e+06 3.85e+00 2.13e+08  -1.0 3.41e+00    -  1.07e-02 8.58e-04h  1
  19  1.8673466e+06 3.85e+00 2.21e+08  -1.0 3.41e+00    -  1.20e-01 2.15e-04h  1
iter    objective    inf_pr   inf_du lg(mu)  ||d||  lg(rg) alpha_du alpha_pr  ls
  20  1.8107289e+06 3.69e+00 2.55e+08  -1.0 3.41e+00  -7.3 9.80e-01 7.11e-02f  1
  21  1.4752471e+06 1.66e+00 1.36e+07  -1.0 3.17e+00  -7.8 1.00e+00 9.51e-01f  1
  22  1.4787134e+06 1.55e+00 1.36e-07  -1.0 1.58e-01    -  1.00e+00 1.00e+00h  1
  23  1.4787134e+06 1.55e+00 2.76e+08  -1.0 1.78e-02    -  1.00e+00 1.53e-05h 17
  24  1.4787005e+06 1.55e+00 1.02e-07  -1.0 3.36e-02    -  1.00e+00 1.00e+00s 22
  25r 1.4787005e+06 1.55e+00 1.00e+03   0.2 0.00e+00  -8.3 0.00e+00 0.00e+00R  1
  26r 6.3900187e+06 1.58e+00 7.27e+02   0.2 3.68e+00    -  6.93e-01 2.73e-01f  1
  27r 4.3109207e+07 1.68e+00 2.52e+01   0.2 7.36e+00    -  5.32e-01 1.00e+00f  1
  28r 4.9032999e+07 1.66e+00 1.91e+00  -0.5 4.70e+00    -  9.84e-01 1.00e+00f  1
  29r 5.7390580e+07 1.63e+00 5.66e-01  -1.2 8.68e-01    -  1.00e+00 1.00e+00f  1
iter    objective    inf_pr   inf_du lg(mu)  ||d||  lg(rg) alpha_du alpha_pr  ls
  30r 8.2609962e+07 1.63e+00 6.20e-07  -1.2 2.71e+00    -  1.00e+00 1.00e+00f  1
  31r 6.9554924e+07 1.60e+00 9.56e-01  -1.9 1.89e+00    -  7.77e-01 1.00e+00f  1
  32r 7.0668183e+07 1.60e+00 1.24e-07  -1.9 3.43e-01    -  1.00e+00 1.00e+00f  1
  33r 5.3691945e+07 1.57e+00 4.08e-01  -4.3 1.64e+00    -  6.21e-01 1.00e+00f  1
  34r 5.2593859e+07 1.57e+00 7.78e-03  -4.3 1.67e-01    -  9.82e-01 1.00e+00f  1
  35r 4.0227847e+07 1.56e+00 5.14e-10  -4.3 6.54e-01    -  1.00e+00 1.00e+00f  1
  36r 2.6877754e+07 1.55e+00 6.24e-04  -5.0 6.04e-01    -  8.44e-01 1.00e+00f  1

Number of Iterations....: 36

                                   (scaled)                 (unscaled)
Objective...............:   2.5104628799053407e+03    2.5104628799053404e+07
Dual infeasibility......:   9.9999999999998593e+01    9.9999999999998591e+05
Constraint violation....:   1.5528900571163788e+00    1.5528900571163788e+00
Variable bound violation:   8.9220293375547044e-08    8.9220293375547044e-08
Complementarity.........:   2.3020548989927577e-05    2.3020548989927575e-01
Overall NLP error.......:   9.9999999999998593e+01    9.9999999999998591e+05


Number of objective function evaluations             = 80
Number of objective gradient evaluations             = 27
Number of equality constraint evaluations            = 80
Number of inequality constraint evaluations          = 80
Number of equality constraint Jacobian evaluations   = 1
Number of inequality constraint Jacobian evaluations = 1
Number of Lagrangian Hessian evaluations             = 2
Total seconds in IPOPT                               = 0.298

EXIT: Converged to a point of local infeasibility. Problem may be infeasible.
