This is Ipopt version 3.14.19, running with linear solver ma57.

Number of nonzeros in equality constraint Jacobian...:    13682
Number of nonzeros in inequality constraint Jacobian.:     3120
Number of nonzeros in Lagrangian Hessian.............:      899

Total number of variables............................:     5539
                     variables with only lower bounds:        0
                variables with lower and upper bounds:     4303
                     variables with only upper bounds:        0
Total number of equality constraints.................:     3582
Total number of inequality constraints...............:     1560
        inequality constraints with only lower bounds:        0
   inequality constraints with lower and upper bounds:     1560
        inequality constraints with only upper bounds:        0

iter    objective    inf_pr   inf_du lg(mu)  ||d||  lg(rg) alpha_du alpha_pr  ls
   0  1.5491334e+07 1.50e+01 8.45e+01  -1.0 0.00e+00    -  0.00e+00 0.00e+00   0
   1  1.5491032e+07 1.50e+01 8.42e+01  -1.0 1.70e+01    -  1.07e-02 2.35e-05f  1
   2  1.2771813e+07 1.48e+01 8.41e+01  -1.0 2.24e+01    -  1.15e-03 1.74e-02f  1
   3  1.2616777e+07 1.43e+01 8.35e+01  -1.0 1.99e+01    -  1.14e-02 3.10e-02f  1
   4  1.1719454e+07 1.36e+01 8.11e+01  -1.0 1.89e+01  -4.0 3.15e-02 4.60e-02f  1
   5  1.0220914e+07 1.22e+01 7.25e+01  -1.0 1.79e+01    -  1.06e-01 1.08e-01f  1
   6  6.3442181e+06 8.42e+00 4.78e+01  -1.0 1.36e+02    -  3.35e-01 3.08e-01f  1
   7  2.5440662e+06 2.39e+00 2.08e+01  -1.0 1.18e+01    -  5.89e-01 7.16e-01f  1
   8  2.5024969e+06 2.33e+00 5.82e+01  -1.0 9.61e+00    -  8.70e-01 2.53e-02f  1
   9  2.5003440e+06 2.33e+00 1.74e+03  -1.0 2.10e+01    -  2.50e-02 7.04e-04h  1
iter    objective    inf_pr   inf_du lg(mu)  ||d||  lg(rg) alpha_du alpha_pr  ls
  10  2.4969901e+06 2.32e+00 4.08e+04  -1.0 9.86e+00    -  2.06e-02 9.02e-04h  1
  11  2.4968111e+06 2.32e+00 8.09e+07  -1.0 9.84e+00  -4.5 9.22e-02 4.81e-05h  1
  12r 2.4968111e+06 2.32e+00 1.00e+03   0.4 0.00e+00  -5.0 0.00e+00 3.91e-07R  2
  13r 2.5727208e+06 1.58e+00 9.99e+02   0.4 1.98e+03    -  6.70e-03 1.17e-03f  1
  14r 2.5727208e+06 1.58e+00 9.99e+02   0.2 0.00e+00    -  0.00e+00 4.00e-07R  5
  15r 2.5754379e+06 1.58e+00 9.99e+02   0.2 3.18e+02    -  4.81e-03 1.68e-06f  1
  16r 1.3219717e+07 1.58e+00 9.93e+02   0.2 1.55e+02    -  1.94e-03 5.69e-03f  1
  17r 2.4198963e+07 1.58e+00 9.86e+02   0.2 1.81e+01    -  2.92e-02 7.29e-03f  1
  18r 5.6660917e+07 1.57e+00 9.48e+02   0.2 1.49e+01    -  2.30e-01 3.86e-02f  1
  19r 9.8027688e+07 1.50e+00 6.63e+02   0.2 8.26e+00    -  7.60e-01 3.00e-01f  1
iter    objective    inf_pr   inf_du lg(mu)  ||d||  lg(rg) alpha_du alpha_pr  ls
  20r 1.4436762e+08 1.15e+00 8.21e+00   0.2 6.64e+00    -  9.68e-01 1.00e+00f  1
  21  1.3198997e+08 1.15e+00 9.91e+01  -1.0 7.47e+01    -  2.47e-02 2.94e-03f  1
  22  1.3093551e+08 1.15e+00 9.90e+01  -1.0 5.76e+02    -  1.16e-03 2.67e-04f  1
  23  1.3089636e+08 1.15e+00 1.15e+05  -1.0 8.07e+02    -  2.15e-02 9.97e-06f  1
  24r 1.3089636e+08 1.15e+00 1.00e+03   0.1 0.00e+00  -5.4 0.00e+00 6.65e-08R  2
  25r 1.3164152e+08 1.15e+00 9.85e+02   0.1 1.76e+00    -  9.42e-01 1.35e-02f  1
  26r 1.5399622e+08 7.65e-01 8.16e-02   0.1 2.14e+00    -  9.92e-01 1.00e+00f  1
  27  1.5312124e+08 7.65e-01 9.93e+01  -1.0 7.63e+01    -  2.44e-02 2.04e-04f  1
  28  1.4385132e+08 7.63e-01 9.92e+01  -1.0 6.81e+02    -  1.19e-03 2.14e-03f  1
  29  1.4356822e+08 7.63e-01 7.27e+03  -1.0 8.72e+02  -5.9 2.41e-02 6.79e-05f  1
iter    objective    inf_pr   inf_du lg(mu)  ||d||  lg(rg) alpha_du alpha_pr  ls
  30  1.4356766e+08 7.63e-01 1.14e+08  -1.0 5.22e+02    -  2.36e-02 1.87e-07f  4
  31r 1.4356766e+08 7.63e-01 1.00e+03  -0.1 0.00e+00    -  0.00e+00 3.27e-07R  3
  32r 1.4362915e+08 7.63e-01 9.96e+02  -0.1 1.83e+00    -  9.90e-01 3.22e-03f  1
  33r 1.5632914e+08 4.92e-01 1.73e-03  -0.1 1.44e+00    -  9.98e-01 1.00e+00f  1
  34r 1.5276313e+08 5.04e-01 1.45e+00  -2.3 4.31e-01    -  6.73e-01 9.97e-01f  1
  35  1.5246021e+08 5.04e-01 1.91e+02  -1.0 7.59e+01    -  1.23e-02 7.04e-05f  1
  36  1.5242867e+08 5.04e-01 3.92e+05  -1.0 8.34e+01    -  1.54e-02 7.52e-06f  1
  37r 1.5242867e+08 5.04e-01 1.00e+03  -0.3 0.00e+00    -  0.00e+00 4.30e-08R  2
  38r 1.5259088e+08 4.99e-01 9.52e+02  -0.3 4.19e-01    -  9.90e-01 4.70e-02f  1
  39r 1.5697809e+08 3.84e-01 2.38e-03  -0.3 3.42e-01    -  9.95e-01 1.00e+00f  1
iter    objective    inf_pr   inf_du lg(mu)  ||d||  lg(rg) alpha_du alpha_pr  ls
  40r 1.5468607e+08 3.78e-01 4.29e-01  -2.5 2.64e-01    -  8.34e-01 1.00e+00f  1
  41  1.5455589e+08 3.78e-01 4.39e+02  -1.0 7.64e+01  -6.4 1.21e-02 3.02e-05f  1
  42  1.5454891e+08 3.78e-01 2.00e+06  -1.0 7.60e+01  -6.9 1.52e-02 1.65e-06f  2
  43  1.5454555e+08 3.78e-01 1.84e+09  -1.0 7.74e+02  -7.3 1.54e-03 8.36e-07f  2
  44  4.1400219e+07 3.77e-01 1.79e+09  -1.0 8.48e+02    -  2.41e-02 2.86e-02f  1
  45  1.5518282e+07 3.77e-01 1.61e+09  -1.0 7.70e+01  -7.8 1.06e-01 3.17e-02f  1
  46r 1.5518282e+07 3.77e-01 9.99e+02  -0.4 0.00e+00    -  0.00e+00 4.54e-07R  3
  47r 2.1526027e+07 3.73e-01 7.94e+02  -0.4 1.41e+00    -  9.73e-01 2.05e-01f  1
  48r 6.9245512e+07 3.69e-01 6.03e+02  -0.4 1.80e+01    -  4.99e-01 2.41e-01f  1
  49r 1.3452708e+08 3.66e-01 1.49e-02  -0.4 7.18e+00    -  9.93e-01 1.00e+00f  1
iter    objective    inf_pr   inf_du lg(mu)  ||d||  lg(rg) alpha_du alpha_pr  ls
  50r 1.1623750e+08 3.66e-01 3.16e+00  -1.8 5.74e+00    -  6.74e-01 1.00e+00f  1
  51r 1.1245472e+08 3.67e-01 1.51e-07  -1.8 2.66e-01    -  1.00e+00 1.00e+00f  1
  52r 8.5989579e+07 3.67e-01 3.56e-01  -4.1 3.01e+00    -  6.22e-01 1.00e+00f  1
  53r 8.3843532e+07 3.67e-01 3.71e-02  -4.1 6.91e-02    -  9.65e-01 1.00e+00f  1
  54r 6.6443484e+07 3.68e-01 5.92e-04  -4.1 9.64e-01    -  9.90e-01 1.00e+00f  1
  55r 4.6904093e+07 3.68e-01 7.73e-03  -5.0 1.04e+00    -  6.22e-01 1.00e+00f  1

Number of Iterations....: 55

                                   (scaled)                 (unscaled)
Objective...............:   4.3855783491179145e+03    4.3855783491179146e+07
Dual infeasibility......:   1.0000000000175545e+02    1.0000000000175545e+06
Constraint violation....:   3.6842862489842076e-01    3.6842862489842076e-01
Variable bound violation:   8.9220293375547044e-08    8.9220293375547044e-08
Complementarity.........:   1.7644933941082977e-05    1.7644933941082977e-01
Overall NLP error.......:   1.0000000000175545e+02    1.0000000000175545e+06


Number of objective function evaluations             = 79
Number of objective gradient evaluations             = 38
Number of equality constraint evaluations            = 79
Number of inequality constraint evaluations          = 79
Number of equality constraint Jacobian evaluations   = 1
Number of inequality constraint Jacobian evaluations = 1
Number of Lagrangian Hessian evaluations             = 2
Total seconds in IPOPT                               = 0.409

EXIT: Converged to a point of local infeasibility. Problem may be infeasible.
