This is Ipopt version 3.14.19, running with linear solver ma57.

Number of nonzeros in equality constraint Jacobian...:    13682
Number of nonzeros in inequality constraint Jacobian.:     3120
Number of nonzeros in Lagrangian Hessian.............:      899

Total number of variables............................:     5539
                     variables with only lower bounds:        0
                variables with lower and upper bounds:     4303
                     variables with only upper bounds:        0
Total number of equality constraints.................:     3582
Total number of inequality constraints...............:     1560
        inequality constraints with only lower bounds:        0
   inequality constraints with lower and upper bounds:     1560
        inequality constraints with only upper bounds:        0

iter    objective    inf_pr   inf_du lg(mu)  ||d||  lg(rg) alpha_du alpha_pr  ls
   0  1.1800210e+07 1.88e+01 8.45e+01  -1.0 0.00e+00    -  0.00e+00 0.00e+00   0
   1  1.1800467e+07 1.88e+01 8.42e+01  -1.0 1.90e+01    -  1.05e-02 2.37e-05f  1
   2  9.0462491e+06 1.85e+01 8.41e+01  -1.0 2.12e+01  -4.0 1.87e-03 1.56e-02f  1
   3  9.0160453e+06 1.78e+01 8.31e+01  -1.0 1.69e+01  -4.5 1.63e-02 3.79e-02f  1
   4  8.0735583e+06 1.69e+01 7.96e+01  -1.0 1.55e+01  -5.0 4.39e-02 5.14e-02f  1
   5  6.5892609e+06 1.42e+01 6.23e+01  -1.0 1.43e+01  -5.4 2.08e-01 1.59e-01f  1
   6  2.8321374e+06 7.16e+00 4.57e+01  -1.0 2.35e+01    -  3.02e-01 4.95e-01f  1
   7  2.4957779e+06 6.00e+00 2.91e+01  -1.0 9.70e+00    -  7.82e-01 1.62e-01f  1
   8  2.4898932e+06 5.98e+00 1.09e+02  -1.0 2.20e+01    -  2.93e-02 3.08e-03h  1
   9  2.4876351e+06 5.98e+00 3.00e+03  -1.0 5.81e+00  -5.9 2.70e-02 6.87e-04h  1
iter    objective    inf_pr   inf_du lg(mu)  ||d||  lg(rg) alpha_du alpha_pr  ls
  10  2.4851785e+06 5.97e+00 1.87e+05  -1.0 1.19e+01    -  3.14e-02 5.09e-04h  1
  11  2.4850908e+06 5.97e+00 4.89e+08  -1.0 1.72e+01    -  3.85e-02 1.49e-05h  1
  12r 2.4850908e+06 5.97e+00 1.00e+03   0.8 0.00e+00    -  0.00e+00 1.18e-07R  2
  13r 2.5339787e+06 4.95e+00 9.99e+02   0.8 2.31e+03    -  3.34e-03 5.41e-04f  1
  14  2.5339794e+06 4.95e+00 1.12e+04  -1.0 4.27e+00  -6.4 3.73e-02 9.08e-07f  3
  15r 2.5339794e+06 4.95e+00 1.00e+03   0.7 0.00e+00    -  0.00e+00 3.43e-07R  4
  16r 3.0698618e+06 4.68e+00 9.99e+02   0.7 2.03e+03    -  5.12e-03 4.99e-04f  1
  17r 7.4261694e+06 4.67e+00 9.95e+02   0.7 9.48e+02    -  2.67e-03 4.17e-03f  1
  18r 1.2302065e+07 4.66e+00 9.91e+02   0.7 2.08e+02    -  8.51e-03 4.19e-03f  1
  19r 2.2928087e+07 4.65e+00 9.82e+02   0.7 5.75e+01    -  9.06e-03 9.26e-03f  1
iter    objective    inf_pr   inf_du lg(mu)  ||d||  lg(rg) alpha_du alpha_pr  ls
  20r 4.6258816e+07 4.63e+00 9.59e+02   0.7 1.78e+01    -  6.54e-02 2.32e-02f  1
  21r 1.0093755e+08 4.60e+00 8.65e+02   0.7 1.06e+01    -  2.05e-01 9.75e-02f  1
  22r 1.5219513e+08 4.60e+00 4.95e+02   0.7 6.57e+00    -  9.91e-01 4.28e-01f  1
  23r 1.6121195e+08 3.87e+00 4.95e-05   0.7 3.48e+00    -  1.00e+00 1.00e+00f  1
  24  1.4471475e+08 3.85e+00 9.93e+01  -1.0 6.29e+01    -  1.82e-02 4.27e-03f  1
  25  1.4097092e+08 3.85e+00 9.91e+01  -1.0 2.33e+02    -  3.64e-03 9.93e-04f  1
  26  1.4067664e+08 3.85e+00 2.93e+02  -1.0 1.10e+03    -  1.05e-03 7.46e-05f  1
  27  1.4067359e+08 3.85e+00 5.23e+06  -1.0 1.12e+03  -6.9 2.58e-02 7.84e-07f  2
  28r 1.4067359e+08 3.85e+00 1.00e+03   0.6 0.00e+00    -  0.00e+00 3.97e-07R  2
  29r 1.4143334e+08 3.85e+00 9.96e+02   0.6 2.98e+00    -  9.90e-01 3.20e-03f  1
iter    objective    inf_pr   inf_du lg(mu)  ||d||  lg(rg) alpha_du alpha_pr  ls
  30r 1.6754943e+08 2.38e+00 3.85e-05   0.6 2.06e+00    -  1.00e+00 1.00e+00f  1
  31r 1.6357370e+08 2.89e+00 2.20e+01  -1.5 9.19e-01    -  6.92e-01 8.44e-01f  1
  32  1.6093651e+08 2.89e+00 9.97e+01  -1.0 6.30e+01  -7.3 9.66e-03 6.77e-04f  1
  33  1.6080993e+08 2.89e+00 5.91e+03  -1.0 8.47e+01  -7.8 1.26e-02 3.25e-05f  1
  34  1.6080925e+08 2.89e+00 4.62e+06  -1.0 1.05e+03    -  1.04e-03 1.66e-07f  4
  35r 1.6080925e+08 2.89e+00 9.99e+02   0.5 0.00e+00  -8.3 0.00e+00 2.91e-07R  3
  36r 1.6084259e+08 2.89e+00 9.98e+02   0.5 1.16e+00    -  9.90e-01 1.19e-03f  1
  37r 1.6816763e+08 1.98e+00 2.89e-05   0.5 1.06e+00    -  1.00e+00 1.00e+00f  1
  38r 1.6602340e+08 2.19e+00 1.44e+01  -1.6 5.92e-01    -  7.53e-01 8.68e-01f  1
  39  1.6433392e+08 2.19e+00 9.97e+01  -1.0 6.32e+01  -8.8 1.00e-02 4.33e-04f  1
iter    objective    inf_pr   inf_du lg(mu)  ||d||  lg(rg) alpha_du alpha_pr  ls
  40  1.6425910e+08 2.19e+00 1.55e+04  -1.0 8.70e+01  -9.2 1.21e-02 1.91e-05f  1
  41r 1.6425910e+08 2.19e+00 9.99e+02   0.3 0.00e+00    -  0.00e+00 3.06e-07R  2
  42r 1.6430262e+08 2.19e+00 9.97e+02   0.3 5.79e-01    -  9.90e-01 2.06e-03f  1
  43r 1.6899264e+08 1.83e+00 2.19e-05   0.3 6.37e-01    -  1.00e+00 1.00e+00f  1
  44r 1.6749404e+08 1.91e+00 9.02e+00  -1.8 4.13e-01    -  8.04e-01 8.86e-01f  1
  45  1.6639599e+08 1.91e+00 9.98e+01  -1.0 6.33e+01  -9.7 1.02e-02 2.81e-04f  1
  46  1.6634922e+08 1.91e+00 3.80e+04  -1.0 8.82e+01    -  1.18e-02 1.19e-05f  1
  47r 1.6634922e+08 1.91e+00 9.99e+02   0.3 0.00e+00    -  0.00e+00 1.50e-07R  2
  48r 1.6639255e+08 1.90e+00 9.95e+02   0.3 4.17e-01    -  9.90e-01 3.52e-03f  1
  49r 1.6955404e+08 1.75e+00 1.91e-05   0.3 4.65e-01    -  1.00e+00 1.00e+00f  1
iter    objective    inf_pr   inf_du lg(mu)  ||d||  lg(rg) alpha_du alpha_pr  ls
  50r 1.6843196e+08 1.79e+00 6.37e+00  -1.8 3.21e-01    -  8.32e-01 8.96e-01f  1
  51r 1.6803744e+08 1.81e+00 1.52e-07  -1.8 1.25e-01    -  1.00e+00 1.00e+00f  1
  52r 1.6694649e+08 1.88e+00 2.67e-02  -4.1 8.73e-02    -  9.62e-01 1.00e+00f  1
  53r 1.6674501e+08 1.90e+00 8.16e-10  -4.1 1.63e-02    -  1.00e+00 1.00e+00f  1

Number of Iterations....: 53

                                   (scaled)                 (unscaled)
Objective...............:   1.6652574825759741e+04    1.6652574825759739e+08
Dual infeasibility......:   1.0000000266298480e+02    1.0000000266298479e+06
Constraint violation....:   1.9046156520014728e+00    1.9046156520014728e+00
Variable bound violation:   8.9220637988773888e-08    8.9220637988773888e-08
Complementarity.........:   9.4612052780417740e-06    9.4612052780417732e-02
Overall NLP error.......:   1.0000000266298480e+02    1.0000000266298479e+06


Number of objective function evaluations             = 76
Number of objective gradient evaluations             = 36
Number of equality constraint evaluations            = 76
Number of inequality constraint evaluations          = 76
Number of equality constraint Jacobian evaluations   = 1
Number of inequality constraint Jacobian evaluations = 1
Number of Lagrangian Hessian evaluations             = 2
Total seconds in IPOPT                               = 0.435

EXIT: Converged to a point of local infeasibility. Problem may be infeasible.
