This is Ipopt version 3.14.19, running with linear solver ma57.

Number of nonzeros in equality constraint Jacobian...:    13237
Number of nonzeros in inequality constraint Jacobian.:     3120
Number of nonzeros in Lagrangian Hessian.............:      454

Total number of variables............................:     5094
                     variables with only lower bounds:        0
                variables with lower and upper bounds:     3858
                     variables with only upper bounds:        0
Total number of equality constraints.................:     3582
Total number of inequality constraints...............:     1560
        inequality constraints with only lower bounds:        0
   inequality constraints with lower and upper bounds:     1560
        inequality constraints with only upper bounds:        0

iter    objective    inf_pr   inf_du lg(mu)  ||d||  lg(rg) alpha_du alpha_pr  ls
   0  1.5558883e+07 1.88e+01 8.25e+01  -1.0 0.00e+00    -  0.00e+00 0.00e+00   0
   1  1.5561436e+07 1.88e+01 8.25e+01  -1.0 1.10e+02    -  8.23e-03 2.53e-05f  1
   2  1.2782872e+07 1.85e+01 8.24e+01  -1.0 1.55e+02    -  9.73e-04 1.42e-02f  1
   3  1.2257074e+07 1.81e+01 8.10e+01  -1.0 1.66e+01  -4.0 1.82e-02 2.19e-02f  1
   4  1.1390293e+07 1.71e+01 7.51e+01  -1.0 1.52e+02    -  6.96e-02 5.44e-02f  1
   5  8.2279755e+06 1.39e+01 6.61e+01  -1.0 4.67e+01    -  1.32e-01 1.90e-01f  1
   6  4.2476972e+06 7.91e+00 3.29e+01  -1.0 1.98e+02    -  5.26e-01 4.29e-01f  1
   7  3.3425135e+06 5.99e+00 2.60e+01  -1.0 1.25e+02    -  8.11e-01 2.43e-01f  1
   8  3.3305996e+06 5.96e+00 7.52e+01  -1.0 1.27e+02    -  3.44e-02 4.76e-03f  1
   9  3.3282495e+06 5.96e+00 1.93e+03  -1.0 4.65e+00  -4.5 2.67e-02 6.43e-04h  1
iter    objective    inf_pr   inf_du lg(mu)  ||d||  lg(rg) alpha_du alpha_pr  ls
  10  3.3248421e+06 5.95e+00 1.05e+05  -1.0 4.64e+00  -5.0 3.35e-02 6.24e-04h  1
  11  3.3246685e+06 5.95e+00 1.53e+08  -1.0 4.65e+00  -5.4 3.80e-02 2.61e-05h  1
  12  2.8767321e+06 4.72e+00 1.96e+08  -1.0 1.25e+02    -  8.37e-01 2.07e-01f  1
  13  2.8721309e+06 4.71e+00 2.09e+08  -1.0 4.04e+00  -5.9 1.80e-01 2.75e-03h  1
  14  2.8688043e+06 4.71e+00 2.09e+08  -1.0 4.07e+02    -  1.21e-02 7.19e-04h  1
  15r 2.8688043e+06 4.71e+00 1.00e+03   0.7 0.00e+00    -  0.00e+00 2.30e-07R  2
  16r 2.9269197e+06 4.01e+00 9.99e+02   0.7 1.92e+03    -  3.83e-03 8.41e-04f  1
  17  2.9269045e+06 4.01e+00 2.68e+03  -1.0 3.65e+00  -6.4 1.09e-02 1.11e-06f  3
  18  2.9267981e+06 4.01e+00 1.14e+07  -1.0 3.62e+00  -6.9 5.63e-02 1.32e-05h  1
  19r 2.9267981e+06 4.01e+00 1.00e+03   0.6 0.00e+00    -  0.00e+00 1.74e-08R  2
iter    objective    inf_pr   inf_du lg(mu)  ||d||  lg(rg) alpha_du alpha_pr  ls
  20r 3.2808484e+06 4.01e+00 9.99e+02   0.6 1.42e+03    -  7.04e-03 6.62e-04f  1
  21r 6.1333943e+06 4.00e+00 9.94e+02   0.6 4.15e+02    -  1.12e-02 5.44e-03f  1
  22r 1.2255753e+07 4.00e+00 9.85e+02   0.6 7.50e+01    -  1.85e-02 9.64e-03f  1
  23r 3.0989923e+07 3.99e+00 9.53e+02   0.6 2.55e+01    -  4.46e-02 3.24e-02f  1
  24r 6.9619000e+07 3.95e+00 8.72e+02   0.6 7.42e+00    -  2.97e-01 8.43e-02f  1
  25r 1.4641533e+08 3.68e+00 4.87e+02   0.6 7.84e+00    -  6.91e-01 4.42e-01f  1
  26r 1.8407278e+08 2.88e+00 2.09e+00   0.6 3.18e+00    -  9.92e-01 1.00e+00f  1
  27  1.7165770e+08 2.87e+00 9.94e+01  -1.0 5.72e+01    -  1.53e-02 3.62e-03f  1
  28  1.7007773e+08 2.87e+00 9.93e+01  -1.0 3.42e+02    -  2.44e-03 4.46e-04f  1
  29  1.6999070e+08 2.87e+00 1.02e+03  -1.0 1.52e+03    -  6.91e-04 2.11e-05f  1
iter    objective    inf_pr   inf_du lg(mu)  ||d||  lg(rg) alpha_du alpha_pr  ls
  30r 1.6999070e+08 2.87e+00 1.00e+03   0.5 0.00e+00  -7.3 0.00e+00 1.87e-07R  2
  31r 1.7090678e+08 2.87e+00 9.93e+02   0.5 2.66e+00    -  9.90e-01 5.93e-03f  1
  32r 1.9401085e+08 1.93e+00 2.87e-05   0.5 2.00e+00    -  1.00e+00 1.00e+00f  1
  33  1.8936482e+08 1.92e+00 9.96e+01  -1.0 6.49e+01    -  1.45e-02 1.33e-03f  1
  34  1.8351156e+08 1.92e+00 9.94e+01  -1.0 3.43e+02  -7.8 3.53e-03 1.60e-03f  1
  35  1.8280328e+08 1.92e+00 1.24e+02  -1.0 1.57e+03  -8.3 1.17e-03 1.66e-04f  1
  36  1.8279524e+08 1.92e+00 1.16e+06  -1.0 1.59e+03  -8.8 2.96e-02 1.90e-06f  2
  37  1.8279189e+08 1.92e+00 1.03e+09  -1.0 1.26e+03  -9.2 1.72e-03 9.60e-07f  2
  38r 1.8279189e+08 1.92e+00 1.00e+03   0.3 0.00e+00  -9.7 0.00e+00 2.65e-07R  3
  39r 1.8286954e+08 1.92e+00 9.98e+02   0.3 9.58e-01    -  9.90e-01 1.40e-03f  1
iter    objective    inf_pr   inf_du lg(mu)  ||d||  lg(rg) alpha_du alpha_pr  ls
  40r 1.9772442e+08 1.75e+00 1.92e-05   0.3 7.14e-01    -  1.00e+00 1.00e+00f  1
  41r 1.9324526e+08 1.79e+00 2.70e+00  -1.8 2.98e-01    -  8.72e-01 8.99e-01f  1
  42r 1.9158469e+08 1.81e+00 1.54e-07  -1.8 1.96e-01    -  1.00e+00 1.00e+00f  1
  43r 1.8654842e+08 1.89e+00 1.10e-01  -4.1 2.03e-01    -  8.49e-01 1.00e+00f  1
  44r 1.8586337e+08 1.91e+00 8.30e-10  -4.1 3.04e-02    -  1.00e+00 1.00e+00f  1

Number of Iterations....: 44

                                   (scaled)                 (unscaled)
Objective...............:   1.8400763016528526e+04    1.8400763016528526e+08
Dual infeasibility......:   1.0000002598680230e+02    1.0000002598680230e+06
Constraint violation....:   1.9183000967994501e+00    1.9183000967994501e+00
Variable bound violation:   8.9220629106989691e-08    8.9220629106989691e-08
Complementarity.........:   1.8363743057216800e-05    1.8363743057216800e-01
Overall NLP error.......:   1.0000002598680230e+02    1.0000002598680230e+06


Number of objective function evaluations             = 59
Number of objective gradient evaluations             = 33
Number of equality constraint evaluations            = 59
Number of inequality constraint evaluations          = 59
Number of equality constraint Jacobian evaluations   = 1
Number of inequality constraint Jacobian evaluations = 1
Number of Lagrangian Hessian evaluations             = 2
Total seconds in IPOPT                               = 0.322

EXIT: Converged to a point of local infeasibility. Problem may be infeasible.
