This is Ipopt version 3.14.19, running with linear solver ma57.

Number of nonzeros in equality constraint Jacobian...:    13237
Number of nonzeros in inequality constraint Jacobian.:     3120
Number of nonzeros in Lagrangian Hessian.............:      454

Total number of variables............................:     5094
                     variables with only lower bounds:        0
                variables with lower and upper bounds:     3858
                     variables with only upper bounds:        0
Total number of equality constraints.................:     3582
Total number of inequality constraints...............:     1560
        inequality constraints with only lower bounds:        0
   inequality constraints with lower and upper bounds:     1560
        inequality constraints with only upper bounds:        0

iter    objective    inf_pr   inf_du lg(mu)  ||d||  lg(rg) alpha_du alpha_pr  ls
   0  1.4568035e+07 1.88e+01 8.26e+01  -1.0 0.00e+00    -  0.00e+00 0.00e+00   0
   1  1.4570175e+07 1.88e+01 8.26e+01  -1.0 1.83e+01    -  8.49e-03 2.44e-05f  1
   2  1.1881683e+07 1.85e+01 8.24e+01  -1.0 2.08e+01  -4.0 1.02e-03 1.45e-02f  1
   3  1.1394284e+07 1.81e+01 8.10e+01  -1.0 1.61e+01  -4.5 1.80e-02 2.31e-02f  1
   4  1.0592609e+07 1.71e+01 7.53e+01  -1.0 1.46e+01  -5.0 6.76e-02 5.47e-02f  1
   5  7.7532256e+06 1.39e+01 6.58e+01  -1.0 1.33e+01  -5.4 1.38e-01 1.86e-01f  1
   6  4.0073109e+06 7.83e+00 3.26e+01  -1.0 1.08e+01  -5.9 4.92e-01 4.36e-01f  1
   7  3.2043521e+06 6.00e+00 2.60e+01  -1.0 6.02e+00    -  7.92e-01 2.34e-01f  1
   8  3.1935039e+06 5.97e+00 7.68e+01  -1.0 1.06e+02    -  3.38e-02 4.56e-03f  1
   9  3.1912490e+06 5.97e+00 2.22e+03  -1.0 1.18e+02    -  2.95e-02 6.31e-04h  1
iter    objective    inf_pr   inf_du lg(mu)  ||d||  lg(rg) alpha_du alpha_pr  ls
  10  3.1879570e+06 5.96e+00 1.17e+05  -1.0 4.63e+01    -  3.20e-02 6.13e-04h  1
  11  3.1878069e+06 5.96e+00 1.93e+08  -1.0 1.69e+02    -  3.78e-02 2.31e-05h  1
  12r 3.1878069e+06 5.96e+00 1.00e+03   0.8 0.00e+00  -6.4 0.00e+00 2.26e-07R  2
  13r 3.2405963e+06 5.02e+00 9.99e+02   0.8 2.07e+03    -  3.66e-03 5.42e-04f  1
  14  3.2405862e+06 5.02e+00 1.11e+04  -1.0 4.43e+00  -6.9 3.78e-02 9.31e-07f  3
  15r 3.2405862e+06 5.02e+00 1.00e+03   0.7 0.00e+00  -7.3 0.00e+00 3.52e-07R  4
  16r 3.7905036e+06 4.67e+00 9.99e+02   0.7 1.87e+03    -  5.31e-03 5.05e-04f  1
  17r 8.2659820e+06 4.66e+00 9.95e+02   0.7 9.78e+02    -  2.09e-03 4.23e-03f  1
  18r 1.3263610e+07 4.65e+00 9.91e+02   0.7 2.27e+02    -  9.14e-03 4.21e-03f  1
  19r 2.4221926e+07 4.64e+00 9.82e+02   0.7 6.02e+01    -  9.98e-03 9.00e-03f  1
iter    objective    inf_pr   inf_du lg(mu)  ||d||  lg(rg) alpha_du alpha_pr  ls
  20r 5.0169773e+07 4.62e+00 9.58e+02   0.7 1.60e+01    -  9.12e-02 2.45e-02f  1
  21r 1.1942079e+08 4.59e+00 8.39e+02   0.7 1.36e+01    -  1.91e-01 1.24e-01f  1
  22r 1.6840249e+08 4.59e+00 4.47e+02   0.7 6.25e+00    -  9.91e-01 4.67e-01f  1
  23r 1.7703963e+08 3.84e+00 5.02e-05   0.7 1.99e+00    -  1.00e+00 1.00e+00f  1
  24  1.6223088e+08 3.82e+00 9.93e+01  -1.0 5.59e+01    -  1.73e-02 4.35e-03f  1
  25  1.5919861e+08 3.82e+00 9.92e+01  -1.0 1.16e+03  -7.8 7.79e-04 7.70e-04f  1
  26  1.5903186e+08 3.82e+00 7.89e+02  -1.0 1.50e+03  -8.3 3.54e-03 4.10e-05f  1
  27  1.5903057e+08 3.82e+00 1.43e+07  -1.0 1.45e+03    -  2.36e-02 3.30e-07f  3
  28r 1.5903057e+08 3.82e+00 1.00e+03   0.6 0.00e+00    -  0.00e+00 4.97e-07R  2
  29r 1.5981582e+08 3.82e+00 9.95e+02   0.6 3.30e+00    -  9.90e-01 4.31e-03f  1
iter    objective    inf_pr   inf_du lg(mu)  ||d||  lg(rg) alpha_du alpha_pr  ls
  30r 1.8618915e+08 2.35e+00 3.82e-05   0.6 1.85e+00    -  1.00e+00 1.00e+00f  1
  31r 1.8053721e+08 2.86e+00 1.15e+01  -1.5 6.82e-01    -  7.63e-01 8.41e-01f  1
  32  1.7822195e+08 2.85e+00 9.98e+01  -1.0 8.08e+01  -8.8 9.54e-03 6.71e-04f  1
  33  1.7810929e+08 2.85e+00 4.36e+03  -1.0 1.63e+02  -9.2 9.16e-03 3.21e-05f  1
  34  1.7803833e+08 2.85e+00 2.71e+05  -1.0 1.42e+03  -9.7 1.08e-03 1.72e-05f  1
  35r 1.7803833e+08 2.85e+00 9.99e+02   0.5 0.00e+00 -10.2 0.00e+00 6.59e-09R  2
  36r 1.7807407e+08 2.85e+00 9.98e+02   0.5 1.13e+00    -  9.90e-01 1.25e-03f  1
  37r 1.8855212e+08 1.97e+00 2.85e-05   0.5 8.87e-01    -  1.00e+00 1.00e+00f  1
  38r 1.8488071e+08 2.17e+00 3.52e+00  -1.6 3.59e-01    -  8.39e-01 8.67e-01f  1
  39  1.8341510e+08 2.17e+00 9.98e+01  -1.0 7.78e+01    -  9.83e-03 4.24e-04f  1
iter    objective    inf_pr   inf_du lg(mu)  ||d||  lg(rg) alpha_du alpha_pr  ls
  40  1.8334864e+08 2.17e+00 1.14e+04  -1.0 1.62e+02    -  8.68e-03 1.88e-05f  1
  41  1.8317217e+08 2.17e+00 2.68e+05  -1.0 1.45e+03 -10.7 9.99e-04 4.24e-05f  1
  42r 1.8317217e+08 2.17e+00 1.00e+03   0.3 0.00e+00 -11.2 0.00e+00 3.03e-09R  2
  43r 1.8321466e+08 2.17e+00 9.97e+02   0.3 5.89e-01    -  9.90e-01 2.23e-03f  1
  44r 1.9004425e+08 1.82e+00 2.17e-05   0.3 4.48e-01    -  1.00e+00 1.00e+00f  1
  45r 1.8730903e+08 1.89e+00 2.89e+00  -1.8 2.92e-01    -  8.60e-01 8.86e-01f  1
  46  1.8635531e+08 1.89e+00 9.98e+01  -1.0 7.84e+01 -11.6 9.97e-03 2.76e-04f  1
  47  1.8631378e+08 1.89e+00 2.79e+04  -1.0 1.66e+02    -  8.49e-03 1.17e-05f  1
  48r 1.8631378e+08 1.89e+00 9.99e+02   0.3 0.00e+00    -  0.00e+00 1.43e-07R  2
  49r 1.8635543e+08 1.89e+00 9.95e+02   0.3 3.85e-01    -  9.90e-01 3.76e-03f  1
iter    objective    inf_pr   inf_du lg(mu)  ||d||  lg(rg) alpha_du alpha_pr  ls
  50r 1.9114349e+08 1.75e+00 1.89e-05   0.3 3.01e-01    -  1.00e+00 1.00e+00f  1
  51r 1.8899903e+08 1.78e+00 2.61e+00  -1.8 2.65e-01    -  8.70e-01 8.96e-01f  1
  52r 1.8829206e+08 1.80e+00 1.52e-07  -1.8 6.55e-02    -  1.00e+00 1.00e+00f  1
  53r 1.8678219e+08 1.87e+00 2.64e-02  -4.1 8.62e-02    -  9.65e-01 1.00e+00f  1

Number of Iterations....: 53

                                   (scaled)                 (unscaled)
Objective...............:   1.8660305708172240e+04    1.8660305708172238e+08
Dual infeasibility......:   1.0000000422358653e+02    1.0000000422358653e+06
Constraint violation....:   1.8896216397009389e+00    1.8896216397009389e+00
Variable bound violation:   1.7753771786033212e-08    1.7753771786033212e-08
Complementarity.........:   9.0522027486664297e-05    9.0522027486664292e-01
Overall NLP error.......:   1.0000000422358653e+02    1.0000000422358653e+06


Number of objective function evaluations             = 73
Number of objective gradient evaluations             = 37
Number of equality constraint evaluations            = 73
Number of inequality constraint evaluations          = 73
Number of equality constraint Jacobian evaluations   = 1
Number of inequality constraint Jacobian evaluations = 1
Number of Lagrangian Hessian evaluations             = 2
Total seconds in IPOPT                               = 0.441

EXIT: Converged to a point of local infeasibility. Problem may be infeasible.
