This is Ipopt version 3.14.19, running with linear solver ma57.

Number of nonzeros in equality constraint Jacobian...:    13682
Number of nonzeros in inequality constraint Jacobian.:     3120
Number of nonzeros in Lagrangian Hessian.............:      899

Total number of variables............................:     5539
                     variables with only lower bounds:        0
                variables with lower and upper bounds:     4303
                     variables with only upper bounds:        0
Total number of equality constraints.................:     3582
Total number of inequality constraints...............:     1560
        inequality constraints with only lower bounds:        0
   inequality constraints with lower and upper bounds:     1560
        inequality constraints with only upper bounds:        0

iter    objective    inf_pr   inf_du lg(mu)  ||d||  lg(rg) alpha_du alpha_pr  ls
   0  1.1578383e+07 1.50e+01 8.45e+01  -1.0 0.00e+00    -  0.00e+00 0.00e+00   0
   1  1.1577978e+07 1.50e+01 8.40e+01  -1.0 2.04e+01    -  1.19e-02 2.10e-05f  1
   2  9.0971088e+06 1.48e+01 8.40e+01  -1.0 1.83e+01  -4.0 2.27e-03 1.72e-02f  1
   3  9.0520116e+06 1.41e+01 8.32e+01  -1.0 1.46e+01  -4.5 1.59e-02 4.65e-02f  1
   4  8.1037507e+06 1.33e+01 7.93e+01  -1.0 1.36e+01  -5.0 4.77e-02 5.25e-02f  1
   5  6.5515378e+06 1.10e+01 6.49e+01  -1.0 1.29e+01  -5.4 1.80e-01 1.77e-01f  1
   6  3.1838886e+06 6.12e+00 4.28e+01  -1.0 3.44e+01    -  3.56e-01 4.42e-01f  1
   7  2.6271358e+06 4.83e+00 2.66e+01  -1.0 2.15e+01    -  7.67e-01 2.11e-01f  1
   8  2.6182958e+06 4.81e+00 9.45e+01  -1.0 6.40e+00  -5.9 3.60e-02 3.86e-03f  1
   9  2.6160705e+06 4.81e+00 2.97e+03  -1.0 6.38e+00  -6.4 3.10e-02 6.19e-04h  1
iter    objective    inf_pr   inf_du lg(mu)  ||d||  lg(rg) alpha_du alpha_pr  ls
  10  2.6131189e+06 4.81e+00 1.52e+05  -1.0 3.19e+01    -  2.93e-02 5.76e-04h  1
  11  2.6130154e+06 4.81e+00 3.31e+08  -1.0 6.42e+00  -6.9 3.55e-02 1.65e-05h  1
  12  1.9282256e+06 3.56e+00 1.85e+08  -1.0 3.41e+01    -  8.13e-01 3.65e-01f  1
  13  1.9220353e+06 3.54e+00 2.67e+08  -1.0 3.54e+01    -  9.40e-01 5.80e-03f  1
  14  1.9185713e+06 3.54e+00 2.67e+08  -1.0 4.96e+00  -7.3 1.34e-02 1.03e-03h  1
  15  1.9180448e+06 3.54e+00 2.68e+08  -1.0 4.97e+00  -7.8 1.59e-01 2.66e-04h  1
  16  1.8177692e+06 3.34e+00 2.47e+08  -1.0 4.97e+00  -8.3 1.00e+00 9.89e-02f  1
  17  1.3112396e+06 1.68e+00 2.06e+07  -1.0 4.48e+00  -8.8 1.00e+00 9.25e-01f  1
  18  1.2981367e+06 1.59e+00 8.94e+07  -1.0 3.57e-01  -9.2 1.00e+00 6.74e-01h  1
  19  1.2918703e+06 1.54e+00 1.19e-07  -1.0 1.59e+00    -  1.00e+00 1.00e+00h  1
iter    objective    inf_pr   inf_du lg(mu)  ||d||  lg(rg) alpha_du alpha_pr  ls
  20r 1.2918703e+06 1.54e+00 1.00e+03   0.2 0.00e+00    -  0.00e+00 4.77e-07R 22
  21r 4.8002660e+06 1.57e+00 8.01e+02   0.2 6.52e+00    -  5.14e-01 1.99e-01f  1
  22r 3.1098519e+07 1.67e+00 1.78e+01   0.2 5.27e+00    -  7.11e-01 1.00e+00f  1
  23r 3.8976903e+07 1.65e+00 2.63e+01  -0.5 1.74e+00    -  6.48e-01 1.00e+00f  1
  24r 5.8729187e+07 1.64e+00 3.09e-06  -0.5 3.09e+00    -  1.00e+00 1.00e+00f  1
  25r 4.9990407e+07 1.61e+00 9.21e+00  -2.9 3.06e+00    -  5.84e-01 9.80e-01f  1
  26r 4.9924034e+07 1.61e+00 3.46e-01  -2.9 3.00e-01    -  9.68e-01 1.00e+00f  1
  27r 5.0923108e+07 1.58e+00 4.23e-03  -2.9 1.05e+00    -  9.92e-01 1.00e+00f  1
  28r 3.6835395e+07 1.55e+00 6.24e-02  -4.3 1.79e+00    -  7.46e-01 1.00e+00f  1
  29r 3.5699732e+07 1.55e+00 5.08e-10  -4.3 1.32e-01    -  1.00e+00 1.00e+00f  1
iter    objective    inf_pr   inf_du lg(mu)  ||d||  lg(rg) alpha_du alpha_pr  ls
  30r 2.5248750e+07 1.54e+00 1.02e-03  -5.0 6.87e-01    -  9.30e-01 1.00e+00f  1

Number of Iterations....: 30

                                   (scaled)                 (unscaled)
Objective...............:   2.4532666859811279e+03    2.4532666859811276e+07
Dual infeasibility......:   1.0000000000006567e+02    1.0000000000006567e+06
Constraint violation....:   1.5452400180767354e+00    1.5452400180767354e+00
Variable bound violation:   8.9220293375547044e-08    8.9220293375547044e-08
Complementarity.........:   1.1640590684830484e-05    1.1640590684830483e-01
Overall NLP error.......:   1.0000000000006567e+02    1.0000000000006567e+06


Number of objective function evaluations             = 54
Number of objective gradient evaluations             = 22
Number of equality constraint evaluations            = 54
Number of inequality constraint evaluations          = 54
Number of equality constraint Jacobian evaluations   = 1
Number of inequality constraint Jacobian evaluations = 1
Number of Lagrangian Hessian evaluations             = 2
Total seconds in IPOPT                               = 0.245

EXIT: Converged to a point of local infeasibility. Problem may be infeasible.
