This is Ipopt version 3.14.19, running with linear solver ma57.

Number of nonzeros in equality constraint Jacobian...:    13682
Number of nonzeros in inequality constraint Jacobian.:     3120
Number of nonzeros in Lagrangian Hessian.............:      899

Total number of variables............................:     5539
                     variables with only lower bounds:        0
                variables with lower and upper bounds:     4303
                     variables with only upper bounds:        0
Total number of equality constraints.................:     3582
Total number of inequality constraints...............:     1560
        inequality constraints with only lower bounds:        0
   inequality constraints with lower and upper bounds:     1560
        inequality constraints with only upper bounds:        0

iter    objective    inf_pr   inf_du lg(mu)  ||d||  lg(rg) alpha_du alpha_pr  ls
   0  2.7821503e+07 1.50e+01 8.53e+01  -1.0 0.00e+00    -  0.00e+00 0.00e+00   0
   1  2.7821773e+07 1.50e+01 8.50e+01  -1.0 1.90e+01    -  8.76e-03 2.89e-05f  1
   2  2.4609323e+07 1.48e+01 8.49e+01  -1.0 2.97e+01  -4.0 5.96e-04 1.75e-02f  1
   3  2.4059307e+07 1.45e+01 8.43e+01  -1.0 3.40e+01    -  8.93e-03 1.88e-02f  1
   4  2.2864954e+07 1.40e+01 8.29e+01  -1.0 5.59e+01    -  1.90e-02 3.64e-02f  1
   5  2.0426767e+07 1.29e+01 7.86e+01  -1.0 1.48e+02    -  5.62e-02 7.38e-02f  1
   6  1.5295578e+07 1.06e+01 6.29e+01  -1.0 4.02e+01    -  1.96e-01 1.82e-01f  1
   7  6.1821426e+06 4.87e+00 3.27e+01  -1.0 1.84e+01  -4.5 4.89e-01 5.39e-01f  1
   8  2.1790223e+06 5.53e-01 9.72e+00  -1.0 1.22e+01    -  7.26e-01 8.86e-01f  1
   9  2.0972804e+06 5.10e-01 1.03e+01  -1.0 6.98e+00    -  6.53e-01 7.82e-02f  1
iter    objective    inf_pr   inf_du lg(mu)  ||d||  lg(rg) alpha_du alpha_pr  ls
  10  2.0950153e+06 5.09e-01 1.44e+03  -1.0 7.76e+00    -  2.00e-01 1.76e-03h  1
  11  2.0844421e+06 5.05e-01 1.33e+05  -1.0 7.87e+00  -5.0 6.36e-01 7.26e-03h  1
  12  2.0843284e+06 5.05e-01 2.14e+08  -1.0 8.15e+00    -  1.24e-01 7.72e-05h  1
  13  1.3289309e+06 7.72e-02 2.18e+06  -1.0 1.42e+01    -  9.91e-01 9.68e-01f  1
  14  1.3351982e+06 7.19e-02 4.79e+06  -1.0 1.04e+00    -  1.00e+00 6.06e-01f  1
  15  1.3342803e+06 6.85e-02 6.21e-07  -1.0 1.68e-01  -5.4 1.00e+00 1.00e+00f  1
  16  1.3342788e+06 6.85e-02 6.21e-07  -2.5 1.23e+00  -5.9 1.32e-06 1.32e-06s  3
  17  3.8612545e+05 6.85e-02 2.52e+07  -2.5 1.23e+00    -  8.50e-01 0.00e+00S  3
  18  1.4886166e+05 6.85e-02 4.49e+05  -2.5 1.01e+00    -  8.99e-01 1.00e+00f  1
  19  1.3221293e+05 6.85e-02 1.68e-08  -2.5 3.52e-01    -  1.00e+00 1.00e+00f  1
iter    objective    inf_pr   inf_du lg(mu)  ||d||  lg(rg) alpha_du alpha_pr  ls
  20  1.2981782e+05 6.85e-02 2.47e-08  -2.5 4.20e-01    -  1.00e+00 1.00e+00h  1
  21  1.2967516e+05 6.85e-02 1.50e-08  -2.5 5.10e-03  -6.4 1.00e+00 1.00e+00s 22
  22  1.2967399e+05 6.85e-02 2.47e-08  -2.5 8.26e-02    -  1.00e+00 1.00e+00s 22
  23r 1.2967399e+05 6.85e-02 1.00e+03  -1.2 0.00e+00    -  0.00e+00 0.00e+00R  1
  24r 3.9631255e+05 6.85e-02 8.40e+02  -1.2 6.79e+00    -  1.22e-01 1.60e-01f  1
  25r 7.3354084e+05 6.85e-02 6.18e+02  -1.2 4.29e+00    -  8.99e-01 2.64e-01f  1
  26r 9.7356186e+06 6.86e-02 4.15e+00  -1.2 5.57e+00    -  5.44e-01 1.00e+00f  1
  27r 2.2685289e+07 6.86e-02 1.02e-01  -1.2 1.61e+00    -  9.75e-01 1.00e+00f  1
  28r 2.2897310e+07 6.86e-02 1.04e+00  -2.8 2.54e+00    -  7.29e-01 1.00e+00f  1
  29r 3.1434627e+07 6.86e-02 6.14e-01  -2.8 7.53e-01    -  9.04e-01 1.00e+00f  1
iter    objective    inf_pr   inf_du lg(mu)  ||d||  lg(rg) alpha_du alpha_pr  ls
  30r 5.7644359e+07 6.87e-02 1.60e-08  -2.8 2.40e+00    -  1.00e+00 1.00e+00f  1
  31r 3.8225477e+07 6.88e-02 1.78e-01  -4.2 3.07e+00    -  6.72e-01 1.00e+00f  1
  32r 3.7350696e+07 6.89e-02 6.42e-10  -4.2 2.51e-01    -  1.00e+00 1.00e+00f  1
  33r 2.4307189e+07 6.89e-02 9.60e-03  -5.0 1.62e+00    -  8.28e-01 1.00e+00f  1

Number of Iterations....: 33

                                   (scaled)                 (unscaled)
Objective...............:   2.4154677482627517e+03    2.4154677482627515e+07
Dual infeasibility......:   9.9999999999972815e+01    9.9999999999972817e+05
Constraint violation....:   6.8854370399520956e-02    6.8854370399520956e-02
Variable bound violation:   8.9220291599190205e-08    8.9220291599190205e-08
Complementarity.........:   1.7534281685106364e-05    1.7534281685106362e-01
Overall NLP error.......:   9.9999999999972815e+01    9.9999999999972817e+05


Number of objective function evaluations             = 59
Number of objective gradient evaluations             = 25
Number of equality constraint evaluations            = 59
Number of inequality constraint evaluations          = 59
Number of equality constraint Jacobian evaluations   = 1
Number of inequality constraint Jacobian evaluations = 1
Number of Lagrangian Hessian evaluations             = 2
Total seconds in IPOPT                               = 0.260

EXIT: Converged to a point of local infeasibility. Problem may be infeasible.
