This is Ipopt version 3.14.19, running with linear solver ma57.

Number of nonzeros in equality constraint Jacobian...:    13682
Number of nonzeros in inequality constraint Jacobian.:     3120
Number of nonzeros in Lagrangian Hessian.............:      899

Total number of variables............................:     5539
                     variables with only lower bounds:        0
                variables with lower and upper bounds:     4303
                     variables with only upper bounds:        0
Total number of equality constraints.................:     3582
Total number of inequality constraints...............:     1560
        inequality constraints with only lower bounds:        0
   inequality constraints with lower and upper bounds:     1560
        inequality constraints with only upper bounds:        0

iter    objective    inf_pr   inf_du lg(mu)  ||d||  lg(rg) alpha_du alpha_pr  ls
   0  1.2481340e+07 1.50e+01 8.45e+01  -1.0 0.00e+00    -  0.00e+00 0.00e+00   0
   1  1.2481633e+07 1.50e+01 8.42e+01  -1.0 1.65e+01    -  1.04e-02 2.37e-05f  1
   2  9.7386467e+06 1.48e+01 8.42e+01  -1.0 1.91e+01  -4.0 1.80e-03 1.56e-02f  1
   3  9.6534624e+06 1.42e+01 8.32e+01  -1.0 3.42e+01    -  1.55e-02 3.72e-02f  1
   4  8.6787603e+06 1.35e+01 7.98e+01  -1.0 1.39e+01  -4.5 4.27e-02 5.08e-02f  1
   5  7.1109974e+06 1.15e+01 6.39e+01  -1.0 1.30e+01  -5.0 1.92e-01 1.50e-01f  1
   6  3.0773363e+06 6.00e+00 4.64e+01  -1.0 2.75e+01    -  3.05e-01 4.78e-01f  1
   7  2.5682641e+06 4.81e+00 2.66e+01  -1.0 6.33e+00  -5.4 7.70e-01 1.99e-01f  1
   8  2.5602178e+06 4.79e+00 7.57e+01  -1.0 4.79e+01    -  2.60e-02 3.62e-03f  1
   9  2.5579501e+06 4.78e+00 5.61e+03  -1.0 2.87e+01    -  8.16e-02 6.90e-04h  1
iter    objective    inf_pr   inf_du lg(mu)  ||d||  lg(rg) alpha_du alpha_pr  ls
  10  2.5547869e+06 4.78e+00 4.50e+05  -1.0 7.23e+00  -5.9 5.08e-02 6.32e-04h  1
  11  2.5547135e+06 4.78e+00 1.88e+09  -1.0 2.92e+01    -  5.16e-02 1.24e-05h  1
  12  2.0276458e+06 3.79e+00 5.34e+08  -1.0 1.52e+01    -  7.90e-01 2.84e-01f  1
  13  2.0226737e+06 3.78e+00 4.28e+08  -1.0 5.64e+00  -6.4 4.02e-01 4.06e-03h  1
  14  2.0193650e+06 3.78e+00 4.25e+08  -1.0 3.12e+02    -  1.30e-02 8.57e-04h  1
  15  2.0188559e+06 3.78e+00 3.92e+08  -1.0 1.68e+01    -  2.16e-01 2.61e-04h  1
  16  1.8567084e+06 3.43e+00 2.31e+08  -1.0 1.37e+01    -  9.91e-01 1.54e-01f  1
  17  1.4635029e+06 1.74e+00 3.03e+07  -1.0 4.78e+00  -6.9 1.00e+00 8.89e-01f  1
  18  1.4669016e+06 1.60e+00 8.46e+07  -1.0 4.39e-01  -7.3 1.00e+00 6.89e-01h  1
  19  1.4710055e+06 1.53e+00 1.15e-07  -1.0 1.28e-01  -7.8 1.00e+00 1.00e+00h  1
iter    objective    inf_pr   inf_du lg(mu)  ||d||  lg(rg) alpha_du alpha_pr  ls
  20  1.4710630e+06 1.53e+00 2.38e-07  -1.0 2.18e-01    -  1.00e+00 1.00e+00s 22
  21  1.4710630e+06 1.53e+00 1.77e-07  -1.0 7.63e-07  -8.3 1.00e+00 1.00e+00s 22
  22r 1.4710630e+06 1.53e+00 1.00e+03   0.2 0.00e+00    -  0.00e+00 0.00e+00R  1
  23r 6.2723149e+06 1.56e+00 7.40e+02   0.2 5.27e+00    -  6.71e-01 2.60e-01f  1
  24r 4.3079517e+07 1.66e+00 1.40e+01   0.2 8.51e+00    -  6.56e-01 1.00e+00f  1
  25r 5.2580362e+07 1.63e+00 2.94e+00  -0.5 4.92e+00    -  9.49e-01 1.00e+00f  1
  26r 1.0754830e+08 1.63e+00 2.82e+00  -0.5 4.32e+00    -  4.76e-01 7.78e-01f  1
  27r 9.7185959e+07 1.61e+00 3.95e+00  -1.2 1.91e+00    -  7.80e-01 1.00e+00f  1
  28r 1.0134507e+08 1.61e+00 1.44e-01  -1.2 7.44e-01    -  1.00e+00 9.53e-01f  1
  29r 8.3208994e+07 1.58e+00 4.87e-01  -1.9 2.14e+00    -  8.37e-01 1.00e+00f  1
iter    objective    inf_pr   inf_du lg(mu)  ||d||  lg(rg) alpha_du alpha_pr  ls
  30r 8.5077675e+07 1.58e+00 1.22e-07  -1.9 3.66e-01    -  1.00e+00 1.00e+00f  1
  31r 6.2400579e+07 1.55e+00 1.84e-01  -4.3 1.89e+00    -  7.56e-01 1.00e+00f  1
  32r 6.0723822e+07 1.55e+00 8.55e-03  -4.3 7.97e-02    -  9.88e-01 1.00e+00f  1
  33r 4.3561617e+07 1.54e+00 4.99e-10  -4.3 6.27e-01    -  1.00e+00 1.00e+00f  1
  34r 2.8807598e+07 1.53e+00 1.34e-03  -5.0 5.50e-01    -  8.81e-01 1.00e+00f  1

Number of Iterations....: 34

                                   (scaled)                 (unscaled)
Objective...............:   2.7281578334078945e+03    2.7281578334078945e+07
Dual infeasibility......:   9.9999999999999275e+01    9.9999999999999278e+05
Constraint violation....:   1.5328426179781651e+00    1.5328426179781651e+00
Variable bound violation:   8.9220293375547044e-08    8.9220293375547044e-08
Complementarity.........:   1.7661060647503261e-05    1.7661060647503260e-01
Overall NLP error.......:   9.9999999999999275e+01    9.9999999999999278e+05


Number of objective function evaluations             = 58
Number of objective gradient evaluations             = 24
Number of equality constraint evaluations            = 58
Number of inequality constraint evaluations          = 58
Number of equality constraint Jacobian evaluations   = 1
Number of inequality constraint Jacobian evaluations = 1
Number of Lagrangian Hessian evaluations             = 2
Total seconds in IPOPT                               = 0.341

EXIT: Converged to a point of local infeasibility. Problem may be infeasible.
