This is Ipopt version 3.14.19, running with linear solver ma57.

Number of nonzeros in equality constraint Jacobian...:    13682
Number of nonzeros in inequality constraint Jacobian.:     3120
Number of nonzeros in Lagrangian Hessian.............:      899

Total number of variables............................:     5539
                     variables with only lower bounds:        0
                variables with lower and upper bounds:     4303
                     variables with only upper bounds:        0
Total number of equality constraints.................:     3582
Total number of inequality constraints...............:     1560
        inequality constraints with only lower bounds:        0
   inequality constraints with lower and upper bounds:     1560
        inequality constraints with only upper bounds:        0

iter    objective    inf_pr   inf_du lg(mu)  ||d||  lg(rg) alpha_du alpha_pr  ls
   0  1.4577941e+07 1.50e+01 8.45e+01  -1.0 0.00e+00    -  0.00e+00 0.00e+00   0
   1  1.4578108e+07 1.50e+01 8.42e+01  -1.0 3.91e+01    -  1.05e-02 2.46e-05f  1
   2  1.1697618e+07 1.48e+01 8.42e+01  -1.0 6.35e+01    -  1.76e-03 1.58e-02f  1
   3  1.1567998e+07 1.42e+01 8.34e+01  -1.0 1.62e+01  -4.0 1.44e-02 3.70e-02f  1
   4  1.0483383e+07 1.35e+01 7.98e+01  -1.0 1.58e+01  -4.5 4.41e-02 4.83e-02f  1
   5  8.5805149e+06 1.15e+01 6.23e+01  -1.0 1.52e+01    -  2.08e-01 1.53e-01f  1
   6  3.6720709e+06 5.76e+00 4.69e+01  -1.0 1.34e+01    -  2.89e-01 4.98e-01f  1
   7  3.1357804e+06 4.79e+00 2.86e+01  -1.0 2.50e+01    -  7.80e-01 1.67e-01f  1
   8  3.1261625e+06 4.78e+00 8.36e+01  -1.0 3.58e+01    -  2.19e-02 3.06e-03f  1
   9  3.1231321e+06 4.78e+00 6.20e+03  -1.0 9.18e+00  -5.0 7.86e-02 7.09e-04h  1
iter    objective    inf_pr   inf_du lg(mu)  ||d||  lg(rg) alpha_du alpha_pr  ls
  10  3.1197056e+06 4.77e+00 5.40e+05  -1.0 9.28e+00    -  4.92e-02 5.64e-04h  1
  11  3.1196304e+06 4.77e+00 2.84e+09  -1.0 9.33e+00  -5.4 5.77e-02 1.10e-05h  1
  12  2.3882238e+06 3.83e+00 7.39e+08  -1.0 2.78e+01    -  7.90e-01 2.69e-01f  1
  13  2.3808741e+06 3.82e+00 5.80e+08  -1.0 7.80e+00  -5.9 3.37e-01 3.80e-03f  1
  14  2.3770441e+06 3.82e+00 5.76e+08  -1.0 7.94e+00    -  1.32e-02 8.27e-04h  1
  15  2.3763437e+06 3.82e+00 4.99e+08  -1.0 1.88e+01    -  2.52e-01 2.71e-04h  1
  16  2.0564307e+06 3.39e+00 2.23e+08  -1.0 7.94e+00  -6.4 9.91e-01 1.88e-01f  1
  17  1.3569035e+06 1.77e+00 3.54e+07  -1.0 5.87e+01    -  1.00e+00 8.70e-01f  1
  18r 1.3569035e+06 1.77e+00 1.00e+03   0.2 0.00e+00    -  0.00e+00 2.97e-07R  3
  19r 1.4516123e+06 1.77e+00 9.95e+02   0.2 7.61e+01    -  1.75e-01 4.79e-03f  1
iter    objective    inf_pr   inf_du lg(mu)  ||d||  lg(rg) alpha_du alpha_pr  ls
  20r 5.2764313e+06 1.75e+00 8.21e+02   0.2 5.27e+00    -  8.47e-01 1.74e-01f  1
  21r 7.6298647e+07 1.70e+00 1.49e+02   0.2 1.07e+01    -  3.05e-01 8.26e-01f  1
  22r 1.0277671e+08 1.69e+00 6.71e+01   0.2 1.63e+01    -  4.80e-01 5.57e-01f  1
  23r 1.0384770e+08 1.70e+00 6.62e+00  -0.5 3.30e+00    -  8.95e-01 1.00e+00f  1
  24r 9.8348064e+07 1.70e+00 4.69e-01  -1.2 2.78e+00    -  1.00e+00 1.00e+00f  1
  25r 8.6909405e+07 1.72e+00 1.72e+00  -1.8 1.34e+00    -  8.57e-01 1.00e+00f  1
  26r 8.8546782e+07 1.72e+00 1.42e-07  -1.8 4.45e-01    -  1.00e+00 1.00e+00f  1
  27r 6.8066651e+07 1.74e+00 3.38e-01  -2.8 2.53e+00    -  7.37e-01 1.00e+00f  1
  28r 6.7471818e+07 1.74e+00 1.68e-08  -2.8 1.08e-01    -  1.00e+00 1.00e+00f  1
  29r 4.8419225e+07 1.76e+00 5.59e-02  -4.2 1.79e+00    -  8.01e-01 1.00e+00f  1
iter    objective    inf_pr   inf_du lg(mu)  ||d||  lg(rg) alpha_du alpha_pr  ls
  30r 4.6264411e+07 1.76e+00 6.91e-10  -4.2 6.93e-02    -  1.00e+00 1.00e+00f  1
  31r 3.2009244e+07 1.77e+00 5.51e-03  -5.0 9.07e-01    -  7.56e-01 1.00e+00f  1

Number of Iterations....: 31

                                   (scaled)                 (unscaled)
Objective...............:   3.0677997779601674e+03    3.0677997779601671e+07
Dual infeasibility......:   1.0000000000164842e+02    1.0000000000164842e+06
Constraint violation....:   1.7660963901885380e+00    1.7660963901885380e+00
Variable bound violation:   8.9220293375547044e-08    8.9220293375547044e-08
Complementarity.........:   1.7255438124499516e-05    1.7255438124499514e-01
Overall NLP error.......:   1.0000000000164842e+02    1.0000000000164842e+06


Number of objective function evaluations             = 36
Number of objective gradient evaluations             = 20
Number of equality constraint evaluations            = 36
Number of inequality constraint evaluations          = 36
Number of equality constraint Jacobian evaluations   = 1
Number of inequality constraint Jacobian evaluations = 1
Number of Lagrangian Hessian evaluations             = 2
Total seconds in IPOPT                               = 0.228

EXIT: Converged to a point of local infeasibility. Problem may be infeasible.
