This is Ipopt version 3.14.19, running with linear solver ma57.

Number of nonzeros in equality constraint Jacobian...:    13237
Number of nonzeros in inequality constraint Jacobian.:     3120
Number of nonzeros in Lagrangian Hessian.............:      454

Total number of variables............................:     5094
                     variables with only lower bounds:        0
                variables with lower and upper bounds:     3858
                     variables with only upper bounds:        0
Total number of equality constraints.................:     3582
Total number of inequality constraints...............:     1560
        inequality constraints with only lower bounds:        0
   inequality constraints with lower and upper bounds:     1560
        inequality constraints with only upper bounds:        0

iter    objective    inf_pr   inf_du lg(mu)  ||d||  lg(rg) alpha_du alpha_pr  ls
   0  1.5313211e+07 1.88e+01 8.35e+01  -1.0 0.00e+00    -  0.00e+00 0.00e+00   0
   1  1.5315548e+07 1.88e+01 8.35e+01  -1.0 4.86e+01    -  8.37e-03 2.50e-05f  1
   2  1.2555716e+07 1.85e+01 8.33e+01  -1.0 2.50e+02    -  9.98e-04 1.44e-02f  1
   3  1.2073473e+07 1.81e+01 8.19e+01  -1.0 8.54e+01    -  1.82e-02 2.24e-02f  1
   4  1.1194042e+07 1.71e+01 7.61e+01  -1.0 5.03e+01    -  6.79e-02 5.47e-02f  1
   5  8.1956869e+06 1.39e+01 6.66e+01  -1.0 1.54e+02    -  1.35e-01 1.87e-01f  1
   6  4.2235931e+06 7.89e+00 3.28e+01  -1.0 9.48e+01    -  5.06e-01 4.32e-01f  1
   7  3.3376277e+06 5.99e+00 2.56e+01  -1.0 9.21e+01    -  7.69e-01 2.40e-01f  1
   8  3.3257080e+06 5.96e+00 7.43e+01  -1.0 6.22e+00  -4.0 3.47e-02 4.70e-03f  1
   9  3.3233546e+06 5.96e+00 2.10e+03  -1.0 1.00e+02    -  2.93e-02 6.35e-04h  1
iter    objective    inf_pr   inf_du lg(mu)  ||d||  lg(rg) alpha_du alpha_pr  ls
  10  3.3199289e+06 5.96e+00 1.12e+05  -1.0 6.30e+00  -4.5 3.28e-02 6.21e-04h  1
  11  3.3197676e+06 5.96e+00 1.79e+08  -1.0 3.41e+02    -  3.85e-02 2.42e-05h  1
  12r 3.3197676e+06 5.96e+00 1.00e+03   0.8 0.00e+00    -  0.00e+00 3.09e-07R  3
  13r 3.3686904e+06 4.99e+00 9.99e+02   0.8 1.93e+03    -  3.68e-03 5.58e-04f  1
  14  3.3686802e+06 4.98e+00 1.10e+04  -1.0 4.42e+00  -5.0 3.87e-02 9.60e-07f  3
  15r 3.3686802e+06 4.98e+00 1.00e+03   0.7 0.00e+00  -5.4 0.00e+00 3.63e-07R  4
  16r 3.9193177e+06 4.67e+00 9.99e+02   0.7 1.79e+03    -  5.32e-03 5.21e-04f  1
  17r 8.2700637e+06 4.66e+00 9.95e+02   0.7 9.70e+02    -  2.12e-03 4.19e-03f  1
  18r 1.3322026e+07 4.65e+00 9.91e+02   0.7 2.49e+02    -  8.81e-03 4.28e-03f  1
  19r 2.3487205e+07 4.64e+00 9.83e+02   0.7 5.97e+01    -  1.03e-02 8.38e-03f  1
iter    objective    inf_pr   inf_du lg(mu)  ||d||  lg(rg) alpha_du alpha_pr  ls
  20r 4.9820780e+07 4.61e+00 9.59e+02   0.7 1.88e+01    -  6.86e-02 2.43e-02f  1
  21r 1.1027247e+08 4.59e+00 8.61e+02   0.7 1.25e+01    -  2.02e-01 1.02e-01f  1
  22r 1.6658952e+08 4.58e+00 4.89e+02   0.7 6.67e+00    -  9.91e-01 4.31e-01f  1
  23r 1.8185485e+08 3.85e+00 4.98e-05   0.7 2.34e+00    -  1.00e+00 1.00e+00f  1
  24  1.6689905e+08 3.83e+00 9.93e+01  -1.0 5.87e+01    -  1.70e-02 4.34e-03f  1
  25  1.6481899e+08 3.83e+00 9.93e+01  -1.0 9.49e+02    -  9.57e-04 5.38e-04f  1
  26  1.6472009e+08 3.83e+00 7.22e+02  -1.0 1.53e+03  -5.9 1.36e-03 2.39e-05f  1
  27r 1.6472009e+08 3.83e+00 9.99e+02   0.6 0.00e+00    -  0.00e+00 3.32e-07R  2
  28r 1.6571673e+08 3.83e+00 9.95e+02   0.6 3.50e+00    -  9.90e-01 4.39e-03f  1
  29r 1.9117168e+08 1.96e+00 3.83e-05   0.6 1.88e+00    -  1.00e+00 1.00e+00f  1
iter    objective    inf_pr   inf_du lg(mu)  ||d||  lg(rg) alpha_du alpha_pr  ls
  30r 1.8541335e+08 2.59e+00 1.75e+01  -1.5 7.54e-01    -  7.23e-01 8.44e-01f  1
  31  1.8308738e+08 2.59e+00 9.98e+01  -1.0 7.17e+01  -6.4 9.28e-03 6.67e-04f  1
  32  1.8297416e+08 2.59e+00 4.25e+03  -1.0 1.44e+02  -6.9 9.08e-03 3.20e-05f  1
  33  1.8297350e+08 2.59e+00 3.10e+06  -1.0 1.43e+03    -  9.38e-04 1.60e-07f  4
  34r 1.8297350e+08 2.59e+00 9.99e+02   0.4 0.00e+00  -7.3 0.00e+00 2.80e-07R  3
  35r 1.8301823e+08 2.59e+00 9.97e+02   0.4 1.12e+00    -  9.90e-01 1.45e-03f  1
  36r 1.9399404e+08 1.90e+00 2.59e-05   0.4 8.97e-01    -  1.00e+00 1.00e+00f  1
  37r 1.9005515e+08 2.04e+00 4.05e+00  -1.7 3.84e-01    -  8.42e-01 8.76e-01f  1
  38  1.8879836e+08 2.04e+00 9.98e+01  -1.0 7.11e+01  -7.8 9.63e-03 3.60e-04f  1
  39  1.8874244e+08 2.04e+00 1.57e+04  -1.0 1.48e+02  -8.3 8.60e-03 1.57e-05f  1
iter    objective    inf_pr   inf_du lg(mu)  ||d||  lg(rg) alpha_du alpha_pr  ls
  40  1.8849854e+08 2.04e+00 2.40e+05  -1.0 1.46e+03    -  8.92e-04 5.78e-05f  1
  41  1.8735888e+08 2.04e+00 7.49e+06  -1.0 1.59e+03  -8.8 2.70e-02 2.66e-04f  1
  42r 1.8735888e+08 2.04e+00 1.00e+03   0.3 0.00e+00    -  0.00e+00 1.75e-09R  2
  43r 1.8741739e+08 2.04e+00 9.96e+02   0.3 6.65e-01    -  9.90e-01 2.85e-03f  1
  44r 1.9542821e+08 1.78e+00 2.04e-05   0.3 5.01e-01    -  1.00e+00 1.00e+00f  1
  45r 1.9229477e+08 1.84e+00 2.85e+00  -1.8 2.74e-01    -  8.65e-01 8.93e-01f  1
  46r 1.9119248e+08 1.87e+00 1.63e-07  -1.8 1.33e-01    -  1.00e+00 1.00e+00f  1
  47r 1.8845679e+08 2.00e+00 5.13e-02  -4.0 1.39e-01    -  9.32e-01 1.00e+00f  1
  48r 1.8810644e+08 2.03e+00 9.56e-10  -4.0 2.86e-02    -  1.00e+00 1.00e+00f  1

Number of Iterations....: 48

                                   (scaled)                 (unscaled)
Objective...............:   1.8764963804812582e+04    1.8764963804812580e+08
Dual infeasibility......:   1.0000000956498334e+02    1.0000000956498334e+06
Constraint violation....:   2.0419373909987883e+00    2.0419373909987883e+00
Variable bound violation:   8.9220767662823164e-08    8.9220767662823164e-08
Complementarity.........:   1.0355900361299769e-05    1.0355900361299769e-01
Overall NLP error.......:   1.0000000956498334e+02    1.0000000956498334e+06


Number of objective function evaluations             = 69
Number of objective gradient evaluations             = 33
Number of equality constraint evaluations            = 69
Number of inequality constraint evaluations          = 69
Number of equality constraint Jacobian evaluations   = 1
Number of inequality constraint Jacobian evaluations = 1
Number of Lagrangian Hessian evaluations             = 2
Total seconds in IPOPT                               = 0.329

EXIT: Converged to a point of local infeasibility. Problem may be infeasible.
