This is Ipopt version 3.14.19, running with linear solver ma57.

Number of nonzeros in equality constraint Jacobian...:    13682
Number of nonzeros in inequality constraint Jacobian.:     3120
Number of nonzeros in Lagrangian Hessian.............:      899

Total number of variables............................:     5539
                     variables with only lower bounds:        0
                variables with lower and upper bounds:     4303
                     variables with only upper bounds:        0
Total number of equality constraints.................:     3582
Total number of inequality constraints...............:     1560
        inequality constraints with only lower bounds:        0
   inequality constraints with lower and upper bounds:     1560
        inequality constraints with only upper bounds:        0

iter    objective    inf_pr   inf_du lg(mu)  ||d||  lg(rg) alpha_du alpha_pr  ls
   0  2.0328501e+07 1.50e+01 8.46e+01  -1.0 0.00e+00    -  0.00e+00 0.00e+00   0
   1  2.0328310e+07 1.50e+01 8.43e+01  -1.0 2.76e+01    -  9.61e-03 2.54e-05f  1
   2  1.7430363e+07 1.48e+01 8.42e+01  -1.0 2.71e+01    -  7.21e-04 1.79e-02f  1
   3  1.7122275e+07 1.44e+01 8.34e+01  -1.0 8.76e+01    -  1.14e-02 2.24e-02f  1
   4  1.6090236e+07 1.38e+01 8.19e+01  -1.0 2.27e+01  -4.0 2.19e-02 4.33e-02f  1
   5  1.4190542e+07 1.26e+01 7.66e+01  -1.0 2.15e+01  -4.5 6.89e-02 8.62e-02f  1
   6  1.0032818e+07 9.86e+00 5.64e+01  -1.0 1.98e+01  -5.0 2.56e-01 2.18e-01f  1
   7  4.4689536e+06 4.83e+00 2.44e+01  -1.0 1.60e+01  -5.4 5.57e-01 5.10e-01f  1
   8  4.4103639e+06 4.77e+00 4.04e+01  -1.0 9.25e+00    -  8.52e-02 1.22e-02f  1
   9  4.4055578e+06 4.77e+00 3.54e+03  -1.0 9.73e+00    -  2.12e-01 9.20e-04h  1
iter    objective    inf_pr   inf_du lg(mu)  ||d||  lg(rg) alpha_du alpha_pr  ls
  10  4.3984774e+06 4.76e+00 1.23e+05  -1.0 1.03e+01  -5.9 3.61e-02 1.01e-03h  1
  11  4.3959457e+06 4.76e+00 1.85e+08  -1.0 1.04e+01  -6.4 7.33e-01 4.96e-04h  1
  12  1.8281629e+06 2.53e+00 7.81e+07  -1.0 1.26e+01  -6.9 8.94e-01 6.78e-01f  1
  13r 1.8281629e+06 2.53e+00 1.00e+03   0.4 0.00e+00    -  0.00e+00 2.02e-07R  2
  14r 1.8951048e+06 2.53e+00 9.98e+02   0.4 8.84e+02    -  7.47e-03 1.72e-03f  1
  15r 2.0900357e+06 2.53e+00 9.90e+02   0.4 5.44e+01    -  8.32e-02 7.56e-03f  1
  16r 4.7547667e+06 2.47e+00 9.04e+02   0.4 5.41e+00    -  9.09e-01 8.67e-02f  1
  17r 9.8902323e+07 2.10e+00 3.76e+02   0.4 1.35e+01    -  3.17e-01 5.84e-01f  1
  18  9.3102583e+07 2.10e+00 9.94e+01  -1.0 7.54e+01    -  1.69e-02 1.57e-03f  1
  19  9.2696794e+07 2.10e+00 9.94e+01  -1.0 6.71e+01    -  7.92e-04 1.38e-04f  1
iter    objective    inf_pr   inf_du lg(mu)  ||d||  lg(rg) alpha_du alpha_pr  ls
  20  9.2673592e+07 2.10e+00 2.24e+05  -1.0 6.74e+01  -7.3 2.46e-02 7.98e-06f  1
  21r 9.2673592e+07 2.10e+00 1.00e+03   0.3 0.00e+00  -7.8 0.00e+00 8.91e-08R  2
  22r 9.7785297e+07 2.09e+00 9.72e+02   0.3 5.61e+00    -  7.28e-01 2.75e-02f  1
  23r 1.7203856e+08 1.77e+00 1.92e+00   0.3 5.79e+00    -  9.91e-01 1.00e+00f  1
  24  1.7182786e+08 1.77e+00 9.95e+01  -1.0 8.05e+01    -  1.88e-02 4.67e-05f  1
  25  1.6273928e+08 1.77e+00 9.92e+01  -1.0 7.34e+01  -8.3 5.22e-03 2.00e-03f  1
  26  1.6174811e+08 1.77e+00 2.66e+02  -1.0 2.40e+02  -8.8 1.94e-03 2.31e-04f  1
  27  1.6169142e+08 1.77e+00 1.88e+04  -1.0 8.76e+02    -  8.00e-04 1.30e-05f  1
  28  1.6138675e+08 1.77e+00 4.24e+06  -1.0 8.83e+02    -  1.57e-02 7.04e-05f  1
  29r 1.6138675e+08 1.77e+00 1.00e+03   0.2 0.00e+00  -9.2 0.00e+00 9.31e-10R  2
iter    objective    inf_pr   inf_du lg(mu)  ||d||  lg(rg) alpha_du alpha_pr  ls
  30r 1.6144601e+08 1.77e+00 9.97e+02   0.2 4.08e+00    -  9.20e-01 1.53e-03f  1
  31r 1.7332203e+08 1.70e+00 2.13e-01   0.2 2.70e+00    -  9.92e-01 1.00e+00f  1
  32r 1.6872813e+08 1.71e+00 2.82e+01  -1.2 1.56e+00    -  6.12e-01 9.38e-01f  1
  33r 1.6774834e+08 1.71e+00 7.06e-07  -1.2 4.24e-01    -  1.00e+00 1.00e+00f  1
  34r 1.6352453e+08 1.74e+00 5.17e-01  -2.8 7.68e-01    -  8.62e-01 1.00e+00f  1
  35r 1.6295307e+08 1.75e+00 1.68e-08  -2.8 3.16e-02    -  1.00e+00 1.00e+00f  1
  36r 1.6177699e+08 1.76e+00 4.20e-03  -5.0 1.03e-01    -  9.59e-01 1.00e+00f  1

Number of Iterations....: 36

                                   (scaled)                 (unscaled)
Objective...............:   1.6177685476053868e+04    1.6177685476053867e+08
Dual infeasibility......:   1.0000002781220302e+02    1.0000002781220302e+06
Constraint violation....:   1.7643276046298983e+00    1.7643276046298983e+00
Variable bound violation:   8.9220289822833365e-08    8.9220289822833365e-08
Complementarity.........:   1.9438044430898979e-05    1.9438044430898976e-01
Overall NLP error.......:   1.0000002781220302e+02    1.0000002781220302e+06


Number of objective function evaluations             = 44
Number of objective gradient evaluations             = 27
Number of equality constraint evaluations            = 44
Number of inequality constraint evaluations          = 44
Number of equality constraint Jacobian evaluations   = 1
Number of inequality constraint Jacobian evaluations = 1
Number of Lagrangian Hessian evaluations             = 2
Total seconds in IPOPT                               = 0.285

EXIT: Converged to a point of local infeasibility. Problem may be infeasible.
