This is Ipopt version 3.14.19, running with linear solver ma57.

Number of nonzeros in equality constraint Jacobian...:    13682
Number of nonzeros in inequality constraint Jacobian.:     3120
Number of nonzeros in Lagrangian Hessian.............:      899

Total number of variables............................:     5539
                     variables with only lower bounds:        0
                variables with lower and upper bounds:     4303
                     variables with only upper bounds:        0
Total number of equality constraints.................:     3582
Total number of inequality constraints...............:     1560
        inequality constraints with only lower bounds:        0
   inequality constraints with lower and upper bounds:     1560
        inequality constraints with only upper bounds:        0

iter    objective    inf_pr   inf_du lg(mu)  ||d||  lg(rg) alpha_du alpha_pr  ls
   0  2.8515561e+07 1.50e+01 8.46e+01  -1.0 0.00e+00    -  0.00e+00 0.00e+00   0
   1  2.8515694e+07 1.50e+01 8.43e+01  -1.0 1.91e+01    -  8.76e-03 2.91e-05f  1
   2  2.5320844e+07 1.48e+01 8.42e+01  -1.0 3.02e+01  -4.0 5.77e-04 1.75e-02f  1
   3  2.4700466e+07 1.45e+01 8.36e+01  -1.0 5.90e+01    -  8.67e-03 1.87e-02f  1
   4  2.3504505e+07 1.40e+01 8.23e+01  -1.0 2.55e+01    -  1.83e-02 3.59e-02f  1
   5  2.1010210e+07 1.30e+01 7.83e+01  -1.0 2.42e+01  -4.5 5.29e-02 7.19e-02f  1
   6  1.5897714e+07 1.07e+01 6.24e+01  -1.0 2.65e+01    -  1.99e-01 1.74e-01f  1
   7  6.2666906e+06 4.96e+00 3.49e+01  -1.0 5.17e+01    -  4.55e-01 5.37e-01f  1
   8  5.9478730e+06 4.74e+00 3.67e+01  -1.0 1.21e+01    -  3.02e-01 4.52e-02f  1
   9  5.9398871e+06 4.73e+00 7.28e+02  -1.0 1.23e+01    -  6.18e-02 1.10e-03f  1
iter    objective    inf_pr   inf_du lg(mu)  ||d||  lg(rg) alpha_du alpha_pr  ls
  10  5.9319279e+06 4.73e+00 4.46e+04  -1.0 3.27e+01    -  5.73e-02 8.66e-04h  1
  11  5.9295940e+06 4.73e+00 9.59e+07  -1.0 2.62e+01    -  6.01e-01 2.81e-04h  1
  12r 5.9295940e+06 4.73e+00 1.00e+03   0.7 0.00e+00    -  0.00e+00 3.17e-07R  3
  13r 6.0583273e+06 4.62e+00 9.99e+02   0.7 3.26e+03    -  3.09e-03 6.42e-04f  1
  14r 6.1092631e+06 4.61e+00 9.96e+02   0.7 1.03e+03    -  8.76e-03 2.93e-03f  1
  15r 6.1761078e+06 4.60e+00 9.89e+02   0.7 1.42e+02    -  2.70e-02 7.53e-03f  1
  16r 7.3774660e+06 4.57e+00 9.64e+02   0.7 4.49e+01    -  3.32e-01 2.44e-02f  1
  17r 3.6929914e+07 4.53e+00 6.43e+02   0.7 2.97e+01    -  6.05e-01 3.33e-01f  1
  18r 1.4509797e+08 4.52e+00 1.19e+02   0.7 9.31e+00    -  7.06e-01 8.16e-01f  1
  19r 1.5334647e+08 4.48e+00 2.53e+01  -0.0 3.02e+00    -  8.27e-01 1.00e+00f  1
iter    objective    inf_pr   inf_du lg(mu)  ||d||  lg(rg) alpha_du alpha_pr  ls
  20r 1.5354361e+08 4.46e+00 1.17e+01  -0.7 1.99e+00    -  8.77e-01 1.00e+00f  1
  21r 1.6832455e+08 4.35e+00 1.89e-06  -0.7 1.02e+00    -  1.00e+00 1.00e+00f  1
  22r 1.5595334e+08 4.18e+00 1.70e+00  -1.4 2.61e+00    -  7.99e-01 1.00e+00f  1
  23  1.5575725e+08 4.18e+00 6.77e+02  -1.0 8.61e+01  -5.0 2.56e-02 4.13e-05f  1
  24  1.5575063e+08 4.18e+00 4.16e+05  -1.0 6.69e+02  -5.4 1.88e-03 1.51e-06f  2
  25r 1.5575063e+08 4.18e+00 1.00e+03   0.6 0.00e+00    -  0.00e+00 1.32e-07R  2
  26r 1.7678712e+08 4.13e+00 8.31e+02   0.6 1.42e+01    -  5.21e-01 1.69e-01f  1
  27r 2.1414530e+08 3.61e+00 5.68e+01   0.6 7.57e+00    -  9.91e-01 9.32e-01f  1
  28r 2.0457797e+08 3.75e+00 6.05e+01  -0.8 2.94e+00    -  4.78e-01 8.56e-01f  1
  29r 2.0048842e+08 3.69e+00 1.02e+01  -0.8 2.06e+00    -  9.22e-01 1.00e+00f  1
iter    objective    inf_pr   inf_du lg(mu)  ||d||  lg(rg) alpha_du alpha_pr  ls
  30r 1.8781224e+08 3.58e+00 1.67e-06  -0.8 4.92e+00    -  1.00e+00 1.00e+00f  1
  31r 1.7534768e+08 3.84e+00 1.67e+00  -1.5 2.40e+00    -  7.80e-01 1.00e+00f  1
  32r 1.7534510e+08 3.81e+00 3.34e-07  -1.5 7.66e-01    -  1.00e+00 1.00e+00f  1
  33r 1.6463622e+08 4.04e+00 3.90e-01  -3.3 1.48e+00    -  7.92e-01 1.00e+00f  1
  34r 1.6337711e+08 4.05e+00 4.78e-09  -3.3 1.20e-01    -  1.00e+00 1.00e+00f  1
  35r 1.5764586e+08 4.15e+00 2.31e-03  -5.0 4.11e-01    -  9.13e-01 1.00e+00f  1

Number of Iterations....: 35

                                   (scaled)                 (unscaled)
Objective...............:   1.5700189353337446e+04    1.5700189353337446e+08
Dual infeasibility......:   1.0000001486910440e+02    1.0000001486910441e+06
Constraint violation....:   4.1588626560168667e+00    4.1588626560168667e+00
Variable bound violation:   8.7867014997300430e-08    8.7867014997300430e-08
Complementarity.........:   1.9823911130288065e-05    1.9823911130288063e-01
Overall NLP error.......:   1.0000001486910440e+02    1.0000001486910441e+06


Number of objective function evaluations             = 43
Number of objective gradient evaluations             = 18
Number of equality constraint evaluations            = 43
Number of inequality constraint evaluations          = 43
Number of equality constraint Jacobian evaluations   = 1
Number of inequality constraint Jacobian evaluations = 1
Number of Lagrangian Hessian evaluations             = 2
Total seconds in IPOPT                               = 0.261

EXIT: Converged to a point of local infeasibility. Problem may be infeasible.
