This is Ipopt version 3.14.19, running with linear solver ma57.

Number of nonzeros in equality constraint Jacobian...:    13682
Number of nonzeros in inequality constraint Jacobian.:     3120
Number of nonzeros in Lagrangian Hessian.............:      899

Total number of variables............................:     5539
                     variables with only lower bounds:        0
                variables with lower and upper bounds:     4303
                     variables with only upper bounds:        0
Total number of equality constraints.................:     3582
Total number of inequality constraints...............:     1560
        inequality constraints with only lower bounds:        0
   inequality constraints with lower and upper bounds:     1560
        inequality constraints with only upper bounds:        0

iter    objective    inf_pr   inf_du lg(mu)  ||d||  lg(rg) alpha_du alpha_pr  ls
   0  1.6933778e+07 1.50e+01 8.48e+01  -1.0 0.00e+00    -  0.00e+00 0.00e+00   0
   1  1.6933494e+07 1.50e+01 8.44e+01  -1.0 1.88e+01    -  1.06e-02 2.58e-05f  1
   2  1.3970993e+07 1.48e+01 8.44e+01  -1.0 2.20e+01    -  1.23e-03 1.70e-02f  1
   3  1.3754812e+07 1.43e+01 8.37e+01  -1.0 1.91e+01  -4.0 1.23e-02 3.16e-02f  1
   4  1.2697858e+07 1.36e+01 8.10e+01  -1.0 3.31e+01    -  3.50e-02 4.78e-02f  1
   5  1.0922073e+07 1.20e+01 6.98e+01  -1.0 5.15e+01    -  1.35e-01 1.16e-01f  1
   6  6.0791069e+06 7.58e+00 4.96e+01  -1.0 3.63e+01    -  3.02e-01 3.70e-01f  1
   7  3.9299206e+06 4.80e+00 2.39e+01  -1.0 1.02e+01  -4.5 7.05e-01 3.66e-01f  1
   8  3.8993107e+06 4.77e+00 6.16e+01  -1.0 4.84e+01    -  7.34e-02 7.73e-03f  1
   9  3.8960853e+06 4.76e+00 2.73e+03  -1.0 1.92e+01    -  5.82e-02 6.67e-04h  1
iter    objective    inf_pr   inf_du lg(mu)  ||d||  lg(rg) alpha_du alpha_pr  ls
  10  3.8912180e+06 4.76e+00 1.52e+05  -1.0 4.73e+01    -  4.13e-02 7.38e-04h  1
  11  3.8910406e+06 4.76e+00 3.92e+08  -1.0 1.14e+01    -  5.85e-02 2.29e-05h  1
  12r 3.8910406e+06 4.76e+00 1.00e+03   0.7 0.00e+00  -5.0 0.00e+00 1.25e-07R  2
  13r 4.1714793e+06 4.66e+00 9.98e+02   0.7 2.94e+03    -  3.08e-03 1.60e-03f  1
  14r 4.2214144e+06 4.65e+00 9.96e+02   0.7 5.20e+02    -  1.29e-02 2.44e-03f  1
  15r 4.6866409e+06 4.63e+00 9.85e+02   0.7 1.03e+02    -  4.98e-02 1.14e-02f  1
  16r 7.9328134e+06 4.59e+00 9.31e+02   0.7 1.97e+01    -  3.18e-01 5.45e-02f  1
  17r 3.8311572e+07 4.57e+00 5.73e+02   0.7 1.87e+01    -  7.39e-01 3.84e-01f  1
  18r 1.1689578e+08 4.56e+00 2.41e+02   0.7 8.67e+00    -  6.49e-01 5.79e-01f  1
  19r 1.2832256e+08 4.52e+00 1.22e+01  -0.0 2.27e+00    -  9.24e-01 1.00e+00f  1
iter    objective    inf_pr   inf_du lg(mu)  ||d||  lg(rg) alpha_du alpha_pr  ls
  20r 1.3139439e+08 4.48e+00 1.33e+00  -0.7 1.22e+00    -  1.00e+00 1.00e+00f  1
  21r 1.2966698e+08 4.27e+00 1.05e+00  -1.4 8.44e-01    -  8.80e-01 1.00e+00f  1
  22  1.2948924e+08 4.27e+00 7.26e+02  -1.0 8.03e+01  -5.4 2.74e-02 4.12e-05f  1
  23  1.2948326e+08 4.27e+00 6.52e+05  -1.0 6.06e+02    -  2.88e-03 1.59e-06f  2
  24  1.2843980e+08 4.27e+00 7.45e+06  -1.0 6.60e+02  -5.9 2.55e-02 2.90e-04f  1
  25r 1.2843980e+08 4.27e+00 1.00e+03   0.6 0.00e+00    -  0.00e+00 1.16e-07R  2
  26r 1.5667231e+08 4.22e+00 8.13e+02   0.6 1.05e+01    -  5.29e-01 1.86e-01f  1
  27r 1.7762788e+08 3.72e+00 8.48e+00   0.6 5.45e+00    -  9.91e-01 9.90e-01f  1
  28r 1.7205651e+08 3.84e+00 7.14e+01  -0.8 9.66e-01    -  4.19e-01 8.35e-01f  1
  29r 1.6849372e+08 3.78e+00 2.87e+01  -0.8 2.83e+00    -  8.29e-01 1.00e+00f  1
iter    objective    inf_pr   inf_du lg(mu)  ||d||  lg(rg) alpha_du alpha_pr  ls
  30r 1.6172538e+08 3.67e+00 1.71e-06  -0.8 2.09e+00    -  1.00e+00 1.00e+00f  1
  31r 1.4814792e+08 3.98e+00 6.31e+00  -2.2 2.07e+00    -  4.17e-01 1.00e+00f  1
  32r 1.4640307e+08 3.99e+00 3.71e-02  -2.2 7.33e-01    -  9.94e-01 1.00e+00f  1
  33r 1.3581829e+08 4.16e+00 8.61e-02  -3.3 1.24e+00    -  7.97e-01 1.00e+00f  1
  34r 1.3497644e+08 4.17e+00 5.01e-09  -3.3 1.27e-01    -  1.00e+00 1.00e+00f  1
  35r 1.3011975e+08 4.25e+00 3.83e-03  -5.0 3.56e-01    -  8.84e-01 1.00e+00f  1

Number of Iterations....: 35

                                   (scaled)                 (unscaled)
Objective...............:   1.2985527106544951e+04    1.2985527106544951e+08
Dual infeasibility......:   1.0000001144557505e+02    1.0000001144557506e+06
Constraint violation....:   4.2490316539760702e+00    4.2490316539760702e+00
Variable bound violation:   8.7092002942767976e-08    8.7092002942767976e-08
Complementarity.........:   1.7578974385142836e-05    1.7578974385142834e-01
Overall NLP error.......:   1.0000001144557505e+02    1.0000001144557506e+06


Number of objective function evaluations             = 42
Number of objective gradient evaluations             = 19
Number of equality constraint evaluations            = 42
Number of inequality constraint evaluations          = 42
Number of equality constraint Jacobian evaluations   = 1
Number of inequality constraint Jacobian evaluations = 1
Number of Lagrangian Hessian evaluations             = 2
Total seconds in IPOPT                               = 0.228

EXIT: Converged to a point of local infeasibility. Problem may be infeasible.
