This is Ipopt version 3.14.19, running with linear solver ma57.

Number of nonzeros in equality constraint Jacobian...:    13682
Number of nonzeros in inequality constraint Jacobian.:     3120
Number of nonzeros in Lagrangian Hessian.............:      899

Total number of variables............................:     5539
                     variables with only lower bounds:        0
                variables with lower and upper bounds:     4303
                     variables with only upper bounds:        0
Total number of equality constraints.................:     3582
Total number of inequality constraints...............:     1560
        inequality constraints with only lower bounds:        0
   inequality constraints with lower and upper bounds:     1560
        inequality constraints with only upper bounds:        0

iter    objective    inf_pr   inf_du lg(mu)  ||d||  lg(rg) alpha_du alpha_pr  ls
   0  2.4464269e+07 1.50e+01 8.51e+01  -1.0 0.00e+00    -  0.00e+00 0.00e+00   0
   1  2.4464189e+07 1.50e+01 8.48e+01  -1.0 1.92e+01    -  9.27e-03 2.82e-05f  1
   2  2.1289041e+07 1.48e+01 8.48e+01  -1.0 2.78e+01  -4.0 6.78e-04 1.77e-02f  1
   3  2.0846130e+07 1.44e+01 8.41e+01  -1.0 2.51e+01  -4.5 9.46e-03 2.10e-02f  1
   4  1.9724991e+07 1.39e+01 8.26e+01  -1.0 3.70e+01    -  2.10e-02 3.86e-02f  1
   5  1.7511151e+07 1.28e+01 7.77e+01  -1.0 2.21e+01    -  6.33e-02 7.99e-02f  1
   6  1.2719053e+07 1.02e+01 5.94e+01  -1.0 2.04e+01    -  2.30e-01 2.01e-01f  1
   7  5.3942659e+06 4.81e+00 3.05e+01  -1.0 9.90e+01    -  4.93e-01 5.29e-01f  1
   8  5.3130586e+06 4.74e+00 3.98e+01  -1.0 2.32e+01    -  1.05e-01 1.39e-02f  1
   9  5.3080419e+06 4.74e+00 9.65e+02  -1.0 1.12e+01    -  5.03e-02 7.93e-04h  1
iter    objective    inf_pr   inf_du lg(mu)  ||d||  lg(rg) alpha_du alpha_pr  ls
  10  5.3008046e+06 4.74e+00 5.81e+04  -1.0 4.18e+01    -  5.47e-02 8.94e-04h  1
  11  5.3003391e+06 4.74e+00 6.97e+07  -1.0 1.16e+01    -  5.72e-02 4.79e-05h  1
  12r 5.3003391e+06 4.74e+00 1.00e+03   0.7 0.00e+00    -  0.00e+00 2.65e-07R  2
  13r 5.4486490e+06 4.63e+00 9.99e+02   0.7 3.11e+03    -  3.00e-03 7.26e-04f  1
  14r 5.5836282e+06 4.62e+00 9.96e+02   0.7 9.96e+02    -  1.28e-02 2.86e-03f  1
  15r 5.9461476e+06 4.60e+00 9.87e+02   0.7 1.17e+02    -  3.52e-02 9.71e-03f  1
  16r 8.4227982e+06 4.57e+00 9.50e+02   0.7 3.30e+01    -  2.94e-01 3.68e-02f  1
  17r 3.9895273e+07 4.54e+00 6.46e+02   0.7 2.33e+01    -  6.45e-01 3.20e-01f  1
  18r 1.4402053e+08 4.53e+00 1.82e+02   0.7 1.05e+01    -  7.37e-01 7.18e-01f  1
  19r 1.5157413e+08 4.49e+00 3.00e+01  -0.0 2.55e+00    -  7.96e-01 1.00e+00f  1
iter    objective    inf_pr   inf_du lg(mu)  ||d||  lg(rg) alpha_du alpha_pr  ls
  20r 1.5039641e+08 4.47e+00 2.42e+00  -0.7 3.19e+00    -  9.77e-01 1.00e+00f  1
  21r 1.4551765e+08 4.39e+00 7.35e-01  -1.4 1.47e+00    -  9.30e-01 1.00e+00f  1
  22r 1.5285409e+08 4.09e+00 3.79e-07  -1.4 4.93e-01    -  1.00e+00 1.00e+00f  1
  23  1.5265850e+08 4.09e+00 6.87e+02  -1.0 8.68e+01    -  2.60e-02 4.13e-05f  1
  24r 1.5265850e+08 4.09e+00 9.99e+02   0.6 0.00e+00    -  0.00e+00 2.43e-07R  2
  25r 1.8011286e+08 4.02e+00 7.96e+02   0.6 1.30e+01    -  5.38e-01 2.03e-01f  1
  26r 2.0085309e+08 3.37e+00 3.00e+00   0.6 5.87e+00    -  9.91e-01 1.00e+00f  1
  27r 1.9330970e+08 3.59e+00 6.18e+01  -0.8 1.96e+00    -  4.55e-01 8.54e-01f  1
  28r 1.8942396e+08 3.57e+00 9.10e+00  -0.8 2.50e+00    -  9.34e-01 1.00e+00f  1
  29r 1.8011090e+08 3.53e+00 1.64e-06  -0.8 1.66e+00    -  1.00e+00 1.00e+00f  1
iter    objective    inf_pr   inf_du lg(mu)  ||d||  lg(rg) alpha_du alpha_pr  ls
  30r 1.6757845e+08 3.84e+00 3.30e+00  -2.2 2.51e+00    -  6.50e-01 1.00e+00f  1
  31r 1.6592445e+08 3.86e+00 5.92e-08  -2.2 4.71e-01    -  1.00e+00 1.00e+00f  1
  32r 1.5692212e+08 4.03e+00 5.79e-02  -5.0 1.01e+00    -  8.37e-01 1.00e+00f  1
  33r 1.5611592e+08 4.04e+00 5.19e-04  -5.0 6.21e-02    -  9.91e-01 1.00e+00f  1

Number of Iterations....: 33

                                   (scaled)                 (unscaled)
Objective...............:   1.5370699314213032e+04    1.5370699314213032e+08
Dual infeasibility......:   1.0000001046660996e+02    1.0000001046660997e+06
Constraint violation....:   4.0768675993103773e+00    4.0768675993103773e+00
Variable bound violation:   8.8576388890260205e-08    8.8576388890260205e-08
Complementarity.........:   1.9424210405299258e-05    1.9424210405299258e-01
Overall NLP error.......:   1.0000001046660996e+02    1.0000001046660997e+06


Number of objective function evaluations             = 39
Number of objective gradient evaluations             = 17
Number of equality constraint evaluations            = 39
Number of inequality constraint evaluations          = 39
Number of equality constraint Jacobian evaluations   = 1
Number of inequality constraint Jacobian evaluations = 1
Number of Lagrangian Hessian evaluations             = 2
Total seconds in IPOPT                               = 0.229

EXIT: Converged to a point of local infeasibility. Problem may be infeasible.
