This is Ipopt version 3.14.19, running with linear solver ma57.

Number of nonzeros in equality constraint Jacobian...:    13682
Number of nonzeros in inequality constraint Jacobian.:     3120
Number of nonzeros in Lagrangian Hessian.............:      899

Total number of variables............................:     5539
                     variables with only lower bounds:        0
                variables with lower and upper bounds:     4303
                     variables with only upper bounds:        0
Total number of equality constraints.................:     3582
Total number of inequality constraints...............:     1560
        inequality constraints with only lower bounds:        0
   inequality constraints with lower and upper bounds:     1560
        inequality constraints with only upper bounds:        0

iter    objective    inf_pr   inf_du lg(mu)  ||d||  lg(rg) alpha_du alpha_pr  ls
   0  2.1205623e+07 1.50e+01 8.46e+01  -1.0 0.00e+00    -  0.00e+00 0.00e+00   0
   1  2.1205354e+07 1.50e+01 8.43e+01  -1.0 1.92e+01    -  9.85e-03 2.75e-05f  1
   2  1.8090827e+07 1.48e+01 8.42e+01  -1.0 3.76e+01    -  8.31e-04 1.75e-02f  1
   3  1.7760602e+07 1.44e+01 8.35e+01  -1.0 2.27e+01  -4.0 1.04e-02 2.45e-02f  1
   4  1.6690647e+07 1.38e+01 8.16e+01  -1.0 2.12e+01    -  2.54e-02 4.18e-02f  1
   5  1.4656845e+07 1.25e+01 7.52e+01  -1.0 2.00e+01  -4.5 8.06e-02 9.17e-02f  1
   6  9.9578467e+06 9.46e+00 4.76e+01  -1.0 1.83e+01  -5.0 3.48e-01 2.45e-01f  1
   7  4.7073481e+06 4.81e+00 2.51e+01  -1.0 1.45e+01  -5.4 4.77e-01 4.91e-01f  1
   8  4.6467284e+06 4.75e+00 4.45e+01  -1.0 1.08e+01    -  1.00e-01 1.22e-02f  1
   9  4.6425758e+06 4.75e+00 1.40e+03  -1.0 1.13e+01    -  5.72e-02 7.47e-04h  1
iter    objective    inf_pr   inf_du lg(mu)  ||d||  lg(rg) alpha_du alpha_pr  ls
  10  4.6362301e+06 4.74e+00 7.90e+04  -1.0 1.15e+01  -5.9 4.93e-02 8.62e-04h  1
  11  4.6344083e+06 4.74e+00 1.85e+08  -1.0 1.16e+01  -6.4 7.79e-01 3.35e-04h  1
  12  1.9050657e+06 2.51e+00 7.72e+07  -1.0 1.50e+01  -6.9 8.99e-01 6.82e-01f  1
  13  1.5536509e+06 2.06e+00 1.45e+08  -1.0 6.30e+00    -  9.92e-01 4.55e-01f  1
  14  1.5505894e+06 2.05e+00 2.67e+08  -1.0 3.53e+00  -7.3 1.00e+00 8.52e-03h  1
  15  1.5470251e+06 2.05e+00 2.66e+08  -1.0 1.13e+02    -  6.17e-02 3.97e-03h  1
  16  1.5461310e+06 2.05e+00 2.67e+08  -1.0 1.09e+01    -  5.60e-01 1.22e-03h  1
  17r 1.5461310e+06 2.05e+00 1.00e+03   0.3 0.00e+00    -  0.00e+00 4.47e-07R  3
  18r 1.6118114e+06 2.05e+00 9.97e+02   0.3 3.18e+02    -  2.57e-02 2.53e-03f  1
  19r 2.2536902e+06 2.04e+00 9.69e+02   0.3 1.16e+01    -  5.80e-01 2.74e-02f  1
iter    objective    inf_pr   inf_du lg(mu)  ||d||  lg(rg) alpha_du alpha_pr  ls
  20r 2.9524865e+07 1.84e+00 3.74e+02   0.3 1.19e+01    -  4.47e-01 6.15e-01f  1
  21r 8.1318574e+07 1.73e+00 4.84e+00   0.3 5.95e+00    -  9.81e-01 1.00e+00f  1
  22  7.4112575e+07 1.72e+00 9.88e+01  -1.0 5.61e+01  -7.8 2.24e-02 2.02e-03f  1
  23  7.3589630e+07 1.72e+00 1.38e+03  -1.0 3.65e+01    -  2.87e-02 2.21e-04f  1
  24  7.3571582e+07 1.72e+00 3.62e+06  -1.0 2.36e+01    -  3.38e-02 1.29e-05h  1
  25  6.4424767e+07 1.72e+00 2.23e+07  -1.0 1.90e+01  -8.3 8.07e-02 1.03e-02f  1
  26r 6.4424767e+07 1.72e+00 1.00e+03   0.2 0.00e+00    -  0.00e+00 1.96e-08R  2
  27r 6.5288827e+07 1.72e+00 9.87e+02   0.2 2.65e+00    -  8.82e-01 1.21e-02f  1
  28r 1.5579277e+08 1.69e+00 2.39e+02   0.2 8.71e+00    -  9.92e-01 7.58e-01f  1
  29r 1.6386184e+08 1.68e+00 6.15e+01   0.2 1.63e+00    -  1.00e+00 7.42e-01f  1
iter    objective    inf_pr   inf_du lg(mu)  ||d||  lg(rg) alpha_du alpha_pr  ls
  30r 1.5082547e+08 1.68e+00 2.73e+01  -0.5 2.25e+00    -  6.37e-01 1.00e+00f  1
  31r 1.5089775e+08 1.68e+00 3.44e-06  -0.5 2.78e-01    -  1.00e+00 1.00e+00f  1
  32r 1.3043611e+08 1.70e+00 7.38e+00  -2.8 3.30e+00    -  6.27e-01 9.82e-01f  1
  33r 1.2820595e+08 1.70e+00 1.27e+00  -2.8 5.74e-01    -  8.43e-01 1.00e+00f  1
  34r 1.2006718e+08 1.70e+00 8.41e-02  -2.8 7.91e-01    -  9.36e-01 1.00e+00f  1
  35r 1.0332226e+08 1.71e+00 1.62e-08  -2.8 5.45e-01    -  1.00e+00 1.00e+00f  1
  36r 8.4744279e+07 1.72e+00 2.17e-02  -5.0 6.53e-01    -  8.00e-01 1.00e+00f  1

Number of Iterations....: 36

                                   (scaled)                 (unscaled)
Objective...............:   8.2715944911684710e+03    8.2715944911684707e+07
Dual infeasibility......:   1.0000000940826442e+02    1.0000000940826442e+06
Constraint violation....:   1.7204503893022165e+00    1.7204503893022165e+00
Variable bound violation:   8.9220293375547044e-08    8.9220293375547044e-08
Complementarity.........:   3.7302099427250765e-05    3.7302099427250762e-01
Overall NLP error.......:   1.0000000940826442e+02    1.0000000940826442e+06


Number of objective function evaluations             = 43
Number of objective gradient evaluations             = 25
Number of equality constraint evaluations            = 43
Number of inequality constraint evaluations          = 43
Number of equality constraint Jacobian evaluations   = 1
Number of inequality constraint Jacobian evaluations = 1
Number of Lagrangian Hessian evaluations             = 2
Total seconds in IPOPT                               = 0.268

EXIT: Converged to a point of local infeasibility. Problem may be infeasible.
