This is Ipopt version 3.14.19, running with linear solver ma57.

Number of nonzeros in equality constraint Jacobian...:    13237
Number of nonzeros in inequality constraint Jacobian.:     3120
Number of nonzeros in Lagrangian Hessian.............:      454

Total number of variables............................:     5094
                     variables with only lower bounds:        0
                variables with lower and upper bounds:     3858
                     variables with only upper bounds:        0
Total number of equality constraints.................:     3582
Total number of inequality constraints...............:     1560
        inequality constraints with only lower bounds:        0
   inequality constraints with lower and upper bounds:     1560
        inequality constraints with only upper bounds:        0

iter    objective    inf_pr   inf_du lg(mu)  ||d||  lg(rg) alpha_du alpha_pr  ls
   0  1.2678941e+07 1.88e+01 8.29e+01  -1.0 0.00e+00    -  0.00e+00 0.00e+00   0
   1  1.2679814e+07 1.88e+01 8.27e+01  -1.0 2.22e+01    -  9.74e-03 2.05e-05f  1
   2  1.0336175e+07 1.85e+01 8.27e+01  -1.0 1.98e+01  -4.0 1.25e-03 1.58e-02f  1
   3  9.9992541e+06 1.79e+01 8.14e+01  -1.0 7.45e+01    -  1.78e-02 2.88e-02f  1
   4  9.1944865e+06 1.69e+01 7.62e+01  -1.0 1.49e+01  -4.5 6.27e-02 5.71e-02f  1
   5  6.9974311e+06 1.39e+01 6.02e+01  -1.0 3.75e+01    -  2.05e-01 1.79e-01f  1
   6  3.0129451e+06 6.23e+00 4.00e+01  -1.0 3.27e+01    -  3.75e-01 5.51e-01f  1
   7  2.9390743e+06 6.02e+00 3.70e+01  -1.0 5.01e+00  -5.0 2.30e-01 3.29e-02f  1
   8  2.9363115e+06 6.02e+00 2.51e+03  -1.0 4.89e+00  -5.4 2.13e-01 1.07e-03h  1
   9  2.9317311e+06 6.01e+00 1.11e+05  -1.0 5.53e+00    -  4.80e-02 1.01e-03h  1
iter    objective    inf_pr   inf_du lg(mu)  ||d||  lg(rg) alpha_du alpha_pr  ls
  10  2.9312708e+06 6.01e+00 9.24e+07  -1.0 5.06e+00  -5.9 7.71e-02 9.33e-05h  1
  11r 2.9312708e+06 6.01e+00 1.00e+03   0.8 0.00e+00    -  0.00e+00 2.62e-07R  3
  12r 2.9770598e+06 5.49e+00 1.00e+03   0.8 1.72e+03    -  4.78e-03 3.53e-04f  1
  13r 3.4663084e+06 4.71e+00 9.95e+02   0.8 1.16e+03    -  1.10e-02 4.53e-03f  1
  14  3.4650059e+06 4.71e+00 1.11e+03  -1.0 5.24e+00    -  3.29e-02 3.23e-05h  1
  15r 3.4650059e+06 4.71e+00 1.00e+03   0.7 0.00e+00  -6.4 0.00e+00 1.89e-07R  2
  16r 4.9863781e+06 4.70e+00 9.99e+02   0.7 3.66e+02    -  1.03e-02 1.40e-03f  1
  17r 1.4168909e+07 4.69e+00 9.90e+02   0.7 1.73e+02    -  1.16e-02 8.47e-03f  1
  18r 2.9214499e+07 4.68e+00 9.76e+02   0.7 3.16e+01    -  3.41e-02 1.45e-02f  1
  19r 6.8442766e+07 4.66e+00 9.19e+02   0.7 9.88e+00    -  3.72e-01 5.73e-02f  1
iter    objective    inf_pr   inf_du lg(mu)  ||d||  lg(rg) alpha_du alpha_pr  ls
  20r 1.2910495e+08 4.64e+00 4.74e+02   0.7 6.98e+00    -  9.91e-01 4.85e-01f  1
  21r 1.4202093e+08 3.79e+00 4.71e-05   0.7 2.36e+00    -  1.00e+00 1.00e+00f  1
  22  1.3046620e+08 3.77e+00 9.94e+01  -1.0 5.49e+01  -6.9 1.39e-02 3.83e-03f  1
  23  1.2905952e+08 3.77e+00 9.92e+01  -1.0 1.37e+02    -  5.42e-03 4.58e-04f  1
  24  1.2898547e+08 3.77e+00 1.81e+03  -1.0 1.18e+03    -  7.12e-04 2.14e-05f  1
  25r 1.2898547e+08 3.77e+00 1.00e+03   0.6 0.00e+00    -  0.00e+00 1.33e-07R  2
  26r 1.2975951e+08 3.77e+00 9.95e+02   0.6 3.64e+00    -  9.84e-01 3.97e-03f  1
  27r 1.4793875e+08 2.22e+00 3.77e-05   0.6 1.68e+00    -  1.00e+00 1.00e+00f  1
  28r 1.4445604e+08 2.74e+00 1.25e+01  -1.5 6.31e-01    -  7.49e-01 8.29e-01f  1
  29  1.4249241e+08 2.73e+00 9.98e+01  -1.0 5.48e+01    -  7.20e-03 6.46e-04f  1
iter    objective    inf_pr   inf_du lg(mu)  ||d||  lg(rg) alpha_du alpha_pr  ls
  30  1.4218911e+08 2.73e+00 1.36e+03  -1.0 6.70e+01    -  1.20e-02 9.83e-05f  1
  31  1.4218097e+08 2.73e+00 2.22e+05  -1.0 1.10e+03  -7.3 7.50e-04 2.30e-06f  2
  32  1.4217675e+08 2.73e+00 1.81e+09  -1.0 1.32e+03    -  1.90e-02 1.16e-06f  2
  33r 1.4217675e+08 2.73e+00 1.00e+03   0.4 0.00e+00    -  0.00e+00 2.93e-07R  3
  34r 1.4219730e+08 2.73e+00 9.98e+02   0.4 9.42e-01    -  9.90e-01 7.53e-04f  1
  35r 1.4969350e+08 1.97e+00 2.73e-05   0.4 7.71e-01    -  1.00e+00 1.00e+00f  1
  36r 1.4745077e+08 2.14e+00 5.49e+00  -1.7 3.92e-01    -  8.15e-01 8.55e-01f  1
  37  1.4612691e+08 2.14e+00 9.98e+01  -1.0 5.50e+01  -7.8 7.51e-03 4.35e-04f  1
  38  1.4606882e+08 2.14e+00 1.15e+04  -1.0 6.96e+01    -  1.15e-02 1.87e-05f  1
  39r 1.4606882e+08 2.14e+00 9.99e+02   0.3 0.00e+00  -8.3 0.00e+00 2.83e-07R  2
iter    objective    inf_pr   inf_du lg(mu)  ||d||  lg(rg) alpha_du alpha_pr  ls
  40r 1.4609569e+08 2.13e+00 9.97e+02   0.3 5.07e-01    -  9.90e-01 1.66e-03f  1
  41r 1.5056980e+08 1.83e+00 2.14e-05   0.3 4.43e-01    -  1.00e+00 1.00e+00f  1
  42r 1.4900486e+08 1.90e+00 2.98e+00  -1.8 3.11e-01    -  8.47e-01 8.71e-01f  1
  43  1.4809227e+08 1.90e+00 9.98e+01  -1.0 5.51e+01    -  7.62e-03 2.99e-04f  1
  44  1.4805352e+08 1.90e+00 2.49e+04  -1.0 7.09e+01    -  1.14e-02 1.25e-05f  1
  45r 1.4805352e+08 1.90e+00 9.99e+02   0.3 0.00e+00    -  0.00e+00 1.54e-07R  2
  46r 1.4807942e+08 1.90e+00 9.96e+02   0.3 3.51e-01    -  9.90e-01 2.55e-03f  1
  47r 1.5119365e+08 1.77e+00 1.90e-05   0.3 3.41e-01    -  1.00e+00 1.00e+00f  1
  48r 1.4999830e+08 1.80e+00 2.75e+00  -1.8 2.76e-01    -  8.56e-01 8.80e-01f  1
  49r 1.4954365e+08 1.81e+00 1.52e-07  -1.8 7.89e-02    -  1.00e+00 1.00e+00f  1
iter    objective    inf_pr   inf_du lg(mu)  ||d||  lg(rg) alpha_du alpha_pr  ls
  50r 1.4851875e+08 1.88e+00 2.91e-02  -4.1 7.90e-02    -  9.63e-01 1.00e+00f  1

Number of Iterations....: 50

                                   (scaled)                 (unscaled)
Objective...............:   1.4835025271981458e+04    1.4835025271981457e+08
Dual infeasibility......:   1.0000000342345551e+02    1.0000000342345551e+06
Constraint violation....:   1.8930654636223083e+00    1.8930654636223083e+00
Variable bound violation:   1.7473631430675596e-08    1.7473631430675596e-08
Complementarity.........:   8.5661046073983352e-05    8.5661046073983349e-01
Overall NLP error.......:   1.0000000342345551e+02    1.0000000342345551e+06


Number of objective function evaluations             = 68
Number of objective gradient evaluations             = 35
Number of equality constraint evaluations            = 68
Number of inequality constraint evaluations          = 68
Number of equality constraint Jacobian evaluations   = 1
Number of inequality constraint Jacobian evaluations = 1
Number of Lagrangian Hessian evaluations             = 2
Total seconds in IPOPT                               = 0.851

EXIT: Converged to a point of local infeasibility. Problem may be infeasible.
