This is Ipopt version 3.14.19, running with linear solver ma57.

Number of nonzeros in equality constraint Jacobian...:    13237
Number of nonzeros in inequality constraint Jacobian.:     3120
Number of nonzeros in Lagrangian Hessian.............:      454

Total number of variables............................:     5094
                     variables with only lower bounds:        0
                variables with lower and upper bounds:     3858
                     variables with only upper bounds:        0
Total number of equality constraints.................:     3582
Total number of inequality constraints...............:     1560
        inequality constraints with only lower bounds:        0
   inequality constraints with lower and upper bounds:     1560
        inequality constraints with only upper bounds:        0

iter    objective    inf_pr   inf_du lg(mu)  ||d||  lg(rg) alpha_du alpha_pr  ls
   0  9.2859294e+06 1.88e+01 8.12e+01  -1.0 0.00e+00    -  0.00e+00 0.00e+00   0
   1  9.2860182e+06 1.88e+01 8.08e+01  -1.0 1.15e+02    -  1.15e-02 1.74e-05f  1
   2  7.3128232e+06 1.84e+01 8.08e+01  -1.0 1.87e+01  -4.0 1.61e-03 1.76e-02f  1
   3  7.0886593e+06 1.77e+01 7.98e+01  -1.0 1.55e+01  -4.5 1.69e-02 3.83e-02f  1
   4  6.4725964e+06 1.67e+01 7.54e+01  -1.0 1.45e+01    -  5.54e-02 5.67e-02f  1
   5  5.0752802e+06 1.38e+01 5.74e+01  -1.0 1.37e+01    -  2.38e-01 1.76e-01f  1
   6  2.2450897e+06 6.15e+00 3.99e+01  -1.0 1.92e+01    -  3.45e-01 5.53e-01f  1
   7  2.2228244e+06 6.06e+00 3.93e+01  -1.0 5.18e+00  -5.0 1.14e-01 1.48e-02f  1
   8  2.2211659e+06 6.06e+00 6.27e+02  -1.0 5.87e+01    -  3.61e-02 8.10e-04h  1
   9  2.2175543e+06 6.05e+00 1.91e+04  -1.0 8.15e+00    -  3.05e-02 9.67e-04h  1
iter    objective    inf_pr   inf_du lg(mu)  ||d||  lg(rg) alpha_du alpha_pr  ls
  10  2.2170304e+06 6.05e+00 1.10e+07  -1.0 5.31e+00    -  8.53e-02 1.52e-04h  1
  11r 2.2170304e+06 6.05e+00 1.00e+03   0.8 0.00e+00    -  0.00e+00 2.54e-07R  3
  12r 2.2581316e+06 5.61e+00 1.00e+03   0.8 1.43e+03    -  5.48e-03 3.21e-04f  1
  13r 2.8446528e+06 4.74e+00 9.95e+02   0.8 1.04e+03    -  1.89e-02 5.07e-03f  1
  14  2.8429986e+06 4.74e+00 8.41e+02  -1.0 5.37e+00    -  2.73e-02 3.54e-05h  1
  15r 2.8429986e+06 4.74e+00 9.99e+02   0.7 0.00e+00    -  0.00e+00 2.30e-07R  2
  16r 3.8273434e+06 4.74e+00 9.98e+02   0.7 3.57e+02    -  1.71e-02 7.86e-04f  1
  17r 1.7068468e+07 4.73e+00 9.86e+02   0.7 1.55e+02    -  7.26e-02 1.18e-02f  1
  18r 6.2929346e+07 4.70e+00 9.15e+02   0.7 2.62e+01    -  1.93e-01 7.26e-02f  1
  19r 9.5987622e+07 4.69e+00 6.59e+02   0.7 8.40e+00    -  9.72e-01 2.79e-01f  1
iter    objective    inf_pr   inf_du lg(mu)  ||d||  lg(rg) alpha_du alpha_pr  ls
  20r 1.1144226e+08 4.45e+00 3.10e+01   0.7 3.91e+00    -  1.00e+00 9.53e-01f  1
  21r 1.0631234e+08 4.38e+00 5.26e+01  -0.7 1.94e+00    -  4.49e-01 8.77e-01f  1
  22r 1.0407849e+08 4.20e+00 3.72e+01  -0.7 1.93e+00    -  8.02e-01 1.00e+00f  1
  23  1.0343579e+08 4.20e+00 9.98e+01  -1.0 4.10e+01    -  5.39e-03 2.48e-04f  1
  24  1.0341374e+08 4.20e+00 3.19e+04  -1.0 4.00e+01    -  1.13e-02 8.42e-06f  1
  25  1.0311161e+08 4.20e+00 1.38e+06  -1.0 9.01e+01  -5.4 4.98e-03 1.14e-04f  1
  26r 1.0311161e+08 4.20e+00 1.00e+03   0.6 0.00e+00    -  0.00e+00 9.08e-10R  2
  27r 1.0561243e+08 4.18e+00 9.33e+02   0.6 5.22e+00    -  8.59e-01 6.65e-02f  1
  28r 1.1426504e+08 2.86e+00 4.56e-01   0.6 3.50e+00    -  9.93e-01 1.00e+00f  1
  29r 1.1217779e+08 3.31e+00 5.49e+01  -1.5 1.13e+00    -  4.70e-01 8.15e-01f  1
iter    objective    inf_pr   inf_du lg(mu)  ||d||  lg(rg) alpha_du alpha_pr  ls
  30r 1.1087589e+08 3.36e+00 1.13e+02  -1.5 1.16e+00    -  4.72e-01 1.00e+00f  1
  31r 1.0949485e+08 3.44e+00 7.23e+00  -1.5 1.15e+00    -  9.32e-01 1.00e+00f  1
  32  1.0939705e+08 3.44e+00 1.66e+02  -1.0 4.18e+01  -5.9 5.72e-03 3.72e-05f  1
  33r 1.0939705e+08 3.44e+00 9.99e+02   0.5 0.00e+00  -6.4 0.00e+00 3.31e-07R  2
  34r 1.0941056e+08 3.44e+00 9.98e+02   0.5 2.77e+00    -  9.90e-01 4.91e-04f  1
  35r 1.1396282e+08 2.20e+00 3.44e-05   0.5 2.01e+00    -  1.00e+00 1.00e+00f  1
  36r 1.1253892e+08 2.56e+00 3.86e+01  -1.6 7.94e-01    -  5.72e-01 8.39e-01f  1
  37r 1.1187826e+08 2.63e+00 2.35e+01  -1.6 6.65e-01    -  8.39e-01 1.00e+00f  1
  38r 1.1065657e+08 2.85e+00 2.75e-07  -1.6 1.13e+00    -  1.00e+00 1.00e+00f  1
  39r 1.0966329e+08 3.27e+00 3.39e-01  -3.5 4.24e-01    -  8.69e-01 1.00e+00f  1
iter    objective    inf_pr   inf_du lg(mu)  ||d||  lg(rg) alpha_du alpha_pr  ls
  40r 1.0960715e+08 3.32e+00 3.09e-09  -3.5 5.20e-02    -  1.00e+00 1.00e+00f  1
  41r 1.0950143e+08 3.43e+00 8.26e-04  -5.0 1.02e-01    -  9.72e-01 1.00e+00f  1

Number of Iterations....: 41

                                   (scaled)                 (unscaled)
Objective...............:   1.0949344011630928e+04    1.0949344011630929e+08
Dual infeasibility......:   1.0000000232538171e+02    1.0000000232538171e+06
Constraint violation....:   3.4327466409390910e+00    3.4327466409390910e+00
Variable bound violation:   8.9220295151903883e-08    8.9220295151903883e-08
Complementarity.........:   9.2636669273028642e-06    9.2636669273028632e-02
Overall NLP error.......:   1.0000000232538171e+02    1.0000000232538171e+06


Number of objective function evaluations             = 52
Number of objective gradient evaluations             = 24
Number of equality constraint evaluations            = 52
Number of inequality constraint evaluations          = 52
Number of equality constraint Jacobian evaluations   = 1
Number of inequality constraint Jacobian evaluations = 1
Number of Lagrangian Hessian evaluations             = 2
Total seconds in IPOPT                               = 0.325

EXIT: Converged to a point of local infeasibility. Problem may be infeasible.
