This is Ipopt version 3.14.19, running with linear solver ma57.

Number of nonzeros in equality constraint Jacobian...:    13682
Number of nonzeros in inequality constraint Jacobian.:     3120
Number of nonzeros in Lagrangian Hessian.............:      899

Total number of variables............................:     5539
                     variables with only lower bounds:        0
                variables with lower and upper bounds:     4303
                     variables with only upper bounds:        0
Total number of equality constraints.................:     3582
Total number of inequality constraints...............:     1560
        inequality constraints with only lower bounds:        0
   inequality constraints with lower and upper bounds:     1560
        inequality constraints with only upper bounds:        0

iter    objective    inf_pr   inf_du lg(mu)  ||d||  lg(rg) alpha_du alpha_pr  ls
   0  2.7753691e+07 1.50e+01 8.46e+01  -1.0 0.00e+00    -  0.00e+00 0.00e+00   0
   1  2.7753894e+07 1.50e+01 8.43e+01  -1.0 2.04e+01    -  8.79e-03 2.82e-05f  1
   2  2.4612224e+07 1.48e+01 8.42e+01  -1.0 2.97e+01    -  5.89e-04 1.76e-02f  1
   3  2.4048416e+07 1.45e+01 8.36e+01  -1.0 2.70e+01  -4.0 8.94e-03 1.88e-02f  1
   4  2.2858330e+07 1.40e+01 8.23e+01  -1.0 2.51e+01  -4.5 1.87e-02 3.65e-02f  1
   5  2.0405834e+07 1.29e+01 7.80e+01  -1.0 2.38e+01  -5.0 5.52e-02 7.33e-02f  1
   6  1.5275705e+07 1.06e+01 6.23e+01  -1.0 2.22e+01    -  1.97e-01 1.80e-01f  1
   7  6.0050467e+06 4.88e+00 3.33e+01  -1.0 1.87e+01  -5.4 4.77e-01 5.40e-01f  1
   8  3.4227026e+06 2.64e+00 1.35e+01  -1.0 1.18e+01  -5.9 8.02e-01 4.59e-01f  1
   9  3.3950531e+06 2.62e+00 2.27e+02  -1.0 8.35e+01    -  7.39e-01 8.51e-03f  1
iter    objective    inf_pr   inf_du lg(mu)  ||d||  lg(rg) alpha_du alpha_pr  ls
  10  3.3900052e+06 2.62e+00 4.07e+03  -1.0 1.23e+01  -6.4 1.80e-02 9.53e-04h  1
  11  3.3877468e+06 2.62e+00 2.32e+05  -1.0 1.23e+01  -6.9 2.25e-02 4.12e-04h  1
  12  3.3768792e+06 2.61e+00 7.19e+07  -1.0 1.23e+01  -7.3 9.82e-01 3.18e-03h  1
  13r 3.3768792e+06 2.61e+00 1.00e+03   0.4 0.00e+00    -  0.00e+00 2.52e-07R  3
  14r 3.4568510e+06 1.77e+00 9.99e+02   0.4 2.29e+03    -  5.45e-03 1.13e-03f  1
  15r 3.4568510e+06 1.77e+00 9.99e+02   0.2 0.00e+00  -7.8 0.00e+00 3.58e-07R  5
  16r 3.4635416e+06 1.77e+00 9.99e+02   0.2 4.75e+02    -  3.33e-03 3.70e-06f  1
  17r 1.2901337e+07 1.77e+00 9.95e+02   0.2 2.66e+02    -  9.01e-04 4.15e-03f  1
  18r 2.1168440e+07 1.77e+00 9.91e+02   0.2 3.96e+01    -  7.00e-03 3.94e-03f  1
  19r 4.2747178e+07 1.77e+00 9.78e+02   0.2 1.06e+01    -  7.83e-02 1.30e-02f  1
iter    objective    inf_pr   inf_du lg(mu)  ||d||  lg(rg) alpha_du alpha_pr  ls
  20r 8.6766667e+07 1.75e+00 8.86e+02   0.2 1.34e+01    -  2.39e-01 9.42e-02f  1
  21r 1.4176613e+08 1.63e+00 5.12e+02   0.2 9.75e+00    -  6.55e-01 4.22e-01f  1
  22r 1.7814792e+08 1.31e+00 2.80e+00   0.2 6.07e+00    -  9.91e-01 1.00e+00f  1
  23  1.6035961e+08 1.30e+00 3.21e+02  -1.0 1.55e+02    -  1.76e-02 3.09e-03f  1
  24  1.6000186e+08 1.30e+00 4.88e+03  -1.0 1.03e+03    -  7.92e-04 5.99e-05f  1
  25  1.6000133e+08 1.30e+00 2.44e+07  -1.0 1.37e+03  -8.3 3.27e-03 8.80e-08f  4
  26r 1.6000133e+08 1.30e+00 1.00e+03   0.1 0.00e+00  -8.8 0.00e+00 3.09e-07R  2
  27r 1.6177359e+08 1.30e+00 9.81e+02   0.1 3.08e+00    -  8.91e-01 1.79e-02f  2
  28r 1.9284289e+08 1.01e+00 2.22e-01   0.1 3.37e+00    -  9.91e-01 1.00e+00f  1
  29  1.8161042e+08 1.01e+00 9.93e+01  -1.0 8.52e+01    -  2.38e-02 2.24e-03f  1
iter    objective    inf_pr   inf_du lg(mu)  ||d||  lg(rg) alpha_du alpha_pr  ls
  30  1.8086273e+08 1.01e+00 1.08e+02  -1.0 7.81e+02    -  1.33e-03 1.52e-04f  1
  31  1.8083375e+08 1.01e+00 5.15e+05  -1.0 9.88e+02  -9.2 2.51e-02 5.93e-06f  1
  32r 1.8083375e+08 1.01e+00 1.00e+03   0.0 0.00e+00    -  0.00e+00 2.47e-08R  2
  33r 1.8126530e+08 1.01e+00 9.86e+02   0.0 1.09e+00    -  9.84e-01 1.25e-02f  1
  34r 1.9821216e+08 6.43e-01 3.10e+01   0.0 1.87e+00    -  9.97e-01 9.69e-01f  1
  35r 1.9335136e+08 6.30e-01 8.30e-01  -0.7 9.95e-01    -  8.61e-01 1.00e+00f  1
  36  1.9121755e+08 6.29e-01 9.94e+01  -1.0 8.57e+01    -  2.34e-02 4.23e-04f  1
  37  1.9116704e+08 6.29e-01 1.23e+04  -1.0 5.66e+02    -  1.94e-03 1.02e-05f  1
  38r 1.9116704e+08 6.29e-01 1.00e+03  -0.2 0.00e+00  -9.7 0.00e+00 7.93e-08R  2
  39r 1.9125275e+08 6.28e-01 9.90e+02  -0.2 6.35e-01    -  9.89e-01 8.41e-03f  1
iter    objective    inf_pr   inf_du lg(mu)  ||d||  lg(rg) alpha_du alpha_pr  ls
  40r 1.9995035e+08 4.74e-01 7.24e-03  -0.2 1.21e+00    -  9.96e-01 1.00e+00f  1
  41r 1.9568948e+08 4.63e-01 1.08e+00  -2.4 9.01e-01    -  7.49e-01 9.98e-01f  1
  42  1.9550237e+08 4.63e-01 3.84e+02  -1.0 8.61e+01 -10.2 1.31e-02 3.70e-05f  1
  43  1.9545991e+08 4.63e-01 5.74e+05  -1.0 8.34e+01    -  1.29e-02 8.61e-06f  1
  44r 1.9545991e+08 4.63e-01 1.00e+03  -0.3 0.00e+00 -10.7 0.00e+00 1.89e-08R  2
  45r 1.9603973e+08 4.55e-01 8.35e+02  -0.3 4.73e-01    -  9.89e-01 1.64e-01f  1
  46r 2.0089998e+08 4.25e-01 8.31e-03  -0.3 8.84e-01    -  9.94e-01 1.00e+00f  1
  47r 1.9772318e+08 4.28e-01 6.12e-01  -1.7 7.20e-01    -  8.00e-01 1.00e+00f  1
  48r 1.9669248e+08 4.29e-01 3.17e-02  -2.6 2.07e-01    -  9.78e-01 1.00e+00f  1
  49r 1.9576170e+08 4.31e-01 2.49e-04  -3.9 4.81e-02    -  1.00e+00 1.00e+00f  1

Number of Iterations....: 49

                                   (scaled)                 (unscaled)
Objective...............:   1.9551358516104992e+04    1.9551358516104990e+08
Dual infeasibility......:   1.0000000147681436e+02    1.0000000147681437e+06
Constraint violation....:   4.2973435727324616e-01    4.2973435727324616e-01
Variable bound violation:   8.9220364429820620e-08    8.9220364429820620e-08
Complementarity.........:   1.2172684244221641e-05    1.2172684244221640e-01
Overall NLP error.......:   1.0000000147681436e+02    1.0000000147681437e+06


Number of objective function evaluations             = 72
Number of objective gradient evaluations             = 35
Number of equality constraint evaluations            = 72
Number of inequality constraint evaluations          = 72
Number of equality constraint Jacobian evaluations   = 1
Number of inequality constraint Jacobian evaluations = 1
Number of Lagrangian Hessian evaluations             = 2
Total seconds in IPOPT                               = 0.348

EXIT: Converged to a point of local infeasibility. Problem may be infeasible.
