This is Ipopt version 3.14.19, running with linear solver ma57.

Number of nonzeros in equality constraint Jacobian...:    13682
Number of nonzeros in inequality constraint Jacobian.:     3120
Number of nonzeros in Lagrangian Hessian.............:      899

Total number of variables............................:     5539
                     variables with only lower bounds:        0
                variables with lower and upper bounds:     4303
                     variables with only upper bounds:        0
Total number of equality constraints.................:     3582
Total number of inequality constraints...............:     1560
        inequality constraints with only lower bounds:        0
   inequality constraints with lower and upper bounds:     1560
        inequality constraints with only upper bounds:        0

iter    objective    inf_pr   inf_du lg(mu)  ||d||  lg(rg) alpha_du alpha_pr  ls
   0  9.1708459e+06 1.88e+01 8.51e+01  -1.0 0.00e+00    -  0.00e+00 0.00e+00   0
   1  9.1705338e+06 1.88e+01 8.45e+01  -1.0 1.83e+01    -  1.27e-02 1.77e-05f  1
   2  7.0951384e+06 1.84e+01 8.44e+01  -1.0 1.89e+01  -4.0 2.43e-03 1.80e-02f  1
   3  7.0523509e+06 1.75e+01 8.37e+01  -1.0 1.57e+01  -4.5 1.59e-02 5.13e-02f  1
   4  6.2698561e+06 1.66e+01 8.03e+01  -1.0 1.45e+01  -5.0 4.19e-02 5.26e-02f  1
   5  5.1312347e+06 1.37e+01 6.80e+01  -1.0 2.31e+01    -  1.56e-01 1.71e-01f  1
   6  2.7589147e+06 8.43e+00 4.10e+01  -1.0 1.15e+01    -  3.96e-01 3.86e-01f  1
   7  2.1634716e+06 6.09e+00 2.43e+01  -1.0 7.09e+00  -5.4 7.44e-01 2.78e-01f  1
   8  2.1554775e+06 6.05e+00 7.08e+01  -1.0 5.23e+00  -5.9 4.09e-02 5.37e-03f  1
   9  2.1540909e+06 6.05e+00 2.61e+03  -1.0 8.72e+01    -  3.56e-02 5.21e-04h  1
iter    objective    inf_pr   inf_du lg(mu)  ||d||  lg(rg) alpha_du alpha_pr  ls
  10  2.1513031e+06 6.05e+00 1.02e+05  -1.0 1.06e+02    -  2.49e-02 6.38e-04h  1
  11  2.1511847e+06 6.05e+00 1.51e+08  -1.0 1.21e+02    -  3.15e-02 2.15e-05h  1
  12  1.8941379e+06 4.46e+00 1.13e+13  -1.0 1.60e+01  -6.4 3.48e-06 2.63e-01f  1
  13  1.8101664e+06 4.38e+00 1.11e+13  -1.0 7.28e+01    -  4.34e-04 1.70e-02f  1
  14  1.8093230e+06 4.38e+00 1.11e+13  -1.0 1.53e+02    -  1.53e-01 1.74e-04h  1
  15  1.7528293e+06 4.01e+00 1.11e+13  -1.0 1.39e+02    -  1.20e-04 8.46e-02f  1
  16  1.7479777e+06 4.01e+00 1.11e+13  -1.0 2.92e+01    -  1.80e-02 9.87e-04h  1
  17  1.7462316e+06 4.01e+00 1.11e+13  -1.0 3.50e+00    -  8.07e-03 2.37e-04h  1
  18r 1.7462316e+06 4.01e+00 1.00e+03   0.6 0.00e+00    -  0.00e+00 3.88e-07R  5
  19r 1.8341138e+06 2.43e+00 9.99e+02   0.6 2.65e+03    -  4.01e-03 1.18e-03f  1
iter    objective    inf_pr   inf_du lg(mu)  ||d||  lg(rg) alpha_du alpha_pr  ls
  20  1.8340842e+06 2.43e+00 1.33e+03  -1.0 3.09e+00  -6.9 8.92e-03 3.63e-06f  2
  21r 1.8340842e+06 2.43e+00 9.99e+02   0.4 0.00e+00  -7.3 0.00e+00 4.71e-07R  4
  22r 3.0733041e+06 2.42e+00 9.98e+02   0.4 1.22e+03    -  5.97e-03 9.80e-04f  1
  23r 8.6052274e+06 2.40e+00 9.94e+02   0.4 2.20e+02    -  1.60e-02 4.77e-03f  1
  24r 2.1950577e+07 2.39e+00 9.80e+02   0.4 4.79e+01    -  3.23e-02 1.37e-02f  1
  25r 5.1600747e+07 2.36e+00 9.27e+02   0.4 1.06e+01    -  2.69e-01 5.39e-02f  1
  26r 9.1049046e+07 2.38e+00 6.00e+02   0.4 8.87e+00    -  9.90e-01 3.52e-01f  1
  27r 1.0963412e+08 2.43e+00 2.43e-05   0.4 3.64e+00    -  1.00e+00 1.00e+00f  1
  28r 1.0218713e+08 2.37e+00 5.16e+01  -1.7 2.72e+00    -  4.90e-01 8.45e-01f  1
  29r 1.0060325e+08 2.34e+00 2.39e+01  -1.7 8.74e-01    -  7.99e-01 1.00e+00f  1
iter    objective    inf_pr   inf_du lg(mu)  ||d||  lg(rg) alpha_du alpha_pr  ls
  30r 9.5758312e+07 2.25e+00 5.73e+00  -1.7 1.46e+00    -  7.34e-01 1.00e+00f  1
  31r 8.8748637e+07 2.08e+00 4.72e-01  -1.7 1.08e+00    -  9.17e-01 1.00e+00f  1
  32  8.8695656e+07 2.08e+00 6.83e+02  -1.0 3.52e+01    -  1.28e-02 2.05e-05f  1
  33  8.8693956e+07 2.08e+00 2.64e+06  -1.0 3.48e+01  -7.8 1.04e-02 6.69e-07f  3
  34r 8.8693956e+07 2.08e+00 1.00e+03   0.3 0.00e+00    -  0.00e+00 8.55e-08R  2
  35r 1.0815735e+08 2.04e+00 5.81e+02   0.3 5.82e+00    -  5.36e-01 4.18e-01f  1
  36r 1.0946870e+08 1.85e+00 1.50e+01   0.3 3.53e+00    -  9.90e-01 9.74e-01f  1
  37r 1.0477385e+08 1.81e+00 4.88e+01  -0.4 1.57e+00    -  5.91e-01 1.00e+00f  1
  38r 1.0479396e+08 1.77e+00 4.16e-06  -0.4 6.37e-01    -  1.00e+00 1.00e+00f  1
  39r 9.7732330e+07 1.78e+00 1.44e+01  -2.7 2.35e+00    -  5.60e-01 9.67e-01f  1
iter    objective    inf_pr   inf_du lg(mu)  ||d||  lg(rg) alpha_du alpha_pr  ls
  40r 9.6852571e+07 1.78e+00 1.04e+00  -2.7 3.91e-01    -  9.38e-01 1.00e+00f  1
  41r 9.3518802e+07 1.80e+00 2.15e-08  -2.7 5.65e-01    -  1.00e+00 1.00e+00f  1
  42r 8.9617323e+07 1.95e+00 3.32e-02  -5.0 5.49e-01    -  8.41e-01 1.00e+00f  1

Number of Iterations....: 42

                                   (scaled)                 (unscaled)
Objective...............:   8.9321654601433511e+03    8.9321654601433501e+07
Dual infeasibility......:   1.0000004443305416e+02    1.0000004443305415e+06
Constraint violation....:   1.9646592131003640e+00    1.9646592131003640e+00
Variable bound violation:   8.9220295151903883e-08    8.9220295151903883e-08
Complementarity.........:   2.7847914682966487e-05    2.7847914682966485e-01
Overall NLP error.......:   1.0000004443305416e+02    1.0000004443305415e+06


Number of objective function evaluations             = 58
Number of objective gradient evaluations             = 27
Number of equality constraint evaluations            = 58
Number of inequality constraint evaluations          = 58
Number of equality constraint Jacobian evaluations   = 1
Number of inequality constraint Jacobian evaluations = 1
Number of Lagrangian Hessian evaluations             = 2
Total seconds in IPOPT                               = 0.292

EXIT: Converged to a point of local infeasibility. Problem may be infeasible.
