This is Ipopt version 3.14.19, running with linear solver ma57.

Number of nonzeros in equality constraint Jacobian...:    13682
Number of nonzeros in inequality constraint Jacobian.:     3120
Number of nonzeros in Lagrangian Hessian.............:      899

Total number of variables............................:     5539
                     variables with only lower bounds:        0
                variables with lower and upper bounds:     4303
                     variables with only upper bounds:        0
Total number of equality constraints.................:     3582
Total number of inequality constraints...............:     1560
        inequality constraints with only lower bounds:        0
   inequality constraints with lower and upper bounds:     1560
        inequality constraints with only upper bounds:        0

iter    objective    inf_pr   inf_du lg(mu)  ||d||  lg(rg) alpha_du alpha_pr  ls
   0  8.2201054e+06 1.50e+01 8.45e+01  -1.0 0.00e+00    -  0.00e+00 0.00e+00   0
   1  8.2196370e+06 1.50e+01 8.37e+01  -1.0 1.57e+01    -  1.43e-02 1.56e-05f  1
   2  6.4034815e+06 1.47e+01 8.37e+01  -1.0 1.59e+01  -4.0 3.14e-03 1.95e-02f  1
   3  6.3703777e+06 1.37e+01 8.32e+01  -1.0 1.44e+01  -4.5 1.61e-02 6.59e-02f  1
   4  5.5935935e+06 1.30e+01 8.00e+01  -1.0 1.34e+01  -5.0 4.12e-02 5.42e-02f  1
   5  4.5571886e+06 1.06e+01 7.21e+01  -1.0 1.26e+01  -5.4 1.11e-01 1.89e-01f  1
   6  2.8080480e+06 7.36e+00 3.63e+01  -1.0 4.39e+01    -  5.33e-01 3.03e-01f  1
   7  2.0260080e+06 4.90e+00 2.42e+01  -1.0 7.11e+00  -5.9 6.54e-01 3.34e-01f  1
   8  2.0166790e+06 4.86e+00 6.51e+01  -1.0 2.55e+01    -  4.95e-02 6.63e-03f  1
   9  2.0154346e+06 4.86e+00 2.32e+03  -1.0 4.47e+00  -6.4 3.60e-02 5.00e-04h  1
iter    objective    inf_pr   inf_du lg(mu)  ||d||  lg(rg) alpha_du alpha_pr  ls
  10  2.0126241e+06 4.86e+00 7.79e+04  -1.0 4.73e+01    -  2.24e-02 6.60e-04h  1
  11  2.0124722e+06 4.86e+00 8.02e+07  -1.0 1.30e+02    -  2.93e-02 2.90e-05h  1
  12r 2.0124722e+06 4.86e+00 1.00e+03   0.7 0.00e+00    -  0.00e+00 1.76e-07R  2
  13r 2.0762270e+06 4.76e+00 9.99e+02   0.7 1.56e+03    -  3.97e-03 6.58e-04f  1
  14r 2.3598827e+06 4.76e+00 9.95e+02   0.7 9.81e+02    -  9.06e-03 3.87e-03f  1
  15r 2.6714877e+06 4.75e+00 9.89e+02   0.7 1.54e+02    -  3.33e-02 6.82e-03f  1
  16r 3.8151195e+06 4.74e+00 9.66e+02   0.7 2.21e+01    -  1.39e-01 2.27e-02f  1
  17r 1.4091394e+07 4.72e+00 7.98e+02   0.7 2.63e+01    -  8.17e-01 1.74e-01f  1
  18r 7.1909828e+07 4.70e+00 4.20e+02   0.7 1.29e+01    -  3.24e-01 4.74e-01f  1
  19r 7.5890359e+07 4.67e+00 7.33e+01  -0.0 2.29e+00    -  6.63e-01 9.62e-01f  1
iter    objective    inf_pr   inf_du lg(mu)  ||d||  lg(rg) alpha_du alpha_pr  ls
  20r 8.6021991e+07 4.64e+00 6.11e-01  -0.0 2.06e+00    -  9.96e-01 1.00e+00f  1
  21r 8.2701220e+07 4.08e+00 2.50e+01  -0.7 2.92e+00    -  5.60e-01 1.00e+00f  1
  22  8.2192352e+07 4.08e+00 9.97e+01  -1.0 5.77e+01    -  9.08e-03 2.01e-04f  1
  23  8.2186181e+07 4.08e+00 1.72e+05  -1.0 7.82e+01    -  1.76e-02 2.49e-06f  2
  24  8.2184670e+07 4.08e+00 1.61e+08  -1.0 5.98e+02    -  2.40e-03 6.37e-07f  3
  25r 8.2184670e+07 4.08e+00 1.00e+03   0.6 0.00e+00    -  0.00e+00 4.79e-07R  3
  26r 8.5322133e+07 4.07e+00 9.72e+02   0.6 9.15e+00    -  5.46e-01 2.75e-02f  1
  27r 1.0015745e+08 3.45e+00 2.20e+02   0.6 6.87e+00    -  9.91e-01 7.74e-01f  1
  28r 9.7654263e+07 3.53e+00 7.11e+01  -0.1 9.62e-01    -  5.53e-01 9.64e-01f  1
  29r 9.5038705e+07 3.37e+00 8.16e-06  -0.1 4.36e+00    -  1.00e+00 1.00e+00f  1
iter    objective    inf_pr   inf_du lg(mu)  ||d||  lg(rg) alpha_du alpha_pr  ls
  30r 9.1905846e+07 3.72e+00 2.24e+01  -1.5 1.59e+00    -  5.80e-01 9.61e-01f  1
  31r 9.1109009e+07 3.74e+00 2.88e+00  -1.5 2.45e-01    -  9.03e-01 1.00e+00f  1
  32r 8.9528200e+07 3.78e+00 3.26e-07  -1.5 6.15e-01    -  1.00e+00 1.00e+00f  1
  33r 8.6382447e+07 3.99e+00 7.27e-01  -3.3 9.07e-01    -  7.95e-01 1.00e+00f  1
  34r 8.5945397e+07 4.01e+00 4.53e-09  -3.3 3.72e-02    -  1.00e+00 1.00e+00f  1
  35r 8.3814470e+07 4.07e+00 7.37e-03  -5.0 1.97e-01    -  8.50e-01 1.00e+00f  1

Number of Iterations....: 35

                                   (scaled)                 (unscaled)
Objective...............:   8.3427635950258227e+03    8.3427635950258225e+07
Dual infeasibility......:   1.0000001400833970e+02    1.0000001400833970e+06
Constraint violation....:   4.0711253704403134e+00    4.0711253704403134e+00
Variable bound violation:   8.8678360654625976e-08    8.8678360654625976e-08
Complementarity.........:   1.7013266868090971e-05    1.7013266868090970e-01
Overall NLP error.......:   1.0000001400833970e+02    1.0000001400833970e+06


Number of objective function evaluations             = 45
Number of objective gradient evaluations             = 19
Number of equality constraint evaluations            = 45
Number of inequality constraint evaluations          = 45
Number of equality constraint Jacobian evaluations   = 1
Number of inequality constraint Jacobian evaluations = 1
Number of Lagrangian Hessian evaluations             = 2
Total seconds in IPOPT                               = 0.248

EXIT: Converged to a point of local infeasibility. Problem may be infeasible.
